Starting batch job

G20.5: computing wp in 14 bins from 1.0 to 200.0 on a log scale...

Pixels masked by MC but not already by selfunc: 0
G20.5_zmin0.0zmax1.0_Lmax-20.0: 0.14              278433 vs 324336
[Warning] The CPU supports AVX512F but the compiler does not.  Can you try another compiler?
/home/groups/tabel/mahlet/quaia-env/lib/python3.10/site-packages/Corrfunc/utils.py:918: UserWarning: One or more input array has non-native endianness!  A copy will be made with the correct endianness.
  warnings.warn("One or more input array has non-native endianness!  A copy will"\
saved to _G20.5_rmin1.0_rmax200.0_nbins14_pimax80_zmin0.0zmax1.0_Lmax-20.0_Planck_b20
Pixels masked by MC but not already by selfunc: 0
G20.5_zmin0.0zmax1.0_Lmax-25.0: 0.25              41253 vs 55261
/home/groups/tabel/mahlet/quaia-env/lib/python3.10/site-packages/Corrfunc/utils.py:918: UserWarning: One or more input array has non-native endianness!  A copy will be made with the correct endianness.
  warnings.warn("One or more input array has non-native endianness!  A copy will"\
saved to _G20.5_rmin1.0_rmax200.0_nbins14_pimax80_zmin0.0zmax1.0_Lmax-25.0_Planck_b20
Pixels masked by MC but not already by selfunc: 0
G20.5_zmin0.0zmax1.0_Lmax-26.0: 0.31              8629 vs 12557
/home/groups/tabel/mahlet/quaia-env/lib/python3.10/site-packages/Corrfunc/utils.py:918: UserWarning: One or more input array has non-native endianness!  A copy will be made with the correct endianness.
  warnings.warn("One or more input array has non-native endianness!  A copy will"\
saved to _G20.5_rmin1.0_rmax200.0_nbins14_pimax80_zmin0.0zmax1.0_Lmax-26.0_Planck_b20
Pixels masked by MC but not already by selfunc: 0
G20.5_zmin0.0zmax1.0_Lmax-27.0: 0.39              1171 vs 1922
/home/groups/tabel/mahlet/quaia-env/lib/python3.10/site-packages/Corrfunc/utils.py:918: UserWarning: One or more input array has non-native endianness!  A copy will be made with the correct endianness.
  warnings.warn("One or more input array has non-native endianness!  A copy will"\
/oak/stanford/orgs/kipac/users/mahlet/quaia_bias/scripts/quaia.py:1103: RuntimeWarning: invalid value encountered in scalar divide
  rpavg = [np.sum((DD_counts['rpavg']*DD_counts['npairs'])[DD_counts['rmin']==i])/np.sum(DD_counts['npairs'][DD_counts['rmin']==i])
saved to _G20.5_rmin1.0_rmax200.0_nbins14_pimax80_zmin0.0zmax1.0_Lmax-27.0_Planck_b20
Pixels masked by MC but not already by selfunc: 0
G20.5_zmin1.0zmax2.0_Lmax-20.0: 0.12              571524 vs 648196
/home/groups/tabel/mahlet/quaia-env/lib/python3.10/site-packages/Corrfunc/utils.py:918: UserWarning: One or more input array has non-native endianness!  A copy will be made with the correct endianness.
  warnings.warn("One or more input array has non-native endianness!  A copy will"\
saved to _G20.5_rmin1.0_rmax200.0_nbins14_pimax80_zmin1.0zmax2.0_Lmax-20.0_Planck_b20
Pixels masked by MC but not already by selfunc: 0
G20.5_zmin1.0zmax2.0_Lmax-25.0: 0.14              433590 vs 502242
/home/groups/tabel/mahlet/quaia-env/lib/python3.10/site-packages/Corrfunc/utils.py:918: UserWarning: One or more input array has non-native endianness!  A copy will be made with the correct endianness.
  warnings.warn("One or more input array has non-native endianness!  A copy will"\
saved to _G20.5_rmin1.0_rmax200.0_nbins14_pimax80_zmin1.0zmax2.0_Lmax-25.0_Planck_b20
Pixels masked by MC but not already by selfunc: 0
G20.5_zmin1.0zmax2.0_Lmax-26.0: 0.19              149900 vs 185134
/home/groups/tabel/mahlet/quaia-env/lib/python3.10/site-packages/Corrfunc/utils.py:918: UserWarning: One or more input array has non-native endianness!  A copy will be made with the correct endianness.
  warnings.warn("One or more input array has non-native endianness!  A copy will"\
saved to _G20.5_rmin1.0_rmax200.0_nbins14_pimax80_zmin1.0zmax2.0_Lmax-26.0_Planck_b20
Pixels masked by MC but not already by selfunc: 0
G20.5_zmin1.0zmax2.0_Lmax-27.0: 0.25              29212 vs 38757
/home/groups/tabel/mahlet/quaia-env/lib/python3.10/site-packages/Corrfunc/utils.py:918: UserWarning: One or more input array has non-native endianness!  A copy will be made with the correct endianness.
  warnings.warn("One or more input array has non-native endianness!  A copy will"\
saved to _G20.5_rmin1.0_rmax200.0_nbins14_pimax80_zmin1.0zmax2.0_Lmax-27.0_Planck_b20
Pixels masked by MC but not already by selfunc: 0
G20.5_zmin2.0zmax3.0_Lmax-20.0: 0.10              258201 vs 286508
/home/groups/tabel/mahlet/quaia-env/lib/python3.10/site-packages/Corrfunc/utils.py:918: UserWarning: One or more input array has non-native endianness!  A copy will be made with the correct endianness.
  warnings.warn("One or more input array has non-native endianness!  A copy will"\
saved to _G20.5_rmin1.0_rmax200.0_nbins14_pimax80_zmin2.0zmax3.0_Lmax-20.0_Planck_b20
Pixels masked by MC but not already by selfunc: 0
G20.5_zmin2.0zmax3.0_Lmax-25.0: 0.10              258201 vs 286508
/home/groups/tabel/mahlet/quaia-env/lib/python3.10/site-packages/Corrfunc/utils.py:918: UserWarning: One or more input array has non-native endianness!  A copy will be made with the correct endianness.
  warnings.warn("One or more input array has non-native endianness!  A copy will"\
saved to _G20.5_rmin1.0_rmax200.0_nbins14_pimax80_zmin2.0zmax3.0_Lmax-25.0_Planck_b20
Pixels masked by MC but not already by selfunc: 0
G20.5_zmin2.0zmax3.0_Lmax-26.0: 0.11              231983 vs 259755
/home/groups/tabel/mahlet/quaia-env/lib/python3.10/site-packages/Corrfunc/utils.py:918: UserWarning: One or more input array has non-native endianness!  A copy will be made with the correct endianness.
  warnings.warn("One or more input array has non-native endianness!  A copy will"\
saved to _G20.5_rmin1.0_rmax200.0_nbins14_pimax80_zmin2.0zmax3.0_Lmax-26.0_Planck_b20
Pixels masked by MC but not already by selfunc: 0
G20.5_zmin2.0zmax3.0_Lmax-27.0: 0.16              86161 vs 103123
/home/groups/tabel/mahlet/quaia-env/lib/python3.10/site-packages/Corrfunc/utils.py:918: UserWarning: One or more input array has non-native endianness!  A copy will be made with the correct endianness.
  warnings.warn("One or more input array has non-native endianness!  A copy will"\
saved to _G20.5_rmin1.0_rmax200.0_nbins14_pimax80_zmin2.0zmax3.0_Lmax-27.0_Planck_b20
Pixels masked by MC but not already by selfunc: 0
G20.5_zmin3.0zmax4.6_Lmax-20.0: 0.07              33924 vs 36458
/home/groups/tabel/mahlet/quaia-env/lib/python3.10/site-packages/Corrfunc/utils.py:918: UserWarning: One or more input array has non-native endianness!  A copy will be made with the correct endianness.
  warnings.warn("One or more input array has non-native endianness!  A copy will"\
saved to _G20.5_rmin1.0_rmax200.0_nbins14_pimax80_zmin3.0zmax4.6_Lmax-20.0_Planck_b20
Pixels masked by MC but not already by selfunc: 0
G20.5_zmin3.0zmax4.6_Lmax-25.0: 0.07              33924 vs 36458
/home/groups/tabel/mahlet/quaia-env/lib/python3.10/site-packages/Corrfunc/utils.py:918: UserWarning: One or more input array has non-native endianness!  A copy will be made with the correct endianness.
  warnings.warn("One or more input array has non-native endianness!  A copy will"\
saved to _G20.5_rmin1.0_rmax200.0_nbins14_pimax80_zmin3.0zmax4.6_Lmax-25.0_Planck_b20
Pixels masked by MC but not already by selfunc: 0
G20.5_zmin3.0zmax4.6_Lmax-26.0: 0.07              33924 vs 36458
/home/groups/tabel/mahlet/quaia-env/lib/python3.10/site-packages/Corrfunc/utils.py:918: UserWarning: One or more input array has non-native endianness!  A copy will be made with the correct endianness.
  warnings.warn("One or more input array has non-native endianness!  A copy will"\
saved to _G20.5_rmin1.0_rmax200.0_nbins14_pimax80_zmin3.0zmax4.6_Lmax-26.0_Planck_b20
Pixels masked by MC but not already by selfunc: 0
G20.5_zmin3.0zmax4.6_Lmax-27.0: 0.08              26567 vs 28981
/home/groups/tabel/mahlet/quaia-env/lib/python3.10/site-packages/Corrfunc/utils.py:918: UserWarning: One or more input array has non-native endianness!  A copy will be made with the correct endianness.
  warnings.warn("One or more input array has non-native endianness!  A copy will"\
saved to _G20.5_rmin1.0_rmax200.0_nbins14_pimax80_zmin3.0zmax4.6_Lmax-27.0_Planck_b20
done!
