Starting batch job

G20.0: computing wp in 30 bins from 30.0 to 180.0 on a linear scale...

Pixels masked by MC but not already by selfunc: 1481
G20.0_zmin0.0zmax1.0_Lmax-20.0: 0.33              134607 vs 200785
[Warning] The CPU supports AVX512F but the compiler does not.  Can you try another compiler?
/home/groups/tabel/mahlet/pyccl-env/lib/python3.12/site-packages/Corrfunc/utils.py:918: UserWarning: One or more input array has non-native endianness!  A copy will be made with the correct endianness.
  warnings.warn("One or more input array has non-native endianness!  A copy will"\
saved to _G20.0_rmin30.0_rmax180.0_nbins30_pimax80_zmin0.0zmax1.0_Lmax-20.0_Planck_MC_b30
Pixels masked by MC but not already by selfunc: 424
G20.0_zmin0.0zmax1.0_Lmax-25.0: 0.44              29127 vs 51805
/home/groups/tabel/mahlet/pyccl-env/lib/python3.12/site-packages/Corrfunc/utils.py:918: UserWarning: One or more input array has non-native endianness!  A copy will be made with the correct endianness.
  warnings.warn("One or more input array has non-native endianness!  A copy will"\
saved to _G20.0_rmin30.0_rmax180.0_nbins30_pimax80_zmin0.0zmax1.0_Lmax-25.0_Planck_MC_b30
Pixels masked by MC but not already by selfunc: 111
G20.0_zmin0.0zmax1.0_Lmax-26.0: 0.50              5926 vs 11946
/home/groups/tabel/mahlet/pyccl-env/lib/python3.12/site-packages/Corrfunc/utils.py:918: UserWarning: One or more input array has non-native endianness!  A copy will be made with the correct endianness.
  warnings.warn("One or more input array has non-native endianness!  A copy will"\
saved to _G20.0_rmin30.0_rmax180.0_nbins30_pimax80_zmin0.0zmax1.0_Lmax-26.0_Planck_MC_b30
Pixels masked by MC but not already by selfunc: 30
G20.0_zmin0.0zmax1.0_Lmax-27.0: 0.58              756 vs 1807
/home/groups/tabel/mahlet/pyccl-env/lib/python3.12/site-packages/Corrfunc/utils.py:918: UserWarning: One or more input array has non-native endianness!  A copy will be made with the correct endianness.
  warnings.warn("One or more input array has non-native endianness!  A copy will"\
saved to _G20.0_rmin30.0_rmax180.0_nbins30_pimax80_zmin0.0zmax1.0_Lmax-27.0_Planck_MC_b30
Pixels masked by MC but not already by selfunc: 2674
G20.0_zmin1.0zmax2.0_Lmax-20.0: 0.31              256615 vs 369335
/home/groups/tabel/mahlet/pyccl-env/lib/python3.12/site-packages/Corrfunc/utils.py:918: UserWarning: One or more input array has non-native endianness!  A copy will be made with the correct endianness.
  warnings.warn("One or more input array has non-native endianness!  A copy will"\
saved to _G20.0_rmin30.0_rmax180.0_nbins30_pimax80_zmin1.0zmax2.0_Lmax-20.0_Planck_MC_b30
Pixels masked by MC but not already by selfunc: 2520
G20.0_zmin1.0zmax2.0_Lmax-25.0: 0.32              234422 vs 343295
/home/groups/tabel/mahlet/pyccl-env/lib/python3.12/site-packages/Corrfunc/utils.py:918: UserWarning: One or more input array has non-native endianness!  A copy will be made with the correct endianness.
  warnings.warn("One or more input array has non-native endianness!  A copy will"\
saved to _G20.0_rmin30.0_rmax180.0_nbins30_pimax80_zmin1.0zmax2.0_Lmax-25.0_Planck_MC_b30
Pixels masked by MC but not already by selfunc: 1365
G20.0_zmin1.0zmax2.0_Lmax-26.0: 0.38              106078 vs 170985
/home/groups/tabel/mahlet/pyccl-env/lib/python3.12/site-packages/Corrfunc/utils.py:918: UserWarning: One or more input array has non-native endianness!  A copy will be made with the correct endianness.
  warnings.warn("One or more input array has non-native endianness!  A copy will"\
saved to _G20.0_rmin30.0_rmax180.0_nbins30_pimax80_zmin1.0zmax2.0_Lmax-26.0_Planck_MC_b30
Pixels masked by MC but not already by selfunc: 325
G20.0_zmin1.0zmax2.0_Lmax-27.0: 0.46              20092 vs 36950
/home/groups/tabel/mahlet/pyccl-env/lib/python3.12/site-packages/Corrfunc/utils.py:918: UserWarning: One or more input array has non-native endianness!  A copy will be made with the correct endianness.
  warnings.warn("One or more input array has non-native endianness!  A copy will"\
saved to _G20.0_rmin30.0_rmax180.0_nbins30_pimax80_zmin1.0zmax2.0_Lmax-27.0_Planck_MC_b30
Pixels masked by MC but not already by selfunc: 1260
G20.0_zmin2.0zmax3.0_Lmax-20.0: 0.29              117982 vs 165277
/home/groups/tabel/mahlet/pyccl-env/lib/python3.12/site-packages/Corrfunc/utils.py:918: UserWarning: One or more input array has non-native endianness!  A copy will be made with the correct endianness.
  warnings.warn("One or more input array has non-native endianness!  A copy will"\
saved to _G20.0_rmin30.0_rmax180.0_nbins30_pimax80_zmin2.0zmax3.0_Lmax-20.0_Planck_MC_b30
Pixels masked by MC but not already by selfunc: 1260
G20.0_zmin2.0zmax3.0_Lmax-25.0: 0.29              117982 vs 165277
/home/groups/tabel/mahlet/pyccl-env/lib/python3.12/site-packages/Corrfunc/utils.py:918: UserWarning: One or more input array has non-native endianness!  A copy will be made with the correct endianness.
  warnings.warn("One or more input array has non-native endianness!  A copy will"\
saved to _G20.0_rmin30.0_rmax180.0_nbins30_pimax80_zmin2.0zmax3.0_Lmax-25.0_Planck_MC_b30
Pixels masked by MC but not already by selfunc: 1260
G20.0_zmin2.0zmax3.0_Lmax-26.0: 0.29              117813 vs 165108
/home/groups/tabel/mahlet/pyccl-env/lib/python3.12/site-packages/Corrfunc/utils.py:918: UserWarning: One or more input array has non-native endianness!  A copy will be made with the correct endianness.
  warnings.warn("One or more input array has non-native endianness!  A copy will"\
saved to _G20.0_rmin30.0_rmax180.0_nbins30_pimax80_zmin2.0zmax3.0_Lmax-26.0_Planck_MC_b30
Pixels masked by MC but not already by selfunc: 780
G20.0_zmin2.0zmax3.0_Lmax-27.0: 0.35              62351 vs 96220
/home/groups/tabel/mahlet/pyccl-env/lib/python3.12/site-packages/Corrfunc/utils.py:918: UserWarning: One or more input array has non-native endianness!  A copy will be made with the correct endianness.
  warnings.warn("One or more input array has non-native endianness!  A copy will"\
saved to _G20.0_rmin30.0_rmax180.0_nbins30_pimax80_zmin2.0zmax3.0_Lmax-27.0_Planck_MC_b30
Pixels masked by MC but not already by selfunc: 164
G20.0_zmin3.0zmax4.6_Lmax-20.0: 0.24              15579 vs 20451
/home/groups/tabel/mahlet/pyccl-env/lib/python3.12/site-packages/Corrfunc/utils.py:918: UserWarning: One or more input array has non-native endianness!  A copy will be made with the correct endianness.
  warnings.warn("One or more input array has non-native endianness!  A copy will"\
saved to _G20.0_rmin30.0_rmax180.0_nbins30_pimax80_zmin3.0zmax4.6_Lmax-20.0_Planck_MC_b30
Pixels masked by MC but not already by selfunc: 164
G20.0_zmin3.0zmax4.6_Lmax-25.0: 0.24              15579 vs 20451
/home/groups/tabel/mahlet/pyccl-env/lib/python3.12/site-packages/Corrfunc/utils.py:918: UserWarning: One or more input array has non-native endianness!  A copy will be made with the correct endianness.
  warnings.warn("One or more input array has non-native endianness!  A copy will"\
saved to _G20.0_rmin30.0_rmax180.0_nbins30_pimax80_zmin3.0zmax4.6_Lmax-25.0_Planck_MC_b30
Pixels masked by MC but not already by selfunc: 164
G20.0_zmin3.0zmax4.6_Lmax-26.0: 0.24              15579 vs 20451
/home/groups/tabel/mahlet/pyccl-env/lib/python3.12/site-packages/Corrfunc/utils.py:918: UserWarning: One or more input array has non-native endianness!  A copy will be made with the correct endianness.
  warnings.warn("One or more input array has non-native endianness!  A copy will"\
saved to _G20.0_rmin30.0_rmax180.0_nbins30_pimax80_zmin3.0zmax4.6_Lmax-26.0_Planck_MC_b30
Pixels masked by MC but not already by selfunc: 164
G20.0_zmin3.0zmax4.6_Lmax-27.0: 0.24              15507 vs 20379
/home/groups/tabel/mahlet/pyccl-env/lib/python3.12/site-packages/Corrfunc/utils.py:918: UserWarning: One or more input array has non-native endianness!  A copy will be made with the correct endianness.
  warnings.warn("One or more input array has non-native endianness!  A copy will"\
saved to _G20.0_rmin30.0_rmax180.0_nbins30_pimax80_zmin3.0zmax4.6_Lmax-27.0_Planck_MC_b30
done!
Exception ignored in: <function Cosmology.__del__ at 0x7fbea5275760>
Traceback (most recent call last):
  File "/home/groups/tabel/mahlet/pyccl-env/lib/python3.12/site-packages/pyccl/cosmology.py", line 464, in __del__
TypeError: 'NoneType' object is not callable

G20.5: computing wp in 30 bins from 30.0 to 180.0 on a linear scale...

0.6709456744076543
Pixels masked by MC but not already by selfunc: 40
G20.5_zmin0.0zmax1.0_Lmin-32.0Lmax-27.0: 0.34              1226 vs 1860
[Warning] The CPU supports AVX512F but the compiler does not.  Can you try another compiler?
/home/groups/tabel/mahlet/pyccl-env/lib/python3.12/site-packages/Corrfunc/utils.py:918: UserWarning: One or more input array has non-native endianness!  A copy will be made with the correct endianness.
  warnings.warn("One or more input array has non-native endianness!  A copy will"\
saved to _G20.5_rmin30.0_rmax180.0_nbins30_pimax80_zmin0.0zmax1.0_Lmin-32.0Lmax-27.0_Planck_MC_mask0.5
0.7859569731030145
Pixels masked by MC but not already by selfunc: 79
G20.5_zmin0.0zmax1.0_Lmin-27.0Lmax-26.0: 0.35              6731 vs 10412
/home/groups/tabel/mahlet/pyccl-env/lib/python3.12/site-packages/Corrfunc/utils.py:918: UserWarning: One or more input array has non-native endianness!  A copy will be made with the correct endianness.
  warnings.warn("One or more input array has non-native endianness!  A copy will"\
saved to _G20.5_rmin30.0_rmax180.0_nbins30_pimax80_zmin0.0zmax1.0_Lmin-27.0Lmax-26.0_Planck_MC_mask0.5
0.66414102486551
Pixels masked by MC but not already by selfunc: 427
G20.5_zmin0.0zmax1.0_Lmin-26.0Lmax-25.0: 0.38              25985 vs 41931
/home/groups/tabel/mahlet/pyccl-env/lib/python3.12/site-packages/Corrfunc/utils.py:918: UserWarning: One or more input array has non-native endianness!  A copy will be made with the correct endianness.
  warnings.warn("One or more input array has non-native endianness!  A copy will"\
saved to _G20.5_rmin30.0_rmax180.0_nbins30_pimax80_zmin0.0zmax1.0_Lmin-26.0Lmax-25.0_Planck_MC_mask0.5
0.6965252251651513
Pixels masked by MC but not already by selfunc: 1478
G20.5_zmin0.0zmax1.0_Lmin-25.0Lmax-20.0: 0.28              195497 vs 270122
/home/groups/tabel/mahlet/pyccl-env/lib/python3.12/site-packages/Corrfunc/utils.py:918: UserWarning: One or more input array has non-native endianness!  A copy will be made with the correct endianness.
  warnings.warn("One or more input array has non-native endianness!  A copy will"\
saved to _G20.5_rmin30.0_rmax180.0_nbins30_pimax80_zmin0.0zmax1.0_Lmin-25.0Lmax-20.0_Planck_MC_mask0.5
0.4746394559251704
Pixels masked by MC but not already by selfunc: 359
G20.5_zmin1.0zmax2.0_Lmin-32.0Lmax-27.0: 0.36              24195 vs 38015
/home/groups/tabel/mahlet/pyccl-env/lib/python3.12/site-packages/Corrfunc/utils.py:918: UserWarning: One or more input array has non-native endianness!  A copy will be made with the correct endianness.
  warnings.warn("One or more input array has non-native endianness!  A copy will"\
saved to _G20.5_rmin30.0_rmax180.0_nbins30_pimax80_zmin1.0zmax2.0_Lmin-32.0Lmax-27.0_Planck_MC_mask0.5
0.6665366114860157
Pixels masked by MC but not already by selfunc: 1364
G20.5_zmin1.0zmax2.0_Lmin-27.0Lmax-26.0: 0.35              93381 vs 144714
/home/groups/tabel/mahlet/pyccl-env/lib/python3.12/site-packages/Corrfunc/utils.py:918: UserWarning: One or more input array has non-native endianness!  A copy will be made with the correct endianness.
  warnings.warn("One or more input array has non-native endianness!  A copy will"\
saved to _G20.5_rmin30.0_rmax180.0_nbins30_pimax80_zmin1.0zmax2.0_Lmin-27.0Lmax-26.0_Planck_MC_mask0.5
0.7575648099713835
Pixels masked by MC but not already by selfunc: 1710
G20.5_zmin1.0zmax2.0_Lmin-26.0Lmax-25.0: 0.27              230272 vs 316132
/home/groups/tabel/mahlet/pyccl-env/lib/python3.12/site-packages/Corrfunc/utils.py:918: UserWarning: One or more input array has non-native endianness!  A copy will be made with the correct endianness.
  warnings.warn("One or more input array has non-native endianness!  A copy will"\
saved to _G20.5_rmin30.0_rmax180.0_nbins30_pimax80_zmin1.0zmax2.0_Lmin-26.0Lmax-25.0_Planck_MC_mask0.5
0.5015072332698005
Pixels masked by MC but not already by selfunc: 879
G20.5_zmin1.0zmax2.0_Lmin-25.0Lmax-20.0: 0.14              127856 vs 149321
/home/groups/tabel/mahlet/pyccl-env/lib/python3.12/site-packages/Corrfunc/utils.py:918: UserWarning: One or more input array has non-native endianness!  A copy will be made with the correct endianness.
  warnings.warn("One or more input array has non-native endianness!  A copy will"\
saved to _G20.5_rmin30.0_rmax180.0_nbins30_pimax80_zmin1.0zmax2.0_Lmin-25.0Lmax-20.0_Planck_MC_mask0.5
0.7780317250064117
Pixels masked by MC but not already by selfunc: 994
G20.5_zmin2.0zmax3.0_Lmin-32.0Lmax-27.0: 0.35              66160 vs 102196
/home/groups/tabel/mahlet/pyccl-env/lib/python3.12/site-packages/Corrfunc/utils.py:918: UserWarning: One or more input array has non-native endianness!  A copy will be made with the correct endianness.
  warnings.warn("One or more input array has non-native endianness!  A copy will"\
saved to _G20.5_rmin30.0_rmax180.0_nbins30_pimax80_zmin2.0zmax3.0_Lmin-32.0Lmax-27.0_Planck_MC_mask0.5
0.66976146372586
Pixels masked by MC but not already by selfunc: 1834
G20.5_zmin2.0zmax3.0_Lmin-27.0Lmax-26.0: 0.20              125226 vs 156795
/home/groups/tabel/mahlet/pyccl-env/lib/python3.12/site-packages/Corrfunc/utils.py:918: UserWarning: One or more input array has non-native endianness!  A copy will be made with the correct endianness.
  warnings.warn("One or more input array has non-native endianness!  A copy will"\
saved to _G20.5_rmin30.0_rmax180.0_nbins30_pimax80_zmin2.0zmax3.0_Lmin-27.0Lmax-26.0_Planck_MC_mask0.5
0.5950351854494722
Pixels masked by MC but not already by selfunc: 172
G20.5_zmin2.0zmax3.0_Lmin-26.0Lmax-25.0: 0.15              23333 vs 27504
/home/groups/tabel/mahlet/pyccl-env/lib/python3.12/site-packages/Corrfunc/utils.py:918: UserWarning: One or more input array has non-native endianness!  A copy will be made with the correct endianness.
  warnings.warn("One or more input array has non-native endianness!  A copy will"\
saved to _G20.5_rmin30.0_rmax180.0_nbins30_pimax80_zmin2.0zmax3.0_Lmin-26.0Lmax-25.0_Planck_MC_mask0.5
cannot apply a selection function-based mask before computing the selection function in this bin
0.9271432223766355
Pixels masked by MC but not already by selfunc: 222
G20.5_zmin3.0zmax4.6_Lmin-32.0Lmax-27.0: 0.26              21464 vs 28856
/home/groups/tabel/mahlet/pyccl-env/lib/python3.12/site-packages/Corrfunc/utils.py:918: UserWarning: One or more input array has non-native endianness!  A copy will be made with the correct endianness.
  warnings.warn("One or more input array has non-native endianness!  A copy will"\
saved to _G20.5_rmin30.0_rmax180.0_nbins30_pimax80_zmin3.0zmax4.6_Lmin-32.0Lmax-27.0_Planck_MC_mask0.5
0.8409351197835802
Pixels masked by MC but not already by selfunc: 19
G20.5_zmin3.0zmax4.6_Lmin-27.0Lmax-26.0: 0.23              5872 vs 7600
/home/groups/tabel/mahlet/pyccl-env/lib/python3.12/site-packages/Corrfunc/utils.py:918: UserWarning: One or more input array has non-native endianness!  A copy will be made with the correct endianness.
  warnings.warn("One or more input array has non-native endianness!  A copy will"\
saved to _G20.5_rmin30.0_rmax180.0_nbins30_pimax80_zmin3.0zmax4.6_Lmin-27.0Lmax-26.0_Planck_MC_mask0.5
cannot apply a selection function-based mask before computing the selection function in this bin
cannot apply a selection function-based mask before computing the selection function in this bin
done!
Exception ignored in: <function Cosmology.__del__ at 0x7f56b7d19f80>
Traceback (most recent call last):
  File "/home/groups/tabel/mahlet/pyccl-env/lib/python3.12/site-packages/pyccl/cosmology.py", line 464, in __del__
TypeError: 'NoneType' object is not callable
