Starting batch job

G20.5: computing wtheta in 20 bins from 0.001 to 10.0 on a log scale...

Pixels masked by MC but not already by selfunc: 35
G20.5_zmin0.0zmax1.0_Lmin-32.0Lmax-27.0: 0.59              754 vs 1860
/home/groups/tabel/mahlet/pyccl-env/lib/python3.12/site-packages/Corrfunc/utils.py:918: UserWarning: One or more input array has non-native endianness!  A copy will be made with the correct endianness.
  warnings.warn("One or more input array has non-native endianness!  A copy will"\
DD: 0.003084
DR: 0.016329
RR: 0.013725
saved to _G20.5_rmin0.001_rmax10.0_nbins20_zmin0.0zmax1.0_Lmax-20.0_Planck_MC_b30
Pixels masked by MC but not already by selfunc: 88
G20.5_zmin0.0zmax1.0_Lmin-27.0Lmax-26.0: 0.50              5182 vs 10412
/home/groups/tabel/mahlet/pyccl-env/lib/python3.12/site-packages/Corrfunc/utils.py:918: UserWarning: One or more input array has non-native endianness!  A copy will be made with the correct endianness.
  warnings.warn("One or more input array has non-native endianness!  A copy will"\
DD: 0.005755
DR: 0.046695
RR: 0.089528
saved to _G20.5_rmin0.001_rmax10.0_nbins20_zmin0.0zmax1.0_Lmax-25.0_Planck_MC_b30
Pixels masked by MC but not already by selfunc: 356
G20.5_zmin0.0zmax1.0_Lmin-26.0Lmax-25.0: 0.44              23434 vs 41931
/home/groups/tabel/mahlet/pyccl-env/lib/python3.12/site-packages/Corrfunc/utils.py:918: UserWarning: One or more input array has non-native endianness!  A copy will be made with the correct endianness.
  warnings.warn("One or more input array has non-native endianness!  A copy will"\
DD: 0.01159
DR: 0.21794800000000003
RR: 0.7497750000000001
saved to _G20.5_rmin0.001_rmax10.0_nbins20_zmin0.0zmax1.0_Lmax-26.0_Planck_MC_b30
Pixels masked by MC but not already by selfunc: 1984
G20.5_zmin0.0zmax1.0_Lmin-25.0Lmax-20.0: 0.30              188995 vs 270122
/home/groups/tabel/mahlet/pyccl-env/lib/python3.12/site-packages/Corrfunc/utils.py:918: UserWarning: One or more input array has non-native endianness!  A copy will be made with the correct endianness.
  warnings.warn("One or more input array has non-native endianness!  A copy will"\
DD: 0.1123010000000001
DR: 4.809151
RR: 39.462644
saved to _G20.5_rmin0.001_rmax10.0_nbins20_zmin0.0zmax1.0_Lmax-27.0_Planck_MC_b30
Pixels masked by MC but not already by selfunc: 365
G20.5_zmin1.0zmax2.0_Lmin-32.0Lmax-27.0: 0.46              20349 vs 38015
/home/groups/tabel/mahlet/pyccl-env/lib/python3.12/site-packages/Corrfunc/utils.py:918: UserWarning: One or more input array has non-native endianness!  A copy will be made with the correct endianness.
  warnings.warn("One or more input array has non-native endianness!  A copy will"\
DD: 0.012853999999999999
DR: 0.19681700000000002
RR: 0.640976
saved to _G20.5_rmin0.001_rmax10.0_nbins20_zmin1.0zmax2.0_Lmax-20.0_Planck_MC_b30
Pixels masked by MC but not already by selfunc: 1173
G20.5_zmin1.0zmax2.0_Lmin-27.0Lmax-26.0: 0.39              88880 vs 144714
/home/groups/tabel/mahlet/pyccl-env/lib/python3.12/site-packages/Corrfunc/utils.py:918: UserWarning: One or more input array has non-native endianness!  A copy will be made with the correct endianness.
  warnings.warn("One or more input array has non-native endianness!  A copy will"\
DD: 0.040184
DR: 1.333839
RR: 8.710624
saved to _G20.5_rmin0.001_rmax10.0_nbins20_zmin1.0zmax2.0_Lmax-25.0_Planck_MC_b30
Pixels masked by MC but not already by selfunc: 2268
G20.5_zmin1.0zmax2.0_Lmin-26.0Lmax-25.0: 0.29              224376 vs 316132
/home/groups/tabel/mahlet/pyccl-env/lib/python3.12/site-packages/Corrfunc/utils.py:918: UserWarning: One or more input array has non-native endianness!  A copy will be made with the correct endianness.
  warnings.warn("One or more input array has non-native endianness!  A copy will"\
DD: 0.1443230000000001
DR: 6.302473
RR: 56.000681
saved to _G20.5_rmin0.001_rmax10.0_nbins20_zmin1.0zmax2.0_Lmax-26.0_Planck_MC_b30
Pixels masked by MC but not already by selfunc: 971
G20.5_zmin1.0zmax2.0_Lmin-25.0Lmax-20.0: 0.20              119623 vs 149321
/home/groups/tabel/mahlet/pyccl-env/lib/python3.12/site-packages/Corrfunc/utils.py:918: UserWarning: One or more input array has non-native endianness!  A copy will be made with the correct endianness.
  warnings.warn("One or more input array has non-native endianness!  A copy will"\
DD: 0.05984
DR: 2.216299
RR: 14.753051
saved to _G20.5_rmin0.001_rmax10.0_nbins20_zmin1.0zmax2.0_Lmax-27.0_Planck_MC_b30
Pixels masked by MC but not already by selfunc: 1035
G20.5_zmin2.0zmax3.0_Lmin-32.0Lmax-27.0: 0.37              64134 vs 102196
/home/groups/tabel/mahlet/pyccl-env/lib/python3.12/site-packages/Corrfunc/utils.py:918: UserWarning: One or more input array has non-native endianness!  A copy will be made with the correct endianness.
  warnings.warn("One or more input array has non-native endianness!  A copy will"\
DD: 0.027961
DR: 0.849215
RR: 4.500289
saved to _G20.5_rmin0.001_rmax10.0_nbins20_zmin2.0zmax3.0_Lmax-20.0_Planck_MC_b30
Pixels masked by MC but not already by selfunc: 1522
G20.5_zmin2.0zmax3.0_Lmin-27.0Lmax-26.0: 0.24              119349 vs 156795
/home/groups/tabel/mahlet/pyccl-env/lib/python3.12/site-packages/Corrfunc/utils.py:918: UserWarning: One or more input array has non-native endianness!  A copy will be made with the correct endianness.
  warnings.warn("One or more input array has non-native endianness!  A copy will"\
DD: 0.058779
DR: 2.174466
RR: 15.535204
saved to _G20.5_rmin0.001_rmax10.0_nbins20_zmin2.0zmax3.0_Lmax-25.0_Planck_MC_b30
Pixels masked by MC but not already by selfunc: 199
G20.5_zmin2.0zmax3.0_Lmin-26.0Lmax-25.0: 0.12              24119 vs 27504
/home/groups/tabel/mahlet/pyccl-env/lib/python3.12/site-packages/Corrfunc/utils.py:918: UserWarning: One or more input array has non-native endianness!  A copy will be made with the correct endianness.
  warnings.warn("One or more input array has non-native endianness!  A copy will"\
DD: 0.013732
DR: 0.18817899999999999
RR: 0.486263
saved to _G20.5_rmin0.001_rmax10.0_nbins20_zmin2.0zmax3.0_Lmax-26.0_Planck_MC_b30
Random catalog is not computed, do not use output
Pixels masked by MC but not already by selfunc: 0
G20.5_zmin2.0zmax3.0_Lmin-25.0Lmax-20.0: nan              0 vs 0
/home/groups/tabel/mahlet/pyccl-env/lib/python3.12/site-packages/numpy/core/fromnumeric.py:3502: RuntimeWarning: Mean of empty slice.
  return mean(axis=axis, dtype=dtype, out=out, **kwargs)
/home/groups/tabel/mahlet/pyccl-env/lib/python3.12/site-packages/numpy/core/_methods.py:129: RuntimeWarning: invalid value encountered in scalar divide
  ret = ret.dtype.type(ret / rcount)
/home/groups/tabel/mahlet/pyccl-env/lib/python3.12/site-packages/Corrfunc/utils.py:918: UserWarning: One or more input array has non-native endianness!  A copy will be made with the correct endianness.
  warnings.warn("One or more input array has non-native endianness!  A copy will"\
min() iterable argument is empty
Pixels masked by MC but not already by selfunc: 256
G20.5_zmin3.0zmax4.6_Lmin-32.0Lmax-27.0: 0.26              21337 vs 28856
/home/groups/tabel/mahlet/pyccl-env/lib/python3.12/site-packages/Corrfunc/utils.py:918: UserWarning: One or more input array has non-native endianness!  A copy will be made with the correct endianness.
  warnings.warn("One or more input array has non-native endianness!  A copy will"\
DD: 0.010983999999999999
DR: 0.18767899999999998
RR: 0.503963
saved to _G20.5_rmin0.001_rmax10.0_nbins20_zmin3.0zmax4.6_Lmax-20.0_Planck_MC_b30
Pixels masked by MC but not already by selfunc: 49
G20.5_zmin3.0zmax4.6_Lmin-27.0Lmax-26.0: 0.12              6706 vs 7600
/home/groups/tabel/mahlet/pyccl-env/lib/python3.12/site-packages/Corrfunc/utils.py:918: UserWarning: One or more input array has non-native endianness!  A copy will be made with the correct endianness.
  warnings.warn("One or more input array has non-native endianness!  A copy will"\
DD: 0.005503
DR: 0.041073
RR: 0.061093999999999996
saved to _G20.5_rmin0.001_rmax10.0_nbins20_zmin3.0zmax4.6_Lmax-25.0_Planck_MC_b30
Random catalog is not computed, do not use output
Pixels masked by MC but not already by selfunc: 0
G20.5_zmin3.0zmax4.6_Lmin-26.0Lmax-25.0: nan              0 vs 0
/home/groups/tabel/mahlet/pyccl-env/lib/python3.12/site-packages/numpy/core/fromnumeric.py:3502: RuntimeWarning: Mean of empty slice.
  return mean(axis=axis, dtype=dtype, out=out, **kwargs)
/home/groups/tabel/mahlet/pyccl-env/lib/python3.12/site-packages/numpy/core/_methods.py:129: RuntimeWarning: invalid value encountered in scalar divide
  ret = ret.dtype.type(ret / rcount)
/home/groups/tabel/mahlet/pyccl-env/lib/python3.12/site-packages/Corrfunc/utils.py:918: UserWarning: One or more input array has non-native endianness!  A copy will be made with the correct endianness.
  warnings.warn("One or more input array has non-native endianness!  A copy will"\
min() iterable argument is empty
Random catalog is not computed, do not use output
Pixels masked by MC but not already by selfunc: 0
G20.5_zmin3.0zmax4.6_Lmin-25.0Lmax-20.0: nan              0 vs 0
/home/groups/tabel/mahlet/pyccl-env/lib/python3.12/site-packages/numpy/core/fromnumeric.py:3502: RuntimeWarning: Mean of empty slice.
  return mean(axis=axis, dtype=dtype, out=out, **kwargs)
/home/groups/tabel/mahlet/pyccl-env/lib/python3.12/site-packages/numpy/core/_methods.py:129: RuntimeWarning: invalid value encountered in scalar divide
  ret = ret.dtype.type(ret / rcount)
/home/groups/tabel/mahlet/pyccl-env/lib/python3.12/site-packages/Corrfunc/utils.py:918: UserWarning: One or more input array has non-native endianness!  A copy will be made with the correct endianness.
  warnings.warn("One or more input array has non-native endianness!  A copy will"\
min() iterable argument is empty
done!
Exception ignored in: <function Cosmology.__del__ at 0x7faa186a9760>
Traceback (most recent call last):
  File "/home/groups/tabel/mahlet/pyccl-env/lib/python3.12/site-packages/pyccl/cosmology.py", line 464, in __del__
TypeError: 'NoneType' object is not callable
