Starting batch job

G20.5: computing wtheta in 30 bins from 0.001 to 10.0 on a log scale for 50 jackknife regions...
--L: maxsplit

z: None split 4
L: None maxsplit 3
Pixels masked by MC but not already by selfunc: 895
G20.5_zsplit4bin0_Lmaxsplit3bin0: 0.42              62138 vs 107932
/home/groups/tabel/mahlet/quaia-env/lib/python3.10/site-packages/Corrfunc/utils.py:918: UserWarning: One or more input array has non-native endianness!  A copy will be made with the correct endianness.
  warnings.warn("One or more input array has non-native endianness!  A copy will"\
DD: 0.031436
DR: 0.7815110000000001
RR: 4.391213
'NoneType' object is not subscriptable
Pixels masked by MC but not already by selfunc: 1701
G20.5_zsplit4bin0_Lmaxsplit3bin1: 0.36              138193 vs 215863
/home/groups/tabel/mahlet/quaia-env/lib/python3.10/site-packages/Corrfunc/utils.py:918: UserWarning: One or more input array has non-native endianness!  A copy will be made with the correct endianness.
  warnings.warn("One or more input array has non-native endianness!  A copy will"\
DD: 0.066857
DR: 2.726329
RR: 20.96011
'NoneType' object is not subscriptable
Pixels masked by MC but not already by selfunc: 2465
G20.5_zsplit4bin0_Lmaxsplit3bin2: 0.33              218004 vs 323795
/home/groups/tabel/mahlet/quaia-env/lib/python3.10/site-packages/Corrfunc/utils.py:918: UserWarning: One or more input array has non-native endianness!  A copy will be made with the correct endianness.
  warnings.warn("One or more input array has non-native endianness!  A copy will"\
DD: 0.13238800000000006
DR: 5.907862
