Starting batch job

G20.5: computing wtheta in 30 bins from 0.001 to 10.0 on a log scale for 50 jackknife regions...
--L: split

z: None split 4
L: None split 4
Pixels masked by MC but not already by selfunc: 0
G20.5_zsplit4bin0_Lsplit4bin0: 0.86              11724 vs 80949
/home/groups/tabel/mahlet/quaia-env/lib/python3.10/site-packages/Corrfunc/utils.py:918: UserWarning: One or more input array has non-native endianness!  A copy will be made with the correct endianness.
  warnings.warn("One or more input array has non-native endianness!  A copy will"\
DD: 0.019195
DR: 0.12143999999999999
RR: 0.5676789999999999
'NoneType' object is not subscriptable
Pixels masked by MC but not already by selfunc: 0
G20.5_zsplit4bin0_Lsplit4bin1: 0.82              14296 vs 80948
/home/groups/tabel/mahlet/quaia-env/lib/python3.10/site-packages/Corrfunc/utils.py:918: UserWarning: One or more input array has non-native endianness!  A copy will be made with the correct endianness.
  warnings.warn("One or more input array has non-native endianness!  A copy will"\
DD: 0.007826999999999999
DR: 0.187827
RR: 0.919169
'NoneType' object is not subscriptable
Pixels masked by MC but not already by selfunc: 0
G20.5_zsplit4bin0_Lsplit4bin2: 0.77              18304 vs 80949
/home/groups/tabel/mahlet/quaia-env/lib/python3.10/site-packages/Corrfunc/utils.py:918: UserWarning: One or more input array has non-native endianness!  A copy will be made with the correct endianness.
  warnings.warn("One or more input array has non-native endianness!  A copy will"\
DD: 0.011056
DR: 0.214823
RR: 1.221755
'NoneType' object is not subscriptable
Pixels masked by MC but not already by selfunc: 0
G20.5_zsplit4bin0_Lsplit4bin3: 0.78              18163 vs 80949
/home/groups/tabel/mahlet/quaia-env/lib/python3.10/site-packages/Corrfunc/utils.py:918: UserWarning: One or more input array has non-native endianness!  A copy will be made with the correct endianness.
  warnings.warn("One or more input array has non-native endianness!  A copy will"\
DD: 0.010041
DR: 0.20583400000000007
RR: 0.960235
'NoneType' object is not subscriptable
[Errno 2] No such file or directory: '../data/quaia_G20.5_zsplit4bin0_Lsplit4bin4.fits'
Pixels masked by MC but not already by selfunc: 0
G20.5_zsplit4bin1_Lsplit4bin0: 0.85              11953 vs 80987
/home/groups/tabel/mahlet/quaia-env/lib/python3.10/site-packages/Corrfunc/utils.py:918: UserWarning: One or more input array has non-native endianness!  A copy will be made with the correct endianness.
  warnings.warn("One or more input array has non-native endianness!  A copy will"\
DD: 0.007519
DR: 0.142046
RR: 0.623063
'NoneType' object is not subscriptable
Pixels masked by MC but not already by selfunc: 0
G20.5_zsplit4bin1_Lsplit4bin1: 0.83              13889 vs 80987
/home/groups/tabel/mahlet/quaia-env/lib/python3.10/site-packages/Corrfunc/utils.py:918: UserWarning: One or more input array has non-native endianness!  A copy will be made with the correct endianness.
  warnings.warn("One or more input array has non-native endianness!  A copy will"\
DD: 0.008117
DR: 0.161658
RR: 0.719576
'NoneType' object is not subscriptable
Pixels masked by MC but not already by selfunc: 0
G20.5_zsplit4bin1_Lsplit4bin2: 0.80              16492 vs 80987
/home/groups/tabel/mahlet/quaia-env/lib/python3.10/site-packages/Corrfunc/utils.py:918: UserWarning: One or more input array has non-native endianness!  A copy will be made with the correct endianness.
  warnings.warn("One or more input array has non-native endianness!  A copy will"\
DD: 0.007388
DR: 0.185448
RR: 0.876166
'NoneType' object is not subscriptable
Pixels masked by MC but not already by selfunc: 0
G20.5_zsplit4bin1_Lsplit4bin3: 0.72              22648 vs 80988
/home/groups/tabel/mahlet/quaia-env/lib/python3.10/site-packages/Corrfunc/utils.py:918: UserWarning: One or more input array has non-native endianness!  A copy will be made with the correct endianness.
  warnings.warn("One or more input array has non-native endianness!  A copy will"\
DD: 0.010353
DR: 0.275866
RR: 1.385607
'NoneType' object is not subscriptable
[Errno 2] No such file or directory: '../data/quaia_G20.5_zsplit4bin1_Lsplit4bin4.fits'
Pixels masked by MC but not already by selfunc: 0
G20.5_zsplit4bin2_Lsplit4bin0: 0.85              12319 vs 80952
/home/groups/tabel/mahlet/quaia-env/lib/python3.10/site-packages/Corrfunc/utils.py:918: UserWarning: One or more input array has non-native endianness!  A copy will be made with the correct endianness.
  warnings.warn("One or more input array has non-native endianness!  A copy will"\
DD: 0.00614
DR: 0.130573
RR: 0.568698
'NoneType' object is not subscriptable
Pixels masked by MC but not already by selfunc: 0
G20.5_zsplit4bin2_Lsplit4bin1: 0.82              14323 vs 80952
/home/groups/tabel/mahlet/quaia-env/lib/python3.10/site-packages/Corrfunc/utils.py:918: UserWarning: One or more input array has non-native endianness!  A copy will be made with the correct endianness.
  warnings.warn("One or more input array has non-native endianness!  A copy will"\
DD: 0.007659999999999999
DR: 0.17443699999999998
RR: 0.784393
'NoneType' object is not subscriptable
Pixels masked by MC but not already by selfunc: 0
G20.5_zsplit4bin2_Lsplit4bin2: 0.79              17264 vs 80952
/home/groups/tabel/mahlet/quaia-env/lib/python3.10/site-packages/Corrfunc/utils.py:918: UserWarning: One or more input array has non-native endianness!  A copy will be made with the correct endianness.
  warnings.warn("One or more input array has non-native endianness!  A copy will"\
DD: 0.028949
DR: 0.21226799999999998
RR: 0.93375
'NoneType' object is not subscriptable
Pixels masked by MC but not already by selfunc: 0
G20.5_zsplit4bin2_Lsplit4bin3: 0.72              22691 vs 80952
/home/groups/tabel/mahlet/quaia-env/lib/python3.10/site-packages/Corrfunc/utils.py:918: UserWarning: One or more input array has non-native endianness!  A copy will be made with the correct endianness.
  warnings.warn("One or more input array has non-native endianness!  A copy will"\
DD: 0.0107
DR: 0.289454
RR: 1.321799
'NoneType' object is not subscriptable
[Errno 2] No such file or directory: '../data/quaia_G20.5_zsplit4bin2_Lsplit4bin4.fits'
Pixels masked by MC but not already by selfunc: 0
G20.5_zsplit4bin3_Lsplit4bin0: 0.84              13273 vs 80988
/home/groups/tabel/mahlet/quaia-env/lib/python3.10/site-packages/Corrfunc/utils.py:918: UserWarning: One or more input array has non-native endianness!  A copy will be made with the correct endianness.
  warnings.warn("One or more input array has non-native endianness!  A copy will"\
DD: 0.006094
DR: 0.141928
RR: 0.639081
'NoneType' object is not subscriptable
Pixels masked by MC but not already by selfunc: 0
G20.5_zsplit4bin3_Lsplit4bin1: 0.80              16137 vs 80987
/home/groups/tabel/mahlet/quaia-env/lib/python3.10/site-packages/Corrfunc/utils.py:918: UserWarning: One or more input array has non-native endianness!  A copy will be made with the correct endianness.
  warnings.warn("One or more input array has non-native endianness!  A copy will"\
DD: 0.007515
DR: 0.18997699999999998
RR: 0.86608
'NoneType' object is not subscriptable
Pixels masked by MC but not already by selfunc: 0
G20.5_zsplit4bin3_Lsplit4bin2: 0.77              18781 vs 80987
/home/groups/tabel/mahlet/quaia-env/lib/python3.10/site-packages/Corrfunc/utils.py:918: UserWarning: One or more input array has non-native endianness!  A copy will be made with the correct endianness.
  warnings.warn("One or more input array has non-native endianness!  A copy will"\
DD: 0.008884999999999999
DR: 0.22894599999999998
RR: 1.043445
'NoneType' object is not subscriptable
Pixels masked by MC but not already by selfunc: 0
G20.5_zsplit4bin3_Lsplit4bin3: 0.71              23124 vs 80988
/home/groups/tabel/mahlet/quaia-env/lib/python3.10/site-packages/Corrfunc/utils.py:918: UserWarning: One or more input array has non-native endianness!  A copy will be made with the correct endianness.
  warnings.warn("One or more input array has non-native endianness!  A copy will"\
DD: 0.01081
DR: 0.284493
RR: 1.4235280000000001
'NoneType' object is not subscriptable
[Errno 2] No such file or directory: '../data/quaia_G20.5_zsplit4bin3_Lsplit4bin4.fits'
done!
