Starting batch job

G20.5: computing wtheta in 30 bins from 0.001 to 10.0 on a log scale for 50 jackknife regions...
--L: maxsplit

z: None split 4
L: None maxsplit 2
Pixels masked by MC but not already by selfunc: 0
G20.5_zsplit4bin0_Lmaxsplit2bin0: 0.72              45693 vs 161897
/home/groups/tabel/mahlet/quaia-env/lib/python3.10/site-packages/Corrfunc/utils.py:918: UserWarning: One or more input array has non-native endianness!  A copy will be made with the correct endianness.
  warnings.warn("One or more input array has non-native endianness!  A copy will"\
DD: 0.057276
DR: 0.762351
RR: 5.143399
'NoneType' object is not subscriptable
Pixels masked by MC but not already by selfunc: 0
G20.5_zsplit4bin0_Lmaxsplit2bin1: 0.67              108137 vs 323795
/home/groups/tabel/mahlet/quaia-env/lib/python3.10/site-packages/Corrfunc/utils.py:918: UserWarning: One or more input array has non-native endianness!  A copy will be made with the correct endianness.
  warnings.warn("One or more input array has non-native endianness!  A copy will"\
DD: 0.068257
DR: 2.568714
RR: 23.373757
'NoneType' object is not subscriptable
[Errno 2] No such file or directory: '../data/quaia_G20.5_zsplit4bin0_Lmaxsplit2bin2.fits'
Pixels masked by MC but not already by selfunc: 0
G20.5_zsplit4bin1_Lmaxsplit2bin0: 0.72              45375 vs 161974
/home/groups/tabel/mahlet/quaia-env/lib/python3.10/site-packages/Corrfunc/utils.py:918: UserWarning: One or more input array has non-native endianness!  A copy will be made with the correct endianness.
  warnings.warn("One or more input array has non-native endianness!  A copy will"\
DD: 0.01795
DR: 0.589195
RR: 3.72878
'NoneType' object is not subscriptable
Pixels masked by MC but not already by selfunc: 0
G20.5_zsplit4bin1_Lmaxsplit2bin1: 0.65              111816 vs 323949
/home/groups/tabel/mahlet/quaia-env/lib/python3.10/site-packages/Corrfunc/utils.py:918: UserWarning: One or more input array has non-native endianness!  A copy will be made with the correct endianness.
  warnings.warn("One or more input array has non-native endianness!  A copy will"\
DD: 0.059673
DR: 2.646426
RR: 24.138535
'NoneType' object is not subscriptable
[Errno 2] No such file or directory: '../data/quaia_G20.5_zsplit4bin1_Lmaxsplit2bin2.fits'
Pixels masked by MC but not already by selfunc: 0
G20.5_zsplit4bin2_Lmaxsplit2bin0: 0.71              46810 vs 161904
/home/groups/tabel/mahlet/quaia-env/lib/python3.10/site-packages/Corrfunc/utils.py:918: UserWarning: One or more input array has non-native endianness!  A copy will be made with the correct endianness.
  warnings.warn("One or more input array has non-native endianness!  A copy will"\
DD: 0.020602
DR: 0.626241
RR: 3.640009
'NoneType' object is not subscriptable
Pixels masked by MC but not already by selfunc: 0
G20.5_zsplit4bin2_Lmaxsplit2bin1: 0.65              114856 vs 323808
/home/groups/tabel/mahlet/quaia-env/lib/python3.10/site-packages/Corrfunc/utils.py:918: UserWarning: One or more input array has non-native endianness!  A copy will be made with the correct endianness.
  warnings.warn("One or more input array has non-native endianness!  A copy will"\
DD: 0.06082
DR: 2.730065
RR: 24.697246
'NoneType' object is not subscriptable
[Errno 2] No such file or directory: '../data/quaia_G20.5_zsplit4bin2_Lmaxsplit2bin2.fits'
Pixels masked by MC but not already by selfunc: 0
G20.5_zsplit4bin3_Lmaxsplit2bin0: 0.68              51553 vs 161975
/home/groups/tabel/mahlet/quaia-env/lib/python3.10/site-packages/Corrfunc/utils.py:918: UserWarning: One or more input array has non-native endianness!  A copy will be made with the correct endianness.
  warnings.warn("One or more input array has non-native endianness!  A copy will"\
DD: 0.020093
DR: 0.6895319999999999
RR: 4.688559
'NoneType' object is not subscriptable
Pixels masked by MC but not already by selfunc: 0
G20.5_zsplit4bin3_Lmaxsplit2bin1: 0.62              122515 vs 323950
/home/groups/tabel/mahlet/quaia-env/lib/python3.10/site-packages/Corrfunc/utils.py:918: UserWarning: One or more input array has non-native endianness!  A copy will be made with the correct endianness.
  warnings.warn("One or more input array has non-native endianness!  A copy will"\
DD: 0.06936700000000007
DR: 3.100242
RR: 26.680984
'NoneType' object is not subscriptable
[Errno 2] No such file or directory: '../data/quaia_G20.5_zsplit4bin3_Lmaxsplit2bin2.fits'
done!
