Starting batch job

G20.5: computing wtheta in 30 bins from 0.001 to 10.0 on a log scale for 50 jackknife regions...
--L: maxsplit

z: None split 4
L: None maxsplit 4
Pixels masked by MC but not already by selfunc: 0
G20.5_zsplit4bin0_Lmaxsplit4bin0: 0.86              11724 vs 80949
/home/groups/tabel/mahlet/quaia-env/lib/python3.10/site-packages/Corrfunc/utils.py:918: UserWarning: One or more input array has non-native endianness!  A copy will be made with the correct endianness.
  warnings.warn("One or more input array has non-native endianness!  A copy will"\
DD: 0.036806
DR: 0.14335
RR: 0.5805779999999999
'NoneType' object is not subscriptable
Pixels masked by MC but not already by selfunc: 0
G20.5_zsplit4bin0_Lmaxsplit4bin1: 0.84              26020 vs 161897
/home/groups/tabel/mahlet/quaia-env/lib/python3.10/site-packages/Corrfunc/utils.py:918: UserWarning: One or more input array has non-native endianness!  A copy will be made with the correct endianness.
  warnings.warn("One or more input array has non-native endianness!  A copy will"\
DD: 0.033385
DR: 0.388829
RR: 2.498138
'NoneType' object is not subscriptable
Pixels masked by MC but not already by selfunc: 0
G20.5_zsplit4bin0_Lmaxsplit4bin2: 0.82              44324 vs 242846
/home/groups/tabel/mahlet/quaia-env/lib/python3.10/site-packages/Corrfunc/utils.py:918: UserWarning: One or more input array has non-native endianness!  A copy will be made with the correct endianness.
  warnings.warn("One or more input array has non-native endianness!  A copy will"\
DD: 0.030539999999999998
DR: 0.822235
RR: 6.504251
'NoneType' object is not subscriptable
Pixels masked by MC but not already by selfunc: 0
G20.5_zsplit4bin0_Lmaxsplit4bin3: 0.81              62487 vs 323795
/home/groups/tabel/mahlet/quaia-env/lib/python3.10/site-packages/Corrfunc/utils.py:918: UserWarning: One or more input array has non-native endianness!  A copy will be made with the correct endianness.
  warnings.warn("One or more input array has non-native endianness!  A copy will"\
DD: 0.046678
DR: 1.406288
RR: 12.667623
'NoneType' object is not subscriptable
[Errno 2] No such file or directory: '../data/quaia_G20.5_zsplit4bin0_Lmaxsplit4bin4.fits'
Pixels masked by MC but not already by selfunc: 0
G20.5_zsplit4bin1_Lmaxsplit4bin0: 0.85              11953 vs 80987
/home/groups/tabel/mahlet/quaia-env/lib/python3.10/site-packages/Corrfunc/utils.py:918: UserWarning: One or more input array has non-native endianness!  A copy will be made with the correct endianness.
  warnings.warn("One or more input array has non-native endianness!  A copy will"\
DD: 0.004798
DR: 0.10682500000000006
RR: 0.483267
'NoneType' object is not subscriptable
Pixels masked by MC but not already by selfunc: 0
G20.5_zsplit4bin1_Lmaxsplit4bin1: 0.84              25842 vs 161974
/home/groups/tabel/mahlet/quaia-env/lib/python3.10/site-packages/Corrfunc/utils.py:918: UserWarning: One or more input array has non-native endianness!  A copy will be made with the correct endianness.
  warnings.warn("One or more input array has non-native endianness!  A copy will"\
DD: 0.010695
DR: 0.320331
RR: 2.123946
'NoneType' object is not subscriptable
Pixels masked by MC but not already by selfunc: 0
G20.5_zsplit4bin1_Lmaxsplit4bin2: 0.83              42334 vs 242961
/home/groups/tabel/mahlet/quaia-env/lib/python3.10/site-packages/Corrfunc/utils.py:918: UserWarning: One or more input array has non-native endianness!  A copy will be made with the correct endianness.
  warnings.warn("One or more input array has non-native endianness!  A copy will"\
DD: 0.018401
DR: 0.6658769999999999
RR: 5.354728
'NoneType' object is not subscriptable
Pixels masked by MC but not already by selfunc: 0
G20.5_zsplit4bin1_Lmaxsplit4bin3: 0.80              64982 vs 323949
/home/groups/tabel/mahlet/quaia-env/lib/python3.10/site-packages/Corrfunc/utils.py:918: UserWarning: One or more input array has non-native endianness!  A copy will be made with the correct endianness.
  warnings.warn("One or more input array has non-native endianness!  A copy will"\
DD: 0.034365
DR: 1.457581
RR: 12.888215
'NoneType' object is not subscriptable
[Errno 2] No such file or directory: '../data/quaia_G20.5_zsplit4bin1_Lmaxsplit4bin4.fits'
Pixels masked by MC but not already by selfunc: 0
G20.5_zsplit4bin2_Lmaxsplit4bin0: 0.85              12319 vs 80952
/home/groups/tabel/mahlet/quaia-env/lib/python3.10/site-packages/Corrfunc/utils.py:918: UserWarning: One or more input array has non-native endianness!  A copy will be made with the correct endianness.
  warnings.warn("One or more input array has non-native endianness!  A copy will"\
DD: 0.005261
DR: 0.11192200000000008
RR: 0.472526
'NoneType' object is not subscriptable
Pixels masked by MC but not already by selfunc: 0
G20.5_zsplit4bin2_Lmaxsplit4bin1: 0.84              26642 vs 161904
/home/groups/tabel/mahlet/quaia-env/lib/python3.10/site-packages/Corrfunc/utils.py:918: UserWarning: One or more input array has non-native endianness!  A copy will be made with the correct endianness.
  warnings.warn("One or more input array has non-native endianness!  A copy will"\
DD: 0.022591
DR: 0.299367
RR: 1.935641
'NoneType' object is not subscriptable
Pixels masked by MC but not already by selfunc: 0
G20.5_zsplit4bin2_Lmaxsplit4bin2: 0.82              43906 vs 242856
/home/groups/tabel/mahlet/quaia-env/lib/python3.10/site-packages/Corrfunc/utils.py:918: UserWarning: One or more input array has non-native endianness!  A copy will be made with the correct endianness.
  warnings.warn("One or more input array has non-native endianness!  A copy will"\
DD: 0.019174
DR: 0.719469
RR: 5.621888
'NoneType' object is not subscriptable
Pixels masked by MC but not already by selfunc: 0
G20.5_zsplit4bin2_Lmaxsplit4bin3: 0.79              66597 vs 323808
/home/groups/tabel/mahlet/quaia-env/lib/python3.10/site-packages/Corrfunc/utils.py:918: UserWarning: One or more input array has non-native endianness!  A copy will be made with the correct endianness.
  warnings.warn("One or more input array has non-native endianness!  A copy will"\
DD: 0.035189
DR: 1.313553
RR: 12.354173
'NoneType' object is not subscriptable
[Errno 2] No such file or directory: '../data/quaia_G20.5_zsplit4bin2_Lmaxsplit4bin4.fits'
Pixels masked by MC but not already by selfunc: 0
G20.5_zsplit4bin3_Lmaxsplit4bin0: 0.84              13273 vs 80988
/home/groups/tabel/mahlet/quaia-env/lib/python3.10/site-packages/Corrfunc/utils.py:918: UserWarning: One or more input array has non-native endianness!  A copy will be made with the correct endianness.
  warnings.warn("One or more input array has non-native endianness!  A copy will"\
DD: 0.00532
DR: 0.118099
RR: 0.520193
'NoneType' object is not subscriptable
Pixels masked by MC but not already by selfunc: 0
G20.5_zsplit4bin3_Lmaxsplit4bin1: 0.82              29410 vs 161975
/home/groups/tabel/mahlet/quaia-env/lib/python3.10/site-packages/Corrfunc/utils.py:918: UserWarning: One or more input array has non-native endianness!  A copy will be made with the correct endianness.
  warnings.warn("One or more input array has non-native endianness!  A copy will"\
DD: 0.011512
DR: 0.370415
RR: 2.459921
'NoneType' object is not subscriptable
Pixels masked by MC but not already by selfunc: 0
G20.5_zsplit4bin3_Lmaxsplit4bin2: 0.80              48191 vs 242962
/home/groups/tabel/mahlet/quaia-env/lib/python3.10/site-packages/Corrfunc/utils.py:918: UserWarning: One or more input array has non-native endianness!  A copy will be made with the correct endianness.
  warnings.warn("One or more input array has non-native endianness!  A copy will"\
DD: 0.021421
DR: 0.824694
RR: 6.710842
'NoneType' object is not subscriptable
Pixels masked by MC but not already by selfunc: 0
G20.5_zsplit4bin3_Lmaxsplit4bin3: 0.78              71315 vs 323950
/home/groups/tabel/mahlet/quaia-env/lib/python3.10/site-packages/Corrfunc/utils.py:918: UserWarning: One or more input array has non-native endianness!  A copy will be made with the correct endianness.
  warnings.warn("One or more input array has non-native endianness!  A copy will"\
DD: 0.036598
DR: 1.678182
RR: 15.028034
'NoneType' object is not subscriptable
[Errno 2] No such file or directory: '../data/quaia_G20.5_zsplit4bin3_Lmaxsplit4bin4.fits'
done!
