Starting batch job
Running selection function with fn_catalog=../data/quaia_G20.5_zmin1.0zmax2.0_Lmax-27.0.fits, fn_selfunc=../data/maps/selection_function_NSIDE64_G20.5_zmin1.0zmax2.0_Lmax-27.0.fits, fn_parentcat=../data/quaia_G20.5.fits, map_names=['dust', 'stars', 'm10', 'mcs', 'unwise', 'unwisescan', 'mcsunwise', 'zodi1.25', 'zodi3.4', 'zodi4.6']
Loading data
Making QSO map
Map templates: ['dust', 'stars', 'm10', 'mcs', 'unwise', 'unwisescan', 'mcsunwise', 'zodi1.25', 'zodi3.4', 'zodi4.6']
Dustmap already exists, loading from ../data/maps/map_dust_NSIDE64.npy
Star map already exists, loading from ../data/maps/map_stars_NSIDE64.npy
M10 map already exists, loading from ../data/maps/map_m10_NSIDE64.npy
MCs map already exists, loading from ../data/maps/map_mcs_NSIDE64.npy
unWISE map already exists, loading from ../data/maps/map_unwise_NSIDE64.npy
unWISE scan map already exists, loading from ../data/maps/map_unwisescan_NSIDE64.npy
MCs map already exists, loading from ../data/maps/map_mcsunwise_NSIDE64.npy
Zodi map already exists, loading from ../data/maps/map_zodi1.25_NSIDE64.npy
Zodi map already exists, loading from ../data/maps/map_zodi3.4_NSIDE64.npy
Zodi map already exists, loading from ../data/maps/map_zodi4.6_NSIDE64.npy
Constructing X
(10, 49152)
(10, 49152)
Getting indices to fit
err min max: 0.0 3.872983346207417
Training fitter
X_train: (24866, 10) y_train: (24866,)
y_train min: 1.0 y_train: 15.0
fit_mean = True
n params: 10
parameter names: ('mean:value', 'kernel:k1:log_constant', 'kernel:k2:metric:log_M_0_0', 'kernel:k2:metric:log_M_1_1', 'kernel:k2:metric:log_M_2_2', 'kernel:k2:metric:log_M_3_3', 'kernel:k2:metric:log_M_4_4', 'kernel:k2:metric:log_M_5_5', 'kernel:k2:metric:log_M_6_6', 'kernel:k2:metric:log_M_7_7', 'kernel:k2:metric:log_M_8_8', 'kernel:k2:metric:log_M_9_9')
paramters init: [ 0.         -3.93247758 -0.5         1.5        -1.          5.
  0.8         0.         10.          1.          1.          1.        ]
y minmax 0.0 2.70805020110221
yerr: [1.73205081 1.41421356 1.41421356 ... 1.         1.73205081 1.        ] [0.57735027 0.70710678 0.70710678 ... 1.         0.57735027 1.        ]
p compute: [ 0.         -3.93247758 -0.5         1.5        -1.          5.
  0.8         0.         10.          1.          1.          1.        ]
lnlike compute: -23285.973529991614
Minimizing
  message: Optimization terminated successfully.
  success: True
   status: 0
      fun: 23245.868206731586
        x: [ 8.714e-01 -2.769e+00 -4.542e-01  7.892e+00  5.758e+01
             1.845e+00  1.731e+00  3.939e+00  3.393e+01  2.694e+01
             1.880e+01  4.684e+00]
      nit: 55
      jac: [-2.089e-06 -2.569e-07 -6.025e-08 -5.984e-08 -8.145e-24
            -1.387e-07 -1.333e-07 -6.543e-08 -8.490e-13 -5.423e-12
            -1.754e-09  8.042e-09]
 hess_inv: [[ 4.821e-02 -3.056e-03 ...  9.958e+01  4.079e-02]
            [-3.056e-03  1.641e-01 ... -1.349e+00  9.634e-02]
            ...
            [ 9.958e+01 -1.349e+00 ...  1.958e+08 -1.539e+02]
            [ 4.079e-02  9.634e-02 ... -1.539e+02  6.279e+00]]
     nfev: 58
     njev: 58
p post op: [ 0.87139829 -2.76851347 -0.45416672  7.89153975 57.57880798  1.84488882
  1.73072594  3.93927122 33.92858422 26.93587308 18.80077624  4.68423764]
lnlike final: -23245.868206731586
Predicting
setting the output map dtype to [dtype('float64')]
predict p: [ 0.87139829 -2.76851347 -0.45416672  7.89153975 57.57880798  1.84488882
  1.73072594  3.93927122 33.92858422 26.93587308 18.80077624  4.68423764]
Saving ypred map to ../data/maps/y_pred_selection_function_NSIDE64_G20.5_zmin1.0zmax2.0_Lmax-27.0.fits
y_pred_full: [2.6327939  2.6175519  2.20862669 ... 1.87590832 1.91780288 1.94132292]
0
RMSE: 0.8229084922117826
Making selection function map
setting the output map dtype to [dtype('float64')]
Number of clean healpixels: 479 (Total: 49152)
Using parent catalog to determine zero-probability pixels
(If i_keep also passed, will be ignored!)
min: 0.0, max: 4.607802168788539
map_prob: [1.11529007 1.10883333 0.93560662 ... 0.79466225 0.81240939 0.82237283]
Saved map to ../data/maps/selection_function_NSIDE64_G20.5_zmin1.0zmax2.0_Lmax-27.0.fits!
Time: 14266.13907122612 s (237.76898452043534 min)
allsky 
../data/randoms/random_G20.5_zmin1.0zmax2.0_Lmax-27.0_25x.fits
Loading data
Number of data sources: 38757
Estimating reduction factor
Sel func min and max: 0.0 4.607802168788539
Subsampling by 0.137 for probability map
Generating random with 25 times N_data
Sel func min and max: 0.0 4.607802168788539
Subsampling by 0.137 for probability map
Number of final random sources: 967612
Wrote random to ../data/randoms/random_G20.5_zmin1.0zmax2.0_Lmax-27.0_25x.fits!
