Starting batch job
Running selection function with fn_catalog=../data/quaia_G20.5_zmin0.0zmax1.0_Lmaxsplit4bin2.fits, fn_selfunc=../data/maps/selection_function_NSIDE64_G20.5_zmin0.0zmax1.0_Lmaxsplit4bin2.fits, fn_parentcat=../data/quaia_G20.5.fits, map_names=['dust', 'stars', 'm10', 'mcs', 'unwise', 'unwisescan', 'mcsunwise', 'zodi1.25', 'zodi3.4', 'zodi4.6']
Loading data
Making QSO map
Map templates: ['dust', 'stars', 'm10', 'mcs', 'unwise', 'unwisescan', 'mcsunwise', 'zodi1.25', 'zodi3.4', 'zodi4.6']
Dustmap already exists, loading from ../data/maps/map_dust_NSIDE64.npy
Star map already exists, loading from ../data/maps/map_stars_NSIDE64.npy
M10 map already exists, loading from ../data/maps/map_m10_NSIDE64.npy
MCs map already exists, loading from ../data/maps/map_mcs_NSIDE64.npy
unWISE map already exists, loading from ../data/maps/map_unwise_NSIDE64.npy
unWISE scan map already exists, loading from ../data/maps/map_unwisescan_NSIDE64.npy
MCs map already exists, loading from ../data/maps/map_mcsunwise_NSIDE64.npy
Zodi map already exists, loading from ../data/maps/map_zodi1.25_NSIDE64.npy
Zodi map already exists, loading from ../data/maps/map_zodi3.4_NSIDE64.npy
Zodi map already exists, loading from ../data/maps/map_zodi4.6_NSIDE64.npy
Constructing X
(10, 49152)
(10, 49152)
Getting indices to fit
err min max: 0.0 4.358898943540674
Training fitter
X_train: (41956, 10) y_train: (41956,)
y_train min: 1.0 y_train: 19.0
fit_mean = True
n params: 10
parameter names: ('mean:value', 'kernel:k1:log_constant', 'kernel:k2:metric:log_M_0_0', 'kernel:k2:metric:log_M_1_1', 'kernel:k2:metric:log_M_2_2', 'kernel:k2:metric:log_M_3_3', 'kernel:k2:metric:log_M_4_4', 'kernel:k2:metric:log_M_5_5', 'kernel:k2:metric:log_M_6_6', 'kernel:k2:metric:log_M_7_7', 'kernel:k2:metric:log_M_8_8', 'kernel:k2:metric:log_M_9_9')
paramters init: [ 0.         -3.33795284 -0.5         1.5        -1.          5.
  0.8         0.         10.          1.          1.          1.        ]
y minmax 0.0 2.9444389791664403
yerr: [1.73205081 1.41421356 3.31662479 ... 2.23606798 3.         2.23606798] [0.57735027 0.70710678 0.30151134 ... 0.4472136  0.33333333 0.4472136 ]
p compute: [ 0.         -3.33795284 -0.5         1.5        -1.          5.
  0.8         0.         10.          1.          1.          1.        ]
lnlike compute: -24184.709791731784
Minimizing
  message: Optimization terminated successfully.
  success: True
   status: 0
      fun: 24140.036261879413
        x: [ 1.339e+00 -3.467e+00  7.411e-03  2.189e+00 -6.222e-01
             4.537e+00  1.625e+00 -3.931e-01  1.502e+02 -8.219e-01
             1.687e+01 -2.714e-01]
      nit: 50
      jac: [ 1.973e-06 -9.872e-06  5.682e-06  7.330e-06  2.006e-06
             1.875e-06  1.974e-06  1.777e-06 -1.452e-62 -1.717e-06
            -5.704e-10  3.520e-06]
 hess_inv: [[ 2.312e-02 -1.443e-02 ...  1.709e+02 -9.435e-03]
            [-1.443e-02  4.597e-02 ...  5.884e+02  4.508e-03]
            ...
            [ 1.709e+02  5.884e+02 ...  5.546e+08  5.090e+03]
            [-9.435e-03  4.508e-03 ...  5.090e+03  1.243e+00]]
     nfev: 53
     njev: 53
p post op: [ 1.33948955e+00 -3.46694759e+00  7.41135997e-03  2.18938073e+00
 -6.22177039e-01  4.53704490e+00  1.62546626e+00 -3.93084775e-01
  1.50242345e+02 -8.21942970e-01  1.68705592e+01 -2.71430256e-01]
lnlike final: -24140.036261879413
Predicting
setting the output map dtype to [dtype('float64')]
predict p: [ 1.33948955e+00 -3.46694759e+00  7.41135997e-03  2.18938073e+00
 -6.22177039e-01  4.53704490e+00  1.62546626e+00 -3.93084775e-01
  1.50242345e+02 -8.21942970e-01  1.68705592e+01 -2.71430256e-01]
Saving ypred map to ../data/maps/y_pred_selection_function_NSIDE64_G20.5_zmin0.0zmax1.0_Lmaxsplit4bin2.fits
y_pred_full: [4.70445255 5.21407951 6.16385814 ... 6.02659603 5.95344945 5.9977423 ]
0
RMSE: 2.505762531697981
Making selection function map
setting the output map dtype to [dtype('float64')]
Number of clean healpixels: 479 (Total: 49152)
Using parent catalog to determine zero-probability pixels
(If i_keep also passed, will be ignored!)
min: 0.0, max: 0.7372236117398132
map_prob: [0.39383096 0.43649413 0.51600438 ... 0.50451355 0.49839012 0.50209808]
Saved map to ../data/maps/selection_function_NSIDE64_G20.5_zmin0.0zmax1.0_Lmaxsplit4bin2.fits!
Time: 42785.925941467285 s (713.0987656911215 min)
allsky 
../data/randoms/random_G20.5_zmin0.0zmax1.0_Lmaxsplit4bin2_25x.fits
Loading data
Number of data sources: 243252
Estimating reduction factor
Sel func min and max: 0.0 0.7372236117398132
Subsampling by 0.620 for probability map
Generating random with 25 times N_data
Sel func min and max: 0.0 0.7372236117398132
Subsampling by 0.620 for probability map
Number of final random sources: 6082160
Wrote random to ../data/randoms/random_G20.5_zmin0.0zmax1.0_Lmaxsplit4bin2_25x.fits!
