Starting batch job
Running selection function with fn_catalog=../data/quaia_G20.5_zmin1.0zmax2.0_Lmaxsplit3bin1.fits, fn_selfunc=../data/maps/selection_function_NSIDE64_G20.5_zmin1.0zmax2.0_Lmaxsplit3bin1.fits, fn_parentcat=../data/quaia_G20.5.fits, map_names=['dust', 'stars', 'm10', 'mcs', 'unwise', 'unwisescan', 'mcsunwise', 'zodi1.25', 'zodi3.4', 'zodi4.6']
Loading data
Making QSO map
Map templates: ['dust', 'stars', 'm10', 'mcs', 'unwise', 'unwisescan', 'mcsunwise', 'zodi1.25', 'zodi3.4', 'zodi4.6']
Dustmap already exists, loading from ../data/maps/map_dust_NSIDE64.npy
Star map already exists, loading from ../data/maps/map_stars_NSIDE64.npy
M10 map already exists, loading from ../data/maps/map_m10_NSIDE64.npy
MCs map already exists, loading from ../data/maps/map_mcs_NSIDE64.npy
unWISE map already exists, loading from ../data/maps/map_unwise_NSIDE64.npy
unWISE scan map already exists, loading from ../data/maps/map_unwisescan_NSIDE64.npy
MCs map already exists, loading from ../data/maps/map_mcsunwise_NSIDE64.npy
Zodi map already exists, loading from ../data/maps/map_zodi1.25_NSIDE64.npy
Zodi map already exists, loading from ../data/maps/map_zodi3.4_NSIDE64.npy
Zodi map already exists, loading from ../data/maps/map_zodi4.6_NSIDE64.npy
Constructing X
(10, 49152)
(10, 49152)
Getting indices to fit
err min max: 0.0 6.557438524302
Training fitter
X_train: (41764, 10) y_train: (41764,)
y_train min: 1.0 y_train: 43.0
fit_mean = True
n params: 10
parameter names: ('mean:value', 'kernel:k1:log_constant', 'kernel:k2:metric:log_M_0_0', 'kernel:k2:metric:log_M_1_1', 'kernel:k2:metric:log_M_2_2', 'kernel:k2:metric:log_M_3_3', 'kernel:k2:metric:log_M_4_4', 'kernel:k2:metric:log_M_5_5', 'kernel:k2:metric:log_M_6_6', 'kernel:k2:metric:log_M_7_7', 'kernel:k2:metric:log_M_8_8', 'kernel:k2:metric:log_M_9_9')
paramters init: [ 0.         -3.04941958 -0.5         1.5        -1.          5.
  0.8         0.         10.          1.          1.          1.        ]
y minmax 0.0 3.7612001156935624
yerr: [3.16227766 3.74165739 4.24264069 ... 3.46410162 3.87298335 3.87298335] [0.31622777 0.26726124 0.23570226 ... 0.28867513 0.25819889 0.25819889]
p compute: [ 0.         -3.04941958 -0.5         1.5        -1.          5.
  0.8         0.         10.          1.          1.          1.        ]
lnlike compute: -5936.01081111762
Minimizing
  message: Optimization terminated successfully.
  success: True
   status: 0
      fun: 5848.803419863889
        x: [ 2.029e+00 -2.906e+00 -5.401e-01  1.339e+00 -1.241e+00
             4.759e+00  1.217e+00 -8.731e-01  1.118e+01 -9.641e-01
             1.589e+01 -4.624e-01]
      nit: 46
      jac: [ 5.679e-06  7.154e-06 -1.299e-06  7.881e-07 -1.637e-06
             8.852e-07 -2.721e-07 -7.877e-07 -2.200e-07  6.280e-07
            -5.520e-09 -7.435e-07]
 hess_inv: [[ 2.649e-02 -5.138e-03 ... -2.139e+01  6.834e-03]
            [-5.138e-03  2.219e-02 ... -2.032e+02 -4.021e-03]
            ...
            [-2.139e+01 -2.032e+02 ...  5.947e+07 -1.979e+02]
            [ 6.834e-03 -4.021e-03 ... -1.979e+02  4.233e-01]]
     nfev: 50
     njev: 50
p post op: [ 2.02869613 -2.90585919 -0.54006512  1.33894109 -1.24101491  4.75870901
  1.21676088 -0.87311606 11.17610667 -0.96411225 15.88933634 -0.46237152]
lnlike final: -5848.803419863889
Predicting
setting the output map dtype to [dtype('float64')]
predict p: [ 2.02869613 -2.90585919 -0.54006512  1.33894109 -1.24101491  4.75870901
  1.21676088 -0.87311606 11.17610667 -0.96411225 15.88933634 -0.46237152]
Saving ypred map to ../data/maps/y_pred_selection_function_NSIDE64_G20.5_zmin1.0zmax2.0_Lmaxsplit3bin1.fits
y_pred_full: [ 8.72133044  9.88974292 12.63324076 ... 13.37826694 13.29956176
 13.20517286]
0
RMSE: 4.10957484976982
Making selection function map
setting the output map dtype to [dtype('float64')]
Number of clean healpixels: 479 (Total: 49152)
Using parent catalog to determine zero-probability pixels
(If i_keep also passed, will be ignored!)
min: 0.0, max: 0.8016278694913842
map_prob: [0.28748159 0.32599602 0.41643006 ... 0.44098839 0.43839403 0.43528269]
Saved map to ../data/maps/selection_function_NSIDE64_G20.5_zmin1.0zmax2.0_Lmaxsplit3bin1.fits!
Time: 39551.73685479164 s (659.1956142465274 min)
allsky 
../data/randoms/random_G20.5_zmin1.0zmax2.0_Lmaxsplit3bin1_25x.fits
Loading data
Number of data sources: 648196
Estimating reduction factor
Sel func min and max: 0.0 0.8016278694913842
Subsampling by 0.563 for probability map
Generating random with 25 times N_data
Sel func min and max: 0.0 0.8016278694913842
Subsampling by 0.563 for probability map
Number of final random sources: 16199488
Wrote random to ../data/randoms/random_G20.5_zmin1.0zmax2.0_Lmaxsplit3bin1_25x.fits!
fit_mean = True
n params: 10
parameter names: ('mean:value', 'kernel:k1:log_constant', 'kernel:k2:metric:log_M_0_0', 'kernel:k2:metric:log_M_1_1', 'kernel:k2:metric:log_M_2_2', 'kernel:k2:metric:log_M_3_3', 'kernel:k2:metric:log_M_4_4', 'kernel:k2:metric:log_M_5_5', 'kernel:k2:metric:log_M_6_6', 'kernel:k2:metric:log_M_7_7', 'kernel:k2:metric:log_M_8_8', 'kernel:k2:metric:log_M_9_9')
paramters init: [ 0.         -3.04941958 -0.5         1.5        -1.          5.
  0.8         0.         10.          1.          1.          1.        ]
y minmax 0.0 3.7612001156935624
yerr: [3.16227766 3.74165739 4.24264069 ... 3.46410162 3.87298335 3.87298335] [0.31622777 0.26726124 0.23570226 ... 0.28867513 0.25819889 0.25819889]
p compute: [ 0.         -3.04941958 -0.5         1.5        -1.          5.
  0.8         0.         10.          1.          1.          1.        ]
lnlike compute: -5936.0108111175905
Minimizing
  message: Optimization terminated successfully.
  success: True
   status: 0
      fun: 5848.803419864053
        x: [ 2.029e+00 -2.906e+00 -5.401e-01  1.339e+00 -1.241e+00
             4.759e+00  1.217e+00 -8.731e-01  1.118e+01 -9.641e-01
             1.589e+01 -4.624e-01]
      nit: 46
      jac: [ 5.662e-06  7.250e-06 -1.306e-06  7.814e-07 -1.637e-06
             8.835e-07 -2.754e-07 -8.388e-07 -2.199e-07  6.246e-07
            -5.521e-09 -7.487e-07]
 hess_inv: [[ 2.649e-02 -5.138e-03 ... -2.143e+01  6.834e-03]
            [-5.138e-03  2.219e-02 ... -2.031e+02 -4.023e-03]
            ...
            [-2.143e+01 -2.031e+02 ...  5.947e+07 -1.979e+02]
            [ 6.834e-03 -4.023e-03 ... -1.979e+02  4.233e-01]]
     nfev: 50
     njev: 50
p post op: [ 2.02869613 -2.90585918 -0.54006512  1.33894109 -1.24101491  4.75870901
  1.21676088 -0.87311606 11.17610667 -0.96411225 15.88926773 -0.46237152]
lnlike final: -5848.803419864053
Predicting
setting the output map dtype to [dtype('float64')]
predict p: [ 2.02869613 -2.90585918 -0.54006512  1.33894109 -1.24101491  4.75870901
  1.21676088 -0.87311606 11.17610667 -0.96411225 15.88926773 -0.46237152]
Saving ypred map to ../data/maps/y_pred_selection_function_NSIDE64_G20.5_zmin1.0zmax2.0_Lmaxsplit3bin1.fits
y_pred_full: [ 8.72133044  9.88974292 12.63324076 ... 13.37826694 13.29956176
 13.20517286]
0
RMSE: 4.109574849766611
Making selection function map
setting the output map dtype to [dtype('float64')]
Number of clean healpixels: 479 (Total: 49152)
Using parent catalog to determine zero-probability pixels
(If i_keep also passed, will be ignored!)
min: 0.0, max: 0.8016278695758841
map_prob: [0.28748159 0.32599602 0.41643006 ... 0.44098839 0.43839403 0.43528269]
Saved map to ../data/maps/selection_function_NSIDE64_G20.5_zmin1.0zmax2.0_Lmaxsplit3bin1.fits!
Time: 54845.9254758358 s (914.0987579305967 min)
allsky 
../data/randoms/random_G20.5_zmin1.0zmax2.0_Lmaxsplit3bin1_25x.fits
Loading data
Number of data sources: 648196
Estimating reduction factor
Sel func min and max: 0.0 0.8016278695758841
Subsampling by 0.563 for probability map
Generating random with 25 times N_data
Sel func min and max: 0.0 0.8016278695758841
Subsampling by 0.563 for probability map
Number of final random sources: 16199488
Wrote random to ../data/randoms/random_G20.5_zmin1.0zmax2.0_Lmaxsplit3bin1_25x.fits!
