Starting batch job
Running selection function with fn_catalog=../data/quaia_G20.5_zsplit4bin0_Lmaxsplit2bin1.fits, fn_selfunc=../data/maps/selection_function_NSIDE64_G20.5_zsplit4bin0_Lmaxsplit2bin1.fits, fn_parentcat=../data/quaia_G20.5.fits, map_names=['dust', 'stars', 'm10', 'mcs', 'unwise', 'unwisescan', 'mcsunwise', 'zodi1.25', 'zodi3.4', 'zodi4.6']
Loading data
Making QSO map
Map templates: ['dust', 'stars', 'm10', 'mcs', 'unwise', 'unwisescan', 'mcsunwise', 'zodi1.25', 'zodi3.4', 'zodi4.6']
Dustmap already exists, loading from ../data/maps/map_dust_NSIDE64.npy
Star map already exists, loading from ../data/maps/map_stars_NSIDE64.npy
M10 map already exists, loading from ../data/maps/map_m10_NSIDE64.npy
MCs map already exists, loading from ../data/maps/map_mcs_NSIDE64.npy
unWISE map already exists, loading from ../data/maps/map_unwise_NSIDE64.npy
unWISE scan map already exists, loading from ../data/maps/map_unwisescan_NSIDE64.npy
MCs map already exists, loading from ../data/maps/map_mcsunwise_NSIDE64.npy
Zodi map already exists, loading from ../data/maps/map_zodi1.25_NSIDE64.npy
Zodi map already exists, loading from ../data/maps/map_zodi3.4_NSIDE64.npy
Zodi map already exists, loading from ../data/maps/map_zodi4.6_NSIDE64.npy
Constructing X
(10, 49152)
(10, 49152)
Getting indices to fit
err min max: 0.0 4.898979485566356
Training fitter
X_train: (42073, 10) y_train: (42073,)
y_train min: 1.0 y_train: 24.0
fit_mean = True
n params: 10
parameter names: ('mean:value', 'kernel:k1:log_constant', 'kernel:k2:metric:log_M_0_0', 'kernel:k2:metric:log_M_1_1', 'kernel:k2:metric:log_M_2_2', 'kernel:k2:metric:log_M_3_3', 'kernel:k2:metric:log_M_4_4', 'kernel:k2:metric:log_M_5_5', 'kernel:k2:metric:log_M_6_6', 'kernel:k2:metric:log_M_7_7', 'kernel:k2:metric:log_M_8_8', 'kernel:k2:metric:log_M_9_9')
paramters init: [ 0.         -3.24747025 -0.5         1.5        -1.          5.
  0.8         0.         10.          1.          1.          1.        ]
y minmax 0.0 3.1780538303479453
yerr: [1.73205081 1.73205081 3.31662479 ... 3.16227766 3.16227766 2.44948974] [0.57735027 0.57735027 0.30151134 ... 0.31622777 0.31622777 0.40824829]
p compute: [ 0.         -3.24747025 -0.5         1.5        -1.          5.
  0.8         0.         10.          1.          1.          1.        ]
lnlike compute: -19187.833524293117
Minimizing
  message: Optimization terminated successfully.
  success: True
   status: 0
      fun: 19127.208144622953
        x: [ 1.398e+00 -3.119e+00 -3.214e-01  3.114e+00 -3.935e-01
             5.063e+00  1.732e+00 -4.155e-01  2.012e+02 -1.377e+00
             1.601e+01 -1.778e+00]
      nit: 50
      jac: [-7.819e-06 -8.763e-06  2.538e-07  8.042e-07  4.297e-07
            -1.517e-06 -3.105e-07  2.732e-06 -1.522e-84  5.697e-06
            -7.983e-10 -3.448e-08]
 hess_inv: [[ 3.480e-02 -1.723e-02 ...  8.715e+01 -5.441e-03]
            [-1.723e-02  5.139e-02 ...  1.344e+02  6.991e-04]
            ...
            [ 8.715e+01  1.344e+02 ...  4.236e+08 -5.443e+02]
            [-5.441e-03  6.991e-04 ... -5.443e+02  7.587e-01]]
     nfev: 55
     njev: 55
p post op: [  1.39826035  -3.11943887  -0.32141938   3.1141549   -0.39345277
   5.06267615   1.73157408  -0.41549786 201.15673209  -1.3774111
  16.00537225  -1.77835   ]
lnlike final: -19127.208144622953
Predicting
setting the output map dtype to [dtype('float64')]
predict p: [  1.39826035  -3.11943887  -0.32141938   3.1141549   -0.39345277
   5.06267615   1.73157408  -0.41549786 201.15673209  -1.3774111
  16.00537225  -1.77835   ]
Saving ypred map to ../data/maps/y_pred_selection_function_NSIDE64_G20.5_zsplit4bin0_Lmaxsplit2bin1.fits
y_pred_full: [5.1549345  5.83505584 7.25943388 ... 7.16674599 7.09605192 7.08505332]
0
RMSE: 2.8966010329535794
Making selection function map
setting the output map dtype to [dtype('float64')]
Number of clean healpixels: 479 (Total: 49152)
Using parent catalog to determine zero-probability pixels
(If i_keep also passed, will be ignored!)
min: 0.0, max: 0.721324025250016
map_prob: [0.31512035 0.35669606 0.44376807 ... 0.43810207 0.43378056 0.43310821]
Saved map to ../data/maps/selection_function_NSIDE64_G20.5_zsplit4bin0_Lmaxsplit2bin1.fits!
Time: 44112.11146879196 s (735.2018578131994 min)
allsky 
../data/randoms/random_G20.5_zsplit4bin0_Lmaxsplit2bin1_25x.fits
Loading data
Number of data sources: 323795
Estimating reduction factor
Sel func min and max: 0.0 0.721324025250016
Subsampling by 0.601 for probability map
Generating random with 25 times N_data
Sel func min and max: 0.0 0.721324025250016
Subsampling by 0.601 for probability map
Number of final random sources: 8093811
Wrote random to ../data/randoms/random_G20.5_zsplit4bin0_Lmaxsplit2bin1_25x.fits!
