Starting batch job
Running selection function with fn_catalog=../data/quaia_G20.5_zsplit4bin2_Lmaxsplit4bin0.fits, fn_selfunc=../data/maps/selection_function_NSIDE64_G20.5_zsplit4bin2_Lmaxsplit4bin0.fits, fn_parentcat=../data/quaia_G20.5.fits, map_names=['dust', 'stars', 'm10', 'mcs', 'unwise', 'unwisescan', 'mcsunwise', 'zodi1.25', 'zodi3.4', 'zodi4.6']
Loading data
Making QSO map
Map templates: ['dust', 'stars', 'm10', 'mcs', 'unwise', 'unwisescan', 'mcsunwise', 'zodi1.25', 'zodi3.4', 'zodi4.6']
Dustmap already exists, loading from ../data/maps/map_dust_NSIDE64.npy
Star map already exists, loading from ../data/maps/map_stars_NSIDE64.npy
M10 map already exists, loading from ../data/maps/map_m10_NSIDE64.npy
MCs map already exists, loading from ../data/maps/map_mcs_NSIDE64.npy
unWISE map already exists, loading from ../data/maps/map_unwise_NSIDE64.npy
unWISE scan map already exists, loading from ../data/maps/map_unwisescan_NSIDE64.npy
MCs map already exists, loading from ../data/maps/map_mcsunwise_NSIDE64.npy
Zodi map already exists, loading from ../data/maps/map_zodi1.25_NSIDE64.npy
Zodi map already exists, loading from ../data/maps/map_zodi3.4_NSIDE64.npy
Zodi map already exists, loading from ../data/maps/map_zodi4.6_NSIDE64.npy
Constructing X
(10, 49152)
(10, 49152)
Getting indices to fit
err min max: 0.0 4.898979485566356
Training fitter
X_train: (40514, 10) y_train: (40514,)
y_train min: 1.0 y_train: 24.0
fit_mean = True
n params: 10
parameter names: ('mean:value', 'kernel:k1:log_constant', 'kernel:k2:metric:log_M_0_0', 'kernel:k2:metric:log_M_1_1', 'kernel:k2:metric:log_M_2_2', 'kernel:k2:metric:log_M_3_3', 'kernel:k2:metric:log_M_4_4', 'kernel:k2:metric:log_M_5_5', 'kernel:k2:metric:log_M_6_6', 'kernel:k2:metric:log_M_7_7', 'kernel:k2:metric:log_M_8_8', 'kernel:k2:metric:log_M_9_9')
paramters init: [ 0.         -3.19593173 -0.5         1.5        -1.          5.
  0.8         0.         10.          1.          1.          1.        ]
y minmax 0.0 3.1780538303479453
yerr: [2.         2.64575131 3.16227766 ... 2.82842712 3.46410162 2.82842712] [0.5        0.37796447 0.31622777 ... 0.35355339 0.28867513 0.35355339]
p compute: [ 0.         -3.19593173 -0.5         1.5        -1.          5.
  0.8         0.         10.          1.          1.          1.        ]
lnlike compute: -17715.40110596118
Minimizing
  message: Optimization terminated successfully.
  success: True
   status: 0
      fun: 17667.386069961314
        x: [ 1.525e+00 -3.118e+00 -5.714e-01  2.964e+00 -1.917e+00
             5.335e+00  1.170e+00  8.575e-01  1.372e+02 -1.008e+00
             1.886e+01 -7.324e-01]
      nit: 51
      jac: [ 8.466e-07 -2.545e-06  3.699e-06  1.260e-06  9.593e-07
             1.500e-07  1.775e-07  4.825e-07 -1.080e-56 -1.132e-08
            -1.001e-10  1.693e-06]
 hess_inv: [[ 3.885e-02 -8.087e-03 ... -1.006e+03 -4.120e-02]
            [-8.087e-03  7.768e-02 ... -1.134e+03  2.248e-02]
            ...
            [-1.006e+03 -1.134e+03 ...  3.264e+09  1.552e+04]
            [-4.120e-02  2.248e-02 ...  1.552e+04  1.701e+00]]
     nfev: 57
     njev: 57
p post op: [  1.52471403  -3.11825735  -0.57144466   2.96369323  -1.91727269
   5.33465716   1.16984373   0.85751835 137.16591216  -1.00773757
  18.86259738  -0.73240865]
lnlike final: -17667.386069961314
Predicting
setting the output map dtype to [dtype('float64')]
predict p: [  1.52471403  -3.11825735  -0.57144466   2.96369323  -1.91727269
   5.33465716   1.16984373   0.85751835 137.16591216  -1.00773757
  18.86259738  -0.73240865]
Saving ypred map to ../data/maps/y_pred_selection_function_NSIDE64_G20.5_zsplit4bin2_Lmaxsplit4bin0.fits
y_pred_full: [4.23198674 5.14917691 7.21151069 ... 6.78173819 6.89919734 6.75371053]
0
RMSE: 2.946086255387472
Making selection function map
setting the output map dtype to [dtype('float64')]
Number of clean healpixels: 479 (Total: 49152)
Using parent catalog to determine zero-probability pixels
(If i_keep also passed, will be ignored!)
min: 0.0, max: 0.6650361035972046
map_prob: [0.24611557 0.29945572 0.41939288 ... 0.39439901 0.40122997 0.39276904]
Saved map to ../data/maps/selection_function_NSIDE64_G20.5_zsplit4bin2_Lmaxsplit4bin0.fits!
Time: 48273.46075773239 s (804.5576792955399 min)
allsky 
../data/randoms/random_G20.5_zsplit4bin2_Lmaxsplit4bin0_25x.fits
Loading data
Number of data sources: 323546
Estimating reduction factor
Sel func min and max: 0.0 0.6650361035972046
Subsampling by 0.622 for probability map
Generating random with 25 times N_data
Sel func min and max: 0.0 0.6650361035972046
Subsampling by 0.622 for probability map
Number of final random sources: 8088319
Wrote random to ../data/randoms/random_G20.5_zsplit4bin2_Lmaxsplit4bin0_25x.fits!
