Starting batch job
Running selection function with fn_catalog=../data/quaia_G20.5_zsplit3bin1_Lsplit3bin1.fits, fn_selfunc=../data/maps/selection_function_NSIDE64_G20.5_zsplit3bin1_Lsplit3bin1.fits, fn_parentcat=../data/quaia_G20.5.fits, map_names=['dust', 'stars', 'm10', 'mcs', 'unwise', 'unwisescan', 'mcsunwise', 'zodi1.25', 'zodi3.4', 'zodi4.6']
Loading data
Making QSO map
Map templates: ['dust', 'stars', 'm10', 'mcs', 'unwise', 'unwisescan', 'mcsunwise', 'zodi1.25', 'zodi3.4', 'zodi4.6']
Dustmap already exists, loading from ../data/maps/map_dust_NSIDE64.npy
Star map already exists, loading from ../data/maps/map_stars_NSIDE64.npy
M10 map already exists, loading from ../data/maps/map_m10_NSIDE64.npy
MCs map already exists, loading from ../data/maps/map_mcs_NSIDE64.npy
unWISE map already exists, loading from ../data/maps/map_unwise_NSIDE64.npy
unWISE scan map already exists, loading from ../data/maps/map_unwisescan_NSIDE64.npy
MCs map already exists, loading from ../data/maps/map_mcsunwise_NSIDE64.npy
Zodi map already exists, loading from ../data/maps/map_zodi1.25_NSIDE64.npy
Zodi map already exists, loading from ../data/maps/map_zodi3.4_NSIDE64.npy
Zodi map already exists, loading from ../data/maps/map_zodi4.6_NSIDE64.npy
Constructing X
(10, 49152)
(10, 49152)
Getting indices to fit
err min max: 0.0 1.7320508075688772
Training fitter
X_train: (1438, 10) y_train: (1438,)
y_train min: 1.0 y_train: 3.0
fit_mean = True
n params: 10
parameter names: ('mean:value', 'kernel:k1:log_constant', 'kernel:k2:metric:log_M_0_0', 'kernel:k2:metric:log_M_1_1', 'kernel:k2:metric:log_M_2_2', 'kernel:k2:metric:log_M_3_3', 'kernel:k2:metric:log_M_4_4', 'kernel:k2:metric:log_M_5_5', 'kernel:k2:metric:log_M_6_6', 'kernel:k2:metric:log_M_7_7', 'kernel:k2:metric:log_M_8_8', 'kernel:k2:metric:log_M_9_9')
paramters init: [ 0.         -5.80264269 -0.5         1.5        -1.          5.
  0.8         0.         10.          1.          1.          1.        ]
y minmax 0.0 1.0986122886681096
yerr: [1. 1. 1. ... 1. 1. 1.] [1. 1. 1. ... 1. 1. 1.]
p compute: [ 0.         -5.80264269 -0.5         1.5        -1.          5.
  0.8         0.         10.          1.          1.          1.        ]
lnlike compute: -1337.8839805321238
Minimizing
  message: Optimization terminated successfully.
  success: True
   status: 0
      fun: 1334.1485617478893
        x: [ 8.626e-02 -2.082e+01 -5.498e-01  1.228e+00 -1.627e+00
             4.910e+00  7.248e-01 -8.488e-01  9.999e+00  8.639e-01
             9.834e-01  8.052e-01]
      nit: 22
      jac: [-6.792e-06  6.202e-06  7.541e-09 -6.304e-09  5.969e-08
             3.928e-09 -6.671e-09  2.637e-07  2.876e-11  1.099e-08
             1.191e-09  1.665e-08]
 hess_inv: [[ 5.817e-04  3.576e-04 ...  2.076e-06  2.492e-05]
            [ 3.576e-04  5.542e+04 ...  6.523e+01  7.717e+02]
            ...
            [ 2.076e-06  6.523e+01 ...  1.077e+00  9.082e-01]
            [ 2.492e-05  7.717e+02 ...  9.082e-01  1.175e+01]]
     nfev: 25
     njev: 25
p post op: [  0.08626052 -20.82406292  -0.54975935   1.22761852  -1.62672021
   4.90960928   0.72480228  -0.84878955   9.99927192   0.86391155
   0.98343353   0.80519244]
lnlike final: -1334.1485617478893
Predicting
setting the output map dtype to [dtype('float64')]
predict p: [  0.08626052 -20.82406292  -0.54975935   1.22761852  -1.62672021
   4.90960928   0.72480228  -0.84878955   9.99927192   0.86391155
   0.98343353   0.80519244]
Saving ypred map to ../data/maps/y_pred_selection_function_NSIDE64_G20.5_zsplit3bin1_Lsplit3bin1.fits
y_pred_full: [1.09009031 1.09009032 1.09009033 ... 1.09009032 1.09009032 1.09009032]
0
RMSE: 0.2635934218031797
Making selection function map
setting the output map dtype to [dtype('float64')]
Number of clean healpixels: 479 (Total: 49152)
Using parent catalog to determine zero-probability pixels
(If i_keep also passed, will be ignored!)
min: 0.0, max: 1.015010232340611
map_prob: [1.01501018 1.01501019 1.01501021 ... 1.01501019 1.01501019 1.0150102 ]
Saved map to ../data/maps/selection_function_NSIDE64_G20.5_zsplit3bin1_Lsplit3bin1.fits!
Time: 76.37752413749695 s (1.2729587356249492 min)
allsky 
../data/randoms/random_G20.5_zsplit3bin1_Lsplit3bin1_25x.fits
Loading data
Number of data sources: 1531
Estimating reduction factor
Sel func min and max: 0.0 1.015010232340611
Subsampling by 0.872 for probability map
Generating random with 25 times N_data
Sel func min and max: 0.0 1.015010232340611
Subsampling by 0.874 for probability map
Number of final random sources: 38399
Wrote random to ../data/randoms/random_G20.5_zsplit3bin1_Lsplit3bin1_25x.fits!
