Starting batch job
Running selection function with fn_catalog=../data/quaia_G20.5_zsplit3bin2_Lsplit3bin1.fits, fn_selfunc=../data/maps/selection_function_NSIDE64_G20.5_zsplit3bin2_Lsplit3bin1.fits, fn_parentcat=../data/quaia_G20.5.fits, map_names=['dust', 'stars', 'm10', 'mcs', 'unwise', 'unwisescan', 'mcsunwise', 'zodi1.25', 'zodi3.4', 'zodi4.6']
Loading data
Making QSO map
Map templates: ['dust', 'stars', 'm10', 'mcs', 'unwise', 'unwisescan', 'mcsunwise', 'zodi1.25', 'zodi3.4', 'zodi4.6']
Dustmap already exists, loading from ../data/maps/map_dust_NSIDE64.npy
Star map already exists, loading from ../data/maps/map_stars_NSIDE64.npy
M10 map already exists, loading from ../data/maps/map_m10_NSIDE64.npy
MCs map already exists, loading from ../data/maps/map_mcs_NSIDE64.npy
unWISE map already exists, loading from ../data/maps/map_unwise_NSIDE64.npy
unWISE scan map already exists, loading from ../data/maps/map_unwisescan_NSIDE64.npy
MCs map already exists, loading from ../data/maps/map_mcsunwise_NSIDE64.npy
Zodi map already exists, loading from ../data/maps/map_zodi1.25_NSIDE64.npy
Zodi map already exists, loading from ../data/maps/map_zodi3.4_NSIDE64.npy
Zodi map already exists, loading from ../data/maps/map_zodi4.6_NSIDE64.npy
Constructing X
(10, 49152)
(10, 49152)
Getting indices to fit
err min max: 0.0 0.0
Training fitter
X_train: (0, 10) y_train: (0,)
Traceback (most recent call last):
  File "/oak/stanford/orgs/kipac/users/mahlet/quaia_bias/scripts/selection_function_map.py", line 600, in <module>
    parse_args()
  File "/oak/stanford/orgs/kipac/users/mahlet/quaia_bias/scripts/selection_function_map.py", line 46, in parse_args
    run(args.fn_catalog, args.fn_selfunc, fn_parentcat=args.fn_parentcat,
  File "/oak/stanford/orgs/kipac/users/mahlet/quaia_bias/scripts/selection_function_map.py", line 204, in run
    print("y_train min:", np.min(y_train), "y_train:", np.max(y_train), flush=True)
  File "/home/groups/tabel/mahlet/quaia-env/lib/python3.10/site-packages/numpy/core/fromnumeric.py", line 2953, in min
    return _wrapreduction(a, np.minimum, 'min', axis, None, out,
  File "/home/groups/tabel/mahlet/quaia-env/lib/python3.10/site-packages/numpy/core/fromnumeric.py", line 88, in _wrapreduction
    return ufunc.reduce(obj, axis, dtype, out, **passkwargs)
ValueError: zero-size array to reduction operation minimum which has no identity
allsky 
../data/randoms/random_G20.5_zsplit3bin2_Lsplit3bin1_25x.fits
Loading data
Number of data sources: 0
Estimating reduction factor
Traceback (most recent call last):
  File "/oak/stanford/orgs/kipac/users/mahlet/quaia_bias/scripts/generate_random.py", line 173, in <module>
    main()
  File "/oak/stanford/orgs/kipac/users/mahlet/quaia_bias/scripts/generate_random.py", line 79, in main
    run(fn_selfunc, NSIDE_map, fn_rand, allsky, fn_catalog=fn_catalog, fac_rand=fac_rand, overwrite=overwrite)
  File "/oak/stanford/orgs/kipac/users/mahlet/quaia_bias/scripts/generate_random.py", line 128, in run
    ra_rand, _ = subsample_by_probmap(NSIDE_map, rng, ra_rand_try, dec_rand_try, fn_selfunc, allsky)
  File "/oak/stanford/orgs/kipac/users/mahlet/quaia_bias/scripts/generate_random.py", line 161, in subsample_by_probmap
    map_p = hp.read_map(fn_selfunc)
  File "/home/groups/tabel/mahlet/quaia-env/lib/python3.10/site-packages/astropy/utils/decorators.py", line 604, in wrapper
    return function(*args, **kwargs)
  File "/home/groups/tabel/mahlet/quaia-env/lib/python3.10/site-packages/healpy/fitsfunc.py", line 369, in read_map
    filename = pf.open(filename, memmap=memmap)
  File "/home/groups/tabel/mahlet/quaia-env/lib/python3.10/site-packages/astropy/io/fits/hdu/hdulist.py", line 213, in fitsopen
    return HDUList.fromfile(
  File "/home/groups/tabel/mahlet/quaia-env/lib/python3.10/site-packages/astropy/io/fits/hdu/hdulist.py", line 476, in fromfile
    return cls._readfrom(
  File "/home/groups/tabel/mahlet/quaia-env/lib/python3.10/site-packages/astropy/io/fits/hdu/hdulist.py", line 1146, in _readfrom
    fileobj = _File(
  File "/home/groups/tabel/mahlet/quaia-env/lib/python3.10/site-packages/astropy/io/fits/file.py", line 217, in __init__
    self._open_filename(fileobj, mode, overwrite)
  File "/home/groups/tabel/mahlet/quaia-env/lib/python3.10/site-packages/astropy/io/fits/file.py", line 626, in _open_filename
    self._file = open(self.name, IO_FITS_MODES[mode])
FileNotFoundError: [Errno 2] No such file or directory: '../data/maps/selection_function_NSIDE64_G20.5_zsplit3bin2_Lsplit3bin1.fits'
