Starting batch job

G20.5: computing wp in 30 bins from 30.0 to 180.0 on a linear scale for 50 jackknife regions...

Pixels masked by MC but not already by selfunc: 35
G20.5_zmin0.0zmax1.0_Lmin-32.0Lmax-27.0: 0.59              754 vs 1860
/home/groups/tabel/mahlet/pyccl-env/lib/python3.12/site-packages/Corrfunc/utils.py:918: UserWarning: One or more input array has non-native endianness!  A copy will be made with the correct endianness.
  warnings.warn("One or more input array has non-native endianness!  A copy will"\
saved to _G20.5_rmin30.0_rmax180.0_nbins30_pimax80_zmin0.0zmax1.0_Lmin-32.0Lmax-27.0_N50_Planck_MC_b30
Pixels masked by MC but not already by selfunc: 88
G20.5_zmin0.0zmax1.0_Lmin-27.0Lmax-26.0: 0.50              5182 vs 10412
/home/groups/tabel/mahlet/pyccl-env/lib/python3.12/site-packages/Corrfunc/utils.py:918: UserWarning: One or more input array has non-native endianness!  A copy will be made with the correct endianness.
  warnings.warn("One or more input array has non-native endianness!  A copy will"\
saved to _G20.5_rmin30.0_rmax180.0_nbins30_pimax80_zmin0.0zmax1.0_Lmin-27.0Lmax-26.0_N50_Planck_MC_b30
Pixels masked by MC but not already by selfunc: 356
G20.5_zmin0.0zmax1.0_Lmin-26.0Lmax-25.0: 0.44              23434 vs 41931
/home/groups/tabel/mahlet/pyccl-env/lib/python3.12/site-packages/Corrfunc/utils.py:918: UserWarning: One or more input array has non-native endianness!  A copy will be made with the correct endianness.
  warnings.warn("One or more input array has non-native endianness!  A copy will"\
saved to _G20.5_rmin30.0_rmax180.0_nbins30_pimax80_zmin0.0zmax1.0_Lmin-26.0Lmax-25.0_N50_Planck_MC_b30
Pixels masked by MC but not already by selfunc: 1984
G20.5_zmin0.0zmax1.0_Lmin-25.0Lmax-20.0: 0.30              188995 vs 270122
/home/groups/tabel/mahlet/pyccl-env/lib/python3.12/site-packages/Corrfunc/utils.py:918: UserWarning: One or more input array has non-native endianness!  A copy will be made with the correct endianness.
  warnings.warn("One or more input array has non-native endianness!  A copy will"\
saved to _G20.5_rmin30.0_rmax180.0_nbins30_pimax80_zmin0.0zmax1.0_Lmin-25.0Lmax-20.0_N50_Planck_MC_b30
Pixels masked by MC but not already by selfunc: 365
G20.5_zmin1.0zmax2.0_Lmin-32.0Lmax-27.0: 0.46              20349 vs 38015
/home/groups/tabel/mahlet/pyccl-env/lib/python3.12/site-packages/Corrfunc/utils.py:918: UserWarning: One or more input array has non-native endianness!  A copy will be made with the correct endianness.
  warnings.warn("One or more input array has non-native endianness!  A copy will"\
saved to _G20.5_rmin30.0_rmax180.0_nbins30_pimax80_zmin1.0zmax2.0_Lmin-32.0Lmax-27.0_N50_Planck_MC_b30
Pixels masked by MC but not already by selfunc: 1173
G20.5_zmin1.0zmax2.0_Lmin-27.0Lmax-26.0: 0.39              88880 vs 144714
/home/groups/tabel/mahlet/pyccl-env/lib/python3.12/site-packages/Corrfunc/utils.py:918: UserWarning: One or more input array has non-native endianness!  A copy will be made with the correct endianness.
  warnings.warn("One or more input array has non-native endianness!  A copy will"\
saved to _G20.5_rmin30.0_rmax180.0_nbins30_pimax80_zmin1.0zmax2.0_Lmin-27.0Lmax-26.0_N50_Planck_MC_b30
Pixels masked by MC but not already by selfunc: 2268
G20.5_zmin1.0zmax2.0_Lmin-26.0Lmax-25.0: 0.29              224376 vs 316132
/home/groups/tabel/mahlet/pyccl-env/lib/python3.12/site-packages/Corrfunc/utils.py:918: UserWarning: One or more input array has non-native endianness!  A copy will be made with the correct endianness.
  warnings.warn("One or more input array has non-native endianness!  A copy will"\
saved to _G20.5_rmin30.0_rmax180.0_nbins30_pimax80_zmin1.0zmax2.0_Lmin-26.0Lmax-25.0_N50_Planck_MC_b30
Pixels masked by MC but not already by selfunc: 971
G20.5_zmin1.0zmax2.0_Lmin-25.0Lmax-20.0: 0.20              119623 vs 149321
/home/groups/tabel/mahlet/pyccl-env/lib/python3.12/site-packages/Corrfunc/utils.py:918: UserWarning: One or more input array has non-native endianness!  A copy will be made with the correct endianness.
  warnings.warn("One or more input array has non-native endianness!  A copy will"\
