Starting batch job

G20.5: computing wp in 30 bins from 30.0 to 180.0 on a linear scale for 50 jackknife regions...

0.6709454064119132
Pixels masked by MC but not already by selfunc: 40
G20.5_zmin0.0zmax1.0_Lmin-32.0Lmax-27.0: 0.34              1226 vs 1860
[Warning] The CPU supports AVX512F but the compiler does not.  Can you try another compiler?
/home/groups/tabel/mahlet/pyccl-env/lib/python3.12/site-packages/Corrfunc/utils.py:918: UserWarning: One or more input array has non-native endianness!  A copy will be made with the correct endianness.
  warnings.warn("One or more input array has non-native endianness!  A copy will"\
DD: 0.0018989999999999999
DR: 0.033911
RR: 0.537655
DD: 0.00133
DR: 0.033721999999999995
RR: 0.539606
DD: 0.0013729999999999999
DR: 0.034337
RR: 0.541218
DD: 0.001383
DR: 0.034270999999999996
RR: 0.5453140000000001
DD: 0.0013599999999999999
DR: 0.03403
RR: 0.542099
DD: 0.001356
DR: 0.033444999999999996
RR: 0.540815
DD: 0.0013239999999999999
DR: 0.031786
RR: 0.527168
DD: 0.001295
DR: 0.03155
RR: 0.517914
DD: 0.001274
DR: 0.031513
RR: 0.521609
DD: 0.00131
DR: 0.032181
RR: 0.5262399999999999
DD: 0.001331
DR: 0.032961
RR: 0.537747
DD: 0.001292
DR: 0.033169
RR: 0.533038
DD: 0.001344
DR: 0.03338
RR: 0.5249060000000001
DD: 0.001348
DR: 0.03462
RR: 0.544021
DD: 0.001349
DR: 0.03386100000000003
RR: 0.545055
DD: 0.0014269999999999999
DR: 0.034221999999999995
RR: 0.5434140000000001
DD: 0.001364
DR: 0.034303
RR: 0.5321009999999999
DD: 0.001379
DR: 0.03393
RR: 0.523641
DD: 0.001359
DR: 0.034242
RR: 0.521731
DD: 0.0013499999999999999
DR: 0.034131
RR: 0.515105
DD: 0.00131
DR: 0.033692
RR: 0.510575
DD: 0.00138
DR: 0.033344
RR: 0.516954
DD: 0.001325
DR: 0.033791
RR: 0.5105310000000001
DD: 0.001375
DR: 0.03372
RR: 0.515403
DD: 0.001302
DR: 0.033324
RR: 0.5077320000000001
DD: 0.001343
DR: 0.032283
RR: 0.513405
DD: 0.001366
DR: 0.032632
RR: 0.513817
DD: 0.001348
DR: 0.032792999999999996
RR: 0.5138929999999999
DD: 0.001372
DR: 0.03286300000000009
RR: 0.5064299999999999
DD: 0.00137
DR: 0.032612999999999996
RR: 0.509128
DD: 0.001374
DR: 0.032699
RR: 0.50876
DD: 0.001335
DR: 0.033082
RR: 0.512622
DD: 0.001361
DR: 0.033512
RR: 0.522119
DD: 0.0013809999999999998
DR: 0.033416
RR: 0.530567
DD: 0.0013449999999999998
DR: 0.03322
RR: 0.5260969999999999
DD: 0.001369
DR: 0.033777
RR: 0.5349360000000001
DD: 0.0013469999999999999
DR: 0.03331
RR: 0.531
DD: 0.001388
DR: 0.033357
RR: 0.5379189999999999
DD: 0.001369
DR: 0.033962
RR: 0.535899
DD: 0.0014399999999999999
DR: 0.03424
RR: 0.544966
DD: 0.001366
DR: 0.034249
RR: 0.548745
DD: 0.001357
DR: 0.033242
RR: 0.536287
DD: 0.001365
DR: 0.033271999999999996
RR: 0.5331859999999999
DD: 0.001366
DR: 0.033977
RR: 0.535683
DD: 0.001357
DR: 0.033867999999999995
RR: 0.546261
DD: 0.001352
DR: 0.033964
RR: 0.538865
DD: 0.0013729999999999999
DR: 0.033969
RR: 0.546154
DD: 0.00137
DR: 0.034279
RR: 0.539432
DD: 0.0013959999999999999
DR: 0.033748
RR: 0.539291
DD: 0.0013629999999999998
DR: 0.034817
RR: 0.538135
saved to _G20.5_rmin30.0_rmax180.0_nbins30_pimax80_zmin0.0zmax1.0_Lmin-32.0Lmax-27.0_N50_Planck_MC_mask0.5
0.4024413828706144
Pixels masked by MC but not already by selfunc: 353
G20.5_zmin1.0zmax2.0_Lmin-32.0Lmax-27.0: 0.36              24196 vs 38015
/home/groups/tabel/mahlet/pyccl-env/lib/python3.12/site-packages/Corrfunc/utils.py:918: UserWarning: One or more input array has non-native endianness!  A copy will be made with the correct endianness.
  warnings.warn("One or more input array has non-native endianness!  A copy will"\
DD: 0.388393
DR: 9.898638
RR: 217.756987
DD: 0.4013570000000001
DR: 10.081023
RR: 219.917625
DD: 0.398528
DR: 9.984303
RR: 217.426616
DD: 0.398653
DR: 9.948297
RR: 216.707267
DD: 0.398312
DR: 9.922074
RR: 216.339585
DD: 0.398641
DR: 9.837625
RR: 215.649085
DD: 0.388231
DR: 9.724219
RR: 211.898518
DD: 0.388567
DR: 9.808697
RR: 213.578005
DD: 0.388847
DR: 9.842451
RR: 214.398415
DD: 0.39814499999999997
DR: 9.973158
RR: 219.6031
DD: 0.408945
DR: 10.101059
RR: 219.631274
DD: 0.405668
DR: 10.103037
RR: 220.175964
DD: 0.412197
DR: 10.112658
RR: 220.144612
DD: 0.40873299999999996
DR: 10.008145
RR: 220.668294
DD: 0.4035540000000001
DR: 9.869302
RR: 216.39556
DD: 0.401508
DR: 9.859915
RR: 216.497225
DD: 0.406656
DR: 10.173312
RR: 222.778345
DD: 0.40909799999999996
DR: 10.262229
RR: 222.842614
DD: 0.410251
DR: 10.351561
RR: 224.452975
DD: 0.41296600000000006
DR: 10.478256
RR: 225.408237
DD: 0.419371
DR: 10.52332
RR: 224.828171
DD: 0.41864599999999996
DR: 10.551207999999999
RR: 225.315911
DD: 0.420896
DR: 10.719184
RR: 228.428202
DD: 0.414668
DR: 10.624647
RR: 226.973928
DD: 0.42024999999999996
DR: 10.613687
RR: 226.400115
DD: 0.39752499999999996
DR: 10.846028
RR: 226.712893
DD: 0.402045
DR: 10.851483
RR: 227.662641
DD: 0.4041100000000001
DR: 10.876003
RR: 227.635006
DD: 0.40286600000000006
DR: 10.874843
RR: 227.928671
DD: 0.40321999999999997
DR: 10.890165
RR: 227.491056
DD: 0.401949
DR: 10.872942
RR: 226.711333
DD: 0.39904700000000004
DR: 10.940207
RR: 225.145761
DD: 0.39429500000000006
DR: 10.890474
RR: 222.720056
DD: 0.39106300000000005
DR: 10.902387
RR: 221.704133
DD: 0.39883199999999996
DR: 10.943307
RR: 220.577631
DD: 0.407848
DR: 10.887513
RR: 223.044261
DD: 0.417931
DR: 10.859065
RR: 227.083163
DD: 0.421311
DR: 10.915944
RR: 226.803835
DD: 0.417697
DR: 10.880728
RR: 225.882266
DD: 0.405798
DR: 10.895805
RR: 222.99826
DD: 0.401559
DR: 10.88021
RR: 219.787915
DD: 0.390459
DR: 10.885599
RR: 219.907937
DD: 0.401264
DR: 10.907883
RR: 216.587726
DD: 0.40376600000000007
DR: 10.899403
RR: 217.268344
DD: 0.40376999999999996
DR: 10.926617
RR: 217.127973
DD: 0.411138
DR: 10.885896
RR: 225.572491
DD: 0.41544
DR: 10.896205
RR: 223.709651
DD: 0.415018
DR: 10.844979
RR: 223.612205
DD: 0.42001499999999997
DR: 10.887275
RR: 222.915165
DD: 0.429351
DR: 10.780936
RR: 230.988547
saved to _G20.5_rmin30.0_rmax180.0_nbins30_pimax80_zmin1.0zmax2.0_Lmin-32.0Lmax-27.0_N50_Planck_MC_mask0.5
0.7780317247297315
Pixels masked by MC but not already by selfunc: 994
G20.5_zmin2.0zmax3.0_Lmin-32.0Lmax-27.0: 0.35              66160 vs 102196
/home/groups/tabel/mahlet/pyccl-env/lib/python3.12/site-packages/Corrfunc/utils.py:918: UserWarning: One or more input array has non-native endianness!  A copy will be made with the correct endianness.
  warnings.warn("One or more input array has non-native endianness!  A copy will"\
DD: 3.027384
DR: 77.900017
RR: 1725.318046
DD: 3.048691
DR: 75.000558
[2026-05-12T07:04:58.008] error: *** JOB 24767738 ON sh04-11n13 CANCELLED AT 2026-05-12T07:04:58 DUE TO TIME LIMIT ***
