
CommandNotFoundError: Your shell has not been properly configured to use 'conda activate'.
To initialize your shell, run

    $ conda init <SHELL_NAME>

Currently supported shells are:
  - bash
  - fish
  - tcsh
  - xonsh
  - zsh
  - powershell

See 'conda init --help' for more information and options.

IMPORTANT: You may need to close and restart your shell after running 'conda init'.


L_bins: [-28.0, -26.0, -24.0, -22.0, -20.0], setting n_Lbins=4
Lbins: [-28.0, -26.0, -24.0, -22.0, -20.0]
n_Lbins: 4
Lmin: -27.99993979849718
Lmax: -26.00000598249098
Wrote table with 458263 objects to ../data/quaia_G20.5_Lmin-28.0Lmax-26.0.fits
Lmin: -25.999999052479133
Lmax: -24.00000743910973
Wrote table with 646971 objects to ../data/quaia_G20.5_Lmin-26.0Lmax-24.0.fits
Lmin: -23.999995324869566
Lmax: -22.000083022859798
Wrote table with 146004 objects to ../data/quaia_G20.5_Lmin-24.0Lmax-22.0.fits
Lmin: -21.999957630038118
Lmax: -20.05062846457238
Wrote table with 12035 objects to ../data/quaia_G20.5_Lmin-22.0Lmax-20.0.fits
L_bins: [-28.0, -26.0, -24.0, -22.0, -20.0], setting n_Lbins=4
Lbins: [-28.0, -26.0, -24.0, -22.0, -20.0]
n_Lbins: 4
Lmin: -27.999965330193763
Lmax: -26.00000095413457
Wrote table with 335369 objects to ../data/quaia_G20.0_Lmin-28.0Lmax-26.0.fits
Lmin: -25.99999824906886
Lmax: -24.000004446517018
Wrote table with 317040 objects to ../data/quaia_G20.0_Lmin-26.0Lmax-24.0.fits
Lmin: -23.999998756149402
Lmax: -22.00001700073094
Wrote table with 65910 objects to ../data/quaia_G20.0_Lmin-24.0Lmax-22.0.fits
Lmin: -21.99987106087039
Lmax: -20.253611104942834
Wrote table with 6748 objects to ../data/quaia_G20.0_Lmin-22.0Lmax-20.0.fits
(standard_in) 1: syntax error
Submitted batch job 5641553
(standard_in) 1: syntax error
Submitted batch job 5641554
(standard_in) 1: syntax error
Submitted batch job 5641555
(standard_in) 1: syntax error
Submitted batch job 5641556
(standard_in) 1: syntax error
Submitted batch job 5641557
(standard_in) 1: syntax error
Submitted batch job 5641558
(standard_in) 1: syntax error
Submitted batch job 5641559
(standard_in) 1: syntax error
Submitted batch job 5641560
