Starting batch job
/oak/stanford/orgs/kipac/users/mahlet/quaia_bias/scripts/sample.py:443: SyntaxWarning: invalid escape sequence '\g'
  fig.suptitle('$M_i\geq{}, {:.1f}<z \leq{:.1f}$'.format(args.Lmax, args.zmin, args.zmax), fontsize = 20, y = 0.975, x = 0.575)
/oak/stanford/orgs/kipac/users/mahlet/quaia_bias/scripts/sample.py:454: SyntaxWarning: invalid escape sequence '\g'
  fig.suptitle('$M_i\geq{}, {:.1f}<z \leq{:.1f}$'.format(args.Lmax, args.zmin, args.zmax), fontsize = 20, y = 1, x = 0.375)
/home/groups/tabel/mahlet/pyccl-env/lib/python3.12/site-packages/mcfit/kernels.py:10: SyntaxWarning: invalid escape sequence '\l'
  """Real deriv is wrt :math:`t`, complex deriv is wrt :math:`\ln t`"""
Pixels masked by MC but not already by selfunc: 1053
G20.5_zmin2.0zmax3.0_Lmax-27.0: 0.37              64747 vs 103123
running new sampler
/oak/stanford/orgs/kipac/users/mahlet/quaia_bias/scripts/sample.py:443: SyntaxWarning: invalid escape sequence '\g'
  fig.suptitle('$M_i\geq{}, {:.1f}<z \leq{:.1f}$'.format(args.Lmax, args.zmin, args.zmax), fontsize = 20, y = 0.975, x = 0.575)
/oak/stanford/orgs/kipac/users/mahlet/quaia_bias/scripts/sample.py:454: SyntaxWarning: invalid escape sequence '\g'
  fig.suptitle('$M_i\geq{}, {:.1f}<z \leq{:.1f}$'.format(args.Lmax, args.zmin, args.zmax), fontsize = 20, y = 1, x = 0.375)
/oak/stanford/orgs/kipac/users/mahlet/quaia_bias/scripts/sample.py:443: SyntaxWarning: invalid escape sequence '\g'
  fig.suptitle('$M_i\geq{}, {:.1f}<z \leq{:.1f}$'.format(args.Lmax, args.zmin, args.zmax), fontsize = 20, y = 0.975, x = 0.575)
/oak/stanford/orgs/kipac/users/mahlet/quaia_bias/scripts/sample.py:454: SyntaxWarning: invalid escape sequence '\g'
  fig.suptitle('$M_i\geq{}, {:.1f}<z \leq{:.1f}$'.format(args.Lmax, args.zmin, args.zmax), fontsize = 20, y = 1, x = 0.375)
/oak/stanford/orgs/kipac/users/mahlet/quaia_bias/scripts/sample.py:443: SyntaxWarning: invalid escape sequence '\g'
  fig.suptitle('$M_i\geq{}, {:.1f}<z \leq{:.1f}$'.format(args.Lmax, args.zmin, args.zmax), fontsize = 20, y = 0.975, x = 0.575)
/oak/stanford/orgs/kipac/users/mahlet/quaia_bias/scripts/sample.py:454: SyntaxWarning: invalid escape sequence '\g'
  fig.suptitle('$M_i\geq{}, {:.1f}<z \leq{:.1f}$'.format(args.Lmax, args.zmin, args.zmax), fontsize = 20, y = 1, x = 0.375)
/oak/stanford/orgs/kipac/users/mahlet/quaia_bias/scripts/sample.py:443: SyntaxWarning: invalid escape sequence '\g'
  fig.suptitle('$M_i\geq{}, {:.1f}<z \leq{:.1f}$'.format(args.Lmax, args.zmin, args.zmax), fontsize = 20, y = 0.975, x = 0.575)
/oak/stanford/orgs/kipac/users/mahlet/quaia_bias/scripts/sample.py:443: SyntaxWarning: invalid escape sequence '\g'
  fig.suptitle('$M_i\geq{}, {:.1f}<z \leq{:.1f}$'.format(args.Lmax, args.zmin, args.zmax), fontsize = 20, y = 0.975, x = 0.575)
/oak/stanford/orgs/kipac/users/mahlet/quaia_bias/scripts/sample.py:454: SyntaxWarning: invalid escape sequence '\g'
  fig.suptitle('$M_i\geq{}, {:.1f}<z \leq{:.1f}$'.format(args.Lmax, args.zmin, args.zmax), fontsize = 20, y = 1, x = 0.375)
/oak/stanford/orgs/kipac/users/mahlet/quaia_bias/scripts/sample.py:454: SyntaxWarning: invalid escape sequence '\g'
  fig.suptitle('$M_i\geq{}, {:.1f}<z \leq{:.1f}$'.format(args.Lmax, args.zmin, args.zmax), fontsize = 20, y = 1, x = 0.375)
/oak/stanford/orgs/kipac/users/mahlet/quaia_bias/scripts/sample.py:443: SyntaxWarning: invalid escape sequence '\g'
  fig.suptitle('$M_i\geq{}, {:.1f}<z \leq{:.1f}$'.format(args.Lmax, args.zmin, args.zmax), fontsize = 20, y = 0.975, x = 0.575)
/oak/stanford/orgs/kipac/users/mahlet/quaia_bias/scripts/sample.py:454: SyntaxWarning: invalid escape sequence '\g'
  fig.suptitle('$M_i\geq{}, {:.1f}<z \leq{:.1f}$'.format(args.Lmax, args.zmin, args.zmax), fontsize = 20, y = 1, x = 0.375)
/oak/stanford/orgs/kipac/users/mahlet/quaia_bias/scripts/sample.py:443: SyntaxWarning: invalid escape sequence '\g'
  fig.suptitle('$M_i\geq{}, {:.1f}<z \leq{:.1f}$'.format(args.Lmax, args.zmin, args.zmax), fontsize = 20, y = 0.975, x = 0.575)
/oak/stanford/orgs/kipac/users/mahlet/quaia_bias/scripts/sample.py:454: SyntaxWarning: invalid escape sequence '\g'
  fig.suptitle('$M_i\geq{}, {:.1f}<z \leq{:.1f}$'.format(args.Lmax, args.zmin, args.zmax), fontsize = 20, y = 1, x = 0.375)
/oak/stanford/orgs/kipac/users/mahlet/quaia_bias/scripts/sample.py:443: SyntaxWarning: invalid escape sequence '\g'
  fig.suptitle('$M_i\geq{}, {:.1f}<z \leq{:.1f}$'.format(args.Lmax, args.zmin, args.zmax), fontsize = 20, y = 0.975, x = 0.575)
/oak/stanford/orgs/kipac/users/mahlet/quaia_bias/scripts/sample.py:454: SyntaxWarning: invalid escape sequence '\g'
  fig.suptitle('$M_i\geq{}, {:.1f}<z \leq{:.1f}$'.format(args.Lmax, args.zmin, args.zmax), fontsize = 20, y = 1, x = 0.375)
/oak/stanford/orgs/kipac/users/mahlet/quaia_bias/scripts/sample.py:443: SyntaxWarning: invalid escape sequence '\g'
  fig.suptitle('$M_i\geq{}, {:.1f}<z \leq{:.1f}$'.format(args.Lmax, args.zmin, args.zmax), fontsize = 20, y = 0.975, x = 0.575)
/oak/stanford/orgs/kipac/users/mahlet/quaia_bias/scripts/sample.py:454: SyntaxWarning: invalid escape sequence '\g'
  fig.suptitle('$M_i\geq{}, {:.1f}<z \leq{:.1f}$'.format(args.Lmax, args.zmin, args.zmax), fontsize = 20, y = 1, x = 0.375)
/oak/stanford/orgs/kipac/users/mahlet/quaia_bias/scripts/sample.py:443: SyntaxWarning: invalid escape sequence '\g'
  fig.suptitle('$M_i\geq{}, {:.1f}<z \leq{:.1f}$'.format(args.Lmax, args.zmin, args.zmax), fontsize = 20, y = 0.975, x = 0.575)
/oak/stanford/orgs/kipac/users/mahlet/quaia_bias/scripts/sample.py:454: SyntaxWarning: invalid escape sequence '\g'
  fig.suptitle('$M_i\geq{}, {:.1f}<z \leq{:.1f}$'.format(args.Lmax, args.zmin, args.zmax), fontsize = 20, y = 1, x = 0.375)
/oak/stanford/orgs/kipac/users/mahlet/quaia_bias/scripts/sample.py:443: SyntaxWarning: invalid escape sequence '\g'
  fig.suptitle('$M_i\geq{}, {:.1f}<z \leq{:.1f}$'.format(args.Lmax, args.zmin, args.zmax), fontsize = 20, y = 0.975, x = 0.575)
/oak/stanford/orgs/kipac/users/mahlet/quaia_bias/scripts/sample.py:454: SyntaxWarning: invalid escape sequence '\g'
  fig.suptitle('$M_i\geq{}, {:.1f}<z \leq{:.1f}$'.format(args.Lmax, args.zmin, args.zmax), fontsize = 20, y = 1, x = 0.375)
/oak/stanford/orgs/kipac/users/mahlet/quaia_bias/scripts/sample.py:443: SyntaxWarning: invalid escape sequence '\g'
  fig.suptitle('$M_i\geq{}, {:.1f}<z \leq{:.1f}$'.format(args.Lmax, args.zmin, args.zmax), fontsize = 20, y = 0.975, x = 0.575)
/oak/stanford/orgs/kipac/users/mahlet/quaia_bias/scripts/sample.py:454: SyntaxWarning: invalid escape sequence '\g'
  fig.suptitle('$M_i\geq{}, {:.1f}<z \leq{:.1f}$'.format(args.Lmax, args.zmin, args.zmax), fontsize = 20, y = 1, x = 0.375)
/oak/stanford/orgs/kipac/users/mahlet/quaia_bias/scripts/sample.py:443: SyntaxWarning: invalid escape sequence '\g'
  fig.suptitle('$M_i\geq{}, {:.1f}<z \leq{:.1f}$'.format(args.Lmax, args.zmin, args.zmax), fontsize = 20, y = 0.975, x = 0.575)
/oak/stanford/orgs/kipac/users/mahlet/quaia_bias/scripts/sample.py:454: SyntaxWarning: invalid escape sequence '\g'
  fig.suptitle('$M_i\geq{}, {:.1f}<z \leq{:.1f}$'.format(args.Lmax, args.zmin, args.zmax), fontsize = 20, y = 1, x = 0.375)
/oak/stanford/orgs/kipac/users/mahlet/quaia_bias/scripts/sample.py:443: SyntaxWarning: invalid escape sequence '\g'
  fig.suptitle('$M_i\geq{}, {:.1f}<z \leq{:.1f}$'.format(args.Lmax, args.zmin, args.zmax), fontsize = 20, y = 0.975, x = 0.575)
/oak/stanford/orgs/kipac/users/mahlet/quaia_bias/scripts/sample.py:454: SyntaxWarning: invalid escape sequence '\g'
  fig.suptitle('$M_i\geq{}, {:.1f}<z \leq{:.1f}$'.format(args.Lmax, args.zmin, args.zmax), fontsize = 20, y = 1, x = 0.375)
/oak/stanford/orgs/kipac/users/mahlet/quaia_bias/scripts/sample.py:443: SyntaxWarning: invalid escape sequence '\g'
  fig.suptitle('$M_i\geq{}, {:.1f}<z \leq{:.1f}$'.format(args.Lmax, args.zmin, args.zmax), fontsize = 20, y = 0.975, x = 0.575)
/oak/stanford/orgs/kipac/users/mahlet/quaia_bias/scripts/sample.py:454: SyntaxWarning: invalid escape sequence '\g'
  fig.suptitle('$M_i\geq{}, {:.1f}<z \leq{:.1f}$'.format(args.Lmax, args.zmin, args.zmax), fontsize = 20, y = 1, x = 0.375)
/oak/stanford/orgs/kipac/users/mahlet/quaia_bias/scripts/sample.py:443: SyntaxWarning: invalid escape sequence '\g'
  fig.suptitle('$M_i\geq{}, {:.1f}<z \leq{:.1f}$'.format(args.Lmax, args.zmin, args.zmax), fontsize = 20, y = 0.975, x = 0.575)
/oak/stanford/orgs/kipac/users/mahlet/quaia_bias/scripts/sample.py:454: SyntaxWarning: invalid escape sequence '\g'
  fig.suptitle('$M_i\geq{}, {:.1f}<z \leq{:.1f}$'.format(args.Lmax, args.zmin, args.zmax), fontsize = 20, y = 1, x = 0.375)
/oak/stanford/orgs/kipac/users/mahlet/quaia_bias/scripts/sample.py:443: SyntaxWarning: invalid escape sequence '\g'
  fig.suptitle('$M_i\geq{}, {:.1f}<z \leq{:.1f}$'.format(args.Lmax, args.zmin, args.zmax), fontsize = 20, y = 0.975, x = 0.575)
/oak/stanford/orgs/kipac/users/mahlet/quaia_bias/scripts/sample.py:454: SyntaxWarning: invalid escape sequence '\g'
  fig.suptitle('$M_i\geq{}, {:.1f}<z \leq{:.1f}$'.format(args.Lmax, args.zmin, args.zmax), fontsize = 20, y = 1, x = 0.375)
/oak/stanford/orgs/kipac/users/mahlet/quaia_bias/scripts/sample.py:443: SyntaxWarning: invalid escape sequence '\g'
  fig.suptitle('$M_i\geq{}, {:.1f}<z \leq{:.1f}$'.format(args.Lmax, args.zmin, args.zmax), fontsize = 20, y = 0.975, x = 0.575)
/oak/stanford/orgs/kipac/users/mahlet/quaia_bias/scripts/sample.py:454: SyntaxWarning: invalid escape sequence '\g'
  fig.suptitle('$M_i\geq{}, {:.1f}<z \leq{:.1f}$'.format(args.Lmax, args.zmin, args.zmax), fontsize = 20, y = 1, x = 0.375)
/oak/stanford/orgs/kipac/users/mahlet/quaia_bias/scripts/sample.py:443: SyntaxWarning: invalid escape sequence '\g'
  fig.suptitle('$M_i\geq{}, {:.1f}<z \leq{:.1f}$'.format(args.Lmax, args.zmin, args.zmax), fontsize = 20, y = 0.975, x = 0.575)
/oak/stanford/orgs/kipac/users/mahlet/quaia_bias/scripts/sample.py:454: SyntaxWarning: invalid escape sequence '\g'
  fig.suptitle('$M_i\geq{}, {:.1f}<z \leq{:.1f}$'.format(args.Lmax, args.zmin, args.zmax), fontsize = 20, y = 1, x = 0.375)
/oak/stanford/orgs/kipac/users/mahlet/quaia_bias/scripts/sample.py:443: SyntaxWarning: invalid escape sequence '\g'
  fig.suptitle('$M_i\geq{}, {:.1f}<z \leq{:.1f}$'.format(args.Lmax, args.zmin, args.zmax), fontsize = 20, y = 0.975, x = 0.575)
/oak/stanford/orgs/kipac/users/mahlet/quaia_bias/scripts/sample.py:454: SyntaxWarning: invalid escape sequence '\g'
  fig.suptitle('$M_i\geq{}, {:.1f}<z \leq{:.1f}$'.format(args.Lmax, args.zmin, args.zmax), fontsize = 20, y = 1, x = 0.375)
/oak/stanford/orgs/kipac/users/mahlet/quaia_bias/scripts/sample.py:443: SyntaxWarning: invalid escape sequence '\g'
  fig.suptitle('$M_i\geq{}, {:.1f}<z \leq{:.1f}$'.format(args.Lmax, args.zmin, args.zmax), fontsize = 20, y = 0.975, x = 0.575)
/oak/stanford/orgs/kipac/users/mahlet/quaia_bias/scripts/sample.py:454: SyntaxWarning: invalid escape sequence '\g'
  fig.suptitle('$M_i\geq{}, {:.1f}<z \leq{:.1f}$'.format(args.Lmax, args.zmin, args.zmax), fontsize = 20, y = 1, x = 0.375)
/oak/stanford/orgs/kipac/users/mahlet/quaia_bias/scripts/sample.py:443: SyntaxWarning: invalid escape sequence '\g'
  fig.suptitle('$M_i\geq{}, {:.1f}<z \leq{:.1f}$'.format(args.Lmax, args.zmin, args.zmax), fontsize = 20, y = 0.975, x = 0.575)
/oak/stanford/orgs/kipac/users/mahlet/quaia_bias/scripts/sample.py:454: SyntaxWarning: invalid escape sequence '\g'
  fig.suptitle('$M_i\geq{}, {:.1f}<z \leq{:.1f}$'.format(args.Lmax, args.zmin, args.zmax), fontsize = 20, y = 1, x = 0.375)
/oak/stanford/orgs/kipac/users/mahlet/quaia_bias/scripts/sample.py:443: SyntaxWarning: invalid escape sequence '\g'
  fig.suptitle('$M_i\geq{}, {:.1f}<z \leq{:.1f}$'.format(args.Lmax, args.zmin, args.zmax), fontsize = 20, y = 0.975, x = 0.575)
/oak/stanford/orgs/kipac/users/mahlet/quaia_bias/scripts/sample.py:454: SyntaxWarning: invalid escape sequence '\g'
  fig.suptitle('$M_i\geq{}, {:.1f}<z \leq{:.1f}$'.format(args.Lmax, args.zmin, args.zmax), fontsize = 20, y = 1, x = 0.375)
/oak/stanford/orgs/kipac/users/mahlet/quaia_bias/scripts/sample.py:443: SyntaxWarning: invalid escape sequence '\g'
  fig.suptitle('$M_i\geq{}, {:.1f}<z \leq{:.1f}$'.format(args.Lmax, args.zmin, args.zmax), fontsize = 20, y = 0.975, x = 0.575)
/oak/stanford/orgs/kipac/users/mahlet/quaia_bias/scripts/sample.py:454: SyntaxWarning: invalid escape sequence '\g'
  fig.suptitle('$M_i\geq{}, {:.1f}<z \leq{:.1f}$'.format(args.Lmax, args.zmin, args.zmax), fontsize = 20, y = 1, x = 0.375)
/oak/stanford/orgs/kipac/users/mahlet/quaia_bias/scripts/sample.py:443: SyntaxWarning: invalid escape sequence '\g'
  fig.suptitle('$M_i\geq{}, {:.1f}<z \leq{:.1f}$'.format(args.Lmax, args.zmin, args.zmax), fontsize = 20, y = 0.975, x = 0.575)
/oak/stanford/orgs/kipac/users/mahlet/quaia_bias/scripts/sample.py:454: SyntaxWarning: invalid escape sequence '\g'
  fig.suptitle('$M_i\geq{}, {:.1f}<z \leq{:.1f}$'.format(args.Lmax, args.zmin, args.zmax), fontsize = 20, y = 1, x = 0.375)
/oak/stanford/orgs/kipac/users/mahlet/quaia_bias/scripts/sample.py:443: SyntaxWarning: invalid escape sequence '\g'
  fig.suptitle('$M_i\geq{}, {:.1f}<z \leq{:.1f}$'.format(args.Lmax, args.zmin, args.zmax), fontsize = 20, y = 0.975, x = 0.575)
/oak/stanford/orgs/kipac/users/mahlet/quaia_bias/scripts/sample.py:454: SyntaxWarning: invalid escape sequence '\g'
  fig.suptitle('$M_i\geq{}, {:.1f}<z \leq{:.1f}$'.format(args.Lmax, args.zmin, args.zmax), fontsize = 20, y = 1, x = 0.375)
/oak/stanford/orgs/kipac/users/mahlet/quaia_bias/scripts/sample.py:443: SyntaxWarning: invalid escape sequence '\g'
  fig.suptitle('$M_i\geq{}, {:.1f}<z \leq{:.1f}$'.format(args.Lmax, args.zmin, args.zmax), fontsize = 20, y = 0.975, x = 0.575)
/oak/stanford/orgs/kipac/users/mahlet/quaia_bias/scripts/sample.py:454: SyntaxWarning: invalid escape sequence '\g'
  fig.suptitle('$M_i\geq{}, {:.1f}<z \leq{:.1f}$'.format(args.Lmax, args.zmin, args.zmax), fontsize = 20, y = 1, x = 0.375)
/oak/stanford/orgs/kipac/users/mahlet/quaia_bias/scripts/sample.py:443: SyntaxWarning: invalid escape sequence '\g'
  fig.suptitle('$M_i\geq{}, {:.1f}<z \leq{:.1f}$'.format(args.Lmax, args.zmin, args.zmax), fontsize = 20, y = 0.975, x = 0.575)
/oak/stanford/orgs/kipac/users/mahlet/quaia_bias/scripts/sample.py:454: SyntaxWarning: invalid escape sequence '\g'
  fig.suptitle('$M_i\geq{}, {:.1f}<z \leq{:.1f}$'.format(args.Lmax, args.zmin, args.zmax), fontsize = 20, y = 1, x = 0.375)
/oak/stanford/orgs/kipac/users/mahlet/quaia_bias/scripts/sample.py:443: SyntaxWarning: invalid escape sequence '\g'
  fig.suptitle('$M_i\geq{}, {:.1f}<z \leq{:.1f}$'.format(args.Lmax, args.zmin, args.zmax), fontsize = 20, y = 0.975, x = 0.575)
/oak/stanford/orgs/kipac/users/mahlet/quaia_bias/scripts/sample.py:454: SyntaxWarning: invalid escape sequence '\g'
  fig.suptitle('$M_i\geq{}, {:.1f}<z \leq{:.1f}$'.format(args.Lmax, args.zmin, args.zmax), fontsize = 20, y = 1, x = 0.375)
/oak/stanford/orgs/kipac/users/mahlet/quaia_bias/scripts/sample.py:443: SyntaxWarning: invalid escape sequence '\g'
  fig.suptitle('$M_i\geq{}, {:.1f}<z \leq{:.1f}$'.format(args.Lmax, args.zmin, args.zmax), fontsize = 20, y = 0.975, x = 0.575)
/oak/stanford/orgs/kipac/users/mahlet/quaia_bias/scripts/sample.py:454: SyntaxWarning: invalid escape sequence '\g'
  fig.suptitle('$M_i\geq{}, {:.1f}<z \leq{:.1f}$'.format(args.Lmax, args.zmin, args.zmax), fontsize = 20, y = 1, x = 0.375)
/oak/stanford/orgs/kipac/users/mahlet/quaia_bias/scripts/sample.py:443: SyntaxWarning: invalid escape sequence '\g'
  fig.suptitle('$M_i\geq{}, {:.1f}<z \leq{:.1f}$'.format(args.Lmax, args.zmin, args.zmax), fontsize = 20, y = 0.975, x = 0.575)
/oak/stanford/orgs/kipac/users/mahlet/quaia_bias/scripts/sample.py:454: SyntaxWarning: invalid escape sequence '\g'
  fig.suptitle('$M_i\geq{}, {:.1f}<z \leq{:.1f}$'.format(args.Lmax, args.zmin, args.zmax), fontsize = 20, y = 1, x = 0.375)
/oak/stanford/orgs/kipac/users/mahlet/quaia_bias/scripts/sample.py:443: SyntaxWarning: invalid escape sequence '\g'
  fig.suptitle('$M_i\geq{}, {:.1f}<z \leq{:.1f}$'.format(args.Lmax, args.zmin, args.zmax), fontsize = 20, y = 0.975, x = 0.575)
/oak/stanford/orgs/kipac/users/mahlet/quaia_bias/scripts/sample.py:454: SyntaxWarning: invalid escape sequence '\g'
  fig.suptitle('$M_i\geq{}, {:.1f}<z \leq{:.1f}$'.format(args.Lmax, args.zmin, args.zmax), fontsize = 20, y = 1, x = 0.375)
/oak/stanford/orgs/kipac/users/mahlet/quaia_bias/scripts/sample.py:443: SyntaxWarning: invalid escape sequence '\g'
  fig.suptitle('$M_i\geq{}, {:.1f}<z \leq{:.1f}$'.format(args.Lmax, args.zmin, args.zmax), fontsize = 20, y = 0.975, x = 0.575)
/oak/stanford/orgs/kipac/users/mahlet/quaia_bias/scripts/sample.py:454: SyntaxWarning: invalid escape sequence '\g'
  fig.suptitle('$M_i\geq{}, {:.1f}<z \leq{:.1f}$'.format(args.Lmax, args.zmin, args.zmax), fontsize = 20, y = 1, x = 0.375)
/oak/stanford/orgs/kipac/users/mahlet/quaia_bias/scripts/sample.py:443: SyntaxWarning: invalid escape sequence '\g'
  fig.suptitle('$M_i\geq{}, {:.1f}<z \leq{:.1f}$'.format(args.Lmax, args.zmin, args.zmax), fontsize = 20, y = 0.975, x = 0.575)
/oak/stanford/orgs/kipac/users/mahlet/quaia_bias/scripts/sample.py:454: SyntaxWarning: invalid escape sequence '\g'
  fig.suptitle('$M_i\geq{}, {:.1f}<z \leq{:.1f}$'.format(args.Lmax, args.zmin, args.zmax), fontsize = 20, y = 1, x = 0.375)
/oak/stanford/orgs/kipac/users/mahlet/quaia_bias/scripts/sample.py:443: SyntaxWarning: invalid escape sequence '\g'
  fig.suptitle('$M_i\geq{}, {:.1f}<z \leq{:.1f}$'.format(args.Lmax, args.zmin, args.zmax), fontsize = 20, y = 0.975, x = 0.575)
/oak/stanford/orgs/kipac/users/mahlet/quaia_bias/scripts/sample.py:454: SyntaxWarning: invalid escape sequence '\g'
  fig.suptitle('$M_i\geq{}, {:.1f}<z \leq{:.1f}$'.format(args.Lmax, args.zmin, args.zmax), fontsize = 20, y = 1, x = 0.375)
/oak/stanford/orgs/kipac/users/mahlet/quaia_bias/scripts/sample.py:443: SyntaxWarning: invalid escape sequence '\g'
  fig.suptitle('$M_i\geq{}, {:.1f}<z \leq{:.1f}$'.format(args.Lmax, args.zmin, args.zmax), fontsize = 20, y = 0.975, x = 0.575)
/oak/stanford/orgs/kipac/users/mahlet/quaia_bias/scripts/sample.py:454: SyntaxWarning: invalid escape sequence '\g'
  fig.suptitle('$M_i\geq{}, {:.1f}<z \leq{:.1f}$'.format(args.Lmax, args.zmin, args.zmax), fontsize = 20, y = 1, x = 0.375)
/oak/stanford/orgs/kipac/users/mahlet/quaia_bias/scripts/sample.py:443: SyntaxWarning: invalid escape sequence '\g'
  fig.suptitle('$M_i\geq{}, {:.1f}<z \leq{:.1f}$'.format(args.Lmax, args.zmin, args.zmax), fontsize = 20, y = 0.975, x = 0.575)
/oak/stanford/orgs/kipac/users/mahlet/quaia_bias/scripts/sample.py:454: SyntaxWarning: invalid escape sequence '\g'
  fig.suptitle('$M_i\geq{}, {:.1f}<z \leq{:.1f}$'.format(args.Lmax, args.zmin, args.zmax), fontsize = 20, y = 1, x = 0.375)
/oak/stanford/orgs/kipac/users/mahlet/quaia_bias/scripts/sample.py:443: SyntaxWarning: invalid escape sequence '\g'
  fig.suptitle('$M_i\geq{}, {:.1f}<z \leq{:.1f}$'.format(args.Lmax, args.zmin, args.zmax), fontsize = 20, y = 0.975, x = 0.575)
/oak/stanford/orgs/kipac/users/mahlet/quaia_bias/scripts/sample.py:454: SyntaxWarning: invalid escape sequence '\g'
  fig.suptitle('$M_i\geq{}, {:.1f}<z \leq{:.1f}$'.format(args.Lmax, args.zmin, args.zmax), fontsize = 20, y = 1, x = 0.375)
/oak/stanford/orgs/kipac/users/mahlet/quaia_bias/scripts/sample.py:443: SyntaxWarning: invalid escape sequence '\g'
  fig.suptitle('$M_i\geq{}, {:.1f}<z \leq{:.1f}$'.format(args.Lmax, args.zmin, args.zmax), fontsize = 20, y = 0.975, x = 0.575)
/oak/stanford/orgs/kipac/users/mahlet/quaia_bias/scripts/sample.py:454: SyntaxWarning: invalid escape sequence '\g'
  fig.suptitle('$M_i\geq{}, {:.1f}<z \leq{:.1f}$'.format(args.Lmax, args.zmin, args.zmax), fontsize = 20, y = 1, x = 0.375)
/oak/stanford/orgs/kipac/users/mahlet/quaia_bias/scripts/sample.py:443: SyntaxWarning: invalid escape sequence '\g'
  fig.suptitle('$M_i\geq{}, {:.1f}<z \leq{:.1f}$'.format(args.Lmax, args.zmin, args.zmax), fontsize = 20, y = 0.975, x = 0.575)
/oak/stanford/orgs/kipac/users/mahlet/quaia_bias/scripts/sample.py:454: SyntaxWarning: invalid escape sequence '\g'
  fig.suptitle('$M_i\geq{}, {:.1f}<z \leq{:.1f}$'.format(args.Lmax, args.zmin, args.zmax), fontsize = 20, y = 1, x = 0.375)
/oak/stanford/orgs/kipac/users/mahlet/quaia_bias/scripts/sample.py:443: SyntaxWarning: invalid escape sequence '\g'
  fig.suptitle('$M_i\geq{}, {:.1f}<z \leq{:.1f}$'.format(args.Lmax, args.zmin, args.zmax), fontsize = 20, y = 0.975, x = 0.575)
/oak/stanford/orgs/kipac/users/mahlet/quaia_bias/scripts/sample.py:454: SyntaxWarning: invalid escape sequence '\g'
  fig.suptitle('$M_i\geq{}, {:.1f}<z \leq{:.1f}$'.format(args.Lmax, args.zmin, args.zmax), fontsize = 20, y = 1, x = 0.375)
/oak/stanford/orgs/kipac/users/mahlet/quaia_bias/scripts/sample.py:443: SyntaxWarning: invalid escape sequence '\g'
  fig.suptitle('$M_i\geq{}, {:.1f}<z \leq{:.1f}$'.format(args.Lmax, args.zmin, args.zmax), fontsize = 20, y = 0.975, x = 0.575)
/oak/stanford/orgs/kipac/users/mahlet/quaia_bias/scripts/sample.py:454: SyntaxWarning: invalid escape sequence '\g'
  fig.suptitle('$M_i\geq{}, {:.1f}<z \leq{:.1f}$'.format(args.Lmax, args.zmin, args.zmax), fontsize = 20, y = 1, x = 0.375)
/oak/stanford/orgs/kipac/users/mahlet/quaia_bias/scripts/sample.py:443: SyntaxWarning: invalid escape sequence '\g'
  fig.suptitle('$M_i\geq{}, {:.1f}<z \leq{:.1f}$'.format(args.Lmax, args.zmin, args.zmax), fontsize = 20, y = 0.975, x = 0.575)
/oak/stanford/orgs/kipac/users/mahlet/quaia_bias/scripts/sample.py:454: SyntaxWarning: invalid escape sequence '\g'
  fig.suptitle('$M_i\geq{}, {:.1f}<z \leq{:.1f}$'.format(args.Lmax, args.zmin, args.zmax), fontsize = 20, y = 1, x = 0.375)
/oak/stanford/orgs/kipac/users/mahlet/quaia_bias/scripts/sample.py:443: SyntaxWarning: invalid escape sequence '\g'
  fig.suptitle('$M_i\geq{}, {:.1f}<z \leq{:.1f}$'.format(args.Lmax, args.zmin, args.zmax), fontsize = 20, y = 0.975, x = 0.575)
/oak/stanford/orgs/kipac/users/mahlet/quaia_bias/scripts/sample.py:454: SyntaxWarning: invalid escape sequence '\g'
  fig.suptitle('$M_i\geq{}, {:.1f}<z \leq{:.1f}$'.format(args.Lmax, args.zmin, args.zmax), fontsize = 20, y = 1, x = 0.375)
/oak/stanford/orgs/kipac/users/mahlet/quaia_bias/scripts/sample.py:443: SyntaxWarning: invalid escape sequence '\g'
  fig.suptitle('$M_i\geq{}, {:.1f}<z \leq{:.1f}$'.format(args.Lmax, args.zmin, args.zmax), fontsize = 20, y = 0.975, x = 0.575)
/oak/stanford/orgs/kipac/users/mahlet/quaia_bias/scripts/sample.py:454: SyntaxWarning: invalid escape sequence '\g'
  fig.suptitle('$M_i\geq{}, {:.1f}<z \leq{:.1f}$'.format(args.Lmax, args.zmin, args.zmax), fontsize = 20, y = 1, x = 0.375)
/oak/stanford/orgs/kipac/users/mahlet/quaia_bias/scripts/sample.py:443: SyntaxWarning: invalid escape sequence '\g'
  fig.suptitle('$M_i\geq{}, {:.1f}<z \leq{:.1f}$'.format(args.Lmax, args.zmin, args.zmax), fontsize = 20, y = 0.975, x = 0.575)
/oak/stanford/orgs/kipac/users/mahlet/quaia_bias/scripts/sample.py:454: SyntaxWarning: invalid escape sequence '\g'
  fig.suptitle('$M_i\geq{}, {:.1f}<z \leq{:.1f}$'.format(args.Lmax, args.zmin, args.zmax), fontsize = 20, y = 1, x = 0.375)
/oak/stanford/orgs/kipac/users/mahlet/quaia_bias/scripts/sample.py:443: SyntaxWarning: invalid escape sequence '\g'
  fig.suptitle('$M_i\geq{}, {:.1f}<z \leq{:.1f}$'.format(args.Lmax, args.zmin, args.zmax), fontsize = 20, y = 0.975, x = 0.575)
/oak/stanford/orgs/kipac/users/mahlet/quaia_bias/scripts/sample.py:454: SyntaxWarning: invalid escape sequence '\g'
  fig.suptitle('$M_i\geq{}, {:.1f}<z \leq{:.1f}$'.format(args.Lmax, args.zmin, args.zmax), fontsize = 20, y = 1, x = 0.375)
/oak/stanford/orgs/kipac/users/mahlet/quaia_bias/scripts/sample.py:443: SyntaxWarning: invalid escape sequence '\g'
  fig.suptitle('$M_i\geq{}, {:.1f}<z \leq{:.1f}$'.format(args.Lmax, args.zmin, args.zmax), fontsize = 20, y = 0.975, x = 0.575)
/oak/stanford/orgs/kipac/users/mahlet/quaia_bias/scripts/sample.py:454: SyntaxWarning: invalid escape sequence '\g'
  fig.suptitle('$M_i\geq{}, {:.1f}<z \leq{:.1f}$'.format(args.Lmax, args.zmin, args.zmax), fontsize = 20, y = 1, x = 0.375)
/oak/stanford/orgs/kipac/users/mahlet/quaia_bias/scripts/sample.py:148: RuntimeWarning: divide by zero encountered in divide
  return fduty/2*special.erfc(np.log(10**M_min/bins)/(np.sqrt(2)*np.log(10)*sigma))
/oak/stanford/orgs/kipac/users/mahlet/quaia_bias/scripts/sample.py:168: RuntimeWarning: invalid value encountered in power
  n_m = fduty*((bins_m-M0)/M1)**alpha
/oak/stanford/orgs/kipac/users/mahlet/quaia_bias/scripts/sample.py:148: RuntimeWarning: divide by zero encountered in divide
  return fduty/2*special.erfc(np.log(10**M_min/bins)/(np.sqrt(2)*np.log(10)*sigma))
/oak/stanford/orgs/kipac/users/mahlet/quaia_bias/scripts/sample.py:168: RuntimeWarning: invalid value encountered in power
  n_m = fduty*((bins_m-M0)/M1)**alpha
/oak/stanford/orgs/kipac/users/mahlet/quaia_bias/scripts/sample.py:148: RuntimeWarning: divide by zero encountered in divide
  return fduty/2*special.erfc(np.log(10**M_min/bins)/(np.sqrt(2)*np.log(10)*sigma))
/oak/stanford/orgs/kipac/users/mahlet/quaia_bias/scripts/sample.py:168: RuntimeWarning: invalid value encountered in power
  n_m = fduty*((bins_m-M0)/M1)**alpha
/oak/stanford/orgs/kipac/users/mahlet/quaia_bias/scripts/sample.py:148: RuntimeWarning: divide by zero encountered in divide
  return fduty/2*special.erfc(np.log(10**M_min/bins)/(np.sqrt(2)*np.log(10)*sigma))
/oak/stanford/orgs/kipac/users/mahlet/quaia_bias/scripts/sample.py:168: RuntimeWarning: invalid value encountered in power
  n_m = fduty*((bins_m-M0)/M1)**alpha
/oak/stanford/orgs/kipac/users/mahlet/quaia_bias/scripts/sample.py:148: RuntimeWarning: divide by zero encountered in divide
  return fduty/2*special.erfc(np.log(10**M_min/bins)/(np.sqrt(2)*np.log(10)*sigma))
/oak/stanford/orgs/kipac/users/mahlet/quaia_bias/scripts/sample.py:168: RuntimeWarning: invalid value encountered in power
  n_m = fduty*((bins_m-M0)/M1)**alpha
/oak/stanford/orgs/kipac/users/mahlet/quaia_bias/scripts/sample.py:148: RuntimeWarning: divide by zero encountered in divide
  return fduty/2*special.erfc(np.log(10**M_min/bins)/(np.sqrt(2)*np.log(10)*sigma))
/oak/stanford/orgs/kipac/users/mahlet/quaia_bias/scripts/sample.py:168: RuntimeWarning: invalid value encountered in power
  n_m = fduty*((bins_m-M0)/M1)**alpha
/oak/stanford/orgs/kipac/users/mahlet/quaia_bias/scripts/sample.py:148: RuntimeWarning: divide by zero encountered in divide
  return fduty/2*special.erfc(np.log(10**M_min/bins)/(np.sqrt(2)*np.log(10)*sigma))
/oak/stanford/orgs/kipac/users/mahlet/quaia_bias/scripts/sample.py:168: RuntimeWarning: invalid value encountered in power
  n_m = fduty*((bins_m-M0)/M1)**alpha
/oak/stanford/orgs/kipac/users/mahlet/quaia_bias/scripts/sample.py:148: RuntimeWarning: divide by zero encountered in divide
  return fduty/2*special.erfc(np.log(10**M_min/bins)/(np.sqrt(2)*np.log(10)*sigma))
/oak/stanford/orgs/kipac/users/mahlet/quaia_bias/scripts/sample.py:168: RuntimeWarning: invalid value encountered in power
  n_m = fduty*((bins_m-M0)/M1)**alpha
/oak/stanford/orgs/kipac/users/mahlet/quaia_bias/scripts/sample.py:148: RuntimeWarning: divide by zero encountered in divide
  return fduty/2*special.erfc(np.log(10**M_min/bins)/(np.sqrt(2)*np.log(10)*sigma))
/oak/stanford/orgs/kipac/users/mahlet/quaia_bias/scripts/sample.py:168: RuntimeWarning: invalid value encountered in power
  n_m = fduty*((bins_m-M0)/M1)**alpha
/oak/stanford/orgs/kipac/users/mahlet/quaia_bias/scripts/sample.py:148: RuntimeWarning: divide by zero encountered in divide
  return fduty/2*special.erfc(np.log(10**M_min/bins)/(np.sqrt(2)*np.log(10)*sigma))
/oak/stanford/orgs/kipac/users/mahlet/quaia_bias/scripts/sample.py:168: RuntimeWarning: invalid value encountered in power
  n_m = fduty*((bins_m-M0)/M1)**alpha
/oak/stanford/orgs/kipac/users/mahlet/quaia_bias/scripts/sample.py:148: RuntimeWarning: divide by zero encountered in divide
  return fduty/2*special.erfc(np.log(10**M_min/bins)/(np.sqrt(2)*np.log(10)*sigma))
/oak/stanford/orgs/kipac/users/mahlet/quaia_bias/scripts/sample.py:168: RuntimeWarning: invalid value encountered in power
  n_m = fduty*((bins_m-M0)/M1)**alpha
/oak/stanford/orgs/kipac/users/mahlet/quaia_bias/scripts/sample.py:148: RuntimeWarning: divide by zero encountered in divide
  return fduty/2*special.erfc(np.log(10**M_min/bins)/(np.sqrt(2)*np.log(10)*sigma))
/oak/stanford/orgs/kipac/users/mahlet/quaia_bias/scripts/sample.py:168: RuntimeWarning: invalid value encountered in power
  n_m = fduty*((bins_m-M0)/M1)**alpha
/oak/stanford/orgs/kipac/users/mahlet/quaia_bias/scripts/sample.py:148: RuntimeWarning: divide by zero encountered in divide
  return fduty/2*special.erfc(np.log(10**M_min/bins)/(np.sqrt(2)*np.log(10)*sigma))
/oak/stanford/orgs/kipac/users/mahlet/quaia_bias/scripts/sample.py:168: RuntimeWarning: invalid value encountered in power
  n_m = fduty*((bins_m-M0)/M1)**alpha
/oak/stanford/orgs/kipac/users/mahlet/quaia_bias/scripts/sample.py:148: RuntimeWarning: divide by zero encountered in divide
  return fduty/2*special.erfc(np.log(10**M_min/bins)/(np.sqrt(2)*np.log(10)*sigma))
/oak/stanford/orgs/kipac/users/mahlet/quaia_bias/scripts/sample.py:168: RuntimeWarning: invalid value encountered in power
  n_m = fduty*((bins_m-M0)/M1)**alpha
/oak/stanford/orgs/kipac/users/mahlet/quaia_bias/scripts/sample.py:148: RuntimeWarning: divide by zero encountered in divide
  return fduty/2*special.erfc(np.log(10**M_min/bins)/(np.sqrt(2)*np.log(10)*sigma))
/oak/stanford/orgs/kipac/users/mahlet/quaia_bias/scripts/sample.py:168: RuntimeWarning: invalid value encountered in power
  n_m = fduty*((bins_m-M0)/M1)**alpha
/oak/stanford/orgs/kipac/users/mahlet/quaia_bias/scripts/sample.py:148: RuntimeWarning: divide by zero encountered in divide
  return fduty/2*special.erfc(np.log(10**M_min/bins)/(np.sqrt(2)*np.log(10)*sigma))
/oak/stanford/orgs/kipac/users/mahlet/quaia_bias/scripts/sample.py:168: RuntimeWarning: invalid value encountered in power
  n_m = fduty*((bins_m-M0)/M1)**alpha
/oak/stanford/orgs/kipac/users/mahlet/quaia_bias/scripts/sample.py:148: RuntimeWarning: divide by zero encountered in divide
  return fduty/2*special.erfc(np.log(10**M_min/bins)/(np.sqrt(2)*np.log(10)*sigma))
/oak/stanford/orgs/kipac/users/mahlet/quaia_bias/scripts/sample.py:168: RuntimeWarning: invalid value encountered in power
  n_m = fduty*((bins_m-M0)/M1)**alpha
/oak/stanford/orgs/kipac/users/mahlet/quaia_bias/scripts/sample.py:148: RuntimeWarning: divide by zero encountered in divide
  return fduty/2*special.erfc(np.log(10**M_min/bins)/(np.sqrt(2)*np.log(10)*sigma))
/oak/stanford/orgs/kipac/users/mahlet/quaia_bias/scripts/sample.py:168: RuntimeWarning: invalid value encountered in power
  n_m = fduty*((bins_m-M0)/M1)**alpha
/oak/stanford/orgs/kipac/users/mahlet/quaia_bias/scripts/sample.py:148: RuntimeWarning: divide by zero encountered in divide
  return fduty/2*special.erfc(np.log(10**M_min/bins)/(np.sqrt(2)*np.log(10)*sigma))
/oak/stanford/orgs/kipac/users/mahlet/quaia_bias/scripts/sample.py:168: RuntimeWarning: invalid value encountered in power
  n_m = fduty*((bins_m-M0)/M1)**alpha
/oak/stanford/orgs/kipac/users/mahlet/quaia_bias/scripts/sample.py:148: RuntimeWarning: divide by zero encountered in divide
  return fduty/2*special.erfc(np.log(10**M_min/bins)/(np.sqrt(2)*np.log(10)*sigma))
/oak/stanford/orgs/kipac/users/mahlet/quaia_bias/scripts/sample.py:168: RuntimeWarning: invalid value encountered in power
  n_m = fduty*((bins_m-M0)/M1)**alpha
/oak/stanford/orgs/kipac/users/mahlet/quaia_bias/scripts/sample.py:148: RuntimeWarning: divide by zero encountered in divide
  return fduty/2*special.erfc(np.log(10**M_min/bins)/(np.sqrt(2)*np.log(10)*sigma))
/oak/stanford/orgs/kipac/users/mahlet/quaia_bias/scripts/sample.py:168: RuntimeWarning: invalid value encountered in power
  n_m = fduty*((bins_m-M0)/M1)**alpha
/oak/stanford/orgs/kipac/users/mahlet/quaia_bias/scripts/sample.py:148: RuntimeWarning: divide by zero encountered in divide
  return fduty/2*special.erfc(np.log(10**M_min/bins)/(np.sqrt(2)*np.log(10)*sigma))
/oak/stanford/orgs/kipac/users/mahlet/quaia_bias/scripts/sample.py:168: RuntimeWarning: invalid value encountered in power
  n_m = fduty*((bins_m-M0)/M1)**alpha
/oak/stanford/orgs/kipac/users/mahlet/quaia_bias/scripts/sample.py:148: RuntimeWarning: divide by zero encountered in divide
  return fduty/2*special.erfc(np.log(10**M_min/bins)/(np.sqrt(2)*np.log(10)*sigma))
/oak/stanford/orgs/kipac/users/mahlet/quaia_bias/scripts/sample.py:168: RuntimeWarning: invalid value encountered in power
  n_m = fduty*((bins_m-M0)/M1)**alpha
/oak/stanford/orgs/kipac/users/mahlet/quaia_bias/scripts/sample.py:148: RuntimeWarning: divide by zero encountered in divide
  return fduty/2*special.erfc(np.log(10**M_min/bins)/(np.sqrt(2)*np.log(10)*sigma))
/oak/stanford/orgs/kipac/users/mahlet/quaia_bias/scripts/sample.py:168: RuntimeWarning: invalid value encountered in power
  n_m = fduty*((bins_m-M0)/M1)**alpha
0it [00:00, ?it/s]/oak/stanford/orgs/kipac/users/mahlet/quaia_bias/scripts/sample.py:148: RuntimeWarning: divide by zero encountered in divide
  return fduty/2*special.erfc(np.log(10**M_min/bins)/(np.sqrt(2)*np.log(10)*sigma))
/oak/stanford/orgs/kipac/users/mahlet/quaia_bias/scripts/sample.py:168: RuntimeWarning: invalid value encountered in power
  n_m = fduty*((bins_m-M0)/M1)**alpha
1it [00:00,  2.26it/s, bound: 0 | nc: 1 | ncall: 501 | eff(%):  0.200 | loglstar:   -inf < -11513.373 <    inf | logz: -11520.283 +/-  0.117 | dlogz:    inf >  0.010]46it [00:01, 43.46it/s, bound: 0 | nc: 1 | ncall: 549 | eff(%):  8.379 | loglstar:   -inf < -4575.226 <    inf | logz: -4582.207 +/-  0.117 | dlogz: 4627.698 >  0.010]94it [00:01, 60.16it/s, bound: 0 | nc: 2 | ncall: 603 | eff(%): 15.589 | loglstar:   -inf < -1615.839 <    inf | logz: -1622.880 +/-  0.117 | dlogz: 1667.202 >  0.010]141it [00:02, 58.75it/s, bound: 0 | nc: 1 | ncall: 662 | eff(%): 21.299 | loglstar:   -inf < -375.698 <    inf | logz: -381.222 +/-  0.102 | dlogz: 422.294 >  0.010]  187it [00:03, 54.11it/s, bound: 0 | nc: 1 | ncall: 731 | eff(%): 25.581 | loglstar:   -inf < -310.886 <    inf | logz: -316.679 +/-  0.101 | dlogz: 357.797 >  0.010]233it [00:05, 40.67it/s, bound: 0 | nc: 1 | ncall: 797 | eff(%): 29.235 | loglstar:   -inf < -224.748 <    inf | logz: -231.900 +/-  0.114 | dlogz: 274.294 >  0.010]280it [00:06, 43.32it/s, bound: 0 | nc: 1 | ncall: 878 | eff(%): 31.891 | loglstar:   -inf < -154.431 <    inf | logz: -161.876 +/-  0.121 | dlogz: 206.364 >  0.010]327it [00:07, 45.82it/s, bound: 0 | nc: 1 | ncall: 961 | eff(%): 34.027 | loglstar:   -inf < -96.625 <    inf | logz: -104.020 +/-  0.116 | dlogz: 146.301 >  0.010] 374it [00:08, 44.76it/s, bound: 0 | nc: 1 | ncall: 1042 | eff(%): 35.893 | loglstar:   -inf < -51.248 <    inf | logz: -58.342 +/-  0.112 | dlogz: 99.689 >  0.010] 419it [00:11, 25.77it/s, bound: 0 | nc: 2 | ncall: 1133 | eff(%): 36.981 | loglstar:   -inf < -24.753 <    inf | logz: -30.641 +/-  0.099 | dlogz: 70.986 >  0.010]/oak/stanford/orgs/kipac/users/mahlet/quaia_bias/scripts/sample.py:148: RuntimeWarning: divide by zero encountered in divide
  return fduty/2*special.erfc(np.log(10**M_min/bins)/(np.sqrt(2)*np.log(10)*sigma))
/oak/stanford/orgs/kipac/users/mahlet/quaia_bias/scripts/sample.py:168: RuntimeWarning: invalid value encountered in power
  n_m = fduty*((bins_m-M0)/M1)**alpha
/oak/stanford/orgs/kipac/users/mahlet/quaia_bias/scripts/sample.py:148: RuntimeWarning: divide by zero encountered in divide
  return fduty/2*special.erfc(np.log(10**M_min/bins)/(np.sqrt(2)*np.log(10)*sigma))
/oak/stanford/orgs/kipac/users/mahlet/quaia_bias/scripts/sample.py:168: RuntimeWarning: invalid value encountered in power
  n_m = fduty*((bins_m-M0)/M1)**alpha
/oak/stanford/orgs/kipac/users/mahlet/quaia_bias/scripts/sample.py:148: RuntimeWarning: divide by zero encountered in divide
  return fduty/2*special.erfc(np.log(10**M_min/bins)/(np.sqrt(2)*np.log(10)*sigma))
/oak/stanford/orgs/kipac/users/mahlet/quaia_bias/scripts/sample.py:168: RuntimeWarning: invalid value encountered in power
  n_m = fduty*((bins_m-M0)/M1)**alpha
/oak/stanford/orgs/kipac/users/mahlet/quaia_bias/scripts/sample.py:148: RuntimeWarning: divide by zero encountered in divide
  return fduty/2*special.erfc(np.log(10**M_min/bins)/(np.sqrt(2)*np.log(10)*sigma))
/oak/stanford/orgs/kipac/users/mahlet/quaia_bias/scripts/sample.py:168: RuntimeWarning: invalid value encountered in power
  n_m = fduty*((bins_m-M0)/M1)**alpha
464it [00:15, 18.36it/s, bound: 0 | nc: 1 | ncall: 1247 | eff(%): 37.209 | loglstar:   -inf < -0.215 <    inf | logz: -7.163 +/-  0.110 | dlogz: 48.026 >  0.010]  /oak/stanford/orgs/kipac/users/mahlet/quaia_bias/scripts/sample.py:148: RuntimeWarning: divide by zero encountered in divide
  return fduty/2*special.erfc(np.log(10**M_min/bins)/(np.sqrt(2)*np.log(10)*sigma))
/oak/stanford/orgs/kipac/users/mahlet/quaia_bias/scripts/sample.py:148: RuntimeWarning: divide by zero encountered in divide
  return fduty/2*special.erfc(np.log(10**M_min/bins)/(np.sqrt(2)*np.log(10)*sigma))
/oak/stanford/orgs/kipac/users/mahlet/quaia_bias/scripts/sample.py:168: RuntimeWarning: invalid value encountered in power
  n_m = fduty*((bins_m-M0)/M1)**alpha
/oak/stanford/orgs/kipac/users/mahlet/quaia_bias/scripts/sample.py:168: RuntimeWarning: invalid value encountered in power
  n_m = fduty*((bins_m-M0)/M1)**alpha
/oak/stanford/orgs/kipac/users/mahlet/quaia_bias/scripts/sample.py:148: RuntimeWarning: divide by zero encountered in divide
  return fduty/2*special.erfc(np.log(10**M_min/bins)/(np.sqrt(2)*np.log(10)*sigma))
/oak/stanford/orgs/kipac/users/mahlet/quaia_bias/scripts/sample.py:148: RuntimeWarning: divide by zero encountered in divide
  return fduty/2*special.erfc(np.log(10**M_min/bins)/(np.sqrt(2)*np.log(10)*sigma))
/oak/stanford/orgs/kipac/users/mahlet/quaia_bias/scripts/sample.py:168: RuntimeWarning: invalid value encountered in power
  n_m = fduty*((bins_m-M0)/M1)**alpha
/oak/stanford/orgs/kipac/users/mahlet/quaia_bias/scripts/sample.py:168: RuntimeWarning: invalid value encountered in power
  n_m = fduty*((bins_m-M0)/M1)**alpha
/oak/stanford/orgs/kipac/users/mahlet/quaia_bias/scripts/sample.py:148: RuntimeWarning: divide by zero encountered in divide
  return fduty/2*special.erfc(np.log(10**M_min/bins)/(np.sqrt(2)*np.log(10)*sigma))
/oak/stanford/orgs/kipac/users/mahlet/quaia_bias/scripts/sample.py:148: RuntimeWarning: divide by zero encountered in divide
  return fduty/2*special.erfc(np.log(10**M_min/bins)/(np.sqrt(2)*np.log(10)*sigma))
/oak/stanford/orgs/kipac/users/mahlet/quaia_bias/scripts/sample.py:168: RuntimeWarning: invalid value encountered in power
  n_m = fduty*((bins_m-M0)/M1)**alpha
/oak/stanford/orgs/kipac/users/mahlet/quaia_bias/scripts/sample.py:148: RuntimeWarning: divide by zero encountered in divide
  return fduty/2*special.erfc(np.log(10**M_min/bins)/(np.sqrt(2)*np.log(10)*sigma))
/oak/stanford/orgs/kipac/users/mahlet/quaia_bias/scripts/sample.py:148: RuntimeWarning: divide by zero encountered in divide
  return fduty/2*special.erfc(np.log(10**M_min/bins)/(np.sqrt(2)*np.log(10)*sigma))
/oak/stanford/orgs/kipac/users/mahlet/quaia_bias/scripts/sample.py:168: RuntimeWarning: invalid value encountered in power
  n_m = fduty*((bins_m-M0)/M1)**alpha
/oak/stanford/orgs/kipac/users/mahlet/quaia_bias/scripts/sample.py:168: RuntimeWarning: invalid value encountered in power
  n_m = fduty*((bins_m-M0)/M1)**alpha
/oak/stanford/orgs/kipac/users/mahlet/quaia_bias/scripts/sample.py:168: RuntimeWarning: invalid value encountered in power
  n_m = fduty*((bins_m-M0)/M1)**alpha
/oak/stanford/orgs/kipac/users/mahlet/quaia_bias/scripts/sample.py:148: RuntimeWarning: divide by zero encountered in divide
  return fduty/2*special.erfc(np.log(10**M_min/bins)/(np.sqrt(2)*np.log(10)*sigma))
/oak/stanford/orgs/kipac/users/mahlet/quaia_bias/scripts/sample.py:148: RuntimeWarning: divide by zero encountered in divide
  return fduty/2*special.erfc(np.log(10**M_min/bins)/(np.sqrt(2)*np.log(10)*sigma))
/oak/stanford/orgs/kipac/users/mahlet/quaia_bias/scripts/sample.py:168: RuntimeWarning: invalid value encountered in power
  n_m = fduty*((bins_m-M0)/M1)**alpha
/oak/stanford/orgs/kipac/users/mahlet/quaia_bias/scripts/sample.py:168: RuntimeWarning: invalid value encountered in power
  n_m = fduty*((bins_m-M0)/M1)**alpha
/oak/stanford/orgs/kipac/users/mahlet/quaia_bias/scripts/sample.py:148: RuntimeWarning: divide by zero encountered in divide
  return fduty/2*special.erfc(np.log(10**M_min/bins)/(np.sqrt(2)*np.log(10)*sigma))
/oak/stanford/orgs/kipac/users/mahlet/quaia_bias/scripts/sample.py:168: RuntimeWarning: invalid value encountered in power
  n_m = fduty*((bins_m-M0)/M1)**alpha
/oak/stanford/orgs/kipac/users/mahlet/quaia_bias/scripts/sample.py:148: RuntimeWarning: divide by zero encountered in divide
  return fduty/2*special.erfc(np.log(10**M_min/bins)/(np.sqrt(2)*np.log(10)*sigma))
/oak/stanford/orgs/kipac/users/mahlet/quaia_bias/scripts/sample.py:168: RuntimeWarning: invalid value encountered in power
  n_m = fduty*((bins_m-M0)/M1)**alpha
/oak/stanford/orgs/kipac/users/mahlet/quaia_bias/scripts/sample.py:148: RuntimeWarning: divide by zero encountered in divide
  return fduty/2*special.erfc(np.log(10**M_min/bins)/(np.sqrt(2)*np.log(10)*sigma))
/oak/stanford/orgs/kipac/users/mahlet/quaia_bias/scripts/sample.py:168: RuntimeWarning: invalid value encountered in power
  n_m = fduty*((bins_m-M0)/M1)**alpha
/oak/stanford/orgs/kipac/users/mahlet/quaia_bias/scripts/sample.py:148: RuntimeWarning: divide by zero encountered in divide
  return fduty/2*special.erfc(np.log(10**M_min/bins)/(np.sqrt(2)*np.log(10)*sigma))
/oak/stanford/orgs/kipac/users/mahlet/quaia_bias/scripts/sample.py:148: RuntimeWarning: divide by zero encountered in divide
  return fduty/2*special.erfc(np.log(10**M_min/bins)/(np.sqrt(2)*np.log(10)*sigma))
/oak/stanford/orgs/kipac/users/mahlet/quaia_bias/scripts/sample.py:148: RuntimeWarning: divide by zero encountered in divide
  return fduty/2*special.erfc(np.log(10**M_min/bins)/(np.sqrt(2)*np.log(10)*sigma))
/oak/stanford/orgs/kipac/users/mahlet/quaia_bias/scripts/sample.py:168: RuntimeWarning: invalid value encountered in power
  n_m = fduty*((bins_m-M0)/M1)**alpha
/oak/stanford/orgs/kipac/users/mahlet/quaia_bias/scripts/sample.py:168: RuntimeWarning: invalid value encountered in power
  n_m = fduty*((bins_m-M0)/M1)**alpha
/oak/stanford/orgs/kipac/users/mahlet/quaia_bias/scripts/sample.py:168: RuntimeWarning: invalid value encountered in power
  n_m = fduty*((bins_m-M0)/M1)**alpha
511it [00:16, 21.63it/s, bound: 0 | nc: 5 | ncall: 1350 | eff(%): 37.852 | loglstar:   -inf < 15.339 <    inf | logz:  9.551 +/-  0.098 | dlogz: 30.529 >  0.010]/oak/stanford/orgs/kipac/users/mahlet/quaia_bias/scripts/sample.py:148: RuntimeWarning: divide by zero encountered in divide
  return fduty/2*special.erfc(np.log(10**M_min/bins)/(np.sqrt(2)*np.log(10)*sigma))
/oak/stanford/orgs/kipac/users/mahlet/quaia_bias/scripts/sample.py:168: RuntimeWarning: invalid value encountered in power
  n_m = fduty*((bins_m-M0)/M1)**alpha
556it [00:19, 20.02it/s, bound: 0 | nc: 1 | ncall: 1454 | eff(%): 38.239 | loglstar:   -inf < 26.344 <    inf | logz: 22.038 +/-  0.088 | dlogz: 17.792 >  0.010]/oak/stanford/orgs/kipac/users/mahlet/quaia_bias/scripts/sample.py:148: RuntimeWarning: divide by zero encountered in divide
  return fduty/2*special.erfc(np.log(10**M_min/bins)/(np.sqrt(2)*np.log(10)*sigma))
/oak/stanford/orgs/kipac/users/mahlet/quaia_bias/scripts/sample.py:168: RuntimeWarning: invalid value encountered in power
  n_m = fduty*((bins_m-M0)/M1)**alpha
602it [00:21, 20.69it/s, bound: 0 | nc: 9 | ncall: 1593 | eff(%): 37.790 | loglstar:   -inf < 26.959 <    inf | logz: 23.408 +/-  0.078 | dlogz: 16.303 >  0.010]648it [00:23, 22.39it/s, bound: 0 | nc: 4 | ncall: 1735 | eff(%): 37.349 | loglstar:   -inf < 27.717 <    inf | logz: 24.250 +/-  0.074 | dlogz: 15.365 >  0.010]693it [00:25, 20.51it/s, bound: 0 | nc: 8 | ncall: 1897 | eff(%): 36.531 | loglstar:   -inf < 28.408 <    inf | logz: 24.981 +/-  0.072 | dlogz: 14.542 >  0.010]738it [00:27, 21.66it/s, bound: 0 | nc: 1 | ncall: 2067 | eff(%): 35.704 | loglstar:   -inf < 28.982 <    inf | logz: 25.615 +/-  0.070 | dlogz: 13.818 >  0.010]785it [00:30, 20.52it/s, bound: 0 | nc: 1 | ncall: 2212 | eff(%): 35.488 | loglstar:   -inf < 29.877 <    inf | logz: 26.290 +/-  0.071 | dlogz: 13.051 >  0.010]/oak/stanford/orgs/kipac/users/mahlet/quaia_bias/scripts/sample.py:148: RuntimeWarning: divide by zero encountered in divide
  return fduty/2*special.erfc(np.log(10**M_min/bins)/(np.sqrt(2)*np.log(10)*sigma))
/oak/stanford/orgs/kipac/users/mahlet/quaia_bias/scripts/sample.py:168: RuntimeWarning: invalid value encountered in power
  n_m = fduty*((bins_m-M0)/M1)**alpha
831it [00:32, 20.36it/s, bound: 0 | nc: 1 | ncall: 2459 | eff(%): 33.794 | loglstar:   -inf < 30.633 <    inf | logz: 26.993 +/-  0.072 | dlogz: 12.256 >  0.010]