
CommandNotFoundError: Your shell has not been properly configured to use 'conda activate'.
To initialize your shell, run

    $ conda init <SHELL_NAME>

Currently supported shells are:
  - bash
  - fish
  - tcsh
  - xonsh
  - zsh
  - powershell

See 'conda init --help' for more information and options.

IMPORTANT: You may need to close and restart your shell after running 'conda init'.


z_bins: [0.0, 0.1875, 0.375, 0.5625, 0.75, 0.9375, 1.125, 1.3125, 1.5], setting n_zbins=8
zbins: [0.0, 0.1875, 0.375, 0.5625, 0.75, 0.9375, 1.125, 1.3125, 1.5]
n_zbins: 8
Lbins: [3.1622776601683794e+44, inf]
n_Lbins: 1
L_bol         L_bol         
       erg / s        
----------------------
1.4348946366110244e+45
 8.253356996205816e+44
 8.394125162083968e+44
 9.818706724134374e+44
 9.852386644019024e+44
 8.241645291916986e+44
    7.873154293557e+44
 8.630946323450466e+44
 8.796264028707905e+44
 7.029682875014681e+44
                   ...
1.0732406540215864e+45
 8.013339897415422e+44
 2.908615297172413e+45
6.8932016422599825e+44
2.0493871436361034e+45
 2.061866016259316e+45
1.2920757413231296e+45
1.2989086496587629e+45
1.5180825026186316e+45
1.9744193120847312e+45
Length = 3155 rows
zmin: 0.08634503930807114
zmax: 0.18749044835567474
Lmin: 3.1803080388161653e+44
Lmax: 7.77243452088752e+45
Wrote table with 3144 objects to ../data/quaia_G20.5_zmin0.0000zmax0.1875_Lbolmin44.5.fits
Lbins: [3.1622776601683794e+44, inf]
n_Lbins: 1
L_bol         L_bol         
       erg / s        
----------------------
1.6037925264838111e+46
 7.841576858576447e+44
 1.103819519140729e+45
 7.880088357484356e+44
  8.52126450550941e+44
1.7501141142239482e+45
   6.5136673481095e+44
1.4314206034896978e+45
1.3034753205569025e+45
 1.284289217933839e+45
                   ...
 7.826751964431728e+44
1.3554099299073826e+45
 1.641910195177655e+45
 1.217244136713086e+45
  3.46806927354909e+45
 3.082985138902229e+45
 7.078647174875542e+44
1.2016202104349438e+45
  9.19411650978973e+44
  7.99849750542012e+44
Length = 32182 rows
zmin: 0.18750275177439152
zmax: 0.3749925804453716
Lmin: 3.1973630105137713e+44
Lmax: 7.217557666457674e+46
Wrote table with 32168 objects to ../data/quaia_G20.5_zmin0.1875zmax0.3750_Lbolmin44.5.fits
Lbins: [3.1622776601683794e+44, inf]
n_Lbins: 1
L_bol         L_bol         
       erg / s        
----------------------
1.4047428101389571e+45
1.5652174103891176e+45
2.0656200274113557e+45
 8.753057377627794e+44
1.8533536487385887e+45
2.6386173082019744e+45
2.2416301738554724e+45
1.8818894286272723e+45
 1.557429939642213e+45
 9.580448589193627e+44
                   ...
2.2288363159861267e+45
1.4364868558518307e+45
  4.34236605604447e+45
1.6523716481580972e+45
2.4205146115305577e+45
 1.366707713592472e+45
2.0329803234535515e+45
1.2081417378734167e+45
1.6423059061132755e+45
1.4643329917499567e+45
Length = 62859 rows
zmin: 0.375
zmax: 0.5624963045120239
Lmin: 5.939851772251308e+44
Lmax: 2.3061754104480985e+47
Wrote table with 62859 objects to ../data/quaia_G20.5_zmin0.3750zmax0.5625_Lbolmin44.5.fits
Lbins: [3.1622776601683794e+44, inf]
n_Lbins: 1
L_bol         L_bol         
       erg / s        
----------------------
 1.608355145940937e+45
1.0912400919679009e+46
 2.805566793853046e+45
2.6629873236841248e+45
 1.855521392433603e+45
 5.222552785104205e+45
 1.686827647938665e+45
 7.225687690696799e+45
  1.53085769181077e+45
2.0758067889047866e+45
                   ...
3.2904431534689505e+45
 3.992313016727126e+45
 2.322901670772625e+45
  5.43587897806762e+45
2.5160412393357387e+45
 2.042474022961673e+45
 2.093992114048275e+45
  3.07390497021914e+45
1.9893826553708156e+45
 3.849957245963082e+45
Length = 78594 rows
zmin: 0.5625009536743164
zmax: 0.7499918937683105
Lmin: 7.893996697012045e+44
Lmax: 2.971566970990632e+47
Wrote table with 78594 objects to ../data/quaia_G20.5_zmin0.5625zmax0.7500_Lbolmin44.5.fits
Lbins: [3.1622776601683794e+44, inf]
n_Lbins: 1
L_bol         L_bol         
       erg / s        
----------------------
3.2476695655546686e+45
 8.469454598865682e+45
3.2366687089639643e+45
 6.221252936365188e+45
 6.257093302467225e+45
 3.605055384038927e+45
3.0396437881722347e+45
4.1780330863210636e+45
 4.312935235610386e+45
 1.388992418159929e+46
                   ...
1.1335013570749026e+46
 2.436666711520683e+45
 4.027896572512462e+45
2.9845346905134823e+45
 7.421438095456384e+45
 7.068935449027635e+45
 9.844590103013496e+45
 7.370227270646611e+45
 5.097542836872392e+45
3.5408138595936604e+45
Length = 106682 rows
zmin: 0.75
zmax: 0.9374999403953552
Lmin: 1.0369950217137411e+45
Lmax: 5.93775705098312e+47
Wrote table with 106682 objects to ../data/quaia_G20.5_zmin0.7500zmax0.9375_Lbolmin44.5.fits
Lbins: [3.1622776601683794e+44, inf]
n_Lbins: 1
L_bol         L_bol         
       erg / s        
----------------------
 9.637005357033347e+45
1.5635329421489576e+46
 5.933237793442497e+45
1.0695721526637267e+46
 9.257041746213884e+45
 4.692756613055851e+45
 1.221234857932991e+46
 3.940259996178456e+45
 6.696541909069506e+45
 8.514590862687089e+45
                   ...
 6.253963558300692e+45
1.2017754145595453e+46
 2.522369927295198e+45
3.1572308841845416e+45
 9.284435507035595e+45
 9.768735233911236e+45
1.8712493564641125e+46
 8.111796194053601e+45
 4.040204926990621e+45
5.2936059299901047e+45
Length = 121266 rows
zmin: 0.9375059604644775
zmax: 1.1249959468841553
Lmin: 6.5088104800096964e+44
Lmax: 7.701772236837772e+47
Wrote table with 121266 objects to ../data/quaia_G20.5_zmin0.9375zmax1.1250_Lbolmin44.5.fits
Lbins: [3.1622776601683794e+44, inf]
n_Lbins: 1
L_bol         L_bol         
       erg / s        
----------------------
 7.988294789814646e+45
 5.441580553166662e+45
1.4567191873739146e+46
 9.149756802338421e+45
  7.45146823807514e+45
5.3687365612588475e+45
 8.702169848109072e+45
1.1863853582872002e+46
 5.777283287398935e+45
1.0176139721642897e+46
                   ...
 1.209343080963417e+46
5.0146593561239805e+45
  1.98291076164025e+46
4.6735405898916474e+45
1.2922273361174075e+46
 8.410389276733503e+45
 1.754731877784823e+46
1.0629982837311909e+46
 6.256455305573781e+45
2.0360494310869395e+46
Length = 125675 rows
zmin: 1.125
zmax: 1.312497615814209
Lmin: 1.917358797957693e+45
Lmax: 1.0257481517071112e+48
Wrote table with 125675 objects to ../data/quaia_G20.5_zmin1.1250zmax1.3125_Lbolmin44.5.fits
Lbins: [3.1622776601683794e+44, inf]
n_Lbins: 1
L_bol         L_bol         
       erg / s        
----------------------
 1.190931469053858e+46
  6.56171462250141e+45
 2.028624244119536e+46
1.3541480057056384e+46
2.8986935309896313e+46
 4.343636580810728e+46
1.3176100778877463e+46
2.0917710366001156e+46
  8.72528630914515e+45
1.2656555386295362e+46
                   ...
 1.072020876547364e+46
 9.683159280213041e+45
3.0371681694851956e+46
 1.044484706703269e+46
 6.695943853489705e+45
1.7573535384389502e+46
3.6058865823672275e+46
1.4880679437627882e+46
1.3310860933643026e+46
 7.083281691465465e+45
Length = 136960 rows
zmin: 1.3125051259994507
zmax: 1.4999984502792358
Lmin: 2.7271293717736075e+45
Lmax: 1.4594773566975869e+48
Wrote table with 136960 objects to ../data/quaia_G20.5_zmin1.3125zmax1.5000_Lbolmin44.5.fits
Running selection function with fn_catalog=../data/quaia_G20.5_zmin0.0000zmax0.1875_Lbolmin44.5.fits, fn_selfunc=../data/maps/selection_function_NSIDE64_G20.5_zmin0.0000zmax0.1875_Lbolmin44.5.fits, fn_parentcat=../data/quaia_G20.5.fits, map_names=None
Loading data
Making QSO map
Map templates: ['dust', 'stars', 'm10', 'mcs', 'unwise', 'unwisescan', 'mcsunwise']
Dustmap already exists, loading from ../data/maps/map_dust_NSIDE64.npy
Star map already exists, loading from ../data/maps/map_stars_NSIDE64.npy
M10 map already exists, loading from ../data/maps/map_m10_NSIDE64.npy
MCs map already exists, loading from ../data/maps/map_mcs_NSIDE64.npy
unWISE map already exists, loading from ../data/maps/map_unwise_NSIDE64.npy
unWISE scan map already exists, loading from ../data/maps/map_unwisescan_NSIDE64.npy
MCs map already exists, loading from ../data/maps/map_mcsunwise_NSIDE64.npy
Constructing X
(7, 49152)
(7, 49152)
Getting indices to fit
err min max: 0.0 1.7320508075688772
Training fitter
X_train: (2998, 7) y_train: (2998,)
y_train min: 1.0 y_train: 3.0
fit_mean = True
n params: 7
parameter names: ('mean:value', 'kernel:k1:log_constant', 'kernel:k2:metric:log_M_0_0', 'kernel:k2:metric:log_M_1_1', 'kernel:k2:metric:log_M_2_2', 'kernel:k2:metric:log_M_3_3', 'kernel:k2:metric:log_M_4_4', 'kernel:k2:metric:log_M_5_5', 'kernel:k2:metric:log_M_6_6')
paramters init: [ 0.         -5.71580967 -0.5         1.5        -1.          5.
  0.8         0.         10.        ]
y minmax 0.0 1.0986122886681096
yerr: [1.         1.         1.         ... 1.         1.73205081 1.        ] [1.         1.         1.         ... 1.         0.57735027 1.        ]
p compute: [ 0.         -5.71580967 -0.5         1.5        -1.          5.
  0.8         0.         10.        ]
lnlike compute: -2783.573070361023
Minimizing
  message: Optimization terminated successfully.
  success: True
   status: 0
      fun: 2776.642810438784
        x: [ 6.587e-02 -2.334e+01 -1.830e+00  8.793e-01 -1.500e+00
             4.627e+00  5.962e-01 -7.616e-01  9.996e+00]
      nit: 24
      jac: [ 5.439e-06  7.654e-07  5.347e-09  4.338e-09  2.069e-09
             1.502e-09  1.264e-09  9.183e-10  9.787e-12]
 hess_inv: [[ 3.200e-04 -2.250e-03 ... -3.860e-04  8.826e-07]
            [-2.250e-03  4.516e+05 ...  3.021e+04  1.073e+02]
            ...
            [-3.860e-04  3.021e+04 ...  2.022e+03  7.181e+00]
            [ 8.826e-07  1.073e+02 ...  7.181e+00  1.026e+00]]
     nfev: 29
     njev: 29
p post op: [  0.06587411 -23.34149109  -1.83031267   0.87933722  -1.49969477
   4.62711366   0.59622508  -0.7616047    9.99629492]
lnlike final: -2776.642810438784
Predicting
setting the output map dtype to [dtype('float64')]
predict p: [  0.06587411 -23.34149109  -1.83031267   0.87933722  -1.49969477
   4.62711366   0.59622508  -0.7616047    9.99629492]
Saving ypred map to ../data/maps/y_pred_selection_function_NSIDE64_G20.5_zmin0.0000zmax0.1875_Lbolmin44.5.fits
y_pred_full: [1.06809225 1.06809225 1.06809225 ... 1.06809225 1.06809225 1.06809225]
0
RMSE: 0.2295814079909503
Making selection function map
setting the output map dtype to [dtype('float64')]
Number of clean healpixels: 479 (Total: 49152)
Using parent catalog to determine zero-probability pixels
(If i_keep also passed, will be ignored!)
min: 0.0, max: 1.7527760478875838
map_prob: [1.75277604 1.75277604 1.75277604 ... 1.75277605 1.75277605 1.75277605]
Saved map to ../data/maps/selection_function_NSIDE64_G20.5_zmin0.0000zmax0.1875_Lbolmin44.5.fits!
Time: 116.18477582931519 s (1.9364129304885864 min)
allsky 
../data/randoms/random_G20.5_zmin0.0000zmax0.1875_Lbolmin44.5_25x.fits
Loading data
fn_catalog ../data/quaia_G20.5_zmin0.0000zmax0.1875_Lbolmin44.5.fits does not exist, so exiting
Running selection function with fn_catalog=../data/quaia_G20.5_zmin0.1875zmax0.3750_Lbolmin44.5.fits, fn_selfunc=../data/maps/selection_function_NSIDE64_G20.5_zmin0.1875zmax0.3750_Lbolmin44.5.fits, fn_parentcat=../data/quaia_G20.5.fits, map_names=None
Loading data
Making QSO map
Map templates: ['dust', 'stars', 'm10', 'mcs', 'unwise', 'unwisescan', 'mcsunwise']
Dustmap already exists, loading from ../data/maps/map_dust_NSIDE64.npy
Star map already exists, loading from ../data/maps/map_stars_NSIDE64.npy
M10 map already exists, loading from ../data/maps/map_m10_NSIDE64.npy
MCs map already exists, loading from ../data/maps/map_mcs_NSIDE64.npy
unWISE map already exists, loading from ../data/maps/map_unwise_NSIDE64.npy
unWISE scan map already exists, loading from ../data/maps/map_unwisescan_NSIDE64.npy
MCs map already exists, loading from ../data/maps/map_mcsunwise_NSIDE64.npy
Constructing X
(7, 49152)
(7, 49152)
Getting indices to fit
err min max: 0.0 2.6457513110645907
Training fitter
X_train: (21679, 7) y_train: (21679,)
y_train min: 1.0 y_train: 7.0
fit_mean = True
n params: 7
parameter names: ('mean:value', 'kernel:k1:log_constant', 'kernel:k2:metric:log_M_0_0', 'kernel:k2:metric:log_M_1_1', 'kernel:k2:metric:log_M_2_2', 'kernel:k2:metric:log_M_3_3', 'kernel:k2:metric:log_M_4_4', 'kernel:k2:metric:log_M_5_5', 'kernel:k2:metric:log_M_6_6')
paramters init: [ 0.         -3.68221327 -0.5         1.5        -1.          5.
  0.8         0.         10.        ]
y minmax 0.0 1.9459101490553132
yerr: [1.         1.41421356 1.         ... 1.73205081 1.         1.        ] [1.         0.70710678 1.         ... 0.57735027 1.         1.        ]
p compute: [ 0.         -3.68221327 -0.5         1.5        -1.          5.
  0.8         0.         10.        ]
lnlike compute: -20449.91758051055
Minimizing
  message: Optimization terminated successfully.
  success: True
   status: 0
      fun: 20416.222259152186
        x: [ 2.274e-01 -5.066e+00  1.584e-01  3.491e+01  8.289e-01
             6.212e+01  4.349e-01  5.941e+01  2.510e+01]
      nit: 38
      jac: [-2.925e-06  3.298e-06  9.071e-07  2.564e-14  6.270e-06
            -8.191e-25 -2.468e-08 -5.974e-25 -7.240e-09]
 hess_inv: [[ 1.435e-02 -2.131e-02 ...  4.775e+01  1.407e+01]
            [-2.131e-02  5.038e-01 ... -3.979e+02 -1.174e+02]
            ...
            [ 4.775e+01 -3.979e+02 ...  5.502e+08  1.620e+08]
            [ 1.407e+01 -1.174e+02 ...  1.620e+08  4.769e+07]]
     nfev: 39
     njev: 39
p post op: [ 0.2273668  -5.06569577  0.15841616 34.90629012  0.82889472 62.11714321
  0.43492357 59.40656795 25.10240531]
lnlike final: -20416.222259152186
Predicting
setting the output map dtype to [dtype('float64')]
predict p: [ 0.2273668  -5.06569577  0.15841616 34.90629012  0.82889472 62.11714321
  0.43492357 59.40656795 25.10240531]
Saving ypred map to ../data/maps/y_pred_selection_function_NSIDE64_G20.5_zmin0.1875zmax0.3750_Lbolmin44.5.fits
y_pred_full: [1.31857861 1.37689606 1.5160659  ... 1.49143258 1.54936453 1.49923547]
0
RMSE: 0.7684188548942376
Making selection function map
setting the output map dtype to [dtype('float64')]
Number of clean healpixels: 479 (Total: 49152)
Using parent catalog to determine zero-probability pixels
(If i_keep also passed, will be ignored!)
min: 0.0, max: 0.5934938057527934
map_prob: [0.4220885  0.44075642 0.4853059  ... 0.47742055 0.49596508 0.47991833]
Saved map to ../data/maps/selection_function_NSIDE64_G20.5_zmin0.1875zmax0.3750_Lbolmin44.5.fits!
Time: 4897.989250898361 s (81.63315418163936 min)
allsky 
../data/randoms/random_G20.5_zmin0.1875zmax0.3750_Lbolmin44.5_25x.fits
Loading data
fn_catalog ../data/quaia_G20.5_zmin0.1875zmax0.3750_Lbolmin44.5.fits does not exist, so exiting
Running selection function with fn_catalog=../data/quaia_G20.5_zmin0.3750zmax0.5625_Lbolmin44.5.fits, fn_selfunc=../data/maps/selection_function_NSIDE64_G20.5_zmin0.3750zmax0.5625_Lbolmin44.5.fits, fn_parentcat=../data/quaia_G20.5.fits, map_names=None
Loading data
Making QSO map
Map templates: ['dust', 'stars', 'm10', 'mcs', 'unwise', 'unwisescan', 'mcsunwise']
Dustmap already exists, loading from ../data/maps/map_dust_NSIDE64.npy
Star map already exists, loading from ../data/maps/map_stars_NSIDE64.npy
M10 map already exists, loading from ../data/maps/map_m10_NSIDE64.npy
MCs map already exists, loading from ../data/maps/map_mcs_NSIDE64.npy
unWISE map already exists, loading from ../data/maps/map_unwise_NSIDE64.npy
unWISE scan map already exists, loading from ../data/maps/map_unwisescan_NSIDE64.npy
MCs map already exists, loading from ../data/maps/map_mcsunwise_NSIDE64.npy
Constructing X
(7, 49152)
(7, 49152)
Getting indices to fit
err min max: 0.0 3.0
Training fitter
X_train: (31208, 7) y_train: (31208,)
y_train min: 1.0 y_train: 9.0
