
CommandNotFoundError: Your shell has not been properly configured to use 'conda activate'.
To initialize your shell, run

    $ conda init <SHELL_NAME>

Currently supported shells are:
  - bash
  - fish
  - tcsh
  - xonsh
  - zsh
  - powershell

See 'conda init --help' for more information and options.

IMPORTANT: You may need to close and restart your shell after running 'conda init'.


z_bins: [0.0, 1.0, 2.0, 3.0, 4.6], setting n_zbins=4
zbins: [0.0, 1.0, 2.0, 3.0, 4.6]
n_zbins: 4
Lbins: [-inf, -20.0]
n_Lbins: 1
M_i         M_i        
        mag        
-------------------
-22.507448848940637
-24.102601286783244
-25.426468315645185
-22.854387364880843
-26.161945961419303
-24.214543576972517
 -23.69000215344864
-24.992506332761707
-25.002539391159736
-23.361621017062678
                ...
 -25.25163917367035
 -25.70153279581835
 -25.47010866018247
 -23.72836027325438
 -24.40198573854217
-22.793977520566933
-24.871350404333203
-23.211681956034145
-24.369761021402052
-22.863922487934847
Length = 324336 rows
zmin: 0.08634503930807114
zmax: 0.9999972581863403
Lmin: -88.64534967215087
Lmax: -20.072824621412323
Wrote table with 324336 objects to ../data/quaia_G20.5_zmin0.0zmax1.0_Lmax-20.0.fits
Lbins: [-inf, -20.0]
n_Lbins: 1
M_i         M_i        
        mag        
-------------------
 -27.07673019389843
-26.624963806677435
-25.559845212853066
  -25.4173451834889
-26.047343858820756
 -26.04335807738845
 -24.97846961510233
 -26.35223276205575
 -25.86741020605971
-25.439159149526702
                ...
-25.723723357643603
 -25.79549132782741
-25.651043384981854
-26.308480615318196
-24.990666079673556
 -25.92860696617278
 -25.33891856313993
-24.826824656928924
 -25.89037212281542
-26.192383797566773
Length = 648196 rows
zmin: 1.0
zmax: 1.9999983310699463
Lmin: -41.79408407364724
Lmax: -23.87716812549706
Wrote table with 648196 objects to ../data/quaia_G20.5_zmin1.0zmax2.0_Lmax-20.0.fits
Lbins: [-inf, -20.0]
n_Lbins: 1
M_i         M_i        
        mag        
-------------------
-26.487464829502358
-27.915764462803754
 -27.52615828129799
-26.147194090340328
 -26.72940625880551
-27.263418889091245
-26.602493380594204
-28.629522357981674
-26.533569878909244
-26.816367576629514
                ...
 -27.14954804262212
 -26.62053364823859
 -26.87330534458143
  -27.9073598202066
 -26.43353228237333
-27.568192126147057
-26.809776687576566
-28.005268331974737
 -27.84496167942266
-26.916235096858156
Length = 286508 rows
zmin: 2.0
zmax: 2.99997878074646
Lmin: -41.73691558715888
Lmax: -25.431075248235814
Wrote table with 286508 objects to ../data/quaia_G20.5_zmin2.0zmax3.0_Lmax-20.0.fits
Lbins: [-inf, -20.0]
n_Lbins: 1
M_i         M_i        
        mag        
-------------------
  -27.7511925193282
-27.334182126542647
 -27.75142130619079
-27.386149620841305
-27.328607104174633
 -27.55949711176342
-27.590496926251184
-27.482105742577954
 -26.85182937913775
-27.183993131897466
                ...
-27.706994047740906
-27.832970320522488
-26.851976883157533
-29.073608101433358
 -26.91441630236345
-26.910136164702447
 -27.49228651880766
-27.220120409056733
-27.287801733703386
-27.071366656644283
Length = 36458 rows
zmin: 3.0
zmax: 4.589638869034753
Lmin: -41.92932720395061
Lmax: -26.42871917915458
Wrote table with 36458 objects to ../data/quaia_G20.5_zmin3.0zmax4.6_Lmax-20.0.fits
Submitted batch job 19446434
Submitted batch job 19446438
Submitted batch job 19446441
Submitted batch job 19446444
z_bins: [0.0, 1.0, 2.0, 3.0, 4.6], setting n_zbins=4
zbins: [0.0, 1.0, 2.0, 3.0, 4.6]
n_zbins: 4
Lbins: [-inf, -25.0]
n_Lbins: 1
M_i         M_i        
        mag        
-------------------
-22.507448848940637
-24.102601286783244
-25.426468315645185
-22.854387364880843
-26.161945961419303
-24.214543576972517
 -23.69000215344864
-24.992506332761707
-25.002539391159736
-23.361621017062678
                ...
 -25.25163917367035
 -25.70153279581835
 -25.47010866018247
 -23.72836027325438
 -24.40198573854217
-22.793977520566933
-24.871350404333203
-23.211681956034145
-24.369761021402052
-22.863922487934847
Length = 324336 rows
zmin: 0.18264914971886603
zmax: 0.9999887943267822
Lmin: -88.64534967215087
Lmax: -25.00003859818673
Wrote table with 55261 objects to ../data/quaia_G20.5_zmin0.0zmax1.0_Lmax-25.0.fits
Lbins: [-inf, -25.0]
n_Lbins: 1
M_i         M_i        
        mag        
-------------------
 -27.07673019389843
-26.624963806677435
-25.559845212853066
  -25.4173451834889
-26.047343858820756
 -26.04335807738845
 -24.97846961510233
 -26.35223276205575
 -25.86741020605971
-25.439159149526702
                ...
-25.723723357643603
 -25.79549132782741
-25.651043384981854
-26.308480615318196
-24.990666079673556
 -25.92860696617278
 -25.33891856313993
-24.826824656928924
 -25.89037212281542
-26.192383797566773
Length = 648196 rows
zmin: 1.0
zmax: 1.9999983310699463
Lmin: -41.79408407364724
Lmax: -25.00000325000916
Wrote table with 502242 objects to ../data/quaia_G20.5_zmin1.0zmax2.0_Lmax-25.0.fits
Lbins: [-inf, -25.0]
n_Lbins: 1
M_i         M_i        
        mag        
-------------------
-26.487464829502358
-27.915764462803754
 -27.52615828129799
-26.147194090340328
 -26.72940625880551
-27.263418889091245
-26.602493380594204
-28.629522357981674
-26.533569878909244
-26.816367576629514
                ...
 -27.14954804262212
 -26.62053364823859
 -26.87330534458143
  -27.9073598202066
 -26.43353228237333
-27.568192126147057
-26.809776687576566
-28.005268331974737
 -27.84496167942266
-26.916235096858156
Length = 286508 rows
zmin: 2.0
zmax: 2.99997878074646
Lmin: -41.73691558715888
Lmax: -25.431075248235814
Wrote table with 286508 objects to ../data/quaia_G20.5_zmin2.0zmax3.0_Lmax-25.0.fits
Lbins: [-inf, -25.0]
n_Lbins: 1
M_i         M_i        
        mag        
-------------------
  -27.7511925193282
-27.334182126542647
 -27.75142130619079
-27.386149620841305
-27.328607104174633
 -27.55949711176342
-27.590496926251184
-27.482105742577954
 -26.85182937913775
-27.183993131897466
                ...
-27.706994047740906
-27.832970320522488
-26.851976883157533
-29.073608101433358
 -26.91441630236345
-26.910136164702447
 -27.49228651880766
-27.220120409056733
-27.287801733703386
-27.071366656644283
Length = 36458 rows
zmin: 3.0
zmax: 4.589638869034753
Lmin: -41.92932720395061
Lmax: -26.42871917915458
Wrote table with 36458 objects to ../data/quaia_G20.5_zmin3.0zmax4.6_Lmax-25.0.fits
Submitted batch job 19446471
Submitted batch job 19446475
Submitted batch job 19446478
Submitted batch job 19446481
z_bins: [0.0, 1.0, 2.0, 3.0, 4.6], setting n_zbins=4
zbins: [0.0, 1.0, 2.0, 3.0, 4.6]
n_zbins: 4
Lbins: [-inf, -26.0]
n_Lbins: 1
M_i         M_i        
        mag        
-------------------
-22.507448848940637
-24.102601286783244
-25.426468315645185
-22.854387364880843
-26.161945961419303
-24.214543576972517
 -23.69000215344864
-24.992506332761707
-25.002539391159736
-23.361621017062678
                ...
 -25.25163917367035
 -25.70153279581835
 -25.47010866018247
 -23.72836027325438
 -24.40198573854217
-22.793977520566933
-24.871350404333203
-23.211681956034145
-24.369761021402052
-22.863922487934847
Length = 324336 rows
zmin: 0.1983145931170656
zmax: 0.9999824166297913
Lmin: -88.64534967215087
Lmax: -26.000025756413905
Wrote table with 12557 objects to ../data/quaia_G20.5_zmin0.0zmax1.0_Lmax-26.0.fits
Lbins: [-inf, -26.0]
n_Lbins: 1
M_i         M_i        
        mag        
-------------------
 -27.07673019389843
-26.624963806677435
-25.559845212853066
  -25.4173451834889
-26.047343858820756
 -26.04335807738845
 -24.97846961510233
 -26.35223276205575
 -25.86741020605971
-25.439159149526702
                ...
-25.723723357643603
 -25.79549132782741
-25.651043384981854
-26.308480615318196
-24.990666079673556
 -25.92860696617278
 -25.33891856313993
-24.826824656928924
 -25.89037212281542
-26.192383797566773
Length = 648196 rows
zmin: 1.0000265836715698
zmax: 1.9999983310699463
Lmin: -41.79408407364724
Lmax: -26.000009260832552
Wrote table with 185134 objects to ../data/quaia_G20.5_zmin1.0zmax2.0_Lmax-26.0.fits
Lbins: [-inf, -26.0]
n_Lbins: 1
M_i         M_i        
        mag        
-------------------
-26.487464829502358
-27.915764462803754
 -27.52615828129799
-26.147194090340328
 -26.72940625880551
-27.263418889091245
-26.602493380594204
-28.629522357981674
-26.533569878909244
-26.816367576629514
                ...
 -27.14954804262212
 -26.62053364823859
 -26.87330534458143
  -27.9073598202066
 -26.43353228237333
-27.568192126147057
-26.809776687576566
-28.005268331974737
 -27.84496167942266
-26.916235096858156
Length = 286508 rows
zmin: 2.0
zmax: 2.99997878074646
Lmin: -41.73691558715888
Lmax: -26.000002183524618
Wrote table with 259755 objects to ../data/quaia_G20.5_zmin2.0zmax3.0_Lmax-26.0.fits
Lbins: [-inf, -26.0]
n_Lbins: 1
M_i         M_i        
        mag        
-------------------
  -27.7511925193282
-27.334182126542647
 -27.75142130619079
-27.386149620841305
-27.328607104174633
 -27.55949711176342
-27.590496926251184
-27.482105742577954
 -26.85182937913775
-27.183993131897466
                ...
-27.706994047740906
-27.832970320522488
-26.851976883157533
-29.073608101433358
 -26.91441630236345
-26.910136164702447
 -27.49228651880766
-27.220120409056733
-27.287801733703386
-27.071366656644283
Length = 36458 rows
zmin: 3.0
zmax: 4.589638869034753
Lmin: -41.92932720395061
Lmax: -26.42871917915458
Wrote table with 36458 objects to ../data/quaia_G20.5_zmin3.0zmax4.6_Lmax-26.0.fits
Submitted batch job 19446537
Submitted batch job 19446541
Submitted batch job 19446544
Submitted batch job 19446547
z_bins: [0.0, 1.0, 2.0, 3.0, 4.6], setting n_zbins=4
zbins: [0.0, 1.0, 2.0, 3.0, 4.6]
n_zbins: 4
Lbins: [-inf, -27.0]
n_Lbins: 1
M_i         M_i        
        mag        
-------------------
-22.507448848940637
-24.102601286783244
-25.426468315645185
-22.854387364880843
-26.161945961419303
-24.214543576972517
 -23.69000215344864
-24.992506332761707
-25.002539391159736
-23.361621017062678
                ...
 -25.25163917367035
 -25.70153279581835
 -25.47010866018247
 -23.72836027325438
 -24.40198573854217
-22.793977520566933
-24.871350404333203
-23.211681956034145
-24.369761021402052
-22.863922487934847
Length = 324336 rows
zmin: 0.1983145931170656
zmax: 0.9998786430025466
Lmin: -88.64534967215087
Lmax: -27.000335549986367
Wrote table with 1922 objects to ../data/quaia_G20.5_zmin0.0zmax1.0_Lmax-27.0.fits
Lbins: [-inf, -27.0]
n_Lbins: 1
M_i         M_i        
        mag        
-------------------
 -27.07673019389843
-26.624963806677435
-25.559845212853066
  -25.4173451834889
-26.047343858820756
 -26.04335807738845
 -24.97846961510233
 -26.35223276205575
 -25.86741020605971
-25.439159149526702
                ...
-25.723723357643603
 -25.79549132782741
-25.651043384981854
-26.308480615318196
-24.990666079673556
 -25.92860696617278
 -25.33891856313993
-24.826824656928924
 -25.89037212281542
-26.192383797566773
Length = 648196 rows
zmin: 1.0000604391098022
zmax: 1.999976634979248
Lmin: -41.79408407364724
Lmax: -27.00001293604799
Wrote table with 38757 objects to ../data/quaia_G20.5_zmin1.0zmax2.0_Lmax-27.0.fits
Lbins: [-inf, -27.0]
n_Lbins: 1
M_i         M_i        
        mag        
-------------------
-26.487464829502358
-27.915764462803754
 -27.52615828129799
-26.147194090340328
 -26.72940625880551
-27.263418889091245
-26.602493380594204
-28.629522357981674
-26.533569878909244
-26.816367576629514
                ...
 -27.14954804262212
 -26.62053364823859
 -26.87330534458143
  -27.9073598202066
 -26.43353228237333
-27.568192126147057
-26.809776687576566
-28.005268331974737
 -27.84496167942266
-26.916235096858156
Length = 286508 rows
zmin: 2.0
zmax: 2.999978542327881
Lmin: -41.73691558715888
Lmax: -27.000009080905638
Wrote table with 103123 objects to ../data/quaia_G20.5_zmin2.0zmax3.0_Lmax-27.0.fits
Lbins: [-inf, -27.0]
n_Lbins: 1
M_i         M_i        
        mag        
-------------------
  -27.7511925193282
-27.334182126542647
 -27.75142130619079
-27.386149620841305
-27.328607104174633
 -27.55949711176342
-27.590496926251184
-27.482105742577954
 -26.85182937913775
-27.183993131897466
                ...
-27.706994047740906
-27.832970320522488
-26.851976883157533
-29.073608101433358
 -26.91441630236345
-26.910136164702447
 -27.49228651880766
-27.220120409056733
-27.287801733703386
-27.071366656644283
Length = 36458 rows
zmin: 3.0
zmax: 4.589638869034753
Lmin: -41.92932720395061
Lmax: -27.000024344799805
Wrote table with 28981 objects to ../data/quaia_G20.5_zmin3.0zmax4.6_Lmax-27.0.fits
Submitted batch job 19446830
Submitted batch job 19446831
Submitted batch job 19446832
Submitted batch job 19446834
/var/spool/slurmd/job19446189/slurm_script: line 47: syntax error near unexpected token `done'
/var/spool/slurmd/job19446189/slurm_script: line 47: `done'
