Starting batch job

G20.0: computing wp in 30 bins from 30.0 to 180.0 on a linear scale...

Pixels masked by MC but not already by selfunc: 27
G20.0_zmin0.0zmax1.0_Lmin-32.0Lmax-27.0: 0.58              718 vs 1730
[Warning] The CPU supports AVX512F but the compiler does not.  Can you try another compiler?
/home/groups/tabel/mahlet/pyccl-env/lib/python3.12/site-packages/Corrfunc/utils.py:918: UserWarning: One or more input array has non-native endianness!  A copy will be made with the correct endianness.
  warnings.warn("One or more input array has non-native endianness!  A copy will"\
saved to _G20.0_rmin30.0_rmax180.0_nbins30_pimax80_zmin0.0zmax1.0_Lmin-32.0Lmax-27.0_Planck_MC_b30
Pixels masked by MC but not already by selfunc: 79
G20.0_zmin0.0zmax1.0_Lmin-27.0Lmax-26.0: 0.49              5058 vs 9911
/home/groups/tabel/mahlet/pyccl-env/lib/python3.12/site-packages/Corrfunc/utils.py:918: UserWarning: One or more input array has non-native endianness!  A copy will be made with the correct endianness.
  warnings.warn("One or more input array has non-native endianness!  A copy will"\
saved to _G20.0_rmin30.0_rmax180.0_nbins30_pimax80_zmin0.0zmax1.0_Lmin-27.0Lmax-26.0_Planck_MC_b30
Pixels masked by MC but not already by selfunc: 307
G20.0_zmin0.0zmax1.0_Lmin-26.0Lmax-25.0: 0.42              22749 vs 39167
/home/groups/tabel/mahlet/pyccl-env/lib/python3.12/site-packages/Corrfunc/utils.py:918: UserWarning: One or more input array has non-native endianness!  A copy will be made with the correct endianness.
  warnings.warn("One or more input array has non-native endianness!  A copy will"\
saved to _G20.0_rmin30.0_rmax180.0_nbins30_pimax80_zmin0.0zmax1.0_Lmin-26.0Lmax-25.0_Planck_MC_b30
Pixels masked by MC but not already by selfunc: 1065
G20.0_zmin0.0zmax1.0_Lmin-25.0Lmax-20.0: 0.29              106082 vs 149969
/home/groups/tabel/mahlet/pyccl-env/lib/python3.12/site-packages/Corrfunc/utils.py:918: UserWarning: One or more input array has non-native endianness!  A copy will be made with the correct endianness.
  warnings.warn("One or more input array has non-native endianness!  A copy will"\
saved to _G20.0_rmin30.0_rmax180.0_nbins30_pimax80_zmin0.0zmax1.0_Lmin-25.0Lmax-20.0_Planck_MC_b30
Pixels masked by MC but not already by selfunc: 314
G20.0_zmin1.0zmax2.0_Lmin-32.0Lmax-27.0: 0.46              19732 vs 36311
/home/groups/tabel/mahlet/pyccl-env/lib/python3.12/site-packages/Corrfunc/utils.py:918: UserWarning: One or more input array has non-native endianness!  A copy will be made with the correct endianness.
  warnings.warn("One or more input array has non-native endianness!  A copy will"\
saved to _G20.0_rmin30.0_rmax180.0_nbins30_pimax80_zmin1.0zmax2.0_Lmin-32.0Lmax-27.0_Planck_MC_b30
Pixels masked by MC but not already by selfunc: 1024
G20.0_zmin1.0zmax2.0_Lmin-27.0Lmax-26.0: 0.36              84963 vs 132662
/home/groups/tabel/mahlet/pyccl-env/lib/python3.12/site-packages/Corrfunc/utils.py:918: UserWarning: One or more input array has non-native endianness!  A copy will be made with the correct endianness.
  warnings.warn("One or more input array has non-native endianness!  A copy will"\
saved to _G20.0_rmin30.0_rmax180.0_nbins30_pimax80_zmin1.0zmax2.0_Lmin-27.0Lmax-26.0_Planck_MC_b30
Pixels masked by MC but not already by selfunc: 1171
G20.0_zmin1.0zmax2.0_Lmin-26.0Lmax-25.0: 0.26              128827 vs 173186
/home/groups/tabel/mahlet/pyccl-env/lib/python3.12/site-packages/Corrfunc/utils.py:918: UserWarning: One or more input array has non-native endianness!  A copy will be made with the correct endianness.
  warnings.warn("One or more input array has non-native endianness!  A copy will"\
saved to _G20.0_rmin30.0_rmax180.0_nbins30_pimax80_zmin1.0zmax2.0_Lmin-26.0Lmax-25.0_Planck_MC_b30
Pixels masked by MC but not already by selfunc: 159
G20.0_zmin1.0zmax2.0_Lmin-25.0Lmax-20.0: 0.15              23093 vs 27165
/home/groups/tabel/mahlet/pyccl-env/lib/python3.12/site-packages/Corrfunc/utils.py:918: UserWarning: One or more input array has non-native endianness!  A copy will be made with the correct endianness.
  warnings.warn("One or more input array has non-native endianness!  A copy will"\
saved to _G20.0_rmin30.0_rmax180.0_nbins30_pimax80_zmin1.0zmax2.0_Lmin-25.0Lmax-20.0_Planck_MC_b30
Pixels masked by MC but not already by selfunc: 773
G20.0_zmin2.0zmax3.0_Lmin-32.0Lmax-27.0: 0.35              61759 vs 95423
/home/groups/tabel/mahlet/pyccl-env/lib/python3.12/site-packages/Corrfunc/utils.py:918: UserWarning: One or more input array has non-native endianness!  A copy will be made with the correct endianness.
  warnings.warn("One or more input array has non-native endianness!  A copy will"\
saved to _G20.0_rmin30.0_rmax180.0_nbins30_pimax80_zmin2.0zmax3.0_Lmin-32.0Lmax-27.0_Planck_MC_b30
Pixels masked by MC but not already by selfunc: 484
G20.0_zmin2.0zmax3.0_Lmin-27.0Lmax-26.0: 0.20              56012 vs 69636
/home/groups/tabel/mahlet/pyccl-env/lib/python3.12/site-packages/Corrfunc/utils.py:918: UserWarning: One or more input array has non-native endianness!  A copy will be made with the correct endianness.
  warnings.warn("One or more input array has non-native endianness!  A copy will"\
saved to _G20.0_rmin30.0_rmax180.0_nbins30_pimax80_zmin2.0zmax3.0_Lmin-27.0Lmax-26.0_Planck_MC_b30
Pixels masked by MC but not already by selfunc: 0
G20.0_zmin2.0zmax3.0_Lmin-26.0Lmax-25.0: 0.00              211 vs 211
/home/groups/tabel/mahlet/pyccl-env/lib/python3.12/site-packages/Corrfunc/utils.py:918: UserWarning: One or more input array has non-native endianness!  A copy will be made with the correct endianness.
  warnings.warn("One or more input array has non-native endianness!  A copy will"\
/oak/stanford/orgs/kipac/users/mahlet/quaia_bias/scripts/quaia.py:1119: RuntimeWarning: invalid value encountered in scalar divide
  rpavg = [np.sum((DD_counts['rpavg']*DD_counts['npairs'])[DD_counts['rmin']==i])/np.sum(DD_counts['npairs'][DD_counts['rmin']==i])
saved to _G20.0_rmin30.0_rmax180.0_nbins30_pimax80_zmin2.0zmax3.0_Lmin-26.0Lmax-25.0_Planck_MC_b30
Random catalog is not computed, do not use output
Pixels masked by MC but not already by selfunc: 0
G20.0_zmin2.0zmax3.0_Lmin-25.0Lmax-20.0: nan              0 vs 0
/home/groups/tabel/mahlet/pyccl-env/lib/python3.12/site-packages/numpy/core/fromnumeric.py:3502: RuntimeWarning: Mean of empty slice.
  return mean(axis=axis, dtype=dtype, out=out, **kwargs)
/home/groups/tabel/mahlet/pyccl-env/lib/python3.12/site-packages/numpy/core/_methods.py:129: RuntimeWarning: invalid value encountered in scalar divide
  ret = ret.dtype.type(ret / rcount)
/home/groups/tabel/mahlet/pyccl-env/lib/python3.12/site-packages/Corrfunc/utils.py:918: UserWarning: One or more input array has non-native endianness!  A copy will be made with the correct endianness.
  warnings.warn("One or more input array has non-native endianness!  A copy will"\
min() iterable argument is empty
Pixels masked by MC but not already by selfunc: 164
G20.0_zmin3.0zmax4.6_Lmin-32.0Lmax-27.0: 0.24              15496 vs 20368
/home/groups/tabel/mahlet/pyccl-env/lib/python3.12/site-packages/Corrfunc/utils.py:918: UserWarning: One or more input array has non-native endianness!  A copy will be made with the correct endianness.
  warnings.warn("One or more input array has non-native endianness!  A copy will"\
saved to _G20.0_rmin30.0_rmax180.0_nbins30_pimax80_zmin3.0zmax4.6_Lmin-32.0Lmax-27.0_Planck_MC_b30
Pixels masked by MC but not already by selfunc: 0
G20.0_zmin3.0zmax4.6_Lmin-27.0Lmax-26.0: 0.00              83 vs 83
/home/groups/tabel/mahlet/pyccl-env/lib/python3.12/site-packages/Corrfunc/utils.py:918: UserWarning: One or more input array has non-native endianness!  A copy will be made with the correct endianness.
  warnings.warn("One or more input array has non-native endianness!  A copy will"\
/oak/stanford/orgs/kipac/users/mahlet/quaia_bias/scripts/quaia.py:1119: RuntimeWarning: invalid value encountered in scalar divide
  rpavg = [np.sum((DD_counts['rpavg']*DD_counts['npairs'])[DD_counts['rmin']==i])/np.sum(DD_counts['npairs'][DD_counts['rmin']==i])
saved to _G20.0_rmin30.0_rmax180.0_nbins30_pimax80_zmin3.0zmax4.6_Lmin-27.0Lmax-26.0_Planck_MC_b30
Random catalog is not computed, do not use output
Pixels masked by MC but not already by selfunc: 0
G20.0_zmin3.0zmax4.6_Lmin-26.0Lmax-25.0: nan              0 vs 0
/home/groups/tabel/mahlet/pyccl-env/lib/python3.12/site-packages/numpy/core/fromnumeric.py:3502: RuntimeWarning: Mean of empty slice.
  return mean(axis=axis, dtype=dtype, out=out, **kwargs)
/home/groups/tabel/mahlet/pyccl-env/lib/python3.12/site-packages/numpy/core/_methods.py:129: RuntimeWarning: invalid value encountered in scalar divide
  ret = ret.dtype.type(ret / rcount)
/home/groups/tabel/mahlet/pyccl-env/lib/python3.12/site-packages/Corrfunc/utils.py:918: UserWarning: One or more input array has non-native endianness!  A copy will be made with the correct endianness.
  warnings.warn("One or more input array has non-native endianness!  A copy will"\
min() iterable argument is empty
Random catalog is not computed, do not use output
Pixels masked by MC but not already by selfunc: 0
G20.0_zmin3.0zmax4.6_Lmin-25.0Lmax-20.0: nan              0 vs 0
/home/groups/tabel/mahlet/pyccl-env/lib/python3.12/site-packages/numpy/core/fromnumeric.py:3502: RuntimeWarning: Mean of empty slice.
  return mean(axis=axis, dtype=dtype, out=out, **kwargs)
/home/groups/tabel/mahlet/pyccl-env/lib/python3.12/site-packages/numpy/core/_methods.py:129: RuntimeWarning: invalid value encountered in scalar divide
  ret = ret.dtype.type(ret / rcount)
/home/groups/tabel/mahlet/pyccl-env/lib/python3.12/site-packages/Corrfunc/utils.py:918: UserWarning: One or more input array has non-native endianness!  A copy will be made with the correct endianness.
  warnings.warn("One or more input array has non-native endianness!  A copy will"\
min() iterable argument is empty
done!
Exception ignored in: <function Cosmology.__del__ at 0x7f3923a09f80>
Traceback (most recent call last):
  File "/home/groups/tabel/mahlet/pyccl-env/lib/python3.12/site-packages/pyccl/cosmology.py", line 464, in __del__
TypeError: 'NoneType' object is not callable
