Starting batch job

G20.5: computing xi in 14 bins from 1.0 to 200.0 on a log scale...

0.6894778799840835
Pixels masked by MC but not already by selfunc: 1911
G20.5_zmin0.0zmax1.0_Lmax-20.0: 0.31              224099 vs 324336
[Warning] The CPU supports AVX512F but the compiler does not.  Can you try another compiler?
/home/groups/tabel/mahlet/pyccl-env/lib/python3.12/site-packages/Corrfunc/utils.py:918: UserWarning: One or more input array has non-native endianness!  A copy will be made with the correct endianness.
  warnings.warn("One or more input array has non-native endianness!  A copy will"\
saved to _G20.5_rmin1.0_rmax200.0_nbins14_zmin0.0zmax1.0_Lmax-20.0_Planck_MC_mask0.5
0.6998052036780241
Pixels masked by MC but not already by selfunc: 3700
G20.5_zmin1.0zmax2.0_Lmax-20.0: 0.28              464321 vs 648196
/home/groups/tabel/mahlet/pyccl-env/lib/python3.12/site-packages/Corrfunc/utils.py:918: UserWarning: One or more input array has non-native endianness!  A copy will be made with the correct endianness.
  warnings.warn("One or more input array has non-native endianness!  A copy will"\
saved to _G20.5_rmin1.0_rmax200.0_nbins14_zmin1.0zmax2.0_Lmax-20.0_Planck_MC_mask0.5
0.7010382664550974
Pixels masked by MC but not already by selfunc: 3094
G20.5_zmin2.0zmax3.0_Lmax-20.0: 0.25              214535 vs 286508
/home/groups/tabel/mahlet/pyccl-env/lib/python3.12/site-packages/Corrfunc/utils.py:918: UserWarning: One or more input array has non-native endianness!  A copy will be made with the correct endianness.
  warnings.warn("One or more input array has non-native endianness!  A copy will"\
saved to _G20.5_rmin1.0_rmax200.0_nbins14_zmin2.0zmax3.0_Lmax-20.0_Planck_MC_mask0.5
0.7686898940836221
Pixels masked by MC but not already by selfunc: 352
G20.5_zmin3.0zmax4.6_Lmax-20.0: 0.22              28576 vs 36458
/home/groups/tabel/mahlet/pyccl-env/lib/python3.12/site-packages/Corrfunc/utils.py:918: UserWarning: One or more input array has non-native endianness!  A copy will be made with the correct endianness.
  warnings.warn("One or more input array has non-native endianness!  A copy will"\
saved to _G20.5_rmin1.0_rmax200.0_nbins14_zmin3.0zmax4.6_Lmax-20.0_Planck_MC_mask0.5
0.5740493621004301
Pixels masked by MC but not already by selfunc: 472
G20.5_zmin0.0zmax1.0_Lmax-25.0: 0.39              33897 vs 55261
/home/groups/tabel/mahlet/pyccl-env/lib/python3.12/site-packages/Corrfunc/utils.py:918: UserWarning: One or more input array has non-native endianness!  A copy will be made with the correct endianness.
  warnings.warn("One or more input array has non-native endianness!  A copy will"\
saved to _G20.5_rmin1.0_rmax200.0_nbins14_zmin0.0zmax1.0_Lmax-25.0_Planck_MC_mask0.5
0.7764060682819681
Pixels masked by MC but not already by selfunc: 2269
G20.5_zmin1.0zmax2.0_Lmax-25.0: 0.32              340084 vs 502242
/home/groups/tabel/mahlet/pyccl-env/lib/python3.12/site-packages/Corrfunc/utils.py:918: UserWarning: One or more input array has non-native endianness!  A copy will be made with the correct endianness.
  warnings.warn("One or more input array has non-native endianness!  A copy will"\
saved to _G20.5_rmin1.0_rmax200.0_nbins14_zmin1.0zmax2.0_Lmax-25.0_Planck_MC_mask0.5
0.7010382664550974
Pixels masked by MC but not already by selfunc: 3094
G20.5_zmin2.0zmax3.0_Lmax-25.0: 0.25              214535 vs 286508
/home/groups/tabel/mahlet/pyccl-env/lib/python3.12/site-packages/Corrfunc/utils.py:918: UserWarning: One or more input array has non-native endianness!  A copy will be made with the correct endianness.
  warnings.warn("One or more input array has non-native endianness!  A copy will"\
saved to _G20.5_rmin1.0_rmax200.0_nbins14_zmin2.0zmax3.0_Lmax-25.0_Planck_MC_mask0.5
0.7686898940836221
Pixels masked by MC but not already by selfunc: 352
G20.5_zmin3.0zmax4.6_Lmax-25.0: 0.22              28576 vs 36458
/home/groups/tabel/mahlet/pyccl-env/lib/python3.12/site-packages/Corrfunc/utils.py:918: UserWarning: One or more input array has non-native endianness!  A copy will be made with the correct endianness.
  warnings.warn("One or more input array has non-native endianness!  A copy will"\
saved to _G20.5_rmin1.0_rmax200.0_nbins14_zmin3.0zmax4.6_Lmax-25.0_Planck_MC_mask0.5
0.5825077490602688
Pixels masked by MC but not already by selfunc: 111
G20.5_zmin0.0zmax1.0_Lmax-26.0: 0.35              8224 vs 12557
/home/groups/tabel/mahlet/pyccl-env/lib/python3.12/site-packages/Corrfunc/utils.py:918: UserWarning: One or more input array has non-native endianness!  A copy will be made with the correct endianness.
  warnings.warn("One or more input array has non-native endianness!  A copy will"\
saved to _G20.5_rmin1.0_rmax200.0_nbins14_zmin0.0zmax1.0_Lmax-26.0_Planck_MC_mask0.5
0.55461329930188
Pixels masked by MC but not already by selfunc: 1706
G20.5_zmin1.0zmax2.0_Lmax-26.0: 0.36              118050 vs 185134
/home/groups/tabel/mahlet/pyccl-env/lib/python3.12/site-packages/Corrfunc/utils.py:918: UserWarning: One or more input array has non-native endianness!  A copy will be made with the correct endianness.
  warnings.warn("One or more input array has non-native endianness!  A copy will"\
saved to _G20.5_rmin1.0_rmax200.0_nbins14_zmin1.0zmax2.0_Lmax-26.0_Planck_MC_mask0.5
0.7886798806904957
Pixels masked by MC but not already by selfunc: 2911
G20.5_zmin2.0zmax3.0_Lmax-26.0: 0.27              189280 vs 259755
/home/groups/tabel/mahlet/pyccl-env/lib/python3.12/site-packages/Corrfunc/utils.py:918: UserWarning: One or more input array has non-native endianness!  A copy will be made with the correct endianness.
  warnings.warn("One or more input array has non-native endianness!  A copy will"\
saved to _G20.5_rmin1.0_rmax200.0_nbins14_zmin2.0zmax3.0_Lmax-26.0_Planck_MC_mask0.5
0.7686898940836221
Pixels masked by MC but not already by selfunc: 352
G20.5_zmin3.0zmax4.6_Lmax-26.0: 0.22              28576 vs 36458
/home/groups/tabel/mahlet/pyccl-env/lib/python3.12/site-packages/Corrfunc/utils.py:918: UserWarning: One or more input array has non-native endianness!  A copy will be made with the correct endianness.
  warnings.warn("One or more input array has non-native endianness!  A copy will"\
saved to _G20.5_rmin1.0_rmax200.0_nbins14_zmin3.0zmax4.6_Lmax-26.0_Planck_MC_mask0.5
0.5671669970826603
Pixels masked by MC but not already by selfunc: 46
G20.5_zmin0.0zmax1.0_Lmax-27.0: 0.35              1257 vs 1922
/home/groups/tabel/mahlet/pyccl-env/lib/python3.12/site-packages/Corrfunc/utils.py:918: UserWarning: One or more input array has non-native endianness!  A copy will be made with the correct endianness.
  warnings.warn("One or more input array has non-native endianness!  A copy will"\
saved to _G20.5_rmin1.0_rmax200.0_nbins14_zmin0.0zmax1.0_Lmax-27.0_Planck_MC_mask0.5
0.46940038509642223
Pixels masked by MC but not already by selfunc: 379
G20.5_zmin1.0zmax2.0_Lmax-27.0: 0.36              24686 vs 38757
/home/groups/tabel/mahlet/pyccl-env/lib/python3.12/site-packages/Corrfunc/utils.py:918: UserWarning: One or more input array has non-native endianness!  A copy will be made with the correct endianness.
  warnings.warn("One or more input array has non-native endianness!  A copy will"\
saved to _G20.5_rmin1.0_rmax200.0_nbins14_zmin1.0zmax2.0_Lmax-27.0_Planck_MC_mask0.5
0.7825058063308259
Pixels masked by MC but not already by selfunc: 1036
G20.5_zmin2.0zmax3.0_Lmax-27.0: 0.35              66760 vs 103123
/home/groups/tabel/mahlet/pyccl-env/lib/python3.12/site-packages/Corrfunc/utils.py:918: UserWarning: One or more input array has non-native endianness!  A copy will be made with the correct endianness.
  warnings.warn("One or more input array has non-native endianness!  A copy will"\
saved to _G20.5_rmin1.0_rmax200.0_nbins14_zmin2.0zmax3.0_Lmax-27.0_Planck_MC_mask0.5
0.9260170066053528
Pixels masked by MC but not already by selfunc: 278
G20.5_zmin3.0zmax4.6_Lmax-27.0: 0.26              21578 vs 28981
/home/groups/tabel/mahlet/pyccl-env/lib/python3.12/site-packages/Corrfunc/utils.py:918: UserWarning: One or more input array has non-native endianness!  A copy will be made with the correct endianness.
  warnings.warn("One or more input array has non-native endianness!  A copy will"\
saved to _G20.5_rmin1.0_rmax200.0_nbins14_zmin3.0zmax4.6_Lmax-27.0_Planck_MC_mask0.5
done!
Exception ignored in: <function Cosmology.__del__ at 0x7f1f363d1760>
Traceback (most recent call last):
  File "/home/groups/tabel/mahlet/pyccl-env/lib/python3.12/site-packages/pyccl/cosmology.py", line 464, in __del__
TypeError: 'NoneType' object is not callable
