Starting batch job

G20.5: computing wtheta in 30 bins from 0.001 to 10.0 on a log scale for 50 jackknife regions...
--L: maxsplit

z: None split 3
L: None maxsplit 2
Pixels masked by MC but not already by selfunc: 2251
G20.5_zsplit3bin0_Lmaxsplit2bin0: 0.01              213630 vs 215881
/home/groups/tabel/mahlet/quaia-env/lib/python3.10/site-packages/Corrfunc/utils.py:918: UserWarning: One or more input array has non-native endianness!  A copy will be made with the correct endianness.
  warnings.warn("One or more input array has non-native endianness!  A copy will"\
DD: 0.09475199999999999
DR: 3.750943
RR: 28.725666
DD: 0.095774
DR: 3.860599
RR: 28.921614
DD: 0.08427000000000007
DR: 3.521403
RR: 29.479145
DD: 0.09737499999999999
DR: 4.034921
RR: 28.624468
DD: 0.098602
DR: 4.013732
RR: 29.236584
DD: 0.089476
DR: 3.599026
RR: 29.475511
DD: 0.097339
DR: 3.82929
RR: 28.628918
DD: 0.098047
DR: 3.939599
RR: 28.637896
DD: 0.088875
DR: 3.98932
RR: 29.627372
DD: 0.09859899999999999
DR: 3.571311
RR: 29.29143
DD: 0.09719599999999999
DR: 4.040556
RR: 29.218784
DD: 0.098394
DR: 4.134884
RR: 29.551466
DD: 0.098895
DR: 3.732472
RR: 29.587772
DD: 0.09747499999999999
DR: 4.029987
RR: 29.74581
DD: 0.081704
DR: 4.026397
RR: 31.079959
DD: 0.08787199999999999
DR: 3.7131790000000002
RR: 30.389083
DD: 0.098511
DR: 4.051579
RR: 29.472414
DD: 0.103339
DR: 4.285839
RR: 29.427623
DD: 0.095926
DR: 4.027619
RR: 28.328672
DD: 0.08574699999999999
DR: 3.969439
RR: 28.930017
DD: 0.095873
DR: 3.92854
RR: 28.212397
DD: 0.080306
DR: 3.871142
RR: 28.672906
DD: 0.09557299999999999
DR: 3.776552
RR: 28.316127
DD: 0.087001
DR: 3.964729
RR: 28.498456
DD: 0.093592
DR: 3.892045
RR: 28.658991
DD: 0.084905
DR: 4.133581
RR: 29.378683
DD: 0.096341
DR: 3.991893
RR: 29.111929
DD: 0.08595699999999999
DR: 3.852993
RR: 29.212909
DD: 0.09528299999999999
DR: 3.998469
RR: 29.362621
DD: 0.086315
DR: 3.691424
RR: 29.226822
DD: 0.095409
DR: 3.958926
RR: 29.212174
DD: 0.09641500000000003
DR: 3.69151
RR: 29.193289
DD: 0.09561499999999999
DR: 3.966012
RR: 29.875537
DD: 0.099103
DR: 3.622227
RR: 29.639408
DD: 0.09781899999999999
DR: 3.996406
RR: 29.715739
DD: 0.097329
DR: 3.779843
RR: 29.818182
DD: 0.09705599999999999
DR: 3.935963
RR: 29.615083
DD: 0.09784300000000001
DR: 3.885562
RR: 29.982832
DD: 0.09788899999999999
DR: 3.970235
RR: 29.58091
DD: 0.08590099999999999
DR: 3.624788
RR: 30.038774
DD: 0.099215
DR: 4.111897
RR: 29.959658
DD: 0.09575199999999999
DR: 3.665793
RR: 29.443221
DD: 0.09771700000000005
DR: 3.960872
RR: 29.440127
DD: 0.096345
DR: 3.556256
RR: 29.618767
DD: 0.09873
DR: 3.984421
RR: 29.324237
DD: 0.095606
DR: 3.650467
RR: 29.189358
DD: 0.085421
DR: 3.965009
RR: 29.085712
DD: 0.096442
DR: 4.017686
RR: 28.786781
DD: 0.102638
DR: 3.825619
RR: 29.092257
DD: 0.09812100000000001
DR: 3.970786
RR: 29.204894
saved to _G20.5_rmin0.001_rmax10.0_nbins30_zsplit3bin0_Lmaxsplit2bin0_N50_Planck_MC_b0

Pixels masked by MC but not already by selfunc: 4217
G20.5_zsplit3bin0_Lmaxsplit2bin1: 0.01              427546 vs 431763
/home/groups/tabel/mahlet/quaia-env/lib/python3.10/site-packages/Corrfunc/utils.py:918: UserWarning: One or more input array has non-native endianness!  A copy will be made with the correct endianness.
  warnings.warn("One or more input array has non-native endianness!  A copy will"\
DD: 0.279704
DR: 12.991223
RR: 126.658729
DD: 0.257714
DR: 13.77299
RR: 128.478082
DD: 0.285273
DR: 13.302613
RR: 127.349824
DD: 0.28525
DR: 13.21755
RR: 129.438452
DD: 0.266779
DR: 13.897445
RR: 128.293999
DD: 0.285902
DR: 12.866771
RR: 129.358688
DD: 0.26978399999999997
DR: 13.59645
RR: 130.337259
DD: 0.287288
DR: 13.79532
RR: 128.495677
DD: 0.282958
DR: 11.732524
RR: 129.721891
DD: 0.23224299999999998
DR: 13.885433
RR: 131.149444
DD: 0.29068499999999997
DR: 13.893659
RR: 131.123653
DD: 0.286621
DR: 13.220007
RR: 132.150615
DD: 0.28281900000000004
DR: 12.643661
RR: 132.57793
DD: 0.2891560000000001
DR: 12.793488
RR: 132.523476
DD: 0.285892
DR: 12.688591
RR: 134.03236
DD: 0.28844
DR: 13.576605
RR: 128.982269
DD: 0.25757199999999997
DR: 13.59983
RR: 127.415552
DD: 0.28617
DR: 13.194224
RR: 127.802946
DD: 0.373314
DR: 13.042651
RR: 129.291673
DD: 0.276914
DR: 13.315852
RR: 128.691672
DD: 0.285823
DR: 12.941238
RR: 128.613611
DD: 0.287537
DR: 13.373374
RR: 126.962208
DD: 0.287292
DR: 13.028195
RR: 131.121738
DD: 0.284601
DR: 13.378185
RR: 128.326466
DD: 0.28861900000000007
DR: 13.076186
RR: 127.25743
DD: 0.266191
DR: 13.706131
RR: 128.4661
DD: 0.278009
DR: 13.156819
RR: 128.530814
DD: 0.285514
DR: 13.070954
RR: 129.355183
DD: 0.33452099999999996
DR: 13.667286
RR: 129.394431
DD: 0.25018999999999997
DR: 13.779565
RR: 127.877446
DD: 0.285039
DR: 13.252744
RR: 128.524068
DD: 0.287868
DR: 12.420526
RR: 128.356379
DD: 0.292404
DR: 13.73771
RR: 129.871108
DD: 0.316227
DR: 14.225217
RR: 117.772678
DD: 0.313817
DR: 13.048191
RR: 125.221267
DD: 0.285246
DR: 12.995669
RR: 125.190005
DD: 0.33849599999999996
DR: 12.932533
RR: 125.331645
DD: 0.260689
DR: 12.378283
RR: 128.431964
DD: 0.30400699999999997
DR: 13.119626
RR: 128.518439
DD: 0.26792099999999996
DR: 13.147868
RR: 125.360148
DD: 0.292466
DR: 12.807182
RR: 128.826202
DD: 0.27071200000000006
DR: 13.481773
RR: 125.242654
DD: 0.291223
DR: 13.303054
RR: 125.920824
DD: 0.309098
DR: 13.027487
RR: 125.759131
DD: 0.233267
DR: 12.833273
RR: 122.31426
DD: 0.2691720000000001
DR: 12.884822
RR: 123.505602
DD: 0.23247199999999998
DR: 12.72627
RR: 124.691769
DD: 0.308292
DR: 13.294978
RR: 125.383135
DD: 0.28549399999999997
DR: 12.943371
RR: 125.51997
DD: 0.28832199999999997
DR: 12.919188
RR: 123.539551
saved to _G20.5_rmin0.001_rmax10.0_nbins30_zsplit3bin0_Lmaxsplit2bin1_N50_Planck_MC_b0

Pixels masked by MC but not already by selfunc: 2226
G20.5_zsplit3bin1_Lmaxsplit2bin0: 0.01              213726 vs 215952
/home/groups/tabel/mahlet/quaia-env/lib/python3.10/site-packages/Corrfunc/utils.py:918: UserWarning: One or more input array has non-native endianness!  A copy will be made with the correct endianness.
  warnings.warn("One or more input array has non-native endianness!  A copy will"\
DD: 0.08864899999999999
DR: 3.750828
RR: 28.384401
DD: 0.09779199999999999
DR: 4.123494
RR: 28.832503
DD: 0.08043399999999999
DR: 3.924617
RR: 28.205828
DD: 0.08298100000000008
DR: 3.663157
RR: 27.722418
DD: 0.08073
DR: 3.555734
RR: 28.869631
DD: 0.08426199999999999
DR: 3.990888
RR: 28.490361
DD: 0.09784899999999999
DR: 3.958411
RR: 28.773026
DD: 0.081403
DR: 3.701507
RR: 28.829995
DD: 0.082374
DR: 3.826983
RR: 28.767972
DD: 0.09856200000000004
DR: 4.032439
RR: 28.55477
DD: 0.09774
DR: 4.051931
RR: 28.630204
DD: 0.08137699999999999
DR: 3.555845
RR: 28.738709
DD: 0.095778
DR: 4.126878
RR: 29.38491
DD: 0.098731
DR: 4.163616
RR: 29.164639
DD: 0.085116
DR: 4.014973
RR: 29.021423
DD: 0.081369
DR: 3.632823
RR: 28.721142
DD: 0.097013
DR: 3.847182
RR: 28.82142
DD: 0.097344
DR: 4.147952
RR: 29.067401
DD: 0.09796400000000005
DR: 4.242904
RR: 29.123324
DD: 0.083423
DR: 3.995513
RR: 28.31489
DD: 0.09769300000000003
DR: 4.104938
RR: 29.068745
DD: 0.110384
DR: 3.624249
RR: 28.529268
DD: 0.096345
DR: 4.250221
RR: 28.87548
DD: 0.08583299999999999
DR: 4.10709
RR: 28.667387
DD: 0.09761000000000009
DR: 3.665212
RR: 28.90571
DD: 0.09408699999999999
DR: 3.827759
RR: 29.078481
DD: 0.096139
DR: 3.772367
RR: 28.950986
DD: 0.093026
DR: 4.096351
RR: 29.039747
DD: 0.08079600000000009
DR: 3.615417
RR: 28.298817
DD: 0.083769
DR: 3.700318
RR: 28.584225
DD: 0.09767000000000003
DR: 3.845309
RR: 28.699871
DD: 0.098248
DR: 3.890748
RR: 28.944184
DD: 0.09609899999999999
DR: 4.149233
RR: 28.745978
DD: 0.09678199999999999
DR: 4.07231
RR: 28.824379
DD: 0.098784
DR: 3.959124
RR: 28.944341
DD: 0.086973
DR: 3.850906
RR: 27.960852
DD: 0.087408
DR: 3.769132
RR: 28.680174
DD: 0.09744399999999999
DR: 4.152125
RR: 29.324216
DD: 0.109483
DR: 3.804229
RR: 29.478624
DD: 0.08714
DR: 3.975263
RR: 29.284796
DD: 0.10066
DR: 4.129071
RR: 29.024787
DD: 0.081962
DR: 3.871304
RR: 30.269337
DD: 0.101409
DR: 4.248398
RR: 30.834076
DD: 0.088155
DR: 4.040015
RR: 29.505879
DD: 0.10571
DR: 4.3372910000000005
RR: 30.816423
DD: 0.10070000000000001
DR: 4.310333
RR: 30.551767
DD: 0.10206400000000004
DR: 4.499529
RR: 30.822126
DD: 0.100184
DR: 3.897157
RR: 30.795144
DD: 0.098093
DR: 4.156387
RR: 28.884879
DD: 0.09795600000000004
DR: 4.07078
RR: 28.838376
saved to _G20.5_rmin0.001_rmax10.0_nbins30_zsplit3bin1_Lmaxsplit2bin0_N50_Planck_MC_b0

Pixels masked by MC but not already by selfunc: 4060
G20.5_zsplit3bin1_Lmaxsplit2bin1: 0.01              427845 vs 431905
/home/groups/tabel/mahlet/quaia-env/lib/python3.10/site-packages/Corrfunc/utils.py:918: UserWarning: One or more input array has non-native endianness!  A copy will be made with the correct endianness.
  warnings.warn("One or more input array has non-native endianness!  A copy will"\
DD: 0.26432500000000003
DR: 13.296905
RR: 127.997187
DD: 0.27605799999999997
DR: 14.030831
RR: 133.248103
DD: 0.29856699999999997
DR: 13.529428
RR: 126.192383
DD: 0.24376199999999998
DR: 14.791945
RR: 141.715196
DD: 0.297296
DR: 14.706058
RR: 138.586055
DD: 0.288336
DR: 14.000458
RR: 133.770793
DD: 0.28673899999999997
DR: 14.169687
RR: 134.711218
DD: 0.28715799999999997
DR: 14.24592
RR: 135.586505
DD: 0.2914800000000001
DR: 14.345113
RR: 136.846176
DD: 0.292722
DR: 14.414094
RR: 145.323566
DD: 0.325769
DR: 15.974465
RR: 150.491719
DD: 0.31714
DR: 15.760339
RR: 153.67053
DD: 0.320546
DR: 15.56043
RR: 153.604904
DD: 0.32214899999999996
DR: 14.925576
RR: 154.771552
DD: 0.32479100000000005
DR: 14.412723
RR: 158.110594
DD: 0.320695
DR: 13.980865
RR: 141.282575
DD: 0.28563000000000005
DR: 12.906833
RR: 139.948912
DD: 0.28763
DR: 12.99397
RR: 149.482647
DD: 0.319837
DR: 13.147667
RR: 139.438467
DD: 0.27823600000000004
DR: 12.941407
RR: 123.020021
DD: 0.288973
DR: 14.481467
RR: 144.433801
DD: 0.2954840000000001
DR: 14.889282
RR: 142.503136
DD: 0.29759199999999997
DR: 14.75804
RR: 144.765615
DD: 0.304906
DR: 15.040799
RR: 149.222234
DD: 0.31254299999999996
DR: 15.398384
RR: 134.881884
DD: 0.304103
DR: 14.493106
RR: 135.796719
DD: 0.283348
DR: 13.84322
RR: 136.812849
DD: 0.283055
DR: 14.410629
RR: 143.386953
DD: 0.30268999999999996
DR: 15.00242
RR: 143.376133
DD: 0.30757
DR: 15.104944
RR: 148.45227
DD: 0.30936700000000006
DR: 15.210911
RR: 144.576032
DD: 0.303818
DR: 15.267349
RR: 145.585358
DD: 0.370679
DR: 24.312617
RR: 160.12168
DD: 0.307545
DR: 15.248241
RR: 146.168929
DD: 0.3135760000000001
DR: 15.360614
RR: 141.817727
DD: 0.29057
DR: 13.400697
RR: 141.433343
DD: 0.286446
DR: 14.468118
RR: 148.046274
DD: 0.30680999999999997
DR: 15.788029
RR: 140.295916
DD: 0.273725
DR: 14.296531
RR: 141.377436
DD: 0.28713200000000005
DR: 14.186292
RR: 138.789709
DD: 0.305908
DR: 14.463454
RR: 143.174042
DD: 0.293972
DR: 13.556886
RR: 140.742378
DD: 0.28809599999999996
DR: 14.287788
RR: 137.940093
DD: 0.28929499999999997
DR: 14.528737
RR: 141.355023
DD: 0.292863
DR: 14.744053
RR: 136.928915
DD: 0.289632
DR: 14.286922
RR: 138.166003
DD: 0.294822
DR: 13.973097
RR: 139.368561
DD: 0.285795
DR: 14.240042
RR: 135.939352
DD: 0.288227
DR: 14.232397
RR: 137.458394
DD: 0.297385
DR: 14.063638
RR: 138.556913
saved to _G20.5_rmin0.001_rmax10.0_nbins30_zsplit3bin1_Lmaxsplit2bin1_N50_Planck_MC_b0

Pixels masked by MC but not already by selfunc: 2686
G20.5_zsplit3bin2_Lmaxsplit2bin0: 0.01              213231 vs 215917
/home/groups/tabel/mahlet/quaia-env/lib/python3.10/site-packages/Corrfunc/utils.py:918: UserWarning: One or more input array has non-native endianness!  A copy will be made with the correct endianness.
  warnings.warn("One or more input array has non-native endianness!  A copy will"\
DD: 0.09773899999999999
DR: 4.092793
RR: 32.238874
DD: 0.097825
DR: 4.130944
RR: 29.741632
DD: 0.11961899999999999
DR: 4.1493
RR: 30.947236
DD: 0.099948
DR: 4.132076
RR: 32.310726
DD: 0.098963
DR: 4.141316
RR: 31.792194
DD: 0.097826
DR: 4.063886
RR: 31.63509
DD: 0.09904099999999999
DR: 4.051066
RR: 32.032335
DD: 0.100558
DR: 4.233375
RR: 29.882672
DD: 0.100394
DR: 4.124095
RR: 31.072728
DD: 0.10012599999999999
DR: 4.190967
RR: 32.605874
DD: 0.100454
DR: 4.117957
RR: 32.4275
DD: 0.101459
DR: 4.115691
RR: 32.654313
DD: 0.10109499999999999
DR: 4.242312
RR: 33.056776
DD: 0.101109
DR: 4.201773
RR: 30.606627
DD: 0.101197
DR: 3.7221
RR: 32.776982
DD: 0.10031899999999999
DR: 4.17834
RR: 32.857763
DD: 0.097077
DR: 4.114198
RR: 32.537868
DD: 0.09868199999999999
DR: 4.196864
RR: 32.440142
DD: 0.098981
DR: 4.199472
RR: 32.885775
DD: 0.099644
DR: 4.285845
RR: 29.555383
DD: 0.08901099999999999
DR: 3.944526
RR: 32.415752
DD: 0.104683
DR: 4.255683
RR: 32.757361
DD: 0.098414
DR: 4.207166
RR: 32.523809
DD: 0.099921
DR: 4.180086
RR: 32.960518
DD: 0.10941999999999999
DR: 4.201368
RR: 33.813726
DD: 0.103228
DR: 3.643138
RR: 29.677123
DD: 0.09913899999999999
DR: 4.139704
RR: 32.216858
DD: 0.09728800000000004
DR: 4.097723
RR: 31.862701
DD: 0.09497200000000006
DR: 4.115853
RR: 31.790329
DD: 0.10270399999999999
DR: 4.167354
RR: 32.286563
DD: 0.09773399999999999
DR: 4.161718
RR: 32.515202
DD: 0.101116
DR: 3.696359
RR: 30.472599
DD: 0.100032
DR: 4.1664390000000004
RR: 32.435883
DD: 0.100759
DR: 4.185845
RR: 32.39577
DD: 0.09976399999999999
DR: 4.462663
RR: 33.184486
DD: 0.105501
DR: 4.464864
RR: 33.338708
DD: 0.10482699999999999
DR: 4.432837
RR: 33.319679
DD: 0.085502
DR: 3.778091
RR: 32.049807
DD: 0.105831
DR: 4.352181
RR: 34.253776
DD: 0.100352
DR: 4.168195
RR: 32.603806
DD: 0.099114
DR: 4.145531
RR: 32.324029
DD: 0.09899999999999999
DR: 4.135047
RR: 32.304203
DD: 0.100769
DR: 4.153627
RR: 30.136951
DD: 0.100257
DR: 4.11733
RR: 30.292244
DD: 0.097881
DR: 4.33394
RR: 31.901937
DD: 0.097233
DR: 4.051344
RR: 31.441447
DD: 0.096269
DR: 3.9890660000000002
RR: 31.343796
DD: 0.09967900000000007
DR: 4.115814
RR: 32.089988
DD: 0.098229
DR: 4.232425
RR: 29.934378
DD: 0.09744599999999999
DR: 4.138698
RR: 30.221851
saved to _G20.5_rmin0.001_rmax10.0_nbins30_zsplit3bin2_Lmaxsplit2bin0_N50_Planck_MC_b0

Pixels masked by MC but not already by selfunc: 5087
G20.5_zsplit3bin2_Lmaxsplit2bin1: 0.01              426747 vs 431834
/home/groups/tabel/mahlet/quaia-env/lib/python3.10/site-packages/Corrfunc/utils.py:918: UserWarning: One or more input array has non-native endianness!  A copy will be made with the correct endianness.
  warnings.warn("One or more input array has non-native endianness!  A copy will"\
DD: 0.29798399999999997
DR: 14.609404
RR: 142.435095
DD: 0.29338200000000003
DR: 12.661538
RR: 150.393131
DD: 0.32175899999999996
DR: 14.769264
RR: 141.179443
DD: 0.293454
DR: 14.582606
RR: 141.481554
DD: 0.338503
DR: 14.637528
RR: 144.475644
DD: 0.296301
DR: 15.21998
RR: 142.97346
DD: 0.300689
DR: 15.090008
RR: 143.80702
DD: 0.32117799999999996
DR: 15.184082
RR: 148.974676
DD: 0.305529
DR: 15.302524
RR: 145.737456
DD: 0.306734
DR: 15.427321
RR: 146.422069
DD: 0.325392
DR: 15.868867
RR: 157.229966
DD: 0.33752699999999997
DR: 16.09876
RR: 147.690448
DD: 0.30076100000000006
DR: 15.431861
RR: 147.26088
DD: 0.306193
DR: 15.184234
RR: 136.874765
DD: 0.26519899999999996
DR: 13.27583
RR: 127.483852
DD: 0.2734500000000001
DR: 13.380936
RR: 127.847809
DD: 0.278139
DR: 13.293841
RR: 129.200542
DD: 0.275682
DR: 13.411744
RR: 126.159432
DD: 0.26703299999999996
DR: 13.184489
RR: 125.164287
DD: 0.269596
DR: 13.052982
RR: 127.297337
DD: 0.26631299999999997
DR: 13.087309
RR: 123.997127
DD: 0.260534
DR: 12.984042
RR: 123.983249
DD: 0.270553
DR: 13.032255
RR: 126.289788
DD: 0.268884
DR: 13.081913
RR: 123.492472
DD: 0.267277
DR: 12.919589
RR: 123.388749
DD: 0.26179199999999997
DR: 12.96243
RR: 125.956824
DD: 0.26963899999999996
DR: 13.095942
RR: 123.621668
DD: 0.2661490000000001
DR: 12.943058
RR: 122.40223
DD: 0.264939
DR: 12.862753
RR: 125.073448
DD: 0.260834
DR: 11.632659
RR: 123.584477
DD: 0.267115
DR: 12.902875
RR: 122.839741
DD: 0.26237099999999997
DR: 12.944532
RR: 126.368779
DD: 0.23314200000000007
DR: 11.352917
RR: 124.278575
DD: 0.269578
DR: 13.033669
RR: 123.924508
DD: 0.27385
DR: 13.154055
RR: 124.884661
DD: 0.315619
DR: 13.247513
RR: 128.015508
DD: 0.303423
DR: 14.442442
RR: 144.67687
DD: 0.30011699999999997
DR: 13.87026
RR: 147.534079
DD: 0.299682
DR: 15.063863
RR: 144.821877
DD: 0.3093290000000001
DR: 15.312564
RR: 145.694239
DD: 0.386959
DR: 15.769234
RR: 147.072363
DD: 0.25309500000000007
DR: 15.233781
RR: 148.631481
DD: 0.4122
DR: 15.411157
RR: 146.501498
DD: 0.311234
DR: 15.786403
RR: 147.666971
DD: 0.311241
DR: 13.91257
RR: 148.774611
DD: 0.30516099999999996
DR: 15.020652
RR: 126.290915
DD: 0.250487
DR: 13.016499
RR: 124.207567
DD: 0.259492
DR: 11.98378
RR: 123.97424
DD: 0.25975800000000004
DR: 12.930194
RR: 122.995642
DD: 0.27132900000000004
DR: 13.057306
RR: 122.177031
saved to _G20.5_rmin0.001_rmax10.0_nbins30_zsplit3bin2_Lmaxsplit2bin1_N50_Planck_MC_b0

done!
