Starting batch job

G20.5: computing wtheta in 30 bins from 0.001 to 10.0 on a log scale...

Pixels masked by MC but not already by selfunc: 2251
G20.5_zsplit3bin0_Lmaxsplit2bin0: 0.04              207528 vs 215881
/home/groups/tabel/mahlet/quaia-env/lib/python3.10/site-packages/Corrfunc/utils.py:918: UserWarning: One or more input array has non-native endianness!  A copy will be made with the correct endianness.
  warnings.warn("One or more input array has non-native endianness!  A copy will"\
DD: 0.098365
DR: 4.03877
RR: 30.674934
saved to _G20.5_rmin0.001_rmax10.0_nbins30_zsplit3bin0_Lmaxsplit2bin0_Planck_MC_b10
Pixels masked by MC but not already by selfunc: 4217
G20.5_zsplit3bin0_Lmaxsplit2bin1: 0.03              419847 vs 431763
/home/groups/tabel/mahlet/quaia-env/lib/python3.10/site-packages/Corrfunc/utils.py:918: UserWarning: One or more input array has non-native endianness!  A copy will be made with the correct endianness.
  warnings.warn("One or more input array has non-native endianness!  A copy will"\
DD: 0.29174500000000003
DR: 14.336799
RR: 141.156427
saved to _G20.5_rmin0.001_rmax10.0_nbins30_zsplit3bin0_Lmaxsplit2bin1_Planck_MC_b10
Pixels masked by MC but not already by selfunc: 2226
G20.5_zsplit3bin1_Lmaxsplit2bin0: 0.03              209591 vs 215952
/home/groups/tabel/mahlet/quaia-env/lib/python3.10/site-packages/Corrfunc/utils.py:918: UserWarning: One or more input array has non-native endianness!  A copy will be made with the correct endianness.
  warnings.warn("One or more input array has non-native endianness!  A copy will"\
DD: 0.11212799999999999
DR: 4.155994
RR: 33.113957
saved to _G20.5_rmin0.001_rmax10.0_nbins30_zsplit3bin1_Lmaxsplit2bin0_Planck_MC_b10
Pixels masked by MC but not already by selfunc: 4060
G20.5_zsplit3bin1_Lmaxsplit2bin1: 0.02              423069 vs 431905
/home/groups/tabel/mahlet/quaia-env/lib/python3.10/site-packages/Corrfunc/utils.py:918: UserWarning: One or more input array has non-native endianness!  A copy will be made with the correct endianness.
  warnings.warn("One or more input array has non-native endianness!  A copy will"\
DD: 0.317409
DR: 15.227264
RR: 139.318651
saved to _G20.5_rmin0.001_rmax10.0_nbins30_zsplit3bin1_Lmaxsplit2bin1_Planck_MC_b10
Pixels masked by MC but not already by selfunc: 2686
G20.5_zsplit3bin2_Lmaxsplit2bin0: 0.03              210262 vs 215917
/home/groups/tabel/mahlet/quaia-env/lib/python3.10/site-packages/Corrfunc/utils.py:918: UserWarning: One or more input array has non-native endianness!  A copy will be made with the correct endianness.
  warnings.warn("One or more input array has non-native endianness!  A copy will"\
DD: 0.09856
DR: 4.062987
RR: 31.254661
saved to _G20.5_rmin0.001_rmax10.0_nbins30_zsplit3bin2_Lmaxsplit2bin0_Planck_MC_b10
Pixels masked by MC but not already by selfunc: 5087
G20.5_zsplit3bin2_Lmaxsplit2bin1: 0.02              423209 vs 431834
/home/groups/tabel/mahlet/quaia-env/lib/python3.10/site-packages/Corrfunc/utils.py:918: UserWarning: One or more input array has non-native endianness!  A copy will be made with the correct endianness.
  warnings.warn("One or more input array has non-native endianness!  A copy will"\
DD: 0.295495
DR: 13.961865
RR: 145.896296
saved to _G20.5_rmin0.001_rmax10.0_nbins30_zsplit3bin2_Lmaxsplit2bin1_Planck_MC_b10
done!
