Starting batch job

G20.5: computing wtheta in 30 bins from 0.001 to 10.0 on a log scale for 50 jackknife regions...
--L: split

z: [0.0, 1.0, 2.0, 3.0, 4.6] minmax None
L: None split 4
Pixels masked by MC but not already by selfunc: 0
G20.5_zmin0.0zmax1.0_Lsplit4bin0: 0.75              20498 vs 81084
[Warning] The CPU supports AVX512F but the compiler does not.  Can you try another compiler?
/home/groups/tabel/mahlet/quaia-env/lib/python3.10/site-packages/Corrfunc/utils.py:918: UserWarning: One or more input array has non-native endianness!  A copy will be made with the correct endianness.
  warnings.warn("One or more input array has non-native endianness!  A copy will"\
DD: 0.026497999999999997
DR: 0.188745
RR: 0.6827650000000001
DD: 0.026248999999999998
DR: 0.18592899999999998
RR: 0.6627620000000001
DD: 0.027205999999999998
DR: 0.18695099999999998
RR: 0.655015
DD: 0.019812
DR: 0.187365
RR: 0.656615
DD: 0.020458
DR: 0.18844999999999998
RR: 0.663663
DD: 0.013477
DR: 0.18900000000000006
RR: 0.669688
DD: 0.020288
DR: 0.19493900000000008
RR: 0.672655
DD: 0.020519
DR: 0.191049
RR: 0.689775
DD: 0.026549999999999997
DR: 0.19414099999999998
RR: 0.709245
DD: 0.026595999999999998
DR: 0.194688
RR: 0.7102900000000001
DD: 0.020315
DR: 0.198345
RR: 0.713359
DD: 0.020609
DR: 0.19494499999999998
RR: 0.711377
DD: 0.020276
DR: 0.20255499999999999
RR: 0.7101379999999999
DD: 0.026513
DR: 0.19727799999999998
RR: 0.708414
DD: 0.020141
DR: 0.19627599999999998
RR: 0.710461
DD: 0.020163
DR: 0.19549400000000006
RR: 0.712702
DD: 0.020413
DR: 0.195328
RR: 0.710896
DD: 0.02649
DR: 0.195163
RR: 0.713357
DD: 0.020305
DR: 0.194982
RR: 0.710001
DD: 0.02009
DR: 0.196214
RR: 0.712684
DD: 0.01993
DR: 0.19450099999999998
RR: 0.704002
DD: 0.019764
DR: 0.19289099999999998
RR: 0.687686
DD: 0.02051
DR: 0.196439
RR: 0.66983
DD: 0.019731
DR: 0.19111999999999998
RR: 0.66523
DD: 0.020142999999999998
DR: 0.1871750000000001
RR: 0.665194
DD: 0.019211
DR: 0.186964
RR: 0.656817
DD: 0.019613
DR: 0.19266799999999998
RR: 0.6657040000000001
DD: 0.020843999999999998
DR: 0.188413
RR: 0.6570210000000001
DD: 0.020089
DR: 0.187654
RR: 0.664487
DD: 0.021041999999999998
DR: 0.18795499999999998
RR: 0.654751
DD: 0.026267
DR: 0.1894220000000001
RR: 0.668461
DD: 0.020031
DR: 0.192214
RR: 0.6798850000000001
DD: 0.027424999999999998
DR: 0.193262
RR: 0.6940189999999999
DD: 0.020402999999999998
DR: 0.195522
RR: 0.715835
DD: 0.014643999999999999
DR: 0.195152
RR: 0.718537
DD: 0.027058
DR: 0.201542
RR: 0.717171
DD: 0.021103999999999998
DR: 0.19605699999999998
RR: 0.712897
DD: 0.020512
DR: 0.202564
RR: 0.716933
DD: 0.021242
DR: 0.19976
RR: 0.7099040000000001
DD: 0.020102
DR: 0.196496
RR: 0.717444
DD: 0.02111
DR: 0.196315
RR: 0.707481
DD: 0.02003
DR: 0.193858
RR: 0.71313
DD: 0.020624999999999998
DR: 0.195926
RR: 0.7099880000000001
DD: 0.026424
DR: 0.19638699999999998
RR: 0.714541
DD: 0.021159
DR: 0.193927
RR: 0.715048
DD: 0.020581
DR: 0.193554
RR: 0.7084870000000001
DD: 0.02034
DR: 0.187364
RR: 0.681408
DD: 0.019771
DR: 0.196601
RR: 0.676982
DD: 0.014570999999999999
DR: 0.181709
RR: 0.660717
DD: 0.020073
DR: 0.18119700000000005
RR: 0.671535
saved to _G20.5_rmin0.001_rmax10.0_nbins30_zmin0.0zmax1.0_Lsplit4bin0_N50_Planck_MC_b50

Pixels masked by MC but not already by selfunc: 0
G20.5_zmin0.0zmax1.0_Lsplit4bin1: 0.69              25270 vs 81084
/home/groups/tabel/mahlet/quaia-env/lib/python3.10/site-packages/Corrfunc/utils.py:918: UserWarning: One or more input array has non-native endianness!  A copy will be made with the correct endianness.
  warnings.warn("One or more input array has non-native endianness!  A copy will"\
DD: 0.028325
DR: 0.212694
RR: 0.8108449999999999
DD: 0.022133
DR: 0.209342
RR: 0.799841
DD: 0.021159
DR: 0.209428
RR: 0.8045100000000001
DD: 0.022352
DR: 0.21109600000000006
RR: 0.802959
DD: 0.027606
DR: 0.20856999999999998
RR: 0.817563
DD: 0.022376
DR: 0.219184
RR: 0.818005
DD: 0.021401999999999997
DR: 0.21677900000000005
RR: 0.832558
DD: 0.022487999999999998
DR: 0.2234
RR: 0.857945
DD: 0.015162
DR: 0.22583200000000003
RR: 0.878792
DD: 0.022071999999999998
DR: 0.22766599999999998
RR: 0.871676
DD: 0.021508
DR: 0.229326
RR: 0.875134
DD: 0.021533999999999998
DR: 0.22427
RR: 0.870665
DD: 0.021504
DR: 0.225519
RR: 0.8757539999999999
DD: 0.02266
DR: 0.22972499999999998
RR: 0.874375
DD: 0.021591
DR: 0.225996
RR: 0.873311
DD: 0.02273
DR: 0.227647
RR: 0.871192
DD: 0.021435
DR: 0.22492299999999998
RR: 0.875153
DD: 0.022515
DR: 0.22767199999999999
RR: 0.8764270000000001
DD: 0.022548
DR: 0.23521399999999998
RR: 0.875981
DD: 0.021634
DR: 0.22454200000000002
RR: 0.8836040000000001
DD: 0.022269999999999998
DR: 0.232821
RR: 0.869154
DD: 0.021672999999999998
DR: 0.2219
RR: 0.851252
DD: 0.02188
DR: 0.214942
RR: 0.824635
DD: 0.021366
DR: 0.206998
RR: 0.8162590000000001
DD: 0.022187
DR: 0.2097340000000001
RR: 0.811111
DD: 0.021079
DR: 0.20638199999999998
RR: 0.809472
DD: 0.02098
DR: 0.205286
RR: 0.8067799999999999
DD: 0.021765
DR: 0.209335
RR: 0.797809
DD: 0.021093
DR: 0.212369
RR: 0.80633
DD: 0.021109
DR: 0.206948
RR: 0.813433
DD: 0.021713
DR: 0.21214
RR: 0.821922
DD: 0.0217
DR: 0.216495
RR: 0.831522
DD: 0.022532999999999997
DR: 0.22305200000000003
RR: 0.852676
DD: 0.0217
DR: 0.219106
RR: 0.869727
DD: 0.021589999999999998
DR: 0.22772100000000006
RR: 0.87652
DD: 0.022112
DR: 0.224852
RR: 0.871391
DD: 0.021445
DR: 0.22363
RR: 0.870559
DD: 0.021537
DR: 0.22556199999999998
RR: 0.879617
DD: 0.022654
DR: 0.227871
RR: 0.870172
DD: 0.021453999999999997
DR: 0.22400299999999998
RR: 0.874992
DD: 0.021546
DR: 0.226012
RR: 0.866419
DD: 0.021466
DR: 0.22496000000000005
RR: 0.874646
DD: 0.022614
DR: 0.22711499999999998
RR: 0.8728480000000001
DD: 0.021457999999999998
DR: 0.22597600000000007
RR: 0.873008
DD: 0.021988999999999998
DR: 0.227551
RR: 0.867294
DD: 0.021362
DR: 0.22137600000000002
RR: 0.871169
DD: 0.021761
DR: 0.22500399999999998
RR: 0.844209
DD: 0.021181
DR: 0.224709
RR: 0.82719
DD: 0.015920999999999998
DR: 0.20785099999999998
RR: 0.812526
DD: 0.021196
DR: 0.206454
RR: 0.809712
saved to _G20.5_rmin0.001_rmax10.0_nbins30_zmin0.0zmax1.0_Lsplit4bin1_N50_Planck_MC_b50

Pixels masked by MC but not already by selfunc: 0
G20.5_zmin0.0zmax1.0_Lsplit4bin2: 0.61              31244 vs 81084
/home/groups/tabel/mahlet/quaia-env/lib/python3.10/site-packages/Corrfunc/utils.py:918: UserWarning: One or more input array has non-native endianness!  A copy will be made with the correct endianness.
  warnings.warn("One or more input array has non-native endianness!  A copy will"\
DD: 0.023607
DR: 0.27068
RR: 1.083884
DD: 0.02362
DR: 0.26694599999999996
RR: 1.075413
DD: 0.024089
DR: 0.27256400000000003
RR: 1.074663
DD: 0.023783
DR: 0.267035
RR: 1.082406
DD: 0.024109
DR: 0.266287
RR: 1.072444
DD: 0.023134
DR: 0.269598
RR: 1.094446
DD: 0.030462999999999997
DR: 0.271184
RR: 1.111592
DD: 0.023927999999999998
DR: 0.28201
RR: 1.137665
DD: 0.017712
DR: 0.287794
RR: 1.172906
DD: 0.023798
DR: 0.290025
RR: 1.168847
DD: 0.017835
DR: 0.28618099999999996
RR: 1.171094
DD: 0.031056
DR: 0.290543
RR: 1.170274
DD: 0.024707000000000034
DR: 0.28762699999999997
RR: 1.172932
DD: 0.024428
DR: 0.285304
RR: 1.168283
DD: 0.030747999999999998
DR: 0.285795
RR: 1.170855
DD: 0.024589
DR: 0.28911
RR: 1.174868
DD: 0.024687
DR: 0.288446
RR: 1.176592
DD: 0.024679
DR: 0.28748999999999997
RR: 1.160467
DD: 0.023601
DR: 0.284289
RR: 1.169498
DD: 0.024631
DR: 0.2872
RR: 1.172255
DD: 0.030414
DR: 0.29184099999999996
RR: 1.132015
DD: 0.010367
DR: 0.26229399999999997
RR: 1.066722
DD: 0.010581
DR: 0.2529100000000001
RR: 1.038068
DD: 0.010164
DR: 0.24967399999999998
RR: 1.025848
DD: 0.010218
DR: 0.248419
RR: 1.023586
DD: 0.011117
DR: 0.2508520000000001
RR: 1.020222
DD: 0.011141999999999999
DR: 0.250236
RR: 1.011978
DD: 0.010645
DR: 0.247742
RR: 1.010759
DD: 0.010143
DR: 0.24722700000000009
RR: 1.016197
DD: 0.011276999999999999
DR: 0.253936
RR: 1.018297
DD: 0.010178999999999999
DR: 0.251086
RR: 1.032351
DD: 0.010336999999999999
DR: 0.25519400000000003
RR: 1.052843
DD: 0.024641
DR: 0.276572
RR: 1.141712
DD: 0.030709999999999998
DR: 0.284532
RR: 1.169391
DD: 0.02405
DR: 0.284294
RR: 1.168452
DD: 0.023677
DR: 0.290508
RR: 1.170715
DD: 0.030208
DR: 0.2882370000000001
RR: 1.168704
DD: 0.024791999999999998
DR: 0.288852
RR: 1.173785
DD: 0.02428
DR: 0.28809000000000007
RR: 1.170851
DD: 0.02481
DR: 0.289335
RR: 1.1734689999999999
DD: 0.024277999999999997
DR: 0.284199
RR: 1.168704
DD: 0.024169
DR: 0.288979
RR: 1.17059
DD: 0.030848999999999998
DR: 0.285404
RR: 1.180144
DD: 0.024706
DR: 0.29383899999999996
RR: 1.173057
DD: 0.024385999999999998
DR: 0.284978
RR: 1.182464
DD: 0.018182
DR: 0.28562200000000004
RR: 1.170647
DD: 0.024446
DR: 0.27698600000000007
RR: 1.12514
DD: 0.023757999999999998
DR: 0.271992
RR: 1.104624
DD: 0.023648
DR: 0.26857
RR: 1.09176
DD: 0.023017
DR: 0.266306
RR: 1.07906
saved to _G20.5_rmin0.001_rmax10.0_nbins30_zmin0.0zmax1.0_Lsplit4bin2_N50_Planck_MC_b50

Pixels masked by MC but not already by selfunc: 0
G20.5_zmin0.0zmax1.0_Lsplit4bin3: 0.61              31311 vs 81084
/home/groups/tabel/mahlet/quaia-env/lib/python3.10/site-packages/Corrfunc/utils.py:918: UserWarning: One or more input array has non-native endianness!  A copy will be made with the correct endianness.
  warnings.warn("One or more input array has non-native endianness!  A copy will"\
DD: 0.023483
DR: 0.26900999999999997
RR: 1.098508
DD: 0.023589
DR: 0.26829
RR: 1.084318
DD: 0.030147999999999998
DR: 0.26881499999999997
RR: 1.086497
DD: 0.023615999999999998
DR: 0.26956900000000006
RR: 1.089666
DD: 0.023579
DR: 0.27715799999999996
RR: 1.100925
DD: 0.02375
DR: 0.271073
RR: 1.111109
DD: 0.023979
DR: 0.27147899999999997
RR: 1.124815
DD: 0.024092
DR: 0.279597
RR: 1.1571259999999999
DD: 0.024142999999999998
DR: 0.28542900000000004
RR: 1.176778
DD: 0.023653999999999998
DR: 0.286397
RR: 1.186195
DD: 0.030021
DR: 0.286029
RR: 1.181593
DD: 0.023622999999999998
DR: 0.28395899999999996
RR: 1.179671
DD: 0.024634
DR: 0.297357
RR: 1.185248
DD: 0.017203
DR: 0.286572
RR: 1.1892369999999999
DD: 0.03117
DR: 0.290718
RR: 1.198665
DD: 0.024682
DR: 0.288983
RR: 1.188529
DD: 0.024683999999999998
DR: 0.290392
RR: 1.1851479999999999
DD: 0.024581
DR: 0.28987700000000005
RR: 1.186606
DD: 0.024343999999999998
DR: 0.29086799999999996
RR: 1.182712
DD: 0.030329
DR: 0.285532
RR: 1.187392
DD: 0.024583999999999998
DR: 0.287117
RR: 1.172724
DD: 0.024517999999999998
DR: 0.281061
RR: 1.150697
DD: 0.024304
DR: 0.283221
RR: 1.124554
DD: 0.02427
DR: 0.273399
RR: 1.109128
DD: 0.023038
DR: 0.26801300000000006
RR: 1.098892
DD: 0.023035
DR: 0.26634399999999997
RR: 1.09377
DD: 0.02413
DR: 0.26865
RR: 1.080346
DD: 0.023098
DR: 0.26991699999999996
RR: 1.086125
DD: 0.017542
DR: 0.26707500000000006
RR: 1.078381
DD: 0.023136
DR: 0.271256
RR: 1.096953
DD: 0.023847
DR: 0.276239
RR: 1.1135950000000001
DD: 0.023743999999999998
DR: 0.27108099999999996
RR: 1.135199
DD: 0.024703
DR: 0.282359
RR: 1.160996
DD: 0.022359
DR: 0.28957600000000006
RR: 1.181578
DD: 0.024798
DR: 0.290639
RR: 1.190204
DD: 0.024599
DR: 0.293087
RR: 1.187024
DD: 0.030905
DR: 0.287084
RR: 1.194405
DD: 0.024763
DR: 0.290807
RR: 1.195473
DD: 0.024225999999999998
DR: 0.290452
RR: 1.186785
DD: 0.024180999999999998
DR: 0.289118
RR: 1.188985
DD: 0.02426700000000004
DR: 0.289273
RR: 1.188745
DD: 0.017657
DR: 0.288736
RR: 1.186981
DD: 0.02489
DR: 0.289389
RR: 1.195866
DD: 0.024863999999999997
DR: 0.289872
RR: 1.187219
DD: 0.024768
DR: 0.28864100000000004
RR: 1.186698
DD: 0.030573
DR: 0.284489
RR: 1.180057
DD: 0.023934
DR: 0.27053699999999997
RR: 1.201179
DD: 0.023909999999999997
DR: 0.280456
RR: 1.184424
DD: 0.023964
DR: 0.278038
RR: 1.166414
DD: 0.023771999999999998
DR: 0.282926
RR: 1.159239
saved to _G20.5_rmin0.001_rmax10.0_nbins30_zmin0.0zmax1.0_Lsplit4bin3_N50_Planck_MC_b50

Pixels masked by MC but not already by selfunc: 0
G20.5_zmin1.0zmax2.0_Lsplit4bin0: 0.73              43399 vs 162049
/home/groups/tabel/mahlet/quaia-env/lib/python3.10/site-packages/Corrfunc/utils.py:918: UserWarning: One or more input array has non-native endianness!  A copy will be made with the correct endianness.
  warnings.warn("One or more input array has non-native endianness!  A copy will"\
DD: 0.034429999999999995
DR: 0.49798
RR: 2.609357
DD: 0.027065
DR: 0.49404500000000007
RR: 2.580028
DD: 0.026819
DR: 0.49348800000000004
RR: 2.593906
DD: 0.02724
DR: 0.493303
RR: 2.447856
DD: 0.027316
DR: 0.49103700000000006
RR: 2.466743
DD: 0.026674999999999997
DR: 0.48685999999999996
RR: 2.483247
DD: 0.027330999999999998
DR: 0.488898
RR: 2.531063
DD: 0.027496999999999997
DR: 0.510999
RR: 2.608639
DD: 0.027066
DR: 0.511683
RR: 2.6632379999999998
DD: 0.033427000000000096
DR: 0.512253
RR: 2.666982
DD: 0.026886999999999998
DR: 0.510724
RR: 2.668911
DD: 0.026737999999999998
DR: 0.510457
RR: 2.683912
DD: 0.02752
DR: 0.511804
RR: 2.669366
DD: 0.027032999999999998
DR: 0.512799
RR: 2.669737
DD: 0.027226999999999998
DR: 0.512564
RR: 2.676097
DD: 0.027455999999999998
DR: 0.512859
RR: 2.6690329999999998
DD: 0.026871
DR: 0.514868
RR: 2.668361
DD: 0.02767
DR: 0.511485
RR: 2.6701449999999998
DD: 0.027753999999999997
DR: 0.51219
RR: 2.674996
DD: 0.027385
DR: 0.5126120000000001
RR: 2.677106
DD: 0.029748999999999998
DR: 0.511518
RR: 2.6550279999999997
DD: 0.027478
DR: 0.505012
RR: 2.579671
DD: 0.025613999999999998
DR: 0.490599
RR: 2.520836
DD: 0.027131
DR: 0.483008
RR: 2.351307
DD: 0.01529
DR: 0.45807899999999996
RR: 2.338208
DD: 0.015304
DR: 0.46407
RR: 2.329205
DD: 0.014711
DR: 0.45451600000000003
RR: 2.3202629999999997
DD: 0.015427
DR: 0.45558299999999996
RR: 2.3214259999999998
DD: 0.014716
DR: 0.45620800000000006
RR: 2.323905
DD: 0.015347999999999999
DR: 0.465215
RR: 2.3451750000000002
DD: 0.015394
DR: 0.470709
RR: 2.365552
DD: 0.0155
DR: 0.47506800000000005
RR: 2.408248
DD: 0.01593
DR: 0.484728
RR: 2.471759
DD: 0.016155
DR: 0.496534
RR: 2.526009
DD: 0.015764
DR: 0.498525
RR: 2.537782
DD: 0.015694
DR: 0.497245
RR: 2.536139
DD: 0.016132
DR: 0.49885399999999996
RR: 2.5367129999999998
DD: 0.016291
DR: 0.49998700000000007
RR: 2.536582
DD: 0.016194999999999998
DR: 0.49869399999999997
RR: 2.536228
DD: 0.016229999999999998
DR: 0.48926899999999995
RR: 2.538503
DD: 0.016114
DR: 0.49032700000000007
RR: 2.535787
DD: 0.015702999999999998
DR: 0.489545
RR: 2.538293
DD: 0.017015
DR: 0.490992
RR: 2.538481
DD: 0.016158
DR: 0.491177
RR: 2.539237
DD: 0.016142999999999998
DR: 0.490665
RR: 2.540971
DD: 0.015961
DR: 0.48533899999999996
RR: 2.511806
DD: 0.015843
DR: 0.47353600000000007
RR: 2.437852
DD: 0.016139999999999998
DR: 0.466815
RR: 2.3798529999999998
DD: 0.014889999999999999
DR: 0.46652899999999997
RR: 2.344458
DD: 0.014887000000000095
DR: 0.457196
RR: 2.338404
saved to _G20.5_rmin0.001_rmax10.0_nbins30_zmin1.0zmax2.0_Lsplit4bin0_N50_Planck_MC_b50

Pixels masked by MC but not already by selfunc: 0
G20.5_zmin1.0zmax2.0_Lsplit4bin1: 0.68              51890 vs 162049
/home/groups/tabel/mahlet/quaia-env/lib/python3.10/site-packages/Corrfunc/utils.py:918: UserWarning: One or more input array has non-native endianness!  A copy will be made with the correct endianness.
  warnings.warn("One or more input array has non-native endianness!  A copy will"\
DD: 0.018578
DR: 0.571466
RR: 3.118028
DD: 0.018302
DR: 0.556101
RR: 3.094466
DD: 0.017717
DR: 0.556783
RR: 3.105288
DD: 0.017801
DR: 0.557171
RR: 3.099353
DD: 0.018376
DR: 0.560719
RR: 3.126989
DD: 0.018473
DR: 0.5792229999999999
RR: 3.170474
DD: 0.018522999999999998
DR: 0.574891
RR: 3.220297
DD: 0.01873
DR: 0.585507
RR: 3.30686
DD: 0.018661999999999998
DR: 0.603284
RR: 3.4085460000000003
DD: 0.018778
DR: 0.6042069999999999
RR: 3.4117699999999997
DD: 0.019139
DR: 0.6036349999999999
RR: 3.413217
DD: 0.019126999999999998
DR: 0.6043540000000001
RR: 3.410675
DD: 0.019129999999999998
DR: 0.605221
RR: 3.41136
DD: 0.018704
DR: 0.6140639999999999
RR: 3.415562
DD: 0.018869
DR: 0.604335
RR: 3.413278
DD: 0.019107
DR: 0.604889
RR: 3.412773
DD: 0.018989
DR: 0.604006
RR: 3.413654
DD: 0.019195999999999998
DR: 0.605152
RR: 3.410949
DD: 0.019074999999999998
DR: 0.6045659999999999
RR: 3.411111
DD: 0.019119999999999998
DR: 0.6035969999999999
RR: 3.413829
DD: 0.019652
DR: 0.6082110000000001
RR: 3.380664
DD: 0.018864
DR: 0.588996
RR: 3.288874
DD: 0.019133
DR: 0.576114
RR: 3.205724
DD: 0.018925
DR: 0.572168
RR: 3.155763
DD: 0.018236
DR: 0.566656
RR: 3.13661
DD: 0.018382
DR: 0.5652619999999999
RR: 3.112604
DD: 0.018774
DR: 0.576147
RR: 3.3009969999999997
DD: 0.029390999999999997
DR: 0.639663
RR: 3.694105
DD: 0.029242999999999998
DR: 0.642201
RR: 3.706354
DD: 0.028981
DR: 0.617949
RR: 3.51299
DD: 0.035588
DR: 0.629524
RR: 3.558075
DD: 0.035281
DR: 0.637821
RR: 3.621099
DD: 0.029504
DR: 0.62852
RR: 3.532929
DD: 0.029293999999999997
DR: 0.646362
RR: 3.610725
DD: 0.029696999999999998
DR: 0.647247
RR: 3.613053
DD: 0.035706
DR: 0.645468
RR: 3.618227
DD: 0.029064
DR: 0.651327
RR: 3.6246
DD: 0.029804999999999998
DR: 0.641358
RR: 3.619384
DD: 0.029744999999999997
DR: 0.642023
RR: 3.6289
DD: 0.028911
DR: 0.644505
RR: 3.645378
DD: 0.029692999999999997
DR: 0.646327
RR: 3.638419
DD: 0.029658999999999998
DR: 0.671947
RR: 3.919932
DD: 0.035615
DR: 0.669729
RR: 3.864876
DD: 0.035308
DR: 0.665144
RR: 3.853297
DD: 0.035403
DR: 0.663022
RR: 3.854188
DD: 0.028828
DR: 0.638196
RR: 3.598301
DD: 0.028575999999999997
DR: 0.612978
RR: 3.490485
DD: 0.028041
DR: 0.60084
RR: 3.401861
DD: 0.02805
DR: 0.600699
RR: 3.362634
DD: 0.027957
DR: 0.597566
RR: 3.343797
saved to _G20.5_rmin0.001_rmax10.0_nbins30_zmin1.0zmax2.0_Lsplit4bin1_N50_Planck_MC_b50

Pixels masked by MC but not already by selfunc: 0
G20.5_zmin1.0zmax2.0_Lsplit4bin2: 0.63              60402 vs 162049
/home/groups/tabel/mahlet/quaia-env/lib/python3.10/site-packages/Corrfunc/utils.py:918: UserWarning: One or more input array has non-native endianness!  A copy will be made with the correct endianness.
  warnings.warn("One or more input array has non-native endianness!  A copy will"\
DD: 0.029953999999999998
DR: 0.755138
RR: 4.427306
DD: 0.037194
DR: 0.743468
RR: 4.386776
DD: 0.030874
DR: 0.74915
RR: 4.411766
DD: 0.031960999999999996
DR: 0.750595
RR: 4.411043
DD: 0.030744999999999998
DR: 0.754569
RR: 4.44729
DD: 0.036406
DR: 0.769252
RR: 4.488231
DD: 0.037351999999999996
DR: 0.794787
RR: 4.8549
DD: 0.037321
DR: 0.821615
RR: 4.975247
DD: 0.037877
DR: 0.843195
RR: 5.107198
DD: 0.044173
DR: 0.844282
RR: 5.114795
DD: 0.038214
DR: 0.8402000000000001
RR: 5.114627
DD: 0.037374
DR: 0.835899
RR: 5.108715
DD: 0.037246999999999995
DR: 0.835172
RR: 5.113338
DD: 0.036712999999999996
DR: 0.80911
RR: 4.816071
DD: 0.037424
DR: 0.8358140000000001
RR: 5.102164
DD: 0.044395
DR: 0.841987
RR: 5.109726
DD: 0.037985
DR: 0.840722
RR: 5.09983
DD: 0.031125
DR: 0.812967
RR: 4.799314
DD: 0.038019
DR: 0.846591
RR: 5.110662
DD: 0.037978
DR: 0.842622
RR: 5.080533
DD: 0.03785
DR: 0.834667
RR: 5.029846
DD: 0.037387
DR: 0.813485
RR: 4.880886
DD: 0.037072
DR: 0.782738
RR: 4.511221
DD: 0.030566999999999997
DR: 0.75044
RR: 4.441913
DD: 0.029856999999999998
DR: 0.7371219999999999
RR: 4.40519
DD: 0.02931
DR: 0.730569
RR: 4.365622
DD: 0.029341
DR: 0.733894
RR: 4.343649
DD: 0.029316
DR: 0.72818
RR: 4.595876
DD: 0.030029999999999998
DR: 0.75307
RR: 4.608367
DD: 0.036712
DR: 0.777056
RR: 4.413952
DD: 0.029708
DR: 0.7438359999999999
RR: 4.4728069999999995
DD: 0.030331999999999998
DR: 0.7674519999999999
RR: 4.580113
DD: 0.030935999999999998
DR: 0.788469
RR: 4.698769
DD: 0.037412999999999995
DR: 0.810347
RR: 4.825793
DD: 0.037606
DR: 0.815464
RR: 4.841115
DD: 0.031188999999999998
DR: 0.81506
RR: 4.826596
DD: 0.037505
DR: 0.813693
RR: 4.850367
DD: 0.037405
DR: 0.817382
RR: 4.835073
DD: 0.037558999999999995
DR: 0.8139679999999999
RR: 4.841674
DD: 0.030788
DR: 0.813737
RR: 4.820742
DD: 0.037409
DR: 0.811398
RR: 4.828065
DD: 0.030175999999999998
DR: 0.8011550000000001
RR: 4.81865
DD: 0.036576
DR: 0.808237
RR: 4.827843
DD: 0.030159
DR: 0.809256
RR: 4.81321
DD: 0.030164
DR: 0.7832479999999999
RR: 4.580152
DD: 0.023830999999999998
DR: 0.774172
RR: 4.533539
DD: 0.023119
DR: 0.753944
RR: 4.401422
DD: 0.023056999999999998
DR: 0.7339519999999999
RR: 4.310107
DD: 0.022774
DR: 0.72331
RR: 4.242702
DD: 0.02268
DR: 0.722726
RR: 4.21918
saved to _G20.5_rmin0.001_rmax10.0_nbins30_zmin1.0zmax2.0_Lsplit4bin2_N50_Planck_MC_b50

Pixels masked by MC but not already by selfunc: 0
G20.5_zmin1.0zmax2.0_Lsplit4bin3: 0.56              71167 vs 162049
/home/groups/tabel/mahlet/quaia-env/lib/python3.10/site-packages/Corrfunc/utils.py:918: UserWarning: One or more input array has non-native endianness!  A copy will be made with the correct endianness.
  warnings.warn("One or more input array has non-native endianness!  A copy will"\
DD: 0.027821
DR: 0.913598
RR: 5.600177
DD: 0.029012
DR: 0.904068
RR: 5.548571
DD: 0.027801
DR: 0.914103
RR: 5.563131
DD: 0.027913
DR: 0.90649
RR: 5.566008
DD: 0.02734
DR: 0.915028
RR: 5.596078
DD: 0.028117
DR: 0.922713
RR: 5.6463280000000005
DD: 0.029345
DR: 0.934446
RR: 5.755607
DD: 0.028678
DR: 0.958409
RR: 5.907714
DD: 0.029384999999999998
DR: 0.970485
RR: 6.041985
DD: 0.028731
DR: 0.972842
RR: 6.058956
DD: 0.028554999999999997
DR: 0.973395
RR: 6.059694
DD: 0.028638
DR: 0.973984
RR: 6.067965
DD: 0.029387
DR: 0.979605
RR: 6.07505
DD: 0.029606999999999998
DR: 0.982723
RR: 6.066233
DD: 0.029363999999999998
DR: 0.981976
RR: 6.068498
DD: 0.029422999999999998
DR: 0.9783
RR: 6.129324
DD: 0.029488
DR: 0.980253
RR: 6.092951
DD: 0.028991
DR: 0.983171
RR: 6.050405
DD: 0.028672
DR: 0.973674
RR: 6.053753
DD: 0.028824
DR: 0.975669
RR: 6.055236
DD: 0.028294
DR: 0.96359
RR: 5.988689
DD: 0.028464999999999997
DR: 0.948035
RR: 5.828136
DD: 0.027958999999999998
DR: 0.924288
RR: 6.012473
DD: 0.041485
DR: 0.9673339999999999
RR: 5.924187
DD: 0.041136
DR: 0.952778
RR: 5.900294
DD: 0.040968
DR: 0.946681
RR: 5.83995
DD: 0.040930999999999995
DR: 0.935855
RR: 5.790573
DD: 0.042759
DR: 0.943165
RR: 5.778369
DD: 0.027611999999999998
DR: 0.89793
RR: 5.492208
DD: 0.02776
DR: 0.9026329999999999
RR: 5.561001
DD: 0.027523999999999993
DR: 0.923015
RR: 5.646261
DD: 0.028319999999999998
DR: 0.938271
RR: 5.755958
DD: 0.028184999999999998
DR: 0.952597
RR: 5.914719
DD: 0.029411
DR: 0.974446
RR: 6.057992
DD: 0.02971
DR: 0.98164
RR: 6.070048
DD: 0.029590000000000005
DR: 0.984901
RR: 6.068569
DD: 0.029717999999999998
DR: 0.977963
RR: 6.070567
DD: 0.029457999999999998
DR: 0.984167
RR: 6.065048
DD: 0.029481999999999998
DR: 0.978101
RR: 6.072223
DD: 0.02946
DR: 0.98114
RR: 6.067063
DD: 0.029691
DR: 0.982694
RR: 6.056544
DD: 0.028794999999999998
DR: 0.977934
RR: 6.059634
DD: 0.028769
DR: 0.974546
RR: 6.054611
DD: 0.028162
DR: 0.97471
RR: 6.050938
DD: 0.028436
DR: 1.014546
RR: 6.400491
DD: 0.041679999999999995
DR: 1.005959
RR: 6.169268
DD: 0.02776
DR: 0.9389379999999999
RR: 5.848791
DD: 0.027275999999999998
DR: 0.922994
RR: 5.7229399999999995
DD: 0.027733999999999998
DR: 0.919776
RR: 5.655308
DD: 0.027558
DR: 0.910915
RR: 5.609907
saved to _G20.5_rmin0.001_rmax10.0_nbins30_zmin1.0zmax2.0_Lsplit4bin3_N50_Planck_MC_b50

Pixels masked by MC but not already by selfunc: 0
G20.5_zmin2.0zmax3.0_Lsplit4bin0: 0.72              19862 vs 71627
/home/groups/tabel/mahlet/quaia-env/lib/python3.10/site-packages/Corrfunc/utils.py:918: UserWarning: One or more input array has non-native endianness!  A copy will be made with the correct endianness.
  warnings.warn("One or more input array has non-native endianness!  A copy will"\
DD: 0.006862
DR: 0.14857499999999998
RR: 0.53856
DD: 0.006606
DR: 0.148289
RR: 0.536413
DD: 0.006767
DR: 0.149943
RR: 0.536687
DD: 0.00665
DR: 0.149329
RR: 0.538324
DD: 0.006723
DR: 0.149644
RR: 0.540478
DD: 0.006643
DR: 0.149981
RR: 0.5444669999999999
DD: 0.006703
DR: 0.15222200000000008
RR: 0.555829
DD: 0.006777
DR: 0.154057
RR: 0.5684239999999999
DD: 0.0069099999999999995
DR: 0.157597
RR: 0.58328
DD: 0.006938
DR: 0.15815100000000004
RR: 0.58189
DD: 0.007012999999999999
DR: 0.15834800000000004
RR: 0.581585
DD: 0.006944
DR: 0.157531
RR: 0.580766
DD: 0.0068709999999999995
DR: 0.158101
RR: 0.580306
DD: 0.006926
DR: 0.158349
RR: 0.5803659999999999
DD: 0.006947999999999999
DR: 0.158165
RR: 0.5810719999999999
DD: 0.006921999999999999
DR: 0.16177
RR: 0.584325
DD: 0.007019
DR: 0.159543
RR: 0.583259
DD: 0.007481
DR: 0.16061699999999998
RR: 0.583856
DD: 0.007482
DR: 0.161358
RR: 0.583222
DD: 0.0074719999999999995
DR: 0.161017
RR: 0.583809
DD: 0.007503999999999999
DR: 0.160433
RR: 0.579421
DD: 0.007473
DR: 0.15798099999999998
RR: 0.560706
DD: 0.006874
DR: 0.15231
RR: 0.552322
DD: 0.007293999999999999
DR: 0.153367
RR: 0.54199
DD: 0.006764999999999999
DR: 0.150011
RR: 0.542352
DD: 0.007258
DR: 0.15221099999999999
RR: 0.537906
DD: 0.0067729999999999995
DR: 0.14965399999999998
RR: 0.538532
DD: 0.007313999999999999
DR: 0.153022
RR: 0.537669
DD: 0.0066549999999999995
DR: 0.150003
RR: 0.5403479999999999
DD: 0.0073809999999999995
DR: 0.154026
RR: 0.540435
DD: 0.006816999999999999
DR: 0.152065
RR: 0.547813
DD: 0.0074129999999999995
DR: 0.15632000000000001
RR: 0.554203
DD: 0.006919
DR: 0.15600200000000009
RR: 0.570954
DD: 0.0075769999999999995
DR: 0.16391500000000003
RR: 0.582676
DD: 0.007000999999999999
DR: 0.15937099999999998
RR: 0.588809
DD: 0.007515999999999999
DR: 0.160041
RR: 0.588696
DD: 0.007783
DR: 0.163412
RR: 0.5818599999999999
DD: 0.0069
DR: 0.159024
RR: 0.584517
DD: 0.007545
DR: 0.16230999999999998
RR: 0.582441
DD: 0.006925
DR: 0.158874
RR: 0.582677
DD: 0.006984
DR: 0.160142
RR: 0.582214
DD: 0.0069619999999999994
DR: 0.159157
RR: 0.581978
DD: 0.0068909999999999996
DR: 0.159078
RR: 0.5826
DD: 0.006865
DR: 0.158791
RR: 0.581493
DD: 0.007011
DR: 0.159078
RR: 0.580926
DD: 0.0068909999999999996
DR: 0.157006
RR: 0.575456
DD: 0.006862
DR: 0.15348499999999998
RR: 0.560246
DD: 0.006738999999999999
DR: 0.150955
RR: 0.547796
DD: 0.006774
DR: 0.150649
RR: 0.539614
DD: 0.006588999999999999
DR: 0.14825
RR: 0.536481
saved to _G20.5_rmin0.001_rmax10.0_nbins30_zmin2.0zmax3.0_Lsplit4bin0_N50_Planck_MC_b50

Pixels masked by MC but not already by selfunc: 0
G20.5_zmin2.0zmax3.0_Lsplit4bin1: 0.66              24234 vs 71627
/home/groups/tabel/mahlet/quaia-env/lib/python3.10/site-packages/Corrfunc/utils.py:918: UserWarning: One or more input array has non-native endianness!  A copy will be made with the correct endianness.
  warnings.warn("One or more input array has non-native endianness!  A copy will"\
DD: 0.008339
DR: 0.178866
RR: 0.65793
DD: 0.007897
DR: 0.1777620000000001
RR: 0.6539539999999999
DD: 0.007973
DR: 0.17904899999999999
RR: 0.655171
DD: 0.007936
DR: 0.179082
RR: 0.65569
DD: 0.008095
DR: 0.179568
RR: 0.66096
DD: 0.008
DR: 0.180288
RR: 0.666464
DD: 0.008095
DR: 0.182207
RR: 0.676739
DD: 0.008203
DR: 0.185266
RR: 0.694338
DD: 0.008368
DR: 0.189661
RR: 0.71353
DD: 0.008206
DR: 0.189235
RR: 0.712163
DD: 0.008306
DR: 0.189935
RR: 0.715101
DD: 0.008338
DR: 0.19028899999999999
RR: 0.711909
DD: 0.008322999999999999
DR: 0.19006199999999998
RR: 0.718006
DD: 0.008882
DR: 0.193155
RR: 0.7124969999999999
DD: 0.008368
DR: 0.193632
RR: 0.718071
DD: 0.008381
DR: 0.19069900000000006
RR: 0.715143
DD: 0.008841000000000099
DR: 0.192805
RR: 0.71865
DD: 0.008792
DR: 0.192278
RR: 0.7121470000000001
DD: 0.008289999999999999
DR: 0.19047999999999998
RR: 0.715129
DD: 0.008345
DR: 0.19573800000000008
RR: 0.716853
DD: 0.008316
DR: 0.188353
RR: 0.707924
DD: 0.008619
DR: 0.187075
RR: 0.6903680000000001
DD: 0.008542
DR: 0.183609
RR: 0.673456
DD: 0.007982
DR: 0.179027
RR: 0.666094
DD: 0.008478
DR: 0.179782
RR: 0.663759
DD: 0.008935
DR: 0.18145500000000003
RR: 0.656879
DD: 0.008938999999999999
DR: 0.18518099999999998
RR: 0.655006
DD: 0.007929
DR: 0.178429
RR: 0.657508
DD: 0.008558999999999999
DR: 0.179843
RR: 0.6581440000000001
DD: 0.008006
DR: 0.17959799999999998
RR: 0.6648940000000001
DD: 0.008582
DR: 0.18231799999999998
RR: 0.670191
DD: 0.00857
DR: 0.184855
RR: 0.679303
DD: 0.008126999999999999
DR: 0.186473
RR: 0.697594
DD: 0.008843
DR: 0.192343
RR: 0.7138530000000001
DD: 0.008808
DR: 0.19236199999999998
RR: 0.7129460000000001
DD: 0.00827
DR: 0.193796
RR: 0.717764
DD: 0.008335
DR: 0.18947000000000003
RR: 0.7125140000000001
DD: 0.008277
DR: 0.18951199999999999
RR: 0.7180580000000001
DD: 0.008942
DR: 0.193524
RR: 0.7121470000000001
DD: 0.008314
DR: 0.191992
RR: 0.716741
DD: 0.008342
DR: 0.18983100000000008
RR: 0.7110409999999999
DD: 0.008317999999999999
DR: 0.192878
RR: 0.716269
DD: 0.008362
DR: 0.193676
RR: 0.714244
DD: 0.008353
DR: 0.189692
RR: 0.717561
DD: 0.008896
DR: 0.19256600000000001
RR: 0.712348
DD: 0.008231
DR: 0.19217599999999999
RR: 0.709477
DD: 0.008156
DR: 0.184134
RR: 0.690307
DD: 0.008586
DR: 0.18390399999999998
RR: 0.672623
DD: 0.007954
DR: 0.17882199999999998
RR: 0.66673
DD: 0.008454
DR: 0.181002
RR: 0.661323
saved to _G20.5_rmin0.001_rmax10.0_nbins30_zmin2.0zmax3.0_Lsplit4bin1_N50_Planck_MC_b50

Pixels masked by MC but not already by selfunc: 0
G20.5_zmin2.0zmax3.0_Lsplit4bin2: 0.60              28415 vs 71627
/home/groups/tabel/mahlet/quaia-env/lib/python3.10/site-packages/Corrfunc/utils.py:918: UserWarning: One or more input array has non-native endianness!  A copy will be made with the correct endianness.
  warnings.warn("One or more input array has non-native endianness!  A copy will"\
DD: 0.009617000000000098
DR: 0.21089
RR: 0.805767
DD: 0.010345
DR: 0.214503
RR: 0.79704
DD: 0.009224
DR: 0.21043500000000004
RR: 0.800635
DD: 0.010282
DR: 0.213909
RR: 0.801474
DD: 0.010095
DR: 0.21387299999999998
RR: 0.801545
DD: 0.012402999999999999
DR: 0.21916900000000006
RR: 0.811575
DD: 0.00958
DR: 0.219855
RR: 0.827414
DD: 0.009597999999999999
DR: 0.22002200000000005
RR: 0.84904
DD: 0.009687999999999999
DR: 0.227485
RR: 0.8718
DD: 0.009996999999999999
DR: 0.225247
RR: 0.87569
DD: 0.010525
DR: 0.22771799999999998
RR: 0.875988
DD: 0.010532999999999999
DR: 0.228424
RR: 0.876305
DD: 0.010591
DR: 0.227318
RR: 0.872558
DD: 0.009748
DR: 0.228367
RR: 0.874824
DD: 0.009930999999999999
DR: 0.229319
RR: 0.875515
DD: 0.009961
DR: 0.229186
RR: 0.876475
DD: 0.009885
DR: 0.22877900000000007
RR: 0.875247
DD: 0.010022
DR: 0.224493
RR: 0.87602
DD: 0.010549
DR: 0.22910200000000003
RR: 0.877292
DD: 0.010725
DR: 0.22958099999999998
RR: 0.872439
DD: 0.009616
DR: 0.225835
RR: 0.870439
DD: 0.010476
DR: 0.22109199999999998
RR: 0.839294
DD: 0.009318
DR: 0.212642
RR: 0.822839
DD: 0.009902
DR: 0.213159
RR: 0.812676
DD: 0.009777
DR: 0.210912
RR: 0.805252
DD: 0.009776
DR: 0.2120930000000001
RR: 0.801462
DD: 0.010122999999999993
DR: 0.212343
RR: 0.798062
DD: 0.010126999999999999
DR: 0.211909
RR: 0.800071
DD: 0.01032
DR: 0.21424900000000002
RR: 0.801497
DD: 0.010322
DR: 0.214303
RR: 0.804217
DD: 0.009335
DR: 0.21201199999999998
RR: 0.812435
DD: 0.009411
DR: 0.2147030000000001
RR: 0.824334
DD: 0.009548
DR: 0.218496
RR: 0.844551
DD: 0.009722999999999999
DR: 0.22377800000000003
RR: 0.867333
DD: 0.009729999999999999
DR: 0.22398099999999999
RR: 0.867957
DD: 0.009819
DR: 0.224436
RR: 0.8686419999999999
DD: 0.009774
DR: 0.225013
RR: 0.868702
DD: 0.009796
DR: 0.22413999999999998
RR: 0.867471
DD: 0.009741999999999999
DR: 0.22505499999999998
RR: 0.8681719999999999
DD: 0.009760999999999999
DR: 0.223991
RR: 0.866922
DD: 0.009738
DR: 0.22381000000000006
RR: 0.867002
DD: 0.00976
DR: 0.223137
RR: 0.867646
DD: 0.009757
DR: 0.22457700000000003
RR: 0.868295
DD: 0.009779
DR: 0.22389799999999999
RR: 0.868762
DD: 0.009746
DR: 0.224464
RR: 0.86788
DD: 0.009782000000000068
DR: 0.22242499999999998
RR: 0.859844
DD: 0.009486
DR: 0.217472
RR: 0.838918
DD: 0.00938
DR: 0.21346099999999998
RR: 0.821157
DD: 0.009304
DR: 0.211058
RR: 0.809235
DD: 0.009290999999999999
DR: 0.210784
RR: 0.803989
saved to _G20.5_rmin0.001_rmax10.0_nbins30_zmin2.0zmax3.0_Lsplit4bin2_N50_Planck_MC_b50

Pixels masked by MC but not already by selfunc: 0
G20.5_zmin2.0zmax3.0_Lsplit4bin3: 0.51              34923 vs 71627
/home/groups/tabel/mahlet/quaia-env/lib/python3.10/site-packages/Corrfunc/utils.py:918: UserWarning: One or more input array has non-native endianness!  A copy will be made with the correct endianness.
  warnings.warn("One or more input array has non-native endianness!  A copy will"\
DD: 0.011966
DR: 0.265663
RR: 1.057457
DD: 0.011491000000000029
DR: 0.264702
RR: 1.051607
DD: 0.011524
DR: 0.2656200000000001
RR: 1.053664
DD: 0.0117
DR: 0.265634
RR: 1.052143
DD: 0.011552
DR: 0.266864
RR: 1.058712
DD: 0.011661
DR: 0.269553
RR: 1.072455
DD: 0.011738
DR: 0.272316
RR: 1.090881
DD: 0.011878
DR: 0.27583199999999997
RR: 1.11313
DD: 0.012102
DR: 0.28302499999999997
RR: 1.142414
DD: 0.012118
DR: 0.282761
RR: 1.146086
DD: 0.012124999999999999
DR: 0.284513
RR: 1.147955
DD: 0.012164
DR: 0.28462
RR: 1.147143
DD: 0.012118
DR: 0.28434699999999996
RR: 1.147587
DD: 0.012166
DR: 0.28395899999999996
RR: 1.14754
DD: 0.01214
DR: 0.283834
RR: 1.148101
DD: 0.012131999999999999
DR: 0.283831
RR: 1.14975
DD: 0.012891999999999999
DR: 0.29023299999999996
RR: 1.150757
DD: 0.012549
DR: 0.2837470000000001
RR: 1.150215
DD: 0.012974999999999999
DR: 0.29124800000000006
RR: 1.15514
DD: 0.013108
DR: 0.289285
RR: 1.14747
DD: 0.012064
DR: 0.287865
RR: 1.140155
DD: 0.012274
DR: 0.27779
RR: 1.104552
DD: 0.012091
DR: 0.269872
RR: 1.077218
DD: 0.011626
DR: 0.2671180000000001
RR: 1.069944
DD: 0.012378
DR: 0.268874
RR: 1.064662
DD: 0.012258999999999999
DR: 0.27286
RR: 1.05947
DD: 0.011866999999999999
DR: 0.26881499999999997
RR: 1.051083
DD: 0.012074999999999999
DR: 0.2680020000000001
RR: 1.049916
DD: 0.011942999999999999
DR: 0.264574
RR: 1.051696
DD: 0.012312
DR: 0.268213
RR: 1.062965
DD: 0.012504
DR: 0.277571
RR: 1.077974
DD: 0.012235999999999999
DR: 0.27835600000000005
RR: 1.098711
DD: 0.012728999999999999
DR: 0.28152499999999997
RR: 1.1189710000000002
DD: 0.012033
DR: 0.284045
RR: 1.144986
DD: 0.012053999999999999
DR: 0.28260799999999997
RR: 1.145654
DD: 0.012133
DR: 0.2834650000000001
RR: 1.145917
DD: 0.012077
DR: 0.283508
RR: 1.146776
DD: 0.012100999999999999
DR: 0.283512
RR: 1.147875
DD: 0.012077
DR: 0.282854
RR: 1.147491
DD: 0.012065999999999999
DR: 0.283776
RR: 1.147848
DD: 0.012041
DR: 0.28328
RR: 1.147545
DD: 0.01213
DR: 0.283124
RR: 1.14589
DD: 0.012081
DR: 0.2829360000000001
RR: 1.146412
DD: 0.012091
DR: 0.283258
RR: 1.145335
DD: 0.012119999999999999
DR: 0.28308
RR: 1.147036
DD: 0.012045
DR: 0.281264
RR: 1.135303
DD: 0.011736
DR: 0.275246
RR: 1.105931
DD: 0.011741
DR: 0.27026000000000006
RR: 1.0853869999999999
DD: 0.011630999999999999
DR: 0.268299
RR: 1.072412
DD: 0.011541
DR: 0.26593
RR: 1.061647
saved to _G20.5_rmin0.001_rmax10.0_nbins30_zmin2.0zmax3.0_Lsplit4bin3_N50_Planck_MC_b50

Pixels masked by MC but not already by selfunc: 0
G20.5_zmin3.0zmax4.6_Lsplit4bin0: 0.69              2846 vs 9115
/home/groups/tabel/mahlet/quaia-env/lib/python3.10/site-packages/Corrfunc/utils.py:918: UserWarning: One or more input array has non-native endianness!  A copy will be made with the correct endianness.
  warnings.warn("One or more input array has non-native endianness!  A copy will"\
DD: 0.002146
DR: 0.017141
RR: 0.025856999999999998
DD: 0.002869
DR: 0.018396
RR: 0.02613
DD: 0.0028009999999999997
DR: 0.01833
RR: 0.026265
DD: 0.002807
DR: 0.018390999999999998
RR: 0.026123999999999998
DD: 0.00281
DR: 0.018543999999999998
RR: 0.02635
DD: 0.002802
DR: 0.018515999999999998
RR: 0.026556
DD: 0.002755
DR: 0.018682999999999998
RR: 0.02664
DD: 0.002846
DR: 0.018824999999999998
RR: 0.02728
DD: 0.002953
DR: 0.019143
RR: 0.027726999999999998
DD: 0.0029119999999999997
DR: 0.019188
RR: 0.027667999999999998
DD: 0.0028049999999999998
DR: 0.019198
RR: 0.027873
DD: 0.002905
DR: 0.019059
RR: 0.027792999999999998
DD: 0.002902
DR: 0.019135
RR: 0.027732
DD: 0.002809
DR: 0.019237
RR: 0.027836
DD: 0.0028729999999999997
DR: 0.019145
RR: 0.027861
DD: 0.002874
DR: 0.019273
RR: 0.027908
DD: 0.0027559999999999998
DR: 0.01917000000000002
RR: 0.027755
DD: 0.00283
DR: 0.019208
RR: 0.027899
DD: 0.002849
DR: 0.019216
RR: 0.027920999999999998
DD: 0.002802
DR: 0.019119
RR: 0.027732
DD: 0.002852
DR: 0.018971
RR: 0.027458
DD: 0.0028109999999999997
DR: 0.018785
RR: 0.027009
DD: 0.002715
DR: 0.018546999999999998
RR: 0.026694
DD: 0.002815
DR: 0.018382
RR: 0.026416
DD: 0.002766
DR: 0.018246
RR: 0.026074999999999997
DD: 0.002748
DR: 0.018334
RR: 0.026012
DD: 0.002754
DR: 0.018368
RR: 0.026248999999999998
DD: 0.0027459999999999997
DR: 0.018470999999999998
RR: 0.026282
DD: 0.002779
DR: 0.018404999999999998
RR: 0.026293
DD: 0.002728
DR: 0.018522999999999998
RR: 0.026535999999999997
DD: 0.002766
DR: 0.018466
RR: 0.026626999999999998
DD: 0.002708
DR: 0.018701
RR: 0.026737
DD: 0.002784
DR: 0.018923
RR: 0.027326999999999997
DD: 0.002875
DR: 0.019171
RR: 0.027797
DD: 0.002768
DR: 0.019143
RR: 0.027812999999999997
DD: 0.002913
DR: 0.019122
RR: 0.027961999999999997
DD: 0.002902
DR: 0.019206
RR: 0.027771999999999998
DD: 0.00279
DR: 0.019178999999999998
RR: 0.02775
DD: 0.002881
DR: 0.019076
RR: 0.027898
DD: 0.002878
DR: 0.019082
RR: 0.027805999999999997
DD: 0.002791
DR: 0.01908
RR: 0.027705
DD: 0.002877
DR: 0.019133999999999998
RR: 0.027804
DD: 0.0028989999999999997
DR: 0.019219999999999998
RR: 0.027804
DD: 0.0027849999999999997
DR: 0.01925
RR: 0.027868999999999998
DD: 0.002871
DR: 0.019133
RR: 0.027666999999999997
DD: 0.002848
DR: 0.018994999999999998
RR: 0.027645
DD: 0.002901
DR: 0.018694
RR: 0.027087999999999997
DD: 0.002813
DR: 0.018656
RR: 0.026737
DD: 0.0027229999999999997
DR: 0.018528
RR: 0.026383999999999998
DD: 0.002741
DR: 0.018274
RR: 0.026187
/oak/stanford/orgs/kipac/users/mahlet/quaia_bias/scripts/jackknife.py:226: RuntimeWarning: Mean of empty slice
  cf_mean = np.nanmean(cf_jackknife, axis = 0)  # is it ok to ignore nan values?
saved to _G20.5_rmin0.001_rmax10.0_nbins30_zmin3.0zmax4.6_Lsplit4bin0_N50_Planck_MC_b50

Random catalog is not computed, do not use output
Pixels masked by MC but not already by selfunc: 0
G20.5_zmin3.0zmax4.6_Lsplit4bin1: 0.63              3337 vs 9114
/home/groups/tabel/mahlet/quaia-env/lib/python3.10/site-packages/Corrfunc/utils.py:918: UserWarning: One or more input array has non-native endianness!  A copy will be made with the correct endianness.
  warnings.warn("One or more input array has non-native endianness!  A copy will"\
DD: 0.002252
DR: 0.0048389999999999996
RR: 0.0028569999999999997
DD: 0.002277
DR: 0.00503
RR: 0.002907
DD: 0.002832
DR: 0.0055119999999999995
RR: 0.0028409999999999998
DD: 0.002829
DR: 0.005469
RR: 0.002848
DD: 0.0028469999999999997
DR: 0.005421
RR: 0.002836
DD: 0.0028629999999999997
DR: 0.005411
RR: 0.0028699999999999997
DD: 0.002881
DR: 0.005405999999999999
RR: 0.002913
DD: 0.002892
DR: 0.005477
RR: 0.002846
DD: 0.00296
DR: 0.005684
RR: 0.002881
DD: 0.002944
DR: 0.0056099999999999995
RR: 0.002842
DD: 0.00293
DR: 0.005601999999999999
RR: 0.002895
DD: 0.002928
DR: 0.005586
RR: 0.002882
DD: 0.002966
DR: 0.0056229999999999995
RR: 0.002872
DD: 0.002938
DR: 0.00564
RR: 0.002864
DD: 0.0029319999999999997
DR: 0.005614
RR: 0.002876
DD: 0.0029479999999999997
DR: 0.005591
RR: 0.0028309999999999997
DD: 0.00294
DR: 0.005614
RR: 0.002864
DD: 0.002936
DR: 0.005680999999999999
RR: 0.00284
DD: 0.002943
DR: 0.0055899999999999995
RR: 0.002869
DD: 0.00297
DR: 0.0055839999999999996
RR: 0.002874
DD: 0.0029089999999999997
DR: 0.005568
RR: 0.00282
DD: 0.002835
DR: 0.005508
RR: 0.002913
DD: 0.002853
DR: 0.00546
RR: 0.002874
DD: 0.00283
DR: 0.005336
RR: 0.002826
DD: 0.0028049999999999998
DR: 0.005314
RR: 0.002804
DD: 0.0027819999999999998
DR: 0.0053219999999999995
RR: 0.002768
DD: 0.0028369999999999997
DR: 0.005366999999999999
RR: 0.002884
DD: 0.0028209999999999997
DR: 0.0053609999999999994
RR: 0.002816
DD: 0.0028369999999999997
DR: 0.005327999999999999
RR: 0.002848
DD: 0.002839
DR: 0.005344
RR: 0.002845
DD: 0.002812
DR: 0.005343
RR: 0.002807
DD: 0.002871
DR: 0.005416
RR: 0.002865
DD: 0.002888
DR: 0.005461
RR: 0.002807
DD: 0.0029319999999999997
DR: 0.005533
RR: 0.0028669999999999998
DD: 0.002941
DR: 0.0055969999999999995
RR: 0.002884
DD: 0.002913
DR: 0.005604
RR: 0.002862
DD: 0.002928
DR: 0.0055969999999999995
RR: 0.002902
DD: 0.002934
DR: 0.0056879999999999995
RR: 0.002869
DD: 0.002915
DR: 0.005559
RR: 0.002911
DD: 0.0029319999999999997
DR: 0.005586
RR: 0.0028859999999999997
DD: 0.002913
DR: 0.005645
RR: 0.002868
DD: 0.0029419999999999997
DR: 0.005568
RR: 0.002875
DD: 0.002933
DR: 0.005640999999999999
RR: 0.002891
DD: 0.002905
DR: 0.005558
RR: 0.0028899999999999998
DD: 0.002933
DR: 0.005614
RR: 0.0028669999999999998
DD: 0.0028799999999999997
DR: 0.005562
RR: 0.0028469999999999997
DD: 0.002878
DR: 0.005482
RR: 0.002874
DD: 0.002815
DR: 0.005409
RR: 0.002836
DD: 0.002828
DR: 0.0053809999999999995
RR: 0.002853
DD: 0.002199
DR: 0.004914
RR: 0.002812
/oak/stanford/orgs/kipac/users/mahlet/quaia_bias/scripts/jackknife.py:226: RuntimeWarning: Mean of empty slice
  cf_mean = np.nanmean(cf_jackknife, axis = 0)  # is it ok to ignore nan values?
saved to _G20.5_rmin0.001_rmax10.0_nbins30_zmin3.0zmax4.6_Lsplit4bin1_N50_Planck_MC_b50

Random catalog is not computed, do not use output
Pixels masked by MC but not already by selfunc: 0
G20.5_zmin3.0zmax4.6_Lsplit4bin2: 0.59              3699 vs 9114
/home/groups/tabel/mahlet/quaia-env/lib/python3.10/site-packages/Corrfunc/utils.py:918: UserWarning: One or more input array has non-native endianness!  A copy will be made with the correct endianness.
  warnings.warn("One or more input array has non-native endianness!  A copy will"\
DD: 0.002314
DR: 0.004909
RR: 0.002853
DD: 0.0029679999999999997
DR: 0.005685
RR: 0.002868
DD: 0.0029479999999999997
DR: 0.0056689999999999996
RR: 0.002894
DD: 0.002962
DR: 0.005719
RR: 0.002884
DD: 0.002927
DR: 0.005611
RR: 0.002887
DD: 0.002928
DR: 0.0056619999999999995
RR: 0.002888
DD: 0.002999
DR: 0.005703
RR: 0.002951
DD: 0.00299
DR: 0.005652
RR: 0.002982
DD: 0.0030499999999999998
DR: 0.005803
RR: 0.003016
DD: 0.003018
DR: 0.005738999999999999
RR: 0.003019
DD: 0.003026
DR: 0.005756
RR: 0.003034
DD: 0.003029
DR: 0.005781
RR: 0.003025
DD: 0.0030589999999999997
DR: 0.005778
RR: 0.003028
DD: 0.003047
DR: 0.005738999999999999
RR: 0.002993
DD: 0.003067
DR: 0.005752999999999999
RR: 0.003025
DD: 0.003055
DR: 0.005797999999999999
RR: 0.003023
DD: 0.003041
DR: 0.005775
RR: 0.003064
DD: 0.0030429999999999997
DR: 0.00581
RR: 0.003031
DD: 0.003018
DR: 0.00571
RR: 0.002907
DD: 0.003064
DR: 0.005575999999999999
RR: 0.0030429999999999997
DD: 0.003026
DR: 0.005836999999999999
RR: 0.003012
DD: 0.002977
DR: 0.005624
RR: 0.002976
DD: 0.002855
DR: 0.005634999999999999
RR: 0.002876
DD: 0.002931
DR: 0.005698
RR: 0.002889
DD: 0.002923
DR: 0.005633
RR: 0.002876
DD: 0.0029
DR: 0.005667999999999999
RR: 0.002827
DD: 0.002966
DR: 0.005644
RR: 0.002895
DD: 0.0029319999999999997
DR: 0.005634
RR: 0.0028369999999999997
DD: 0.003015
DR: 0.0057139999999999995
RR: 0.002953
DD: 0.002858
DR: 0.005666
RR: 0.002866
DD: 0.0029579999999999997
DR: 0.005680999999999999
RR: 0.002921
DD: 0.0029259999999999998
DR: 0.005647
RR: 0.002957
DD: 0.002966
DR: 0.0056289999999999995
RR: 0.0029969999999999997
DD: 0.0030039999999999997
DR: 0.0057139999999999995
RR: 0.0030529999999999997
DD: 0.003065
DR: 0.005765999999999999
RR: 0.0030399999999999997
DD: 0.003071
DR: 0.005768
RR: 0.003005
DD: 0.00309
DR: 0.005758999999999999
RR: 0.003023
DD: 0.003036
DR: 0.005765999999999999
RR: 0.0030269999999999997
DD: 0.0030139999999999998
DR: 0.005761
RR: 0.0030629999999999998
DD: 0.0030459999999999997
DR: 0.005836999999999999
RR: 0.003038
DD: 0.003028
DR: 0.0057209999999999995
RR: 0.0030589999999999997
DD: 0.003025
DR: 0.005757
RR: 0.003039
DD: 0.0030559999999999997
DR: 0.0057599999999999995
RR: 0.003031
DD: 0.0030459999999999997
DR: 0.0058
RR: 0.003042
DD: 0.0030329999999999997
DR: 0.005813
RR: 0.003038
DD: 0.0029969999999999997
DR: 0.005683
RR: 0.002983
DD: 0.002974
DR: 0.005646
RR: 0.002967
DD: 0.00295
DR: 0.005567
RR: 0.002925
DD: 0.002901
DR: 0.005737
RR: 0.0029
DD: 0.00291
DR: 0.00558
RR: 0.00281
/oak/stanford/orgs/kipac/users/mahlet/quaia_bias/scripts/jackknife.py:226: RuntimeWarning: Mean of empty slice
  cf_mean = np.nanmean(cf_jackknife, axis = 0)  # is it ok to ignore nan values?
saved to _G20.5_rmin0.001_rmax10.0_nbins30_zmin3.0zmax4.6_Lsplit4bin2_N50_Planck_MC_b50

Pixels masked by MC but not already by selfunc: 0
G20.5_zmin3.0zmax4.6_Lsplit4bin3: 0.47              4824 vs 9115
/home/groups/tabel/mahlet/quaia-env/lib/python3.10/site-packages/Corrfunc/utils.py:918: UserWarning: One or more input array has non-native endianness!  A copy will be made with the correct endianness.
  warnings.warn("One or more input array has non-native endianness!  A copy will"\
DD: 0.002715
DR: 0.019315000000000082
RR: 0.028806
DD: 0.003413
DR: 0.020426
RR: 0.028706
DD: 0.0034739999999999997
DR: 0.020529
RR: 0.028803
DD: 0.00342
DR: 0.020342
RR: 0.028877999999999997
DD: 0.003423
DR: 0.020392
RR: 0.029071999999999997
DD: 0.0034
DR: 0.02059
RR: 0.029023999999999998
DD: 0.0034519999999999998
DR: 0.020590999999999998
RR: 0.029538
DD: 0.0035009999999999998
DR: 0.021213
RR: 0.02981
DD: 0.002737
DR: 0.022012
RR: 0.03035
DD: 0.002793
DR: 0.022012
RR: 0.030640999999999998
DD: 0.002816
DR: 0.022203
RR: 0.030691000000000024
DD: 0.0028179999999999998
DR: 0.022241
RR: 0.030569
DD: 0.002766
DR: 0.022163
RR: 0.030475
DD: 0.002816
DR: 0.022057999999999998
RR: 0.030421999999999998
DD: 0.002787
DR: 0.022091
RR: 0.030490999999999997
DD: 0.0028109999999999997
DR: 0.022088
RR: 0.030383
DD: 0.0027979999999999997
DR: 0.022189
RR: 0.030473999999999998
DD: 0.002832
DR: 0.022164
RR: 0.030531
DD: 0.0028009999999999997
DR: 0.022111
RR: 0.030508999999999998
DD: 0.002777
DR: 0.022074
RR: 0.030587
DD: 0.0027199999999999998
DR: 0.021875
RR: 0.030073
DD: 0.002696
DR: 0.020692000000000044
RR: 0.029618
DD: 0.003431
DR: 0.020517999999999998
RR: 0.029112
DD: 0.003394
DR: 0.020498
RR: 0.028797999999999997
DD: 0.0033269999999999997
DR: 0.020324
RR: 0.028821
DD: 0.00333
DR: 0.020249
RR: 0.028695
DD: 0.003454
DR: 0.020291
RR: 0.028572
DD: 0.0034
DR: 0.020186
RR: 0.028765
DD: 0.0034449999999999997
DR: 0.020340999999999998
RR: 0.028668
DD: 0.003358
DR: 0.020451999999999998
RR: 0.028915
DD: 0.003408
DR: 0.020491
RR: 0.029146
DD: 0.0034679999999999997
DR: 0.0206
RR: 0.029493
DD: 0.0034709999999999997
DR: 0.021221000000000045
RR: 0.029889
DD: 0.00277
DR: 0.022382
RR: 0.030532999999999998
DD: 0.002828
DR: 0.022045
RR: 0.030591
DD: 0.0028209999999999997
DR: 0.022246
RR: 0.03059
DD: 0.002781
DR: 0.021995
RR: 0.030782999999999998
DD: 0.002817
DR: 0.022165
RR: 0.030535999999999997
DD: 0.002787
DR: 0.022251
RR: 0.030563999999999997
DD: 0.002813
DR: 0.02209
RR: 0.030660999999999997
DD: 0.002791
DR: 0.022243
RR: 0.030416
DD: 0.002815
DR: 0.02206
RR: 0.030646
DD: 0.002827
DR: 0.022099
RR: 0.03057
DD: 0.002771
DR: 0.022109
RR: 0.030455999999999997
DD: 0.0027879999999999997
DR: 0.022097
RR: 0.030427
DD: 0.002731
DR: 0.021845999999999997
RR: 0.030244999999999998
DD: 0.002685
DR: 0.020675
RR: 0.029641999999999998
DD: 0.003361
DR: 0.020706
RR: 0.029248
DD: 0.003446
DR: 0.020482999999999998
RR: 0.028939
DD: 0.003411
DR: 0.020124
RR: 0.028579999999999998
/oak/stanford/orgs/kipac/users/mahlet/quaia_bias/scripts/jackknife.py:226: RuntimeWarning: Mean of empty slice
  cf_mean = np.nanmean(cf_jackknife, axis = 0)  # is it ok to ignore nan values?
saved to _G20.5_rmin0.001_rmax10.0_nbins30_zmin3.0zmax4.6_Lsplit4bin3_N50_Planck_MC_b50

done!
