Starting batch job

G20.5: computing wtheta in 30 bins from 0.001 to 10.0 on a log scale for 50 jackknife regions...
--L: maxsplit

z: [0.0, 1.0, 2.0, 3.0, 4.6] minmax None
L: None maxsplit 4
Pixels masked by MC but not already by selfunc: 908
G20.5_zmin0.0zmax1.0_Lmaxsplit4bin0: 0.25              61053 vs 81084
/home/groups/tabel/mahlet/quaia-env/lib/python3.10/site-packages/Corrfunc/utils.py:918: UserWarning: One or more input array has non-native endianness!  A copy will be made with the correct endianness.
  warnings.warn("One or more input array has non-native endianness!  A copy will"\
DD: 0.02375
DR: 0.620679
RR: 2.730721
DD: 0.020908
DR: 0.6272580000000001
RR: 2.791124
DD: 0.023105
DR: 0.6635679999999999
RR: 2.882197
DD: 0.02264
DR: 0.685543
RR: 2.929594
DD: 0.0211
DR: 0.696253
RR: 2.88287
DD: 0.021866999999999998
DR: 0.678477
RR: 2.874465
DD: 0.021953
DR: 0.6887249999999999
RR: 2.89478
DD: 0.022143
DR: 0.6880799999999999
RR: 2.919394
DD: 0.021929999999999998
DR: 0.6752210000000001
RR: 2.934541
DD: 0.022691
DR: 0.68469
RR: 2.922502
DD: 0.022785
DR: 0.703665
RR: 3.004876
DD: 0.022969
DR: 0.698848
RR: 2.966263
DD: 0.023056999999999998
DR: 0.6989259999999999
RR: 2.976379
DD: 0.023087999999999997
DR: 0.6994039999999999
RR: 2.979618
DD: 0.023309
DR: 0.711693
RR: 3.031273
DD: 0.022605
DR: 0.700073
RR: 3.011826
DD: 0.0226
DR: 0.699592
RR: 2.964085
DD: 0.021884
DR: 0.704413
RR: 2.928257
DD: 0.022210999999999998
DR: 0.6924199999999999
RR: 2.990821
DD: 0.021811
DR: 0.697209
RR: 2.987166
DD: 0.021679999999999998
DR: 0.701384
RR: 2.931589
DD: 0.022837
DR: 0.701803
RR: 2.95999
DD: 0.022836
DR: 0.700672
RR: 2.940498
DD: 0.022452
DR: 0.701181
RR: 2.90433
DD: 0.020746
DR: 0.6891269999999999
RR: 2.889468
DD: 0.020544
DR: 0.695854
RR: 2.949758
DD: 0.020791999999999998
DR: 0.688614
RR: 2.883017
DD: 0.020510999999999998
DR: 0.689721
RR: 2.883066
DD: 0.020597999999999998
DR: 0.6928259999999999
RR: 2.91041
DD: 0.021008
DR: 0.690393
RR: 2.909746
DD: 0.022566
DR: 0.688026
RR: 2.936176
DD: 0.020772
DR: 0.6911229999999999
RR: 2.892875
DD: 0.021081
DR: 0.689764
RR: 2.89868
DD: 0.021807
DR: 0.688259
RR: 2.881424
DD: 0.021734999999999997
DR: 0.6965790000000001
RR: 2.907051
DD: 0.021752999999999998
DR: 0.687427
RR: 2.928278
DD: 0.021744
DR: 0.7026089999999999
RR: 2.974645
DD: 0.022128
DR: 0.7061379999999999
RR: 3.000783
DD: 0.022191
DR: 0.7119420000000001
RR: 2.996209
DD: 0.022168
DR: 0.694882
RR: 2.97047
DD: 0.022364
DR: 0.7091970000000001
RR: 3.008307
DD: 0.022130999999999998
DR: 0.7008989999999999
RR: 2.986312
DD: 0.022272
DR: 0.694054
RR: 3.021328
DD: 0.022386
DR: 0.6855880000000001
RR: 3.038875
DD: 0.021779
DR: 0.702739
RR: 2.777846
DD: 0.02103
DR: 0.656679
RR: 2.495545
DD: 0.032549
DR: 0.683431
RR: 2.579538
DD: 0.019843
DR: 0.713299
RR: 3.234329
DD: 0.020753
DR: 0.735967
RR: 3.315334
DD: 0.02076
DR: 0.729052
RR: 3.288462
saved to _G20.5_rmin0.001_rmax10.0_nbins30_zmin0.0zmax1.0_Lmaxsplit4bin0_N50_Planck_MC_b20

Pixels masked by MC but not already by selfunc: 1703
G20.5_zmin0.0zmax1.0_Lmaxsplit4bin1: 0.20              129574 vs 162168
/home/groups/tabel/mahlet/quaia-env/lib/python3.10/site-packages/Corrfunc/utils.py:918: UserWarning: One or more input array has non-native endianness!  A copy will be made with the correct endianness.
  warnings.warn("One or more input array has non-native endianness!  A copy will"\
DD: 0.051719
DR: 2.059629
RR: 13.383621
DD: 0.050769999999999996
DR: 2.09956
RR: 13.613268
DD: 0.052114
DR: 2.121059
RR: 13.560428
DD: 0.051025999999999995
DR: 2.10746
RR: 13.320437
DD: 0.051233
DR: 2.059696
RR: 13.605559
DD: 0.054443
DR: 2.097546
RR: 13.806073
DD: 0.053017999999999996
DR: 2.047704
RR: 13.574755
DD: 0.05570300000000006
DR: 2.081591
RR: 13.97631
DD: 0.05381
DR: 2.114948
RR: 13.842891
DD: 0.051923
DR: 2.171502
RR: 14.026554
DD: 0.054155999999999996
DR: 2.150743
RR: 14.136211
DD: 0.056527999999999995
DR: 2.201044
RR: 14.051393
DD: 0.055142
DR: 2.106515
RR: 10.815888
DD: 0.051517
DR: 2.180975
RR: 14.058331
DD: 0.049346999999999995
DR: 1.861177
RR: 11.45429
DD: 0.049576999999999996
DR: 2.053038
RR: 14.262444
DD: 0.054676999999999996
DR: 2.182825
RR: 14.383274
DD: 0.053451
DR: 2.120941
RR: 14.073382
DD: 0.054875
DR: 2.203077
RR: 14.000168
DD: 0.053055
DR: 2.178858
RR: 14.221541
DD: 0.054433999999999996
DR: 2.183811
RR: 14.137085
DD: 0.055104
DR: 2.187364
RR: 13.71755
DD: 0.053805
DR: 2.131293
RR: 14.083106
DD: 0.054695999999999995
DR: 2.164177
RR: 13.90933
DD: 0.053291
DR: 2.133116
RR: 14.074467
DD: 0.054581
DR: 2.134828
RR: 14.141414
DD: 0.052281999999999995
DR: 2.181117
RR: 11.511108
DD: 0.045644
DR: 1.849793
RR: 13.628899
DD: 0.051379
DR: 2.117084
RR: 10.591899
DD: 0.049571
DR: 2.084878
RR: 14.504648
DD: 0.055012
DR: 2.161248
RR: 14.634134
DD: 0.053758
DR: 2.227817
RR: 14.458248
DD: 0.054209
DR: 2.180173
RR: 14.567416
DD: 0.055132999999999995
DR: 2.2618489999999998
RR: 14.418822
DD: 0.054745999999999996
DR: 2.21617
RR: 14.662098
DD: 0.054874
DR: 2.23437
RR: 14.713413
DD: 0.055611999999999995
DR: 2.208164
RR: 15.106885
DD: 0.055743
DR: 2.324555
RR: 14.607544
DD: 0.054879
DR: 2.278034
RR: 15.379451
DD: 0.057168
DR: 2.322201
RR: 14.846106
DD: 0.056948
DR: 2.347345
RR: 10.813743
DD: 0.04877000000000009
DR: 2.105839
RR: 14.200813
DD: 0.049127
DR: 1.876972
RR: 15.154811
DD: 0.054944
DR: 2.139201
RR: 13.909028
DD: 0.053696999999999995
DR: 2.15722
RR: 13.541499
DD: 0.052291
DR: 2.116533
RR: 13.727027
DD: 0.05411
DR: 2.178384
RR: 13.879202
DD: 0.053056
DR: 2.142366
RR: 13.717325
DD: 0.052684999999999996
DR: 2.149237
RR: 14.065255
DD: 0.052509999999999994
DR: 2.156367
RR: 13.96589
saved to _G20.5_rmin0.001_rmax10.0_nbins30_zmin0.0zmax1.0_Lmaxsplit4bin1_N50_Planck_MC_b20

Pixels masked by MC but not already by selfunc: 2488
G20.5_zmin0.0zmax1.0_Lmaxsplit4bin2: 0.17              202001 vs 243252
/home/groups/tabel/mahlet/quaia-env/lib/python3.10/site-packages/Corrfunc/utils.py:918: UserWarning: One or more input array has non-native endianness!  A copy will be made with the correct endianness.
  warnings.warn("One or more input array has non-native endianness!  A copy will"\
DD: 0.10196
DR: 4.401599
RR: 33.949171
DD: 0.10203
DR: 4.519089
RR: 26.737837
DD: 0.097339
DR: 4.388947
RR: 26.195442
DD: 0.092151
DR: 4.3398579999999995
RR: 33.068121
DD: 0.09845000000000004
DR: 4.447964
RR: 34.575266
DD: 0.09859700000000005
DR: 4.333055
RR: 32.827099
DD: 0.100891
DR: 4.450353
RR: 35.040448
DD: 0.101148
DR: 4.405126
RR: 31.764657
DD: 0.090933
DR: 3.837956
RR: 29.12439
DD: 0.091513
DR: 4.254417
RR: 31.712083
DD: 0.094583
DR: 4.193035
RR: 32.185443
DD: 0.097285
DR: 4.170835
RR: 31.899959
DD: 0.093832
DR: 4.141116
RR: 31.816897
DD: 0.09433899999999999
DR: 4.20554
RR: 33.322315
DD: 0.099634
DR: 4.294916
RR: 27.992993
DD: 0.098503
DR: 4.209697
RR: 27.673873
DD: 0.099024
DR: 4.185129
RR: 32.232687
DD: 0.098288
DR: 4.235557
RR: 31.628345
DD: 0.09460299999999999
DR: 4.243801
RR: 32.156414
DD: 0.093537
DR: 4.155157
RR: 32.378444
DD: 0.096208
DR: 4.287075
RR: 31.711188
DD: 0.09007
DR: 3.628195
RR: 29.566972
DD: 0.09376699999999999
DR: 4.335526
RR: 33.222451
DD: 0.09516999999999999
DR: 4.247622
RR: 32.112489
DD: 0.095637
DR: 4.225652
RR: 32.693927
DD: 0.097355
DR: 4.230272
RR: 32.06574
DD: 0.09712
DR: 4.2388
RR: 32.031797
DD: 0.099466
DR: 4.411307
RR: 26.371753
DD: 0.093674
DR: 3.697975
RR: 28.154557
DD: 0.09267199999999999
DR: 4.340163
RR: 32.474196
DD: 0.10126299999999999
DR: 4.321684
RR: 33.608583
DD: 0.09672299999999999
DR: 4.301295
RR: 32.748996
DD: 0.098483
DR: 4.401241
RR: 34.542259
DD: 0.102987
DR: 4.491224
RR: 30.248376
DD: 0.09113199999999999
DR: 4.366355
RR: 28.212445
DD: 0.09580699999999999
DR: 4.360238
RR: 34.489419
DD: 0.102795
DR: 4.592776
RR: 34.817941
DD: 0.102697
DR: 4.506993
RR: 34.606465
DD: 0.100448
DR: 4.466881
RR: 35.907252
DD: 0.10514899999999999
DR: 4.576502
RR: 32.123754
DD: 0.09978999999999999
DR: 3.756164
RR: 27.026528
DD: 0.086856
DR: 3.753171
RR: 31.24082
DD: 0.09294999999999999
DR: 4.2656279999999995
RR: 31.753315
DD: 0.09946999999999999
DR: 4.277837
RR: 32.607218
DD: 0.098817
DR: 3.666325
RR: 27.948649
DD: 0.095486
DR: 4.297577
RR: 32.497196
DD: 0.099851
DR: 4.366701
RR: 33.103702
DD: 0.09973499999999999
DR: 4.419788
RR: 29.441401
DD: 0.094846
DR: 3.6496750000000002
RR: 33.206551
DD: 0.09805
DR: 4.424188
RR: 34.015433
saved to _G20.5_rmin0.001_rmax10.0_nbins30_zmin0.0zmax1.0_Lmaxsplit4bin2_N50_Planck_MC_b20

Pixels masked by MC but not already by selfunc: 3194
G20.5_zmin0.0zmax1.0_Lmaxsplit4bin3: 0.15              275239 vs 324336
/home/groups/tabel/mahlet/quaia-env/lib/python3.10/site-packages/Corrfunc/utils.py:918: UserWarning: One or more input array has non-native endianness!  A copy will be made with the correct endianness.
  warnings.warn("One or more input array has non-native endianness!  A copy will"\
DD: 0.163147
DR: 7.521623
RR: 50.068753
DD: 0.134217
DR: 7.29561
RR: 61.244626
DD: 0.160568
DR: 7.35689
RR: 51.283101
DD: 0.14987599999999998
DR: 7.089227
RR: 57.999465
DD: 0.143813
DR: 7.533467
RR: 53.052401
DD: 0.15501199999999998
DR: 7.629707
RR: 59.316696
DD: 0.14322
DR: 7.525967
RR: 54.478966
DD: 0.16050399999999998
DR: 7.560493
RR: 61.657281
DD: 0.143921
DR: 7.273234
RR: 54.982981
DD: 0.15545499999999998
DR: 7.50722
RR: 63.475942
DD: 0.164623
DR: 7.310493
RR: 54.377629
DD: 0.158337
DR: 7.652237
RR: 62.257947
DD: 0.14990799999999999
DR: 7.798175
RR: 56.741992
DD: 0.163721
DR: 7.845912
RR: 64.759634
DD: 0.168799
DR: 7.829588
RR: 56.167227
DD: 0.159296
DR: 7.667288
RR: 65.489914
DD: 0.16658699999999999
DR: 7.851486
RR: 55.086401
DD: 0.15750999999999998
DR: 7.528919
RR: 60.740264
DD: 0.161602
DR: 7.354177
RR: 55.394863
DD: 0.15972
DR: 7.611702
RR: 63.203898
DD: 0.16394600000000004
DR: 7.5840309999999995
RR: 55.612365
DD: 0.15620599999999998
DR: 7.586269
RR: 62.732893
DD: 0.168096
DR: 7.601321
RR: 56.753919
DD: 0.14310399999999998
DR: 7.688144
RR: 63.327272
DD: 0.147089
DR: 7.813038
RR: 57.814612
DD: 0.142223
DR: 7.73194
RR: 63.373399
DD: 0.148077
DR: 7.741923
RR: 58.301341
DD: 0.153722
DR: 7.62976
RR: 63.899312
DD: 0.162374
DR: 7.586963
RR: 55.23516
DD: 0.130455
DR: 7.098424
RR: 59.655581
DD: 0.14907700000000002
DR: 7.051995
RR: 57.525178
DD: 0.139282
DR: 6.3811
RR: 57.54864
DD: 0.157087
DR: 7.05517
RR: 58.515398
DD: 0.15950799999999998
DR: 6.0576039999999995
RR: 59.281622
DD: 0.15148899999999998
DR: 7.082357
RR: 57.523709
DD: 0.15388
DR: 6.366355
RR: 60.567173
DD: 0.15477800000000008
DR: 7.378285
RR: 59.375032
DD: 0.142391
DR: 6.1572890000000005
RR: 61.499919
DD: 0.16064799999999999
DR: 7.4287
RR: 58.530826
DD: 0.14481200000000005
DR: 6.735883
RR: 61.674018
DD: 0.16217399999999998
DR: 7.456811
RR: 58.966437
DD: 0.136267
DR: 7.359934
RR: 59.233193
DD: 0.15822800000000004
DR: 7.457644
RR: 57.106543
DD: 0.16308699999999998
DR: 7.193722
RR: 59.577635
DD: 0.15461100000000005
DR: 7.154366
RR: 55.641464
DD: 0.14363299999999998
DR: 7.306481
RR: 59.088544
DD: 0.150297
DR: 7.519016
RR: 55.717847
DD: 0.15217899999999998
DR: 7.44519
RR: 63.614685
DD: 0.14703200000000005
DR: 7.309361
RR: 54.888651
DD: 0.154312
DR: 7.405361
RR: 62.57101
saved to _G20.5_rmin0.001_rmax10.0_nbins30_zmin0.0zmax1.0_Lmaxsplit4bin3_N50_Planck_MC_b20

Pixels masked by MC but not already by selfunc: 1790
G20.5_zmin1.0zmax2.0_Lmaxsplit4bin0: 0.21              128504 vs 162049
/home/groups/tabel/mahlet/quaia-env/lib/python3.10/site-packages/Corrfunc/utils.py:918: UserWarning: One or more input array has non-native endianness!  A copy will be made with the correct endianness.
  warnings.warn("One or more input array has non-native endianness!  A copy will"\
DD: 0.05409
DR: 2.089187
RR: 13.8341
DD: 0.05123
DR: 2.043239
RR: 10.491295
DD: 0.048678
DR: 2.053512
RR: 10.534503
DD: 0.048736999999999996
DR: 2.053405
RR: 13.466707
DD: 0.05585
DR: 2.121725
RR: 13.310433
DD: 0.05493999999999999
DR: 2.093199
RR: 13.464169
DD: 0.052382
DR: 2.082453
RR: 13.486353
DD: 0.052535
DR: 2.116079
RR: 13.354749
DD: 0.051908000000000065
DR: 2.080314
RR: 13.74878
DD: 0.053044999999999995
DR: 1.852481
RR: 10.705048
DD: 0.049382999999999996
DR: 2.111838
RR: 10.706557
DD: 0.049775
DR: 2.081469
RR: 12.97227
DD: 0.052743
DR: 2.080563
RR: 13.252443
DD: 0.053815999999999996
DR: 2.086817
RR: 13.42353
DD: 0.05252800000000002
DR: 2.098429
RR: 13.650467
DD: 0.054166
DR: 2.101399
RR: 13.040188
DD: 0.053647
DR: 2.091179
RR: 13.363523
DD: 0.054293000000000036
DR: 1.925265
RR: 10.914542
DD: 0.048866000000000076
DR: 1.82157
RR: 10.635951
DD: 0.047302
DR: 2.053663
RR: 13.121059
DD: 0.052249
DR: 2.056765
RR: 13.03221
DD: 0.051555
DR: 2.054261
RR: 12.763437
DD: 0.052371999999999995
DR: 2.077398
RR: 13.172723
DD: 0.050713999999999995
DR: 2.026987
RR: 13.201716
DD: 0.051330999999999995
DR: 2.038546
RR: 13.145744
DD: 0.053036
DR: 1.843192
RR: 10.640693
DD: 0.049215999999999996
DR: 2.067066
RR: 10.521308
DD: 0.049067
DR: 2.057692
RR: 13.41396
DD: 0.053530999999999995
DR: 2.078791
RR: 13.198838
DD: 0.054012
DR: 2.12369
RR: 13.32874
DD: 0.053466
DR: 2.157492
RR: 13.770735
DD: 0.055889999999999995
DR: 2.0886050000000003
RR: 13.934281
DD: 0.055723999999999996
DR: 2.06774
RR: 14.118357
DD: 0.047917
DR: 1.781395
RR: 12.147321
DD: 0.048292999999999996
DR: 1.747709
RR: 14.26575
DD: 0.054715
DR: 2.106405
RR: 14.372707
DD: 0.054382
DR: 2.115593
RR: 14.714459
DD: 0.053764
DR: 2.143587
RR: 14.430782
DD: 0.05687
DR: 2.128473
RR: 14.923584
DD: 0.055297
DR: 2.164025
RR: 15.10924
DD: 0.055418999999999996
DR: 1.962219
RR: 11.034192000000001
DD: 0.052343
DR: 1.942718
RR: 10.983603
DD: 0.052654
DR: 1.9705840000000001
RR: 13.308269
DD: 0.052119
DR: 1.98435
RR: 13.282468
DD: 0.052997999999999997
DR: 1.986996
RR: 12.868656
DD: 0.051106
DR: 1.99932
RR: 12.634032
DD: 0.052483999999999996
DR: 1.941516
RR: 12.653604
DD: 0.053725999999999996
DR: 1.952346
RR: 12.70261
DD: 0.050508
DR: 1.916959
RR: 10.357732
DD: 0.053889
DR: 2.002647
RR: 10.765329
saved to _G20.5_rmin0.001_rmax10.0_nbins30_zmin1.0zmax2.0_Lmaxsplit4bin0_N50_Planck_MC_b20

Pixels masked by MC but not already by selfunc: 3415
G20.5_zmin1.0zmax2.0_Lmaxsplit4bin1: 0.17              268123 vs 324098
/home/groups/tabel/mahlet/quaia-env/lib/python3.10/site-packages/Corrfunc/utils.py:918: UserWarning: One or more input array has non-native endianness!  A copy will be made with the correct endianness.
  warnings.warn("One or more input array has non-native endianness!  A copy will"\
DD: 0.146754
DR: 6.310423
RR: 51.623448
DD: 0.14124599999999998
DR: 5.7968910000000005
RR: 48.424719
DD: 0.153602
DR: 6.868743
RR: 54.813646
DD: 0.148196
DR: 6.789881
RR: 53.59792
DD: 0.148888
DR: 5.7955749999999995
RR: 54.000678
DD: 0.14826499999999998
DR: 6.8715019999999996
RR: 54.709005
DD: 0.132414
DR: 5.83633
RR: 47.612525
DD: 0.145072
DR: 7.059246
RR: 58.242361
DD: 0.164103
DR: 7.220365
RR: 47.354056
DD: 0.15514
DR: 6.955652
RR: 57.029505
DD: 0.154412
DR: 7.114048
RR: 53.56238
DD: 0.14665
DR: 6.896316
RR: 58.119727
DD: 0.16111799999999998
DR: 7.327649
RR: 55.985674
DD: 0.155134
DR: 5.958942
RR: 58.001531
DD: 0.156469
DR: 7.303775
RR: 58.135795
DD: 0.148922
DR: 6.482569
RR: 59.585099
DD: 0.154096
DR: 7.312103
RR: 57.242572
DD: 0.13693
DR: 7.118185
RR: 47.543933
DD: 0.153949
DR: 7.047319
RR: 57.170701
DD: 0.152716
DR: 7.00837
RR: 45.921345
DD: 0.147868
DR: 7.115381
RR: 57.960161
DD: 0.153423
DR: 7.478788
RR: 51.247624
DD: 0.14499099999999998
DR: 7.165702
RR: 58.781107
DD: 0.155997
DR: 7.481995
RR: 53.234038
DD: 0.1368
DR: 7.130563
RR: 58.131008
DD: 0.15695099999999998
DR: 7.296116
RR: 54.238759
DD: 0.147972
DR: 6.970281
RR: 59.533737
DD: 0.164091
DR: 7.442776
RR: 54.960658
DD: 0.16194899999999998
DR: 7.094964
RR: 59.140833
DD: 0.14042600000000005
DR: 7.185844
RR: 54.832071
DD: 0.135379
DR: 5.853823
RR: 58.428371
DD: 0.1446
DR: 7.531784
RR: 63.080509
DD: 0.159499
DR: 8.520319
RR: 62.896229
DD: 0.147728
DR: 7.415191
RR: 63.00286
DD: 0.146599
DR: 7.491157
RR: 57.331469
DD: 0.15208
DR: 7.032547
RR: 58.882854
DD: 0.151797
DR: 7.082544
RR: 54.371948
DD: 0.15082299999999998
DR: 6.680434
RR: 53.405566
DD: 0.15388
DR: 6.790113
RR: 51.310101
DD: 0.146747
DR: 6.147749
RR: 51.429738
DD: 0.147003
DR: 6.807135
RR: 48.857122
DD: 0.14338599999999999
DR: 6.4913620000000005
RR: 49.323782
DD: 0.14076900000000003
DR: 5.798274
RR: 49.453744
DD: 0.138208
DR: 6.014355
RR: 49.281709
DD: 0.13665
DR: 5.603816
RR: 49.017607
DD: 0.13705499999999998
DR: 5.867082
RR: 47.696171
DD: 0.130884
DR: 6.143967
RR: 47.794045
DD: 0.137229
DR: 6.176261
RR: 47.719111
DD: 0.133674
DR: 5.619321
RR: 48.447585
DD: 0.12545
DR: 5.84507
RR: 46.33817
saved to _G20.5_rmin0.001_rmax10.0_nbins30_zmin1.0zmax2.0_Lmaxsplit4bin1_N50_Planck_MC_b20

Pixels masked by MC but not already by selfunc: 4887
G20.5_zmin1.0zmax2.0_Lmaxsplit4bin2: 0.15              413858 vs 486147
/home/groups/tabel/mahlet/quaia-env/lib/python3.10/site-packages/Corrfunc/utils.py:918: UserWarning: One or more input array has non-native endianness!  A copy will be made with the correct endianness.
  warnings.warn("One or more input array has non-native endianness!  A copy will"\
DD: 0.293006
DR: 13.98136
RR: 117.025784
DD: 0.284354
DR: 12.416722
RR: 120.115166
DD: 0.288528
DR: 13.756582
RR: 117.162951
DD: 0.3325
DR: 14.571639
RR: 116.600086
DD: 0.272717
DR: 13.148642
RR: 121.243825
DD: 0.266518
DR: 14.008369
RR: 119.959973
DD: 0.331152
DR: 14.4056
RR: 118.440868
DD: 0.299836
DR: 14.758579
RR: 119.091445
DD: 0.317359
DR: 12.417601
RR: 123.198971
DD: 0.29649000000000003
DR: 14.976115
RR: 120.256818
DD: 0.261963
DR: 14.19448
RR: 119.224354
DD: 0.297277
DR: 12.521258
RR: 124.005825
DD: 0.31024599999999997
DR: 15.128089
RR: 120.602393
DD: 0.309527
DR: 13.883156
RR: 127.14578
DD: 0.312824
DR: 15.524788
RR: 125.723259
DD: 0.307397
DR: 14.755787
RR: 133.639093
DD: 0.2613730000000001
DR: 15.981112
RR: 143.548959
DD: 0.298334
DR: 14.906821
RR: 138.447813
DD: 0.28707400000000005
DR: 12.808454
RR: 127.340889
DD: 0.27407
DR: 13.545995
RR: 125.545748
DD: 0.28062200000000004
DR: 12.639575
RR: 126.038659
DD: 0.30472200000000005
DR: 13.883442
RR: 134.645032
DD: 0.298817
DR: 13.580121
RR: 130.686908
DD: 0.32323500000000005
DR: 14.223514
RR: 131.485706
DD: 0.27755799999999997
DR: 13.623214
RR: 134.063219
DD: 0.28122100000000005
DR: 14.81184
RR: 131.596409
DD: 0.288586
DR: 14.274856
RR: 130.489835
DD: 0.27812800000000004
DR: 12.778683000000001
RR: 128.307783
DD: 0.281845
DR: 13.722688
RR: 132.011082
DD: 0.285369
DR: 13.174703
RR: 132.407719
DD: 0.286172
DR: 13.895065
RR: 128.130461
DD: 0.263123
DR: 12.26976
RR: 122.548283
DD: 0.30014399999999997
DR: 14.248475
RR: 118.500933
DD: 0.3193170000000001
DR: 15.330853
RR: 117.154814
DD: 0.3129080000000001
DR: 12.80968
RR: 125.029957
DD: 0.308544
DR: 15.573019
RR: 119.883369
DD: 0.356415
DR: 15.098418
RR: 117.743915
DD: 0.31107700000000005
DR: 15.464545
RR: 119.418826
DD: 0.318753
DR: 14.14959
RR: 125.101516
DD: 0.26725200000000005
DR: 14.839012
RR: 123.725611
DD: 0.318882
DR: 15.590824
RR: 119.800388
DD: 0.31462100000000004
DR: 12.614841
RR: 125.482388
DD: 0.268487
DR: 15.372715
RR: 119.764324
DD: 0.252241
DR: 12.553698
RR: 121.458551
DD: 0.30621300000000007
DR: 12.414017
RR: 120.652359
DD: 0.2816580000000001
DR: 12.19755
RR: 120.845883
DD: 0.30314199999999997
DR: 14.123603
RR: 117.294985
DD: 0.283477
DR: 14.107331
RR: 118.939088
DD: 0.27800800000000003
DR: 13.076628
RR: 127.692009
DD: 0.279707
DR: 13.699093
RR: 125.399585
saved to _G20.5_rmin0.001_rmax10.0_nbins30_zmin1.0zmax2.0_Lmaxsplit4bin2_N50_Planck_MC_b20

Pixels masked by MC but not already by selfunc: 6208
G20.5_zmin1.0zmax2.0_Lmaxsplit4bin3: 0.13              565316 vs 648196
/home/groups/tabel/mahlet/quaia-env/lib/python3.10/site-packages/Corrfunc/utils.py:918: UserWarning: One or more input array has non-native endianness!  A copy will be made with the correct endianness.
  warnings.warn("One or more input array has non-native endianness!  A copy will"\
DD: 0.524054
DR: 24.450114
RR: 236.267765
DD: 0.503575
DR: 23.842392
RR: 232.565825
DD: 0.5201009999999999
DR: 26.400837
RR: 232.384348
DD: 0.528274
DR: 25.767605
RR: 230.810549
DD: 0.534713
DR: 22.081117
RR: 232.303985
DD: 0.545536
DR: 24.480202
RR: 237.620961
DD: 0.435482
DR: 21.535495
RR: 220.390461
DD: 0.472001
DR: 21.253875
RR: 222.856272
DD: 0.5139929999999999
DR: 21.813994
RR: 225.469017
DD: 0.501832
DR: 21.67702
RR: 224.891078
DD: 0.486313
DR: 21.95369
RR: 226.218998
DD: 0.455932
DR: 22.404187
RR: 227.578279
DD: 0.49354200000000004
DR: 22.216056
RR: 229.954438
DD: 0.52033
DR: 22.391338
RR: 231.350422
DD: 0.517452
DR: 21.676616
RR: 230.46763
DD: 0.478419
DR: 23.111752
RR: 229.451207
DD: 0.511409
DR: 22.063019
RR: 227.89384
DD: 0.46771999999999997
DR: 23.205837
RR: 225.938799
DD: 0.49589099999999997
DR: 21.57699
RR: 225.779444
DD: 0.5277689999999999
DR: 22.787957
RR: 223.991753
DD: 0.4843120000000001
DR: 22.141615
RR: 222.872825
DD: 0.518589
DR: 22.23469
RR: 221.499137
DD: 0.569944
DR: 21.781061
RR: 221.613898
DD: 0.519386
DR: 22.02358
RR: 221.059296
DD: 0.452335
DR: 21.217828
RR: 221.160079
DD: 0.491178
DR: 21.541691
RR: 219.94456
DD: 0.541446
DR: 21.7726
RR: 219.955352
DD: 0.46887600000000007
DR: 20.982907
RR: 218.990531
DD: 0.515273
DR: 21.518439
RR: 218.071779
DD: 0.45049999999999996
DR: 21.302685
RR: 217.818882
DD: 0.503693
DR: 22.570022
RR: 222.648914
DD: 0.47758
DR: 22.89692
RR: 230.131017
DD: 0.45434700000000006
DR: 21.986408
RR: 229.536215
DD: 0.506748
DR: 22.519808
RR: 226.89592
DD: 0.433729
DR: 22.396678
RR: 231.091136
DD: 0.472586
DR: 22.208144
RR: 237.618249
DD: 0.475095
DR: 22.955117
RR: 240.348783
DD: 0.480352
DR: 23.257177
RR: 242.422105
DD: 0.48250100000000007
DR: 22.727475
RR: 244.368021
DD: 0.484672
DR: 24.661268
RR: 248.441216
DD: 0.492415
DR: 24.743924
RR: 248.084376
DD: 0.503878
DR: 25.418907
RR: 240.87523
DD: 0.480058
DR: 23.566619
RR: 244.539454
DD: 0.44140799999999997
DR: 23.777706
RR: 243.867693
DD: 0.444713
DR: 23.97048
RR: 242.467801
DD: 0.453819
DR: 24.768678
RR: 276.337308
DD: 0.5722889999999999
DR: 27.900885
RR: 248.375216
DD: 0.5628850000000001
DR: 24.393875
RR: 278.096175
DD: 0.556133
DR: 27.237125
RR: 265.703492
DD: 0.46675200000000006
DR: 23.619801
RR: 237.640721
saved to _G20.5_rmin0.001_rmax10.0_nbins30_zmin1.0zmax2.0_Lmaxsplit4bin3_N50_Planck_MC_b20

Pixels masked by MC but not already by selfunc: 968
G20.5_zmin2.0zmax3.0_Lmaxsplit4bin0: 0.20              57638 vs 71627
/home/groups/tabel/mahlet/quaia-env/lib/python3.10/site-packages/Corrfunc/utils.py:918: UserWarning: One or more input array has non-native endianness!  A copy will be made with the correct endianness.
  warnings.warn("One or more input array has non-native endianness!  A copy will"\
DD: 0.020304
DR: 0.5951179999999999
RR: 2.382255
DD: 0.020850999999999998
DR: 0.5915360000000001
RR: 2.376628
DD: 0.019948999999999998
DR: 0.5871280000000001
RR: 2.402278
DD: 0.020148
DR: 0.5887479999999999
RR: 2.406771
DD: 0.020118
DR: 0.591866
RR: 2.402674
DD: 0.020801999999999998
DR: 0.594944
RR: 2.393841
DD: 0.020895999999999998
DR: 0.596166
RR: 2.409683
DD: 0.020912999999999998
DR: 0.598279
RR: 2.421433
DD: 0.021145
DR: 0.594839
RR: 2.44589
DD: 0.02102
DR: 0.6034349999999999
RR: 2.432079
DD: 0.021061999999999997
DR: 0.587272
RR: 2.340197
DD: 0.038408
DR: 0.622458
RR: 2.650542
DD: 0.022137
DR: 0.654196
RR: 2.738203
DD: 0.022657999999999998
DR: 0.627503
RR: 2.373283
DD: 0.032727
DR: 0.643381
RR: 2.769216
DD: 0.02242
DR: 0.6607219999999999
RR: 2.675351
DD: 0.022632
DR: 0.676561
RR: 2.662166
DD: 0.021903
DR: 0.629551
RR: 2.654955
DD: 0.021994
DR: 0.6395850000000001
RR: 2.658848
DD: 0.021693999999999998
DR: 0.632481
RR: 2.665526
DD: 0.021117999999999998
DR: 0.6252690000000001
RR: 2.6303039999999998
DD: 0.021637999999999998
DR: 0.630349
RR: 2.649801
DD: 0.021054
DR: 0.6279030000000001
RR: 2.6676640000000003
DD: 0.021398
DR: 0.6306689999999999
RR: 2.669303
DD: 0.021844
DR: 0.635706
RR: 2.617339
DD: 0.020769
DR: 0.623121
RR: 2.6480040000000002
DD: 0.02105
DR: 0.6265
RR: 2.619958
DD: 0.020952
DR: 0.625889
RR: 2.66085
DD: 0.021699
DR: 0.636055
RR: 2.687309
DD: 0.021242999999999998
DR: 0.633414
RR: 2.6943390000000003
DD: 0.021401
DR: 0.6353059999999999
RR: 2.455475
DD: 0.019799
DR: 0.621659
RR: 2.315093
DD: 0.019445
DR: 0.5958629999999999
RR: 2.675878
DD: 0.020929
DR: 0.625127
RR: 2.401333
DD: 0.019663
DR: 0.596066
RR: 2.340182
DD: 0.019254999999999998
DR: 0.659039
RR: 2.68126
DD: 0.021037999999999998
DR: 0.630225
RR: 2.715946
DD: 0.021514
DR: 0.64215
RR: 2.785008
DD: 0.02226
DR: 0.6539619999999999
RR: 2.774775
DD: 0.021373
DR: 0.6510349999999999
RR: 2.757163
DD: 0.021426999999999998
DR: 0.635954
RR: 2.731928
DD: 0.021412999999999998
DR: 0.637908
RR: 2.74492
DD: 0.021481999999999998
DR: 0.630733
RR: 2.697027
DD: 0.02128
DR: 0.634534
RR: 2.718018
DD: 0.021023999999999998
DR: 0.627145
RR: 2.736126
DD: 0.021526
DR: 0.6336609999999999
RR: 2.694292
DD: 0.020912
DR: 0.634573
RR: 2.6840479999999998
DD: 0.020925
DR: 0.639938
RR: 2.68505
DD: 0.021199
DR: 0.636387
RR: 2.696677
DD: 0.021082
DR: 0.633552
RR: 2.716494
saved to _G20.5_rmin0.001_rmax10.0_nbins30_zmin2.0zmax3.0_Lmaxsplit4bin0_N50_Planck_MC_b20

Pixels masked by MC but not already by selfunc: 1880
G20.5_zmin2.0zmax3.0_Lmaxsplit4bin1: 0.16              120380 vs 143254
/home/groups/tabel/mahlet/quaia-env/lib/python3.10/site-packages/Corrfunc/utils.py:918: UserWarning: One or more input array has non-native endianness!  A copy will be made with the correct endianness.
  warnings.warn("One or more input array has non-native endianness!  A copy will"\
DD: 0.045687
DR: 1.908179
RR: 10.116694
DD: 0.049074
DR: 1.841562
RR: 11.30694
DD: 0.048671
DR: 1.828807
RR: 11.328952
DD: 0.049032
DR: 1.861141
RR: 11.379775
DD: 0.049512999999999995
DR: 1.875022
RR: 11.495507
DD: 0.050359
DR: 1.8868969999999998
RR: 11.288482
DD: 0.043364
DR: 1.723009
RR: 10.866373
DD: 0.054986
DR: 1.951045
RR: 11.879332
DD: 0.051347
DR: 1.944826
RR: 11.91171
DD: 0.051571
DR: 1.927218
RR: 11.877709
DD: 0.050929999999999996
DR: 1.950181
RR: 12.019205
DD: 0.052633
DR: 1.957524
RR: 12.055354
DD: 0.051633
DR: 1.805732
RR: 11.391505
DD: 0.043827
DR: 1.822698
RR: 12.256765
DD: 0.052113999999999994
DR: 1.983006
RR: 12.22795
DD: 0.05237
DR: 1.943396
RR: 12.187781
DD: 0.051556
DR: 1.945847
RR: 11.985162
DD: 0.050933000000000006
DR: 1.931267
RR: 12.179511
DD: 0.051961
DR: 1.811739
RR: 10.964568
DD: 0.049976
DR: 1.76861
RR: 11.702456
DD: 0.051785
DR: 1.925897
RR: 11.713216
DD: 0.050787
DR: 1.897608
RR: 11.611291
DD: 0.049939
DR: 1.849562
RR: 11.419681
DD: 0.049953
DR: 1.80077
RR: 11.153829
DD: 0.047817
DR: 1.840612
RR: 9.677472999999999
DD: 0.04926
DR: 1.82046
RR: 10.039078
DD: 0.057581
DR: 1.843865
RR: 11.054086
DD: 0.048817
DR: 1.820782
RR: 11.221456
DD: 0.04906
DR: 1.8298320000000001
RR: 11.017887
DD: 0.048333
DR: 1.795194
RR: 11.137451
DD: 0.048749999999999995
DR: 1.80988
RR: 10.634255
DD: 0.042880999999999996
DR: 1.683631
RR: 10.205994
DD: 0.056055
DR: 1.928134
RR: 11.401337
DD: 0.048858
DR: 1.896209
RR: 11.389619
DD: 0.049227
DR: 1.889713
RR: 11.425931
DD: 0.050328
DR: 1.878422
RR: 11.497987
DD: 0.050052
DR: 1.8989319999999998
RR: 11.596206
DD: 0.050797999999999996
DR: 1.886444
RR: 11.018324
DD: 0.044657999999999996
DR: 1.776561
RR: 11.81531
DD: 0.051502
DR: 1.920673
RR: 11.710535
DD: 0.051317999999999996
DR: 1.917853
RR: 11.75419
DD: 0.049446
DR: 1.883362
RR: 11.585387
DD: 0.050128
DR: 1.894337
RR: 11.598425
DD: 0.050359
DR: 1.862127
RR: 10.272212
DD: 0.049301
DR: 1.6959369999999998
RR: 10.804927
DD: 0.050116
DR: 1.872937
RR: 11.349527
DD: 0.050081
DR: 1.862776
RR: 11.321926
DD: 0.05017
DR: 1.861274
RR: 11.319504
DD: 0.050452
DR: 1.862513
RR: 11.320964
DD: 0.049028999999999996
DR: 1.851675
RR: 10.295348
saved to _G20.5_rmin0.001_rmax10.0_nbins30_zmin2.0zmax3.0_Lmaxsplit4bin1_N50_Planck_MC_b20

Pixels masked by MC but not already by selfunc: 2777
G20.5_zmin2.0zmax3.0_Lmaxsplit4bin2: 0.13              186262 vs 214881
/home/groups/tabel/mahlet/quaia-env/lib/python3.10/site-packages/Corrfunc/utils.py:918: UserWarning: One or more input array has non-native endianness!  A copy will be made with the correct endianness.
  warnings.warn("One or more input array has non-native endianness!  A copy will"\
DD: 0.10764499999999999
DR: 3.755044
RR: 28.336843000000002
DD: 0.093017
DR: 3.878906
RR: 28.757985
DD: 0.093402
DR: 3.815407
RR: 25.349218
DD: 0.082662
DR: 3.412347
RR: 24.787363
DD: 0.08333399999999999
DR: 3.421988
RR: 24.974445
DD: 0.083545
DR: 3.2242
RR: 23.735347
DD: 0.0827730000000001
DR: 3.426316
RR: 24.755551
DD: 0.082184
DR: 3.439587
RR: 25.057387
DD: 0.08664899999999999
DR: 3.317778
RR: 24.68812
DD: 0.08564
DR: 3.532635
RR: 25.361548
DD: 0.081708
DR: 3.39159
RR: 24.852755
DD: 0.082899
DR: 3.20498
RR: 24.241498
DD: 0.083081
DR: 3.474305
RR: 25.297473
DD: 0.08322199999999999
DR: 3.484767
RR: 25.509740999999998
DD: 0.084728
DR: 3.551712
RR: 29.152661
DD: 0.09624100000000002
DR: 3.957665
RR: 29.961091
DD: 0.09261899999999999
DR: 3.973559
RR: 29.691642
DD: 0.086714
DR: 4.1704550000000005
RR: 37.449855
DD: 0.10994
DR: 4.559191
RR: 32.394607
DD: 0.096463
DR: 4.005381
RR: 29.307314
DD: 0.077745
DR: 4.491977
RR: 38.646957
DD: 0.100336
DR: 4.158083
RR: 30.410326
DD: 0.093911
DR: 3.879138
RR: 28.078433
DD: 0.08074300000000001
DR: 3.282314
RR: 25.683002
DD: 0.086325
DR: 3.643237
RR: 26.898534
DD: 0.087143
DR: 3.629919
RR: 27.865013
DD: 0.10417699999999999
DR: 3.388578
RR: 24.23286
DD: 0.082234
DR: 3.437102
RR: 24.926986
DD: 0.082371
DR: 3.433806
RR: 24.858813
DD: 0.094377
DR: 3.407018
RR: 24.802322
DD: 0.08305599999999999
DR: 3.441574
RR: 25.029344
DD: 0.082096
DR: 3.523575
RR: 24.607151
DD: 0.092544
DR: 3.541309
RR: 25.693075
DD: 0.088105
DR: 3.612995
RR: 28.183832
DD: 0.09228
DR: 3.90769
RR: 27.868211
DD: 0.09465200000000007
DR: 3.394931
RR: 29.824826
DD: 0.09392200000000006
DR: 3.923774
RR: 29.662337
DD: 0.093845
DR: 3.990109
RR: 27.921499
DD: 0.088595
DR: 4.134436
RR: 29.832564
DD: 0.09466999999999999
DR: 3.913598
RR: 29.355553
DD: 0.093564
DR: 3.948341
RR: 26.525455
DD: 0.094024
DR: 3.895384
RR: 29.331786
DD: 0.09476599999999999
DR: 3.878295
RR: 29.683623
DD: 0.09462999999999999
DR: 3.915564
RR: 30.471462
DD: 0.098588
DR: 4.107766
RR: 29.594361
DD: 0.09126999999999999
DR: 3.848623
RR: 29.116536
DD: 0.09362899999999999
DR: 3.726056
RR: 29.943238
DD: 0.10069
DR: 4.385019
RR: 29.919193
DD: 0.104587
DR: 4.408542
RR: 24.993406
DD: 0.08510999999999999
DR: 3.269148
RR: 24.223672
saved to _G20.5_rmin0.001_rmax10.0_nbins30_zmin2.0zmax3.0_Lmaxsplit4bin2_N50_Planck_MC_b20

Pixels masked by MC but not already by selfunc: 3576
G20.5_zmin2.0zmax3.0_Lmaxsplit4bin3: 0.11              254625 vs 286508
/home/groups/tabel/mahlet/quaia-env/lib/python3.10/site-packages/Corrfunc/utils.py:918: UserWarning: One or more input array has non-native endianness!  A copy will be made with the correct endianness.
  warnings.warn("One or more input array has non-native endianness!  A copy will"\
DD: 0.151798
DR: 6.185087
RR: 46.941445
DD: 0.13655299999999998
DR: 7.270693
RR: 56.821031
DD: 0.155172
DR: 7.486991
RR: 57.77765
DD: 0.15362699999999999
DR: 7.644933
RR: 57.994206
DD: 0.154183
DR: 7.727114
RR: 57.315719
DD: 0.15196099999999998
DR: 7.377417
RR: 56.646245
DD: 0.153241
DR: 6.628053
RR: 58.541587
DD: 0.15981499999999998
DR: 5.85367
RR: 59.285337
DD: 0.150506
DR: 6.67053
RR: 54.079218
DD: 0.151964
DR: 7.488258
RR: 59.580963
DD: 0.159795
DR: 6.922942
RR: 55.78166
DD: 0.136896
DR: 7.269786
RR: 62.33531
DD: 0.165874
DR: 6.961458
RR: 55.817239
DD: 0.15923900000000002
DR: 7.971643
RR: 61.115051
DD: 0.15567
DR: 6.965824
RR: 62.499024
DD: 0.135207
DR: 8.523267
RR: 59.751998
DD: 0.15413500000000002
DR: 7.168532
RR: 62.306762
DD: 0.15792399999999998
DR: 8.243714
RR: 58.262393
DD: 0.153217
DR: 6.83813
RR: 53.340699
DD: 0.124384
DR: 5.701165
RR: 45.014796
DD: 0.156821
DR: 6.556995
RR: 43.237895
DD: 0.122874
DR: 5.168641
RR: 46.444651
DD: 0.13793100000000003
DR: 6.723149
RR: 44.457173
DD: 0.136263
DR: 6.146552
RR: 42.955191
DD: 0.14290000000000003
DR: 5.58568
RR: 47.409369
DD: 0.117889
DR: 6.644161
RR: 42.75918
DD: 0.13130799999999998
DR: 5.136796
RR: 44.73832
DD: 0.14552900000000002
DR: 6.74661
RR: 44.983763
DD: 0.14033199999999998
DR: 6.314987
RR: 43.242864
DD: 0.124844
DR: 5.17769
RR: 47.9234
DD: 0.120948
DR: 6.578859
RR: 43.972466
DD: 0.12233
DR: 5.88926
RR: 43.770023
DD: 0.12141600000000008
DR: 5.754204
RR: 48.312904
DD: 0.12205999999999999
DR: 6.683198
RR: 44.659148
DD: 0.140062
DR: 5.188319
RR: 44.672469
DD: 0.139492
DR: 6.270674
RR: 48.492611
DD: 0.141202
DR: 6.769263
RR: 44.443965
DD: 0.142005
DR: 5.346869
RR: 50.06194
DD: 0.125105
DR: 6.956024
RR: 45.597253
DD: 0.138051
DR: 5.326152
RR: 45.911288
DD: 0.154997
DR: 6.9293
RR: 47.918412000000004
DD: 0.14114400000000005
DR: 6.06119
RR: 43.946498
DD: 0.14743599999999998
DR: 6.397375
RR: 55.706651
DD: 0.153158
DR: 6.323905
RR: 44.832796
DD: 0.12254599999999999
DR: 6.793317
RR: 51.441285
DD: 0.12010399999999999
DR: 5.937564
RR: 57.074649
DD: 0.137989
DR: 5.777896
RR: 43.897418
DD: 0.12259199999999999
DR: 6.536392
RR: 52.305131
DD: 0.12718
DR: 5.350322
RR: 54.946456
DD: 0.137827
DR: 6.858381
RR: 43.020587
saved to _G20.5_rmin0.001_rmax10.0_nbins30_zmin2.0zmax3.0_Lmaxsplit4bin3_N50_Planck_MC_b20

Pixels masked by MC but not already by selfunc: 112
G20.5_zmin3.0zmax4.6_Lmaxsplit4bin0: 0.14              7873 vs 9115
/home/groups/tabel/mahlet/quaia-env/lib/python3.10/site-packages/Corrfunc/utils.py:918: UserWarning: One or more input array has non-native endianness!  A copy will be made with the correct endianness.
  warnings.warn("One or more input array has non-native endianness!  A copy will"\
DD: 0.005679
DR: 0.052302999999999995
RR: 0.094472
DD: 0.005664
DR: 0.058657999999999995
RR: 0.095801
DD: 0.005813
DR: 0.058769999999999996
RR: 0.098809
DD: 0.008406
DR: 0.059435999999999996
RR: 0.096733
DD: 0.005985
DR: 0.057973
RR: 0.09614299999999999
DD: 0.005914
DR: 0.058006999999999996
RR: 0.09651
DD: 0.005931
DR: 0.058269999999999995
RR: 0.09626499999999999
DD: 0.005895
DR: 0.058129
RR: 0.096625
DD: 0.006176999999999999
DR: 0.058691999999999994
RR: 0.09920599999999999
DD: 0.0063609999999999995
DR: 0.057971999999999996
RR: 0.099409
DD: 0.006291
DR: 0.058235999999999996
RR: 0.099729
DD: 0.006307999999999999
DR: 0.05857
RR: 0.099672
DD: 0.006226
DR: 0.058795999999999994
RR: 0.100493
DD: 0.006340999999999999
DR: 0.05754900000000007
RR: 0.099628
DD: 0.0063019999999999994
DR: 0.058899
RR: 0.100862
DD: 0.0064199999999999995
DR: 0.058869
RR: 0.10030399999999999
DD: 0.006274
DR: 0.058759000000000006
RR: 0.099988
DD: 0.006255
DR: 0.058827
RR: 0.099481
DD: 0.006259
DR: 0.058129
RR: 0.098062
DD: 0.006175
DR: 0.058147
RR: 0.095993
DD: 0.005927
DR: 0.058122999999999994
RR: 0.097421
DD: 0.006085
DR: 0.057684
RR: 0.09543
DD: 0.0058319999999999995
DR: 0.057985999999999996
RR: 0.09695999999999999
DD: 0.0060669999999999995
DR: 0.058101
RR: 0.095812
DD: 0.005954999999999999
DR: 0.057375999999999996
RR: 0.095954
DD: 0.005875
DR: 0.058005999999999995
RR: 0.096178
DD: 0.0059949999999999995
DR: 0.057692
RR: 0.09666899999999999
DD: 0.005899
DR: 0.057927
RR: 0.097353
DD: 0.006131999999999999
DR: 0.057540999999999995
RR: 0.096097
DD: 0.0060739999999999995
DR: 0.057866
RR: 0.097351
DD: 0.0061329999999999996
DR: 0.058172999999999996
RR: 0.097284
DD: 0.00615
DR: 0.057529
RR: 0.096715
DD: 0.005948999999999999
DR: 0.057571
RR: 0.096744
DD: 0.0060079999999999995
DR: 0.057907
RR: 0.099128
DD: 0.006303
DR: 0.058031
RR: 0.099357
DD: 0.0063479999999999995
DR: 0.058136999999999994
RR: 0.09944499999999999
DD: 0.006338
DR: 0.058131999999999996
RR: 0.099906
DD: 0.0063349999999999995
DR: 0.058774
RR: 0.101945
DD: 0.006423
DR: 0.058703
RR: 0.10209299999999999
DD: 0.0064529999999999995
DR: 0.058927999999999994
RR: 0.10255700000000001
DD: 0.00646
DR: 0.05883
RR: 0.101823
DD: 0.006418999999999999
DR: 0.058351999999999994
RR: 0.101686
DD: 0.0063809999999999995
DR: 0.058276999999999995
RR: 0.09975100000000003
DD: 0.006385999999999999
DR: 0.058275999999999994
RR: 0.100634
DD: 0.006357
DR: 0.057769999999999995
RR: 0.100577
DD: 0.006375
DR: 0.05814
RR: 0.10028300000000001
DD: 0.006379999999999999
DR: 0.05764
RR: 0.09618099999999999
DD: 0.005849
DR: 0.057675
RR: 0.096694
DD: 0.006058
DR: 0.057755
RR: 0.09959499999999999
DD: 0.006268999999999999
DR: 0.057963999999999995
RR: 0.09981
saved to _G20.5_rmin0.001_rmax10.0_nbins30_zmin3.0zmax4.6_Lmaxsplit4bin0_N50_Planck_MC_b20

Pixels masked by MC but not already by selfunc: 221
G20.5_zmin3.0zmax4.6_Lmaxsplit4bin1: 0.11              16141 vs 18229
/home/groups/tabel/mahlet/quaia-env/lib/python3.10/site-packages/Corrfunc/utils.py:918: UserWarning: One or more input array has non-native endianness!  A copy will be made with the correct endianness.
  warnings.warn("One or more input array has non-native endianness!  A copy will"\
DD: 0.007486
DR: 0.113685
RR: 0.31563599999999997
DD: 0.008234
DR: 0.12805
RR: 0.309268
DD: 0.008737
DR: 0.131996
RR: 0.310844
DD: 0.009433
DR: 0.132064
RR: 0.308484
DD: 0.00853
DR: 0.13122999999999999
RR: 0.337348
DD: 0.008629
DR: 0.130599
RR: 0.32266
DD: 0.008617
DR: 0.13100799999999999
RR: 0.325684
DD: 0.015441999999999999
DR: 0.12545400000000007
RR: 0.310901
DD: 0.015517
DR: 0.127445
RR: 0.32589
DD: 0.009023999999999999
DR: 0.127443
RR: 0.305712
DD: 0.008846999999999999
DR: 0.126767
RR: 0.30500299999999997
DD: 0.009533
DR: 0.129685
RR: 0.30261499999999997
DD: 0.015427999999999999
DR: 0.13183600000000006
RR: 0.35522
DD: 0.008924999999999999
DR: 0.13372
RR: 0.3208
DD: 0.009389999999999999
DR: 0.133886
RR: 0.321323
DD: 0.008754999999999999
DR: 0.132417
RR: 0.3712460000000001
DD: 0.017183999999999998
DR: 0.134165
RR: 0.377894
DD: 0.011699
DR: 0.13239599999999999
RR: 0.434365
DD: 0.016214
DR: 0.133909
RR: 0.35980799999999996
DD: 0.008812
DR: 0.128585
RR: 0.329735
DD: 0.023211
DR: 0.12935400000000008
RR: 0.327274
DD: 0.009316999999999999
DR: 0.13184099999999999
RR: 0.32319700000000007
DD: 0.008652
DR: 0.131252
RR: 0.324164
DD: 0.008681
DR: 0.135688
RR: 0.32492699999999997
DD: 0.008779
DR: 0.13245099999999999
RR: 0.360383
DD: 0.008714999999999999
DR: 0.13075699999999998
RR: 0.31626
DD: 0.008163
DR: 0.130529
RR: 0.330727
DD: 0.008310999999999999
DR: 0.129529
RR: 0.3483470000000001
DD: 0.009025
DR: 0.131596
RR: 0.326492
DD: 0.008423
DR: 0.13001
RR: 0.32209299999999996
DD: 0.008326
DR: 0.130604
RR: 0.321808
DD: 0.009602
DR: 0.13554700000000008
RR: 0.343124
DD: 0.008563
DR: 0.12756199999999998
RR: 0.335674
DD: 0.008556
DR: 0.128861
RR: 0.33222300000000005
DD: 0.008492
DR: 0.128601
RR: 0.333628
DD: 0.008562
DR: 0.137199
RR: 0.355945
DD: 0.008621
DR: 0.132955
RR: 0.361058
DD: 0.008424
DR: 0.13115500000000002
RR: 0.31451
DD: 0.008546999999999999
DR: 0.132299
RR: 0.32236
DD: 0.008513
DR: 0.133465
RR: 0.3224290000000001
DD: 0.008454999999999999
DR: 0.13261399999999998
RR: 0.325685
DD: 0.009091
DR: 0.128539
RR: 0.280864
DD: 0.007913
DR: 0.15441700000000003
RR: 0.24829299999999999
DD: 0.008464
DR: 0.121335
RR: 0.237201
DD: 0.00811
DR: 0.121848
RR: 0.240861
DD: 0.00794
DR: 0.12135699999999999
RR: 0.23356
DD: 0.008414
DR: 0.12464
RR: 0.238066
DD: 0.007927
DR: 0.124785
RR: 0.23844200000000004
DD: 0.008088999999999999
DR: 0.125042
RR: 0.238732
DD: 0.007962
DR: 0.129733
RR: 0.239841
saved to _G20.5_rmin0.001_rmax10.0_nbins30_zmin3.0zmax4.6_Lmaxsplit4bin1_N50_Planck_MC_b20

Pixels masked by MC but not already by selfunc: 313
G20.5_zmin3.0zmax4.6_Lmaxsplit4bin2: 0.10              24675 vs 27343
/home/groups/tabel/mahlet/quaia-env/lib/python3.10/site-packages/Corrfunc/utils.py:918: UserWarning: One or more input array has non-native endianness!  A copy will be made with the correct endianness.
  warnings.warn("One or more input array has non-native endianness!  A copy will"\
DD: 0.01001
DR: 0.20903700000000003
RR: 0.6560699999999999
DD: 0.010112
DR: 0.20640799999999998
RR: 0.6876720000000001
DD: 0.011956999999999999
DR: 0.21656399999999998
RR: 0.614107
DD: 0.010051
DR: 0.20174399999999998
RR: 0.482418
DD: 0.010400999999999999
DR: 0.19375399999999998
RR: 0.461318
DD: 0.010739
DR: 0.196764
RR: 0.46618100000000007
DD: 0.010105
DR: 0.195843
RR: 0.48496599999999995
DD: 0.011892999999999999
DR: 0.2127030000000001
RR: 0.55243
DD: 0.010506999999999999
DR: 0.21423499999999998
RR: 0.693451
DD: 0.010126
DR: 0.211145
RR: 0.7560509999999999
DD: 0.010648
DR: 0.22116999999999998
RR: 0.729252
DD: 0.010435
DR: 0.217606
RR: 0.644713
DD: 0.010471999999999999
DR: 0.208206
RR: 0.760165
DD: 0.010591999999999999
DR: 0.217636
RR: 0.8347439999999999
DD: 0.025443999999999998
DR: 0.236764
RR: 0.702013
DD: 0.023766
DR: 0.234589
RR: 0.745062
DD: 0.023631
DR: 0.21307399999999999
RR: 0.658477
DD: 0.010454
DR: 0.217408
RR: 0.631176
DD: 0.010414
DR: 0.21997599999999998
RR: 0.684232
DD: 0.010378
DR: 0.215133
RR: 0.817947
DD: 0.010783
DR: 0.22022
RR: 0.784833
DD: 0.010294
DR: 0.21887199999999998
RR: 0.655281
DD: 0.010350999999999999
DR: 0.20970899999999998
RR: 0.651111
DD: 0.010064
DR: 0.214303
RR: 0.6769510000000001
DD: 0.010424
DR: 0.21544800000000008
RR: 0.6825460000000001
DD: 0.010162
DR: 0.211221
RR: 0.674871
DD: 0.010435
DR: 0.213884
RR: 0.6632319999999999
DD: 0.010511999999999999
DR: 0.212383
RR: 0.6511370000000001
DD: 0.010461999999999999
DR: 0.20618599999999998
RR: 0.623011
DD: 0.010092
DR: 0.22540900000000008
RR: 0.733034
DD: 0.011021
DR: 0.219971
RR: 0.6604679999999999
DD: 0.010329999999999999
DR: 0.21227000000000007
RR: 0.6583749999999999
DD: 0.011092
DR: 0.205175
RR: 0.6551910000000001
DD: 0.010461999999999999
DR: 0.21222300000000005
RR: 0.660909
DD: 0.011434999999999999
DR: 0.214501
RR: 0.694759
DD: 0.010400999999999999
DR: 0.218242
RR: 0.6984239999999999
DD: 0.010535
DR: 0.215024
RR: 0.788238
DD: 0.011469
DR: 0.21939
RR: 0.772014
DD: 0.010903999999999999
DR: 0.21803
RR: 0.69481
DD: 0.010602
DR: 0.213116
RR: 0.693056
DD: 0.010806999999999999
DR: 0.21878299999999998
RR: 0.659125
DD: 0.010409
DR: 0.21187499999999998
RR: 0.721313
DD: 0.01163
DR: 0.221528
RR: 0.696517
DD: 0.010499
DR: 0.216448
RR: 0.687265
DD: 0.010558
DR: 0.22058
RR: 0.6801550000000001
DD: 0.010177
DR: 0.21381599999999998
RR: 0.657036
DD: 0.010543
DR: 0.21030700000000002
RR: 0.7444850000000001
DD: 0.011229999999999999
DR: 0.21720499999999998
RR: 0.704401
DD: 0.010498
DR: 0.21694500000000005
RR: 0.678766
DD: 0.010254
DR: 0.213451
RR: 0.675146
saved to _G20.5_rmin0.001_rmax10.0_nbins30_zmin3.0zmax4.6_Lmaxsplit4bin2_N50_Planck_MC_b20

Pixels masked by MC but not already by selfunc: 386
G20.5_zmin3.0zmax4.6_Lmaxsplit4bin3: 0.08              33538 vs 36458
/home/groups/tabel/mahlet/quaia-env/lib/python3.10/site-packages/Corrfunc/utils.py:918: UserWarning: One or more input array has non-native endianness!  A copy will be made with the correct endianness.
  warnings.warn("One or more input array has non-native endianness!  A copy will"\
DD: 0.013038
DR: 0.315147
RR: 1.371294
DD: 0.014858
DR: 0.33810199999999996
RR: 1.069472
DD: 0.013607
DR: 0.279045
RR: 0.759708
DD: 0.013809
DR: 0.279345
RR: 0.764868
DD: 0.014266
DR: 0.282925
RR: 0.76609
DD: 0.013474
DR: 0.283802
RR: 0.795379
DD: 0.014648
DR: 0.310706
RR: 1.009936
DD: 0.013665
DR: 0.32803299999999996
RR: 1.094012
DD: 0.013897
DR: 0.305529
RR: 0.838978
DD: 0.013597999999999999
DR: 0.277551
RR: 0.7601589999999999
DD: 0.013711
DR: 0.27784
RR: 0.770059
DD: 0.013621
DR: 0.287246
RR: 0.792946
DD: 0.015344
DR: 0.30845600000000006
RR: 1.052958
DD: 0.014114
DR: 0.331988
RR: 1.156329
DD: 0.014100999999999999
DR: 0.326125
RR: 1.270173
DD: 0.014126999999999999
DR: 0.333187
RR: 1.145479
DD: 0.014103
DR: 0.338743
RR: 1.26152
DD: 0.014351
DR: 0.319916
RR: 1.089064
DD: 0.013857
DR: 0.316152
RR: 1.151509
DD: 0.014263
DR: 0.324713
RR: 1.246808
DD: 0.014105
DR: 0.323585
RR: 1.157094
DD: 0.014372999999999999
DR: 0.32872
RR: 1.042908
DD: 0.013720999999999999
DR: 0.313114
RR: 1.146561
DD: 0.014338
DR: 0.32328599999999996
RR: 1.060934
DD: 0.014428999999999999
DR: 0.31396199999999996
RR: 1.229359
DD: 0.013902999999999999
DR: 0.31583000000000006
RR: 1.134179
DD: 0.013758999999999999
DR: 0.31003500000000006
RR: 1.086763
DD: 0.014039999999999999
DR: 0.31813199999999997
RR: 1.044457
DD: 0.014352
DR: 0.31405299999999997
RR: 1.086004
DD: 0.013862999999999999
DR: 0.30583499999999997
RR: 1.081266
DD: 0.013843
DR: 0.306316
RR: 1.17439
DD: 0.013918
DR: 0.317521
RR: 1.0680749999999999
DD: 0.013887
DR: 0.31957800000000003
RR: 1.241789
DD: 0.014589
DR: 0.326693
RR: 1.150629
DD: 0.014025
DR: 0.31112999999999996
RR: 1.088189
DD: 0.013927
DR: 0.314389
RR: 1.201099
DD: 0.014721
DR: 0.32753200000000005
RR: 1.122099
DD: 0.014178
DR: 0.31098000000000003
RR: 1.100579
DD: 0.014796
DR: 0.318118
RR: 1.090908
DD: 0.014369999999999999
DR: 0.331765
RR: 1.188301
DD: 0.014787
DR: 0.323202
RR: 1.120403
DD: 0.014159
DR: 0.326288
RR: 1.134217
DD: 0.014681999999999999
DR: 0.327681
RR: 1.252142
DD: 0.014254999999999999
DR: 0.32667599999999997
RR: 1.057835
DD: 0.013961999999999999
DR: 0.32402
RR: 1.150473
DD: 0.013680999999999999
DR: 0.308266
RR: 0.818494
DD: 0.013606
DR: 0.281753
RR: 0.763784
DD: 0.013595
DR: 0.2817
RR: 0.763506
DD: 0.013611999999999999
DR: 0.309697
RR: 0.921243
DD: 0.013694999999999999
DR: 0.30481900000000006
RR: 1.041782
saved to _G20.5_rmin0.001_rmax10.0_nbins30_zmin3.0zmax4.6_Lmaxsplit4bin3_N50_Planck_MC_b20

done!
