Starting batch job

G20.5: computing wp in 30 bins from 30.0 to 180.0 on a linear scale for 50 jackknife regions...

0.6702808108292586
Pixels masked by MC but not already by selfunc: 40
G20.5_zmin0.0zmax1.0_Lmin-32.0Lmax-27.0: 0.26              1374 vs 1860
[Warning] The CPU supports AVX512F but the compiler does not.  Can you try another compiler?
/home/groups/tabel/mahlet/quaia-env/lib/python3.10/site-packages/Corrfunc/utils.py:918: UserWarning: One or more input array has non-native endianness!  A copy will be made with the correct endianness.
  warnings.warn("One or more input array has non-native endianness!  A copy will"\
saved to _G20.5_rmin30.0_rmax180.0_nbins30_pimax80_zmin0.0zmax1.0_Lmin-32.0Lmax-27.0_N50_Planck_MC_mask0.4
0.782555067685453
Pixels masked by MC but not already by selfunc: 90
G20.5_zmin0.0zmax1.0_Lmin-27.0Lmax-26.0: 0.25              7782 vs 10412
/home/groups/tabel/mahlet/quaia-env/lib/python3.10/site-packages/Corrfunc/utils.py:918: UserWarning: One or more input array has non-native endianness!  A copy will be made with the correct endianness.
  warnings.warn("One or more input array has non-native endianness!  A copy will"\
saved to _G20.5_rmin30.0_rmax180.0_nbins30_pimax80_zmin0.0zmax1.0_Lmin-27.0Lmax-26.0_N50_Planck_MC_mask0.4
0.6566674500992677
Pixels masked by MC but not already by selfunc: 441
G20.5_zmin0.0zmax1.0_Lmin-26.0Lmax-25.0: 0.27              30610 vs 41931
/home/groups/tabel/mahlet/quaia-env/lib/python3.10/site-packages/Corrfunc/utils.py:918: UserWarning: One or more input array has non-native endianness!  A copy will be made with the correct endianness.
  warnings.warn("One or more input array has non-native endianness!  A copy will"\
saved to _G20.5_rmin30.0_rmax180.0_nbins30_pimax80_zmin0.0zmax1.0_Lmin-26.0Lmax-25.0_N50_Planck_MC_mask0.4
0.606035485591356
Pixels masked by MC but not already by selfunc: 2200
G20.5_zmin0.0zmax1.0_Lmin-25.0Lmax-20.0: 0.16              227007 vs 270122
/home/groups/tabel/mahlet/quaia-env/lib/python3.10/site-packages/Corrfunc/utils.py:918: UserWarning: One or more input array has non-native endianness!  A copy will be made with the correct endianness.
  warnings.warn("One or more input array has non-native endianness!  A copy will"\
saved to _G20.5_rmin30.0_rmax180.0_nbins30_pimax80_zmin0.0zmax1.0_Lmin-25.0Lmax-20.0_N50_Planck_MC_mask0.4
0.4680289878962692
Pixels masked by MC but not already by selfunc: 380
G20.5_zmin1.0zmax2.0_Lmin-32.0Lmax-27.0: 0.26              28063 vs 38015
/home/groups/tabel/mahlet/quaia-env/lib/python3.10/site-packages/Corrfunc/utils.py:918: UserWarning: One or more input array has non-native endianness!  A copy will be made with the correct endianness.
  warnings.warn("One or more input array has non-native endianness!  A copy will"\
saved to _G20.5_rmin30.0_rmax180.0_nbins30_pimax80_zmin1.0zmax2.0_Lmin-32.0Lmax-27.0_N50_Planck_MC_mask0.4
0.6571235934377454
Pixels masked by MC but not already by selfunc: 1484
G20.5_zmin1.0zmax2.0_Lmin-27.0Lmax-26.0: 0.24              110287 vs 144714
/home/groups/tabel/mahlet/quaia-env/lib/python3.10/site-packages/Corrfunc/utils.py:918: UserWarning: One or more input array has non-native endianness!  A copy will be made with the correct endianness.
  warnings.warn("One or more input array has non-native endianness!  A copy will"\
saved to _G20.5_rmin30.0_rmax180.0_nbins30_pimax80_zmin1.0zmax2.0_Lmin-27.0Lmax-26.0_N50_Planck_MC_mask0.4
0.6608836327949092
Pixels masked by MC but not already by selfunc: 2424
G20.5_zmin1.0zmax2.0_Lmin-26.0Lmax-25.0: 0.15              269860 vs 316132
/home/groups/tabel/mahlet/quaia-env/lib/python3.10/site-packages/Corrfunc/utils.py:918: UserWarning: One or more input array has non-native endianness!  A copy will be made with the correct endianness.
  warnings.warn("One or more input array has non-native endianness!  A copy will"\
saved to _G20.5_rmin30.0_rmax180.0_nbins30_pimax80_zmin1.0zmax2.0_Lmin-26.0Lmax-25.0_N50_Planck_MC_mask0.4
0.34609334023962024
Pixels masked by MC but not already by selfunc: 1040
G20.5_zmin1.0zmax2.0_Lmin-25.0Lmax-20.0: 0.06              140783 vs 149321
/home/groups/tabel/mahlet/quaia-env/lib/python3.10/site-packages/Corrfunc/utils.py:918: UserWarning: One or more input array has non-native endianness!  A copy will be made with the correct endianness.
  warnings.warn("One or more input array has non-native endianness!  A copy will"\
saved to _G20.5_rmin30.0_rmax180.0_nbins30_pimax80_zmin1.0zmax2.0_Lmin-25.0Lmax-20.0_N50_Planck_MC_mask0.4
0.7662824397999913
Pixels masked by MC but not already by selfunc: 1064
G20.5_zmin2.0zmax3.0_Lmin-32.0Lmax-27.0: 0.23              78467 vs 102196
/home/groups/tabel/mahlet/quaia-env/lib/python3.10/site-packages/Corrfunc/utils.py:918: UserWarning: One or more input array has non-native endianness!  A copy will be made with the correct endianness.
  warnings.warn("One or more input array has non-native endianness!  A copy will"\
saved to _G20.5_rmin30.0_rmax180.0_nbins30_pimax80_zmin2.0zmax3.0_Lmin-32.0Lmax-27.0_N50_Planck_MC_mask0.4
0.5158530510568677
Pixels masked by MC but not already by selfunc: 1963
G20.5_zmin2.0zmax3.0_Lmin-27.0Lmax-26.0: 0.09              142181 vs 156795
/home/groups/tabel/mahlet/quaia-env/lib/python3.10/site-packages/Corrfunc/utils.py:918: UserWarning: One or more input array has non-native endianness!  A copy will be made with the correct endianness.
  warnings.warn("One or more input array has non-native endianness!  A copy will"\
saved to _G20.5_rmin30.0_rmax180.0_nbins30_pimax80_zmin2.0zmax3.0_Lmin-27.0Lmax-26.0_N50_Planck_MC_mask0.4
0.5214482889082005
Pixels masked by MC but not already by selfunc: 217
G20.5_zmin2.0zmax3.0_Lmin-26.0Lmax-25.0: 0.08              25426 vs 27504
/home/groups/tabel/mahlet/quaia-env/lib/python3.10/site-packages/Corrfunc/utils.py:918: UserWarning: One or more input array has non-native endianness!  A copy will be made with the correct endianness.
  warnings.warn("One or more input array has non-native endianness!  A copy will"\
saved to _G20.5_rmin30.0_rmax180.0_nbins30_pimax80_zmin2.0zmax3.0_Lmin-26.0Lmax-25.0_N50_Planck_MC_mask0.4
G20.5_zmin2.0zmax3.0_Lmin-25.0Lmax-20.0:                   no selection function
cannot apply a selection function-based mask before computing the selection function in this bin
0.8597059925982684
Pixels masked by MC but not already by selfunc: 307
G20.5_zmin3.0zmax4.6_Lmin-32.0Lmax-27.0: 0.13              25000 vs 28856
/home/groups/tabel/mahlet/quaia-env/lib/python3.10/site-packages/Corrfunc/utils.py:918: UserWarning: One or more input array has non-native endianness!  A copy will be made with the correct endianness.
  warnings.warn("One or more input array has non-native endianness!  A copy will"\
saved to _G20.5_rmin30.0_rmax180.0_nbins30_pimax80_zmin3.0zmax4.6_Lmin-32.0Lmax-27.0_N50_Planck_MC_mask0.4
0.8106952328718908
Pixels masked by MC but not already by selfunc: 31
G20.5_zmin3.0zmax4.6_Lmin-27.0Lmax-26.0: 0.14              6501 vs 7600
/home/groups/tabel/mahlet/quaia-env/lib/python3.10/site-packages/Corrfunc/utils.py:918: UserWarning: One or more input array has non-native endianness!  A copy will be made with the correct endianness.
  warnings.warn("One or more input array has non-native endianness!  A copy will"\
saved to _G20.5_rmin30.0_rmax180.0_nbins30_pimax80_zmin3.0zmax4.6_Lmin-27.0Lmax-26.0_N50_Planck_MC_mask0.4
G20.5_zmin3.0zmax4.6_Lmin-26.0Lmax-25.0:                   no selection function
cannot apply a selection function-based mask before computing the selection function in this bin
G20.5_zmin3.0zmax4.6_Lmin-25.0Lmax-20.0:                   no selection function
cannot apply a selection function-based mask before computing the selection function in this bin
done!
