Starting batch job

G20.5: computing wtheta in 30 bins from 0.001 to 10.0 on a log scale for 50 jackknife regions...
--L: split

z: None split 4
L: None split 4
Pixels masked by MC but not already by selfunc: 907
G20.5_zsplit4bin0_Lsplit4bin0: 0.06              76283 vs 80949
[Warning] The CPU supports AVX512F but the compiler does not.  Can you try another compiler?
/home/groups/tabel/mahlet/quaia-env/lib/python3.10/site-packages/Corrfunc/utils.py:918: UserWarning: One or more input array has non-native endianness!  A copy will be made with the correct endianness.
  warnings.warn("One or more input array has non-native endianness!  A copy will"\
DD: 0.11197399999999999
DR: 1.015044
RR: 4.274178
DD: 0.053731999999999995
DR: 0.89835
RR: 3.711859
DD: 0.053279
DR: 0.806602
RR: 3.389033
DD: 0.052842
DR: 0.803641
RR: 3.40917
DD: 0.040126999999999996
DR: 0.816357
RR: 3.463777
DD: 0.03473599999999999
DR: 0.81012
RR: 3.346388
DD: 0.035532999999999995
DR: 0.753341
RR: 3.018148
DD: 0.035864
DR: 0.7367790000000001
RR: 2.893934
DD: 0.034422
DR: 0.741628
RR: 2.926803
DD: 0.042071
DR: 0.729047
RR: 2.822074
DD: 0.034172999999999995
DR: 0.723359
RR: 2.943952
DD: 0.034907
DR: 0.733303
RR: 3.009963
DD: 0.045786
DR: 0.807053
RR: 3.233809
DD: 0.036212999999999995
DR: 0.813126
RR: 3.155392
DD: 0.03643
DR: 0.80497
RR: 3.097187
DD: 0.036767999999999995
DR: 0.752724
RR: 2.994809
DD: 0.034945
DR: 0.7584949999999999
RR: 2.954667
DD: 0.034538
DR: 0.7638459999999999
RR: 2.886821
DD: 0.034332
DR: 0.7242550000000001
RR: 3.055806
DD: 0.035720999999999996
DR: 0.746545
RR: 3.003455
DD: 0.03508
DR: 0.748208
RR: 2.982221
DD: 0.036011
DR: 0.777051
RR: 3.037098
DD: 0.03718600000000005
DR: 0.764715
RR: 2.8820769999999998
DD: 0.039262
DR: 0.726972
RR: 3.17319
DD: 0.054832
DR: 0.800604
RR: 2.934874
DD: 0.034936
DR: 0.746626
RR: 3.048326
DD: 0.036059
DR: 0.759556
RR: 2.704129
DD: 0.024378
DR: 0.71722
RR: 2.7195489999999998
DD: 0.024591
DR: 0.7242850000000001
RR: 2.7639
DD: 0.024925
DR: 0.709473
RR: 2.783095
DD: 0.025207999999999998
DR: 0.7183440000000001
RR: 2.767692
DD: 0.024874999999999998
DR: 0.716642
RR: 2.78004
DD: 0.034124
DR: 0.702293
RR: 2.684862
DD: 0.02377
DR: 0.702777
RR: 2.6663
DD: 0.023937
DR: 0.713727
RR: 2.742886
DD: 0.024259
DR: 0.714923
RR: 2.862283
DD: 0.034601
DR: 0.725726
RR: 2.823819
DD: 0.031861
DR: 0.724495
RR: 3.015638
DD: 0.040004
DR: 0.736451
RR: 2.845821
DD: 0.034531
DR: 0.7434810000000001
RR: 2.984572
DD: 0.033662
DR: 0.7324200000000001
RR: 2.953435
DD: 0.034849
DR: 0.7381209999999999
RR: 2.946072
DD: 0.035016
DR: 0.745371
RR: 2.904283
DD: 0.034201999999999996
DR: 0.733789
RR: 2.9404
DD: 0.033261
DR: 0.739817
RR: 2.915916
DD: 0.033875999999999996
DR: 0.736441
RR: 2.897378
DD: 0.034450999999999996
DR: 0.732371
RR: 2.87469
DD: 0.037278
DR: 0.731796
RR: 2.909254
DD: 0.03425
DR: 0.7208380000000001
RR: 2.921345
DD: 0.033916
DR: 0.724791
RR: 2.890206
saved to _G20.5_rmin0.001_rmax10.0_nbins30_zsplit4bin0_Lsplit4bin0_N50_Planck_MC_b10

Pixels masked by MC but not already by selfunc: 798
G20.5_zsplit4bin0_Lsplit4bin1: 0.02              78988 vs 80948
/home/groups/tabel/mahlet/quaia-env/lib/python3.10/site-packages/Corrfunc/utils.py:918: UserWarning: One or more input array has non-native endianness!  A copy will be made with the correct endianness.
  warnings.warn("One or more input array has non-native endianness!  A copy will"\
DD: 0.034314
DR: 0.7811819999999999
RR: 3.038533
DD: 0.038024999999999996
DR: 0.7618119999999999
RR: 3.153283
DD: 0.034191
DR: 0.77122
RR: 3.135313
DD: 0.034036
DR: 0.756085
RR: 3.077485
DD: 0.033888
DR: 0.7630969999999999
RR: 3.210569
DD: 0.035790999999999996
DR: 0.794701
RR: 3.075383
DD: 0.035169
DR: 0.781715
RR: 3.157214
DD: 0.035116
DR: 0.782116
RR: 3.166633
DD: 0.03473
DR: 0.786152
RR: 3.023899
DD: 0.025231999999999997
DR: 0.756268
RR: 3.021482
DD: 0.025609999999999997
DR: 0.768176
RR: 3.037989
DD: 0.02532
DR: 0.761906
RR: 2.922458
DD: 0.02473
DR: 0.7398469999999999
RR: 3.006051
DD: 0.025272
DR: 0.755236
RR: 2.88755
DD: 0.024723
DR: 0.741466
RR: 3.036544
DD: 0.026077
DR: 0.744758
RR: 2.975074
DD: 0.034887
DR: 0.827245
RR: 3.308051
DD: 0.035894999999999996
DR: 0.775037
RR: 3.036031
DD: 0.034862
DR: 0.762051
RR: 2.94742
DD: 0.025722
DR: 0.7443029999999999
RR: 2.900838
DD: 0.025585
DR: 0.74029
RR: 2.852587
DD: 0.025332999999999998
DR: 0.727231
RR: 2.839985
DD: 0.025331
DR: 0.7320409999999999
RR: 2.8774379999999997
DD: 0.02562
DR: 0.732553
RR: 2.89201
DD: 0.025426999999999998
DR: 0.740143
RR: 2.839206
DD: 0.025237
DR: 0.7282930000000001
RR: 2.901391
DD: 0.025609
DR: 0.741646
RR: 2.843492
DD: 0.025467
DR: 0.730654
RR: 2.890619
DD: 0.025501
DR: 0.736444
RR: 2.843419
DD: 0.025445
DR: 0.733128
RR: 2.831564
DD: 0.025387999999999997
DR: 0.733662
RR: 2.834254
DD: 0.025342
DR: 0.7315579999999999
RR: 2.852006
DD: 0.025509999999999998
DR: 0.740557
RR: 2.854948
DD: 0.025497
DR: 0.736138
RR: 2.973756
DD: 0.025675
DR: 0.738885
RR: 2.892386
DD: 0.025487
DR: 0.7443040000000001
RR: 2.884285
DD: 0.025553
DR: 0.736328
RR: 2.943389
DD: 0.026008
DR: 0.748313
RR: 2.881166
DD: 0.025653
DR: 0.7380960000000001
RR: 2.901371
DD: 0.025720999999999997
DR: 0.735986
RR: 2.893645
DD: 0.025741999999999998
DR: 0.745336
RR: 3.05646
DD: 0.02597
DR: 0.7491939999999999
RR: 2.914307
DD: 0.025625
DR: 0.74083
RR: 2.915343
DD: 0.025497
DR: 0.740905
RR: 2.89532
DD: 0.024430000000000063
DR: 0.738267
RR: 2.875094
DD: 0.024533
DR: 0.731224
RR: 2.869906
DD: 0.024423999999999998
DR: 0.731271
RR: 2.876738
DD: 0.024385999999999998
DR: 0.7267870000000001
RR: 2.849988
DD: 0.02429
DR: 0.726906
RR: 2.844361
DD: 0.024096
DR: 0.727197
RR: 2.85005
saved to _G20.5_rmin0.001_rmax10.0_nbins30_zsplit4bin0_Lsplit4bin1_N50_Planck_MC_b10

Pixels masked by MC but not already by selfunc: 780
G20.5_zsplit4bin0_Lsplit4bin2: 0.02              79480 vs 80949
/home/groups/tabel/mahlet/quaia-env/lib/python3.10/site-packages/Corrfunc/utils.py:918: UserWarning: One or more input array has non-native endianness!  A copy will be made with the correct endianness.
  warnings.warn("One or more input array has non-native endianness!  A copy will"\
DD: 0.024999
DR: 0.7396130000000001
RR: 3.126141
DD: 0.02573
DR: 0.768503
RR: 2.965779
DD: 0.02495
DR: 0.756351
RR: 3.103585
DD: 0.025113000000000052
DR: 0.743699
RR: 3.051166
DD: 0.025039
DR: 0.749591
RR: 3.021283
DD: 0.024915999999999997
DR: 0.744808
RR: 2.993499
DD: 0.025164
DR: 0.7471249999999999
RR: 3.138135
DD: 0.025833
DR: 0.754124
RR: 3.088204
DD: 0.02521
DR: 0.7546109999999999
RR: 3.097397
DD: 0.025251
DR: 0.757432
RR: 3.10155
DD: 0.025183999999999998
DR: 0.755818
RR: 3.1177
DD: 0.026359999999999998
DR: 0.764188
RR: 3.229211
DD: 0.026333
DR: 0.758729
RR: 3.216638
DD: 0.036309999999999995
DR: 0.806068
RR: 3.30437
DD: 0.035568999999999996
DR: 0.788618
RR: 3.290506
DD: 0.034218
DR: 0.789077
RR: 3.251276
DD: 0.034004
DR: 0.780335
RR: 3.209909
DD: 0.033504
DR: 0.768938
RR: 3.166837
DD: 0.034013999999999996
DR: 0.7829820000000001
RR: 3.251859
DD: 0.033944999999999996
DR: 0.781122
RR: 3.282394
DD: 0.040635
DR: 0.795566
RR: 3.253163
DD: 0.034394
DR: 0.785968
RR: 3.243773
DD: 0.040859
DR: 0.773425
RR: 3.238728
DD: 0.034839999999999996
DR: 0.77749
RR: 3.220467
DD: 0.033611999999999996
DR: 0.771931
RR: 3.12016
DD: 0.034449
DR: 0.762385
RR: 3.1759399999999998
DD: 0.033613
DR: 0.760063
RR: 3.032795
DD: 0.025188
DR: 0.745746
RR: 3.052818
DD: 0.024999
DR: 0.744983
RR: 3.047094
DD: 0.025228999999999998
DR: 0.751185
RR: 2.989527
DD: 0.026025
DR: 0.7552650000000001
RR: 2.980811
DD: 0.025869999999999997
DR: 0.742415
RR: 3.029659
DD: 0.026303
DR: 0.761758
RR: 3.135711
DD: 0.025931
DR: 0.774518
RR: 3.158403
DD: 0.026709999999999998
DR: 0.771765
RR: 3.080188
DD: 0.026490999999999997
DR: 0.7670060000000001
RR: 3.038321
DD: 0.02631
DR: 0.760551
RR: 3.036544
DD: 0.026254
DR: 0.762493
RR: 3.182427
DD: 0.026754999999999998
DR: 0.763377
RR: 3.059418
DD: 0.026285
DR: 0.780456
RR: 3.190412
DD: 0.025897999999999997
DR: 0.7718149999999999
RR: 3.172085
DD: 0.026361
DR: 0.7965409999999999
RR: 3.160453
DD: 0.0259
DR: 0.757023
RR: 3.121494
DD: 0.02554
DR: 0.756175
RR: 3.104389
DD: 0.026097
DR: 0.765333
RR: 3.169065
DD: 0.026362
DR: 0.767736
RR: 3.157071
DD: 0.027072
DR: 0.764775
RR: 3.084521
DD: 0.026584
DR: 0.763843
RR: 3.046885
DD: 0.025921
DR: 0.752122
RR: 3.025217
DD: 0.024974999999999997
DR: 0.7367849999999999
RR: 3.05016
saved to _G20.5_rmin0.001_rmax10.0_nbins30_zsplit4bin0_Lsplit4bin2_N50_Planck_MC_b10

Pixels masked by MC but not already by selfunc: 706
G20.5_zsplit4bin0_Lsplit4bin3: 0.01              79784 vs 80949
/home/groups/tabel/mahlet/quaia-env/lib/python3.10/site-packages/Corrfunc/utils.py:918: UserWarning: One or more input array has non-native endianness!  A copy will be made with the correct endianness.
  warnings.warn("One or more input array has non-native endianness!  A copy will"\
DD: 0.025244
DR: 0.734297
RR: 3.094919
DD: 0.025741
DR: 0.74273
RR: 3.088631
DD: 0.025911
DR: 0.740382
RR: 3.094694
DD: 0.025651999999999998
DR: 0.739665
RR: 3.13481
DD: 0.026071999999999998
DR: 0.768761
RR: 3.099208
DD: 0.025391999999999998
DR: 0.764311
RR: 3.007957
DD: 0.025272
DR: 0.7462310000000001
RR: 3.098963
DD: 0.026203999999999998
DR: 0.751093
RR: 3.122574
DD: 0.026241999999999998
DR: 0.757228
RR: 3.23169
DD: 0.027264
DR: 0.767047
RR: 3.208752
DD: 0.026886
DR: 0.746272
RR: 3.048346
DD: 0.025845999999999997
DR: 0.749561
RR: 3.056813
DD: 0.026423
DR: 0.74824
RR: 3.161623
DD: 0.026607
DR: 0.7501610000000001
RR: 3.143604
DD: 0.026132
DR: 0.7641990000000001
RR: 3.16073
DD: 0.025925
DR: 0.744612
RR: 3.108373
DD: 0.025373999999999997
DR: 0.743132
RR: 3.10423
DD: 0.027152
DR: 0.793315
RR: 3.163512
DD: 0.02607
DR: 0.767483
RR: 3.117572
DD: 0.026012999999999998
DR: 0.746311
RR: 3.004707
DD: 0.025190999999999998
DR: 0.74492
RR: 3.042844
DD: 0.02555
DR: 0.777846
RR: 3.037103
DD: 0.024957000000000007
DR: 0.735663
RR: 3.061399
DD: 0.024988
DR: 0.75206
RR: 3.083427
DD: 0.025789
DR: 0.724594
RR: 3.151012
DD: 0.026144999999999998
DR: 0.7726850000000001
RR: 3.045323
DD: 0.025523
DR: 0.72931
RR: 3.208647
DD: 0.034016
DR: 0.730645
RR: 3.026144
DD: 0.025979
DR: 0.733545
RR: 3.098291
DD: 0.025546
DR: 0.733536
RR: 3.092404
DD: 0.025470999999999997
DR: 0.7212029999999999
RR: 2.988825
DD: 0.025015
DR: 0.735784
RR: 2.997458
DD: 0.025044999999999998
DR: 0.739852
RR: 3.163182
DD: 0.027205
DR: 0.772455
RR: 3.10201
DD: 0.026286999999999998
DR: 0.7705420000000001
RR: 3.184364
DD: 0.025453
DR: 0.743311
RR: 3.130159
DD: 0.040265999999999996
DR: 0.774109
RR: 3.045941
DD: 0.025394999999999997
DR: 0.74106
RR: 3.063056
DD: 0.026862999999999998
DR: 0.755345
RR: 3.168199
DD: 0.026796999999999998
DR: 0.772202
RR: 3.142664
DD: 0.026753
DR: 0.770153
RR: 3.208647
DD: 0.027156999999999997
DR: 0.76265
RR: 3.162379
DD: 0.027566
DR: 0.795325
RR: 3.1537290000000002
DD: 0.026784
DR: 0.750431
RR: 3.1577669999999998
DD: 0.027566999999999998
DR: 0.750325
RR: 3.108104
DD: 0.027378999999999997
DR: 0.753123
RR: 3.0945840000000002
DD: 0.027111
DR: 0.744197
RR: 3.067759
DD: 0.025945
DR: 0.742122
RR: 3.106088
DD: 0.027402
DR: 0.785669
RR: 3.061226
DD: 0.026827999999999998
DR: 0.753009
RR: 3.214835
saved to _G20.5_rmin0.001_rmax10.0_nbins30_zsplit4bin0_Lsplit4bin3_N50_Planck_MC_b10

Pixels masked by MC but not already by selfunc: 855
G20.5_zsplit4bin1_Lsplit4bin0: 0.04              77494 vs 80987
/home/groups/tabel/mahlet/quaia-env/lib/python3.10/site-packages/Corrfunc/utils.py:918: UserWarning: One or more input array has non-native endianness!  A copy will be made with the correct endianness.
  warnings.warn("One or more input array has non-native endianness!  A copy will"\
DD: 0.024277999999999997
DR: 0.716114
RR: 2.796914
DD: 0.02403
DR: 0.7016589999999999
RR: 2.765785
DD: 0.023527
DR: 0.698184
RR: 2.700108
DD: 0.023648
DR: 0.698834
RR: 2.714056
DD: 0.024149999999999998
DR: 0.696947
RR: 2.73392
DD: 0.023936
DR: 0.7019639999999999
RR: 2.709798
DD: 0.023478
DR: 0.718364
RR: 2.725121
DD: 0.024895999999999998
DR: 0.699487
RR: 2.7047749999999997
DD: 0.024631
DR: 0.708311
RR: 2.723378
DD: 0.025561999999999998
DR: 0.7047169999999999
RR: 2.752418
DD: 0.035107
DR: 0.7333689999999999
RR: 2.777863
DD: 0.024675
DR: 0.704102
RR: 2.724832
DD: 0.024131999999999997
DR: 0.7008220000000001
RR: 2.730372
DD: 0.023873
DR: 0.712893
RR: 2.729669
DD: 0.023993
DR: 0.700545
RR: 2.739511
DD: 0.023981
DR: 0.702523
RR: 2.72619
DD: 0.023854
DR: 0.693762
RR: 2.805366
DD: 0.024673999999999998
DR: 0.710696
RR: 2.763819
DD: 0.023878999999999997
DR: 0.7047249999999999
RR: 2.810207
DD: 0.02504
DR: 0.706572
RR: 2.717748
DD: 0.023906
DR: 0.694516
RR: 2.697
DD: 0.023621
DR: 0.697046
RR: 2.697099
DD: 0.023582
DR: 0.697678
RR: 2.712561
DD: 0.024069
DR: 0.692342
RR: 2.763519
DD: 0.024745
DR: 0.710743
RR: 2.723741
DD: 0.024471
DR: 0.700421
RR: 2.73886
DD: 0.023694999999999997
DR: 0.693223
RR: 2.721457
DD: 0.02446
DR: 0.699498
RR: 2.736707
DD: 0.024489
DR: 0.692939
RR: 2.7374
DD: 0.024628
DR: 0.702211
RR: 2.733648
DD: 0.024354999999999998
DR: 0.7244170000000001
RR: 2.761357
DD: 0.023948
DR: 0.6987220000000001
RR: 2.712477
DD: 0.023920999999999998
DR: 0.696079
RR: 2.694699
DD: 0.02446
DR: 0.706326
RR: 2.692099
DD: 0.023864999999999997
DR: 0.694867
RR: 2.704913
DD: 0.023791
DR: 0.699363
RR: 2.862206
DD: 0.024513999999999998
DR: 0.702291
RR: 2.761536
DD: 0.023919
DR: 0.7016319999999999
RR: 2.743008
DD: 0.023850999999999997
DR: 0.696969
RR: 2.742775
DD: 0.023913
DR: 0.699445
RR: 2.738023
DD: 0.023784
DR: 0.6995480000000001
RR: 2.731269
DD: 0.023742
DR: 0.707328
RR: 2.715719
DD: 0.023811
DR: 0.6959
RR: 2.710886
DD: 0.023764
DR: 0.69339
RR: 2.714458
DD: 0.023665
DR: 0.692256
RR: 2.73106
DD: 0.023756
DR: 0.6903929999999999
RR: 2.736196
DD: 0.023677
DR: 0.694971
RR: 2.81612
DD: 0.023958999999999998
DR: 0.702025
RR: 2.761221
DD: 0.023701999999999997
DR: 0.69285
RR: 2.7121
DD: 0.033125
DR: 0.7160019999999999
RR: 2.829969
saved to _G20.5_rmin0.001_rmax10.0_nbins30_zsplit4bin1_Lsplit4bin0_N50_Planck_MC_b10

Pixels masked by MC but not already by selfunc: 819
G20.5_zsplit4bin1_Lsplit4bin1: 0.02              79137 vs 80987
/home/groups/tabel/mahlet/quaia-env/lib/python3.10/site-packages/Corrfunc/utils.py:918: UserWarning: One or more input array has non-native endianness!  A copy will be made with the correct endianness.
  warnings.warn("One or more input array has non-native endianness!  A copy will"\
DD: 0.040533
DR: 0.736523
RR: 3.046571
DD: 0.034612
DR: 0.757885
RR: 3.051069
DD: 0.034994
DR: 0.763693
RR: 3.001618
DD: 0.034823
DR: 0.76476
RR: 2.98748
DD: 0.03498000000000001
DR: 0.746864
RR: 2.95913
DD: 0.034655
DR: 0.743841
RR: 2.984321
DD: 0.034818999999999996
DR: 0.75594
RR: 3.019729
DD: 0.034425
DR: 0.763968
RR: 2.985934
DD: 0.033305999999999995
DR: 0.749177
RR: 2.991373
DD: 0.034887999999999995
DR: 0.751593
RR: 3.015438
DD: 0.037903
DR: 0.7600169999999999
RR: 2.991437
DD: 0.035123
DR: 0.767443
RR: 3.01625
DD: 0.034856
DR: 0.755273
RR: 2.924206
DD: 0.025434
DR: 0.731313
RR: 2.844365
DD: 0.025342999999999997
DR: 0.724005
RR: 2.931846
DD: 0.029453999999999998
DR: 0.79987
RR: 2.985718
DD: 0.027195999999999998
DR: 0.742306
RR: 2.981227
DD: 0.027202
DR: 0.781163
RR: 3.030305
DD: 0.026302
DR: 0.7494879999999999
RR: 3.014429
DD: 0.02614
DR: 0.755197
RR: 2.9468639999999997
DD: 0.026178
DR: 0.74047
RR: 2.953709
DD: 0.024346
DR: 0.730936
RR: 2.917914
DD: 0.024103
DR: 0.713888
RR: 2.87758
DD: 0.024485
DR: 0.7206520000000001
RR: 2.861862
DD: 0.02405500000000005
DR: 0.717391
RR: 2.858278
DD: 0.024329999999999997
DR: 0.7178129999999999
RR: 2.913774
DD: 0.024631
DR: 0.725023
RR: 2.802966
DD: 0.024085
DR: 0.7290719999999999
RR: 2.797839
DD: 0.024154
DR: 0.719453
RR: 2.832774
DD: 0.024079999999999997
DR: 0.7132000000000001
RR: 2.839248
DD: 0.024270999999999997
DR: 0.724111
RR: 2.956273
DD: 0.025008
DR: 0.729896
RR: 2.922278
DD: 0.024739999999999998
DR: 0.720523
RR: 2.805173
DD: 0.025141999999999998
DR: 0.723803
RR: 2.813979
DD: 0.025568
DR: 0.729094
RR: 2.903269
DD: 0.024742999999999998
DR: 0.7307119999999999
RR: 2.925739
DD: 0.02436
DR: 0.725747
RR: 2.865503
DD: 0.024286
DR: 0.716555
RR: 2.832287
DD: 0.024562999999999998
DR: 0.717499
RR: 2.885166
DD: 0.024815
DR: 0.718986
RR: 2.909038
DD: 0.025199
DR: 0.767909
RR: 2.995018
DD: 0.02614
DR: 0.750176
RR: 2.914596
DD: 0.025327
DR: 0.7214309999999999
RR: 2.82981
DD: 0.025235
DR: 0.726611
RR: 2.835394
DD: 0.025148
DR: 0.717436
RR: 2.956695
DD: 0.025063
DR: 0.724377
RR: 2.930603
DD: 0.024707
DR: 0.721185
RR: 2.886767
DD: 0.024645999999999998
DR: 0.737422
RR: 2.92437
DD: 0.024804999999999997
DR: 0.7300230000000001
RR: 2.872214
DD: 0.024169
DR: 0.7194
RR: 2.857307
saved to _G20.5_rmin0.001_rmax10.0_nbins30_zsplit4bin1_Lsplit4bin1_N50_Planck_MC_b10

Pixels masked by MC but not already by selfunc: 801
G20.5_zsplit4bin1_Lsplit4bin2: 0.02              79756 vs 80987
/home/groups/tabel/mahlet/quaia-env/lib/python3.10/site-packages/Corrfunc/utils.py:918: UserWarning: One or more input array has non-native endianness!  A copy will be made with the correct endianness.
  warnings.warn("One or more input array has non-native endianness!  A copy will"\
DD: 0.024662999999999997
DR: 0.731378
RR: 3.003148
DD: 0.026437
DR: 0.755445
RR: 3.070705
DD: 0.026383
DR: 0.7451
RR: 2.974015
DD: 0.027995
DR: 0.807214
RR: 3.12537
DD: 0.027046999999999998
DR: 0.775523
RR: 2.963594
DD: 0.027929
DR: 0.807097
RR: 2.999509
DD: 0.026983
DR: 0.7896650000000001
RR: 3.091627
DD: 0.026112
DR: 0.777809
RR: 3.045115
DD: 0.025126
DR: 0.7400990000000001
RR: 2.940949
DD: 0.025362
DR: 0.7444470000000001
RR: 2.976309
DD: 0.024963
DR: 0.736381
RR: 2.959613
DD: 0.025165999999999997
DR: 0.741128
RR: 2.982977
DD: 0.025119
DR: 0.743146
RR: 2.964839
DD: 0.025249999999999998
DR: 0.7427250000000001
RR: 2.967656
DD: 0.025948
DR: 0.745374
RR: 2.969948
DD: 0.026005999999999998
DR: 0.7523070000000001
RR: 2.963719
DD: 0.025738999999999998
DR: 0.745933
RR: 2.997812
DD: 0.025886
DR: 0.789079
RR: 2.956694
DD: 0.025665999999999998
DR: 0.746864
RR: 2.9257400000000002
DD: 0.025587
DR: 0.7433719999999999
RR: 2.993473
DD: 0.025338
DR: 0.732737
RR: 2.89996
DD: 0.024606
DR: 0.72629
RR: 2.912306
DD: 0.02464
DR: 0.72612
RR: 2.922769
DD: 0.024739999999999998
DR: 0.734058
RR: 2.951299
DD: 0.024657
DR: 0.733642
RR: 2.970888
DD: 0.024706
DR: 0.731034
RR: 2.975852
DD: 0.024645
DR: 0.733722
RR: 2.95378
DD: 0.024738
DR: 0.732783
RR: 2.952813
DD: 0.024600999999999998
DR: 0.7254579999999999
RR: 2.982512
DD: 0.025144999999999997
DR: 0.735763
RR: 2.980486
DD: 0.024779
DR: 0.741935
RR: 3.027016
DD: 0.024874
DR: 0.7422
RR: 3.016369
DD: 0.025782
DR: 0.7480180000000001
RR: 2.922524
DD: 0.024838
DR: 0.744394
RR: 2.913494
DD: 0.024940999999999998
DR: 0.743276
RR: 2.974419
DD: 0.024957
DR: 0.7399990000000001
RR: 2.976845
DD: 0.025072999999999998
DR: 0.743684
RR: 2.987519
DD: 0.02503
DR: 0.738925
RR: 2.935968
DD: 0.025046
DR: 0.741112
RR: 2.963447
DD: 0.025946999999999998
DR: 0.747263
RR: 3.015471
DD: 0.025987999999999997
DR: 0.754364
RR: 3.070837
DD: 0.025337
DR: 0.754877
RR: 3.053184
DD: 0.025143
DR: 0.749239
RR: 3.004947
DD: 0.024974999999999997
DR: 0.735595
RR: 2.917837
DD: 0.024755
DR: 0.7308
RR: 2.899701
DD: 0.024612
DR: 0.7288589999999999
RR: 3.024963
DD: 0.025523999999999998
DR: 0.739495
RR: 3.18862
DD: 0.02751
DR: 0.754251
RR: 2.977303
DD: 0.025606999999999998
DR: 0.7450330000000001
RR: 2.952853
DD: 0.025279
DR: 0.729724
RR: 2.893507
saved to _G20.5_rmin0.001_rmax10.0_nbins30_zsplit4bin1_Lsplit4bin2_N50_Planck_MC_b10

Pixels masked by MC but not already by selfunc: 620
G20.5_zsplit4bin1_Lsplit4bin3: 0.01              80245 vs 80988
/home/groups/tabel/mahlet/quaia-env/lib/python3.10/site-packages/Corrfunc/utils.py:918: UserWarning: One or more input array has non-native endianness!  A copy will be made with the correct endianness.
  warnings.warn("One or more input array has non-native endianness!  A copy will"\
DD: 0.026407999999999997
DR: 0.75317
RR: 3.158802
DD: 0.026300999999999998
DR: 0.7656620000000001
RR: 3.200395
DD: 0.026380999999999998
DR: 0.767293
RR: 3.2048740000000002
DD: 0.026597
DR: 0.768711
RR: 3.140025
DD: 0.027364
DR: 0.772555
RR: 3.143785
DD: 0.027111999999999997
DR: 0.785664
RR: 3.161574
DD: 0.027340999999999997
DR: 0.772804
RR: 3.188678
DD: 0.026587
DR: 0.765597
RR: 3.188918
DD: 0.026577
DR: 0.776601
RR: 3.220721
DD: 0.026477
DR: 0.763497
RR: 3.326565
DD: 0.026587
DR: 0.7713519999999999
RR: 3.379375
DD: 0.027934999999999998
DR: 0.800555
RR: 3.316883
DD: 0.027291000000000065
DR: 0.787431
RR: 3.332294
DD: 0.027982999999999997
DR: 0.792521
RR: 3.288866
DD: 0.028023
DR: 0.7812749999999999
RR: 3.275849
DD: 0.028339
DR: 0.781957
RR: 3.418201
DD: 0.029998999999999998
DR: 0.838731
RR: 3.284438
DD: 0.027434
DR: 0.781048
RR: 3.266163
DD: 0.026833
DR: 0.777033
RR: 3.238661
DD: 0.026624
DR: 0.7750659999999999
RR: 3.175959
DD: 0.027528
DR: 0.799791
RR: 3.172336
DD: 0.027187
DR: 0.7934490000000001
RR: 3.229761
DD: 0.026441
DR: 0.7632220000000001
RR: 3.19398
DD: 0.026862
DR: 0.774885
RR: 3.200587
DD: 0.026031
DR: 0.759447
RR: 3.146852
DD: 0.025962
DR: 0.774457
RR: 3.176142
DD: 0.025935
DR: 0.763592
RR: 3.218185
DD: 0.026085
DR: 0.757201
RR: 3.141975
DD: 0.025973999999999997
DR: 0.759165
RR: 3.197562
DD: 0.026749
DR: 0.768603
RR: 3.250866
DD: 0.027544
DR: 0.760847
RR: 3.296446
DD: 0.028623
DR: 0.7740579999999999
RR: 3.310271
DD: 0.028227
DR: 0.792639
RR: 3.2325559999999998
DD: 0.027073000000000014
DR: 0.775513
RR: 3.215951
DD: 0.027415
DR: 0.777023
RR: 3.283429
DD: 0.028409999999999998
DR: 0.795183
RR: 3.293179
DD: 0.028461999999999998
DR: 0.7951039999999999
RR: 3.267429
DD: 0.026892
DR: 0.774667
RR: 3.201485
DD: 0.026576
DR: 0.773821
RR: 3.207614
DD: 0.026639
DR: 0.794841
RR: 3.347258
DD: 0.027138
DR: 0.7930630000000001
RR: 3.310407
DD: 0.026851
DR: 0.803713
RR: 3.310825
DD: 0.028779
DR: 0.796965
RR: 3.215698
DD: 0.027211
DR: 0.776668
RR: 3.191676
DD: 0.027503999999999997
DR: 0.787097
RR: 3.288174
DD: 0.027371999999999997
DR: 0.789666
RR: 3.2204829999999998
DD: 0.027479999999999997
DR: 0.801629
RR: 3.155952
DD: 0.026239
DR: 0.758831
RR: 3.266686
DD: 0.026593
DR: 0.7717689999999999
RR: 3.256182
DD: 0.026402
DR: 0.779739
RR: 3.272423
saved to _G20.5_rmin0.001_rmax10.0_nbins30_zsplit4bin1_Lsplit4bin3_N50_Planck_MC_b10

Pixels masked by MC but not already by selfunc: 918
G20.5_zsplit4bin2_Lsplit4bin0: 0.04              77975 vs 80952
/home/groups/tabel/mahlet/quaia-env/lib/python3.10/site-packages/Corrfunc/utils.py:918: UserWarning: One or more input array has non-native endianness!  A copy will be made with the correct endianness.
  warnings.warn("One or more input array has non-native endianness!  A copy will"\
DD: 0.024065
DR: 0.700477
RR: 2.783974
DD: 0.023778
DR: 0.700461
RR: 2.797587
DD: 0.024787
DR: 0.707592
RR: 2.789207
DD: 0.025632
DR: 0.74005
RR: 2.862014
DD: 0.025039
DR: 0.73851
RR: 2.933921
DD: 0.025556
DR: 0.735024
RR: 2.840674
DD: 0.024773
DR: 0.71132
RR: 2.782299
DD: 0.02482
DR: 0.705355
RR: 2.828039
DD: 0.025051999999999998
DR: 0.72464
RR: 2.819154
DD: 0.025099
DR: 0.728553
RR: 2.9207
DD: 0.025566
DR: 0.728437
RR: 2.941644
DD: 0.025459
DR: 0.729668
RR: 2.751619
DD: 0.024014
DR: 0.715524
RR: 2.784539
DD: 0.023909999999999997
DR: 0.729904
RR: 2.816204
DD: 0.024173999999999998
DR: 0.729761
RR: 2.859433
DD: 0.024335
DR: 0.7167939999999999
RR: 2.810325
DD: 0.023850999999999997
DR: 0.708653
RR: 2.82913
DD: 0.024311
DR: 0.717531
RR: 2.746176
DD: 0.024399
DR: 0.71204
RR: 2.806568
DD: 0.025800999999999998
DR: 0.755
RR: 2.901354
DD: 0.024813000000000085
DR: 0.734627
RR: 2.799307
DD: 0.023787
DR: 0.7084849999999999
RR: 2.728595
DD: 0.023705999999999998
DR: 0.704097
RR: 2.7349930000000002
DD: 0.02368
DR: 0.698966
RR: 2.804843
DD: 0.024387
DR: 0.730766
RR: 2.749425
DD: 0.02412
DR: 0.707648
RR: 2.841927
DD: 0.025913
DR: 0.741983
RR: 2.887414
DD: 0.025407
DR: 0.738622
RR: 2.821006
DD: 0.024037
DR: 0.712272
RR: 2.899417
DD: 0.024428
DR: 0.702511
RR: 2.794269
DD: 0.024069999999999998
DR: 0.706841
RR: 2.7875360000000002
DD: 0.024194
DR: 0.729798
RR: 2.867122
DD: 0.02421
DR: 0.7136370000000001
RR: 2.8145819999999997
DD: 0.023724
DR: 0.7220070000000001
RR: 2.865289
DD: 0.025401999999999997
DR: 0.720349
RR: 2.812698
DD: 0.023878999999999997
DR: 0.716909
RR: 2.821785
DD: 0.024678
DR: 0.702305
RR: 2.84186
DD: 0.024791
DR: 0.745068
RR: 2.955033
DD: 0.024766
DR: 0.7254780000000001
RR: 2.921708
DD: 0.024586
DR: 0.727806
RR: 2.831051
DD: 0.023910999999999998
DR: 0.707364
RR: 2.76922
DD: 0.024005
DR: 0.699818
RR: 2.7824489999999997
DD: 0.024392999999999998
DR: 0.699013
RR: 2.771478
DD: 0.023849
DR: 0.712839
RR: 2.830494
DD: 0.023823999999999998
DR: 0.712453
RR: 2.818162
DD: 0.024169
DR: 0.701526
RR: 2.749039
DD: 0.023672
DR: 0.716102
RR: 2.793582
DD: 0.024617
DR: 0.705681
RR: 2.848932
DD: 0.024645
DR: 0.705614
RR: 2.856547
DD: 0.025120999999999997
DR: 0.733278
RR: 2.917509
saved to _G20.5_rmin0.001_rmax10.0_nbins30_zsplit4bin2_Lsplit4bin0_N50_Planck_MC_b10

Pixels masked by MC but not already by selfunc: 843
G20.5_zsplit4bin2_Lsplit4bin1: 0.02              79335 vs 80952
/home/groups/tabel/mahlet/quaia-env/lib/python3.10/site-packages/Corrfunc/utils.py:918: UserWarning: One or more input array has non-native endianness!  A copy will be made with the correct endianness.
  warnings.warn("One or more input array has non-native endianness!  A copy will"\
DD: 0.024747000000000074
DR: 0.713824
RR: 2.855098
DD: 0.025366
DR: 0.72327
RR: 2.840262
DD: 0.025539
DR: 0.7256940000000001
RR: 2.829866
DD: 0.024522
DR: 0.7198100000000001
RR: 2.824407
DD: 0.024388999999999997
DR: 0.718811
RR: 2.892166
DD: 0.02444
DR: 0.721893
RR: 2.877
DD: 0.024642999999999998
DR: 0.728596
RR: 2.891683
DD: 0.024544999999999997
DR: 0.732555
RR: 2.837976
DD: 0.024651
DR: 0.733229
RR: 2.849961
DD: 0.024654
DR: 0.719698
RR: 2.896978
DD: 0.024665
DR: 0.723544
RR: 2.948874
DD: 0.025369
DR: 0.7366579999999999
RR: 2.906866
DD: 0.024769
DR: 0.72929
RR: 2.925017
DD: 0.024655000000000094
DR: 0.7293149999999999
RR: 2.879502
DD: 0.024863999999999997
DR: 0.7293259999999999
RR: 2.876178
DD: 0.024765
DR: 0.734329
RR: 2.948319
DD: 0.024583999999999998
DR: 0.722855
RR: 2.894048
DD: 0.02468
DR: 0.7253970000000001
RR: 2.911173
DD: 0.024435
DR: 0.7240989999999999
RR: 2.853621
DD: 0.024547
DR: 0.717686
RR: 2.849826
DD: 0.024477
DR: 0.71374
RR: 2.839881
DD: 0.024203
DR: 0.715577
RR: 2.833229
DD: 0.024409
DR: 0.713428
RR: 2.882516
DD: 0.024242
DR: 0.7210810000000001
RR: 2.878701
DD: 0.024578
DR: 0.719772
RR: 2.850497
DD: 0.024346
DR: 0.712477
RR: 2.85423
DD: 0.024221
DR: 0.71512
RR: 2.8453910000000002
DD: 0.024363
DR: 0.713043
RR: 2.8692
DD: 0.024302999999999998
DR: 0.716457
RR: 2.934106
DD: 0.025287
DR: 0.742423
RR: 2.871921
DD: 0.024245
DR: 0.728069
RR: 2.876275
DD: 0.024218999999999997
DR: 0.716114
RR: 2.855655
DD: 0.024433
DR: 0.7185710000000001
RR: 2.908019
DD: 0.0246
DR: 0.726893
RR: 2.922989
DD: 0.024728999999999998
DR: 0.728615
RR: 2.928074
DD: 0.025127
DR: 0.726901
RR: 2.927837
DD: 0.024759
DR: 0.727527
RR: 2.857624
DD: 0.024509
DR: 0.7465539999999999
RR: 2.873441
DD: 0.024671
DR: 0.729912
RR: 3.016019
DD: 0.02477
DR: 0.7309920000000001
RR: 2.947289
DD: 0.024671
DR: 0.724045
RR: 3.023327
DD: 0.025106
DR: 0.74048
RR: 2.996238
DD: 0.024553
DR: 0.71693
RR: 2.8572290000000002
DD: 0.02444
DR: 0.7174659999999999
RR: 2.870225
DD: 0.024513999999999998
DR: 0.744534
RR: 3.077374
DD: 0.040283
DR: 0.768885
RR: 2.972922
DD: 0.033262
DR: 0.739407
RR: 3.082697
DD: 0.035748999999999996
DR: 0.7686660000000001
RR: 2.964207
DD: 0.041443999999999995
DR: 0.720391
RR: 2.831607
DD: 0.024395
DR: 0.716577
RR: 2.810309
saved to _G20.5_rmin0.001_rmax10.0_nbins30_zsplit4bin2_Lsplit4bin1_N50_Planck_MC_b10

Pixels masked by MC but not already by selfunc: 769
G20.5_zsplit4bin2_Lsplit4bin2: 0.01              79881 vs 80952
/home/groups/tabel/mahlet/quaia-env/lib/python3.10/site-packages/Corrfunc/utils.py:918: UserWarning: One or more input array has non-native endianness!  A copy will be made with the correct endianness.
  warnings.warn("One or more input array has non-native endianness!  A copy will"\
DD: 0.025141
DR: 0.751945
RR: 3.084718
DD: 0.025245
DR: 0.752629
RR: 3.075049
DD: 0.025237
DR: 0.743101
RR: 3.062957
DD: 0.026112999999999997
DR: 0.7446710000000001
RR: 3.067955
DD: 0.026685999999999998
DR: 0.776323
RR: 3.065169
DD: 0.025951
DR: 0.764452
RR: 3.031251
DD: 0.026161999999999998
DR: 0.772526
RR: 3.194434
DD: 0.025797
DR: 0.760336
RR: 3.059946
DD: 0.025946999999999998
DR: 0.7638199999999999
RR: 3.136426
DD: 0.025509
DR: 0.798915
RR: 3.203881
DD: 0.026195
DR: 0.752497
RR: 3.102077
DD: 0.025421
DR: 0.752629
RR: 3.067224
DD: 0.025342
DR: 0.7909349999999999
RR: 3.174176
DD: 0.026365
DR: 0.766223
RR: 3.166773
DD: 0.026425999999999998
DR: 0.770444
RR: 3.245551
DD: 0.027333999999999997
DR: 0.784914
RR: 3.231509
DD: 0.026515999999999998
DR: 0.772201
RR: 3.146647
DD: 0.026421999999999998
DR: 0.766284
RR: 3.107282
DD: 0.025561
DR: 0.746329
RR: 3.002083
DD: 0.025124
DR: 0.743723
RR: 3.016807
DD: 0.025148999999999998
DR: 0.743363
RR: 2.998736
DD: 0.025068999999999998
DR: 0.737124
RR: 3.020854
DD: 0.024932
DR: 0.74167
RR: 2.988269
DD: 0.024971
DR: 0.737464
RR: 3.106026
DD: 0.026292
DR: 0.760246
RR: 3.007624
DD: 0.026035
DR: 0.785716
RR: 3.1572459999999998
DD: 0.027281
DR: 0.793894
RR: 3.193812
DD: 0.027222999999999997
DR: 0.790941
RR: 3.020348
DD: 0.025984999999999998
DR: 0.753545
RR: 2.997129
DD: 0.025155
DR: 0.7387319999999999
RR: 3.066937
DD: 0.025287999999999998
DR: 0.751533
RR: 3.105012
DD: 0.025422999999999998
DR: 0.757919
RR: 3.201597
DD: 0.025981999999999998
DR: 0.7732859999999999
RR: 3.186139
DD: 0.026209
DR: 0.7696919999999999
RR: 3.153594
DD: 0.025425999999999997
DR: 0.761272
RR: 3.148903
DD: 0.026473
DR: 0.757512
RR: 3.056484
DD: 0.026307
DR: 0.7785610000000001
RR: 3.18687
DD: 0.026723
DR: 0.7732289999999999
RR: 3.165901
DD: 0.027724
DR: 0.8027690000000001
RR: 3.208246
DD: 0.02641
DR: 0.773976
RR: 3.152222
DD: 0.025474999999999998
DR: 0.766258
RR: 3.176826
DD: 0.026928999999999998
DR: 0.80325
RR: 3.270576
DD: 0.026153
DR: 0.7880189999999999
RR: 3.201445
DD: 0.025478999999999998
DR: 0.764201
RR: 3.086018
DD: 0.024936
DR: 0.7493219999999999
RR: 3.117079
DD: 0.026451
DR: 0.778605
RR: 3.107337
DD: 0.02512
DR: 0.751856
RR: 3.074519
DD: 0.025661
DR: 0.772194
RR: 3.17359
DD: 0.025196
DR: 0.743682
RR: 3.038558
DD: 0.025072
DR: 0.746551
RR: 2.987423
saved to _G20.5_rmin0.001_rmax10.0_nbins30_zsplit4bin2_Lsplit4bin2_N50_Planck_MC_b10

Pixels masked by MC but not already by selfunc: 578
G20.5_zsplit4bin2_Lsplit4bin3: 0.01              80300 vs 80952
/home/groups/tabel/mahlet/quaia-env/lib/python3.10/site-packages/Corrfunc/utils.py:918: UserWarning: One or more input array has non-native endianness!  A copy will be made with the correct endianness.
  warnings.warn("One or more input array has non-native endianness!  A copy will"\
DD: 0.027083
DR: 0.786277
RR: 3.40924
DD: 0.026643
DR: 0.793686
RR: 3.413184
DD: 0.026896999999999997
DR: 0.795329
RR: 3.4000019999999997
DD: 0.02666
DR: 0.789531
RR: 3.384906
DD: 0.026536999999999998
DR: 0.792733
RR: 3.377255
DD: 0.027492
DR: 0.834789
RR: 3.481553
DD: 0.028095000000000092
DR: 0.824106
RR: 3.403258
DD: 0.02759
DR: 0.825618
RR: 3.47083
DD: 0.027215
DR: 0.8087219999999999
RR: 3.492685
DD: 0.026678
DR: 0.793129
RR: 3.458553
DD: 0.028183999999999997
DR: 0.8361890000000001
RR: 3.475309
DD: 0.026643999999999998
DR: 0.7951010000000001
RR: 3.4151730000000002
DD: 0.027866
DR: 0.811421
RR: 3.522921
DD: 0.028446
DR: 0.829586
RR: 3.578322
DD: 0.029585
DR: 0.855081
RR: 3.64604
DD: 0.029425
DR: 0.84047
RR: 3.543285
DD: 0.028435
DR: 0.821503
RR: 3.572553
DD: 0.029382
DR: 0.8302149999999999
RR: 3.5007260000000002
DD: 0.028346
DR: 0.810174
RR: 3.442424
DD: 0.027930999999999997
DR: 0.815787
RR: 3.497291
DD: 0.028307
DR: 0.814188
RR: 3.350444
DD: 0.027763999999999997
DR: 0.796738
RR: 3.324091
DD: 0.02847
DR: 0.814722
RR: 3.3613210000000002
DD: 0.027434
DR: 0.789548
RR: 3.449625
DD: 0.027764999999999998
DR: 0.81674
RR: 3.531205
DD: 0.028546
DR: 0.8286789999999999
RR: 3.430676
DD: 0.027072
DR: 0.796546
RR: 3.417348
DD: 0.026341
DR: 0.797162
RR: 3.390967
DD: 0.026202999999999997
DR: 0.783037
RR: 3.368976
DD: 0.027039999999999998
DR: 0.799915
RR: 3.51327
DD: 0.027475
DR: 0.8057570000000001
RR: 3.434587
DD: 0.02758
DR: 0.830245
RR: 3.544339
DD: 0.028891999999999998
DR: 0.854664
RR: 3.597324
DD: 0.034753
DR: 0.821118
RR: 3.648254
DD: 0.043540999999999996
DR: 0.856769
RR: 3.572318
DD: 0.040347999999999995
DR: 0.8132280000000001
RR: 3.530489
DD: 0.033992
DR: 0.815477
RR: 3.513325
DD: 0.04021600000000003
DR: 0.824585
RR: 3.56761
DD: 0.040701
DR: 0.828893
RR: 3.630101
DD: 0.0426
DR: 0.863011
RR: 3.726995
DD: 0.042712
DR: 0.88065
RR: 3.740973
DD: 0.041055999999999995
DR: 0.846718
RR: 3.736109
DD: 0.042425
DR: 0.8664160000000001
RR: 3.785979
DD: 0.041998999999999995
DR: 0.832439
RR: 3.5560229999999997
DD: 0.041996
DR: 0.835037
RR: 3.518735
DD: 0.035192999999999995
DR: 0.840007
RR: 3.5528269999999997
DD: 0.040743999999999995
DR: 0.813023
RR: 3.398885
DD: 0.028562999999999998
DR: 0.800855
RR: 3.409494
DD: 0.027843999999999997
DR: 0.807769
RR: 3.399703
DD: 0.027628999999999997
DR: 0.793582
RR: 3.411938
saved to _G20.5_rmin0.001_rmax10.0_nbins30_zsplit4bin2_Lsplit4bin3_N50_Planck_MC_b10

Pixels masked by MC but not already by selfunc: 1075
G20.5_zsplit4bin3_Lsplit4bin0: 0.03              78267 vs 80988
/home/groups/tabel/mahlet/quaia-env/lib/python3.10/site-packages/Corrfunc/utils.py:918: UserWarning: One or more input array has non-native endianness!  A copy will be made with the correct endianness.
  warnings.warn("One or more input array has non-native endianness!  A copy will"\
DD: 0.024234
DR: 0.709578
RR: 2.789775
DD: 0.025237
DR: 0.7115659999999999
RR: 2.8297280000000002
DD: 0.024378
DR: 0.708936
RR: 2.8789819999999997
DD: 0.025292
DR: 0.744834
RR: 2.952554
DD: 0.025134999999999998
DR: 0.721047
RR: 2.936144
DD: 0.024465999999999998
DR: 0.720015
RR: 2.939427
DD: 0.024947999999999998
DR: 0.708395
RR: 2.766407
DD: 0.024079999999999997
DR: 0.706454
RR: 2.827769
DD: 0.024038999999999998
DR: 0.7074039999999999
RR: 2.781233
DD: 0.025037
DR: 0.736853
RR: 2.909285
DD: 0.025504
DR: 0.737711
RR: 2.939691
DD: 0.025738
DR: 0.734686
RR: 2.9326470000000002
DD: 0.025529
DR: 0.753809
RR: 3.006759
DD: 0.025051
DR: 0.7314769999999999
RR: 2.988399
DD: 0.024682
DR: 0.726218
RR: 2.919173
DD: 0.02456500000000006
DR: 0.723609
RR: 2.877341
DD: 0.024367
DR: 0.7190259999999999
RR: 2.867196
DD: 0.024281999999999998
DR: 0.7181770000000001
RR: 2.853263
DD: 0.024215000000000098
DR: 0.713686
RR: 2.810549
DD: 0.023967
DR: 0.735019
RR: 2.908477
DD: 0.023982999999999997
DR: 0.704388
RR: 2.828518
DD: 0.026438999999999997
DR: 0.783836
RR: 2.960891
DD: 0.023986999999999998
DR: 0.707283
RR: 2.822425
DD: 0.025487
DR: 0.7386619999999999
RR: 2.874531
DD: 0.025353999999999998
DR: 0.719445
RR: 2.802162
DD: 0.02488
DR: 0.766366
RR: 3.026473
DD: 0.025093999999999998
DR: 0.7236940000000001
RR: 2.904757
DD: 0.025515
DR: 0.736857
RR: 2.899645
DD: 0.025412999999999998
DR: 0.7248570000000001
RR: 2.910101
DD: 0.024399
DR: 0.727441
RR: 2.89215
DD: 0.024877999999999997
DR: 0.729744
RR: 2.88636
DD: 0.024364999999999998
DR: 0.731409
RR: 2.981969
DD: 0.024707
DR: 0.7321880000000001
RR: 2.935877
DD: 0.024849
DR: 0.7359340000000001
RR: 2.87212
DD: 0.023944
DR: 0.711211
RR: 2.7961460000000002
DD: 0.025509
DR: 0.7185809999999999
RR: 2.915147
DD: 0.025341
DR: 0.729534
RR: 2.884136
DD: 0.025401
DR: 0.740572
RR: 2.97083
DD: 0.024831
DR: 0.7476480000000001
RR: 2.974491
DD: 0.024724
DR: 0.766228
RR: 3.013645
DD: 0.025268
DR: 0.736433
RR: 2.939898
DD: 0.025043
DR: 0.717593
RR: 3.045659
DD: 0.025945
DR: 0.747139
RR: 2.956989
DD: 0.025408
DR: 0.7125049999999999
RR: 2.79763
DD: 0.023947
DR: 0.70738
RR: 2.838552
DD: 0.023965
DR: 0.710777
RR: 2.941508
DD: 0.026036
DR: 0.767931
RR: 3.012223
DD: 0.025504
DR: 0.764178
RR: 2.856223
DD: 0.023922
DR: 0.701117
RR: 2.806205
DD: 0.025294999999999998
DR: 0.748346
RR: 2.805029
saved to _G20.5_rmin0.001_rmax10.0_nbins30_zsplit4bin3_Lsplit4bin0_N50_Planck_MC_b10

Pixels masked by MC but not already by selfunc: 975
G20.5_zsplit4bin3_Lsplit4bin1: 0.02              79468 vs 80987
/home/groups/tabel/mahlet/quaia-env/lib/python3.10/site-packages/Corrfunc/utils.py:918: UserWarning: One or more input array has non-native endianness!  A copy will be made with the correct endianness.
  warnings.warn("One or more input array has non-native endianness!  A copy will"\
DD: 0.025189
DR: 0.739537
RR: 3.103872
DD: 0.026083
DR: 0.790549
RR: 3.092802
DD: 0.025834000000000024
DR: 0.766705
RR: 3.06038
DD: 0.02574
DR: 0.76203
RR: 3.052416
DD: 0.025529
DR: 0.775237
RR: 3.074633
DD: 0.026792
DR: 0.787714
RR: 3.084212
DD: 0.025448
DR: 0.7574460000000001
RR: 3.049782
DD: 0.025049
DR: 0.741249
RR: 3.136991
DD: 0.026484999999999998
DR: 0.762467
RR: 3.095148
DD: 0.025774
DR: 0.764733
RR: 3.126356
DD: 0.025901999999999998
DR: 0.783256
RR: 3.080459
DD: 0.025133
DR: 0.748557
RR: 3.198314
DD: 0.026222
DR: 0.767647
RR: 3.045298
DD: 0.02512
DR: 0.764025
RR: 3.108989
DD: 0.025637
DR: 0.760104
RR: 3.093488
DD: 0.025914
DR: 0.779078
RR: 3.198634
DD: 0.026055
DR: 0.768812
RR: 3.096726
DD: 0.025324
DR: 0.737757
RR: 3.029368
DD: 0.026014
DR: 0.768258
RR: 3.079951
DD: 0.025582999999999998
DR: 0.755379
RR: 3.127674
DD: 0.026123
DR: 0.795878
RR: 3.156827
DD: 0.026168999999999998
DR: 0.775579
RR: 3.0422640000000003
DD: 0.024946
DR: 0.760977
RR: 2.94628
DD: 0.025172
DR: 0.729285
RR: 2.908686
DD: 0.024429
DR: 0.7191409999999999
RR: 2.879397
DD: 0.025932
DR: 0.77335
RR: 3.095332
DD: 0.024776
DR: 0.7332110000000001
RR: 2.974789
DD: 0.026017
DR: 0.773475
RR: 3.035025
DD: 0.025606999999999998
DR: 0.755349
RR: 3.0654250000000003
DD: 0.025782
DR: 0.756559
RR: 3.122861
DD: 0.0259
DR: 0.789824
RR: 3.113191
DD: 0.025502
DR: 0.752806
RR: 3.027431
DD: 0.025337
DR: 0.7523500000000001
RR: 3.033366
DD: 0.025379
DR: 0.75865
RR: 3.114863
DD: 0.025998
DR: 0.76973
RR: 3.146481
DD: 0.026298
DR: 0.768529
RR: 3.050021
DD: 0.025508
DR: 0.756901
RR: 3.039625
DD: 0.025342
DR: 0.752425
RR: 3.010649
DD: 0.025210999999999997
DR: 0.7455590000000001
RR: 3.127507
DD: 0.026361
DR: 0.760154
RR: 2.988608
DD: 0.024928
DR: 0.735995
RR: 3.173324
DD: 0.025637
DR: 0.780819
RR: 3.053245
DD: 0.025033
DR: 0.765177
RR: 3.161995
DD: 0.026400999999999997
DR: 0.784922
RR: 3.196291
DD: 0.026570999999999997
DR: 0.76186
RR: 3.094902
DD: 0.025161
DR: 0.788641
RR: 3.012111
DD: 0.024713000000000096
DR: 0.73356
RR: 2.884697
DD: 0.024367999999999997
DR: 0.754148
RR: 2.885285
DD: 0.02541
DR: 0.748807
RR: 2.982686
DD: 0.02468
DR: 0.752505
RR: 3.035719
saved to _G20.5_rmin0.001_rmax10.0_nbins30_zsplit4bin3_Lsplit4bin1_N50_Planck_MC_b10

Pixels masked by MC but not already by selfunc: 1005
G20.5_zsplit4bin3_Lsplit4bin2: 0.02              79732 vs 80987
/home/groups/tabel/mahlet/quaia-env/lib/python3.10/site-packages/Corrfunc/utils.py:918: UserWarning: One or more input array has non-native endianness!  A copy will be made with the correct endianness.
  warnings.warn("One or more input array has non-native endianness!  A copy will"\
DD: 0.024998
DR: 0.740908
RR: 3.030515
DD: 0.024898
DR: 0.740152
RR: 2.994722
DD: 0.025738
DR: 0.7438830000000001
RR: 3.087107
DD: 0.028371
DR: 0.798892
RR: 3.138108
DD: 0.027032999999999998
DR: 0.806091
RR: 3.088582
DD: 0.026344
DR: 0.74929
RR: 3.064788
DD: 0.026321999999999998
DR: 0.771545
RR: 3.107981
DD: 0.026271
DR: 0.867361
RR: 3.543629
DD: 0.028939999999999997
DR: 0.878426
RR: 3.47893
DD: 0.029245999999999998
DR: 0.852389
RR: 3.732826
DD: 0.030899
DR: 0.892601
RR: 3.5718170000000002
DD: 0.029474999999999998
DR: 0.866758
RR: 3.524954
DD: 0.028772
DR: 0.826541
RR: 3.356233
DD: 0.028484
DR: 0.7741
RR: 3.12591
DD: 0.02676
DR: 0.780676
RR: 3.2420999999999998
DD: 0.026914
DR: 0.760378
RR: 3.1349
DD: 0.027589
DR: 0.786057
RR: 3.194335
DD: 0.025627999999999998
DR: 0.7621979999999999
RR: 3.16848
DD: 0.025566
DR: 0.7637809999999999
RR: 3.141662
DD: 0.025443
DR: 0.7566769999999999
RR: 3.139793
DD: 0.025391
DR: 0.7589159999999999
RR: 3.145344
DD: 0.025301
DR: 0.7565
RR: 3.159432
DD: 0.02549
DR: 0.761875
RR: 3.137806
DD: 0.026601999999999997
DR: 0.763744
RR: 3.149952
DD: 0.025408
DR: 0.7546809999999999
RR: 3.137916
DD: 0.025459
DR: 0.7511669999999999
RR: 3.097371
DD: 0.024915
DR: 0.747934
RR: 3.02179
DD: 0.024981999999999997
DR: 0.75545
RR: 3.244119
DD: 0.026361
DR: 0.75324
RR: 3.106231
DD: 0.027347999999999997
DR: 0.792096
RR: 3.228954
DD: 0.027788
DR: 0.78063
RR: 3.215483
DD: 0.025901999999999998
DR: 0.765266
RR: 3.187753
DD: 0.02565
DR: 0.759536
RR: 3.197195
DD: 0.025838
DR: 0.766675
RR: 3.187645
DD: 0.025932999999999998
DR: 0.769456
RR: 3.228639
DD: 0.034107
DR: 0.810433
RR: 3.378789
DD: 0.027254999999999998
DR: 0.799527
RR: 3.290559
DD: 0.027951999999999998
DR: 0.820873
RR: 3.252655
DD: 0.027205
DR: 0.789562
RR: 3.268317
DD: 0.02685
DR: 0.774736
RR: 3.116309
DD: 0.026673
DR: 0.7993669999999999
RR: 3.233986
DD: 0.026728
DR: 0.776253
RR: 3.198224
DD: 0.027933999999999997
DR: 0.79308
RR: 3.39802
DD: 0.027961
DR: 0.809816
RR: 3.270551
DD: 0.026944
DR: 0.78847
RR: 3.246427
DD: 0.027204
DR: 0.7860619999999999
RR: 3.151757
DD: 0.026989
DR: 0.777346
RR: 3.123339
DD: 0.027150999999999998
DR: 0.7567360000000001
RR: 3.044202
DD: 0.026286999999999998
DR: 0.755636
RR: 3.056455
DD: 0.026069
DR: 0.787965
RR: 3.1615159999999998
saved to _G20.5_rmin0.001_rmax10.0_nbins30_zsplit4bin3_Lsplit4bin2_N50_Planck_MC_b10

Pixels masked by MC but not already by selfunc: 915
G20.5_zsplit4bin3_Lsplit4bin3: 0.01              80000 vs 80988
/home/groups/tabel/mahlet/quaia-env/lib/python3.10/site-packages/Corrfunc/utils.py:918: UserWarning: One or more input array has non-native endianness!  A copy will be made with the correct endianness.
  warnings.warn("One or more input array has non-native endianness!  A copy will"\
DD: 0.027682
DR: 0.789489
RR: 3.155364
DD: 0.026515999999999998
DR: 0.762924
RR: 3.13291
DD: 0.02606
DR: 0.771135
RR: 3.165665
DD: 0.027427
DR: 0.771391
RR: 3.143098
DD: 0.026262999999999998
DR: 0.761736
RR: 3.134882
DD: 0.026372
DR: 0.799118
RR: 3.247517
DD: 0.027607999999999997
DR: 0.801192
RR: 3.238675
DD: 0.026971
DR: 0.7822720000000001
RR: 3.237844
DD: 0.026705999999999997
DR: 0.782762
RR: 3.266953
DD: 0.026713999999999998
DR: 0.785841
RR: 3.2354760000000002
DD: 0.027573
DR: 0.797658
RR: 3.251845
DD: 0.027585
DR: 0.7959
RR: 3.253853
DD: 0.026817999999999998
DR: 0.784052
RR: 3.255276
DD: 0.027889999999999998
DR: 0.7871119999999999
RR: 3.26218
DD: 0.027743
DR: 0.797812
RR: 3.2705859999999998
DD: 0.027652999999999997
DR: 0.791601
RR: 3.246158
DD: 0.027585
DR: 0.780533
RR: 3.248042
DD: 0.027787
DR: 0.797461
RR: 3.231521
DD: 0.027332
DR: 0.783154
RR: 3.189438
DD: 0.027236999999999997
DR: 0.776029
RR: 3.176854
DD: 0.027125
DR: 0.771085
RR: 3.157855
DD: 0.02718
DR: 0.77098
RR: 3.180702
DD: 0.02716
DR: 0.770019
RR: 3.176609
DD: 0.026036999999999998
DR: 0.770869
RR: 3.119703
DD: 0.026026999999999998
DR: 0.757502
RR: 3.122848
DD: 0.026045
DR: 0.761002
RR: 3.1285629999999998
DD: 0.025998
DR: 0.762389
RR: 3.23861
DD: 0.026184
DR: 0.757636
RR: 3.13015
DD: 0.02608
DR: 0.757359
RR: 3.279326
DD: 0.027375
DR: 0.774014
RR: 3.206808
DD: 0.027359000000000022
DR: 0.78582
RR: 3.225938
DD: 0.028162
DR: 0.798604
RR: 3.439308
DD: 0.028711
DR: 0.8129029999999999
RR: 3.381444
DD: 0.027174
DR: 0.798888
RR: 3.336517
DD: 0.027136999999999998
DR: 0.792529
RR: 3.384218
DD: 0.027226
DR: 0.801383
RR: 3.549804
DD: 0.027992999999999997
DR: 0.842578
RR: 3.511504
DD: 0.028328
DR: 0.828083
RR: 3.331579
DD: 0.027742
DR: 0.8004290000000001
RR: 3.440466
DD: 0.029427
DR: 0.8360730000000001
RR: 3.38783
DD: 0.028017999999999998
DR: 0.8543620000000001
RR: 3.556149
DD: 0.029008
DR: 0.823953
RR: 3.450866
DD: 0.027753999999999997
DR: 0.809114
RR: 3.417258
DD: 0.027097999999999997
DR: 0.814199
RR: 3.56065
DD: 0.027807
DR: 0.830457
RR: 3.326176
DD: 0.026402
DR: 0.771632
RR: 3.220205
DD: 0.026262999999999998
DR: 0.777492
RR: 3.243222
DD: 0.027173
DR: 0.7796540000000001
RR: 3.446059
DD: 0.02872
DR: 0.824214
RR: 3.435675
DD: 0.028079
DR: 0.802798
RR: 3.315861
saved to _G20.5_rmin0.001_rmax10.0_nbins30_zsplit4bin3_Lsplit4bin3_N50_Planck_MC_b10

done!
