Starting batch job

G20.5: computing wtheta in 30 bins from 0.001 to 10.0 on a log scale for 50 jackknife regions...
--L: maxsplit

z: None split 4
L: None maxsplit 3
Pixels masked by MC but not already by selfunc: 1175
G20.5_zsplit4bin0_Lmaxsplit3bin0: 0.05              102498 vs 107932
[Warning] The CPU supports AVX512F but the compiler does not.  Can you try another compiler?
/home/groups/tabel/mahlet/quaia-env/lib/python3.10/site-packages/Corrfunc/utils.py:918: UserWarning: One or more input array has non-native endianness!  A copy will be made with the correct endianness.
  warnings.warn("One or more input array has non-native endianness!  A copy will"\
DD: 0.032657
DR: 1.084408
RR: 5.248593
DD: 0.032699
DR: 1.139414
RR: 5.142088
DD: 0.035583
DR: 1.135472
RR: 5.092881
DD: 0.034917
DR: 1.104789
RR: 5.295214
DD: 0.035657
DR: 1.092546
RR: 5.22096
DD: 0.032677
DR: 1.071765
RR: 5.088167
DD: 0.031215999999999997
DR: 1.136972
RR: 5.068998
DD: 0.03481
DR: 1.129933
RR: 5.165614
DD: 0.033961
DR: 1.081715
RR: 5.215316
DD: 0.031634999999999996
DR: 1.070221
RR: 5.128724
DD: 0.034345
DR: 1.094809
RR: 5.101446
DD: 0.031636
DR: 1.140619
RR: 5.078183
DD: 0.033615
DR: 1.115723
RR: 5.07814
DD: 0.033613
DR: 1.0744660000000001
RR: 5.214551
DD: 0.03170200000000001
DR: 1.086711
RR: 5.169746
DD: 0.033571
DR: 1.085724
RR: 5.02048
DD: 0.032485
DR: 1.109859
RR: 4.972498
DD: 0.032864
DR: 1.0981049999999999
RR: 5.129695
DD: 0.033554
DR: 1.05587
RR: 5.212538
DD: 0.031160999999999998
DR: 1.080118
RR: 5.168356
DD: 0.031493
DR: 1.097646
RR: 4.985137
DD: 0.033028
DR: 1.104598
RR: 4.924522
DD: 0.03267
DR: 1.100224
RR: 5.035085
DD: 0.03272
DR: 1.055851
RR: 5.115551
DD: 0.031897999999999996
DR: 1.067163
RR: 5.066924
DD: 0.031279
DR: 1.114355
RR: 4.988249
DD: 0.032958
DR: 1.108841
RR: 4.953595
DD: 0.032473
DR: 1.082423
RR: 4.985174
DD: 0.032683
DR: 1.058272
RR: 5.097524
DD: 0.031306
DR: 1.074243
RR: 5.077707
DD: 0.031388
DR: 1.122541
RR: 5.054864
DD: 0.033629
DR: 1.138841
RR: 4.88214
DD: 0.03247100000000003
DR: 1.092842
RR: 4.984588
DD: 0.033159999999999995
DR: 1.059811
RR: 5.093949
DD: 0.031514
DR: 1.085701
RR: 5.13211
DD: 0.03172000000000008
DR: 1.12887
RR: 5.012356
DD: 0.033275
DR: 1.1192549999999999
RR: 5.021917
DD: 0.033277999999999995
DR: 1.085022
RR: 5.192865
DD: 0.03371
DR: 1.118731
RR: 5.099892
DD: 0.031677
DR: 1.0790980000000001
RR: 5.0776769999999996
DD: 0.031633
DR: 1.127825
RR: 5.049687
DD: 0.033076
DR: 1.101044
RR: 4.81968
DD: 0.031214
DR: 1.073435
RR: 4.955168
DD: 0.032473999999999996
DR: 1.093806
RR: 5.003229
DD: 0.032743
DR: 1.099283
RR: 4.913388
DD: 0.032466
DR: 1.08929
RR: 5.09776
DD: 0.033368999999999996
DR: 1.112413
RR: 5.069
DD: 0.033079
DR: 1.09218
RR: 5.089456
DD: 0.034158
DR: 1.070976
RR: 4.962394
DD: 0.032559
DR: 1.065825
RR: 4.956848
saved to _G20.5_rmin0.001_rmax10.0_nbins30_zsplit4bin0_Lmaxsplit3bin0_N50_Planck_MC_b10

Pixels masked by MC but not already by selfunc: 2226
G20.5_zsplit4bin0_Lmaxsplit3bin1: 0.04              208260 vs 215863
/home/groups/tabel/mahlet/quaia-env/lib/python3.10/site-packages/Corrfunc/utils.py:918: UserWarning: One or more input array has non-native endianness!  A copy will be made with the correct endianness.
  warnings.warn("One or more input array has non-native endianness!  A copy will"\
DD: 0.083822
DR: 3.185771
RR: 20.968639
DD: 0.079798
DR: 3.240108
RR: 20.705819
DD: 0.080041
DR: 3.141492
RR: 20.897531
DD: 0.078536
DR: 3.244689
RR: 20.884262
DD: 0.07972699999999999
DR: 3.148824
RR: 20.448737
DD: 0.078914
DR: 3.101786
RR: 20.714172
DD: 0.079123
DR: 3.1722
RR: 20.62658
DD: 0.082069
DR: 3.090538
RR: 20.830907
DD: 0.078899
DR: 3.145937
RR: 20.57872
DD: 0.077953
DR: 3.106094
RR: 20.974521
DD: 0.07943399999999999
DR: 3.143707
RR: 20.733902
DD: 0.07842099999999999
DR: 3.130251
RR: 20.740525
DD: 0.078944
DR: 3.1681660000000003
RR: 20.964819
DD: 0.078749
DR: 3.168771
RR: 20.923414
DD: 0.07959
DR: 3.131889
RR: 20.74279
DD: 0.07725699999999999
DR: 3.166034
RR: 20.87589
DD: 0.07891800000000004
DR: 3.126839
RR: 20.748833
DD: 0.07867000000000002
DR: 3.110357
RR: 20.547631
DD: 0.07819899999999999
DR: 3.142307
RR: 20.415406
DD: 0.077776
DR: 3.140643
RR: 20.277076
DD: 0.077072
DR: 3.104649
RR: 20.567778
DD: 0.07791
DR: 3.096293
RR: 20.403502
DD: 0.078147
DR: 3.104293
RR: 20.202569
DD: 0.07719899999999999
DR: 3.088362
RR: 20.345415
DD: 0.0785530000000001
DR: 3.104765
RR: 20.443457
DD: 0.08092099999999999
DR: 3.151483
RR: 20.337479000000002
DD: 0.07787899999999999
DR: 3.1079
RR: 20.363185
DD: 0.07822899999999999
DR: 3.101866
RR: 20.442623
DD: 0.079001
DR: 3.093506
RR: 20.123322
DD: 0.07788199999999999
DR: 3.083869
RR: 20.361244
DD: 0.078592
DR: 3.1144439999999998
RR: 20.3985
DD: 0.079306
DR: 3.086107
RR: 20.162959999999998
DD: 0.077982
DR: 3.094879
RR: 20.49406
DD: 0.079076
DR: 3.117509
RR: 20.224767
DD: 0.078813
DR: 3.138169
RR: 20.699545
DD: 0.079649
DR: 3.11573
RR: 20.404318
DD: 0.078175
DR: 3.11011
RR: 20.642188
DD: 0.07954
DR: 3.1315020000000002
RR: 20.49341
DD: 0.078427
DR: 3.129344
RR: 20.896119
DD: 0.077766
DR: 3.162303
RR: 20.728365
DD: 0.078916
DR: 3.134581
RR: 20.817137
DD: 0.078541
DR: 3.161097
RR: 20.900977
DD: 0.079597
DR: 3.159009
RR: 20.914475
DD: 0.078581
DR: 3.134228
RR: 20.701433
DD: 0.07890799999999999
DR: 3.160467
RR: 20.872143
DD: 0.078486
DR: 3.11614
RR: 20.654862
DD: 0.07835199999999999
DR: 3.103196
RR: 20.558399
DD: 0.077626
DR: 3.105474
RR: 20.44471
DD: 0.07872200000000007
DR: 3.084651
RR: 20.447725
DD: 0.078132
DR: 3.143588
RR: 20.574753
saved to _G20.5_rmin0.001_rmax10.0_nbins30_zsplit4bin0_Lmaxsplit3bin1_N50_Planck_MC_b10

Pixels masked by MC but not already by selfunc: 3191
G20.5_zsplit4bin0_Lmaxsplit3bin2: 0.03              314535 vs 323795
/home/groups/tabel/mahlet/quaia-env/lib/python3.10/site-packages/Corrfunc/utils.py:918: UserWarning: One or more input array has non-native endianness!  A copy will be made with the correct endianness.
  warnings.warn("One or more input array has non-native endianness!  A copy will"\
DD: 0.146111
DR: 6.302537
RR: 50.169085
DD: 0.14631100000000008
DR: 6.24542
RR: 50.207843
DD: 0.142564
DR: 6.288856
RR: 50.326847
DD: 0.144233
DR: 6.273684
RR: 50.465225
DD: 0.14443300000000003
DR: 6.29345
RR: 50.291412
DD: 0.145443
DR: 6.343956
RR: 50.912053
DD: 0.146141
DR: 6.3549430000000005
RR: 51.192827
DD: 0.144229
DR: 6.390993
RR: 51.290948
DD: 0.146533
DR: 6.347301
RR: 51.483286
DD: 0.148893
DR: 6.319108
RR: 51.070149
DD: 0.14621199999999998
DR: 6.3620920000000005
RR: 51.819987
DD: 0.14673799999999998
DR: 6.403025
RR: 53.274072
DD: 0.14634000000000003
DR: 6.657475
RR: 54.130552
DD: 0.14689
DR: 6.705004
RR: 54.136706
DD: 0.150897
DR: 6.492302
RR: 54.608948
DD: 0.154405
DR: 6.560391
RR: 53.932931
DD: 0.15568900000000008
DR: 6.665495
RR: 53.470325
DD: 0.15403
DR: 6.528145
RR: 53.593136
DD: 0.1450760000000001
DR: 6.599723
RR: 53.430965
DD: 0.154467
DR: 6.725736
RR: 53.677766
DD: 0.143427
DR: 6.537635
RR: 53.530336
DD: 0.155695
DR: 6.656115
RR: 53.479395
DD: 0.157438
DR: 6.664042
RR: 53.156048
DD: 0.154359
DR: 6.454492
RR: 53.283639
DD: 0.153559
DR: 6.713059
RR: 53.501249
DD: 0.143125
DR: 6.481182
RR: 53.214116
DD: 0.14625
DR: 6.39177
RR: 52.638184
DD: 0.143546
DR: 6.699886
RR: 53.09805
DD: 0.142697
DR: 6.41891
RR: 52.634336
DD: 0.153881
DR: 6.579947
RR: 53.049095
DD: 0.14274
DR: 6.542185
RR: 52.904148
DD: 0.156977
DR: 6.4917
RR: 53.366463
DD: 0.15306
DR: 6.549214
RR: 53.123937
DD: 0.157752
DR: 6.658186
RR: 53.276631
DD: 0.142443
DR: 6.598377
RR: 53.862449
DD: 0.145888
DR: 6.576727
RR: 53.702493
DD: 0.15362699999999999
DR: 6.684179
RR: 53.963358
DD: 0.142745
DR: 6.47896
RR: 53.917992
DD: 0.15512399999999998
DR: 6.718515
RR: 52.52865
DD: 0.145778
DR: 6.428639
RR: 52.317712
DD: 0.144363
DR: 6.527656
RR: 52.367001
DD: 0.14293899999999998
DR: 6.414869
RR: 51.965169
DD: 0.14792300000000003
DR: 6.350882
RR: 52.789338
DD: 0.1561720000000001
DR: 6.311685
RR: 53.069931
DD: 0.14639
DR: 6.359041
RR: 52.327787
DD: 0.152519
DR: 6.598957
RR: 51.126254
DD: 0.154388
DR: 6.378686
RR: 52.505032
DD: 0.159664
DR: 6.344529
RR: 52.994758
DD: 0.14443499999999998
DR: 6.313723
RR: 50.864346
DD: 0.145147
DR: 6.280645
RR: 51.102966
saved to _G20.5_rmin0.001_rmax10.0_nbins30_zsplit4bin0_Lmaxsplit3bin2_N50_Planck_MC_b10

Pixels masked by MC but not already by selfunc: 1138
G20.5_zsplit4bin1_Lmaxsplit3bin0: 0.04              103769 vs 107983
/home/groups/tabel/mahlet/quaia-env/lib/python3.10/site-packages/Corrfunc/utils.py:918: UserWarning: One or more input array has non-native endianness!  A copy will be made with the correct endianness.
  warnings.warn("One or more input array has non-native endianness!  A copy will"\
DD: 0.033221
DR: 1.085543
RR: 4.976219
DD: 0.03201799999999999
DR: 1.077718
RR: 5.069939
DD: 0.034182
DR: 1.079124
RR: 5.359388
DD: 0.034813
DR: 1.150838
RR: 5.361593
DD: 0.033509
DR: 1.128191
RR: 5.213554
DD: 0.03347
DR: 1.070777
RR: 4.988687
DD: 0.032045
DR: 1.078178
RR: 4.95961
DD: 0.032083
DR: 1.072275
RR: 5.151774
DD: 0.034374
DR: 1.158182
RR: 5.353433
DD: 0.033906
DR: 1.146062
RR: 5.327442
DD: 0.033763999999999995
DR: 1.13685
RR: 5.291641
DD: 0.032117
DR: 1.084069
RR: 5.023813
DD: 0.032285999999999995
DR: 1.093395
RR: 5.092163
DD: 0.032313999999999996
DR: 1.150378
RR: 5.122678
DD: 0.03411
DR: 1.144738
RR: 5.331848
DD: 0.033843
DR: 1.137423
RR: 5.317455
DD: 0.03402
DR: 1.135632
RR: 5.304491
DD: 0.034859
DR: 1.070498
RR: 4.985857
DD: 0.033638
DR: 1.087037
RR: 5.098181
DD: 0.031813
DR: 1.095397
RR: 5.07601
DD: 0.033766
DR: 1.138951
RR: 4.973018
DD: 0.031845
DR: 1.0753780000000002
RR: 5.272259
DD: 0.034025
DR: 1.094768
RR: 5.01363
DD: 0.031867
DR: 1.068297
RR: 5.000858
DD: 0.03181
DR: 1.073683
RR: 5.017717
DD: 0.032792999999999996
DR: 1.07405
RR: 4.985629
DD: 0.031896
DR: 1.07614
RR: 5.040322
DD: 0.03209800000000007
DR: 1.082348
RR: 5.160675
DD: 0.031882
DR: 1.071815
RR: 5.003314
DD: 0.032167999999999995
DR: 1.0756990000000002
RR: 4.976807
DD: 0.031897
DR: 1.081248
RR: 5.037541
DD: 0.033212
DR: 1.111894
RR: 5.288423
DD: 0.03414
DR: 1.125265
RR: 5.227515
DD: 0.034256
DR: 1.10663
RR: 4.956933
DD: 0.032004
DR: 1.078184
RR: 5.036156
DD: 0.032147
DR: 1.080098
RR: 5.123878
DD: 0.032156
DR: 1.126985
RR: 5.317027
DD: 0.033782
DR: 1.136305
RR: 5.24721
DD: 0.032035
DR: 1.079637
RR: 5.056652
DD: 0.033968
DR: 1.122449
RR: 5.039367
DD: 0.032105
DR: 1.0898940000000001
RR: 5.12066
DD: 0.032979
DR: 1.075436
RR: 5.026269
DD: 0.032256
DR: 1.083422
RR: 5.019692
DD: 0.031858
DR: 1.098908
RR: 5.302797
DD: 0.033868999999999996
DR: 1.079288
RR: 5.271668
DD: 0.03406
DR: 1.1438
RR: 5.349274
DD: 0.03399099999999999
DR: 1.13154
RR: 5.204522
DD: 0.03299
DR: 1.110982
RR: 5.243396
DD: 0.034492
DR: 1.124462
RR: 5.221112
DD: 0.033503
DR: 1.115501
RR: 5.224492
saved to _G20.5_rmin0.001_rmax10.0_nbins30_zsplit4bin1_Lmaxsplit3bin0_N50_Planck_MC_b10

Pixels masked by MC but not already by selfunc: 2219
G20.5_zsplit4bin1_Lmaxsplit3bin1: 0.03              209749 vs 215966
/home/groups/tabel/mahlet/quaia-env/lib/python3.10/site-packages/Corrfunc/utils.py:918: UserWarning: One or more input array has non-native endianness!  A copy will be made with the correct endianness.
  warnings.warn("One or more input array has non-native endianness!  A copy will"\
DD: 0.08308
DR: 3.280402
RR: 21.834669
DD: 0.082804
DR: 3.245106
RR: 20.817083
DD: 0.079153
DR: 3.137158
RR: 21.617049
DD: 0.079361
DR: 3.120496
RR: 20.42339
DD: 0.07801899999999999
DR: 3.134084
RR: 20.707378
DD: 0.078832
DR: 3.259465
RR: 21.161506
DD: 0.079091
DR: 3.118972
RR: 22.007585
DD: 0.085159
DR: 3.3398630000000002
RR: 21.02453
DD: 0.078724
DR: 3.1638
RR: 21.966354
DD: 0.08334
DR: 3.247378
RR: 21.506354
DD: 0.08133699999999999
DR: 3.255503
RR: 21.12779
DD: 0.082146
DR: 3.266805
RR: 21.216083
DD: 0.080291
DR: 3.191183
RR: 21.657746
DD: 0.08201699999999999
DR: 3.271671
RR: 21.583894
DD: 0.08297
DR: 3.227333
RR: 20.9589
DD: 0.079479
DR: 3.172431
RR: 21.06929
DD: 0.08248799999999999
DR: 3.216676
RR: 21.207993
DD: 0.080804
DR: 3.197769
RR: 21.344454
DD: 0.08141999999999999
DR: 3.154693
RR: 21.579595
DD: 0.08008799999999999
DR: 3.17884
RR: 21.132598
DD: 0.07936599999999999
DR: 3.137752
RR: 21.033528
DD: 0.08076800000000006
DR: 3.163943
RR: 20.600463
DD: 0.07793499999999999
DR: 3.111919
RR: 20.625836
DD: 0.07943299999999999
DR: 3.251815
RR: 21.170491
DD: 0.077558
DR: 3.161761
RR: 21.37153
DD: 0.079331
DR: 3.154921
RR: 21.107928
DD: 0.079016
DR: 3.159102
RR: 21.144061
DD: 0.079998
DR: 3.173336
RR: 21.257286
DD: 0.080949
DR: 3.242653
RR: 21.890874
DD: 0.08080799999999999
DR: 3.172283
RR: 21.130073
DD: 0.078692
DR: 3.237565
RR: 20.991822
DD: 0.078804
DR: 3.132475
RR: 20.943077
DD: 0.078793
DR: 3.135073
RR: 20.918112
DD: 0.080575
DR: 3.169664
RR: 20.767919
DD: 0.077843
DR: 3.162308
RR: 21.219907
DD: 0.07976599999999999
DR: 3.225707
RR: 21.623875
DD: 0.079743
DR: 3.166419
RR: 21.119412
DD: 0.081504
DR: 3.160784
RR: 21.900365999999998
DD: 0.080229
DR: 3.181905
RR: 20.910989
DD: 0.079497
DR: 3.172954
RR: 21.010643
DD: 0.079208
DR: 3.146298
RR: 21.104275
DD: 0.080286
DR: 3.155649
RR: 20.836175
DD: 0.07812999999999999
DR: 3.148271
RR: 20.911935
DD: 0.078869
DR: 3.150235
RR: 20.589036
DD: 0.077231
DR: 3.126965
RR: 20.986866
DD: 0.07931099999999999
DR: 3.132891
RR: 20.830078
DD: 0.077363
DR: 3.152951
RR: 20.806289
DD: 0.079452
DR: 3.144142
RR: 20.779099
DD: 0.07751899999999999
DR: 3.129884
RR: 20.838409
DD: 0.07849099999999999
DR: 3.139107
RR: 20.786401
saved to _G20.5_rmin0.001_rmax10.0_nbins30_zsplit4bin1_Lmaxsplit3bin1_N50_Planck_MC_b10

Pixels masked by MC but not already by selfunc: 3095
G20.5_zsplit4bin1_Lmaxsplit3bin2: 0.02              316632 vs 323949
/home/groups/tabel/mahlet/quaia-env/lib/python3.10/site-packages/Corrfunc/utils.py:918: UserWarning: One or more input array has non-native endianness!  A copy will be made with the correct endianness.
  warnings.warn("One or more input array has non-native endianness!  A copy will"\
DD: 0.147887
DR: 6.39207
RR: 51.917809
DD: 0.146889
DR: 6.431391
RR: 51.471282
DD: 0.14478400000000002
DR: 6.384333
RR: 51.611048
DD: 0.147486
DR: 6.423133
RR: 51.713637
DD: 0.14628
DR: 6.385454
RR: 52.402476
DD: 0.144945
DR: 6.503299
RR: 52.414275
DD: 0.147513
DR: 6.466848
RR: 52.360136
DD: 0.146678
DR: 6.465086
RR: 52.582057
DD: 0.14879699999999998
DR: 6.577147
RR: 52.213405
DD: 0.146016
DR: 6.527621
RR: 52.795328
DD: 0.146844
DR: 6.516527
RR: 52.901763
DD: 0.147007
DR: 6.5209969999999995
RR: 53.16159
DD: 0.14924199999999999
DR: 6.5596
RR: 53.296447
DD: 0.14920300000000009
DR: 6.59041
RR: 53.274258
DD: 0.14729299999999998
DR: 6.568103
RR: 53.30013
DD: 0.148088
DR: 6.500078
RR: 53.191762
DD: 0.14746399999999998
DR: 6.55801
RR: 52.771999
DD: 0.146802
DR: 6.491202
RR: 52.643435
DD: 0.14612
DR: 6.405257
RR: 52.103167
DD: 0.143706
DR: 6.414578
RR: 51.791522
DD: 0.147582
DR: 6.409404
RR: 51.624622
DD: 0.14652199999999999
DR: 6.412758
RR: 51.99716
DD: 0.144056
DR: 6.36376
RR: 51.722596
DD: 0.145972
DR: 6.361163
RR: 51.660601
DD: 0.14593
DR: 6.397944
RR: 51.403665
DD: 0.14375500000000008
DR: 6.374223
RR: 51.024517
DD: 0.145584
DR: 6.351116
RR: 50.979398
DD: 0.145219
DR: 6.36252
RR: 51.071866
DD: 0.145944
DR: 6.3401060000000005
RR: 51.489631
DD: 0.14539400000000002
DR: 6.370525
RR: 51.546433
DD: 0.145978
DR: 6.383425
RR: 51.116784
DD: 0.146591
DR: 6.391795
RR: 51.555793
DD: 0.14707399999999998
DR: 6.402154
RR: 51.956297
DD: 0.147451
DR: 6.42883
RR: 52.148273
DD: 0.147774
DR: 6.443934
RR: 51.862696
DD: 0.14853800000000006
DR: 6.439762
RR: 52.740805
DD: 0.14629100000000006
DR: 6.539484
RR: 52.589561
DD: 0.1480140000000001
DR: 6.490453
RR: 52.717975
DD: 0.149096
DR: 6.54732
RR: 53.012963
DD: 0.149354
DR: 6.551807
RR: 52.948211
DD: 0.154244
DR: 6.546297
RR: 52.9873
DD: 0.14767600000000003
DR: 6.47613
RR: 53.644061
DD: 0.14482799999999998
DR: 6.481579
RR: 52.870407
DD: 0.14748700000000003
DR: 6.467902
RR: 52.766904
DD: 0.14677700000000005
DR: 6.454567
RR: 52.277343
DD: 0.146942
DR: 6.439961
RR: 52.000995
DD: 0.14557799999999999
DR: 6.398048
RR: 51.909906
DD: 0.14346499999999998
DR: 6.375122
RR: 51.681452
DD: 0.143875
DR: 6.355148
RR: 51.846969
DD: 0.14501
DR: 6.414389
RR: 52.312766
saved to _G20.5_rmin0.001_rmax10.0_nbins30_zsplit4bin1_Lmaxsplit3bin2_N50_Planck_MC_b10

Pixels masked by MC but not already by selfunc: 1188
G20.5_zsplit4bin2_Lmaxsplit3bin0: 0.03              104307 vs 107936
/home/groups/tabel/mahlet/quaia-env/lib/python3.10/site-packages/Corrfunc/utils.py:918: UserWarning: One or more input array has non-native endianness!  A copy will be made with the correct endianness.
  warnings.warn("One or more input array has non-native endianness!  A copy will"\
DD: 0.03243
DR: 1.085669
RR: 5.078189
DD: 0.032264999999999995
DR: 1.077946
RR: 5.023464
DD: 0.032022999999999996
DR: 1.076724
RR: 5.058903
DD: 0.031474999999999996
DR: 1.106883
RR: 5.021492
DD: 0.033181999999999996
DR: 1.082475
RR: 5.091886
DD: 0.032237999999999996
DR: 1.079015
RR: 5.09621
DD: 0.032125
DR: 1.079992
RR: 5.082077
DD: 0.032306999999999995
DR: 1.08277
RR: 5.094999
DD: 0.032393
DR: 1.084319
RR: 5.107405
DD: 0.032317
DR: 1.093515
RR: 5.136467
DD: 0.032522999999999996
DR: 1.093197
RR: 5.159368
DD: 0.032459
DR: 1.0913059999999999
RR: 5.130766
DD: 0.032482
DR: 1.097515
RR: 5.170687
DD: 0.033042
DR: 1.093159
RR: 5.15057
DD: 0.032631
DR: 1.085226
RR: 5.122323
DD: 0.032545
DR: 1.098177
RR: 5.178732
DD: 0.033771999999999996
DR: 1.117837
RR: 5.178545
DD: 0.032174
DR: 1.085033
RR: 5.139641
DD: 0.032227
DR: 1.085323
RR: 5.099698
DD: 0.032196999999999996
DR: 1.08734
RR: 5.135438
DD: 0.032351
DR: 1.079042
RR: 5.102688
DD: 0.033213
DR: 1.081658
RR: 5.109259
DD: 0.032144
DR: 1.078099
RR: 5.116593
DD: 0.032069
DR: 1.075184
RR: 5.102888
DD: 0.032153
DR: 1.077981
RR: 5.146782
DD: 0.032312
DR: 1.075414
RR: 5.08352
DD: 0.032022999999999996
DR: 1.088044
RR: 5.15909
DD: 0.032244
DR: 1.078858
RR: 5.112791
DD: 0.032195
DR: 1.076545
RR: 5.12798
DD: 0.032262
DR: 1.079376
RR: 5.142483
DD: 0.032858
DR: 1.0814759999999999
RR: 5.143281
DD: 0.032268000000000074
DR: 1.076382
RR: 5.122978
DD: 0.032325
DR: 1.077099
RR: 5.1158339999999995
DD: 0.032216999999999996
DR: 1.079726
RR: 5.13866
DD: 0.032389
DR: 1.088822
RR: 5.136156
DD: 0.032375
DR: 1.085555
RR: 5.141548
DD: 0.033184
DR: 1.093934
RR: 5.114658
DD: 0.032186
DR: 1.09061
RR: 5.172119
DD: 0.033024
DR: 1.092182
RR: 5.177168
DD: 0.032665
DR: 1.092705
RR: 5.171253
DD: 0.03256
DR: 1.096173
RR: 5.178889
DD: 0.032466999999999996
DR: 1.0884170000000002
RR: 5.147397
DD: 0.032285
DR: 1.08353
RR: 5.121791
DD: 0.032157
DR: 1.081509
RR: 5.105922
DD: 0.032242
DR: 1.080928
RR: 5.069079
DD: 0.032175999999999996
DR: 1.081971
RR: 5.096463
DD: 0.033191
DR: 1.078331
RR: 5.068765
DD: 0.031906
DR: 1.072652
RR: 5.115819
DD: 0.032421
DR: 1.079829
RR: 5.086638
DD: 0.032014
DR: 1.074451
RR: 5.103881
saved to _G20.5_rmin0.001_rmax10.0_nbins30_zsplit4bin2_Lmaxsplit3bin0_N50_Planck_MC_b10

Pixels masked by MC but not already by selfunc: 2293
G20.5_zsplit4bin2_Lmaxsplit3bin1: 0.02              210525 vs 215872
/home/groups/tabel/mahlet/quaia-env/lib/python3.10/site-packages/Corrfunc/utils.py:918: UserWarning: One or more input array has non-native endianness!  A copy will be made with the correct endianness.
  warnings.warn("One or more input array has non-native endianness!  A copy will"\
DD: 0.080126
DR: 3.168088
RR: 21.022084
DD: 0.08014700000000008
DR: 3.165333
RR: 20.904654999999998
DD: 0.078624
DR: 3.173616
RR: 21.188253
DD: 0.079861
DR: 3.162672
RR: 21.388253
DD: 0.082629
DR: 3.18481
RR: 21.261434
DD: 0.079369
DR: 3.126172
RR: 21.132522
DD: 0.081041
DR: 3.170681
RR: 21.383428
DD: 0.07959100000000008
DR: 3.20204
RR: 21.695613
DD: 0.08158900000000002
DR: 3.176159
RR: 21.357467
DD: 0.080803
DR: 3.192468
RR: 21.446308
DD: 0.080636
DR: 3.2138619999999998
RR: 21.674428
DD: 0.081025
DR: 3.234652
RR: 21.870233
DD: 0.08243299999999999
DR: 3.261133
RR: 21.741444
DD: 0.07967199999999999
DR: 3.220763
RR: 21.95913
DD: 0.081982
DR: 3.310902
RR: 22.096963
DD: 0.08324899999999999
DR: 3.263922
RR: 21.834154
DD: 0.080037
DR: 3.194149
RR: 21.855528
DD: 0.08520799999999999
DR: 3.205057
RR: 21.905025
DD: 0.081774
DR: 3.257387
RR: 21.202866
DD: 0.07911499999999999
DR: 3.215779
RR: 21.849802
DD: 0.083979
DR: 3.086724
RR: 21.863351
DD: 0.082649
DR: 3.214199
RR: 21.268965
DD: 0.078359
DR: 3.267144
RR: 21.552669
DD: 0.08055899999999999
DR: 3.17658
RR: 21.645847
DD: 0.080012
DR: 3.135021
RR: 21.258585
DD: 0.079428
DR: 3.240511
RR: 21.425326
DD: 0.08212699999999999
DR: 3.199193
RR: 22.044333
DD: 0.08252300000000001
DR: 3.255879
RR: 21.833808
DD: 0.079181
DR: 3.268075
RR: 21.343725
DD: 0.078568
DR: 3.18817
RR: 21.928735
DD: 0.082216
DR: 3.246468
RR: 21.635685
DD: 0.08323799999999999
DR: 3.286758
RR: 21.750665
DD: 0.078031
DR: 3.228827
RR: 22.160469
DD: 0.083636
DR: 3.150581
RR: 21.073444
DD: 0.07926699999999999
DR: 3.225027
RR: 22.28408
DD: 0.083133
DR: 3.28727
RR: 22.158934
DD: 0.0832
DR: 3.278116
RR: 21.925573
DD: 0.08402899999999999
DR: 3.290854
RR: 22.058079
DD: 0.082136
DR: 3.241567
RR: 21.648554
DD: 0.081272
DR: 3.303744
RR: 22.871525
DD: 0.083462
DR: 3.413646
RR: 22.390838
DD: 0.081301
DR: 3.429099
RR: 22.660979
DD: 0.08430400000000005
DR: 3.343844
RR: 22.484172
DD: 0.08384799999999999
DR: 3.211735
RR: 22.320934
DD: 0.085074
DR: 3.37136
RR: 22.757563
DD: 0.086351
DR: 3.424777
RR: 21.782959
DD: 0.085376
DR: 3.341311
RR: 22.685517
DD: 0.083675
DR: 3.315098
RR: 22.049309
DD: 0.085126
DR: 3.1518990000000002
RR: 22.914834
DD: 0.082812
DR: 3.309123
RR: 22.32367
saved to _G20.5_rmin0.001_rmax10.0_nbins30_zsplit4bin2_Lmaxsplit3bin1_N50_Planck_MC_b10

Pixels masked by MC but not already by selfunc: 3108
G20.5_zsplit4bin2_Lmaxsplit3bin2: 0.02              317491 vs 323808
/home/groups/tabel/mahlet/quaia-env/lib/python3.10/site-packages/Corrfunc/utils.py:918: UserWarning: One or more input array has non-native endianness!  A copy will be made with the correct endianness.
  warnings.warn("One or more input array has non-native endianness!  A copy will"\
DD: 0.158442
DR: 6.855531
RR: 55.642446
DD: 0.15479099999999998
DR: 6.851478
RR: 55.41445
DD: 0.15756399999999998
DR: 6.805977
RR: 55.281218
DD: 0.15609
DR: 6.82606
RR: 55.612784
DD: 0.15651900000000007
DR: 6.796127
RR: 55.774887
DD: 0.156212
DR: 6.854685
RR: 55.840284
DD: 0.15823199999999998
DR: 6.853233
RR: 56.156296
DD: 0.157224
DR: 6.93276
RR: 55.946912
DD: 0.15559100000000003
DR: 6.867687
RR: 56.305513
DD: 0.157046
DR: 6.898003
RR: 56.063548
DD: 0.156601
DR: 6.843331
RR: 56.146966
DD: 0.155856
DR: 6.877758
RR: 56.488337
DD: 0.15531899999999998
DR: 6.884496
RR: 57.241156
DD: 0.159613
DR: 6.992172
RR: 57.989923
DD: 0.158828
DR: 7.008343
RR: 57.913771
DD: 0.160335
DR: 6.979202
RR: 57.815664
DD: 0.158231
DR: 6.921414
RR: 57.352253
DD: 0.158163
DR: 6.95203
RR: 57.306916
DD: 0.162212
DR: 6.996093
RR: 56.896742
DD: 0.156749
DR: 6.882688
RR: 56.850484
DD: 0.156988
DR: 6.787579
RR: 56.388272
DD: 0.155999
DR: 6.600586
RR: 56.474505
DD: 0.155667
DR: 6.514497
RR: 56.571732
DD: 0.155443
DR: 6.577072
RR: 56.360922
DD: 0.151466
DR: 6.797076
RR: 56.809
DD: 0.147809
DR: 6.866585
RR: 56.962115
DD: 0.14790799999999998
DR: 6.777859
RR: 56.82848
DD: 0.14693799999999999
DR: 6.716301
RR: 56.479636
DD: 0.147718
DR: 6.635392
RR: 56.471139
DD: 0.155977
DR: 6.573944
RR: 56.383569
DD: 0.15739499999999998
DR: 6.591546
RR: 56.755273
DD: 0.157598
DR: 6.675051
RR: 57.060258
DD: 0.158936
DR: 6.865557
RR: 56.865287
DD: 0.14905600000000008
DR: 6.923354
RR: 57.112901
DD: 0.149421
DR: 7.07339
RR: 57.341932
DD: 0.149748
DR: 7.084189
RR: 57.277586
DD: 0.17054999999999998
DR: 7.068686
RR: 57.62865
DD: 0.159773
DR: 7.015043
RR: 57.918941
DD: 0.161363
DR: 7.05474
RR: 58.207589
DD: 0.15961899999999998
DR: 7.047179
RR: 58.265442
DD: 0.161132
DR: 7.110312
RR: 58.426845
DD: 0.15870399999999998
DR: 7.011487
RR: 57.341397
DD: 0.159966
DR: 6.739009
RR: 57.980543
DD: 0.15935300000000008
DR: 6.916805
RR: 57.28456
DD: 0.14940799999999999
DR: 6.968664
RR: 56.858844
DD: 0.14729000000000003
DR: 6.922242
RR: 56.419653
DD: 0.148202
DR: 6.924677
RR: 56.243246
DD: 0.14687999999999998
DR: 7.099488
RR: 56.063494
DD: 0.146232
DR: 6.929849
RR: 55.976163
DD: 0.159026
DR: 7.068464
RR: 56.093862
saved to _G20.5_rmin0.001_rmax10.0_nbins30_zsplit4bin2_Lmaxsplit3bin2_N50_Planck_MC_b10

Pixels masked by MC but not already by selfunc: 1391
G20.5_zsplit4bin3_Lmaxsplit3bin0: 0.03              104722 vs 107983
/home/groups/tabel/mahlet/quaia-env/lib/python3.10/site-packages/Corrfunc/utils.py:918: UserWarning: One or more input array has non-native endianness!  A copy will be made with the correct endianness.
  warnings.warn("One or more input array has non-native endianness!  A copy will"\
DD: 0.036692999999999996
DR: 1.179629
RR: 5.295687
DD: 0.034636
DR: 1.0855920000000001
RR: 5.549194
DD: 0.034685
DR: 1.169519
RR: 5.301113
DD: 0.03254
DR: 1.12364
RR: 5.519368
DD: 0.034793
DR: 1.16053
RR: 5.393571
DD: 0.032376999999999996
DR: 1.166056
RR: 5.399839
DD: 0.035147
DR: 1.16556
RR: 5.462439
DD: 0.032556999999999996
DR: 1.132072
RR: 5.431269
DD: 0.035598
DR: 1.186229
RR: 5.511366
DD: 0.032625
DR: 1.107682
RR: 5.562388
DD: 0.036115999999999995
DR: 1.203023
RR: 5.673843
DD: 0.03358
DR: 1.104603
RR: 5.590926
DD: 0.037035
DR: 1.162549
RR: 5.596512
DD: 0.036265
DR: 1.107969
RR: 5.493666
DD: 0.035641
DR: 1.184428
RR: 5.667693
DD: 0.035219
DR: 1.108254
RR: 5.4297509999999996
DD: 0.035456
DR: 1.180409
RR: 5.567096
DD: 0.035130999999999996
DR: 1.106071
RR: 5.36207
DD: 0.035389
DR: 1.170678
RR: 5.618277
DD: 0.035053
DR: 1.119932
RR: 5.362297
DD: 0.036619
DR: 1.18587
RR: 5.570197
DD: 0.035185999999999995
DR: 1.156141
RR: 5.279891
DD: 0.034799
DR: 1.166209
RR: 5.481449
DD: 0.034669
DR: 1.166197
RR: 5.225087
DD: 0.034665999999999995
DR: 1.164475
RR: 5.509083
DD: 0.034774
DR: 1.158316
RR: 5.230767
DD: 0.032457
DR: 1.167057
RR: 5.484891
DD: 0.03458
DR: 1.164884
RR: 5.230437
DD: 0.033274
DR: 1.166829
RR: 5.506165
DD: 0.033988
DR: 1.151567
RR: 5.232873
DD: 0.032498
DR: 1.135768
RR: 5.539367
DD: 0.034672999999999995
DR: 1.159407
RR: 5.179933
DD: 0.032909
DR: 1.091525
RR: 5.182518
DD: 0.032692
DR: 1.091583
RR: 5.156678
DD: 0.032702
DR: 1.104305
RR: 5.369427
DD: 0.036406999999999995
DR: 1.166845
RR: 5.200462
DD: 0.034429
DR: 1.151014
RR: 5.543482
DD: 0.034827
DR: 1.163015
RR: 5.543468
DD: 0.034789
DR: 1.166457
RR: 5.536347
DD: 0.034999999999999996
DR: 1.164217
RR: 5.513612
DD: 0.034852
DR: 1.1663000000000001
RR: 5.529403
DD: 0.034700999999999996
DR: 1.168034
RR: 5.577904
DD: 0.034598
DR: 1.107803
RR: 5.247863
DD: 0.034929999999999996
DR: 1.163707
RR: 5.157684
DD: 0.035495
DR: 1.152992
RR: 5.461323
DD: 0.034477
DR: 1.151043
RR: 5.442658
DD: 0.034466
DR: 1.147742
RR: 5.42836
DD: 0.034307
DR: 1.147885
RR: 5.435666
DD: 0.034753
DR: 1.16137
RR: 5.424511
DD: 0.034103999999999995
DR: 1.144264
RR: 5.403383
saved to _G20.5_rmin0.001_rmax10.0_nbins30_zsplit4bin3_Lmaxsplit3bin0_N50_Planck_MC_b10

Pixels masked by MC but not already by selfunc: 2716
G20.5_zsplit4bin3_Lmaxsplit3bin1: 0.02              210867 vs 215966
/home/groups/tabel/mahlet/quaia-env/lib/python3.10/site-packages/Corrfunc/utils.py:918: UserWarning: One or more input array has non-native endianness!  A copy will be made with the correct endianness.
  warnings.warn("One or more input array has non-native endianness!  A copy will"\
DD: 0.082539
DR: 3.384448
RR: 23.396453
DD: 0.085885
DR: 3.336522
RR: 22.766103
DD: 0.079789
DR: 3.4700990000000003
RR: 22.961655
DD: 0.08524899999999999
DR: 3.378771
RR: 23.009272
DD: 0.085698
DR: 3.319312
RR: 22.894333
DD: 0.09228299999999999
DR: 3.410149
RR: 23.26732
DD: 0.086051
DR: 3.417744
RR: 22.711644
DD: 0.087588
DR: 3.433174
RR: 23.568126
DD: 0.08656799999999999
DR: 3.446471
RR: 23.033483
DD: 0.081411
DR: 3.3838340000000002
RR: 23.671695
DD: 0.08724700000000007
DR: 3.4851650000000003
RR: 23.38084
DD: 0.081498
DR: 3.556155
RR: 23.895864
DD: 0.0859890000000001
DR: 3.457481
RR: 23.737393
DD: 0.086877
DR: 3.338562
RR: 23.489757
DD: 0.08842
DR: 3.462119
RR: 23.472303
DD: 0.086849
DR: 3.444744
RR: 22.861075
DD: 0.08638499999999999
DR: 3.421834
RR: 23.427874
DD: 0.08660699999999999
DR: 3.451009
RR: 22.838841
DD: 0.086309
DR: 3.202922
RR: 23.396262
DD: 0.085851
DR: 3.389254
RR: 23.006382
DD: 0.082617
DR: 3.218928
RR: 22.991637
DD: 0.084205
DR: 3.370029
RR: 22.865322
DD: 0.08451399999999999
DR: 3.353268
RR: 22.138048
DD: 0.085613
DR: 3.40067
RR: 22.859455
DD: 0.085557
DR: 3.36513
RR: 22.577645
DD: 0.085227
DR: 3.190759
RR: 23.101421
DD: 0.085557
DR: 3.351148
RR: 22.777485
DD: 0.08437
DR: 3.190161
RR: 22.802809
DD: 0.086437
DR: 3.418676
RR: 22.84809
DD: 0.08433099999999999
DR: 3.363045
RR: 22.314163
DD: 0.08748299999999999
DR: 3.399823
RR: 23.560432
DD: 0.086409
DR: 3.392884
RR: 22.779574
DD: 0.087144
DR: 3.2411849999999998
RR: 23.608366
DD: 0.08628799999999999
DR: 3.402508
RR: 23.356304
DD: 0.087508
DR: 3.230338
RR: 23.36161
DD: 0.087146
DR: 3.434079
RR: 23.710045
DD: 0.087014
DR: 3.4557919999999998
RR: 22.680108
DD: 0.087771
DR: 3.48716
RR: 23.4958
DD: 0.087878
DR: 3.454627
RR: 23.070758
DD: 0.08226900000000004
DR: 3.499474
RR: 23.906511
DD: 0.088693
DR: 3.44842
RR: 23.459353
DD: 0.08324999999999999
DR: 3.453552
RR: 23.736081
DD: 0.088312
DR: 3.475031
RR: 23.609835
DD: 0.086753
DR: 3.258426
RR: 23.314872
DD: 0.088324
DR: 3.444785
RR: 23.393145
DD: 0.08608099999999999
DR: 3.42954
RR: 22.457535
DD: 0.08739700000000006
DR: 3.461354
RR: 23.340355
DD: 0.08535
DR: 3.392702
RR: 22.722615
DD: 0.080778
DR: 3.440137
RR: 23.420802
DD: 0.08567799999999999
DR: 3.412448
RR: 22.987987
saved to _G20.5_rmin0.001_rmax10.0_nbins30_zsplit4bin3_Lmaxsplit3bin1_N50_Planck_MC_b10

Pixels masked by MC but not already by selfunc: 3970
G20.5_zsplit4bin3_Lmaxsplit3bin2: 0.02              317467 vs 323950
/home/groups/tabel/mahlet/quaia-env/lib/python3.10/site-packages/Corrfunc/utils.py:918: UserWarning: One or more input array has non-native endianness!  A copy will be made with the correct endianness.
  warnings.warn("One or more input array has non-native endianness!  A copy will"\
DD: 0.16192499999999999
DR: 7.073515
RR: 58.498616
DD: 0.161029
DR: 7.079528
RR: 58.113653
DD: 0.15978599999999998
DR: 7.05924
RR: 58.351447
DD: 0.158792
DR: 6.98544
RR: 58.414578
DD: 0.15938
DR: 7.05025
RR: 58.931971
DD: 0.16206199999999998
DR: 7.089252
RR: 58.596809
DD: 0.161494
DR: 7.096843
RR: 59.001715
DD: 0.162833
DR: 7.09566
RR: 59.094326
DD: 0.165597
DR: 7.08339
RR: 59.274828
DD: 0.16899
DR: 7.219452
RR: 59.433557
DD: 0.162187
DR: 7.166574
RR: 59.574127
DD: 0.16602699999999998
DR: 7.3628219999999995
RR: 59.774057
DD: 0.163384
DR: 7.097833
RR: 60.289413
DD: 0.164711
DR: 6.928593
RR: 59.988795
DD: 0.156854
DR: 6.80062
RR: 57.936973
DD: 0.15667699999999998
DR: 6.837961
RR: 57.764631
DD: 0.156301
DR: 6.658803
RR: 57.168363
DD: 0.156582
DR: 6.751767
RR: 56.971099
DD: 0.155529
DR: 6.742048
RR: 56.808288
DD: 0.154693
DR: 6.721146
RR: 56.434835
DD: 0.154397
DR: 6.74219
RR: 55.477748
DD: 0.152436
DR: 6.692863
RR: 55.19705
DD: 0.150453
DR: 6.556523
RR: 55.168121
DD: 0.150549
DR: 6.546998
RR: 55.234652
DD: 0.14981
DR: 6.56215
RR: 55.208413
DD: 0.14904499999999998
DR: 6.613868
RR: 54.906073
DD: 0.1513
DR: 6.565022
RR: 54.783595
DD: 0.157059
DR: 6.536162
RR: 54.637669
DD: 0.151393
DR: 6.584393
RR: 54.82064
DD: 0.149882
DR: 6.756641
RR: 54.886463
DD: 0.152731
DR: 6.658825
RR: 54.875684
DD: 0.150203
DR: 6.776654
RR: 55.326549
DD: 0.15219
DR: 6.724127
RR: 55.447733
DD: 0.152187
DR: 6.837731
RR: 55.938824
DD: 0.154581
DR: 6.62462
RR: 55.863394
DD: 0.154226
DR: 6.696142
RR: 56.149328
DD: 0.154996
DR: 6.796429
RR: 56.318654
DD: 0.154115
DR: 6.764635
RR: 57.087115
DD: 0.15578500000000006
DR: 6.702116
RR: 57.143551
DD: 0.155184
DR: 6.822307
RR: 57.352426
DD: 0.15648299999999998
DR: 6.86325
RR: 57.539567
DD: 0.15470800000000007
DR: 6.896467
RR: 58.237271
DD: 0.157349
DR: 6.913416
RR: 57.811548
DD: 0.15401199999999998
DR: 6.7492909999999995
RR: 56.440522
DD: 0.153219
DR: 6.695075
RR: 56.180446
DD: 0.151867
DR: 6.737363
RR: 55.485643
DD: 0.151228
DR: 6.695075
RR: 55.300045
DD: 0.15106999999999998
DR: 6.632228
RR: 55.604882
DD: 0.153335
DR: 6.675827
RR: 55.622456
DD: 0.15198
DR: 6.667632
RR: 55.783946
saved to _G20.5_rmin0.001_rmax10.0_nbins30_zsplit4bin3_Lmaxsplit3bin2_N50_Planck_MC_b10

done!
