Starting batch job

G20.5: computing wtheta in 30 bins from 0.001 to 10.0 on a log scale for 50 jackknife regions...
--L: maxsplit

z: None split 4
L: None maxsplit 4
Pixels masked by MC but not already by selfunc: 907
G20.5_zsplit4bin0_Lmaxsplit4bin0: 0.25              60950 vs 80949
/home/groups/tabel/mahlet/quaia-env/lib/python3.10/site-packages/Corrfunc/utils.py:918: UserWarning: One or more input array has non-native endianness!  A copy will be made with the correct endianness.
  warnings.warn("One or more input array has non-native endianness!  A copy will"\
DD: 0.07206699999999999
DR: 0.726359
RR: 3.027487
DD: 0.032993
DR: 0.641406
RR: 3.018252
DD: 0.033783
DR: 0.631727
RR: 2.848218
DD: 0.022059
DR: 0.660765
RR: 2.973155
DD: 0.021471
DR: 0.6458809999999999
RR: 2.686886
DD: 0.022074
DR: 0.639049
RR: 2.653909
DD: 0.021987
DR: 0.612588
RR: 2.788589
DD: 0.033575
DR: 0.661195
RR: 2.988103
DD: 0.021991999999999998
DR: 0.677597
RR: 2.660225
DD: 0.022024
DR: 0.703468
RR: 2.6455450000000003
DD: 0.022069
DR: 0.687542
RR: 3.112259
DD: 0.022928
DR: 0.710923
RR: 3.165614
DD: 0.023226999999999998
DR: 0.7072459999999999
RR: 2.6929980000000002
DD: 0.02257
DR: 0.684804
RR: 2.683434
DD: 0.022794
DR: 0.693252
RR: 2.887942
DD: 0.022868
DR: 0.723935
RR: 3.303604
DD: 0.024412
DR: 0.737815
RR: 2.679821
DD: 0.022088
DR: 0.6739660000000001
RR: 2.664315
DD: 0.023249
DR: 0.736588
RR: 2.978624
DD: 0.022649
DR: 0.70048
RR: 3.038919
DD: 0.023017
DR: 0.743949
RR: 2.571745
DD: 0.022704
DR: 0.6822900000000001
RR: 2.6949170000000002
DD: 0.02273
DR: 0.722925
RR: 3.018309
DD: 0.022913
DR: 0.728071
RR: 3.134528
DD: 0.022324
DR: 0.7408399999999999
RR: 2.623317
DD: 0.02198
DR: 0.70651
RR: 2.659132
DD: 0.021707
DR: 0.726036
RR: 2.971285
DD: 0.021512999999999997
DR: 0.736411
RR: 3.199356
DD: 0.021879
DR: 0.7198019999999999
RR: 2.681048
DD: 0.021374999999999998
DR: 0.674991
RR: 2.64489
DD: 0.021474999999999998
DR: 0.68432
RR: 2.901915
DD: 0.022293999999999998
DR: 0.7128650000000001
RR: 3.007919
DD: 0.022473
DR: 0.72282
RR: 2.6985010000000003
DD: 0.023205
DR: 0.7471939999999999
RR: 2.692013
DD: 0.02249
DR: 0.7186
RR: 2.792012
DD: 0.022535
DR: 0.73508
RR: 2.871411
DD: 0.023263
DR: 0.6965279999999999
RR: 2.635478
DD: 0.022657
DR: 0.750412
RR: 2.699774
DD: 0.023016
DR: 0.7552789999999999
RR: 3.08275
DD: 0.023507
DR: 0.7147209999999999
RR: 3.092973
DD: 0.023481
DR: 0.720044
RR: 2.6790279999999997
DD: 0.022836
DR: 0.7534460000000001
RR: 3.016655
DD: 0.022692
DR: 0.7368410000000001
RR: 3.311459
DD: 0.02394
DR: 0.767086
RR: 2.935265
DD: 0.022876
DR: 0.705145
RR: 2.693187
DD: 0.022195
DR: 0.7000310000000001
RR: 2.929663
DD: 0.022556
DR: 0.734516
RR: 3.115655
DD: 0.023045
DR: 0.733997
RR: 2.790228
DD: 0.02174
DR: 0.687666
RR: 3.083643
DD: 0.022556
DR: 0.716513
RR: 3.263963
saved to _G20.5_rmin0.001_rmax10.0_nbins30_zsplit4bin0_Lmaxsplit4bin0_N50_Planck_MC_b20

Pixels masked by MC but not already by selfunc: 1705
G20.5_zsplit4bin0_Lmaxsplit4bin1: 0.20              129350 vs 161897
/home/groups/tabel/mahlet/quaia-env/lib/python3.10/site-packages/Corrfunc/utils.py:918: UserWarning: One or more input array has non-native endianness!  A copy will be made with the correct endianness.
  warnings.warn("One or more input array has non-native endianness!  A copy will"\
DD: 0.046730999999999995
DR: 1.788386
RR: 12.609107
DD: 0.050289999999999994
DR: 1.851674
RR: 12.803848
DD: 0.049471999999999995
DR: 1.845298
RR: 12.243123
DD: 0.049173999999999995
DR: 1.857682
RR: 11.337408
DD: 0.050894999999999996
DR: 2.006082
RR: 11.151799
DD: 0.049706
DR: 2.070011
RR: 11.689896
DD: 0.052483999999999996
DR: 2.139753
RR: 11.949598
DD: 0.049608
DR: 1.974932
RR: 12.158811
DD: 0.048896999999999996
DR: 1.877222
RR: 12.025108
DD: 0.050367999999999996
DR: 1.967561
RR: 11.72038
DD: 0.050717
DR: 2.052878
RR: 11.676824
DD: 0.052258
DR: 2.057421
RR: 12.228844
DD: 0.053216
DR: 2.068849
RR: 12.086454
DD: 0.051979
DR: 2.012622
RR: 12.40864
DD: 0.052315
DR: 1.981439
RR: 12.111055
DD: 0.049401
DR: 2.001264
RR: 12.022342
DD: 0.050733
DR: 2.085827
RR: 11.805373
DD: 0.050986
DR: 2.060622
RR: 11.402394
DD: 0.050720999999999995
DR: 2.092075
RR: 11.905722
DD: 0.04989
DR: 2.031052
RR: 12.016444
DD: 0.050983999999999995
DR: 1.895418
RR: 11.90776
DD: 0.048821
DR: 1.890479
RR: 11.763428
DD: 0.051129
DR: 1.967319
RR: 11.712745
DD: 0.051342
DR: 1.97599
RR: 11.249157
DD: 0.051498999999999996
DR: 2.02795
RR: 11.690669
DD: 0.048618999999999996
DR: 1.968133
RR: 11.719883
DD: 0.048679
DR: 1.934486
RR: 11.742633
DD: 0.049322
DR: 1.948563
RR: 11.504476
DD: 0.051788999999999995
DR: 2.070695
RR: 11.448368
DD: 0.051128
DR: 1.982118
RR: 11.248277
DD: 0.049151
DR: 1.882931
RR: 10.85971
DD: 0.051361
DR: 1.876035
RR: 11.448297
DD: 0.052662999999999995
DR: 2.003309
RR: 11.37991
DD: 0.050339999999999996
DR: 2.024281
RR: 11.308111
DD: 0.050327
DR: 1.954223
RR: 11.523736
DD: 0.051261
DR: 2.016206
RR: 11.391517
DD: 0.051330999999999995
DR: 2.015123
RR: 11.624888
DD: 0.051358999999999995
DR: 2.030306
RR: 11.648306999999999
DD: 0.050051
DR: 2.058839
RR: 11.785447
DD: 0.051889
DR: 2.032515
RR: 11.726776
DD: 0.051238
DR: 2.043529
RR: 11.661201
DD: 0.052597
DR: 2.047513
RR: 11.488339
DD: 0.051716
DR: 1.994153
RR: 11.498941
DD: 0.051444
DR: 1.983161
RR: 11.377819
DD: 0.050273
DR: 1.9608430000000001
RR: 11.446052
DD: 0.051740999999999995
DR: 2.054152
RR: 11.477
DD: 0.051545
DR: 2.025594
RR: 11.331877
DD: 0.050350000000000006
DR: 1.98369
RR: 11.389027
DD: 0.051557
DR: 1.961836
RR: 11.547939
DD: 0.04844
DR: 1.969349
RR: 11.512266
saved to _G20.5_rmin0.001_rmax10.0_nbins30_zsplit4bin0_Lmaxsplit4bin1_N50_Planck_MC_b20

Pixels masked by MC but not already by selfunc: 2485
G20.5_zsplit4bin0_Lmaxsplit4bin2: 0.17              201663 vs 242846
/home/groups/tabel/mahlet/quaia-env/lib/python3.10/site-packages/Corrfunc/utils.py:918: UserWarning: One or more input array has non-native endianness!  A copy will be made with the correct endianness.
  warnings.warn("One or more input array has non-native endianness!  A copy will"\
DD: 0.089416
DR: 3.959285
RR: 27.559386
DD: 0.090205
DR: 4.060173
RR: 27.794043
DD: 0.0925140000000001
DR: 3.97144
RR: 28.107624
DD: 0.095871
DR: 3.794562
RR: 28.071024
DD: 0.10248100000000004
DR: 3.747319
RR: 28.589664
DD: 0.093372
DR: 3.755767
RR: 28.819946
DD: 0.08638500000000005
DR: 3.889421
RR: 28.957408
DD: 0.089503
DR: 4.272585
RR: 28.717539
DD: 0.096815
DR: 3.947476
RR: 28.272537
DD: 0.09972299999999999
DR: 4.083825
RR: 28.349799
DD: 0.09211699999999999
DR: 4.090791
RR: 28.717572
DD: 0.09768399999999999
DR: 3.757822
RR: 28.962452
DD: 0.093178
DR: 3.983126
RR: 29.367031
DD: 0.09830000000000005
DR: 3.931608
RR: 29.459697
DD: 0.09031399999999999
DR: 4.033716
RR: 28.257371
DD: 0.101005
DR: 3.865308
RR: 29.385534
DD: 0.103403
DR: 4.192727
RR: 29.424683
DD: 0.103864
DR: 3.7788269999999997
RR: 29.790702
DD: 0.096076
DR: 4.254832
RR: 28.770629
DD: 0.095334
DR: 4.164667
RR: 29.55305
DD: 0.09219
DR: 3.886868
RR: 28.164775
DD: 0.09303199999999999
DR: 3.914471
RR: 29.077903
DD: 0.089582
DR: 4.200069
RR: 28.067819
DD: 0.09261899999999999
DR: 3.8819150000000002
RR: 28.784895
DD: 0.09483599999999999
DR: 3.541894
RR: 28.405843
DD: 0.094247
DR: 3.963179
RR: 28.89427
DD: 0.08688699999999999
DR: 3.929318
RR: 28.027541
DD: 0.092986
DR: 4.217417
RR: 29.342903
DD: 0.094859
DR: 3.61477
RR: 29.131494
DD: 0.094605
DR: 3.905898
RR: 27.954533
DD: 0.087963
DR: 3.887375
RR: 28.833477
DD: 0.09434999999999999
DR: 3.998774
RR: 27.841453
DD: 0.08928799999999999
DR: 3.967767
RR: 28.807133
DD: 0.090809
DR: 4.070164
RR: 28.39285
DD: 0.099343
DR: 4.239523
RR: 29.489578
DD: 0.09272699999999999
DR: 4.015079
RR: 28.53419
DD: 0.09197999999999999
DR: 4.012972
RR: 29.896134
DD: 0.09529699999999999
DR: 3.7297700000000003
RR: 29.478984
DD: 0.11166699999999999
DR: 4.050271
RR: 30.097412
DD: 0.0914
DR: 4.006113
RR: 29.970213
DD: 0.09376699999999999
DR: 4.043417
RR: 29.908976
DD: 0.092984
DR: 3.8526730000000002
RR: 30.288223
DD: 0.092489
DR: 4.145704
RR: 29.11558
DD: 0.08742599999999999
DR: 3.908412
RR: 29.702018
DD: 0.090264
DR: 3.998689
RR: 28.868555
DD: 0.088836
DR: 4.2952259999999995
RR: 30.291914
DD: 0.094307
DR: 4.332816
RR: 28.08575
DD: 0.090347
DR: 3.892674
RR: 30.216998
DD: 0.08848099999999999
DR: 3.9593
RR: 27.64249
DD: 0.08954999999999999
DR: 4.125281
RR: 30.097408
saved to _G20.5_rmin0.001_rmax10.0_nbins30_zsplit4bin0_Lmaxsplit4bin2_N50_Planck_MC_b20

Pixels masked by MC but not already by selfunc: 3191
G20.5_zsplit4bin0_Lmaxsplit4bin3: 0.15              274777 vs 323795
/home/groups/tabel/mahlet/quaia-env/lib/python3.10/site-packages/Corrfunc/utils.py:918: UserWarning: One or more input array has non-native endianness!  A copy will be made with the correct endianness.
  warnings.warn("One or more input array has non-native endianness!  A copy will"\
DD: 0.175201
DR: 6.602051
RR: 53.680153
DD: 0.17593500000000006
DR: 7.312727
RR: 54.961023
DD: 0.179976
DR: 7.054605
RR: 57.090027
DD: 0.15073499999999998
DR: 6.713201
RR: 54.515605
DD: 0.17019399999999998
DR: 7.361851
RR: 55.571799
DD: 0.152548
DR: 6.786271
RR: 54.49259
DD: 0.164539
DR: 6.925573
RR: 58.858277
DD: 0.165655
DR: 7.232092
RR: 60.213888
DD: 0.179051
DR: 7.226618
RR: 61.912222
DD: 0.164092
DR: 7.391909
RR: 61.843183
DD: 0.15787199999999998
DR: 7.433942
RR: 62.320335
DD: 0.16222799999999998
DR: 7.522055
RR: 62.341277
DD: 0.18330500000000005
DR: 7.553053
RR: 62.335984
DD: 0.17085
DR: 7.659569
RR: 63.423949
DD: 0.16614299999999999
DR: 7.668245
RR: 63.493339
DD: 0.183866
DR: 7.50619
RR: 64.264549
DD: 0.15942200000000006
DR: 7.187793
RR: 62.820604
DD: 0.17779499999999998
DR: 7.583312
RR: 61.190096
DD: 0.19250199999999998
DR: 7.669553
RR: 61.359939
DD: 0.155979
DR: 7.214193
RR: 60.992709
DD: 0.175086
DR: 7.19096
RR: 61.10501
DD: 0.160551
DR: 7.540465
RR: 60.983908
DD: 0.16278499999999999
DR: 7.469096
RR: 60.407966
DD: 0.157514
DR: 7.161874
RR: 57.85081
DD: 0.13576900000000003
DR: 6.952052
RR: 57.201526
DD: 0.15224
DR: 6.599716
RR: 56.746076
DD: 0.14898999999999998
DR: 6.392262
RR: 56.297207
DD: 0.134097
DR: 6.360561
RR: 56.265506
DD: 0.141572
DR: 6.789674
RR: 56.771114
DD: 0.145321
DR: 6.212934
RR: 57.251746
DD: 0.14909999999999998
DR: 6.362229
RR: 57.000568
DD: 0.15339899999999998
DR: 6.630957
RR: 55.88918
DD: 0.17691199999999999
DR: 7.187286
RR: 62.310432
DD: 0.14475500000000008
DR: 7.655583
RR: 62.920702
DD: 0.155829
DR: 7.784902
RR: 63.353944
DD: 0.162791
DR: 7.77301
RR: 64.576144
DD: 0.180921
DR: 7.686146
RR: 65.359895
DD: 0.171933
DR: 7.365298
RR: 65.716211
DD: 0.176403
DR: 7.296573
RR: 65.263262
DD: 0.180373
DR: 7.400405
RR: 64.560391
DD: 0.173709
DR: 7.4105229999999995
RR: 65.870344
DD: 0.17995000000000005
DR: 7.252597
RR: 65.545101
DD: 0.168124
DR: 7.151578
RR: 65.190004
DD: 0.16950600000000005
DR: 7.189013
RR: 62.542709
DD: 0.16536399999999998
DR: 6.768263
RR: 61.677654
DD: 0.16373
DR: 7.663697
RR: 65.724185
DD: 0.18190299999999998
DR: 8.03631
RR: 67.061072
DD: 0.18441
DR: 8.017816
RR: 67.05233
DD: 0.185853
DR: 8.025628
RR: 67.177505
DD: 0.176085
DR: 7.886022
RR: 66.948415
saved to _G20.5_rmin0.001_rmax10.0_nbins30_zsplit4bin0_Lmaxsplit4bin3_N50_Planck_MC_b20

Pixels masked by MC but not already by selfunc: 855
G20.5_zsplit4bin1_Lmaxsplit4bin0: 0.22              62932 vs 80987
/home/groups/tabel/mahlet/quaia-env/lib/python3.10/site-packages/Corrfunc/utils.py:918: UserWarning: One or more input array has non-native endianness!  A copy will be made with the correct endianness.
  warnings.warn("One or more input array has non-native endianness!  A copy will"\
DD: 0.026163
DR: 0.822353
RR: 3.506978
DD: 0.025200999999999998
DR: 0.77957
RR: 3.50581
DD: 0.024376
DR: 0.7687109999999999
RR: 3.536307
DD: 0.02521
DR: 0.77472
RR: 3.289023
DD: 0.025757
DR: 0.7100960000000001
RR: 3.284761
DD: 0.023004
DR: 0.690153
RR: 3.301477
DD: 0.023500999999999998
DR: 0.688323
RR: 3.412283
DD: 0.023205
DR: 0.6889000000000001
RR: 3.288728
DD: 0.022574
DR: 0.645421
RR: 2.879582
DD: 0.021425
DR: 0.696969
RR: 3.273672
DD: 0.023173
DR: 0.697044
RR: 2.884574
DD: 0.022378
DR: 0.6476500000000001
RR: 3.31468
DD: 0.023455
DR: 0.70983
RR: 3.442168
DD: 0.02444
DR: 0.698646
RR: 3.402503
DD: 0.023034
DR: 0.699638
RR: 3.414205
DD: 0.024083
DR: 0.714046
RR: 3.350595
DD: 0.023254
DR: 0.70441
RR: 3.392699
DD: 0.023471
DR: 0.705921
RR: 3.24613
DD: 0.022834
DR: 0.6886410000000001
RR: 3.24552
DD: 0.023427999999999997
DR: 0.713785
RR: 3.222557
DD: 0.023771
DR: 0.7095
RR: 3.170028
DD: 0.02276100000000003
DR: 0.697872
RR: 3.199738
DD: 0.023555
DR: 0.7219869999999999
RR: 3.127641
DD: 0.021956
DR: 0.709408
RR: 2.803579
DD: 0.023606
DR: 0.691737
RR: 3.042094
DD: 0.02401500000000001
DR: 0.7159530000000001
RR: 2.789193
DD: 0.023701
DR: 0.678308
RR: 3.014099
DD: 0.023791
DR: 0.7049190000000001
RR: 3.007798
DD: 0.023105999999999998
DR: 0.692139
RR: 3.02493
DD: 0.022521
DR: 0.691265
RR: 2.975998
DD: 0.022796999999999998
DR: 0.6836230000000001
RR: 3.003044
DD: 0.023261999999999998
DR: 0.694806
RR: 3.037075
DD: 0.022618
DR: 0.704742
RR: 3.052633
DD: 0.023732
DR: 0.714533
RR: 3.010906
DD: 0.023042
DR: 0.687707
RR: 2.988619
DD: 0.024628
DR: 0.749085
RR: 3.297021
DD: 0.027319999999999997
DR: 0.797554
RR: 3.31197
DD: 0.026369999999999998
DR: 0.781295
RR: 3.258758
DD: 0.024517999999999998
DR: 0.6983170000000001
RR: 3.020354
DD: 0.024509
DR: 0.7274619999999999
RR: 3.204479
DD: 0.023929
DR: 0.676267
RR: 2.872794
DD: 0.02248
DR: 0.700976
RR: 3.198516
DD: 0.023566999999999998
DR: 0.71379
RR: 3.234854
DD: 0.024017999999999998
DR: 0.692604
RR: 3.159263
DD: 0.023882999999999998
DR: 0.734272
RR: 3.108822
DD: 0.024384
DR: 0.738586
RR: 3.161936
DD: 0.024114
DR: 0.72877
RR: 3.338706
DD: 0.024728999999999998
DR: 0.730094
RR: 3.382388
DD: 0.037104
DR: 0.73125
RR: 3.211809
DD: 0.024613
DR: 0.7371300000000001
RR: 3.1803
saved to _G20.5_rmin0.001_rmax10.0_nbins30_zsplit4bin1_Lmaxsplit4bin0_N50_Planck_MC_b20

Pixels masked by MC but not already by selfunc: 1674
G20.5_zsplit4bin1_Lmaxsplit4bin1: 0.19              131233 vs 161974
/home/groups/tabel/mahlet/quaia-env/lib/python3.10/site-packages/Corrfunc/utils.py:918: UserWarning: One or more input array has non-native endianness!  A copy will be made with the correct endianness.
  warnings.warn("One or more input array has non-native endianness!  A copy will"\
DD: 0.05454900000000007
DR: 2.04218
RR: 12.966295
DD: 0.052127
DR: 1.938274
RR: 13.030998
DD: 0.052634
DR: 2.001593
RR: 13.546685
DD: 0.057414
DR: 2.148952
RR: 13.575637
DD: 0.055333
DR: 2.13132
RR: 13.284631
DD: 0.057269
DR: 2.096293
RR: 13.562798
DD: 0.059425
DR: 2.124611
RR: 14.124028
DD: 0.054838
DR: 2.080554
RR: 13.728717
DD: 0.055813
DR: 2.076043
RR: 13.371862
DD: 0.05207
DR: 1.927835
RR: 13.385512
DD: 0.055978999999999994
DR: 2.096177
RR: 14.239306
DD: 0.060364999999999995
DR: 2.167005
RR: 14.305878
DD: 0.059663999999999995
DR: 2.275716
RR: 14.737838
DD: 0.053793
DR: 2.103664
RR: 14.26708
DD: 0.056761
DR: 2.205627
RR: 15.881124
DD: 0.059836
DR: 2.27956
RR: 15.527092
DD: 0.058703
DR: 2.348858
RR: 14.572002
DD: 0.052107
DR: 2.102225
RR: 13.859366
DD: 0.054541
DR: 2.109055
RR: 15.825212
DD: 0.074035
DR: 2.440026
RR: 15.67308
DD: 0.081886
DR: 2.300662
RR: 14.474998
DD: 0.068187
DR: 2.048322
RR: 14.627579
DD: 0.071731
DR: 2.224916
RR: 14.808045
DD: 0.058393999999999995
DR: 2.230156
RR: 15.070377
DD: 0.059107
DR: 2.290337
RR: 14.106797
DD: 0.072943
DR: 2.057208
RR: 13.409851
DD: 0.05772900000000003
DR: 2.121492
RR: 14.607187
DD: 0.06829099999999999
DR: 2.164428
RR: 14.416916
DD: 0.056292999999999996
DR: 2.176878
RR: 13.433231
DD: 0.051093
DR: 1.8715060000000001
RR: 12.913067
DD: 0.053495999999999995
DR: 2.02147
RR: 14.317712
DD: 0.057471999999999995
DR: 2.1443
RR: 14.573833
DD: 0.055138
DR: 2.090845
RR: 13.248601
DD: 0.053281999999999996
DR: 1.96529
RR: 12.683593
DD: 0.051723
DR: 1.961018
RR: 13.476158
DD: 0.053065
DR: 2.003643
RR: 13.063815
DD: 0.051975
DR: 2.060557
RR: 13.361421
DD: 0.049606
DR: 1.973141
RR: 12.677777
DD: 0.053548
DR: 2.036305
RR: 13.046914
DD: 0.052164999999999996
DR: 1.951436
RR: 13.546152
DD: 0.06629499999999999
DR: 2.14962
RR: 13.847602
DD: 0.047859
DR: 2.2360889999999998
RR: 12.608943
DD: 0.04937
DR: 1.951857
RR: 13.657169
DD: 0.052739999999999995
DR: 2.088377
RR: 13.626388
DD: 0.05133
DR: 2.053139
RR: 13.097397
DD: 0.049270999999999995
DR: 1.87054
RR: 12.321013
DD: 0.047994999999999996
DR: 1.933069
RR: 13.499319
DD: 0.053808999999999996
DR: 2.10397
RR: 13.451971
DD: 0.050679999999999996
DR: 1.983313
RR: 13.242647
DD: 0.052943
DR: 1.838706
RR: 12.423071
saved to _G20.5_rmin0.001_rmax10.0_nbins30_zsplit4bin1_Lmaxsplit4bin1_N50_Planck_MC_b20

Pixels masked by MC but not already by selfunc: 2475
G20.5_zsplit4bin1_Lmaxsplit4bin2: 0.16              203674 vs 242961
/home/groups/tabel/mahlet/quaia-env/lib/python3.10/site-packages/Corrfunc/utils.py:918: UserWarning: One or more input array has non-native endianness!  A copy will be made with the correct endianness.
  warnings.warn("One or more input array has non-native endianness!  A copy will"\
DD: 0.125244
DR: 4.214791
RR: 29.98647
DD: 0.091163
DR: 4.525789
RR: 30.153737
DD: 0.090142
DR: 4.359648
RR: 31.004448
DD: 0.09701599999999999
DR: 4.768988
RR: 35.622517
DD: 0.101086
DR: 4.03359
RR: 28.607753
DD: 0.092259
DR: 4.049851
RR: 33.39019
DD: 0.09884599999999999
DR: 3.829016
RR: 29.824838
DD: 0.09301
DR: 4.08609
RR: 33.483726
DD: 0.09086000000000005
DR: 3.982133
RR: 30.30311
DD: 0.09397699999999999
DR: 4.154704
RR: 32.472061
DD: 0.08970800000000001
DR: 3.791109
RR: 32.796058
DD: 0.10076199999999999
DR: 4.34188
RR: 30.968204
DD: 0.09437000000000006
DR: 3.95203
RR: 32.991868
DD: 0.09992500000000004
DR: 4.11253
RR: 30.253204
DD: 0.091639
DR: 4.230137
RR: 36.563954
DD: 0.105431
DR: 4.048934
RR: 31.061182
DD: 0.09533
DR: 4.073748
RR: 32.906681
DD: 0.09786099999999999
DR: 3.733714
RR: 30.957693
DD: 0.098478
DR: 4.061137
RR: 32.036976
DD: 0.092085
DR: 3.796122
RR: 30.827544
DD: 0.09583499999999999
DR: 4.036165
RR: 31.578346
DD: 0.091787
DR: 3.664234
RR: 32.022742
DD: 0.09790399999999999
DR: 4.09147
RR: 30.52372
DD: 0.088072
DR: 3.869826
RR: 32.310658
DD: 0.095632
DR: 3.993941
RR: 29.880371
DD: 0.092694
DR: 3.776407
RR: 32.940979
DD: 0.097191
DR: 4.040802
RR: 29.050043
DD: 0.09077199999999999
DR: 3.971993
RR: 33.782193
DD: 0.096069
DR: 4.060287
RR: 28.729163
DD: 0.089572
DR: 4.115624
RR: 33.61733
DD: 0.098553
DR: 4.128724
RR: 30.374583
DD: 0.094709
DR: 4.156949
RR: 34.417914
DD: 0.103725
DR: 3.958641
RR: 31.059675
DD: 0.09904099999999999
DR: 4.209555
RR: 34.039225
DD: 0.10686899999999999
DR: 4.051714
RR: 30.57788
DD: 0.09439499999999999
DR: 4.031421
RR: 30.58726
DD: 0.093599
DR: 3.850376
RR: 31.104241
DD: 0.09272699999999999
DR: 4.121364
RR: 30.717436
DD: 0.11929
DR: 4.238768
RR: 32.842044
DD: 0.10118300000000002
DR: 4.311845
RR: 29.526748
DD: 0.087959
DR: 4.39989
RR: 32.362315
DD: 0.097453
DR: 4.260632
RR: 28.1134
DD: 0.097692
DR: 4.506533
RR: 32.411538
DD: 0.089527
DR: 3.5478389999999997
RR: 28.008176
DD: 0.106222
DR: 4.411258
RR: 32.596319
DD: 0.09745799999999999
DR: 4.322388
RR: 27.52239
DD: 0.08745
DR: 4.377454
RR: 30.955999
DD: 0.109078
DR: 3.672058
RR: 29.148579
DD: 0.090164
DR: 4.3076229999999995
RR: 30.556249
DD: 0.08573299999999999
DR: 4.10935
RR: 30.87854
saved to _G20.5_rmin0.001_rmax10.0_nbins30_zsplit4bin1_Lmaxsplit4bin2_N50_Planck_MC_b20

Pixels masked by MC but not already by selfunc: 3095
G20.5_zsplit4bin1_Lmaxsplit4bin3: 0.13              280468 vs 323949
/home/groups/tabel/mahlet/quaia-env/lib/python3.10/site-packages/Corrfunc/utils.py:918: UserWarning: One or more input array has non-native endianness!  A copy will be made with the correct endianness.
  warnings.warn("One or more input array has non-native endianness!  A copy will"\
DD: 0.155753
DR: 6.237016
RR: 57.133973
DD: 0.140308
DR: 6.242806
RR: 56.580417
DD: 0.150119
DR: 6.69833
RR: 56.191871
DD: 0.14713199999999999
DR: 6.660413
RR: 56.336165
DD: 0.15947600000000006
DR: 6.389299
RR: 56.368495
DD: 0.147471
DR: 6.682539
RR: 56.587709
DD: 0.141423
DR: 6.839119
RR: 56.417637
DD: 0.15742799999999998
DR: 6.4662749999999996
RR: 56.380396
DD: 0.15154099999999998
DR: 6.764794
RR: 55.778257
DD: 0.144561
DR: 7.059244
RR: 56.478929
DD: 0.161961
DR: 7.307907
RR: 60.002619
DD: 0.14884999999999998
DR: 7.502624
RR: 64.408588
DD: 0.15649000000000002
DR: 7.914898
RR: 65.515154
DD: 0.15913
DR: 8.075667
RR: 66.299805
DD: 0.19850299999999999
DR: 7.83753
RR: 63.067277
DD: 0.17030399999999998
DR: 7.858188
RR: 66.577753
DD: 0.161713
DR: 7.980551
RR: 66.626742
DD: 0.17041699999999999
DR: 7.786891
RR: 65.847674
DD: 0.16385100000000008
DR: 7.838399
RR: 64.910247
DD: 0.172343
DR: 7.710766
RR: 64.844131
DD: 0.17322900000000008
DR: 7.71126
RR: 64.143753
DD: 0.16955900000000002
DR: 7.234065
RR: 58.973429
DD: 0.15094
DR: 7.015974
RR: 58.097775
DD: 0.146143
DR: 6.8576
RR: 57.338595
DD: 0.163567
DR: 6.612959
RR: 56.286638
DD: 0.140396
DR: 6.87649
RR: 57.288257
DD: 0.153053
DR: 6.416315
RR: 58.027492
DD: 0.157028
DR: 6.944107
RR: 60.729025
DD: 0.15828799999999998
DR: 6.993605
RR: 61.085478
DD: 0.15867799999999999
DR: 7.024059
RR: 61.432
DD: 0.161831
DR: 7.141274
RR: 62.986947
DD: 0.163124
DR: 7.103565
RR: 61.174438
DD: 0.178333
DR: 7.868162
RR: 65.649224
DD: 0.15471900000000005
DR: 8.067311
RR: 68.691978
DD: 0.18784800000000001
DR: 8.076682
RR: 70.503941
DD: 0.18562499999999998
DR: 7.638531
RR: 71.32088
DD: 0.16969900000000004
DR: 7.515029
RR: 71.878857
DD: 0.166729
DR: 8.295946
RR: 73.216942
DD: 0.167067
DR: 7.995907
RR: 71.84697800000001
DD: 0.17097299999999999
DR: 8.507333
RR: 72.026488
DD: 0.18054399999999998
DR: 8.03643
RR: 73.680207
DD: 0.18550600000000006
DR: 8.490569
RR: 72.177368
DD: 0.196012
DR: 7.764456
RR: 73.516687
DD: 0.19655
DR: 7.739288
RR: 71.695408
DD: 0.189995
DR: 7.213753
RR: 70.522809
DD: 0.184924
DR: 7.394454
RR: 70.293868
DD: 0.18414899999999998
DR: 7.798078
RR: 68.59078
DD: 0.173701
DR: 8.171354000000001
RR: 69.672626
DD: 0.188082
DR: 8.252563
RR: 68.242047
DD: 0.181918
DR: 8.241661
RR: 68.379867
saved to _G20.5_rmin0.001_rmax10.0_nbins30_zsplit4bin1_Lmaxsplit4bin3_N50_Planck_MC_b20

Pixels masked by MC but not already by selfunc: 918
G20.5_zsplit4bin2_Lmaxsplit4bin0: 0.21              64103 vs 80952
/home/groups/tabel/mahlet/quaia-env/lib/python3.10/site-packages/Corrfunc/utils.py:918: UserWarning: One or more input array has non-native endianness!  A copy will be made with the correct endianness.
  warnings.warn("One or more input array has non-native endianness!  A copy will"\
DD: 0.026992
DR: 0.8383430000000001
RR: 3.609399
DD: 0.025363999999999998
DR: 0.809555
RR: 3.632072
DD: 0.027992
DR: 0.85553
RR: 3.536667
DD: 0.023746
DR: 0.748057
RR: 3.12769
DD: 0.023733
DR: 0.779422
RR: 3.601616
DD: 0.027122
DR: 0.728286
RR: 3.185099
DD: 0.023006
DR: 0.764949
RR: 3.817681
DD: 0.025984
DR: 0.8144750000000001
RR: 3.588459
DD: 0.026826
DR: 0.828078
RR: 3.435436
DD: 0.0255
DR: 0.78567
RR: 3.558547
DD: 0.027689
DR: 0.819072
RR: 3.627266
DD: 0.026917
DR: 0.8269569999999999
RR: 3.649442
DD: 0.026851
DR: 0.8253539999999999
RR: 3.552778
DD: 0.025967
DR: 0.8240620000000001
RR: 3.670407
DD: 0.026784
DR: 0.838524
RR: 3.6894109999999998
DD: 0.026442
DR: 0.834776
RR: 3.689623
DD: 0.027060999999999998
DR: 0.835614
RR: 3.736617
DD: 0.028106
DR: 0.737734
RR: 3.229833
DD: 0.02336
DR: 0.7823
RR: 4.223593
DD: 0.026812
DR: 0.827161
RR: 2.996461
DD: 0.022895
DR: 0.692665
RR: 3.693706
DD: 0.027177999999999997
DR: 0.844741
RR: 3.581655
DD: 0.026234999999999998
DR: 0.796684
RR: 3.543977
DD: 0.025259
DR: 0.760063
RR: 3.530092
DD: 0.027091
DR: 0.824943
RR: 3.590955
DD: 0.026225
DR: 0.772448
RR: 3.428023
DD: 0.024872
DR: 0.805054
RR: 3.513232
DD: 0.027385
DR: 0.832348
RR: 3.547686
DD: 0.026418999999999998
DR: 0.824095
RR: 3.587345
DD: 0.026566
DR: 0.8254250000000001
RR: 3.558393
DD: 0.027045
DR: 0.839083
RR: 3.5648239999999998
DD: 0.027448999999999998
DR: 0.823209
RR: 3.043368
DD: 0.022635
DR: 0.725179
RR: 3.6723049999999997
DD: 0.029890999999999997
DR: 0.814706
RR: 3.300218
DD: 0.022654
DR: 0.725577
RR: 3.55674
DD: 0.030048
DR: 0.911473
RR: 3.718993
DD: 0.027509
DR: 0.8336129999999999
RR: 3.657667
DD: 0.027587999999999998
DR: 0.838941
RR: 3.732339
DD: 0.027111
DR: 0.859792
RR: 3.623369
DD: 0.026458
DR: 0.858454
RR: 3.610335
DD: 0.027541
DR: 0.830498
RR: 3.74943
DD: 0.026067
DR: 0.8405940000000001
RR: 3.873254
DD: 0.026650999999999998
DR: 0.828667
RR: 3.4252000000000002
DD: 0.025362
DR: 0.794716
RR: 3.547781
DD: 0.025439999999999997
DR: 0.8192
RR: 3.623767
DD: 0.027767999999999998
DR: 0.857796
RR: 3.225747
DD: 0.022730999999999998
DR: 0.738441
RR: 3.098038
DD: 0.023263
DR: 0.846603
RR: 3.562177
DD: 0.022583
DR: 0.725823
RR: 3.137878
DD: 0.02251
DR: 0.8423160000000001
RR: 3.5767569999999997
saved to _G20.5_rmin0.001_rmax10.0_nbins30_zsplit4bin2_Lmaxsplit4bin0_N50_Planck_MC_b20

Pixels masked by MC but not already by selfunc: 1761
G20.5_zsplit4bin2_Lmaxsplit4bin1: 0.17              133592 vs 161904
/home/groups/tabel/mahlet/quaia-env/lib/python3.10/site-packages/Corrfunc/utils.py:918: UserWarning: One or more input array has non-native endianness!  A copy will be made with the correct endianness.
  warnings.warn("One or more input array has non-native endianness!  A copy will"\
DD: 0.060648999999999995
DR: 2.433643
RR: 15.23402
DD: 0.058263999999999996
DR: 2.481864
RR: 15.402922
DD: 0.063606
DR: 2.190953
RR: 14.275635
DD: 0.052994
DR: 2.304697
RR: 15.139219
DD: 0.06276799999999999
DR: 2.4187469999999998
RR: 15.252748
DD: 0.062864
DR: 2.399887
RR: 15.022548
DD: 0.062154999999999995
DR: 2.423629
RR: 13.919212
DD: 0.063234
DR: 2.214864
RR: 14.829028
DD: 0.062876
DR: 2.414279
RR: 14.885907
DD: 0.061794999999999996
DR: 2.360229
RR: 14.770863
DD: 0.060913999999999996
DR: 2.424709
RR: 14.411007
DD: 0.055623
DR: 2.123218
RR: 13.941634
DD: 0.059996999999999995
DR: 2.344897
RR: 15.230655
DD: 0.06704299999999999
DR: 2.40005
RR: 15.962272
DD: 0.062508
DR: 2.551364
RR: 15.701798
DD: 0.065442
DR: 2.165639
RR: 15.035648
DD: 0.053668999999999994
DR: 2.630194
RR: 15.74591
DD: 0.0615
DR: 2.420629
RR: 15.358629
DD: 0.062088
DR: 2.398757
RR: 15.260768
DD: 0.063723
DR: 2.4201930000000003
RR: 14.087935
DD: 0.051516
DR: 2.092938
RR: 15.341031
DD: 0.060869
DR: 2.358539
RR: 15.279854
DD: 0.061381
DR: 2.3322
RR: 15.408434
DD: 0.060093999999999995
DR: 2.370866
RR: 13.70487
DD: 0.061563
DR: 2.152992
RR: 15.387932
DD: 0.061578999999999995
DR: 2.38729
RR: 15.311267
DD: 0.059248999999999996
DR: 2.3845549999999998
RR: 15.215648
DD: 0.058671999999999995
DR: 2.289492
RR: 14.303213
DD: 0.052870999999999994
DR: 2.429888
RR: 14.319036
DD: 0.06203200000000009
DR: 2.477407
RR: 15.719308
DD: 0.062236
DR: 2.441163
RR: 15.931033
DD: 0.063943
DR: 2.477843
RR: 15.375189
DD: 0.053654
DR: 2.112056
RR: 14.043922
DD: 0.065048
DR: 2.43297
RR: 15.012324
DD: 0.061509999999999995
DR: 2.467714
RR: 14.995934
DD: 0.061085999999999994
DR: 2.422795
RR: 15.358979
DD: 0.062559
DR: 2.188603
RR: 14.511518
DD: 0.052434999999999996
DR: 2.483103
RR: 15.429347
DD: 0.06335299999999999
DR: 2.464109
RR: 15.683443
DD: 0.06346199999999999
DR: 2.480566
RR: 15.636182
DD: 0.06738200000000005
DR: 2.502317
RR: 14.272368
DD: 0.057463999999999994
DR: 2.333995
RR: 15.672533
DD: 0.060731999999999994
DR: 2.388313
RR: 15.426273
DD: 0.06344999999999999
DR: 2.3829409999999998
RR: 15.502006
DD: 0.062258999999999995
DR: 2.433726
RR: 13.767212
DD: 0.051705
DR: 2.117217
RR: 15.353087
DD: 0.061961999999999996
DR: 2.351203
RR: 15.236337
DD: 0.07862799999999999
DR: 2.333625
RR: 15.102012
DD: 0.062375
DR: 2.433694
RR: 13.623931
DD: 0.06061
DR: 2.19997
RR: 14.945358
saved to _G20.5_rmin0.001_rmax10.0_nbins30_zsplit4bin2_Lmaxsplit4bin1_N50_Planck_MC_b20

Pixels masked by MC but not already by selfunc: 2530
G20.5_zsplit4bin2_Lmaxsplit4bin2: 0.15              207027 vs 242856
/home/groups/tabel/mahlet/quaia-env/lib/python3.10/site-packages/Corrfunc/utils.py:918: UserWarning: One or more input array has non-native endianness!  A copy will be made with the correct endianness.
  warnings.warn("One or more input array has non-native endianness!  A copy will"\
DD: 0.118186
DR: 4.780438
RR: 35.483886
DD: 0.095066
DR: 4.5446480000000005
RR: 36.662397
DD: 0.1069
DR: 4.374577
RR: 35.930818
DD: 0.095652
DR: 4.609471
RR: 35.684658
DD: 0.105501
DR: 5.023581
RR: 34.650023
DD: 0.132546
DR: 4.847967
RR: 34.868196
DD: 0.09940199999999999
DR: 4.943343
RR: 35.57738
DD: 0.105904
DR: 4.84404
RR: 36.053773
DD: 0.09585199999999999
DR: 4.934676
RR: 35.901617
DD: 0.11592899999999999
DR: 4.918047
RR: 35.791474
DD: 0.11807800000000002
DR: 4.887908
RR: 36.338277
DD: 0.115183
DR: 5.023144
RR: 36.576718
DD: 0.11981199999999999
DR: 4.755376
RR: 37.913559
DD: 0.12324399999999999
DR: 4.7055620000000005
RR: 38.303961
DD: 0.096894
DR: 4.705429
RR: 37.362129
DD: 0.125247
DR: 4.942242
RR: 36.363658
DD: 0.09748699999999999
DR: 5.032
RR: 36.296612
DD: 0.11405799999999999
DR: 4.966804
RR: 36.075137
DD: 0.110445
DR: 4.908116
RR: 36.445155
DD: 0.115967
DR: 4.871179
RR: 35.868305
DD: 0.11491399999999999
DR: 4.970849
RR: 38.547918
DD: 0.11638400000000004
DR: 4.581251
RR: 36.893776
DD: 0.11337399999999999
DR: 4.242682
RR: 36.292095
DD: 0.11506999999999999
DR: 4.627296
RR: 36.256212
DD: 0.11129399999999999
DR: 4.575506
RR: 36.109783
DD: 0.09486500000000009
DR: 4.348739
RR: 32.725307
DD: 0.096158
DR: 4.903609
RR: 36.32423
DD: 0.11252699999999999
DR: 4.907069
RR: 34.984006
DD: 0.103866
DR: 5.03877
RR: 37.171878
DD: 0.114313
DR: 4.8660820000000005
RR: 35.040537
DD: 0.10966300000000007
DR: 4.995859
RR: 36.674419
DD: 0.107719
DR: 4.805302
RR: 34.089914
DD: 0.116743
DR: 4.763105
RR: 37.01026
DD: 0.116645
DR: 4.839767
RR: 34.8513
DD: 0.11319399999999999
DR: 4.960884
RR: 38.039824
DD: 0.11970099999999999
DR: 5.017564
RR: 34.846218
DD: 0.113484
DR: 4.877414
RR: 37.371198
DD: 0.11663800000000002
DR: 4.884569
RR: 34.954044
DD: 0.11674
DR: 5.023365
RR: 38.119588
DD: 0.11401400000000006
DR: 5.032876
RR: 35.306861
DD: 0.117835
DR: 4.9153
RR: 38.53958
DD: 0.12052099999999999
DR: 5.047496
RR: 35.714773
DD: 0.11636000000000002
DR: 5.042984
RR: 38.267521
DD: 0.115037
DR: 4.930052
RR: 35.39341
DD: 0.114768
DR: 4.949919
RR: 37.689682
DD: 0.109207
DR: 4.914219
RR: 35.54706
DD: 0.105877
DR: 4.850612
RR: 37.560544
DD: 0.115216
DR: 4.878434
RR: 36.600265
DD: 0.117114
DR: 4.667876
RR: 37.009534
DD: 0.116335
DR: 4.950805
RR: 34.329418
saved to _G20.5_rmin0.001_rmax10.0_nbins30_zsplit4bin2_Lmaxsplit4bin2_N50_Planck_MC_b20

Pixels masked by MC but not already by selfunc: 3108
G20.5_zsplit4bin2_Lmaxsplit4bin3: 0.12              284429 vs 323808
/home/groups/tabel/mahlet/quaia-env/lib/python3.10/site-packages/Corrfunc/utils.py:918: UserWarning: One or more input array has non-native endianness!  A copy will be made with the correct endianness.
  warnings.warn("One or more input array has non-native endianness!  A copy will"\
DD: 0.181021
DR: 8.023646
RR: 69.078487
DD: 0.185835
DR: 7.829129
RR: 68.549467
DD: 0.178926
DR: 7.966999
RR: 69.5817
DD: 0.180971
DR: 8.083335
RR: 68.282961
DD: 0.191801
DR: 8.085545
RR: 71.004258
DD: 0.174566
DR: 8.62911
RR: 72.360764
DD: 0.18954
DR: 7.364336
RR: 73.507768
DD: 0.153581
DR: 8.184589
RR: 74.871569
DD: 0.17812599999999998
DR: 7.796184
RR: 74.214202
DD: 0.193327
DR: 7.706535
RR: 75.066304
DD: 0.19750399999999999
DR: 7.913606
RR: 74.268815
DD: 0.18528799999999998
DR: 8.413416
RR: 72.189008
DD: 0.181828
DR: 8.256769
RR: 68.768602
DD: 0.183673
DR: 8.815421
RR: 71.89516
DD: 0.187637
DR: 8.451044
RR: 70.869649
DD: 0.1843990000000001
DR: 8.345795
RR: 70.877979
DD: 0.197431
DR: 8.548112
RR: 71.809064
DD: 0.191353
DR: 8.689935
RR: 73.220583
DD: 0.189168
DR: 8.769611
RR: 72.602216
DD: 0.1935570000000001
DR: 8.486209
RR: 71.495353
DD: 0.20338499999999998
DR: 8.363931000000001
RR: 70.435381
DD: 0.18806
DR: 8.488834
RR: 69.539685
DD: 0.183508
DR: 8.180536
RR: 68.91173
DD: 0.17704999999999999
DR: 8.45264
RR: 70.532689
DD: 0.18509499999999998
DR: 8.17938
RR: 71.343969
DD: 0.176191
DR: 8.391276
RR: 74.15456
DD: 0.189723
DR: 7.580385
RR: 71.201818
DD: 0.165061
DR: 8.914507
RR: 73.045673
DD: 0.18674
DR: 7.813968
RR: 71.883044
DD: 0.18904700000000008
DR: 8.417533
RR: 70.226559
DD: 0.18842599999999998
DR: 8.599842
RR: 70.373797
DD: 0.18323
DR: 8.300486
RR: 70.780276
DD: 0.19201100000000004
DR: 8.488576
RR: 71.499516
DD: 0.19425099999999998
DR: 8.065512
RR: 71.835487
DD: 0.182593
DR: 8.601068
RR: 72.026863
DD: 0.19431200000000004
DR: 8.678563
RR: 72.315745
DD: 0.184035
DR: 8.787657
RR: 72.347097
DD: 0.179064
DR: 8.545077
RR: 74.056803
DD: 0.160243
DR: 9.077259
RR: 75.432747
DD: 0.17996299999999998
DR: 9.330087
RR: 74.79360199999999
DD: 0.16258799999999998
DR: 7.432927
RR: 68.393325
DD: 0.166351
DR: 8.316048
RR: 69.563443
DD: 0.197397
DR: 8.445427
RR: 72.333514
DD: 0.16691599999999998
DR: 8.666405
RR: 72.380157
DD: 0.207166
DR: 8.201929
RR: 72.012539
DD: 0.18742999999999999
DR: 8.259942
RR: 71.68586
DD: 0.17429699999999998
DR: 7.574772
RR: 72.029057
DD: 0.200654
DR: 8.51847
RR: 71.07068
DD: 0.18406699999999998
DR: 9.055194
RR: 71.704795
DD: 0.19210300000000002
DR: 8.898681
RR: 71.089891
saved to _G20.5_rmin0.001_rmax10.0_nbins30_zsplit4bin2_Lmaxsplit4bin3_N50_Planck_MC_b20

Pixels masked by MC but not already by selfunc: 1075
G20.5_zsplit4bin3_Lmaxsplit4bin0: 0.18              66382 vs 80988
/home/groups/tabel/mahlet/quaia-env/lib/python3.10/site-packages/Corrfunc/utils.py:918: UserWarning: One or more input array has non-native endianness!  A copy will be made with the correct endianness.
  warnings.warn("One or more input array has non-native endianness!  A copy will"\
DD: 0.027639
DR: 0.767026
RR: 3.630238
DD: 0.039784
DR: 0.8727860000000001
RR: 4.028292
DD: 0.039119999999999995
DR: 0.86354
RR: 3.734051
DD: 0.024085
DR: 0.766537
RR: 3.853953
DD: 0.027225
DR: 0.844922
RR: 3.798875
DD: 0.027007
DR: 0.777067
RR: 3.293854
DD: 0.027481
DR: 0.760273
RR: 3.711942
DD: 0.027847
DR: 0.834564
RR: 3.787642
DD: 0.028078
DR: 0.845143
RR: 3.374571
DD: 0.023194
DR: 0.852466
RR: 3.707452
DD: 0.02728
DR: 0.834437
RR: 3.844917
DD: 0.027850999999999997
DR: 0.743016
RR: 3.668381
DD: 0.029002
DR: 0.850048
RR: 3.8379630000000002
DD: 0.028672
DR: 0.851082
RR: 3.461248
DD: 0.027735
DR: 0.78964
RR: 4.079079
DD: 0.029061
DR: 0.871103
RR: 3.844328
DD: 0.027784999999999997
DR: 0.788485
RR: 3.663001
DD: 0.027471
DR: 0.869666
RR: 3.757902
DD: 0.026666
DR: 0.837132
RR: 3.475062
DD: 0.02784
DR: 0.713905
RR: 3.765479
DD: 0.027998
DR: 0.867646
RR: 3.8409969999999998
DD: 0.026973999999999998
DR: 0.772219
RR: 3.533216
DD: 0.027684
DR: 0.8217899999999999
RR: 3.706009
DD: 0.027618999999999998
DR: 0.855769
RR: 3.534633
DD: 0.023570999999999998
DR: 0.724628
RR: 3.899613
DD: 0.028069999999999998
DR: 0.8441909999999999
RR: 3.685546
DD: 0.026567
DR: 0.841557
RR: 3.526824
DD: 0.028605
DR: 0.8307059999999999
RR: 3.818973
DD: 0.027486999999999998
DR: 0.834282
RR: 3.673879
DD: 0.023601999999999998
DR: 0.892184
RR: 3.770937
DD: 0.028161
DR: 0.832192
RR: 3.682076
DD: 0.027816
DR: 0.836357
RR: 3.409843
DD: 0.027302999999999997
DR: 0.7199679999999999
RR: 3.722442
DD: 0.027214
DR: 0.815719
RR: 3.801358
DD: 0.027892999999999998
DR: 0.851559
RR: 3.369253
DD: 0.023211
DR: 0.835772
RR: 3.621569
DD: 0.024596
DR: 0.764703
RR: 3.392517
DD: 0.025082999999999998
DR: 0.728581
RR: 3.458079
DD: 0.028973
DR: 0.888537
RR: 3.938372
DD: 0.028041999999999997
DR: 0.8787510000000001
RR: 3.949883
DD: 0.027783
DR: 0.721536
RR: 3.6309810000000002
DD: 0.027593
DR: 0.8671
RR: 3.947754
DD: 0.02763
DR: 0.86086
RR: 3.712644
DD: 0.022921
DR: 0.910361
RR: 3.684034
DD: 0.027655
DR: 0.834665
RR: 3.712919
DD: 0.027843999999999997
DR: 0.850161
RR: 3.542713
DD: 0.024745
DR: 0.737286
RR: 3.947376
DD: 0.028177999999999998
DR: 0.848112
RR: 3.705836
DD: 0.027767
DR: 0.831519
RR: 3.282988
DD: 0.026508
DR: 0.707897
RR: 3.760454
saved to _G20.5_rmin0.001_rmax10.0_nbins30_zsplit4bin3_Lmaxsplit4bin0_N50_Planck_MC_b20

Pixels masked by MC but not already by selfunc: 2050
G20.5_zsplit4bin3_Lmaxsplit4bin1: 0.15              137770 vs 161975
/home/groups/tabel/mahlet/quaia-env/lib/python3.10/site-packages/Corrfunc/utils.py:918: UserWarning: One or more input array has non-native endianness!  A copy will be made with the correct endianness.
  warnings.warn("One or more input array has non-native endianness!  A copy will"\
DD: 0.065138
DR: 2.566708
RR: 15.362012
DD: 0.065425
DR: 2.521687
RR: 15.73099
DD: 0.066009
DR: 2.509773
RR: 16.179616
DD: 0.066815
DR: 2.453316
RR: 15.763297
DD: 0.062654
DR: 2.606191
RR: 15.746301
DD: 0.064529
DR: 2.516201
RR: 15.705535
DD: 0.066435
DR: 2.471364
RR: 15.717239
DD: 0.065315
DR: 2.463248
RR: 16.581521
DD: 0.054352
DR: 2.42992
RR: 16.124584
DD: 0.067166
DR: 2.57907
RR: 14.451049
DD: 0.059125
DR: 2.598884
RR: 15.425683
DD: 0.055486
DR: 2.502904
RR: 15.81859
DD: 0.06475
DR: 2.879217
RR: 16.0191
DD: 0.065773
DR: 2.62422
RR: 16.176572
DD: 0.055484
DR: 2.465611
RR: 14.902262
DD: 0.065687
DR: 2.82959
RR: 16.246312
DD: 0.068226
DR: 2.632221
RR: 15.936306
DD: 0.055146
DR: 2.683915
RR: 15.915437
DD: 0.06457399999999999
DR: 2.405629
RR: 15.774032
DD: 0.066249
DR: 2.674596
RR: 15.564664
DD: 0.06712499999999999
DR: 2.50899
RR: 15.538154
DD: 0.065081
DR: 2.349652
RR: 15.589288
DD: 0.066952
DR: 2.619679
RR: 16.267831
DD: 0.065824
DR: 2.360525
RR: 15.409624
DD: 0.054771999999999994
DR: 2.858165
RR: 15.939191
DD: 0.056347999999999995
DR: 2.487985
RR: 15.765509999999999
DD: 0.06529000000000007
DR: 2.404894
RR: 16.145646
DD: 0.063402
DR: 2.539917
RR: 15.281484
DD: 0.057908999999999995
DR: 2.507966
RR: 15.639302
DD: 0.067215
DR: 2.341459
RR: 13.963218
DD: 0.055104
DR: 2.452489
RR: 14.753354
DD: 0.063568
DR: 2.5678010000000002
RR: 15.529001
DD: 0.063349
DR: 2.514259
RR: 15.80723
DD: 0.063595
DR: 2.333744
RR: 15.235937
DD: 0.063872
DR: 2.522071
RR: 15.459649
DD: 0.063216
DR: 2.537036
RR: 15.942773
DD: 0.064438
DR: 2.62521
RR: 16.393276
DD: 0.062382
DR: 2.434059
RR: 16.998971
DD: 0.056287
DR: 2.716732
RR: 16.264643
DD: 0.066333
DR: 2.532915
RR: 16.180473
DD: 0.067706
DR: 2.506525
RR: 16.71367
DD: 0.067524
DR: 2.6755430000000002
RR: 17.008757
DD: 0.064583
DR: 2.418095
RR: 16.913483
DD: 0.063914
DR: 2.55352
RR: 16.602811
DD: 0.067187
DR: 2.502107
RR: 15.99082
DD: 0.064749
DR: 2.663445
RR: 16.217526
DD: 0.06397499999999999
DR: 2.412589
RR: 15.493883
DD: 0.066528
DR: 2.5091200000000002
RR: 15.988458
DD: 0.06433599999999999
DR: 2.5329420000000002
RR: 16.193949
DD: 0.065369
DR: 2.315501
RR: 16.366741
saved to _G20.5_rmin0.001_rmax10.0_nbins30_zsplit4bin3_Lmaxsplit4bin1_N50_Planck_MC_b20

Pixels masked by MC but not already by selfunc: 3055
G20.5_zsplit4bin3_Lmaxsplit4bin2: 0.13              211936 vs 242962
/home/groups/tabel/mahlet/quaia-env/lib/python3.10/site-packages/Corrfunc/utils.py:918: UserWarning: One or more input array has non-native endianness!  A copy will be made with the correct endianness.
  warnings.warn("One or more input array has non-native endianness!  A copy will"\
DD: 0.119825
DR: 5.166652
RR: 38.6129
DD: 0.10257899999999999
DR: 4.935491
RR: 38.515037
DD: 0.122072
DR: 5.052431
RR: 38.425365
DD: 0.116709
DR: 5.064362
RR: 38.906959
DD: 0.104375
DR: 5.20282
RR: 38.639215
DD: 0.11975100000000005
DR: 5.163834
RR: 39.325481
DD: 0.10618999999999999
DR: 5.079214
RR: 38.643795
DD: 0.118958
DR: 5.0916
RR: 39.332949
DD: 0.108818
DR: 5.271717
RR: 39.287109
DD: 0.11890999999999999
DR: 5.009491
RR: 38.777878
DD: 0.10758699999999999
DR: 5.491434
RR: 37.969279
DD: 0.12645400000000007
DR: 5.028836
RR: 37.238845
DD: 0.10436899999999999
DR: 4.42086
RR: 38.508558
DD: 0.12913
DR: 5.062356
RR: 39.012927
DD: 0.12325300000000006
DR: 5.133125
RR: 39.461359
DD: 0.122792
DR: 5.333929
RR: 39.684631
DD: 0.104975
DR: 4.869513
RR: 39.774263
DD: 0.128164
DR: 5.464741
RR: 38.654955
DD: 0.122156
DR: 5.050714
RR: 38.625266
DD: 0.12539799999999998
DR: 4.908288
RR: 34.582425
DD: 0.12170399999999999
DR: 4.980171
RR: 39.221516
DD: 0.115893
DR: 5.033084
RR: 38.969939
DD: 0.122431
DR: 5.892065
RR: 38.462391
DD: 0.120737
DR: 5.104872
RR: 38.308022
DD: 0.12235199999999999
DR: 4.690984
RR: 38.952164
DD: 0.12190500000000004
DR: 5.096856
RR: 38.349585
DD: 0.12058999999999999
DR: 4.959101
RR: 38.427438
DD: 0.119865
DR: 4.873789
RR: 37.870466
DD: 0.11566299999999999
DR: 5.346494
RR: 38.465658
DD: 0.119574
DR: 4.80129
RR: 38.81972
DD: 0.116966
DR: 5.115634
RR: 38.872296
DD: 0.110818
DR: 5.295578
RR: 39.24194
DD: 0.12012300000000009
DR: 4.781884
RR: 39.365164
DD: 0.12285200000000007
DR: 5.197702
RR: 38.666433
DD: 0.12246100000000004
DR: 5.37657
RR: 40.053331
DD: 0.11907899999999999
DR: 5.219145
RR: 39.342355
DD: 0.11772700000000003
DR: 5.205686
RR: 40.503183
DD: 0.12341600000000008
DR: 4.898439
RR: 39.70451
DD: 0.12231400000000003
DR: 5.254316
RR: 40.13196
DD: 0.122958
DR: 4.797712
RR: 39.297367
DD: 0.11342899999999999
DR: 4.947338
RR: 38.763003
DD: 0.10244299999999999
DR: 5.090338
RR: 39.47503
DD: 0.127448
DR: 4.607076
RR: 38.238233
DD: 0.121671
DR: 5.346712
RR: 38.852332
DD: 0.12261999999999999
DR: 5.152579
RR: 39.224615
DD: 0.113948
DR: 5.970405
RR: 39.612579
DD: 0.119657
DR: 5.112643
RR: 39.694033
DD: 0.11981299999999999
DR: 5.374173
RR: 38.568192
DD: 0.09823599999999999
DR: 5.195645
RR: 38.687252
DD: 0.121475
DR: 5.099098
RR: 38.966549
saved to _G20.5_rmin0.001_rmax10.0_nbins30_zsplit4bin3_Lmaxsplit4bin2_N50_Planck_MC_b20

Pixels masked by MC but not already by selfunc: 3970
G20.5_zsplit4bin3_Lmaxsplit4bin3: 0.11              289048 vs 323950
/home/groups/tabel/mahlet/quaia-env/lib/python3.10/site-packages/Corrfunc/utils.py:918: UserWarning: One or more input array has non-native endianness!  A copy will be made with the correct endianness.
  warnings.warn("One or more input array has non-native endianness!  A copy will"\
DD: 0.17732499999999998
DR: 7.399719
RR: 72.74695
DD: 0.20099
DR: 8.372919
RR: 74.501052
DD: 0.187477
DR: 8.711164
RR: 74.971139
DD: 0.18836700000000006
DR: 8.728274
RR: 75.450321
DD: 0.193457
DR: 8.277604
RR: 75.560387
DD: 0.195553
DR: 7.91442
RR: 76.170295
DD: 0.21037599999999998
DR: 8.406256
RR: 76.335037
DD: 0.196929
DR: 8.686276
RR: 77.285634
DD: 0.201291
DR: 9.217097
RR: 78.138378
DD: 0.19519599999999998
DR: 8.805016
RR: 77.269703
DD: 0.19888
DR: 8.976848
RR: 77.394224
DD: 0.205063
DR: 8.915343
RR: 77.987903
DD: 0.199541
DR: 9.093961
RR: 73.931161
DD: 0.187165
DR: 8.738171
RR: 74.865817
DD: 0.199493
DR: 8.574326
RR: 73.728535
DD: 0.164785
DR: 8.311287
RR: 73.525
DD: 0.269862
DR: 8.894891
RR: 74.109834
DD: 0.217905
DR: 7.866376
RR: 73.652253
DD: 0.19128499999999998
DR: 8.816258
RR: 73.794546
DD: 0.19410000000000005
DR: 8.31968
RR: 74.839706
DD: 0.184949
DR: 9.086668
RR: 74.834901
DD: 0.201197
DR: 8.846148
RR: 73.98081
DD: 0.179643
DR: 8.857794
RR: 73.538472
DD: 0.191638
DR: 8.753548
RR: 74.054335
DD: 0.210421
DR: 8.032581
RR: 74.092644
DD: 0.198708
DR: 8.062379
RR: 72.698115
DD: 0.17932399999999998
DR: 9.074509
RR: 71.836145
DD: 0.18471000000000004
DR: 8.084733
RR: 74.588013
DD: 0.18864999999999998
DR: 8.016505
RR: 72.501221
DD: 0.181138
DR: 8.590603
RR: 72.915686
DD: 0.17212800000000006
DR: 8.655499
RR: 73.759508
DD: 0.197042
DR: 8.824846
RR: 71.787973
DD: 0.194426
DR: 8.795552
RR: 72.769829
DD: 0.176733
DR: 7.999936
RR: 75.564067
DD: 0.18470799999999998
DR: 8.880876
RR: 76.78483
DD: 0.19519299999999998
DR: 9.020958
RR: 77.860841
DD: 0.17180299999999998
DR: 8.910383
RR: 78.550224
DD: 0.193457
DR: 8.972578
RR: 77.757128
DD: 0.20758
DR: 8.846772
RR: 79.04438
DD: 0.201316
DR: 9.172081
RR: 78.543683
DD: 0.183548
DR: 8.901449
RR: 78.234236
DD: 0.202572
DR: 8.84616
RR: 76.522383
DD: 0.20259400000000005
DR: 9.004853
RR: 77.938495
DD: 0.200235
DR: 8.676649
RR: 76.542084
DD: 0.197268
DR: 8.953267
RR: 75.526356
DD: 0.18462599999999998
DR: 8.70417
RR: 73.5555
DD: 0.194371
DR: 8.255652
RR: 75.518982
DD: 0.191828
DR: 8.588005
RR: 72.816064
DD: 0.188884
DR: 8.723861
RR: 72.937118
DD: 0.160935
DR: 8.068634
RR: 73.101943
saved to _G20.5_rmin0.001_rmax10.0_nbins30_zsplit4bin3_Lmaxsplit4bin3_N50_Planck_MC_b20

done!
