Starting batch job

G20.5: computing wtheta in 30 bins from 0.001 to 10.0 on a log scale for 50 jackknife regions...
--L: maxsplit

z: [0.0, 1.0, 2.0, 3.0, 4.6] minmax None
L: None maxsplit 3
Pixels masked by MC but not already by selfunc: 0
G20.5_zmin0.0zmax1.0_Lmaxsplit3bin0: 0.85              16190 vs 108112
[Warning] The CPU supports AVX512F but the compiler does not.  Can you try another compiler?
/home/groups/tabel/mahlet/quaia-env/lib/python3.10/site-packages/Corrfunc/utils.py:918: UserWarning: One or more input array has non-native endianness!  A copy will be made with the correct endianness.
  warnings.warn("One or more input array has non-native endianness!  A copy will"\
DD: 0.013675
DR: 0.156769
RR: 0.64592
DD: 0.006552
DR: 0.156754
RR: 0.642691
DD: 0.00664
DR: 0.15883
RR: 0.6454489999999999
DD: 0.006703
DR: 0.159191
RR: 0.657678
DD: 0.008492999999999999
DR: 0.161821
RR: 0.663588
DD: 0.006751999999999999
DR: 0.16462700000000008
RR: 0.690004
DD: 0.0069299999999999995
DR: 0.17088599999999998
RR: 0.721992
DD: 0.006965
DR: 0.172152
RR: 0.727263
DD: 0.006927
DR: 0.171675
RR: 0.728638
DD: 0.006954
DR: 0.170518
RR: 0.726916
DD: 0.008556
DR: 0.169694
RR: 0.7286969999999999
DD: 0.006998
DR: 0.1704
RR: 0.7314080000000001
DD: 0.008638
DR: 0.17149799999999998
RR: 0.735134
DD: 0.007035
DR: 0.173529
RR: 0.740027
DD: 0.008863
DR: 0.172652
RR: 0.728305
DD: 0.006932
DR: 0.17019600000000001
RR: 0.750602
DD: 0.00906
DR: 0.17366199999999998
RR: 0.752811
DD: 0.007252
DR: 0.174764
RR: 0.7550760000000001
DD: 0.009075
DR: 0.17493699999999998
RR: 0.754806
DD: 0.007221999999999999
DR: 0.173861
RR: 0.753597
DD: 0.009056
DR: 0.17480400000000007
RR: 0.753475
DD: 0.007285
DR: 0.174088
RR: 0.753151
DD: 0.007006999999999999
DR: 0.168892
RR: 0.727954
DD: 0.008666
DR: 0.16289099999999998
RR: 0.722762
DD: 0.007469
DR: 0.164204
RR: 0.7192999999999999
DD: 0.008888
DR: 0.16198500000000005
RR: 0.691477
DD: 0.007071999999999999
DR: 0.162737
RR: 0.684049
DD: 0.0071189999999999995
DR: 0.160129
RR: 0.6871929999999999
DD: 0.007107
DR: 0.162093
RR: 0.689073
DD: 0.007012
DR: 0.163024
RR: 0.699856
DD: 0.0070409999999999995
DR: 0.16428099999999998
RR: 0.7126220000000001
DD: 0.007071999999999999
DR: 0.169865
RR: 0.737499
DD: 0.007032
DR: 0.17029300000000003
RR: 0.74685
DD: 0.008787999999999999
DR: 0.17085
RR: 0.748341
DD: 0.007182
DR: 0.171795
RR: 0.752123
DD: 0.008898999999999999
DR: 0.171701
RR: 0.761216
DD: 0.007239
DR: 0.17721399999999998
RR: 0.769693
DD: 0.007254
DR: 0.177053
RR: 0.772142
DD: 0.007476
DR: 0.17733
RR: 0.776108
DD: 0.009138
DR: 0.177329
RR: 0.77722
DD: 0.007429
DR: 0.17732499999999998
RR: 0.7766639999999999
DD: 0.009089999999999999
DR: 0.176367
RR: 0.7695460000000001
DD: 0.007215999999999999
DR: 0.176701
RR: 0.782774
DD: 0.007489999999999999
DR: 0.17893799999999999
RR: 0.791281
DD: 0.009143
DR: 0.178482
RR: 0.773206
DD: 0.007401
DR: 0.177662
RR: 0.778946
DD: 0.009301
DR: 0.178013
RR: 0.7773
DD: 0.007182
DR: 0.17232899999999998
RR: 0.756215
DD: 0.008605999999999999
DR: 0.166355
RR: 0.72266
DD: 0.006895999999999999
DR: 0.16412000000000004
RR: 0.7135670000000001
saved to _G20.5_rmin0.001_rmax10.0_nbins30_zmin0.0zmax1.0_Lmaxsplit3bin0_N50_Planck_MC_b60

Pixels masked by MC but not already by selfunc: 0
G20.5_zmin0.0zmax1.0_Lmaxsplit3bin1: 0.82              38300 vs 216224
/home/groups/tabel/mahlet/quaia-env/lib/python3.10/site-packages/Corrfunc/utils.py:918: UserWarning: One or more input array has non-native endianness!  A copy will be made with the correct endianness.
  warnings.warn("One or more input array has non-native endianness!  A copy will"\
DD: 0.01685
DR: 0.552697
RR: 3.5404869999999997
DD: 0.016401
DR: 0.5494519999999999
RR: 3.495178
DD: 0.016493999999999998
DR: 0.552546
RR: 3.487547
DD: 0.016715
DR: 0.554759
RR: 3.486508
DD: 0.016884
DR: 0.5643779999999999
RR: 3.571471
DD: 0.017417
DR: 0.577674
RR: 3.713404
DD: 0.017747
DR: 0.608106
RR: 3.973676
DD: 0.018026999999999998
DR: 0.6159030000000001
RR: 3.960551
DD: 0.018083
DR: 0.619548
RR: 4.082624
DD: 0.01816
DR: 0.617955
RR: 3.936255
DD: 0.017051999999999998
DR: 0.590179
RR: 3.900832
DD: 0.017901999999999998
DR: 0.614892
RR: 4.004871
DD: 0.018087
DR: 0.620937
RR: 4.017845
DD: 0.019851999999999998
DR: 0.6135729999999999
RR: 3.97709
DD: 0.017932999999999998
DR: 0.616924
RR: 3.946214
DD: 0.017723
DR: 0.606299
RR: 4.005988
DD: 0.017877999999999998
DR: 0.6173379999999999
RR: 3.979353
DD: 0.01764
DR: 0.608088
RR: 3.928574
DD: 0.017728999999999998
DR: 0.6119570000000001
RR: 3.944535
DD: 0.019263
DR: 0.6221099999999999
RR: 4.05273
DD: 0.019287
DR: 0.618618
RR: 4.061312
DD: 0.019204
DR: 0.6245430000000001
RR: 4.014649
DD: 0.018705
DR: 0.595082
RR: 3.810126
DD: 0.018446
DR: 0.5814980000000001
RR: 3.726684
DD: 0.017986
DR: 0.56306
RR: 3.604222
DD: 0.017825999999999998
DR: 0.563361
RR: 3.534928
DD: 0.017594
DR: 0.5463589999999999
RR: 3.419215
DD: 0.017537999999999998
DR: 0.544554
RR: 3.459393
DD: 0.018039
DR: 0.5607139999999999
RR: 3.51946
DD: 0.018293
DR: 0.575992
RR: 3.599278
DD: 0.018594
DR: 0.589941
RR: 3.786955
DD: 0.019242
DR: 0.6208990000000001
RR: 3.925947
DD: 0.019327999999999998
DR: 0.615046
RR: 3.934978
DD: 0.019183
DR: 0.613981
RR: 3.976205
DD: 0.019385
DR: 0.616846
RR: 3.990344
DD: 0.017838
DR: 0.611154
RR: 3.978623
DD: 0.01958
DR: 0.6169749999999999
RR: 4.012943
DD: 0.01959
DR: 0.625135
RR: 3.984746
DD: 0.019339
DR: 0.619891
RR: 3.975725
DD: 0.019382
DR: 0.6129319999999999
RR: 3.972384
DD: 0.019317
DR: 0.616682
RR: 3.971102
DD: 0.019421
DR: 0.613695
RR: 3.989489
DD: 0.019497999999999998
DR: 0.607967
RR: 4.004084
DD: 0.019129999999999998
DR: 0.605958
RR: 3.836246
DD: 0.018823
DR: 0.608629
RR: 3.999323
DD: 0.019483
DR: 0.6191720000000001
RR: 3.976729
DD: 0.019315
DR: 0.625486
RR: 4.049243
DD: 0.017946
DR: 0.59916
RR: 3.835314
DD: 0.016555
DR: 0.56614
RR: 3.676003
DD: 0.016711
DR: 0.557269
RR: 3.572611
saved to _G20.5_rmin0.001_rmax10.0_nbins30_zmin0.0zmax1.0_Lmaxsplit3bin1_N50_Planck_MC_b60

Pixels masked by MC but not already by selfunc: 0
G20.5_zmin0.0zmax1.0_Lmaxsplit3bin2: 0.81              62596 vs 324336
/home/groups/tabel/mahlet/quaia-env/lib/python3.10/site-packages/Corrfunc/utils.py:918: UserWarning: One or more input array has non-native endianness!  A copy will be made with the correct endianness.
  warnings.warn("One or more input array has non-native endianness!  A copy will"\
DD: 0.030992
DR: 1.228609
RR: 10.15534
DD: 0.031395
DR: 1.2526760000000001
RR: 9.898821
DD: 0.03244
DR: 1.24881
RR: 9.844382
DD: 0.032196999999999996
DR: 1.243872
RR: 9.934667
DD: 0.033123
DR: 1.280062
RR: 10.173956
DD: 0.033077999999999996
DR: 1.298499
RR: 10.602944
DD: 0.034796
DR: 1.365624
RR: 11.09243
DD: 0.03490199999999999
DR: 1.391807
RR: 11.306319
DD: 0.035619
DR: 1.403131
RR: 11.539491
DD: 0.033748
DR: 1.349464
RR: 11.276699
DD: 0.034921
DR: 1.396819
RR: 11.315138
DD: 0.035339999999999996
DR: 1.402308
RR: 11.334521
DD: 0.035113
DR: 1.3841649999999999
RR: 11.358946
DD: 0.035032
DR: 1.3727909999999999
RR: 11.49845
DD: 0.035429999999999996
DR: 1.407086
RR: 11.332513
DD: 0.035426
DR: 1.40614
RR: 11.370567
DD: 0.035203
DR: 1.390784
RR: 11.581327
DD: 0.035425
DR: 1.400399
RR: 11.432502
DD: 0.035622999999999995
DR: 1.39373
RR: 11.424087
DD: 0.035829
DR: 1.4197440000000001
RR: 11.477293
DD: 0.035502
DR: 1.401953
RR: 11.405947
DD: 0.035729
DR: 1.398396
RR: 11.749263
DD: 0.034748999999999995
DR: 1.344533
RR: 11.547855
DD: 0.033127
DR: 1.301127
RR: 10.562557
DD: 0.03291
DR: 1.284184
RR: 10.3459
DD: 0.032001999999999996
DR: 1.251843
RR: 9.942418
DD: 0.031872
DR: 1.2513589999999999
RR: 9.797512
DD: 0.031921
DR: 1.243464
RR: 9.896144
DD: 0.032019
DR: 1.247616
RR: 9.92911
DD: 0.031748
DR: 1.262638
RR: 10.324349
DD: 0.032868
DR: 1.302749
RR: 10.711177
DD: 0.034666999999999996
DR: 1.369935
RR: 11.121479
DD: 0.034853999999999996
DR: 1.3943750000000001
RR: 11.349972
DD: 0.035371
DR: 1.385775
RR: 11.370732
DD: 0.035211
DR: 1.389252
RR: 11.351145
DD: 0.036053
DR: 1.389356
RR: 11.307673
DD: 0.035535
DR: 1.392014
RR: 11.313505
DD: 0.037014
DR: 1.390341
RR: 11.384191
DD: 0.034981
DR: 1.387498
RR: 11.309928
DD: 0.035306
DR: 1.402841
RR: 11.400349
DD: 0.035644999999999996
DR: 1.459474
RR: 11.334607
DD: 0.035126
DR: 1.404335
RR: 11.44072
DD: 0.035438
DR: 1.398555
RR: 11.310724
DD: 0.034134
DR: 1.382066
RR: 11.37917
DD: 0.034561
DR: 1.395755
RR: 11.416481
DD: 0.035336
DR: 1.40955
RR: 11.461135
DD: 0.035162
DR: 1.391425
RR: 11.3181
DD: 0.03462100000000001
DR: 1.350112
RR: 10.862113
DD: 0.033547
DR: 1.315398
RR: 10.479833
DD: 0.032653
DR: 1.272511
RR: 10.256999
saved to _G20.5_rmin0.001_rmax10.0_nbins30_zmin0.0zmax1.0_Lmaxsplit3bin2_N50_Planck_MC_b60

Pixels masked by MC but not already by selfunc: 0
G20.5_zmin1.0zmax2.0_Lmaxsplit3bin0: 0.84              34061 vs 216065
/home/groups/tabel/mahlet/quaia-env/lib/python3.10/site-packages/Corrfunc/utils.py:918: UserWarning: One or more input array has non-native endianness!  A copy will be made with the correct endianness.
  warnings.warn("One or more input array has non-native endianness!  A copy will"\
DD: 0.014544999999999999
DR: 0.478153
RR: 2.821431
DD: 0.015985
DR: 0.471734
RR: 2.8098799999999997
DD: 0.016442
DR: 0.473195
RR: 2.824917
DD: 0.016189
DR: 0.475468
RR: 2.871489
DD: 0.016305999999999998
DR: 0.48737300000000006
RR: 2.9412
DD: 0.016774999999999998
DR: 0.503787
RR: 3.056196
DD: 0.017196
DR: 0.5271939999999999
RR: 3.1691190000000002
DD: 0.017121
DR: 0.518911
RR: 3.178538
DD: 0.015505999999999999
DR: 0.521064
RR: 3.183475
DD: 0.015694
DR: 0.524089
RR: 3.274266
DD: 0.015071
DR: 0.506041
RR: 3.139578
DD: 0.015174
DR: 0.524595
RR: 3.21557
DD: 0.017199
DR: 0.525323
RR: 3.219273
DD: 0.017195
DR: 0.518798
RR: 3.183612
DD: 0.01728
DR: 0.52598
RR: 3.192126
DD: 0.017318
DR: 0.529223
RR: 3.203012
DD: 0.017206
DR: 0.521319
RR: 3.199347
DD: 0.017190999999999998
DR: 0.520965
RR: 3.220892
DD: 0.01718
DR: 0.528113
RR: 3.233045
DD: 0.017377999999999998
DR: 0.536459
RR: 3.195411
DD: 0.017286
DR: 0.520597
RR: 3.194032
DD: 0.01732
DR: 0.531145
RR: 3.232097
DD: 0.017173
DR: 0.521716
RR: 3.105768
DD: 0.016398
DR: 0.49176299999999995
RR: 2.963196
DD: 0.015968
DR: 0.470626
RR: 2.877847
DD: 0.015894
DR: 0.467472
RR: 2.8224489999999998
DD: 0.015851
DR: 0.46740699999999996
RR: 2.796431
DD: 0.015901
DR: 0.476948
RR: 2.804066
DD: 0.015965999999999998
DR: 0.478032
RR: 2.825953
DD: 0.016266
DR: 0.483247
RR: 2.924504
DD: 0.016533
DR: 0.49743100000000007
RR: 2.964568
DD: 0.016603
DR: 0.5051289999999999
RR: 3.147478
DD: 0.017225999999999998
DR: 0.534269
RR: 3.209596
DD: 0.017231
DR: 0.52069
RR: 3.209042
DD: 0.017143
DR: 0.527714
RR: 3.22149
DD: 0.017352
DR: 0.526067
RR: 3.216113
DD: 0.017381999999999998
DR: 0.533934
RR: 3.1997809999999998
DD: 0.017218
DR: 0.525769
RR: 3.274134
DD: 0.017242999999999998
DR: 0.5320039999999999
RR: 3.272984
DD: 0.017335
DR: 0.525923
RR: 3.256391
DD: 0.017225999999999998
DR: 0.531217
RR: 3.237886
DD: 0.017355
DR: 0.5283749999999999
RR: 3.238684
DD: 0.017366
DR: 0.5284850000000001
RR: 3.207332
DD: 0.017365
DR: 0.538783
RR: 3.230292
DD: 0.017048999999999998
DR: 0.522811
RR: 3.204145
DD: 0.017116
DR: 0.530662
RR: 3.202689
DD: 0.017018
DR: 0.528294
RR: 3.199572
DD: 0.016801
DR: 0.502649
RR: 3.090131
DD: 0.01637
DR: 0.495502
RR: 3.046422
DD: 0.016257999999999998
DR: 0.48454200000000003
RR: 2.901444
saved to _G20.5_rmin0.001_rmax10.0_nbins30_zmin1.0zmax2.0_Lmaxsplit3bin0_N50_Planck_MC_b60

Pixels masked by MC but not already by selfunc: 0
G20.5_zmin1.0zmax2.0_Lmaxsplit3bin1: 0.82              77125 vs 432130
/home/groups/tabel/mahlet/quaia-env/lib/python3.10/site-packages/Corrfunc/utils.py:918: UserWarning: One or more input array has non-native endianness!  A copy will be made with the correct endianness.
  warnings.warn("One or more input array has non-native endianness!  A copy will"\
DD: 0.042738
DR: 1.803092
RR: 15.913712
DD: 0.042929999999999996
DR: 1.818359
RR: 15.659157
DD: 0.042251
DR: 1.808562
RR: 15.669075
DD: 0.042751
DR: 1.8003040000000001
RR: 15.878071
DD: 0.044073
DR: 1.86311
RR: 16.237843
DD: 0.04485
DR: 1.9284
RR: 16.974867
DD: 0.046286
DR: 1.992309
RR: 17.924875
DD: 0.047247
DR: 2.012839
RR: 17.912266
DD: 0.0472
DR: 2.026267
RR: 18.154697
DD: 0.048338
DR: 2.044906
RR: 18.218328
DD: 0.046148999999999996
DR: 2.017871
RR: 18.010726
DD: 0.047227
DR: 2.052665
RR: 18.148324
DD: 0.048683
DR: 2.062323
RR: 17.920892
DD: 0.04639
DR: 2.012185
RR: 17.873735
DD: 0.046849999999999996
DR: 2.004377
RR: 17.925899
DD: 0.0462
DR: 1.999479
RR: 17.930472
DD: 0.046486
DR: 2.014966
RR: 17.838361
DD: 0.046516999999999996
DR: 1.990683
RR: 17.862925
DD: 0.047054
DR: 2.015296
RR: 17.875892
DD: 0.046662999999999996
DR: 1.995729
RR: 17.926547
DD: 0.046445
DR: 2.031593
RR: 17.94184
DD: 0.046933
DR: 2.015392
RR: 18.096699
DD: 0.046016999999999995
DR: 1.96272
RR: 17.450613
DD: 0.04389
DR: 1.879197
RR: 16.473491
DD: 0.040857
DR: 1.819968
RR: 16.163588
DD: 0.042558
DR: 1.801646
RR: 15.802419
DD: 0.042279
DR: 1.790926
RR: 15.520116999999999
DD: 0.041874999999999996
DR: 1.78744
RR: 15.492262
DD: 0.041479999999999996
DR: 1.826593
RR: 15.744307
DD: 0.043547999999999996
DR: 1.847265
RR: 16.204496
DD: 0.044656999999999995
DR: 1.915754
RR: 17.086569
DD: 0.046377999999999996
DR: 1.997918
RR: 17.923589
DD: 0.047331
DR: 2.026504
RR: 18.198707
DD: 0.046512
DR: 2.006176
RR: 17.928043
DD: 0.046483
DR: 1.993068
RR: 17.919157
DD: 0.046576
DR: 2.013301
RR: 17.897202
DD: 0.046785
DR: 2.012418
RR: 17.779204
DD: 0.046783
DR: 1.990651
RR: 17.848585
DD: 0.046379
DR: 1.99903
RR: 17.914646
DD: 0.048544
DR: 2.035107
RR: 17.824531
DD: 0.046362999999999994
DR: 2.000369
RR: 17.847259
DD: 0.051073999999999994
DR: 2.075349
RR: 17.84369
DD: 0.046092999999999995
DR: 1.967992
RR: 17.820759
DD: 0.046623
DR: 1.991226
RR: 17.828637
DD: 0.048752
DR: 1.988264
RR: 17.721257
DD: 0.046423
DR: 1.992442
RR: 17.769121
DD: 0.046178
DR: 1.986762
RR: 17.831913
DD: 0.046009999999999995
DR: 1.941451
RR: 17.253473
DD: 0.043579
DR: 1.867918
RR: 16.472503
DD: 0.042821
DR: 1.839784
RR: 16.378539
saved to _G20.5_rmin0.001_rmax10.0_nbins30_zmin1.0zmax2.0_Lmaxsplit3bin1_N50_Planck_MC_b60

Pixels masked by MC but not already by selfunc: 0
G20.5_zmin1.0zmax2.0_Lmaxsplit3bin2: 0.80              131671 vs 648196
/home/groups/tabel/mahlet/quaia-env/lib/python3.10/site-packages/Corrfunc/utils.py:918: UserWarning: One or more input array has non-native endianness!  A copy will be made with the correct endianness.
  warnings.warn("One or more input array has non-native endianness!  A copy will"\
DD: 0.096396
DR: 4.811368
RR: 49.274544
DD: 0.09455899999999999
DR: 4.7158
RR: 48.437889
DD: 0.092847
DR: 4.759482
RR: 48.649713
DD: 0.09535199999999999
DR: 4.767738
RR: 48.618108
DD: 0.095984
DR: 4.803846
RR: 49.61762
DD: 0.097479
DR: 5.037064
RR: 52.681724
DD: 0.105625
DR: 5.393625
RR: 55.19518
DD: 0.1075
DR: 5.401362
RR: 56.361555
DD: 0.108099
DR: 5.445174
RR: 56.791326
DD: 0.10725600000000002
DR: 5.372023
RR: 56.381641
DD: 0.10636
DR: 5.375548
RR: 57.00127
DD: 0.10803199999999999
DR: 5.516681
RR: 56.621828
DD: 0.10761799999999999
DR: 5.450403
RR: 56.946081
DD: 0.105948
DR: 5.361567
RR: 57.316487
DD: 0.107973
DR: 5.604412
RR: 56.973141
DD: 0.10714299999999999
DR: 5.462143
RR: 56.484101
DD: 0.10793499999999999
DR: 5.442907
RR: 57.28239
DD: 0.11608399999999999
DR: 5.447005
RR: 56.468796
DD: 0.107115
DR: 5.447415
RR: 56.443257
DD: 0.10670199999999999
DR: 5.447101
RR: 56.214186
DD: 0.10604899999999999
DR: 5.445915
RR: 56.675168
DD: 0.10649700000000006
DR: 5.373147
RR: 56.739712
DD: 0.103212
DR: 5.222526
RR: 54.786002
DD: 0.098941
DR: 5.004633
RR: 52.02584
DD: 0.09791599999999999
DR: 4.925419
RR: 50.404971
DD: 0.095194
DR: 4.848832
RR: 49.585097
DD: 0.095625
DR: 4.858594
RR: 48.198468
DD: 0.097316
DR: 4.821508
RR: 48.740691
DD: 0.09687799999999999
DR: 4.866756
RR: 49.269985
DD: 0.097244
DR: 4.85248
RR: 50.413956
DD: 0.10160899999999999
DR: 5.083536
RR: 52.295483
DD: 0.104988
DR: 5.2821110000000004
RR: 54.545403
DD: 0.104654
DR: 5.374023
RR: 55.097461
DD: 0.10550599999999999
DR: 5.395129
RR: 56.108924
DD: 0.104295
DR: 5.4044
RR: 56.83618
DD: 0.107947
DR: 5.418995
RR: 56.093404
DD: 0.105927
DR: 5.486146
RR: 56.607158
DD: 0.106348
DR: 5.532881
RR: 56.509322
DD: 0.106318
DR: 5.4409089999999996
RR: 57.333554
DD: 0.106484
DR: 5.4003309999999995
RR: 56.635761
DD: 0.10671600000000003
DR: 5.463556
RR: 56.980185
DD: 0.10628599999999999
DR: 5.4892710000000005
RR: 57.427698
DD: 0.104488
DR: 5.413643
RR: 56.614205
DD: 0.10720099999999999
DR: 5.430666
RR: 56.686937
DD: 0.10792199999999999
DR: 5.444762
RR: 56.415504
DD: 0.10614599999999999
DR: 5.462592
RR: 56.441274
DD: 0.10643599999999999
DR: 5.519524
RR: 56.827136
DD: 0.102893
DR: 5.229637
RR: 54.618162
DD: 0.10012199999999999
DR: 5.049969
RR: 51.85259
DD: 0.09586
DR: 4.905153
RR: 49.836244
saved to _G20.5_rmin0.001_rmax10.0_nbins30_zmin1.0zmax2.0_Lmaxsplit3bin2_N50_Planck_MC_b60

Pixels masked by MC but not already by selfunc: 0
G20.5_zmin2.0zmax3.0_Lmaxsplit3bin0: 0.84              15719 vs 95503
/home/groups/tabel/mahlet/quaia-env/lib/python3.10/site-packages/Corrfunc/utils.py:918: UserWarning: One or more input array has non-native endianness!  A copy will be made with the correct endianness.
  warnings.warn("One or more input array has non-native endianness!  A copy will"\
DD: 0.006693999999999999
DR: 0.150728
RR: 0.587424
DD: 0.006327999999999999
DR: 0.151972
RR: 0.584702
DD: 0.00645
DR: 0.14113299999999998
RR: 0.587251
DD: 0.006391
DR: 0.145312
RR: 0.591292
DD: 0.006861
DR: 0.144086
RR: 0.603496
DD: 0.0067009999999999995
DR: 0.151777
RR: 0.640631
DD: 0.006898
DR: 0.15745
RR: 0.671171
DD: 0.008746
DR: 0.16169899999999998
RR: 0.671655
DD: 0.006940999999999999
DR: 0.15789499999999998
RR: 0.675499
DD: 0.008718
DR: 0.16170299999999999
RR: 0.685095
DD: 0.007025
DR: 0.16073100000000007
RR: 0.688862
DD: 0.008834
DR: 0.163907
RR: 0.691919
DD: 0.007098999999999999
DR: 0.160655
RR: 0.68452
DD: 0.006983
DR: 0.158379
RR: 0.682879
DD: 0.008869
DR: 0.16061599999999998
RR: 0.681616
DD: 0.007081
DR: 0.15884199999999998
RR: 0.683959
DD: 0.008799
DR: 0.160384
RR: 0.6799660000000001
DD: 0.006952
DR: 0.15745
RR: 0.675692
DD: 0.006815
DR: 0.15676900000000005
RR: 0.67292
DD: 0.006991
DR: 0.156972
RR: 0.672507
DD: 0.006842999999999999
DR: 0.15684199999999998
RR: 0.681388
DD: 0.008834999999999999
DR: 0.161766
RR: 0.69081
DD: 0.007003
DR: 0.156459
RR: 0.670598
DD: 0.00677
DR: 0.149012
RR: 0.6305240000000001
DD: 0.0066359999999999995
DR: 0.144608
RR: 0.621603
DD: 0.006657
DR: 0.145342
RR: 0.614129
DD: 0.006685
DR: 0.14565699999999998
RR: 0.611462
DD: 0.008346
DR: 0.146619
RR: 0.6030340000000001
DD: 0.006607999999999999
DR: 0.145427
RR: 0.6155550000000001
DD: 0.008412
DR: 0.15051399999999998
RR: 0.6318410000000001
DD: 0.006905
DR: 0.153501
RR: 0.656283
DD: 0.007069
DR: 0.159
RR: 0.6797
DD: 0.009427999999999999
DR: 0.16408799999999998
RR: 0.6806519999999999
DD: 0.006996
DR: 0.15809800000000007
RR: 0.679712
DD: 0.0070339999999999995
DR: 0.158864
RR: 0.682445
DD: 0.006945
DR: 0.158224
RR: 0.674767
DD: 0.006979
DR: 0.15931199999999998
RR: 0.672949
DD: 0.009448
DR: 0.16208599999999998
RR: 0.673817
DD: 0.007056
DR: 0.15905
RR: 0.675126
DD: 0.00703
DR: 0.15845599999999999
RR: 0.674091
DD: 0.006978
DR: 0.15770399999999998
RR: 0.668817
DD: 0.006925
DR: 0.156605
RR: 0.669053
DD: 0.008638
DR: 0.15815500000000005
RR: 0.6688109999999999
DD: 0.006882999999999999
DR: 0.156489
RR: 0.675512
DD: 0.006906
DR: 0.158409
RR: 0.679934
DD: 0.008664
DR: 0.16033799999999998
RR: 0.675844
DD: 0.006912
DR: 0.15808899999999998
RR: 0.672177
DD: 0.008489
DR: 0.153697
RR: 0.6470640000000001
DD: 0.0066489999999999995
DR: 0.14663199999999998
RR: 0.630968
DD: 0.008255
DR: 0.147977
RR: 0.61266
saved to _G20.5_rmin0.001_rmax10.0_nbins30_zmin2.0zmax3.0_Lmaxsplit3bin0_N50_Planck_MC_b60

Pixels masked by MC but not already by selfunc: 0
G20.5_zmin2.0zmax3.0_Lmaxsplit3bin1: 0.81              35949 vs 191005
/home/groups/tabel/mahlet/quaia-env/lib/python3.10/site-packages/Corrfunc/utils.py:918: UserWarning: One or more input array has non-native endianness!  A copy will be made with the correct endianness.
  warnings.warn("One or more input array has non-native endianness!  A copy will"\
DD: 0.015550999999999999
DR: 0.4994930000000001
RR: 2.999118
DD: 0.016881
DR: 0.486784
RR: 2.908045
DD: 0.016855
DR: 0.48732
RR: 2.914235
DD: 0.017113
DR: 0.48922200000000005
RR: 2.964334
DD: 0.017136
DR: 0.506244
RR: 2.99459
DD: 0.017313
DR: 0.505747
RR: 3.153163
DD: 0.020884
DR: 0.5466179999999999
RR: 3.406461
DD: 0.018203999999999998
DR: 0.535094
RR: 3.324128
DD: 0.018524
DR: 0.525208
RR: 3.327706
DD: 0.018305
DR: 0.535267
RR: 3.317138
DD: 0.018001
DR: 0.535161
RR: 3.386379
DD: 0.018296
DR: 0.545211
RR: 3.364414
DD: 0.018040999999999998
DR: 0.5529459999999999
RR: 3.359767
DD: 0.018555
DR: 0.547638
RR: 3.373571
DD: 0.018233
DR: 0.538511
RR: 3.31
DD: 0.017974999999999998
DR: 0.530609
RR: 3.301978
DD: 0.016895
DR: 0.5445800000000001
RR: 3.376985
DD: 0.016565
DR: 0.537109
RR: 3.320923
DD: 0.016586
DR: 0.537509
RR: 3.3415559999999997
DD: 0.016475
DR: 0.535439
RR: 3.307182
DD: 0.016436
DR: 0.532617
RR: 3.314777
DD: 0.016449
DR: 0.535762
RR: 3.38272
DD: 0.017804
DR: 0.52078
RR: 3.246935
DD: 0.017193
DR: 0.499613
RR: 3.035653
DD: 0.016456
DR: 0.475999
RR: 2.96357
DD: 0.017051999999999998
DR: 0.49334
RR: 3.023552
DD: 0.017099
DR: 0.489637
RR: 2.907073
DD: 0.015326
DR: 0.48563799999999996
RR: 2.966715
DD: 0.016963
DR: 0.489556
RR: 3.010756
DD: 0.017176
DR: 0.505143
RR: 3.08763
DD: 0.017328
DR: 0.522294
RR: 3.212158
DD: 0.01798
DR: 0.540027
RR: 3.311785
DD: 0.017887999999999998
DR: 0.5387259999999999
RR: 3.331177
DD: 0.018015
DR: 0.533639
RR: 3.403006
DD: 0.018354
DR: 0.543168
RR: 3.393784
DD: 0.01814
DR: 0.5446489999999999
RR: 3.362449
DD: 0.018191
DR: 0.543718
RR: 3.33299
DD: 0.018123999999999998
DR: 0.532567
RR: 3.321975
DD: 0.018057999999999998
DR: 0.543197
RR: 3.361334
DD: 0.018694
DR: 0.558097
RR: 3.425475
DD: 0.018392
DR: 0.5485800000000001
RR: 3.332071
DD: 0.017863999999999998
DR: 0.540748
RR: 3.336893
DD: 0.018179
DR: 0.540055
RR: 3.329967
DD: 0.017646
DR: 0.521262
RR: 3.2881400000000003
DD: 0.017724999999999998
DR: 0.5512950000000001
RR: 3.395477
DD: 0.018584
DR: 0.549308
RR: 3.383735
DD: 0.018327
DR: 0.553148
RR: 3.354687
DD: 0.017847
DR: 0.523951
RR: 3.245812
DD: 0.017308
DR: 0.5030600000000001
RR: 3.107661
DD: 0.017055
DR: 0.49165400000000004
RR: 3.05751
saved to _G20.5_rmin0.001_rmax10.0_nbins30_zmin2.0zmax3.0_Lmaxsplit3bin1_N50_Planck_MC_b60

Pixels masked by MC but not already by selfunc: 0
G20.5_zmin2.0zmax3.0_Lmaxsplit3bin2: 0.78              62547 vs 286508
/home/groups/tabel/mahlet/quaia-env/lib/python3.10/site-packages/Corrfunc/utils.py:918: UserWarning: One or more input array has non-native endianness!  A copy will be made with the correct endianness.
  warnings.warn("One or more input array has non-native endianness!  A copy will"\
DD: 0.033000999999999996
DR: 1.2511290000000002
RR: 9.765694
DD: 0.031262
DR: 1.219649
RR: 9.636503
DD: 0.031049999999999998
DR: 1.238797
RR: 9.833484
DD: 0.033347999999999996
DR: 1.259732
RR: 9.919434
DD: 0.033943999999999995
DR: 1.2563140000000002
RR: 10.026198
DD: 0.033599
DR: 1.293089
RR: 10.323499
DD: 0.034685
DR: 1.349733
RR: 10.840497
DD: 0.035217
DR: 1.365306
RR: 10.924839
DD: 0.035217
DR: 1.366451
RR: 10.912743
DD: 0.035539
DR: 1.366033
RR: 10.897882
DD: 0.035387999999999996
DR: 1.341735
RR: 10.874151
DD: 0.035467000000000026
DR: 1.370755
RR: 10.888662
DD: 0.035075999999999996
DR: 1.369153
RR: 10.939937
DD: 0.034939
DR: 1.353369
RR: 10.903711
DD: 0.034293
DR: 1.3504909999999999
RR: 10.966923
DD: 0.03531
DR: 1.369135
RR: 10.871725
DD: 0.035088999999999995
DR: 1.340836
RR: 10.722365
DD: 0.035539
DR: 1.362099
RR: 10.84148
DD: 0.03505
DR: 1.362585
RR: 10.908417
DD: 0.035346999999999996
DR: 1.369118
RR: 10.926292
DD: 0.035285
DR: 1.3623750000000001
RR: 10.909867
DD: 0.036254
DR: 1.3708879999999999
RR: 10.844784
DD: 0.035337
DR: 1.3059340000000002
RR: 10.58737
DD: 0.030810999999999998
DR: 1.228205
RR: 9.953999
DD: 0.031114
DR: 1.221088
RR: 9.7641
DD: 0.032059
DR: 1.223886
RR: 9.555506
DD: 0.031591
DR: 1.197626
RR: 9.346476
DD: 0.031925
DR: 1.201609
RR: 9.366949
DD: 0.030927999999999997
DR: 1.209098
RR: 9.545053
DD: 0.03146
DR: 1.243071
RR: 9.772775
DD: 0.032001999999999996
DR: 1.268545
RR: 10.092297
DD: 0.033387
DR: 1.3458999999999999
RR: 10.662154
DD: 0.035141
DR: 1.348954
RR: 10.821726
DD: 0.035058
DR: 1.352884
RR: 10.825631
DD: 0.035185999999999995
DR: 1.347011
RR: 10.92837
DD: 0.033996
DR: 1.34168
RR: 10.847325
DD: 0.034096999999999995
DR: 1.351065
RR: 11.067474
DD: 0.035407
DR: 1.352655
RR: 10.86051
DD: 0.033804
DR: 1.34186
RR: 10.904951
DD: 0.034032
DR: 1.358751
RR: 10.798544
DD: 0.034901
DR: 1.367764
RR: 10.837641
DD: 0.033782
DR: 1.3407580000000001
RR: 10.797452
DD: 0.033749999999999995
DR: 1.333132
RR: 10.913917
DD: 0.034165999999999995
DR: 1.333793
RR: 10.795603
DD: 0.035091
DR: 1.364457
RR: 10.874596
DD: 0.035067
DR: 1.353313
RR: 10.831459
DD: 0.034723
DR: 1.344922
RR: 10.79647
DD: 0.032873
DR: 1.322918
RR: 10.515168
DD: 0.032577
DR: 1.262124
RR: 10.055322
DD: 0.031235
DR: 1.231708
RR: 9.614838
saved to _G20.5_rmin0.001_rmax10.0_nbins30_zmin2.0zmax3.0_Lmaxsplit3bin2_N50_Planck_MC_b60

Pixels masked by MC but not already by selfunc: 0
G20.5_zmin3.0zmax4.6_Lmaxsplit3bin0: 0.82              2212 vs 12153
/home/groups/tabel/mahlet/quaia-env/lib/python3.10/site-packages/Corrfunc/utils.py:918: UserWarning: One or more input array has non-native endianness!  A copy will be made with the correct endianness.
  warnings.warn("One or more input array has non-native endianness!  A copy will"\
DD: 0.0022099999999999997
DR: 0.015118
RR: 0.024599
DD: 0.002261
DR: 0.015991
RR: 0.024582
DD: 0.002245
DR: 0.015835
RR: 0.02451
DD: 0.002241
DR: 0.015941999999999998
RR: 0.024753999999999998
DD: 0.002284
DR: 0.016152
RR: 0.02519
DD: 0.0022789999999999998
DR: 0.016191
RR: 0.025849
DD: 0.002301
DR: 0.016585
RR: 0.026601999999999997
DD: 0.002309
DR: 0.017138
RR: 0.026945999999999998
DD: 0.001937
DR: 0.017218999999999998
RR: 0.026989
DD: 0.0019509999999999998
DR: 0.017181
RR: 0.027003
DD: 0.001947
DR: 0.017183999999999998
RR: 0.02701700000000007
DD: 0.001959
DR: 0.017148999999999998
RR: 0.026959999999999998
DD: 0.0019459999999999998
DR: 0.017183999999999998
RR: 0.026973
DD: 0.001958
DR: 0.017194
RR: 0.026992
DD: 0.001941
DR: 0.017175
RR: 0.027068
DD: 0.0019549999999999997
DR: 0.017138
RR: 0.027059999999999997
DD: 0.0019299999999999999
DR: 0.017051999999999998
RR: 0.027069
DD: 0.001934
DR: 0.017114
RR: 0.027149
DD: 0.001949
DR: 0.017246
RR: 0.027089
DD: 0.0019529999999999999
DR: 0.017165
RR: 0.027164999999999998
DD: 0.001954
DR: 0.017193
RR: 0.027198
DD: 0.0019459999999999998
DR: 0.017280999999999998
RR: 0.027216999999999998
DD: 0.00188
DR: 0.016877
RR: 0.026247
DD: 0.002242
DR: 0.016085
RR: 0.025477999999999997
DD: 0.002221
DR: 0.015789
RR: 0.024992999999999998
DD: 0.002206
DR: 0.015868999999999998
RR: 0.024714
DD: 0.002225
DR: 0.015823
RR: 0.024699
DD: 0.00225
DR: 0.015985
RR: 0.02478
DD: 0.002224
DR: 0.015979
RR: 0.0249
DD: 0.002206
DR: 0.016134
RR: 0.025334
DD: 0.002274
DR: 0.016203
RR: 0.025834
DD: 0.002338
DR: 0.016665
RR: 0.026742
DD: 0.002368
DR: 0.017121
RR: 0.027045
DD: 0.001936
DR: 0.017159999999999998
RR: 0.027149999999999997
DD: 0.0019509999999999998
DR: 0.017188
RR: 0.027149999999999997
DD: 0.001939
DR: 0.017195
RR: 0.027183000000000068
DD: 0.001952
DR: 0.017178
RR: 0.027223999999999998
DD: 0.001956
DR: 0.017221
RR: 0.027194
DD: 0.0019679999999999997
DR: 0.017214
RR: 0.027246
DD: 0.001952
DR: 0.017166
RR: 0.027127
DD: 0.001941
DR: 0.017206
RR: 0.027108999999999998
DD: 0.001952
DR: 0.017249
RR: 0.027198
DD: 0.0019459999999999998
DR: 0.017206
RR: 0.027131
DD: 0.001959
DR: 0.017162999999999998
RR: 0.027079
DD: 0.001927
DR: 0.017277
RR: 0.027094
DD: 0.0019479999999999999
DR: 0.01715
RR: 0.027053999999999998
DD: 0.001959
DR: 0.017141
RR: 0.027073999999999997
DD: 0.001875
DR: 0.016899
RR: 0.026258999999999998
DD: 0.002237
DR: 0.016107000000000093
RR: 0.025398999999999998
DD: 0.002185
DR: 0.015628
RR: 0.024936
saved to _G20.5_rmin0.001_rmax10.0_nbins30_zmin3.0zmax4.6_Lmaxsplit3bin0_N50_Planck_MC_b60

Pixels masked by MC but not already by selfunc: 0
G20.5_zmin3.0zmax4.6_Lmaxsplit3bin1: 0.80              4883 vs 24305
/home/groups/tabel/mahlet/quaia-env/lib/python3.10/site-packages/Corrfunc/utils.py:918: UserWarning: One or more input array has non-native endianness!  A copy will be made with the correct endianness.
  warnings.warn("One or more input array has non-native endianness!  A copy will"\
DD: 0.0026379999999999997
DR: 0.03102
RR: 0.067713
DD: 0.002738
DR: 0.030816999999999997
RR: 0.068523
DD: 0.0027389999999999997
DR: 0.031146999999999998
RR: 0.070185
DD: 0.004566
DR: 0.031429
RR: 0.068689
DD: 0.0027979999999999997
DR: 0.031743
RR: 0.070105
DD: 0.002773
DR: 0.032067
RR: 0.072164
DD: 0.0027879999999999997
DR: 0.033034
RR: 0.074609
DD: 0.002874
DR: 0.033229
RR: 0.075724
DD: 0.002923
DR: 0.03312
RR: 0.075888
DD: 0.002917
DR: 0.033257
RR: 0.07547
DD: 0.002911
DR: 0.033371
RR: 0.077018
DD: 0.003277
DR: 0.03317700000000001
RR: 0.075518
DD: 0.002925
DR: 0.033177
RR: 0.07572799999999999
DD: 0.002908
DR: 0.033297
RR: 0.075636
DD: 0.002908
DR: 0.033143
RR: 0.07554899999999999
DD: 0.0028899999999999998
DR: 0.033177
RR: 0.075654
DD: 0.002895
DR: 0.033176
RR: 0.07549000000000006
DD: 0.002892
DR: 0.032944999999999995
RR: 0.07499399999999999
DD: 0.002891
DR: 0.033007999999999996
RR: 0.07514599999999999
DD: 0.002875
DR: 0.032806
RR: 0.074708
DD: 0.002877
DR: 0.033033
RR: 0.074877
DD: 0.002874
DR: 0.032937
RR: 0.07657
DD: 0.004208
DR: 0.032345
RR: 0.07284199999999999
DD: 0.002727
DR: 0.031356999999999996
RR: 0.070461
DD: 0.002731
DR: 0.030900999999999998
RR: 0.068975
DD: 0.002695
DR: 0.030566
RR: 0.068094
DD: 0.00276
DR: 0.030732
RR: 0.067743
DD: 0.0027069999999999998
DR: 0.030773
RR: 0.067883
DD: 0.0027259999999999997
DR: 0.030817999999999998
RR: 0.06862499999999999
DD: 0.0028409999999999998
DR: 0.03136
RR: 0.06991499999999999
DD: 0.0027489999999999997
DR: 0.032042999999999995
RR: 0.071938
DD: 0.002776
DR: 0.032913
RR: 0.074726
DD: 0.002875
DR: 0.033353
RR: 0.075764
DD: 0.002921
DR: 0.033149
RR: 0.07574900000000007
DD: 0.00293
DR: 0.033267
RR: 0.07574399999999999
DD: 0.002928
DR: 0.033409999999999995
RR: 0.076231
DD: 0.002921
DR: 0.033499999999999995
RR: 0.076081
DD: 0.002887
DR: 0.033437999999999996
RR: 0.076294
DD: 0.0029349999999999997
DR: 0.033368999999999996
RR: 0.076046
DD: 0.0029250000000000664
DR: 0.033409
RR: 0.076015
DD: 0.002879
DR: 0.033454
RR: 0.076177
DD: 0.002904
DR: 0.033447
RR: 0.077468
DD: 0.0043879999999999995
DR: 0.033659999999999995
RR: 0.075984
DD: 0.002962
DR: 0.033274
RR: 0.076144
DD: 0.0029519999999999998
DR: 0.033342
RR: 0.076182
DD: 0.0029449999999999997
DR: 0.033454
RR: 0.075893
DD: 0.002889
DR: 0.033368999999999996
RR: 0.076081
DD: 0.0028139999999999997
DR: 0.03236
RR: 0.074083
DD: 0.0027559999999999998
DR: 0.031578999999999996
RR: 0.070847
DD: 0.002706
DR: 0.031091999999999998
RR: 0.068882
saved to _G20.5_rmin0.001_rmax10.0_nbins30_zmin3.0zmax4.6_Lmaxsplit3bin1_N50_Planck_MC_b60

Pixels masked by MC but not already by selfunc: 0
G20.5_zmin3.0zmax4.6_Lmaxsplit3bin2: 0.77              8565 vs 36458
/home/groups/tabel/mahlet/quaia-env/lib/python3.10/site-packages/Corrfunc/utils.py:918: UserWarning: One or more input array has non-native endianness!  A copy will be made with the correct endianness.
  warnings.warn("One or more input array has non-native endianness!  A copy will"\
DD: 0.004038
DR: 0.055904999999999996
RR: 0.151174
DD: 0.0039959999999999996
DR: 0.055285
RR: 0.149939
DD: 0.003981
DR: 0.055437
RR: 0.14995799999999998
DD: 0.003981
DR: 0.05563
RR: 0.15142999999999998
DD: 0.003962
DR: 0.0563800000000001
RR: 0.154086
DD: 0.004038
DR: 0.057801
RR: 0.159238
DD: 0.00817
DR: 0.059116999999999996
RR: 0.166451
DD: 0.005872
DR: 0.06114400000000009
RR: 0.16794399999999998
DD: 0.004275999999999999
DR: 0.060445
RR: 0.16858299999999998
DD: 0.004203999999999999
DR: 0.060675
RR: 0.167871
DD: 0.004266
DR: 0.060665
RR: 0.16852999999999999
DD: 0.004241
DR: 0.060615999999999996
RR: 0.168448
DD: 0.004229999999999999
DR: 0.060799
RR: 0.16909600000000002
DD: 0.004222
DR: 0.060643999999999997
RR: 0.168593
DD: 0.0042439999999999995
DR: 0.06057
RR: 0.168791
DD: 0.004209
DR: 0.060349999999999994
RR: 0.16832500000000006
DD: 0.004208
DR: 0.059996
RR: 0.170207
DD: 0.005764
DR: 0.060008
RR: 0.165073
DD: 0.004504
DR: 0.058478999999999996
RR: 0.16542600000000007
DD: 0.004438
DR: 0.058801
RR: 0.165678
DD: 0.004477
DR: 0.060214
RR: 0.167854
DD: 0.004154
DR: 0.059979
RR: 0.167873
DD: 0.004101
DR: 0.058142
RR: 0.162766
DD: 0.004056
DR: 0.056651
RR: 0.156854
DD: 0.003938
DR: 0.055638
RR: 0.15331999999999998
DD: 0.003949
DR: 0.055160999999999995
RR: 0.152697
DD: 0.005594
DR: 0.055713
RR: 0.150373
DD: 0.00398
DR: 0.055248
RR: 0.15011600000000003
DD: 0.004003
DR: 0.055694
RR: 0.152074
DD: 0.00398
DR: 0.056221
RR: 0.154607
DD: 0.004158
DR: 0.057470999999999994
RR: 0.15923700000000007
DD: 0.004286
DR: 0.06043
RR: 0.16611599999999999
DD: 0.004190999999999999
DR: 0.060335999999999994
RR: 0.168494
DD: 0.004212
DR: 0.060294
RR: 0.167356
DD: 0.00422
DR: 0.059968999999999995
RR: 0.16650099999999998
DD: 0.004190999999999999
DR: 0.059694
RR: 0.167162
DD: 0.004125
DR: 0.06405700000000003
RR: 0.16866199999999998
DD: 0.004443
DR: 0.059989999999999995
RR: 0.167319
DD: 0.004193
DR: 0.059461999999999994
RR: 0.167624
DD: 0.004129
DR: 0.059559999999999995
RR: 0.16758599999999998
DD: 0.004177
DR: 0.059626
RR: 0.167421
DD: 0.0041199999999999995
DR: 0.059489999999999994
RR: 0.166077
DD: 0.004164
DR: 0.059683
RR: 0.16699899999999998
DD: 0.004154
DR: 0.059913999999999995
RR: 0.167406
DD: 0.0041789999999999996
DR: 0.059869
RR: 0.16781100000000004
DD: 0.006026
DR: 0.063175
RR: 0.168948
DD: 0.004357
DR: 0.06107
RR: 0.170236
DD: 0.004295
DR: 0.059599
RR: 0.16578400000000004
DD: 0.00415
DR: 0.057784999999999996
RR: 0.16036999999999998
DD: 0.004144999999999999
DR: 0.056684
RR: 0.155882
saved to _G20.5_rmin0.001_rmax10.0_nbins30_zmin3.0zmax4.6_Lmaxsplit3bin2_N50_Planck_MC_b60

done!
