Starting batch job

G20.5: computing wtheta in 30 bins from 0.001 to 10.0 on a log scale...

Pixels masked by MC but not already by selfunc: 3379
G20.5_zsplit2bin0_Lmaxsplit2bin0: 0.18              265133 vs 323872
/home/groups/tabel/mahlet/quaia-env/lib/python3.10/site-packages/Corrfunc/utils.py:918: UserWarning: One or more input array has non-native endianness!  A copy will be made with the correct endianness.
  warnings.warn("One or more input array has non-native endianness!  A copy will"\
DD: 0.133373
DR: 5.455363
RR: 46.201929
saved to _G20.5_rmin0.001_rmax10.0_nbins30_zsplit2bin0_Lmaxsplit2bin0_Planck_MC_b20
Pixels masked by MC but not already by selfunc: 6286
G20.5_zsplit2bin0_Lmaxsplit2bin1: 0.14              555245 vs 647744
/home/groups/tabel/mahlet/quaia-env/lib/python3.10/site-packages/Corrfunc/utils.py:918: UserWarning: One or more input array has non-native endianness!  A copy will be made with the correct endianness.
  warnings.warn("One or more input array has non-native endianness!  A copy will"\
DD: 0.3993
DR: 20.460107
RR: 213.011168
saved to _G20.5_rmin0.001_rmax10.0_nbins30_zsplit2bin0_Lmaxsplit2bin1_Planck_MC_b20
Pixels masked by MC but not already by selfunc: 3970
G20.5_zsplit2bin1_Lmaxsplit2bin0: 0.15              276098 vs 323879
/home/groups/tabel/mahlet/quaia-env/lib/python3.10/site-packages/Corrfunc/utils.py:918: UserWarning: One or more input array has non-native endianness!  A copy will be made with the correct endianness.
  warnings.warn("One or more input array has non-native endianness!  A copy will"\
DD: 0.13328199999999998
DR: 5.877196
RR: 49.52359
saved to _G20.5_rmin0.001_rmax10.0_nbins30_zsplit2bin1_Lmaxsplit2bin0_Planck_MC_b20
Pixels masked by MC but not already by selfunc: 7078
G20.5_zsplit2bin1_Lmaxsplit2bin1: 0.11              573477 vs 647758
/home/groups/tabel/mahlet/quaia-env/lib/python3.10/site-packages/Corrfunc/utils.py:918: UserWarning: One or more input array has non-native endianness!  A copy will be made with the correct endianness.
  warnings.warn("One or more input array has non-native endianness!  A copy will"\
DD: 0.430986
DR: 22.224133
RR: 231.307757
saved to _G20.5_rmin0.001_rmax10.0_nbins30_zsplit2bin1_Lmaxsplit2bin1_Planck_MC_b20
done!
