Starting batch job

G20.5: computing wtheta in 30 bins from 0.001 to 10.0 on a log scale...

Pixels masked by MC but not already by selfunc: 907
G20.5_zsplit4bin0_Lsplit4bin0: 0.25              60950 vs 80949
[Warning] The CPU supports AVX512F but the compiler does not.  Can you try another compiler?
/home/groups/tabel/mahlet/quaia-env/lib/python3.10/site-packages/Corrfunc/utils.py:918: UserWarning: One or more input array has non-native endianness!  A copy will be made with the correct endianness.
  warnings.warn("One or more input array has non-native endianness!  A copy will"\
DD: 0.020583999999999998
DR: 0.555542
RR: 2.119497
saved to _G20.5_rmin0.001_rmax10.0_nbins30_zsplit4bin0_Lsplit4bin0_Planck_MC_b20
Pixels masked by MC but not already by selfunc: 798
G20.5_zsplit4bin0_Lsplit4bin1: 0.16              68400 vs 80948
/home/groups/tabel/mahlet/quaia-env/lib/python3.10/site-packages/Corrfunc/utils.py:918: UserWarning: One or more input array has non-native endianness!  A copy will be made with the correct endianness.
  warnings.warn("One or more input array has non-native endianness!  A copy will"\
DD: 0.021551999999999998
DR: 0.610067
RR: 2.429453
saved to _G20.5_rmin0.001_rmax10.0_nbins30_zsplit4bin0_Lsplit4bin1_Planck_MC_b20
Pixels masked by MC but not already by selfunc: 780
G20.5_zsplit4bin0_Lsplit4bin2: 0.11              72313 vs 80949
/home/groups/tabel/mahlet/quaia-env/lib/python3.10/site-packages/Corrfunc/utils.py:918: UserWarning: One or more input array has non-native endianness!  A copy will be made with the correct endianness.
  warnings.warn("One or more input array has non-native endianness!  A copy will"\
DD: 0.025938
DR: 0.6645639999999999
RR: 2.68903
saved to _G20.5_rmin0.001_rmax10.0_nbins30_zsplit4bin0_Lsplit4bin2_Planck_MC_b20
Pixels masked by MC but not already by selfunc: 706
G20.5_zsplit4bin0_Lsplit4bin3: 0.10              73114 vs 80949
/home/groups/tabel/mahlet/quaia-env/lib/python3.10/site-packages/Corrfunc/utils.py:918: UserWarning: One or more input array has non-native endianness!  A copy will be made with the correct endianness.
  warnings.warn("One or more input array has non-native endianness!  A copy will"\
DD: 0.023569999999999997
DR: 0.664091
RR: 2.719268
saved to _G20.5_rmin0.001_rmax10.0_nbins30_zsplit4bin0_Lsplit4bin3_Planck_MC_b20
Pixels masked by MC but not already by selfunc: 855
G20.5_zsplit4bin1_Lsplit4bin0: 0.22              62932 vs 80987
/home/groups/tabel/mahlet/quaia-env/lib/python3.10/site-packages/Corrfunc/utils.py:918: UserWarning: One or more input array has non-native endianness!  A copy will be made with the correct endianness.
  warnings.warn("One or more input array has non-native endianness!  A copy will"\
DD: 0.0196
DR: 0.549176
RR: 2.166005
saved to _G20.5_rmin0.001_rmax10.0_nbins30_zsplit4bin1_Lsplit4bin0_Planck_MC_b20
Pixels masked by MC but not already by selfunc: 819
G20.5_zsplit4bin1_Lsplit4bin1: 0.16              68301 vs 80987
/home/groups/tabel/mahlet/quaia-env/lib/python3.10/site-packages/Corrfunc/utils.py:918: UserWarning: One or more input array has non-native endianness!  A copy will be made with the correct endianness.
  warnings.warn("One or more input array has non-native endianness!  A copy will"\
DD: 0.021418
DR: 0.605106
RR: 2.380389
saved to _G20.5_rmin0.001_rmax10.0_nbins30_zsplit4bin1_Lsplit4bin1_Planck_MC_b20
Pixels masked by MC but not already by selfunc: 801
G20.5_zsplit4bin1_Lsplit4bin2: 0.11              72441 vs 80987
/home/groups/tabel/mahlet/quaia-env/lib/python3.10/site-packages/Corrfunc/utils.py:918: UserWarning: One or more input array has non-native endianness!  A copy will be made with the correct endianness.
  warnings.warn("One or more input array has non-native endianness!  A copy will"\
DD: 0.022836
DR: 0.645598
RR: 2.600925
saved to _G20.5_rmin0.001_rmax10.0_nbins30_zsplit4bin1_Lsplit4bin2_Planck_MC_b20
Pixels masked by MC but not already by selfunc: 620
G20.5_zsplit4bin1_Lsplit4bin3: 0.05              76794 vs 80988
/home/groups/tabel/mahlet/quaia-env/lib/python3.10/site-packages/Corrfunc/utils.py:918: UserWarning: One or more input array has non-native endianness!  A copy will be made with the correct endianness.
  warnings.warn("One or more input array has non-native endianness!  A copy will"\
DD: 0.025342
DR: 0.702693
RR: 2.950217
saved to _G20.5_rmin0.001_rmax10.0_nbins30_zsplit4bin1_Lsplit4bin3_Planck_MC_b20
Pixels masked by MC but not already by selfunc: 918
G20.5_zsplit4bin2_Lsplit4bin0: 0.21              64103 vs 80952
/home/groups/tabel/mahlet/quaia-env/lib/python3.10/site-packages/Corrfunc/utils.py:918: UserWarning: One or more input array has non-native endianness!  A copy will be made with the correct endianness.
  warnings.warn("One or more input array has non-native endianness!  A copy will"\
DD: 0.020173999999999997
DR: 0.559981
RR: 2.216981
saved to _G20.5_rmin0.001_rmax10.0_nbins30_zsplit4bin2_Lsplit4bin0_Planck_MC_b20
Pixels masked by MC but not already by selfunc: 843
G20.5_zsplit4bin2_Lsplit4bin1: 0.14              69489 vs 80952
/home/groups/tabel/mahlet/quaia-env/lib/python3.10/site-packages/Corrfunc/utils.py:918: UserWarning: One or more input array has non-native endianness!  A copy will be made with the correct endianness.
  warnings.warn("One or more input array has non-native endianness!  A copy will"\
DD: 0.021811999999999998
DR: 0.608679
RR: 2.438554
saved to _G20.5_rmin0.001_rmax10.0_nbins30_zsplit4bin2_Lsplit4bin1_Planck_MC_b20
Pixels masked by MC but not already by selfunc: 769
G20.5_zsplit4bin2_Lsplit4bin2: 0.09              73435 vs 80952
/home/groups/tabel/mahlet/quaia-env/lib/python3.10/site-packages/Corrfunc/utils.py:918: UserWarning: One or more input array has non-native endianness!  A copy will be made with the correct endianness.
  warnings.warn("One or more input array has non-native endianness!  A copy will"\
DD: 0.023271999999999998
DR: 0.661463
RR: 2.730738
saved to _G20.5_rmin0.001_rmax10.0_nbins30_zsplit4bin2_Lsplit4bin2_Planck_MC_b20
Pixels masked by MC but not already by selfunc: 578
G20.5_zsplit4bin2_Lsplit4bin3: 0.04              77402 vs 80952
/home/groups/tabel/mahlet/quaia-env/lib/python3.10/site-packages/Corrfunc/utils.py:918: UserWarning: One or more input array has non-native endianness!  A copy will be made with the correct endianness.
  warnings.warn("One or more input array has non-native endianness!  A copy will"\
DD: 0.025873
DR: 0.7260949999999999
RR: 3.118199
saved to _G20.5_rmin0.001_rmax10.0_nbins30_zsplit4bin2_Lsplit4bin3_Planck_MC_b20
Pixels masked by MC but not already by selfunc: 1075
G20.5_zsplit4bin3_Lsplit4bin0: 0.18              66382 vs 80988
/home/groups/tabel/mahlet/quaia-env/lib/python3.10/site-packages/Corrfunc/utils.py:918: UserWarning: One or more input array has non-native endianness!  A copy will be made with the correct endianness.
  warnings.warn("One or more input array has non-native endianness!  A copy will"\
DD: 0.020641
DR: 0.5796009999999999
RR: 2.306888
saved to _G20.5_rmin0.001_rmax10.0_nbins30_zsplit4bin3_Lsplit4bin0_Planck_MC_b20
Pixels masked by MC but not already by selfunc: 975
G20.5_zsplit4bin3_Lsplit4bin1: 0.12              71388 vs 80987
/home/groups/tabel/mahlet/quaia-env/lib/python3.10/site-packages/Corrfunc/utils.py:918: UserWarning: One or more input array has non-native endianness!  A copy will be made with the correct endianness.
  warnings.warn("One or more input array has non-native endianness!  A copy will"\
DD: 0.0223
DR: 0.63106
RR: 2.553412
saved to _G20.5_rmin0.001_rmax10.0_nbins30_zsplit4bin3_Lsplit4bin1_Planck_MC_b20
Pixels masked by MC but not already by selfunc: 1005
G20.5_zsplit4bin3_Lsplit4bin2: 0.08              74166 vs 80987
/home/groups/tabel/mahlet/quaia-env/lib/python3.10/site-packages/Corrfunc/utils.py:918: UserWarning: One or more input array has non-native endianness!  A copy will be made with the correct endianness.
  warnings.warn("One or more input array has non-native endianness!  A copy will"\
DD: 0.023634
DR: 0.671485
RR: 2.791081
saved to _G20.5_rmin0.001_rmax10.0_nbins30_zsplit4bin3_Lsplit4bin2_Planck_MC_b20
Pixels masked by MC but not already by selfunc: 915
G20.5_zsplit4bin3_Lsplit4bin3: 0.05              77112 vs 80988
/home/groups/tabel/mahlet/quaia-env/lib/python3.10/site-packages/Corrfunc/utils.py:918: UserWarning: One or more input array has non-native endianness!  A copy will be made with the correct endianness.
  warnings.warn("One or more input array has non-native endianness!  A copy will"\
DD: 0.025494
DR: 0.706388
RR: 2.995787
saved to _G20.5_rmin0.001_rmax10.0_nbins30_zsplit4bin3_Lsplit4bin3_Planck_MC_b20
done!
