Starting batch job

G20.5: computing wtheta in 30 bins from 0.001 to 10.0 on a log scale for 50 jackknife regions...
--L: split

z: None split 3
L: None split 2
Pixels masked by MC but not already by selfunc: 1737
G20.5_zsplit3bin0_Lsplit2bin0: 0.39              132572 vs 215881
/home/groups/tabel/mahlet/quaia-env/lib/python3.10/site-packages/Corrfunc/utils.py:918: UserWarning: One or more input array has non-native endianness!  A copy will be made with the correct endianness.
  warnings.warn("One or more input array has non-native endianness!  A copy will"\
DD: 0.079661
DR: 2.7345800000000002
RR: 17.412815
DD: 0.07009699999999999
DR: 2.3543060000000002
RR: 17.10451
DD: 0.068077
DR: 2.598536
RR: 19.0055
DD: 0.067915
DR: 2.61074
RR: 18.973033
DD: 0.067521
DR: 2.619185
RR: 18.867239
DD: 0.066097
DR: 2.585281
RR: 18.664544
DD: 0.066074
DR: 2.551457
RR: 18.443431
DD: 0.062285999999999994
DR: 2.315962
RR: 18.615927
DD: 0.065108
DR: 2.540028
RR: 19.930974
DD: 0.067954
DR: 2.388545
RR: 18.073516
DD: 0.06711299999999999
DR: 2.617468
RR: 19.531329
DD: 0.068669
DR: 2.704049
RR: 19.735422
DD: 0.07031699999999999
DR: 2.706955
RR: 19.947781
DD: 0.071758
DR: 2.72692
RR: 18.585146
DD: 0.066601
DR: 2.64291
RR: 18.433569
DD: 0.062353
DR: 2.758634
RR: 20.994102
DD: 0.073133
DR: 2.836567
RR: 19.453694
DD: 0.060885999999999996
DR: 2.372586
RR: 19.291231
DD: 0.066944
DR: 2.619788
RR: 19.298264
DD: 0.066382
DR: 2.56112
RR: 18.724321
DD: 0.060809999999999996
DR: 2.357412
RR: 18.242719
DD: 0.059982
DR: 2.485933
RR: 18.427443
DD: 0.067019
DR: 2.467016
RR: 18.798944
DD: 0.068725
DR: 2.668766
RR: 19.603791
DD: 0.07067899999999999
DR: 2.497632
RR: 17.446387
DD: 0.065983
DR: 2.518261
RR: 18.691323
DD: 0.065231
DR: 2.602907
RR: 17.566147
DD: 0.067232
DR: 2.538237
RR: 17.752917
DD: 0.067811
DR: 2.524687
RR: 18.701857
DD: 0.065757
DR: 2.511609
RR: 18.277415
DD: 0.059428999999999996
DR: 2.4939270000000002
RR: 19.613914
DD: 0.07024700000000006
DR: 2.719341
RR: 18.871249
DD: 0.060232999999999995
DR: 2.312126
RR: 18.465824
DD: 0.06706
DR: 2.430592
RR: 18.350372
DD: 0.065806
DR: 2.437307
RR: 18.738943
DD: 0.0652
DR: 2.584499
RR: 19.14087
DD: 0.065893
DR: 2.533582
RR: 19.33131
DD: 0.066485
DR: 2.623016
RR: 19.757468
DD: 0.07299
DR: 2.838224
RR: 20.780944
DD: 0.072439
DR: 2.564599
RR: 17.631706
DD: 0.06321199999999999
DR: 2.6233589999999998
RR: 18.835759
DD: 0.067285
DR: 2.690697
RR: 19.784232
DD: 0.067412
DR: 2.636683
RR: 19.473203
DD: 0.06607
DR: 2.574282
RR: 19.234442
DD: 0.065804
DR: 2.49753
RR: 18.833055
DD: 0.064041
DR: 2.453852
RR: 19.648883
DD: 0.06979000000000002
DR: 2.557429
RR: 18.629929
DD: 0.06545
DR: 2.29836
RR: 17.428802
DD: 0.064342
DR: 2.541312
RR: 18.672309
DD: 0.065804
DR: 2.5738
RR: 18.890814
saved to _G20.5_rmin0.001_rmax10.0_nbins30_zsplit3bin0_Lsplit2bin0_N50_Planck_MC_b30

Pixels masked by MC but not already by selfunc: 1534
G20.5_zsplit3bin0_Lsplit2bin1: 0.26              159503 vs 215882
/home/groups/tabel/mahlet/quaia-env/lib/python3.10/site-packages/Corrfunc/utils.py:918: UserWarning: One or more input array has non-native endianness!  A copy will be made with the correct endianness.
  warnings.warn("One or more input array has non-native endianness!  A copy will"\
DD: 0.08633199999999999
DR: 3.517127
RR: 27.317862
DD: 0.08547199999999999
DR: 3.4367609999999997
RR: 25.993225
DD: 0.087507
DR: 3.422643
RR: 27.809082
DD: 0.079917
DR: 3.438547
RR: 25.926682
DD: 0.089752
DR: 3.486694
RR: 27.444432
DD: 0.08830700000000002
DR: 3.569749
RR: 27.433208
DD: 0.08103199999999999
DR: 3.259213
RR: 26.571448
DD: 0.089751
DR: 3.503467
RR: 28.061809
DD: 0.09342199999999999
DR: 3.7293789999999998
RR: 27.501055
DD: 0.081594
DR: 3.178951
RR: 27.425871
DD: 0.092261
DR: 3.620412
RR: 27.251525
DD: 0.09275
DR: 3.324598
RR: 28.67505
DD: 0.092817
DR: 3.68035
RR: 28.727783
DD: 0.09333799999999999
DR: 3.617158
RR: 30.436199
DD: 0.096816
DR: 3.871928
RR: 26.722039
DD: 0.07561699999999999
DR: 3.584021
RR: 28.189093
DD: 0.09256299999999999
DR: 3.630546
RR: 29.272147
DD: 0.08839799999999999
DR: 3.621511
RR: 28.591242
DD: 0.09555999999999999
DR: 3.657822
RR: 28.669006
DD: 0.094097
DR: 3.735327
RR: 26.204947
DD: 0.073568
DR: 2.936732
RR: 27.691125
DD: 0.087223
DR: 3.509712
RR: 27.524478
DD: 0.087314
DR: 3.468849
RR: 27.465305999999998
DD: 0.091656
DR: 3.624787
RR: 26.541287
DD: 0.086257
DR: 3.372054
RR: 27.500733
DD: 0.08550600000000008
DR: 3.193932
RR: 26.042916
DD: 0.086452
DR: 3.428604
RR: 27.192523
DD: 0.088547
DR: 3.478371
RR: 27.355099
DD: 0.086476
DR: 3.515613
RR: 26.079615
DD: 0.088224
DR: 3.506653
RR: 26.602036
DD: 0.086917
DR: 3.4450060000000002
RR: 27.266525
DD: 0.086144
DR: 3.404353
RR: 26.913372
DD: 0.094138
DR: 3.69152
RR: 28.746112
DD: 0.084317
DR: 3.376524
RR: 25.422254
DD: 0.08241699999999999
DR: 3.333731
RR: 28.024395
DD: 0.087518
DR: 3.585204
RR: 28.380586
DD: 0.088169
DR: 3.546162
RR: 27.874233
DD: 0.09571299999999999
DR: 3.860007
RR: 29.661636
DD: 0.08108499999999999
DR: 3.515884
RR: 26.996931
DD: 0.091319
DR: 3.6939409999999997
RR: 29.215407
DD: 0.09221
DR: 3.667192
RR: 29.070561
DD: 0.08904800000000002
DR: 3.514154
RR: 28.697524
DD: 0.095887
DR: 3.761394
RR: 28.000844
DD: 0.082769
DR: 3.260374
RR: 27.735608
DD: 0.087833
DR: 3.506806
RR: 28.263158
DD: 0.089039
DR: 3.504302
RR: 27.668763
DD: 0.085615
DR: 3.394227
RR: 26.457291
DD: 0.086099
DR: 4.000464
RR: 27.847471
DD: 0.08437299999999999
DR: 3.42862
RR: 27.002926
DD: 0.09240999999999999
DR: 3.7361560000000003
RR: 27.566959
saved to _G20.5_rmin0.001_rmax10.0_nbins30_zsplit3bin0_Lsplit2bin1_N50_Planck_MC_b30

Pixels masked by MC but not already by selfunc: 1695
G20.5_zsplit3bin1_Lsplit2bin0: 0.38              134351 vs 215952
/home/groups/tabel/mahlet/quaia-env/lib/python3.10/site-packages/Corrfunc/utils.py:918: UserWarning: One or more input array has non-native endianness!  A copy will be made with the correct endianness.
  warnings.warn("One or more input array has non-native endianness!  A copy will"\
DD: 0.07368
DR: 2.840327
RR: 18.966057
DD: 0.06256199999999999
DR: 2.4465060000000003
RR: 17.775501
DD: 0.067079
DR: 2.730701
RR: 20.824513
DD: 0.075483
DR: 3.018764
RR: 18.596177
DD: 0.06622399999999999
DR: 2.6968
RR: 19.478579
DD: 0.071853
DR: 2.797026
RR: 19.523599
DD: 0.07263599999999999
DR: 2.84683
RR: 19.657118
DD: 0.073145
DR: 2.764327
RR: 19.055155
DD: 0.07196999999999999
DR: 2.528496
RR: 19.161626
DD: 0.07192
DR: 2.919183
RR: 20.727119
DD: 0.072493
DR: 2.933698
RR: 19.320773
DD: 0.063368
DR: 2.551942
RR: 20.264365
DD: 0.07203899999999999
DR: 2.836971
RR: 20.486703
DD: 0.071544
DR: 2.819397
RR: 19.728864
DD: 0.065008
DR: 2.623972
RR: 20.169321
DD: 0.06812599999999999
DR: 2.815481
RR: 19.656608
DD: 0.06253399999999999
DR: 2.961897
RR: 21.109569
DD: 0.071647
DR: 2.881569
RR: 19.27615
DD: 0.062372
DR: 2.514074
RR: 19.641949
DD: 0.06908399999999999
DR: 2.726092
RR: 18.787719
DD: 0.067483
DR: 2.655997
RR: 18.96682
DD: 0.067574
DR: 2.69935
RR: 19.174965
DD: 0.064908
DR: 2.7003310000000003
RR: 18.528493
DD: 0.06824899999999999
DR: 2.812265
RR: 20.059046
DD: 0.069383
DR: 2.813701
RR: 18.661873
DD: 0.06077
DR: 2.43941
RR: 18.629516
DD: 0.063665
DR: 2.623564
RR: 18.498207
DD: 0.06748
DR: 2.715773
RR: 19.068104
DD: 0.06572599999999999
DR: 2.721985
RR: 18.990096
DD: 0.066646
DR: 2.672091
RR: 18.709427
DD: 0.070043
DR: 2.815987
RR: 20.121582
DD: 0.070667
DR: 2.818485
RR: 18.265383
DD: 0.060901
DR: 2.606506
RR: 18.578072
DD: 0.062064999999999995
DR: 2.535146
RR: 19.215204
DD: 0.067731
DR: 2.694468
RR: 19.445067
DD: 0.06838799999999999
DR: 2.749498
RR: 19.546575
DD: 0.06821200000000005
DR: 2.752978
RR: 20.227467
DD: 0.074595
DR: 2.953501
RR: 20.965682
DD: 0.06961800000000007
DR: 2.738635
RR: 18.177794
DD: 0.06981799999999999
DR: 2.831031
RR: 19.568361
DD: 0.06846
DR: 2.813683
RR: 20.134688
DD: 0.069148
DR: 2.789813
RR: 19.980347
DD: 0.06709
DR: 2.699486
RR: 19.22258
DD: 0.073785
DR: 2.841123
RR: 20.272759
DD: 0.070093
DR: 2.805737
RR: 17.634838
DD: 0.05746
DR: 2.592154
RR: 16.099201
DD: 0.05848000000000009
DR: 2.265821
RR: 16.3954
DD: 0.05820600000000009
DR: 2.320207
RR: 17.430771
DD: 0.058189000000000046
DR: 2.573294
RR: 17.072696
DD: 0.058365
DR: 2.32885
RR: 16.272533
saved to _G20.5_rmin0.001_rmax10.0_nbins30_zsplit3bin1_Lsplit2bin0_N50_Planck_MC_b30

Pixels masked by MC but not already by selfunc: 1434
G20.5_zsplit3bin1_Lsplit2bin1: 0.22              167537 vs 215953
/home/groups/tabel/mahlet/quaia-env/lib/python3.10/site-packages/Corrfunc/utils.py:918: UserWarning: One or more input array has non-native endianness!  A copy will be made with the correct endianness.
  warnings.warn("One or more input array has non-native endianness!  A copy will"\
DD: 0.080242
DR: 3.340923
RR: 33.229946
DD: 0.09971999999999999
DR: 3.963606
RR: 35.682535
DD: 0.106337
DR: 4.188402
RR: 31.25668
DD: 0.09305999999999999
DR: 3.761795
RR: 30.053498
DD: 0.093114
DR: 3.955484
RR: 29.068157
DD: 0.08811999999999999
DR: 3.650006
RR: 29.639344
DD: 0.09547699999999999
DR: 3.999001
RR: 31.280899
DD: 0.0979
DR: 4.12223
RR: 31.567572
DD: 0.101099
DR: 4.042565
RR: 32.206755
DD: 0.10198299999999999
DR: 3.822436
RR: 30.706327
DD: 0.099175
DR: 4.133208
RR: 31.715644
DD: 0.100439
DR: 3.999212
RR: 31.697204
DD: 0.096416
DR: 4.065473
RR: 31.594524
DD: 0.104402
DR: 4.290877
RR: 32.778583
DD: 0.104155
DR: 3.810048
RR: 31.586668
DD: 0.091613
DR: 3.869409
RR: 31.864811
DD: 0.096884
DR: 4.042789
RR: 32.241062
DD: 0.101017
DR: 3.941915
RR: 30.38371
DD: 0.0974
DR: 4.060166
RR: 31.868518
DD: 0.098296
DR: 4.022501
RR: 31.535642
DD: 0.09466899999999999
DR: 3.991585
RR: 30.665793
DD: 0.08849699999999999
DR: 4.227438
RR: 31.404606
DD: 0.10180099999999999
DR: 3.847549
RR: 28.946223
DD: 0.08734
DR: 3.955763
RR: 30.999443
DD: 0.094937
DR: 3.926883
RR: 31.195213
DD: 0.09526
DR: 3.925979
RR: 29.238501
DD: 0.089048
DR: 3.985521
RR: 30.483265
DD: 0.093661
DR: 3.708574
RR: 29.440031
DD: 0.096938
DR: 4.001367
RR: 31.513446
DD: 0.088541
DR: 3.500678
RR: 28.204724
DD: 0.093376
DR: 3.627921
RR: 30.332955
DD: 0.094557
DR: 3.855562
RR: 30.592871
DD: 0.09513700000000003
DR: 3.841972
RR: 30.860939
DD: 0.094928
DR: 3.858975
RR: 29.802334
DD: 0.08738399999999999
DR: 3.92356
RR: 32.598604
DD: 0.102516
DR: 3.911409
RR: 29.970188
DD: 0.09500399999999999
DR: 3.937359
RR: 31.640513
DD: 0.09598699999999999
DR: 4.088659
RR: 31.728136
DD: 0.094161
DR: 3.99624
RR: 31.357153
DD: 0.094105
DR: 3.917188
RR: 31.278601
DD: 0.10059599999999999
DR: 4.238999
RR: 32.255223
DD: 0.08753999999999999
DR: 3.886512
RR: 30.177998
DD: 0.092198
DR: 3.974872
RR: 31.125605
DD: 0.096248
DR: 3.957057
RR: 32.051671
DD: 0.098185
DR: 4.002694
RR: 31.282747
DD: 0.094556
DR: 3.894585
RR: 32.096493
DD: 0.094692
DR: 3.965637
RR: 28.532307
DD: 0.09224700000000008
DR: 3.820118
RR: 30.351004
DD: 0.09364499999999999
DR: 3.851346
RR: 30.315711
DD: 0.09319
DR: 3.860526
RR: 30.183876
saved to _G20.5_rmin0.001_rmax10.0_nbins30_zsplit3bin1_Lsplit2bin1_N50_Planck_MC_b30

Pixels masked by MC but not already by selfunc: 2091
G20.5_zsplit3bin2_Lsplit2bin0: 0.33              143858 vs 215917
/home/groups/tabel/mahlet/quaia-env/lib/python3.10/site-packages/Corrfunc/utils.py:918: UserWarning: One or more input array has non-native endianness!  A copy will be made with the correct endianness.
  warnings.warn("One or more input array has non-native endianness!  A copy will"\
DD: 0.067103
DR: 2.719223
RR: 22.227312
DD: 0.077252
DR: 3.08762
RR: 21.222506
DD: 0.07082999999999999
DR: 2.636208
RR: 20.740383
DD: 0.06906799999999999
DR: 2.987427
RR: 21.15597
DD: 0.072965
DR: 2.931829
RR: 21.228578
DD: 0.068066
DR: 2.807355
RR: 21.289297
DD: 0.07310599999999999
DR: 2.918058
RR: 20.96811
DD: 0.07137099999999999
DR: 2.766003
RR: 22.364109
DD: 0.07459099999999999
DR: 3.157286
RR: 21.971973
DD: 0.070132
DR: 2.755863
RR: 21.691276
DD: 0.073206
DR: 3.023125
RR: 22.249805
DD: 0.07547899999999999
DR: 3.089569
RR: 22.296713
DD: 0.07171999999999999
DR: 2.977003
RR: 22.545935
DD: 0.07403100000000007
DR: 3.035566
RR: 21.934751
DD: 0.075042
DR: 3.1094530000000002
RR: 23.839081
DD: 0.07749
DR: 3.192095
RR: 21.388251
DD: 0.071098
DR: 2.889636
RR: 22.477408
DD: 0.07268999999999999
DR: 3.026459
RR: 22.103638
DD: 0.070135
DR: 2.894082
RR: 22.011594
DD: 0.074263
DR: 2.918898
RR: 21.409769
DD: 0.071166
DR: 2.796259
RR: 22.212668999999998
DD: 0.076915
DR: 3.09574
RR: 21.827828
DD: 0.068051
DR: 2.656206
RR: 20.909839
DD: 0.066783
DR: 2.916636
RR: 21.303323
DD: 0.071638
DR: 2.917162
RR: 21.255169
DD: 0.066986
DR: 2.796485
RR: 21.220541
DD: 0.071229
DR: 2.876291
RR: 20.57037
DD: 0.067054
DR: 2.950475
RR: 22.261418
DD: 0.072175
DR: 3.004617
RR: 20.179613
DD: 0.065263
DR: 2.921764
RR: 21.259757
DD: 0.06876299999999999
DR: 2.839587
RR: 21.354182
DD: 0.071785
DR: 2.938518
RR: 21.432354
DD: 0.07468999999999999
DR: 2.796951
RR: 21.322716
DD: 0.068671
DR: 2.938002
RR: 21.67447
DD: 0.077347
DR: 3.122017
RR: 22.731943
DD: 0.072596
DR: 2.742439
RR: 20.590903
DD: 0.07337500000000008
DR: 2.887492
RR: 22.703965
DD: 0.074711
DR: 3.05254
RR: 22.976524
DD: 0.077466
DR: 2.985636
RR: 22.413654
DD: 0.07459800000000005
DR: 3.002209
RR: 22.459951
DD: 0.070625
DR: 3.197504
RR: 23.776854
DD: 0.074928
DR: 3.06076
RR: 21.821459
DD: 0.067559
DR: 3.184647
RR: 23.269791
DD: 0.07044
DR: 2.929924
RR: 22.228722
DD: 0.075199
DR: 3.038379
RR: 22.521437
DD: 0.07434099999999999
DR: 2.99187
RR: 21.143636
DD: 0.06770899999999999
DR: 2.765484
RR: 23.038507
DD: 0.076593
DR: 3.105278
RR: 21.616065
DD: 0.067609
DR: 2.6172779999999998
RR: 21.346046
DD: 0.07256300000000004
DR: 2.935042
RR: 21.610773000000002
saved to _G20.5_rmin0.001_rmax10.0_nbins30_zsplit3bin2_Lsplit2bin0_N50_Planck_MC_b30

Pixels masked by MC but not already by selfunc: 1833
G20.5_zsplit3bin2_Lsplit2bin1: 0.22              169421 vs 215917
/home/groups/tabel/mahlet/quaia-env/lib/python3.10/site-packages/Corrfunc/utils.py:918: UserWarning: One or more input array has non-native endianness!  A copy will be made with the correct endianness.
  warnings.warn("One or more input array has non-native endianness!  A copy will"\
DD: 0.09568499999999999
DR: 3.716764
RR: 30.206479
DD: 0.092292
DR: 3.749885
RR: 30.628331
DD: 0.09514199999999999
DR: 4.032956
RR: 29.514412
DD: 0.08355699999999999
DR: 3.891639
RR: 29.958807
DD: 0.091429
DR: 3.858168
RR: 29.989434
DD: 0.09221399999999999
DR: 3.835669
RR: 29.806875
DD: 0.089914
DR: 3.821545
RR: 31.604118
DD: 0.099502
DR: 4.038796
RR: 29.36564
DD: 0.09232700000000005
DR: 3.932857
RR: 30.753711
DD: 0.094917
DR: 3.923987
RR: 30.862282
DD: 0.094303
DR: 3.868186
RR: 30.587974
DD: 0.089212
DR: 4.178827
RR: 33.3647
DD: 0.10066299999999999
DR: 3.80931
RR: 31.180996
DD: 0.09628099999999999
DR: 4.08217
RR: 31.899946
DD: 0.094804
DR: 4.025019
RR: 32.129873
DD: 0.095534
DR: 3.989019
RR: 31.361549
DD: 0.09883199999999999
DR: 4.237267
RR: 32.51902
DD: 0.089921
DR: 3.723218
RR: 31.216616
DD: 0.095001
DR: 4.0106020000000004
RR: 31.403464
DD: 0.093716
DR: 3.958715
RR: 30.522646
DD: 0.094318
DR: 3.922272
RR: 31.367757
DD: 0.099299
DR: 4.200835
RR: 29.973382
DD: 0.08488799999999999
DR: 4.054788
RR: 30.497511
DD: 0.093147
DR: 3.854484
RR: 29.697343
DD: 0.09183
DR: 3.913256
RR: 30.206285
DD: 0.091289
DR: 3.699483
RR: 31.77861
DD: 0.09902
DR: 4.123011
RR: 29.149008
DD: 0.09358600000000006
DR: 3.774276
RR: 29.999358
DD: 0.0954
DR: 3.936058
RR: 30.412937
DD: 0.09139599999999999
DR: 3.777529
RR: 29.608388
DD: 0.09978899999999999
DR: 4.156596
RR: 31.845728
DD: 0.081147
DR: 3.774446
RR: 30.149999
DD: 0.09605699999999999
DR: 4.081358
RR: 30.915874
DD: 0.097138
DR: 3.846129
RR: 31.570979
DD: 0.097812
DR: 4.116289
RR: 31.323964
DD: 0.09391999999999999
DR: 4.08153
RR: 32.060847
DD: 0.098383
DR: 4.111578
RR: 31.167551
DD: 0.103672
DR: 4.463135
RR: 33.502121
DD: 0.09243699999999999
DR: 3.889275
RR: 32.644207
DD: 0.100185
DR: 4.182222
RR: 32.883106
DD: 0.101115
DR: 4.012476
RR: 32.139964
DD: 0.09028499999999999
DR: 4.408207
RR: 34.298366
DD: 0.103849
DR: 3.846483
RR: 30.400387
DD: 0.096566
DR: 3.889819
RR: 28.895268
DD: 0.082911
DR: 3.7009
RR: 37.794564
DD: 0.11304399999999999
DR: 4.638294
RR: 35.29812
DD: 0.10556199999999999
DR: 4.325403
RR: 32.966928
DD: 0.093731
DR: 3.905667
RR: 30.643801
DD: 0.098171
DR: 3.837064
RR: 30.279793
DD: 0.092289
DR: 3.932965
RR: 30.269269
saved to _G20.5_rmin0.001_rmax10.0_nbins30_zsplit3bin2_Lsplit2bin1_N50_Planck_MC_b30

done!
