Starting batch job
Running selection function with fn_catalog=../data/quaia_G20.5_zmin3.0zmax4.6_Lmin-27.0Lmax-26.0.fits, fn_selfunc=../data/maps/selection_function_NSIDE64_G20.5_zmin3.0zmax4.6_Lmin-27.0Lmax-26.0.fits, fn_parentcat=../data/quaia_G20.5.fits, map_names=['dust', 'stars', 'm10', 'mcs', 'unwise', 'unwisescan', 'mcsunwise', 'zodi1.25', 'zodi3.4', 'zodi4.6']
Loading data
Making QSO map
Map templates: ['dust', 'stars', 'm10', 'mcs', 'unwise', 'unwisescan', 'mcsunwise', 'zodi1.25', 'zodi3.4', 'zodi4.6']
Dustmap already exists, loading from ../data/maps/map_dust_NSIDE64.npy
Star map already exists, loading from ../data/maps/map_stars_NSIDE64.npy
M10 map already exists, loading from ../data/maps/map_m10_NSIDE64.npy
MCs map already exists, loading from ../data/maps/map_mcs_NSIDE64.npy
unWISE map already exists, loading from ../data/maps/map_unwise_NSIDE64.npy
unWISE scan map already exists, loading from ../data/maps/map_unwisescan_NSIDE64.npy
MCs map already exists, loading from ../data/maps/map_mcsunwise_NSIDE64.npy
Zodi map already exists, loading from ../data/maps/map_zodi1.25_NSIDE64.npy
Zodi map already exists, loading from ../data/maps/map_zodi3.4_NSIDE64.npy
Zodi map already exists, loading from ../data/maps/map_zodi4.6_NSIDE64.npy
Constructing X
(10, 49152)
(10, 49152)
Getting indices to fit
err min max: 0.0 2.449489742783178
Training fitter
X_train: (6491, 10) y_train: (6491,)
y_train min: 1.0 y_train: 6.0
fit_mean = True
n params: 10
parameter names: ('mean:value', 'kernel:k1:log_constant', 'kernel:k2:metric:log_M_0_0', 'kernel:k2:metric:log_M_1_1', 'kernel:k2:metric:log_M_2_2', 'kernel:k2:metric:log_M_3_3', 'kernel:k2:metric:log_M_4_4', 'kernel:k2:metric:log_M_5_5', 'kernel:k2:metric:log_M_6_6', 'kernel:k2:metric:log_M_7_7', 'kernel:k2:metric:log_M_8_8', 'kernel:k2:metric:log_M_9_9')
paramters init: [ 0.         -4.90881887 -0.5         1.5        -1.          5.
  0.8         0.         10.          1.          1.          1.        ]
y minmax 0.0 1.791759469228055
yerr: [1. 1. 1. ... 1. 1. 1.] [1. 1. 1. ... 1. 1. 1.]
p compute: [ 0.         -4.90881887 -0.5         1.5        -1.          5.
  0.8         0.         10.          1.          1.          1.        ]
lnlike compute: -6074.039769489886
Minimizing
  message: Optimization terminated successfully.
  success: True
   status: 0
      fun: 6063.28579907109
        x: [ 1.899e-01 -6.303e+00 -3.946e+00  3.305e+00  2.023e+02
             1.727e+02  2.300e+02  3.525e+02  2.698e+01  1.046e+02
             4.241e+01  1.164e+02]
      nit: 53
      jac: [ 7.039e-06 -1.280e-06 -4.197e-07 -9.734e-07 -6.675e-89
            -9.659e-74 -3.959e-100 -4.476e-153 -1.949e-10 -1.180e-46
            -1.534e-20 -1.296e-51]
 hess_inv: [[ 8.121e-03  2.956e-02 ... -9.500e+02 -2.608e+03]
            [ 2.956e-02  1.119e+00 ... -2.012e+04 -5.524e+04]
            ...
            [-9.500e+02 -2.012e+04 ...  1.054e+10  2.894e+10]
            [-2.608e+03 -5.524e+04 ...  2.894e+10  7.944e+10]]
     nfev: 56
     njev: 56
p post op: [ 1.89869733e-01 -6.30320044e+00 -3.94560439e+00  3.30481079e+00
  2.02330733e+02  1.72660200e+02  2.29998017e+02  3.52462125e+02
  2.69805315e+01  1.04634315e+02  4.24061375e+01  1.16417408e+02]
lnlike final: -6063.28579907109
Predicting
setting the output map dtype to [dtype('float64')]
predict p: [ 1.89869733e-01 -6.30320044e+00 -3.94560439e+00  3.30481079e+00
  2.02330733e+02  1.72660200e+02  2.29998017e+02  3.52462125e+02
  2.69805315e+01  1.04634315e+02  4.24061375e+01  1.16417408e+02]
Saving ypred map to ../data/maps/y_pred_selection_function_NSIDE64_G20.5_zmin3.0zmax4.6_Lmin-27.0Lmax-26.0.fits
y_pred_full: [1.20906985 1.20887059 1.18716985 ... 1.13198594 1.13052905 1.14972765]
0
RMSE: 0.4304432694835718
Making selection function map
setting the output map dtype to [dtype('float64')]
Number of clean healpixels: 479 (Total: 49152)
Using parent catalog to determine zero-probability pixels
(If i_keep also passed, will be ignored!)
min: 0.0, max: 0.7249917152456298
map_prob: [0.63299447 0.63289015 0.62152898 ... 0.59263809 0.59187535 0.60192655]
Saved map to ../data/maps/selection_function_NSIDE64_G20.5_zmin3.0zmax4.6_Lmin-27.0Lmax-26.0.fits!
Time: 1530.4510509967804 s (25.507517516613007 min)
allsky 
../data/randoms/random_G20.5_zmin3.0zmax4.6_Lmin-27.0Lmax-26.0_25x.fits
Loading data
Number of data sources: 7600
Estimating reduction factor
Sel func min and max: 0.0 0.7249917152456298
Subsampling by 0.743 for probability map
Generating random with 25 times N_data
Sel func min and max: 0.0 0.7249917152456298
Subsampling by 0.745 for probability map
Number of final random sources: 190463
Wrote random to ../data/randoms/random_G20.5_zmin3.0zmax4.6_Lmin-27.0Lmax-26.0_25x.fits!
