Starting batch job
Running selection function with fn_catalog=../data/quaia_G20.5_zmin3.0zmax4.6_Lmin-32.0Lmax-27.0.fits, fn_selfunc=../data/maps/selection_function_NSIDE64_G20.5_zmin3.0zmax4.6_Lmin-32.0Lmax-27.0.fits, fn_parentcat=../data/quaia_G20.5.fits, map_names=['dust', 'stars', 'm10', 'mcs', 'unwise', 'unwisescan', 'mcsunwise', 'zodi1.25', 'zodi3.4', 'zodi4.6']
Loading data
Making QSO map
Map templates: ['dust', 'stars', 'm10', 'mcs', 'unwise', 'unwisescan', 'mcsunwise', 'zodi1.25', 'zodi3.4', 'zodi4.6']
Dustmap already exists, loading from ../data/maps/map_dust_NSIDE64.npy
Star map already exists, loading from ../data/maps/map_stars_NSIDE64.npy
M10 map already exists, loading from ../data/maps/map_m10_NSIDE64.npy
MCs map already exists, loading from ../data/maps/map_mcs_NSIDE64.npy
unWISE map already exists, loading from ../data/maps/map_unwise_NSIDE64.npy
unWISE scan map already exists, loading from ../data/maps/map_unwisescan_NSIDE64.npy
MCs map already exists, loading from ../data/maps/map_mcsunwise_NSIDE64.npy
Zodi map already exists, loading from ../data/maps/map_zodi1.25_NSIDE64.npy
Zodi map already exists, loading from ../data/maps/map_zodi3.4_NSIDE64.npy
Zodi map already exists, loading from ../data/maps/map_zodi4.6_NSIDE64.npy
Constructing X
(10, 49152)
(10, 49152)
Getting indices to fit
err min max: 0.0 2.6457513110645907
Training fitter
X_train: (19814, 10) y_train: (19814,)
y_train min: 1.0 y_train: 7.0
fit_mean = True
n params: 10
parameter names: ('mean:value', 'kernel:k1:log_constant', 'kernel:k2:metric:log_M_0_0', 'kernel:k2:metric:log_M_1_1', 'kernel:k2:metric:log_M_2_2', 'kernel:k2:metric:log_M_3_3', 'kernel:k2:metric:log_M_4_4', 'kernel:k2:metric:log_M_5_5', 'kernel:k2:metric:log_M_6_6', 'kernel:k2:metric:log_M_7_7', 'kernel:k2:metric:log_M_8_8', 'kernel:k2:metric:log_M_9_9')
paramters init: [ 0.         -4.08956746 -0.5         1.5        -1.          5.
  0.8         0.         10.          1.          1.          1.        ]
y minmax 0.0 1.9459101490553132
yerr: [1.41421356 1.         1.         ... 1.41421356 1.         1.        ] [0.70710678 1.         1.         ... 0.70710678 1.         1.        ]
p compute: [ 0.         -4.08956746 -0.5         1.5        -1.          5.
  0.8         0.         10.          1.          1.          1.        ]
lnlike compute: -18593.224490057066
Minimizing
  message: Optimization terminated successfully.
  success: True
   status: 0
      fun: 18568.026785355785
        x: [ 3.218e-01 -5.979e+00 -1.178e+00  2.436e+00  6.911e+02
             3.965e+00  8.623e-01  4.361e+02  1.800e+01  3.937e+02
             1.658e+02  4.356e+02]
      nit: 37
      jac: [ 3.864e-06  1.454e-06 -6.984e-07 -5.713e-07 -1.796e-300
            -9.940e-07  2.363e-07 -5.132e-190 -4.084e-07 -1.443e-171
            -1.559e-73 -1.146e-189]
 hess_inv: [[ 6.572e-03 -7.664e-03 ... -5.823e+00 -1.528e+01]
            [-7.664e-03  2.989e-01 ...  5.706e+01  1.499e+02]
            ...
            [-5.823e+00  5.706e+01 ...  3.534e+08  9.275e+08]
            [-1.528e+01  1.499e+02 ...  9.275e+08  2.434e+09]]
     nfev: 40
     njev: 40
p post op: [ 3.21773786e-01 -5.97930367e+00 -1.17756552e+00  2.43586741e+00
  6.91133845e+02  3.96472952e+00  8.62284233e-01  4.36127512e+02
  1.80015940e+01  3.93667301e+02  1.65816814e+02  4.35632627e+02]
lnlike final: -18568.026785355785
Predicting
setting the output map dtype to [dtype('float64')]
predict p: [ 3.21773786e-01 -5.97930367e+00 -1.17756552e+00  2.43586741e+00
  6.91133845e+02  3.96472952e+00  8.62284233e-01  4.36127512e+02
  1.80015940e+01  3.93667301e+02  1.65816814e+02  4.35632627e+02]
Saving ypred map to ../data/maps/y_pred_selection_function_NSIDE64_G20.5_zmin3.0zmax4.6_Lmin-32.0Lmax-27.0.fits
y_pred_full: [1.16990709 1.22429045 1.43110162 ... 1.33914954 1.37428837 1.3522125 ]
0
RMSE: 0.7317983712190042
Making selection function map
setting the output map dtype to [dtype('float64')]
Number of clean healpixels: 479 (Total: 49152)
Using parent catalog to determine zero-probability pixels
(If i_keep also passed, will be ignored!)
min: 0.0, max: 0.5954446157297247
map_prob: [0.40544347 0.42429059 0.49596315 ... 0.4640962  0.47627393 0.46862331]
Saved map to ../data/maps/selection_function_NSIDE64_G20.5_zmin3.0zmax4.6_Lmin-32.0Lmax-27.0.fits!
Time: 8003.020154953003 s (133.38366924921672 min)
allsky 
../data/randoms/random_G20.5_zmin3.0zmax4.6_Lmin-32.0Lmax-27.0_25x.fits
Loading data
Number of data sources: 28856
Estimating reduction factor
Sel func min and max: 0.0 0.5954446157297247
Subsampling by 0.777 for probability map
Generating random with 25 times N_data
Sel func min and max: 0.0 0.5954446157297247
Subsampling by 0.777 for probability map
Number of final random sources: 721992
Wrote random to ../data/randoms/random_G20.5_zmin3.0zmax4.6_Lmin-32.0Lmax-27.0_25x.fits!
