Starting batch job

G20.5: computing wtheta in 30 bins from 0.001 to 10.0 on a log scale...

Pixels masked by MC but not already by selfunc: 1175
G20.5_zsplit4bin0_Lsplit3bin0: 0.01              106757 vs 107932
/home/groups/tabel/mahlet/quaia-env/lib/python3.10/site-packages/Corrfunc/utils.py:918: UserWarning: One or more input array has non-native endianness!  A copy will be made with the correct endianness.
  warnings.warn("One or more input array has non-native endianness!  A copy will"\
DD: 0.063385
DR: 1.351716
RR: 7.136763
saved to _G20.5_rmin0.001_rmax10.0_nbins30_zsplit4bin0_Lsplit3bin0_Planck_MC_b0
Pixels masked by MC but not already by selfunc: 1051
G20.5_zsplit4bin0_Lsplit3bin1: 0.01              106880 vs 107931
/home/groups/tabel/mahlet/quaia-env/lib/python3.10/site-packages/Corrfunc/utils.py:918: UserWarning: One or more input array has non-native endianness!  A copy will be made with the correct endianness.
  warnings.warn("One or more input array has non-native endianness!  A copy will"\
DD: 0.037571
DR: 1.32699
RR: 6.728511
saved to _G20.5_rmin0.001_rmax10.0_nbins30_zsplit4bin0_Lsplit3bin1_Planck_MC_b0
Pixels masked by MC but not already by selfunc: 965
G20.5_zsplit4bin0_Lsplit3bin2: 0.01              106967 vs 107932
/home/groups/tabel/mahlet/quaia-env/lib/python3.10/site-packages/Corrfunc/utils.py:918: UserWarning: One or more input array has non-native endianness!  A copy will be made with the correct endianness.
  warnings.warn("One or more input array has non-native endianness!  A copy will"\
DD: 0.04288
DR: 1.44649
RR: 8.067981
saved to _G20.5_rmin0.001_rmax10.0_nbins30_zsplit4bin0_Lsplit3bin2_Planck_MC_b0
Pixels masked by MC but not already by selfunc: 1138
G20.5_zsplit4bin1_Lsplit3bin0: 0.01              106845 vs 107983
/home/groups/tabel/mahlet/quaia-env/lib/python3.10/site-packages/Corrfunc/utils.py:918: UserWarning: One or more input array has non-native endianness!  A copy will be made with the correct endianness.
  warnings.warn("One or more input array has non-native endianness!  A copy will"\
DD: 0.039015999999999995
DR: 1.340687
RR: 7.794013
saved to _G20.5_rmin0.001_rmax10.0_nbins30_zsplit4bin1_Lsplit3bin0_Planck_MC_b0
Pixels masked by MC but not already by selfunc: 1081
G20.5_zsplit4bin1_Lsplit3bin1: 0.01              106902 vs 107983
/home/groups/tabel/mahlet/quaia-env/lib/python3.10/site-packages/Corrfunc/utils.py:918: UserWarning: One or more input array has non-native endianness!  A copy will be made with the correct endianness.
  warnings.warn("One or more input array has non-native endianness!  A copy will"\
DD: 0.040991
DR: 1.3571140000000002
RR: 8.01745
saved to _G20.5_rmin0.001_rmax10.0_nbins30_zsplit4bin1_Lsplit3bin1_Planck_MC_b0
Pixels masked by MC but not already by selfunc: 876
G20.5_zsplit4bin1_Lsplit3bin2: 0.01              107107 vs 107983
/home/groups/tabel/mahlet/quaia-env/lib/python3.10/site-packages/Corrfunc/utils.py:918: UserWarning: One or more input array has non-native endianness!  A copy will be made with the correct endianness.
  warnings.warn("One or more input array has non-native endianness!  A copy will"\
DD: 0.039124
DR: 1.393539
RR: 8.254807
saved to _G20.5_rmin0.001_rmax10.0_nbins30_zsplit4bin1_Lsplit3bin2_Planck_MC_b0
Pixels masked by MC but not already by selfunc: 1188
G20.5_zsplit4bin2_Lsplit3bin0: 0.01              106748 vs 107936
/home/groups/tabel/mahlet/quaia-env/lib/python3.10/site-packages/Corrfunc/utils.py:918: UserWarning: One or more input array has non-native endianness!  A copy will be made with the correct endianness.
  warnings.warn("One or more input array has non-native endianness!  A copy will"\
DD: 0.03535
DR: 1.260724
RR: 6.295383
saved to _G20.5_rmin0.001_rmax10.0_nbins30_zsplit4bin2_Lsplit3bin0_Planck_MC_b0
Pixels masked by MC but not already by selfunc: 1105
G20.5_zsplit4bin2_Lsplit3bin1: 0.01              106831 vs 107936
/home/groups/tabel/mahlet/quaia-env/lib/python3.10/site-packages/Corrfunc/utils.py:918: UserWarning: One or more input array has non-native endianness!  A copy will be made with the correct endianness.
  warnings.warn("One or more input array has non-native endianness!  A copy will"\
DD: 0.040576999999999995
DR: 1.375111
RR: 8.128957
saved to _G20.5_rmin0.001_rmax10.0_nbins30_zsplit4bin2_Lsplit3bin1_Planck_MC_b0
Pixels masked by MC but not already by selfunc: 815
G20.5_zsplit4bin2_Lsplit3bin2: 0.01              107121 vs 107936
/home/groups/tabel/mahlet/quaia-env/lib/python3.10/site-packages/Corrfunc/utils.py:918: UserWarning: One or more input array has non-native endianness!  A copy will be made with the correct endianness.
  warnings.warn("One or more input array has non-native endianness!  A copy will"\
DD: 0.039701
DR: 1.3916140000000001
RR: 7.575782
saved to _G20.5_rmin0.001_rmax10.0_nbins30_zsplit4bin2_Lsplit3bin2_Planck_MC_b0
Pixels masked by MC but not already by selfunc: 1391
G20.5_zsplit4bin3_Lsplit3bin0: 0.01              106592 vs 107983
/home/groups/tabel/mahlet/quaia-env/lib/python3.10/site-packages/Corrfunc/utils.py:918: UserWarning: One or more input array has non-native endianness!  A copy will be made with the correct endianness.
  warnings.warn("One or more input array has non-native endianness!  A copy will"\
DD: 0.035872999999999995
DR: 1.254441
RR: 6.819617
saved to _G20.5_rmin0.001_rmax10.0_nbins30_zsplit4bin3_Lsplit3bin0_Planck_MC_b0
Pixels masked by MC but not already by selfunc: 1325
G20.5_zsplit4bin3_Lsplit3bin1: 0.01              106658 vs 107983
/home/groups/tabel/mahlet/quaia-env/lib/python3.10/site-packages/Corrfunc/utils.py:918: UserWarning: One or more input array has non-native endianness!  A copy will be made with the correct endianness.
  warnings.warn("One or more input array has non-native endianness!  A copy will"\
DD: 0.04086
DR: 1.417323
RR: 8.568374
saved to _G20.5_rmin0.001_rmax10.0_nbins30_zsplit4bin3_Lsplit3bin1_Planck_MC_b0
Random catalog is not computed, do not use output
Pixels masked by MC but not already by selfunc: 1254
G20.5_zsplit4bin3_Lsplit3bin2: 0.01              106730 vs 107984
/home/groups/tabel/mahlet/quaia-env/lib/python3.10/site-packages/Corrfunc/utils.py:918: UserWarning: One or more input array has non-native endianness!  A copy will be made with the correct endianness.
  warnings.warn("One or more input array has non-native endianness!  A copy will"\
DD: 0.043889
DR: 0.08997
RR: 0.046088
saved to _G20.5_rmin0.001_rmax10.0_nbins30_zsplit4bin3_Lsplit3bin2_Planck_MC_b0
done!
