Starting batch job

G20.5: computing wtheta in 30 bins from 0.001 to 10.0 on a log scale...

Pixels masked by MC but not already by selfunc: 3379
G20.5_zsplit2bin0_Lsplit2bin0: 0.18              265133 vs 323872
/home/groups/tabel/mahlet/quaia-env/lib/python3.10/site-packages/Corrfunc/utils.py:918: UserWarning: One or more input array has non-native endianness!  A copy will be made with the correct endianness.
  warnings.warn("One or more input array has non-native endianness!  A copy will"\
DD: 0.17681
DR: 6.433532
RR: 59.327512
saved to _G20.5_rmin0.001_rmax10.0_nbins30_zsplit2bin0_Lsplit2bin0_Planck_MC_b20
Pixels masked by MC but not already by selfunc: 2907
G20.5_zsplit2bin0_Lsplit2bin1: 0.10              290112 vs 323872
/home/groups/tabel/mahlet/quaia-env/lib/python3.10/site-packages/Corrfunc/utils.py:918: UserWarning: One or more input array has non-native endianness!  A copy will be made with the correct endianness.
  warnings.warn("One or more input array has non-native endianness!  A copy will"\
DD: 0.172092
DR: 7.964673
RR: 75.231197
saved to _G20.5_rmin0.001_rmax10.0_nbins30_zsplit2bin0_Lsplit2bin1_Planck_MC_b20
Pixels masked by MC but not already by selfunc: 3970
G20.5_zsplit2bin1_Lsplit2bin0: 0.15              276098 vs 323879
/home/groups/tabel/mahlet/quaia-env/lib/python3.10/site-packages/Corrfunc/utils.py:918: UserWarning: One or more input array has non-native endianness!  A copy will be made with the correct endianness.
  warnings.warn("One or more input array has non-native endianness!  A copy will"\
DD: 0.163046
DR: 7.308067
RR: 63.073523
saved to _G20.5_rmin0.001_rmax10.0_nbins30_zsplit2bin1_Lsplit2bin0_Planck_MC_b20
Pixels masked by MC but not already by selfunc: 3108
G20.5_zsplit2bin1_Lsplit2bin1: 0.08              297379 vs 323879
/home/groups/tabel/mahlet/quaia-env/lib/python3.10/site-packages/Corrfunc/utils.py:918: UserWarning: One or more input array has non-native endianness!  A copy will be made with the correct endianness.
  warnings.warn("One or more input array has non-native endianness!  A copy will"\
DD: 0.18496100000000004
DR: 8.806254
RR: 80.069847
saved to _G20.5_rmin0.001_rmax10.0_nbins30_zsplit2bin1_Lsplit2bin1_Planck_MC_b20
done!
