Starting batch job

G20.5: computing wtheta in 30 bins from 0.001 to 10.0 on a log scale for 50 jackknife regions...
--L: split

z: None split 3
L: None split 3
Pixels masked by MC but not already by selfunc: 0
G20.5_zsplit3bin0_Lsplit3bin0: 0.85              22112 vs 143921
[Warning] The CPU supports AVX512F but the compiler does not.  Can you try another compiler?
/home/groups/tabel/mahlet/quaia-env/lib/python3.10/site-packages/Corrfunc/utils.py:918: UserWarning: One or more input array has non-native endianness!  A copy will be made with the correct endianness.
  warnings.warn("One or more input array has non-native endianness!  A copy will"\
DD: 0.027304
DR: 0.22525399999999998
RR: 1.014547
DD: 0.007414
DR: 0.20865999999999998
RR: 1.023639
DD: 0.007411999999999999
DR: 0.21262499999999998
RR: 1.027706
DD: 0.007375
DR: 0.21387600000000007
RR: 1.049674
DD: 0.008055999999999999
DR: 0.21887199999999998
RR: 1.063576
DD: 0.007638
DR: 0.22374100000000008
RR: 1.09728
DD: 0.007824
DR: 0.23632599999999998
RR: 1.139891
DD: 0.008010999999999999
DR: 0.22710799999999998
RR: 1.121297
DD: 0.008509
DR: 0.228817
RR: 1.111753
DD: 0.007984
DR: 0.22772099999999998
RR: 1.131961
DD: 0.00845
DR: 0.23432699999999998
RR: 1.154442
DD: 0.008577999999999999
DR: 0.233848
RR: 1.149852
DD: 0.008019
DR: 0.239105
RR: 1.155651
DD: 0.007965
DR: 0.23154999999999998
RR: 1.1569639999999999
DD: 0.008676
DR: 0.23205399999999998
RR: 1.144746
DD: 0.008562
DR: 0.234889
RR: 1.1470690000000001
DD: 0.007855
DR: 0.229711
RR: 1.143018
DD: 0.008943999999999999
DR: 0.233044
RR: 1.151706
DD: 0.008419
DR: 0.232678
RR: 1.141591
DD: 0.007836
DR: 0.235873
RR: 1.1454
DD: 0.008435
DR: 0.22694099999999998
RR: 1.1271309999999999
DD: 0.008369
DR: 0.23002399999999998
RR: 1.197873
DD: 0.007793
DR: 0.227933
RR: 1.162737
DD: 0.008114
DR: 0.22116600000000008
RR: 1.098812
DD: 0.007369
DR: 0.21434599999999998
RR: 1.056197
DD: 0.007947
DR: 0.20834
RR: 1.006722
DD: 0.007948
DR: 0.20685099999999998
RR: 0.989199
DD: 0.007385
DR: 0.210662
RR: 1.056508
DD: 0.00795
DR: 0.216308
RR: 1.096539
DD: 0.007579
DR: 0.225576
RR: 1.085535
DD: 0.007783
DR: 0.21927000000000008
RR: 1.080206
DD: 0.008374999999999999
DR: 0.22605899999999998
RR: 1.104954
DD: 0.008449
DR: 0.232671
RR: 1.1402459999999999
DD: 0.007864
DR: 0.23518800000000006
RR: 1.116792
DD: 0.007948
DR: 0.227107
RR: 1.118911
DD: 0.008316
DR: 0.229077
RR: 1.140662
DD: 0.008331999999999999
DR: 0.226385
RR: 1.152572
DD: 0.00788
DR: 0.234708
RR: 1.1155059999999999
DD: 0.007884
DR: 0.228626
RR: 1.144676
DD: 0.008296999999999999
DR: 0.22507
RR: 1.114622
DD: 0.008361
DR: 0.225109
RR: 1.117524
DD: 0.00785
DR: 0.234902
RR: 1.168472
DD: 0.00797
DR: 0.23299399999999998
RR: 1.174329
DD: 0.008413
DR: 0.23431200000000008
RR: 1.177539
DD: 0.008407
DR: 0.23447199999999999
RR: 1.173299
DD: 0.008405
DR: 0.23471199999999998
RR: 1.174606
DD: 0.008335
DR: 0.23472099999999999
RR: 1.184359
DD: 0.007639999999999999
DR: 0.23334700000000008
RR: 1.13648
DD: 0.007461
DR: 0.219389
RR: 1.086436
DD: 0.007776
DR: 0.21476699999999999
RR: 1.053639
saved to _G20.5_rmin0.001_rmax10.0_nbins30_zsplit3bin0_Lsplit3bin0_N50_Planck_MC_b60

Pixels masked by MC but not already by selfunc: 0
G20.5_zsplit3bin0_Lsplit3bin1: 0.80              29461 vs 143921
/home/groups/tabel/mahlet/quaia-env/lib/python3.10/site-packages/Corrfunc/utils.py:918: UserWarning: One or more input array has non-native endianness!  A copy will be made with the correct endianness.
  warnings.warn("One or more input array has non-native endianness!  A copy will"\
DD: 0.010131
DR: 0.310807
RR: 1.682021
DD: 0.010563
DR: 0.308694
RR: 1.6658979999999999
DD: 0.010577999999999999
DR: 0.310868
RR: 1.69244
DD: 0.010738
DR: 0.315351
RR: 1.6763759999999999
DD: 0.010884999999999999
DR: 0.318906
RR: 1.707853
DD: 0.011075
DR: 0.32256199999999996
RR: 1.708031
DD: 0.011347999999999999
DR: 0.335623
RR: 1.7880340000000001
DD: 0.01149
DR: 0.337291
RR: 1.862121
DD: 0.011431
DR: 0.34411500000000006
RR: 1.834452
DD: 0.011460999999999999
DR: 0.33192499999999997
RR: 1.80587
DD: 0.011385
DR: 0.336109
RR: 1.827979
DD: 0.012041999999999999
DR: 0.33988300000000005
RR: 1.867895
DD: 0.011621999999999999
DR: 0.343123
RR: 1.936275
DD: 0.011408
DR: 0.341878
RR: 1.949465
DD: 0.011673
DR: 0.34712300000000007
RR: 1.833445
DD: 0.011524999999999999
DR: 0.335061
RR: 1.8101
DD: 0.011516
DR: 0.34014900000000003
RR: 1.808557
DD: 0.010999
DR: 0.338375
RR: 1.911542
DD: 0.011653
DR: 0.34360399999999997
RR: 1.8614
DD: 0.011345
DR: 0.32442100000000007
RR: 1.803022
DD: 0.011337999999999999
DR: 0.331293
RR: 1.807922
DD: 0.011304
DR: 0.32489900000000005
RR: 1.794853
DD: 0.011026
DR: 0.312697
RR: 1.7509000000000001
DD: 0.010225999999999999
DR: 0.30373400000000006
RR: 1.711206
DD: 0.010804
DR: 0.305568
RR: 1.686395
DD: 0.009992
DR: 0.3009
RR: 1.6170909999999998
DD: 0.010476
DR: 0.306361
RR: 1.6919490000000001
DD: 0.010614
DR: 0.315833
RR: 1.681675
DD: 0.010563999999999999
DR: 0.320123
RR: 1.71169
DD: 0.010789
DR: 0.319787
RR: 1.746256
DD: 0.010976999999999999
DR: 0.328272
RR: 1.784676
DD: 0.011209
DR: 0.33381099999999997
RR: 1.792175
DD: 0.011483
DR: 0.33781800000000006
RR: 1.898202
DD: 0.011439
DR: 0.34643399999999996
RR: 1.907102
DD: 0.011561
DR: 0.331548
RR: 1.820247
DD: 0.01146
DR: 0.33751
RR: 1.945477
DD: 0.011715999999999999
DR: 0.35215199999999997
RR: 1.894864
DD: 0.011456
DR: 0.34155
RR: 1.874671
DD: 0.011552999999999999
DR: 0.339318
RR: 1.8593449999999998
DD: 0.011495000000000033
DR: 0.34097299999999997
RR: 1.86028
DD: 0.011217
DR: 0.33537800000000006
RR: 1.849674
DD: 0.011486
DR: 0.33238
RR: 1.838376
DD: 0.011519999999999999
DR: 0.33568
RR: 1.829141
DD: 0.011299
DR: 0.329581
RR: 1.927444
DD: 0.011696999999999999
DR: 0.338009
RR: 1.882591
DD: 0.011018
DR: 0.340418
RR: 1.929374
DD: 0.010952
DR: 0.340503
RR: 1.914701
DD: 0.01075
DR: 0.329386
RR: 1.872016
DD: 0.010359
DR: 0.314218
RR: 1.770977
DD: 0.010218999999999999
DR: 0.30200499999999997
RR: 1.691308
saved to _G20.5_rmin0.001_rmax10.0_nbins30_zsplit3bin0_Lsplit3bin1_N50_Planck_MC_b60

Pixels masked by MC but not already by selfunc: 0
G20.5_zsplit3bin0_Lsplit3bin2: 0.77              32542 vs 143921
/home/groups/tabel/mahlet/quaia-env/lib/python3.10/site-packages/Corrfunc/utils.py:918: UserWarning: One or more input array has non-native endianness!  A copy will be made with the correct endianness.
  warnings.warn("One or more input array has non-native endianness!  A copy will"\
DD: 0.011339
DR: 0.345742
RR: 1.933287
DD: 0.011203999999999999
DR: 0.333424
RR: 1.895692
DD: 0.011254
DR: 0.332963
RR: 1.910489
DD: 0.011772
DR: 0.343367
RR: 1.933817
DD: 0.012353999999999999
DR: 0.361147
RR: 2.022797
DD: 0.012329
DR: 0.36285999999999996
RR: 2.04707
DD: 0.012714999999999999
DR: 0.376859
RR: 2.150117
DD: 0.012849
DR: 0.394899
RR: 2.292578
DD: 0.012912
DR: 0.395014
RR: 2.301504
DD: 0.012782
DR: 0.384022
RR: 2.257704
DD: 0.012898999999999999
DR: 0.40123899999999996
RR: 2.308621
DD: 0.012875999999999999
DR: 0.398095
RR: 2.30388
DD: 0.012844
DR: 0.38613300000000006
RR: 2.165914
DD: 0.012834
DR: 0.37989000000000006
RR: 2.155646
DD: 0.012846999999999999
DR: 0.38386
RR: 2.222487
DD: 0.012773
DR: 0.389432
RR: 2.186759
DD: 0.012809
DR: 0.38961100000000004
RR: 2.187908
DD: 0.012832
DR: 0.385007
RR: 2.1759399999999998
DD: 0.01282
DR: 0.376355
RR: 2.148956
DD: 0.012771
DR: 0.39512100000000006
RR: 2.256304
DD: 0.012294999999999999
DR: 0.386984
RR: 2.2671
DD: 0.012315999999999999
DR: 0.38941000000000003
RR: 2.280851
DD: 0.01202
DR: 0.36864399999999997
RR: 2.178631
DD: 0.011634
DR: 0.36785799999999996
RR: 2.114087
DD: 0.011529
DR: 0.34572
RR: 1.991784
DD: 0.011181
DR: 0.340102
RR: 1.923609
DD: 0.011269999999999999
DR: 0.343007
RR: 1.906386
DD: 0.011075999999999999
DR: 0.338895
RR: 1.907984
DD: 0.011004
DR: 0.3305370000000001
RR: 1.929291
DD: 0.011243
DR: 0.341256
RR: 1.987571
DD: 0.012107
DR: 0.37032699999999996
RR: 2.098686
DD: 0.012688999999999999
DR: 0.37918199999999996
RR: 2.149795
DD: 0.012747
DR: 0.39494799999999997
RR: 2.427814
DD: 0.012856
DR: 0.39700199999999997
RR: 2.256792
DD: 0.012712999999999999
DR: 0.379187
RR: 2.155372
DD: 0.012789
DR: 0.388511
RR: 2.286441
DD: 0.012707999999999999
DR: 0.397763
RR: 2.292753
DD: 0.012882
DR: 0.397261
RR: 2.279997
DD: 0.012962
DR: 0.3932880000000001
RR: 2.281248
DD: 0.012757
DR: 0.39657200000000004
RR: 2.278469
DD: 0.012879999999999999
DR: 0.39117999999999997
RR: 2.237446
DD: 0.012787999999999999
DR: 0.398599
RR: 2.237557
DD: 0.012740000000000085
DR: 0.392196
RR: 2.2354979999999998
DD: 0.012816
DR: 0.391631
RR: 2.199069
DD: 0.012825
DR: 0.387051
RR: 2.209041
DD: 0.01206
DR: 0.381019
RR: 2.185725
DD: 0.012764999999999999
DR: 0.378156
RR: 2.202141
DD: 0.012369999999999999
DR: 0.385635
RR: 2.120439
DD: 0.012078
DR: 0.361008
RR: 2.035243
DD: 0.011929000000000078
DR: 0.365606
RR: 2.172756
saved to _G20.5_rmin0.001_rmax10.0_nbins30_zsplit3bin0_Lsplit3bin2_N50_Planck_MC_b60

Pixels masked by MC but not already by selfunc: 0
G20.5_zsplit3bin1_Lsplit3bin0: 0.85              22180 vs 143968
/home/groups/tabel/mahlet/quaia-env/lib/python3.10/site-packages/Corrfunc/utils.py:918: UserWarning: One or more input array has non-native endianness!  A copy will be made with the correct endianness.
  warnings.warn("One or more input array has non-native endianness!  A copy will"\
DD: 0.007644
DR: 0.20829799999999998
RR: 1.031074
DD: 0.007208999999999999
DR: 0.207951
RR: 1.036721
DD: 0.007267999999999999
DR: 0.202122
RR: 1.027418
DD: 0.0073149999999999995
DR: 0.202199
RR: 1.037311
DD: 0.0073
DR: 0.209503
RR: 1.046488
DD: 0.0074529999999999996
DR: 0.22253099999999998
RR: 1.138592
DD: 0.007698
DR: 0.22542300000000004
RR: 1.202428
DD: 0.007818
DR: 0.23033499999999998
RR: 1.228602
DD: 0.007816
DR: 0.229348
RR: 1.210948
DD: 0.007814
DR: 0.223094
RR: 1.153128
DD: 0.0078
DR: 0.22431600000000007
RR: 1.137548
DD: 0.007839
DR: 0.224827
RR: 1.195608
DD: 0.007813
DR: 0.234616
RR: 1.232505
DD: 0.008561
DR: 0.23438299999999998
RR: 1.173753
DD: 0.008335
DR: 0.225544
RR: 1.142718
DD: 0.008421999999999999
DR: 0.22456099999999998
RR: 1.134364
DD: 0.00839
DR: 0.223292
RR: 1.140037
DD: 0.008621
DR: 0.22785200000000005
RR: 1.2014529999999999
DD: 0.007897
DR: 0.230239
RR: 1.2308080000000001
DD: 0.007833
DR: 0.229713
RR: 1.215148
DD: 0.007854
DR: 0.22986499999999999
RR: 1.218027
DD: 0.007829
DR: 0.23217100000000002
RR: 1.230874
DD: 0.007626999999999999
DR: 0.22411499999999998
RR: 1.138008
DD: 0.007365999999999999
DR: 0.20968299999999998
RR: 1.063166
DD: 0.007293
DR: 0.20391900000000007
RR: 1.024747
DD: 0.007226
DR: 0.201724
RR: 1.077628
DD: 0.007187
DR: 0.208
RR: 1.051563
DD: 0.007208999999999999
DR: 0.206953
RR: 1.066661
DD: 0.007241
DR: 0.21109799999999998
RR: 1.073785
DD: 0.0073279999999999994
DR: 0.21112299999999998
RR: 1.101877
DD: 0.007481
DR: 0.216636
RR: 1.113834
DD: 0.007777
DR: 0.219975
RR: 1.123388
DD: 0.007790999999999999
DR: 0.220794
RR: 1.140937
DD: 0.007825
DR: 0.220348
RR: 1.216157
DD: 0.007865
DR: 0.232812
RR: 1.238128
DD: 0.00853
DR: 0.23547400000000007
RR: 1.198694
DD: 0.00789
DR: 0.22508899999999998
RR: 1.161595
DD: 0.007838
DR: 0.224622
RR: 1.172121
DD: 0.007888
DR: 0.23091099999999998
RR: 1.234142
DD: 0.007894
DR: 0.232981
RR: 1.256611
DD: 0.007937
DR: 0.233375
RR: 1.241401
DD: 0.007882
DR: 0.23111199999999998
RR: 1.243859
DD: 0.007923
DR: 0.23258099999999998
RR: 1.236774
DD: 0.007937
DR: 0.23132899999999998
RR: 1.242331
DD: 0.00802
DR: 0.232854
RR: 1.202863
DD: 0.007836
DR: 0.22858099999999998
RR: 1.185379
DD: 0.007754
DR: 0.224574
RR: 1.180158
DD: 0.007552
DR: 0.215446
RR: 1.126148
DD: 0.007444
DR: 0.212333
RR: 1.0689009999999999
DD: 0.007183999999999999
DR: 0.203141
RR: 1.049185
saved to _G20.5_rmin0.001_rmax10.0_nbins30_zsplit3bin1_Lsplit3bin0_N50_Planck_MC_b60

Pixels masked by MC but not already by selfunc: 0
G20.5_zsplit3bin1_Lsplit3bin1: 0.81              26924 vs 143968
/home/groups/tabel/mahlet/quaia-env/lib/python3.10/site-packages/Corrfunc/utils.py:918: UserWarning: One or more input array has non-native endianness!  A copy will be made with the correct endianness.
  warnings.warn("One or more input array has non-native endianness!  A copy will"\
DD: 0.009158999999999999
DR: 0.272968
RR: 1.5104220000000002
DD: 0.009028
DR: 0.270681
RR: 1.4853269999999998
DD: 0.009207
DR: 0.26310600000000006
RR: 1.383132
DD: 0.008959
DR: 0.260541
RR: 1.396739
DD: 0.009273
DR: 0.2682610000000001
RR: 1.4188939999999999
DD: 0.009236
DR: 0.275633
RR: 1.470377
DD: 0.009519999999999999
DR: 0.28523600000000005
RR: 1.540836
DD: 0.00991
DR: 0.287807
RR: 1.565881
DD: 0.009675
DR: 0.289678
RR: 1.556623
DD: 0.009666
DR: 0.28987999999999997
RR: 1.5712760000000001
DD: 0.009668
DR: 0.2851250000000001
RR: 1.559749
DD: 0.009663
DR: 0.29328
RR: 1.595145
DD: 0.009663999999999999
DR: 0.290101
RR: 1.564391
DD: 0.009708
DR: 0.289037
RR: 1.5603609999999999
DD: 0.010400999999999999
DR: 0.29390000000000005
RR: 1.6399249999999999
DD: 0.010354
DR: 0.300269
RR: 1.62751
DD: 0.010378
DR: 0.29484699999999997
RR: 1.5545550000000001
DD: 0.010273
DR: 0.288271
RR: 1.581293
DD: 0.009658
DR: 0.29113200000000006
RR: 1.567669
DD: 0.010584999999999999
DR: 0.297273
RR: 1.567691
DD: 0.010539
DR: 0.30219199999999996
RR: 1.672514
DD: 0.010440999999999999
DR: 0.30123
RR: 1.687031
DD: 0.010303999999999999
DR: 0.296377
RR: 1.654387
DD: 0.010012
DR: 0.280906
RR: 1.5802770000000002
DD: 0.009885
DR: 0.276088
RR: 1.591648
DD: 0.009866999999999999
DR: 0.28244400000000003
RR: 1.477357
DD: 0.009767
DR: 0.26151199999999997
RR: 1.42757
DD: 0.009897999999999999
DR: 0.268285
RR: 1.370711
DD: 0.009651999999999999
DR: 0.271194
RR: 1.412682
DD: 0.009656
DR: 0.26897299999999996
RR: 1.433923
DD: 0.009935
DR: 0.27353099999999997
RR: 1.68058
DD: 0.010435
DR: 0.311092
RR: 1.668205
DD: 0.010348999999999999
DR: 0.29636000000000007
RR: 1.56325
DD: 0.010362
DR: 0.292817
RR: 1.570953
DD: 0.009621
DR: 0.284387
RR: 1.565688
DD: 0.009644
DR: 0.288618
RR: 1.565474
DD: 0.009628
DR: 0.29930500000000004
RR: 1.769541
DD: 0.009707
DR: 0.306158
RR: 1.705722
DD: 0.009741
DR: 0.298068
RR: 1.623135
DD: 0.009625
DR: 0.28852500000000003
RR: 1.556397
DD: 0.009611999999999999
DR: 0.288866
RR: 1.570314
DD: 0.009644999999999999
DR: 0.295448
RR: 1.590767
DD: 0.009651
DR: 0.291304
RR: 1.615133
DD: 0.009639
DR: 0.286733
RR: 1.55494
DD: 0.009647
DR: 0.28562499999999996
RR: 1.627217
DD: 0.009658
DR: 0.29264799999999996
RR: 1.638733
DD: 0.00966
DR: 0.296832
RR: 1.571052
DD: 0.010109
DR: 0.28198999999999996
RR: 1.511275
DD: 0.009287
DR: 0.273528
RR: 1.4924430000000002
DD: 0.009341
DR: 0.270954
RR: 1.4121480000000002
saved to _G20.5_rmin0.001_rmax10.0_nbins30_zsplit3bin1_Lsplit3bin1_N50_Planck_MC_b60

Pixels masked by MC but not already by selfunc: 0
G20.5_zsplit3bin1_Lsplit3bin2: 0.73              38192 vs 143969
/home/groups/tabel/mahlet/quaia-env/lib/python3.10/site-packages/Corrfunc/utils.py:918: UserWarning: One or more input array has non-native endianness!  A copy will be made with the correct endianness.
  warnings.warn("One or more input array has non-native endianness!  A copy will"\
DD: 0.014173999999999999
DR: 0.450125
RR: 2.720542
DD: 0.014012
DR: 0.433189
RR: 2.656817
DD: 0.013902
DR: 0.449172
RR: 2.524155
DD: 0.013888
DR: 0.433525
RR: 2.5131639999999997
DD: 0.014091
DR: 0.428222
RR: 2.59175
DD: 0.014695999999999999
DR: 0.479232
RR: 2.696908
DD: 0.014754999999999999
DR: 0.471653
RR: 3.099359
DD: 0.015085
DR: 0.48907799999999996
RR: 2.843168
DD: 0.014917
DR: 0.46255500000000005
RR: 2.938586
DD: 0.015031999999999998
DR: 0.469229
RR: 2.908037
DD: 0.015
DR: 0.48462000000000005
RR: 2.999197
DD: 0.014913
DR: 0.49080999999999997
RR: 2.912732
DD: 0.014922999999999999
DR: 0.459086
RR: 2.813712
DD: 0.015394999999999999
DR: 0.472447
RR: 2.966996
DD: 0.014983
DR: 0.459082
RR: 2.82907
DD: 0.014851
DR: 0.478253
RR: 2.946385
DD: 0.014948999999999999
DR: 0.47053
RR: 3.012462
DD: 0.014875999999999999
DR: 0.46113100000000007
RR: 2.815258
DD: 0.014913
DR: 0.47907
RR: 3.040345
DD: 0.015106999999999999
DR: 0.502263
RR: 3.090863
DD: 0.015014
DR: 0.497136
RR: 3.086611
DD: 0.015714
DR: 0.49945700000000004
RR: 3.049916
DD: 0.015035
DR: 0.46968299999999996
RR: 2.819859
DD: 0.014785
DR: 0.437642
RR: 2.642835
DD: 0.014466
DR: 0.431222
RR: 2.56801
DD: 0.014251999999999999
DR: 0.41999
RR: 2.506867
DD: 0.014202999999999999
DR: 0.426197
RR: 2.480752
DD: 0.014182
DR: 0.418987
RR: 2.4511659999999997
DD: 0.013578
DR: 0.412832
RR: 2.4866099999999998
DD: 0.014039
DR: 0.42955699999999997
RR: 2.562138
DD: 0.014286
DR: 0.440121
RR: 2.669689
DD: 0.014794
DR: 0.473913
RR: 3.0103
DD: 0.015005
DR: 0.46751099999999995
RR: 2.817246
DD: 0.014992
DR: 0.496741
RR: 2.856188
DD: 0.01475
DR: 0.48477499999999996
RR: 3.05899
DD: 0.015714
DR: 0.499198
RR: 3.015664
DD: 0.015477999999999999
DR: 0.493631
RR: 2.965277
DD: 0.015455
DR: 0.473649
RR: 2.84088
DD: 0.015534
DR: 0.48538699999999996
RR: 2.816676
DD: 0.015834
DR: 0.48161600000000004
RR: 2.9012000000000002
DD: 0.01491
DR: 0.48400300000000007
RR: 3.051686
DD: 0.015137999999999999
DR: 0.500457
RR: 3.1984
DD: 0.015300999999999999
DR: 0.49548100000000006
RR: 2.894148
DD: 0.014898999999999999
DR: 0.459071
RR: 2.968444
DD: 0.014965
DR: 0.46628500000000006
RR: 3.027538
DD: 0.015071999999999999
DR: 0.46250100000000005
RR: 2.852198
DD: 0.014936999999999999
DR: 0.473966
RR: 2.840488
DD: 0.015075999999999999
DR: 0.449092
RR: 2.736868
DD: 0.014237999999999999
DR: 0.431681
RR: 2.626602
DD: 0.013932
DR: 0.427041
RR: 2.5554769999999998
saved to _G20.5_rmin0.001_rmax10.0_nbins30_zsplit3bin1_Lsplit3bin2_N50_Planck_MC_b60

Pixels masked by MC but not already by selfunc: 0
G20.5_zsplit3bin2_Lsplit3bin0: 0.83              24752 vs 143945
/home/groups/tabel/mahlet/quaia-env/lib/python3.10/site-packages/Corrfunc/utils.py:918: UserWarning: One or more input array has non-native endianness!  A copy will be made with the correct endianness.
  warnings.warn("One or more input array has non-native endianness!  A copy will"\
DD: 0.008522
DR: 0.24384999999999998
RR: 1.25969
DD: 0.008109
DR: 0.23068899999999998
RR: 1.1999360000000001
DD: 0.008133
DR: 0.235336
RR: 1.197968
DD: 0.008157
DR: 0.23182200000000008
RR: 1.222476
DD: 0.008258
DR: 0.235957
RR: 1.244351
DD: 0.008401
DR: 0.241894
RR: 1.29823
DD: 0.008624
DR: 0.257645
RR: 1.382059
DD: 0.008868
DR: 0.262462
RR: 1.4403860000000002
DD: 0.009433
DR: 0.256019
RR: 1.376011
DD: 0.009333
DR: 0.260295
RR: 1.362964
DD: 0.00874
DR: 0.25976499999999997
RR: 1.383383
DD: 0.008744
DR: 0.253376
RR: 1.355368
DD: 0.008749
DR: 0.25610299999999997
RR: 1.3531680000000001
DD: 0.008756
DR: 0.25959
RR: 1.376435
DD: 0.008749
DR: 0.258652
RR: 1.3706770000000001
DD: 0.008784
DR: 0.254911
RR: 1.363176
DD: 0.008734
DR: 0.253919
RR: 1.360141
DD: 0.008773999999999999
DR: 0.259164
RR: 1.381522
DD: 0.008721999999999999
DR: 0.2575
RR: 1.3677869999999999
DD: 0.008777
DR: 0.255229
RR: 1.358234
DD: 0.008747
DR: 0.253872
RR: 1.355032
DD: 0.008775999999999999
DR: 0.268212
RR: 1.440436
DD: 0.008562
DR: 0.25862599999999997
RR: 1.508376
DD: 0.00856
DR: 0.25493299999999997
RR: 1.458685
DD: 0.008435999999999999
DR: 0.253193
RR: 1.426026
DD: 0.008797
DR: 0.249861
RR: 1.39839
DD: 0.008435999999999999
DR: 0.24826399999999998
RR: 1.317621
DD: 0.008808999999999999
DR: 0.234264
RR: 1.293049
DD: 0.008827
DR: 0.24762000000000006
RR: 1.321189
DD: 0.008471
DR: 0.24721900000000008
RR: 1.389391
DD: 0.009158999999999999
DR: 0.2552380000000001
RR: 1.3239589999999999
DD: 0.009495
DR: 0.26021800000000006
RR: 1.430966
DD: 0.00896
DR: 0.25866900000000004
RR: 1.4277929999999999
DD: 0.009654
DR: 0.27279700000000007
RR: 1.5324550000000001
DD: 0.008959
DR: 0.268169
RR: 1.5278909999999999
DD: 0.009556
DR: 0.271965
RR: 1.513368
DD: 0.0089
DR: 0.269717
RR: 1.4859360000000001
DD: 0.009585
DR: 0.266888
RR: 1.485989
DD: 0.008801999999999999
DR: 0.266043
RR: 1.469946
DD: 0.008962
DR: 0.26792
RR: 1.472437
DD: 0.00878
DR: 0.266127
RR: 1.4247239999999999
DD: 0.008771
DR: 0.25945700000000005
RR: 1.456585
DD: 0.008799999999999999
DR: 0.256865
RR: 1.415727
DD: 0.008839
DR: 0.2668360000000001
RR: 1.493018
DD: 0.0089
DR: 0.26551500000000006
RR: 1.47531
DD: 0.008995999999999999
DR: 0.266275
RR: 1.459681
DD: 0.00886
DR: 0.266889
RR: 1.509581
DD: 0.008739
DR: 0.256955
RR: 1.441969
DD: 0.008567
DR: 0.25119199999999997
RR: 1.391821
DD: 0.008140999999999999
DR: 0.24301099999999998
RR: 1.336014
saved to _G20.5_rmin0.001_rmax10.0_nbins30_zsplit3bin2_Lsplit3bin0_N50_Planck_MC_b60

Pixels masked by MC but not already by selfunc: 0
G20.5_zsplit3bin2_Lsplit3bin1: 0.78              31174 vs 143944
/home/groups/tabel/mahlet/quaia-env/lib/python3.10/site-packages/Corrfunc/utils.py:918: UserWarning: One or more input array has non-native endianness!  A copy will be made with the correct endianness.
  warnings.warn("One or more input array has non-native endianness!  A copy will"\
DD: 0.010967
DR: 0.33675299999999997
RR: 1.924897
DD: 0.010745
DR: 0.32902700000000007
RR: 1.887385
DD: 0.010747999999999999
DR: 0.32734199999999997
RR: 1.894333
DD: 0.011441999999999999
DR: 0.33971599999999996
RR: 1.86325
DD: 0.011419
DR: 0.329236
RR: 1.7980269999999998
DD: 0.011121000000000048
DR: 0.330165
RR: 1.951092
DD: 0.011557
DR: 0.35011800000000004
RR: 2.097596
DD: 0.011554
DR: 0.35193300000000005
RR: 1.981536
DD: 0.011647999999999999
DR: 0.355246
RR: 2.169071
DD: 0.011637
DR: 0.36902999999999997
RR: 2.183816
DD: 0.011686
DR: 0.369763
RR: 2.22226
DD: 0.01163
DR: 0.355043
RR: 2.031396
DD: 0.011647999999999999
DR: 0.351772
RR: 2.054114
DD: 0.011465999999999999
DR: 0.36450299999999997
RR: 2.244875
DD: 0.011698
DR: 0.372992
RR: 2.212353
DD: 0.012166
DR: 0.373181
RR: 2.219831
DD: 0.011873
DR: 0.37007
RR: 2.206386
DD: 0.011805999999999999
DR: 0.35919
RR: 2.093094
DD: 0.011685
DR: 0.35565500000000005
RR: 2.018172
DD: 0.011515
DR: 0.34605700000000006
RR: 2.000619
DD: 0.011616999999999999
DR: 0.36180199999999996
RR: 2.309523
DD: 0.011824999999999999
DR: 0.375586
RR: 2.222373
DD: 0.011582
DR: 0.35890600000000006
RR: 2.146231
DD: 0.011160999999999999
DR: 0.345383
RR: 1.981261
DD: 0.010742999999999999
DR: 0.320391
RR: 1.899546
DD: 0.010631999999999999
DR: 0.30997600000000003
RR: 1.789686
DD: 0.011944999999999999
DR: 0.318552
RR: 1.759841
DD: 0.011221
DR: 0.3103870000000001
RR: 1.718063
DD: 0.010596
DR: 0.316542
RR: 1.760845
DD: 0.010922
DR: 0.32863700000000007
RR: 1.956537
DD: 0.011105
DR: 0.345232
RR: 1.898022
DD: 0.01146
DR: 0.33828199999999997
RR: 1.936831
DD: 0.011568
DR: 0.34367000000000003
RR: 1.97364
DD: 0.011582
DR: 0.368091
RR: 2.259175
DD: 0.011703
DR: 0.36724
RR: 2.180683
DD: 0.011548
DR: 0.372366
RR: 2.200562
DD: 0.011748999999999999
DR: 0.36405099999999996
RR: 2.200615
DD: 0.011665
DR: 0.367211
RR: 2.089807
DD: 0.012242999999999999
DR: 0.35886399999999996
RR: 2.081018
DD: 0.012079
DR: 0.36030599999999996
RR: 2.189761
DD: 0.012281
DR: 0.380781
RR: 2.2209760000000003
DD: 0.01224
DR: 0.379613
RR: 2.180911
DD: 0.012286
DR: 0.376366
RR: 2.171186
DD: 0.012136
DR: 0.371403
RR: 2.154477
DD: 0.012104
DR: 0.356153
RR: 2.097519
DD: 0.012086
DR: 0.356606
RR: 2.107796
DD: 0.012251
DR: 0.370311
RR: 2.170514
DD: 0.011476
DR: 0.352103
RR: 2.064582
DD: 0.011278999999999999
DR: 0.34250100000000006
RR: 2.000819
DD: 0.010846999999999999
DR: 0.33069
RR: 1.95652
saved to _G20.5_rmin0.001_rmax10.0_nbins30_zsplit3bin2_Lsplit3bin1_N50_Planck_MC_b60

Pixels masked by MC but not already by selfunc: 0
G20.5_zsplit3bin2_Lsplit3bin2: 0.74              38044 vs 143945
/home/groups/tabel/mahlet/quaia-env/lib/python3.10/site-packages/Corrfunc/utils.py:918: UserWarning: One or more input array has non-native endianness!  A copy will be made with the correct endianness.
  warnings.warn("One or more input array has non-native endianness!  A copy will"\
DD: 0.013810999999999999
DR: 0.422821
RR: 2.4383879999999998
DD: 0.013751
DR: 0.414417
RR: 2.43691
DD: 0.013666999999999999
DR: 0.42155200000000004
RR: 2.778365
DD: 0.014692
DR: 0.442044
RR: 2.635033
DD: 0.014395
DR: 0.4262790000000001
RR: 2.622656
DD: 0.014851999999999999
DR: 0.472684
RR: 2.929445
DD: 0.015222
DR: 0.500373
RR: 3.104708
DD: 0.015366999999999999
DR: 0.501532
RR: 3.12564
DD: 0.015683
DR: 0.483503
RR: 2.946349
DD: 0.014927999999999999
DR: 0.45810999999999996
RR: 2.999665
DD: 0.014662
DR: 0.459242
RR: 2.801951
DD: 0.014639999999999999
DR: 0.46526599999999996
RR: 2.750508
DD: 0.014582999999999999
DR: 0.462735
RR: 2.762099
DD: 0.01473
DR: 0.461746
RR: 2.742655
DD: 0.014773
DR: 0.45115299999999997
RR: 2.741869
DD: 0.014846
DR: 0.46021799999999996
RR: 2.746361
DD: 0.014851
DR: 0.452365
RR: 2.763124
DD: 0.014894
DR: 0.45134799999999997
RR: 2.742658
DD: 0.01524
DR: 0.455997
RR: 2.750652
DD: 0.014813999999999999
DR: 0.45150200000000007
RR: 2.7408609999999998
DD: 0.014598999999999999
DR: 0.452237
RR: 2.737293
DD: 0.014707999999999999
DR: 0.451548
RR: 2.7386530000000002
DD: 0.0144
DR: 0.4374410000000001
RR: 2.653148
DD: 0.013994
DR: 0.421131
RR: 2.536456
DD: 0.013666999999999999
DR: 0.41127500000000006
RR: 2.474567
DD: 0.013552000000000008
DR: 0.40851099999999996
RR: 2.4927989999999998
DD: 0.013668
DR: 0.41775300000000004
RR: 2.525937
DD: 0.013491999999999999
DR: 0.421846
RR: 2.455263
DD: 0.013484
DR: 0.408454
RR: 2.431582
DD: 0.013637999999999999
DR: 0.42292799999999997
RR: 2.476206
DD: 0.013899
DR: 0.43833
RR: 2.5996
DD: 0.014539
DR: 0.474274
RR: 2.905896
DD: 0.014946
DR: 0.495838
RR: 2.933165
DD: 0.014632
DR: 0.461624
RR: 2.7508179999999998
DD: 0.014766
DR: 0.47312
RR: 2.810252
DD: 0.015415
DR: 0.48050400000000004
RR: 2.744174
DD: 0.014926
DR: 0.47072900000000006
RR: 2.87632
DD: 0.01483
DR: 0.476954
RR: 2.889018
DD: 0.014702
DR: 0.481342
RR: 2.900029
DD: 0.014884999999999999
DR: 0.476896
RR: 2.9346389999999998
DD: 0.014988999999999999
DR: 0.479211
RR: 2.86153
DD: 0.014660999999999999
DR: 0.488337
RR: 2.816753
DD: 0.015033
DR: 0.471843
RR: 2.972298
DD: 0.014879
DR: 0.48166700000000007
RR: 2.965521
DD: 0.015101999999999999
DR: 0.482545
RR: 2.932447
DD: 0.014856
DR: 0.46913499999999997
RR: 3.018721
DD: 0.014922999999999999
DR: 0.468149
RR: 2.858486
DD: 0.014485999999999999
DR: 0.463709
RR: 2.859992
DD: 0.01418
DR: 0.452663
RR: 2.730327
DD: 0.013770999999999999
DR: 0.44270200000000004
RR: 2.526013
saved to _G20.5_rmin0.001_rmax10.0_nbins30_zsplit3bin2_Lsplit3bin2_N50_Planck_MC_b60

done!
