Starting batch job

G20.5: computing wtheta in 10 bins from 0.1 to 25.0 on a log scale...

Pixels masked by MC but not already by selfunc: 3194
G20.5_zmin0.0zmax1.0_Lmax-20.0: 0.03              315069 vs 324336
[Warning] The CPU supports AVX512F but the compiler does not.  Can you try another compiler?
/home/groups/tabel/mahlet/quaia-env/lib/python3.10/site-packages/Corrfunc/utils.py:918: UserWarning: One or more input array has non-native endianness!  A copy will be made with the correct endianness.
  warnings.warn("One or more input array has non-native endianness!  A copy will"\
DD: 0.39966799999999997
DR: 24.269261
RR: 281.84643
saved to _G20.5_rmin0.1_rmax25.0_nbins10_zmin0.0zmax1.0_Lmax-20.0_Planck_MC_b10
Pixels masked by MC but not already by selfunc: 633
G20.5_zmin0.0zmax1.0_Lmax-25.0: 0.07              51585 vs 55261
/home/groups/tabel/mahlet/quaia-env/lib/python3.10/site-packages/Corrfunc/utils.py:918: UserWarning: One or more input array has non-native endianness!  A copy will be made with the correct endianness.
  warnings.warn("One or more input array has non-native endianness!  A copy will"\
DD: 0.02072
DR: 0.8062860000000001
RR: 5.719394
saved to _G20.5_rmin0.1_rmax25.0_nbins10_zmin0.0zmax1.0_Lmax-25.0_Planck_MC_b10
Pixels masked by MC but not already by selfunc: 161
G20.5_zmin0.0zmax1.0_Lmax-26.0: 0.09              11374 vs 12557
/home/groups/tabel/mahlet/quaia-env/lib/python3.10/site-packages/Corrfunc/utils.py:918: UserWarning: One or more input array has non-native endianness!  A copy will be made with the correct endianness.
  warnings.warn("One or more input array has non-native endianness!  A copy will"\
DD: 0.00456
DR: 0.092693
RR: 0.347746
saved to _G20.5_rmin0.1_rmax25.0_nbins10_zmin0.0zmax1.0_Lmax-26.0_Planck_MC_b10
Pixels masked by MC but not already by selfunc: 47
G20.5_zmin0.0zmax1.0_Lmax-27.0: 0.13              1666 vs 1922
/home/groups/tabel/mahlet/quaia-env/lib/python3.10/site-packages/Corrfunc/utils.py:918: UserWarning: One or more input array has non-native endianness!  A copy will be made with the correct endianness.
  warnings.warn("One or more input array has non-native endianness!  A copy will"\
DD: 0.001138
DR: 0.011531
RR: 0.019665
saved to _G20.5_rmin0.1_rmax25.0_nbins10_zmin0.0zmax1.0_Lmax-27.0_Planck_MC_b10
Pixels masked by MC but not already by selfunc: 6208
G20.5_zmin1.0zmax2.0_Lmax-20.0: 0.02              634551 vs 648196
/home/groups/tabel/mahlet/quaia-env/lib/python3.10/site-packages/Corrfunc/utils.py:918: UserWarning: One or more input array has non-native endianness!  A copy will be made with the correct endianness.
  warnings.warn("One or more input array has non-native endianness!  A copy will"\
DD: 1.6055229999999998
DR: 110.273011
RR: 1277.200305
saved to _G20.5_rmin0.1_rmax25.0_nbins10_zmin1.0zmax2.0_Lmax-20.0_Planck_MC_b10
Pixels masked by MC but not already by selfunc: 5036
G20.5_zmin1.0zmax2.0_Lmax-25.0: 0.02              490111 vs 502242
/home/groups/tabel/mahlet/quaia-env/lib/python3.10/site-packages/Corrfunc/utils.py:918: UserWarning: One or more input array has non-native endianness!  A copy will be made with the correct endianness.
  warnings.warn("One or more input array has non-native endianness!  A copy will"\
DD: 1.006554
DR: 61.099344
RR: 713.610047
saved to _G20.5_rmin0.1_rmax25.0_nbins10_zmin1.0zmax2.0_Lmax-25.0_Planck_MC_b10
Pixels masked by MC but not already by selfunc: 2041
G20.5_zmin1.0zmax2.0_Lmax-26.0: 0.04              178398 vs 185134
/home/groups/tabel/mahlet/quaia-env/lib/python3.10/site-packages/Corrfunc/utils.py:918: UserWarning: One or more input array has non-native endianness!  A copy will be made with the correct endianness.
  warnings.warn("One or more input array has non-native endianness!  A copy will"\
DD: 0.15082199999999998
DR: 7.81678
RR: 80.137894
saved to _G20.5_rmin0.1_rmax25.0_nbins10_zmin1.0zmax2.0_Lmax-26.0_Planck_MC_b10
Pixels masked by MC but not already by selfunc: 468
G20.5_zmin1.0zmax2.0_Lmax-27.0: 0.05              36684 vs 38757
/home/groups/tabel/mahlet/quaia-env/lib/python3.10/site-packages/Corrfunc/utils.py:918: UserWarning: One or more input array has non-native endianness!  A copy will be made with the correct endianness.
  warnings.warn("One or more input array has non-native endianness!  A copy will"\
DD: 0.014138
DR: 0.46606899999999996
RR: 2.9234080000000002
saved to _G20.5_rmin0.1_rmax25.0_nbins10_zmin1.0zmax2.0_Lmax-27.0_Planck_MC_b10
Pixels masked by MC but not already by selfunc: 3576
G20.5_zmin2.0zmax3.0_Lmax-20.0: 0.02              280556 vs 286508
/home/groups/tabel/mahlet/quaia-env/lib/python3.10/site-packages/Corrfunc/utils.py:918: UserWarning: One or more input array has non-native endianness!  A copy will be made with the correct endianness.
  warnings.warn("One or more input array has non-native endianness!  A copy will"\
DD: 0.36982499999999996
DR: 21.914139
RR: 238.743033
saved to _G20.5_rmin0.1_rmax25.0_nbins10_zmin2.0zmax3.0_Lmax-20.0_Planck_MC_b10
Pixels masked by MC but not already by selfunc: 3576
G20.5_zmin2.0zmax3.0_Lmax-25.0: 0.02              280556 vs 286508
/home/groups/tabel/mahlet/quaia-env/lib/python3.10/site-packages/Corrfunc/utils.py:918: UserWarning: One or more input array has non-native endianness!  A copy will be made with the correct endianness.
  warnings.warn("One or more input array has non-native endianness!  A copy will"\
DD: 0.35993300000000006
DR: 21.171785
RR: 235.797967
saved to _G20.5_rmin0.1_rmax25.0_nbins10_zmin2.0zmax3.0_Lmax-25.0_Planck_MC_b10
Pixels masked by MC but not already by selfunc: 3357
G20.5_zmin2.0zmax3.0_Lmax-26.0: 0.02              254027 vs 259755
/home/groups/tabel/mahlet/quaia-env/lib/python3.10/site-packages/Corrfunc/utils.py:918: UserWarning: One or more input array has non-native endianness!  A copy will be made with the correct endianness.
  warnings.warn("One or more input array has non-native endianness!  A copy will"\
DD: 0.28112
DR: 16.439975
RR: 185.971517
saved to _G20.5_rmin0.1_rmax25.0_nbins10_zmin2.0zmax3.0_Lmax-26.0_Planck_MC_b10
Pixels masked by MC but not already by selfunc: 1333
G20.5_zmin2.0zmax3.0_Lmax-27.0: 0.03              99902 vs 103123
/home/groups/tabel/mahlet/quaia-env/lib/python3.10/site-packages/Corrfunc/utils.py:918: UserWarning: One or more input array has non-native endianness!  A copy will be made with the correct endianness.
  warnings.warn("One or more input array has non-native endianness!  A copy will"\
DD: 0.057283999999999995
DR: 2.543194
RR: 23.303801
saved to _G20.5_rmin0.1_rmax25.0_nbins10_zmin2.0zmax3.0_Lmax-27.0_Planck_MC_b10
Pixels masked by MC but not already by selfunc: 386
G20.5_zmin3.0zmax4.6_Lmax-20.0: 0.01              35945 vs 36458
/home/groups/tabel/mahlet/quaia-env/lib/python3.10/site-packages/Corrfunc/utils.py:918: UserWarning: One or more input array has non-native endianness!  A copy will be made with the correct endianness.
  warnings.warn("One or more input array has non-native endianness!  A copy will"\
DD: 0.014221999999999999
DR: 0.480341
RR: 2.819785
saved to _G20.5_rmin0.1_rmax25.0_nbins10_zmin3.0zmax4.6_Lmax-20.0_Planck_MC_b10
Pixels masked by MC but not already by selfunc: 386
G20.5_zmin3.0zmax4.6_Lmax-25.0: 0.01              35945 vs 36458
/home/groups/tabel/mahlet/quaia-env/lib/python3.10/site-packages/Corrfunc/utils.py:918: UserWarning: One or more input array has non-native endianness!  A copy will be made with the correct endianness.
  warnings.warn("One or more input array has non-native endianness!  A copy will"\
DD: 0.014107999999999999
DR: 0.470344
RR: 2.830129
saved to _G20.5_rmin0.1_rmax25.0_nbins10_zmin3.0zmax4.6_Lmax-25.0_Planck_MC_b10
Pixels masked by MC but not already by selfunc: 386
G20.5_zmin3.0zmax4.6_Lmax-26.0: 0.01              35945 vs 36458
/home/groups/tabel/mahlet/quaia-env/lib/python3.10/site-packages/Corrfunc/utils.py:918: UserWarning: One or more input array has non-native endianness!  A copy will be made with the correct endianness.
  warnings.warn("One or more input array has non-native endianness!  A copy will"\
DD: 0.014239
DR: 0.474921
RR: 2.810368
saved to _G20.5_rmin0.1_rmax25.0_nbins10_zmin3.0zmax4.6_Lmax-26.0_Planck_MC_b10
Pixels masked by MC but not already by selfunc: 325
G20.5_zmin3.0zmax4.6_Lmax-27.0: 0.02              28529 vs 28981
/home/groups/tabel/mahlet/quaia-env/lib/python3.10/site-packages/Corrfunc/utils.py:918: UserWarning: One or more input array has non-native endianness!  A copy will be made with the correct endianness.
  warnings.warn("One or more input array has non-native endianness!  A copy will"\
DD: 0.01031
DR: 0.319223
RR: 1.699734
saved to _G20.5_rmin0.1_rmax25.0_nbins10_zmin3.0zmax4.6_Lmax-27.0_Planck_MC_b10
done!
