Starting batch job
Running selection function with fn_catalog=../data/quaia_G20.5_zmin2.0zmax3.0_Lmin-27.0Lmax-26.0.fits, fn_selfunc=../data/maps/selection_function_NSIDE64_G20.5_zmin2.0zmax3.0_Lmin-27.0Lmax-26.0.fits, fn_parentcat=../data/quaia_G20.5.fits, map_names=['dust', 'stars', 'm10', 'mcs', 'unwise', 'unwisescan', 'mcsunwise', 'zodi1.25', 'zodi3.4', 'zodi4.6']
Loading data
Making QSO map
Map templates: ['dust', 'stars', 'm10', 'mcs', 'unwise', 'unwisescan', 'mcsunwise', 'zodi1.25', 'zodi3.4', 'zodi4.6']
Dustmap already exists, loading from ../data/maps/map_dust_NSIDE64.npy
Star map already exists, loading from ../data/maps/map_stars_NSIDE64.npy
M10 map already exists, loading from ../data/maps/map_m10_NSIDE64.npy
MCs map already exists, loading from ../data/maps/map_mcs_NSIDE64.npy
unWISE map already exists, loading from ../data/maps/map_unwise_NSIDE64.npy
unWISE scan map already exists, loading from ../data/maps/map_unwisescan_NSIDE64.npy
MCs map already exists, loading from ../data/maps/map_mcsunwise_NSIDE64.npy
Zodi map already exists, loading from ../data/maps/map_zodi1.25_NSIDE64.npy
Zodi map already exists, loading from ../data/maps/map_zodi3.4_NSIDE64.npy
Zodi map already exists, loading from ../data/maps/map_zodi4.6_NSIDE64.npy
Constructing X
(10, 49152)
(10, 49152)
Getting indices to fit
err min max: 0.0 4.242640687119285
Training fitter
X_train: (35110, 10) y_train: (35110,)
y_train min: 1.0 y_train: 18.0
fit_mean = True
n params: 10
parameter names: ('mean:value', 'kernel:k1:log_constant', 'kernel:k2:metric:log_M_0_0', 'kernel:k2:metric:log_M_1_1', 'kernel:k2:metric:log_M_2_2', 'kernel:k2:metric:log_M_3_3', 'kernel:k2:metric:log_M_4_4', 'kernel:k2:metric:log_M_5_5', 'kernel:k2:metric:log_M_6_6', 'kernel:k2:metric:log_M_7_7', 'kernel:k2:metric:log_M_8_8', 'kernel:k2:metric:log_M_9_9')
paramters init: [ 0.        -3.1966446 -0.5        1.5       -1.         5.
  0.8        0.        10.         1.         1.         1.       ]
y minmax 0.0 2.8903717578961645
yerr: [1.         1.         2.64575131 ... 1.         1.         2.        ] [1.         1.         0.37796447 ... 1.         1.         0.5       ]
p compute: [ 0.        -3.1966446 -0.5        1.5       -1.         5.
  0.8        0.        10.         1.         1.         1.       ]
lnlike compute: -23675.918902659614
Minimizing
  message: Optimization terminated successfully.
  success: True
   status: 0
      fun: 23622.406931084362
        x: [ 6.712e-01 -2.855e+00 -1.346e+00  2.074e+00  2.173e+00
             4.686e+00  3.644e+00  3.529e+00  3.558e+01  5.127e+01
             1.982e+01  8.910e-01]
      nit: 47
      jac: [ 3.997e-06  3.150e-06 -5.150e-07  2.599e-06 -2.723e-07
             2.520e-06  1.186e-06 -1.049e-06 -8.592e-13 -1.276e-22
            -4.530e-10  5.796e-07]
 hess_inv: [[ 9.615e-02 -5.100e-02 ... -5.215e+02 -3.950e-02]
            [-5.100e-02  1.378e-01 ... -4.252e+02  2.990e-02]
            ...
            [-5.215e+02 -4.252e+02 ...  7.404e+08 -4.566e+02]
            [-3.950e-02  2.990e-02 ... -4.566e+02  1.014e+00]]
     nfev: 50
     njev: 50
p post op: [ 0.67116827 -2.85503638 -1.34624048  2.07448043  2.17262008  4.6860933
  3.6437213   3.52883361 35.57628541 51.26690599 19.81688268  0.891021  ]
lnlike final: -23622.406931084362
Predicting
setting the output map dtype to [dtype('float64')]
predict p: [ 0.67116827 -2.85503638 -1.34624048  2.07448043  2.17262008  4.6860933
  3.6437213   3.52883361 35.57628541 51.26690599 19.81688268  0.891021  ]
Saving ypred map to ../data/maps/y_pred_selection_function_NSIDE64_G20.5_zmin2.0zmax3.0_Lmin-27.0Lmax-26.0.fits
y_pred_full: [0.98638338 1.1186905  2.10692254 ... 2.62150508 2.7079186  2.4642702 ]
0
RMSE: 2.131535264104298
Making selection function map
setting the output map dtype to [dtype('float64')]
Number of clean healpixels: 479 (Total: 49152)
Using parent catalog to determine zero-probability pixels
(If i_keep also passed, will be ignored!)
min: 0.0, max: 1.2847926133979333
map_prob: [0.08905266 0.10099761 0.19021717 ... 0.23667471 0.24447629 0.22247923]
Saved map to ../data/maps/selection_function_NSIDE64_G20.5_zmin2.0zmax3.0_Lmin-27.0Lmax-26.0.fits!
Time: 35634.87960076332 s (593.914660012722 min)
allsky 
../data/randoms/random_G20.5_zmin2.0zmax3.0_Lmin-27.0Lmax-26.0_25x.fits
Loading data
Number of data sources: 156795
Estimating reduction factor
Sel func min and max: 0.0 1.2847926133979333
Subsampling by 0.266 for probability map
Generating random with 25 times N_data
Sel func min and max: 0.0 1.2847926133979333
Subsampling by 0.266 for probability map
Number of final random sources: 3910832
Wrote random to ../data/randoms/random_G20.5_zmin2.0zmax3.0_Lmin-27.0Lmax-26.0_25x.fits!
