Starting batch job

G20.5: computing wtheta in 30 bins from 0.001 to 10.0 on a log scale...

Pixels masked by MC but not already by selfunc: 908
G20.5_zmin0.0zmax1.0_Lsplit4bin0: 0.25              61053 vs 81084
/home/groups/tabel/mahlet/quaia-env/lib/python3.10/site-packages/Corrfunc/utils.py:918: UserWarning: One or more input array has non-native endianness!  A copy will be made with the correct endianness.
  warnings.warn("One or more input array has non-native endianness!  A copy will"\
DD: 0.024229999999999998
DR: 0.7303029999999999
RR: 3.346045
saved to _G20.5_rmin0.001_rmax10.0_nbins30_zmin0.0zmax1.0_Lsplit4bin0_Planck_MC_b20
Pixels masked by MC but not already by selfunc: 795
G20.5_zmin0.0zmax1.0_Lsplit4bin1: 0.15              68521 vs 81084
/home/groups/tabel/mahlet/quaia-env/lib/python3.10/site-packages/Corrfunc/utils.py:918: UserWarning: One or more input array has non-native endianness!  A copy will be made with the correct endianness.
  warnings.warn("One or more input array has non-native endianness!  A copy will"\
DD: 0.026164
DR: 0.7970309999999999
RR: 3.907736
saved to _G20.5_rmin0.001_rmax10.0_nbins30_zmin0.0zmax1.0_Lsplit4bin1_Planck_MC_b20
Pixels masked by MC but not already by selfunc: 785
G20.5_zmin0.0zmax1.0_Lsplit4bin2: 0.11              72427 vs 81084
/home/groups/tabel/mahlet/quaia-env/lib/python3.10/site-packages/Corrfunc/utils.py:918: UserWarning: One or more input array has non-native endianness!  A copy will be made with the correct endianness.
  warnings.warn("One or more input array has non-native endianness!  A copy will"\
DD: 0.028924
DR: 0.866466
RR: 3.995274
saved to _G20.5_rmin0.001_rmax10.0_nbins30_zmin0.0zmax1.0_Lsplit4bin2_Planck_MC_b20
Pixels masked by MC but not already by selfunc: 706
G20.5_zmin0.0zmax1.0_Lsplit4bin3: 0.10              73238 vs 81084
/home/groups/tabel/mahlet/quaia-env/lib/python3.10/site-packages/Corrfunc/utils.py:918: UserWarning: One or more input array has non-native endianness!  A copy will be made with the correct endianness.
  warnings.warn("One or more input array has non-native endianness!  A copy will"\
DD: 0.024495
DR: 1.086982
RR: 4.299719
saved to _G20.5_rmin0.001_rmax10.0_nbins30_zmin0.0zmax1.0_Lsplit4bin3_Planck_MC_b20
Pixels masked by MC but not already by selfunc: 1790
G20.5_zmin1.0zmax2.0_Lsplit4bin0: 0.21              128504 vs 162049
/home/groups/tabel/mahlet/quaia-env/lib/python3.10/site-packages/Corrfunc/utils.py:918: UserWarning: One or more input array has non-native endianness!  A copy will be made with the correct endianness.
  warnings.warn("One or more input array has non-native endianness!  A copy will"\
DD: 0.054757
DR: 2.054628
RR: 13.312965
saved to _G20.5_rmin0.001_rmax10.0_nbins30_zmin1.0zmax2.0_Lsplit4bin0_Planck_MC_b20
Pixels masked by MC but not already by selfunc: 1625
G20.5_zmin1.0zmax2.0_Lsplit4bin1: 0.14              139619 vs 162049
/home/groups/tabel/mahlet/quaia-env/lib/python3.10/site-packages/Corrfunc/utils.py:918: UserWarning: One or more input array has non-native endianness!  A copy will be made with the correct endianness.
  warnings.warn("One or more input array has non-native endianness!  A copy will"\
DD: 0.060128999999999995
DR: 2.28606
RR: 16.307504
saved to _G20.5_rmin0.001_rmax10.0_nbins30_zmin1.0zmax2.0_Lsplit4bin1_Planck_MC_b20
Pixels masked by MC but not already by selfunc: 1472
G20.5_zmin1.0zmax2.0_Lsplit4bin2: 0.10              145735 vs 162049
/home/groups/tabel/mahlet/quaia-env/lib/python3.10/site-packages/Corrfunc/utils.py:918: UserWarning: One or more input array has non-native endianness!  A copy will be made with the correct endianness.
  warnings.warn("One or more input array has non-native endianness!  A copy will"\
DD: 0.07217799999999999
DR: 2.489866
RR: 18.962653
saved to _G20.5_rmin0.001_rmax10.0_nbins30_zmin1.0zmax2.0_Lsplit4bin2_Planck_MC_b20
Pixels masked by MC but not already by selfunc: 1321
G20.5_zmin1.0zmax2.0_Lsplit4bin3: 0.07              151458 vs 162049
/home/groups/tabel/mahlet/quaia-env/lib/python3.10/site-packages/Corrfunc/utils.py:918: UserWarning: One or more input array has non-native endianness!  A copy will be made with the correct endianness.
  warnings.warn("One or more input array has non-native endianness!  A copy will"\
DD: 0.072457
DR: 2.386663
RR: 20.615205
saved to _G20.5_rmin0.001_rmax10.0_nbins30_zmin1.0zmax2.0_Lsplit4bin3_Planck_MC_b20
Pixels masked by MC but not already by selfunc: 968
G20.5_zmin2.0zmax3.0_Lsplit4bin0: 0.20              57638 vs 71627
/home/groups/tabel/mahlet/quaia-env/lib/python3.10/site-packages/Corrfunc/utils.py:918: UserWarning: One or more input array has non-native endianness!  A copy will be made with the correct endianness.
  warnings.warn("One or more input array has non-native endianness!  A copy will"\
DD: 0.021525
DR: 0.6356900000000001
RR: 2.772414
saved to _G20.5_rmin0.001_rmax10.0_nbins30_zmin2.0zmax3.0_Lsplit4bin0_Planck_MC_b20
Pixels masked by MC but not already by selfunc: 912
G20.5_zmin2.0zmax3.0_Lsplit4bin1: 0.12              62742 vs 71627
/home/groups/tabel/mahlet/quaia-env/lib/python3.10/site-packages/Corrfunc/utils.py:918: UserWarning: One or more input array has non-native endianness!  A copy will be made with the correct endianness.
  warnings.warn("One or more input array has non-native endianness!  A copy will"\
DD: 0.023544
DR: 0.684787
RR: 3.0905
saved to _G20.5_rmin0.001_rmax10.0_nbins30_zmin2.0zmax3.0_Lsplit4bin1_Planck_MC_b20
Pixels masked by MC but not already by selfunc: 897
G20.5_zmin2.0zmax3.0_Lsplit4bin2: 0.08              65882 vs 71627
/home/groups/tabel/mahlet/quaia-env/lib/python3.10/site-packages/Corrfunc/utils.py:918: UserWarning: One or more input array has non-native endianness!  A copy will be made with the correct endianness.
  warnings.warn("One or more input array has non-native endianness!  A copy will"\
DD: 0.025979
DR: 0.711239
RR: 2.784261
saved to _G20.5_rmin0.001_rmax10.0_nbins30_zmin2.0zmax3.0_Lsplit4bin2_Planck_MC_b20
Pixels masked by MC but not already by selfunc: 799
G20.5_zmin2.0zmax3.0_Lsplit4bin3: 0.05              68363 vs 71627
/home/groups/tabel/mahlet/quaia-env/lib/python3.10/site-packages/Corrfunc/utils.py:918: UserWarning: One or more input array has non-native endianness!  A copy will be made with the correct endianness.
  warnings.warn("One or more input array has non-native endianness!  A copy will"\
DD: 0.026362999999999998
DR: 0.747592
RR: 3.693224
saved to _G20.5_rmin0.001_rmax10.0_nbins30_zmin2.0zmax3.0_Lsplit4bin3_Planck_MC_b20
Pixels masked by MC but not already by selfunc: 112
G20.5_zmin3.0zmax4.6_Lsplit4bin0: 0.14              7873 vs 9115
/home/groups/tabel/mahlet/quaia-env/lib/python3.10/site-packages/Corrfunc/utils.py:918: UserWarning: One or more input array has non-native endianness!  A copy will be made with the correct endianness.
  warnings.warn("One or more input array has non-native endianness!  A copy will"\
DD: 0.005174
DR: 0.05357
RR: 0.092453
saved to _G20.5_rmin0.001_rmax10.0_nbins30_zmin3.0zmax4.6_Lsplit4bin0_Planck_MC_b20
Random catalog is not computed, do not use output
Pixels masked by MC but not already by selfunc: 109
G20.5_zmin3.0zmax4.6_Lsplit4bin1: 0.09              8268 vs 9114
/home/groups/tabel/mahlet/quaia-env/lib/python3.10/site-packages/Corrfunc/utils.py:918: UserWarning: One or more input array has non-native endianness!  A copy will be made with the correct endianness.
  warnings.warn("One or more input array has non-native endianness!  A copy will"\
DD: 0.00601
DR: 0.011134999999999999
RR: 0.005644
saved to _G20.5_rmin0.001_rmax10.0_nbins30_zmin3.0zmax4.6_Lsplit4bin1_Planck_MC_b20
Random catalog is not computed, do not use output
Pixels masked by MC but not already by selfunc: 92
G20.5_zmin3.0zmax4.6_Lsplit4bin2: 0.06              8534 vs 9114
/home/groups/tabel/mahlet/quaia-env/lib/python3.10/site-packages/Corrfunc/utils.py:918: UserWarning: One or more input array has non-native endianness!  A copy will be made with the correct endianness.
  warnings.warn("One or more input array has non-native endianness!  A copy will"\
DD: 0.0055249999999999995
DR: 0.010868
RR: 0.005706
saved to _G20.5_rmin0.001_rmax10.0_nbins30_zmin3.0zmax4.6_Lsplit4bin2_Planck_MC_b20
Pixels masked by MC but not already by selfunc: 73
G20.5_zmin3.0zmax4.6_Lsplit4bin3: 0.03              8863 vs 9115
/home/groups/tabel/mahlet/quaia-env/lib/python3.10/site-packages/Corrfunc/utils.py:918: UserWarning: One or more input array has non-native endianness!  A copy will be made with the correct endianness.
  warnings.warn("One or more input array has non-native endianness!  A copy will"\
DD: 0.005104
DR: 0.054076
RR: 0.09354
saved to _G20.5_rmin0.001_rmax10.0_nbins30_zmin3.0zmax4.6_Lsplit4bin3_Planck_MC_b20
done!
