Starting batch job

G20.5: computing wtheta in 30 bins from 0.001 to 10.0 on a log scale...

Pixels masked by MC but not already by selfunc: 1703
G20.5_zmin0.0zmax1.0_Lmaxsplit2bin0: 0.01              160465 vs 162168
/home/groups/tabel/mahlet/quaia-env/lib/python3.10/site-packages/Corrfunc/utils.py:918: UserWarning: One or more input array has non-native endianness!  A copy will be made with the correct endianness.
  warnings.warn("One or more input array has non-native endianness!  A copy will"\
DD: 0.066575
DR: 2.322462
RR: 17.051374
saved to _G20.5_rmin0.001_rmax10.0_nbins30_zmin0.0zmax1.0_Lmaxsplit2bin0_Planck_MC_b0
Pixels masked by MC but not already by selfunc: 3194
G20.5_zmin0.0zmax1.0_Lmaxsplit2bin1: 0.01              321142 vs 324336
/home/groups/tabel/mahlet/quaia-env/lib/python3.10/site-packages/Corrfunc/utils.py:918: UserWarning: One or more input array has non-native endianness!  A copy will be made with the correct endianness.
  warnings.warn("One or more input array has non-native endianness!  A copy will"\
DD: 0.17668499999999998
DR: 8.444533
RR: 76.083793
saved to _G20.5_rmin0.001_rmax10.0_nbins30_zmin0.0zmax1.0_Lmaxsplit2bin1_Planck_MC_b0
Pixels masked by MC but not already by selfunc: 3415
G20.5_zmin1.0zmax2.0_Lmaxsplit2bin0: 0.01              320683 vs 324098
/home/groups/tabel/mahlet/quaia-env/lib/python3.10/site-packages/Corrfunc/utils.py:918: UserWarning: One or more input array has non-native endianness!  A copy will be made with the correct endianness.
  warnings.warn("One or more input array has non-native endianness!  A copy will"\
DD: 0.18
DR: 8.288826
RR: 73.10583
saved to _G20.5_rmin0.001_rmax10.0_nbins30_zmin1.0zmax2.0_Lmaxsplit2bin0_Planck_MC_b0
Pixels masked by MC but not already by selfunc: 6208
G20.5_zmin1.0zmax2.0_Lmaxsplit2bin1: 0.01              641988 vs 648196
/home/groups/tabel/mahlet/quaia-env/lib/python3.10/site-packages/Corrfunc/utils.py:918: UserWarning: One or more input array has non-native endianness!  A copy will be made with the correct endianness.
  warnings.warn("One or more input array has non-native endianness!  A copy will"\
DD: 0.579133
DR: 31.645449
RR: 340.947318
saved to _G20.5_rmin0.001_rmax10.0_nbins30_zmin1.0zmax2.0_Lmaxsplit2bin1_Planck_MC_b0
Pixels masked by MC but not already by selfunc: 1880
G20.5_zmin2.0zmax3.0_Lmaxsplit2bin0: 0.01              141374 vs 143254
/home/groups/tabel/mahlet/quaia-env/lib/python3.10/site-packages/Corrfunc/utils.py:918: UserWarning: One or more input array has non-native endianness!  A copy will be made with the correct endianness.
  warnings.warn("One or more input array has non-native endianness!  A copy will"\
DD: 0.061265999999999994
DR: 2.180158
RR: 16.383797
saved to _G20.5_rmin0.001_rmax10.0_nbins30_zmin2.0zmax3.0_Lmaxsplit2bin0_Planck_MC_b0
Pixels masked by MC but not already by selfunc: 3576
G20.5_zmin2.0zmax3.0_Lmaxsplit2bin1: 0.01              282932 vs 286508
/home/groups/tabel/mahlet/quaia-env/lib/python3.10/site-packages/Corrfunc/utils.py:918: UserWarning: One or more input array has non-native endianness!  A copy will be made with the correct endianness.
  warnings.warn("One or more input array has non-native endianness!  A copy will"\
DD: 0.167005
DR: 7.730914
RR: 69.306303
saved to _G20.5_rmin0.001_rmax10.0_nbins30_zmin2.0zmax3.0_Lmaxsplit2bin1_Planck_MC_b0
Pixels masked by MC but not already by selfunc: 221
G20.5_zmin3.0zmax4.6_Lmaxsplit2bin0: 0.01              18008 vs 18229
/home/groups/tabel/mahlet/quaia-env/lib/python3.10/site-packages/Corrfunc/utils.py:918: UserWarning: One or more input array has non-native endianness!  A copy will be made with the correct endianness.
  warnings.warn("One or more input array has non-native endianness!  A copy will"\
DD: 0.00822
DR: 0.14765599999999998
RR: 0.35488600000000003
saved to _G20.5_rmin0.001_rmax10.0_nbins30_zmin3.0zmax4.6_Lmaxsplit2bin0_Planck_MC_b0
Pixels masked by MC but not already by selfunc: 386
G20.5_zmin3.0zmax4.6_Lmaxsplit2bin1: 0.01              36072 vs 36458
/home/groups/tabel/mahlet/quaia-env/lib/python3.10/site-packages/Corrfunc/utils.py:918: UserWarning: One or more input array has non-native endianness!  A copy will be made with the correct endianness.
  warnings.warn("One or more input array has non-native endianness!  A copy will"\
DD: 0.012006
DR: 0.29859800000000003
RR: 0.992926
saved to _G20.5_rmin0.001_rmax10.0_nbins30_zmin3.0zmax4.6_Lmaxsplit2bin1_Planck_MC_b0
done!
