Starting batch job

G20.5: computing wtheta in 30 bins from 0.001 to 10.0 on a log scale...

Pixels masked by MC but not already by selfunc: 0
G20.5_zsplit2bin0_Lmaxsplit2bin0: 0.71              94786 vs 323872
/home/groups/tabel/mahlet/quaia-env/lib/python3.10/site-packages/Corrfunc/utils.py:918: UserWarning: One or more input array has non-native endianness!  A copy will be made with the correct endianness.
  warnings.warn("One or more input array has non-native endianness!  A copy will"\
DD: 0.075835
DR: 2.187359
RR: 19.13287
saved to _G20.5_rmin0.001_rmax10.0_nbins30_zsplit2bin0_Lmaxsplit2bin0_Planck_MC_b50
Pixels masked by MC but not already by selfunc: 0
G20.5_zsplit2bin0_Lmaxsplit2bin1: 0.66              219953 vs 647744
/home/groups/tabel/mahlet/quaia-env/lib/python3.10/site-packages/Corrfunc/utils.py:918: UserWarning: One or more input array has non-native endianness!  A copy will be made with the correct endianness.
  warnings.warn("One or more input array has non-native endianness!  A copy will"\
DD: 0.202899
DR: 9.377509
RR: 102.709915
saved to _G20.5_rmin0.001_rmax10.0_nbins30_zsplit2bin0_Lmaxsplit2bin1_Planck_MC_b50
Pixels masked by MC but not already by selfunc: 0
G20.5_zsplit2bin1_Lmaxsplit2bin0: 0.68              105254 vs 323879
/home/groups/tabel/mahlet/quaia-env/lib/python3.10/site-packages/Corrfunc/utils.py:918: UserWarning: One or more input array has non-native endianness!  A copy will be made with the correct endianness.
  warnings.warn("One or more input array has non-native endianness!  A copy will"\
DD: 0.061328999999999995
DR: 2.614577
RR: 22.074874
saved to _G20.5_rmin0.001_rmax10.0_nbins30_zsplit2bin1_Lmaxsplit2bin0_Planck_MC_b50
Pixels masked by MC but not already by selfunc: 0
G20.5_zsplit2bin1_Lmaxsplit2bin1: 0.63              237371 vs 647758
/home/groups/tabel/mahlet/quaia-env/lib/python3.10/site-packages/Corrfunc/utils.py:918: UserWarning: One or more input array has non-native endianness!  A copy will be made with the correct endianness.
  warnings.warn("One or more input array has non-native endianness!  A copy will"\
DD: 0.224021
DR: 11.405228
RR: 121.024965
saved to _G20.5_rmin0.001_rmax10.0_nbins30_zsplit2bin1_Lmaxsplit2bin1_Planck_MC_b50
done!
