Starting batch job

G20.5: computing wtheta in 30 bins from 0.001 to 10.0 on a log scale...

Pixels masked by MC but not already by selfunc: 0
G20.5_zsplit4bin0_Lmaxsplit2bin0: 0.84              26020 vs 161897
/home/groups/tabel/mahlet/quaia-env/lib/python3.10/site-packages/Corrfunc/utils.py:918: UserWarning: One or more input array has non-native endianness!  A copy will be made with the correct endianness.
  warnings.warn("One or more input array has non-native endianness!  A copy will"\
DD: 0.018696
DR: 0.362884
RR: 2.265246
saved to _G20.5_rmin0.001_rmax10.0_nbins30_zsplit4bin0_Lmaxsplit2bin0_Planck_MC_b60
Pixels masked by MC but not already by selfunc: 0
G20.5_zsplit4bin0_Lmaxsplit2bin1: 0.81              62487 vs 323795
/home/groups/tabel/mahlet/quaia-env/lib/python3.10/site-packages/Corrfunc/utils.py:918: UserWarning: One or more input array has non-native endianness!  A copy will be made with the correct endianness.
  warnings.warn("One or more input array has non-native endianness!  A copy will"\
DD: 0.036538
DR: 1.562677
RR: 13.91679
saved to _G20.5_rmin0.001_rmax10.0_nbins30_zsplit4bin0_Lmaxsplit2bin1_Planck_MC_b60
Pixels masked by MC but not already by selfunc: 0
G20.5_zsplit4bin1_Lmaxsplit2bin0: 0.84              25842 vs 161974
/home/groups/tabel/mahlet/quaia-env/lib/python3.10/site-packages/Corrfunc/utils.py:918: UserWarning: One or more input array has non-native endianness!  A copy will be made with the correct endianness.
  warnings.warn("One or more input array has non-native endianness!  A copy will"\
DD: 0.011372
DR: 0.365064
RR: 2.190297
saved to _G20.5_rmin0.001_rmax10.0_nbins30_zsplit4bin1_Lmaxsplit2bin0_Planck_MC_b60
Pixels masked by MC but not already by selfunc: 0
G20.5_zsplit4bin1_Lmaxsplit2bin1: 0.80              64982 vs 323949
/home/groups/tabel/mahlet/quaia-env/lib/python3.10/site-packages/Corrfunc/utils.py:918: UserWarning: One or more input array has non-native endianness!  A copy will be made with the correct endianness.
  warnings.warn("One or more input array has non-native endianness!  A copy will"\
DD: 0.039155999999999996
DR: 1.649445
RR: 14.908796
saved to _G20.5_rmin0.001_rmax10.0_nbins30_zsplit4bin1_Lmaxsplit2bin1_Planck_MC_b60
Pixels masked by MC but not already by selfunc: 0
G20.5_zsplit4bin2_Lmaxsplit2bin0: 0.84              26642 vs 161904
/home/groups/tabel/mahlet/quaia-env/lib/python3.10/site-packages/Corrfunc/utils.py:918: UserWarning: One or more input array has non-native endianness!  A copy will be made with the correct endianness.
  warnings.warn("One or more input array has non-native endianness!  A copy will"\
DD: 0.011389999999999999
DR: 0.35472699999999996
RR: 2.235877
saved to _G20.5_rmin0.001_rmax10.0_nbins30_zsplit4bin2_Lmaxsplit2bin0_Planck_MC_b60
Pixels masked by MC but not already by selfunc: 0
G20.5_zsplit4bin2_Lmaxsplit2bin1: 0.79              66597 vs 323808
/home/groups/tabel/mahlet/quaia-env/lib/python3.10/site-packages/Corrfunc/utils.py:918: UserWarning: One or more input array has non-native endianness!  A copy will be made with the correct endianness.
  warnings.warn("One or more input array has non-native endianness!  A copy will"\
DD: 0.040567
DR: 1.698882
RR: 15.425847
saved to _G20.5_rmin0.001_rmax10.0_nbins30_zsplit4bin2_Lmaxsplit2bin1_Planck_MC_b60
Pixels masked by MC but not already by selfunc: 0
G20.5_zsplit4bin3_Lmaxsplit2bin0: 0.82              29410 vs 161975
/home/groups/tabel/mahlet/quaia-env/lib/python3.10/site-packages/Corrfunc/utils.py:918: UserWarning: One or more input array has non-native endianness!  A copy will be made with the correct endianness.
  warnings.warn("One or more input array has non-native endianness!  A copy will"\
DD: 0.012759
DR: 0.43784999999999996
RR: 2.944219
saved to _G20.5_rmin0.001_rmax10.0_nbins30_zsplit4bin3_Lmaxsplit2bin0_Planck_MC_b60
Pixels masked by MC but not already by selfunc: 0
G20.5_zsplit4bin3_Lmaxsplit2bin1: 0.78              71315 vs 323950
/home/groups/tabel/mahlet/quaia-env/lib/python3.10/site-packages/Corrfunc/utils.py:918: UserWarning: One or more input array has non-native endianness!  A copy will be made with the correct endianness.
  warnings.warn("One or more input array has non-native endianness!  A copy will"\
DD: 0.045099
DR: 1.92185
RR: 17.223208
saved to _G20.5_rmin0.001_rmax10.0_nbins30_zsplit4bin3_Lmaxsplit2bin1_Planck_MC_b60
done!
