Starting batch job
Running selection function with fn_catalog=../data/quaia_G20.0_zmin3.0zmax4.6_Lmax-27.0.fits, fn_selfunc=../data/maps/selection_function_NSIDE64_G20.0_zmin3.0zmax4.6_Lmax-27.0.fits, fn_parentcat=../data/quaia_G20.0.fits, map_names=['dust', 'stars', 'm10', 'mcs', 'unwise', 'unwisescan', 'mcsunwise', 'zodi1.25', 'zodi3.4', 'zodi4.6']
Loading data
Making QSO map
Map templates: ['dust', 'stars', 'm10', 'mcs', 'unwise', 'unwisescan', 'mcsunwise', 'zodi1.25', 'zodi3.4', 'zodi4.6']
Dustmap already exists, loading from ../data/maps/map_dust_NSIDE64.npy
Star map already exists, loading from ../data/maps/map_stars_NSIDE64.npy
M10 map already exists, loading from ../data/maps/map_m10_NSIDE64.npy
MCs map already exists, loading from ../data/maps/map_mcs_NSIDE64.npy
unWISE map already exists, loading from ../data/maps/map_unwise_NSIDE64.npy
unWISE scan map already exists, loading from ../data/maps/map_unwisescan_NSIDE64.npy
MCs map already exists, loading from ../data/maps/map_mcsunwise_NSIDE64.npy
Zodi map already exists, loading from ../data/maps/map_zodi1.25_NSIDE64.npy
Zodi map already exists, loading from ../data/maps/map_zodi3.4_NSIDE64.npy
Zodi map already exists, loading from ../data/maps/map_zodi4.6_NSIDE64.npy
Constructing X
(10, 49152)
(10, 49152)
Getting indices to fit
err min max: 0.0 2.449489742783178
Training fitter
X_train: (15400, 10) y_train: (15400,)
y_train min: 1.0 y_train: 6.0
fit_mean = True
n params: 10
parameter names: ('mean:value', 'kernel:k1:log_constant', 'kernel:k2:metric:log_M_0_0', 'kernel:k2:metric:log_M_1_1', 'kernel:k2:metric:log_M_2_2', 'kernel:k2:metric:log_M_3_3', 'kernel:k2:metric:log_M_4_4', 'kernel:k2:metric:log_M_5_5', 'kernel:k2:metric:log_M_6_6', 'kernel:k2:metric:log_M_7_7', 'kernel:k2:metric:log_M_8_8', 'kernel:k2:metric:log_M_9_9')
paramters init: [ 0.         -4.35261715 -0.5         1.5        -1.          5.
  0.8         0.         10.          1.          1.          1.        ]
y minmax 0.0 1.791759469228055
yerr: [1.         1.         1.         ... 1.41421356 1.         1.        ] [1.         1.         1.         ... 0.70710678 1.         1.        ]
p compute: [ 0.         -4.35261715 -0.5         1.5        -1.          5.
  0.8         0.         10.          1.          1.          1.        ]
lnlike compute: -14492.894782950987
Minimizing
  message: Optimization terminated successfully.
  success: True
   status: 0
      fun: 14472.219191545617
        x: [ 2.777e-01 -4.955e+00 -5.685e-01  6.822e+00  4.531e+01
             3.511e+01  2.643e+00  4.265e+01  2.784e+01  1.984e+01
             2.324e+01  2.072e+01]
      nit: 56
      jac: [ 1.350e-07  1.677e-07 -7.541e-08 -6.134e-09 -1.421e-19
            -4.505e-13 -8.823e-08 -1.108e-17 -7.506e-10 -3.230e-09
            -1.319e-11 -1.927e-09]
 hess_inv: [[ 4.180e-02  6.284e-02 ... -5.163e+01 -3.712e+01]
            [ 6.284e-02  1.818e+00 ... -3.808e+02 -2.724e+02]
            ...
            [-5.163e+01 -3.808e+02 ...  1.119e+08  8.089e+07]
            [-3.712e+01 -2.724e+02 ...  8.089e+07  5.848e+07]]
     nfev: 60
     njev: 60
p post op: [ 0.27767701 -4.95534114 -0.56845406  6.82232311 45.31009396 35.11165515
  2.64305735 42.65107712 27.84273531 19.84219673 23.23808258 20.71689761]
lnlike final: -14472.219191545617
Predicting
setting the output map dtype to [dtype('float64')]
predict p: [ 0.27767701 -4.95534114 -0.56845406  6.82232311 45.31009396 35.11165515
  2.64305735 42.65107712 27.84273531 19.84219673 23.23808258 20.71689761]
Saving ypred map to ../data/maps/y_pred_selection_function_NSIDE64_G20.0_zmin3.0zmax4.6_Lmax-27.0.fits
y_pred_full: [1.03465881 1.05542913 1.15588457 ... 1.18529408 1.20513233 1.17501365]
0
RMSE: 0.6096015502678557
Making selection function map
setting the output map dtype to [dtype('float64')]
Number of clean healpixels: 479 (Total: 49152)
Using parent catalog to determine zero-probability pixels
(If i_keep also passed, will be ignored!)
min: 0.0, max: 0.6455255756335969
map_prob: [0.41793173 0.42632153 0.46689869 ... 0.47877813 0.48679143 0.47462553]
Saved map to ../data/maps/selection_function_NSIDE64_G20.0_zmin3.0zmax4.6_Lmax-27.0.fits!
Time: 7866.608506679535 s (131.11014177799225 min)
allsky 
../data/randoms/random_G20.0_zmin3.0zmax4.6_Lmax-27.0_25x.fits
Loading data
Number of data sources: 20379
Estimating reduction factor
Sel func min and max: 0.0 0.6455255756335969
Subsampling by 0.737 for probability map
Generating random with 25 times N_data
Sel func min and max: 0.0 0.6455255756335969
Subsampling by 0.737 for probability map
Number of final random sources: 509412
Wrote random to ../data/randoms/random_G20.0_zmin3.0zmax4.6_Lmax-27.0_25x.fits!
