Starting batch job

G20.5: computing wp in 30 bins from 30.0 to 180.0 on a linear scale for 50 jackknife regions...

0.6692768895606103
Pixels masked by MC but not already by selfunc: 40
G20.5_zmin0.0zmax1.0_Lmin-32.0Lmax-27.0: 0.08              1715 vs 1860
[Warning] The CPU supports AVX512F but the compiler does not.  Can you try another compiler?
/home/groups/tabel/mahlet/quaia-env/lib/python3.10/site-packages/Corrfunc/utils.py:918: UserWarning: One or more input array has non-native endianness!  A copy will be made with the correct endianness.
  warnings.warn("One or more input array has non-native endianness!  A copy will"\
saved to _G20.5_rmin30.0_rmax180.0_nbins30_pimax80_zmin0.0zmax1.0_Lmin-32.0Lmax-27.0_N50_Planck_MC_mask0.2
0.7758448805768547
Pixels masked by MC but not already by selfunc: 108
G20.5_zmin0.0zmax1.0_Lmin-27.0Lmax-26.0: 0.07              9663 vs 10412
/home/groups/tabel/mahlet/quaia-env/lib/python3.10/site-packages/Corrfunc/utils.py:918: UserWarning: One or more input array has non-native endianness!  A copy will be made with the correct endianness.
  warnings.warn("One or more input array has non-native endianness!  A copy will"\
saved to _G20.5_rmin30.0_rmax180.0_nbins30_pimax80_zmin0.0zmax1.0_Lmin-27.0Lmax-26.0_N50_Planck_MC_mask0.2
0.6453725259907414
Pixels masked by MC but not already by selfunc: 458
G20.5_zmin0.0zmax1.0_Lmin-26.0Lmax-25.0: 0.06              39404 vs 41931
/home/groups/tabel/mahlet/quaia-env/lib/python3.10/site-packages/Corrfunc/utils.py:918: UserWarning: One or more input array has non-native endianness!  A copy will be made with the correct endianness.
  warnings.warn("One or more input array has non-native endianness!  A copy will"\
saved to _G20.5_rmin30.0_rmax180.0_nbins30_pimax80_zmin0.0zmax1.0_Lmin-26.0Lmax-25.0_N50_Planck_MC_mask0.2
0.1979582887466435
Pixels masked by MC but not already by selfunc: 2566
G20.5_zmin0.0zmax1.0_Lmin-25.0Lmax-20.0: 0.02              265940 vs 270122
/home/groups/tabel/mahlet/quaia-env/lib/python3.10/site-packages/Corrfunc/utils.py:918: UserWarning: One or more input array has non-native endianness!  A copy will be made with the correct endianness.
  warnings.warn("One or more input array has non-native endianness!  A copy will"\
saved to _G20.5_rmin30.0_rmax180.0_nbins30_pimax80_zmin0.0zmax1.0_Lmin-25.0Lmax-20.0_N50_Planck_MC_mask0.2
0.4567578817582233
Pixels masked by MC but not already by selfunc: 399
G20.5_zmin1.0zmax2.0_Lmin-32.0Lmax-27.0: 0.07              35463 vs 38015
/home/groups/tabel/mahlet/quaia-env/lib/python3.10/site-packages/Corrfunc/utils.py:918: UserWarning: One or more input array has non-native endianness!  A copy will be made with the correct endianness.
  warnings.warn("One or more input array has non-native endianness!  A copy will"\
saved to _G20.5_rmin30.0_rmax180.0_nbins30_pimax80_zmin1.0zmax2.0_Lmin-32.0Lmax-27.0_N50_Planck_MC_mask0.2
0.3928563576921386
Pixels masked by MC but not already by selfunc: 1560
G20.5_zmin1.0zmax2.0_Lmin-27.0Lmax-26.0: 0.03              141004 vs 144714
/home/groups/tabel/mahlet/quaia-env/lib/python3.10/site-packages/Corrfunc/utils.py:918: UserWarning: One or more input array has non-native endianness!  A copy will be made with the correct endianness.
  warnings.warn("One or more input array has non-native endianness!  A copy will"\
saved to _G20.5_rmin30.0_rmax180.0_nbins30_pimax80_zmin1.0zmax2.0_Lmin-27.0Lmax-26.0_N50_Planck_MC_mask0.2
0.1427617281901524
Pixels masked by MC but not already by selfunc: 2985
G20.5_zmin1.0zmax2.0_Lmin-26.0Lmax-25.0: 0.01              312481 vs 316132
/home/groups/tabel/mahlet/quaia-env/lib/python3.10/site-packages/Corrfunc/utils.py:918: UserWarning: One or more input array has non-native endianness!  A copy will be made with the correct endianness.
  warnings.warn("One or more input array has non-native endianness!  A copy will"\
saved to _G20.5_rmin30.0_rmax180.0_nbins30_pimax80_zmin1.0zmax2.0_Lmin-26.0Lmax-25.0_N50_Planck_MC_mask0.2
0.15523289121702138
Pixels masked by MC but not already by selfunc: 1202
G20.5_zmin1.0zmax2.0_Lmin-25.0Lmax-20.0: 0.01              147942 vs 149321
/home/groups/tabel/mahlet/quaia-env/lib/python3.10/site-packages/Corrfunc/utils.py:918: UserWarning: One or more input array has non-native endianness!  A copy will be made with the correct endianness.
  warnings.warn("One or more input array has non-native endianness!  A copy will"\
saved to _G20.5_rmin30.0_rmax180.0_nbins30_pimax80_zmin1.0zmax2.0_Lmin-25.0Lmax-20.0_N50_Planck_MC_mask0.2
0.4678259638315747
Pixels masked by MC but not already by selfunc: 1312
G20.5_zmin2.0zmax3.0_Lmin-32.0Lmax-27.0: 0.03              99344 vs 102196
/home/groups/tabel/mahlet/quaia-env/lib/python3.10/site-packages/Corrfunc/utils.py:918: UserWarning: One or more input array has non-native endianness!  A copy will be made with the correct endianness.
  warnings.warn("One or more input array has non-native endianness!  A copy will"\
saved to _G20.5_rmin30.0_rmax180.0_nbins30_pimax80_zmin2.0zmax3.0_Lmin-32.0Lmax-27.0_N50_Planck_MC_mask0.2
0.167398480767991
Pixels masked by MC but not already by selfunc: 2025
G20.5_zmin2.0zmax3.0_Lmin-27.0Lmax-26.0: 0.01              154630 vs 156795
/home/groups/tabel/mahlet/quaia-env/lib/python3.10/site-packages/Corrfunc/utils.py:918: UserWarning: One or more input array has non-native endianness!  A copy will be made with the correct endianness.
  warnings.warn("One or more input array has non-native endianness!  A copy will"\
saved to _G20.5_rmin30.0_rmax180.0_nbins30_pimax80_zmin2.0zmax3.0_Lmin-27.0Lmax-26.0_N50_Planck_MC_mask0.2
0.41029633385631137
Pixels masked by MC but not already by selfunc: 230
G20.5_zmin2.0zmax3.0_Lmin-26.0Lmax-25.0: 0.01              27168 vs 27504
/home/groups/tabel/mahlet/quaia-env/lib/python3.10/site-packages/Corrfunc/utils.py:918: UserWarning: One or more input array has non-native endianness!  A copy will be made with the correct endianness.
  warnings.warn("One or more input array has non-native endianness!  A copy will"\
saved to _G20.5_rmin30.0_rmax180.0_nbins30_pimax80_zmin2.0zmax3.0_Lmin-26.0Lmax-25.0_N50_Planck_MC_mask0.2
G20.5_zmin2.0zmax3.0_Lmin-25.0Lmax-20.0:                   no selection function
cannot apply a selection function-based mask before computing the selection function in this bin
0.6599315232104558
Pixels masked by MC but not already by selfunc: 322
G20.5_zmin3.0zmax4.6_Lmin-32.0Lmax-27.0: 0.02              28331 vs 28856
/home/groups/tabel/mahlet/quaia-env/lib/python3.10/site-packages/Corrfunc/utils.py:918: UserWarning: One or more input array has non-native endianness!  A copy will be made with the correct endianness.
  warnings.warn("One or more input array has non-native endianness!  A copy will"\
saved to _G20.5_rmin30.0_rmax180.0_nbins30_pimax80_zmin3.0zmax4.6_Lmin-32.0Lmax-27.0_N50_Planck_MC_mask0.2
0.7669935272017154
Pixels masked by MC but not already by selfunc: 55
G20.5_zmin3.0zmax4.6_Lmin-27.0Lmax-26.0: 0.03              7361 vs 7600
/home/groups/tabel/mahlet/quaia-env/lib/python3.10/site-packages/Corrfunc/utils.py:918: UserWarning: One or more input array has non-native endianness!  A copy will be made with the correct endianness.
  warnings.warn("One or more input array has non-native endianness!  A copy will"\
saved to _G20.5_rmin30.0_rmax180.0_nbins30_pimax80_zmin3.0zmax4.6_Lmin-27.0Lmax-26.0_N50_Planck_MC_mask0.2
G20.5_zmin3.0zmax4.6_Lmin-26.0Lmax-25.0:                   no selection function
cannot apply a selection function-based mask before computing the selection function in this bin
G20.5_zmin3.0zmax4.6_Lmin-25.0Lmax-20.0:                   no selection function
cannot apply a selection function-based mask before computing the selection function in this bin
done!
