Starting batch job

G20.5: computing wtheta in 30 bins from 0.001 to 10.0 on a log scale...

Pixels masked by MC but not already by selfunc: 1703
G20.5_zmin0.0zmax1.0_Lmaxsplit2bin0: 0.04              155541 vs 162168
/home/groups/tabel/mahlet/quaia-env/lib/python3.10/site-packages/Corrfunc/utils.py:918: UserWarning: One or more input array has non-native endianness!  A copy will be made with the correct endianness.
  warnings.warn("One or more input array has non-native endianness!  A copy will"\
DD: 0.054923
DR: 2.373189
RR: 13.160012
saved to _G20.5_rmin0.001_rmax10.0_nbins30_zmin0.0zmax1.0_Lmaxsplit2bin0_Planck_MC_b10
Pixels masked by MC but not already by selfunc: 3194
G20.5_zmin0.0zmax1.0_Lmaxsplit2bin1: 0.03              315069 vs 324336
/home/groups/tabel/mahlet/quaia-env/lib/python3.10/site-packages/Corrfunc/utils.py:918: UserWarning: One or more input array has non-native endianness!  A copy will be made with the correct endianness.
  warnings.warn("One or more input array has non-native endianness!  A copy will"\
DD: 0.14984999999999998
DR: 6.755897
RR: 58.24247
saved to _G20.5_rmin0.001_rmax10.0_nbins30_zmin0.0zmax1.0_Lmaxsplit2bin1_Planck_MC_b10
Pixels masked by MC but not already by selfunc: 3415
G20.5_zmin1.0zmax2.0_Lmaxsplit2bin0: 0.03              314611 vs 324098
/home/groups/tabel/mahlet/quaia-env/lib/python3.10/site-packages/Corrfunc/utils.py:918: UserWarning: One or more input array has non-native endianness!  A copy will be made with the correct endianness.
  warnings.warn("One or more input array has non-native endianness!  A copy will"\
DD: 0.144712
DR: 6.468972
RR: 55.426229
saved to _G20.5_rmin0.001_rmax10.0_nbins30_zmin1.0zmax2.0_Lmaxsplit2bin0_Planck_MC_b10
Pixels masked by MC but not already by selfunc: 6208
G20.5_zmin1.0zmax2.0_Lmaxsplit2bin1: 0.02              634551 vs 648196
/home/groups/tabel/mahlet/quaia-env/lib/python3.10/site-packages/Corrfunc/utils.py:918: UserWarning: One or more input array has non-native endianness!  A copy will be made with the correct endianness.
  warnings.warn("One or more input array has non-native endianness!  A copy will"\
DD: 0.45342
DR: 23.464979
RR: 245.907066
saved to _G20.5_rmin0.001_rmax10.0_nbins30_zmin1.0zmax2.0_Lmaxsplit2bin1_Planck_MC_b10
Pixels masked by MC but not already by selfunc: 1880
G20.5_zmin2.0zmax3.0_Lmaxsplit2bin0: 0.03              139244 vs 143254
/home/groups/tabel/mahlet/quaia-env/lib/python3.10/site-packages/Corrfunc/utils.py:918: UserWarning: One or more input array has non-native endianness!  A copy will be made with the correct endianness.
  warnings.warn("One or more input array has non-native endianness!  A copy will"\
DD: 0.050876
DR: 1.799669
RR: 10.692568
saved to _G20.5_rmin0.001_rmax10.0_nbins30_zmin2.0zmax3.0_Lmaxsplit2bin0_Planck_MC_b10
Pixels masked by MC but not already by selfunc: 3576
G20.5_zmin2.0zmax3.0_Lmaxsplit2bin1: 0.02              280556 vs 286508
/home/groups/tabel/mahlet/quaia-env/lib/python3.10/site-packages/Corrfunc/utils.py:918: UserWarning: One or more input array has non-native endianness!  A copy will be made with the correct endianness.
  warnings.warn("One or more input array has non-native endianness!  A copy will"\
DD: 0.128809
DR: 5.592639
RR: 47.469242
saved to _G20.5_rmin0.001_rmax10.0_nbins30_zmin2.0zmax3.0_Lmaxsplit2bin1_Planck_MC_b10
Pixels masked by MC but not already by selfunc: 221
G20.5_zmin3.0zmax4.6_Lmaxsplit2bin0: 0.02              17891 vs 18229
/home/groups/tabel/mahlet/quaia-env/lib/python3.10/site-packages/Corrfunc/utils.py:918: UserWarning: One or more input array has non-native endianness!  A copy will be made with the correct endianness.
  warnings.warn("One or more input array has non-native endianness!  A copy will"\
DD: 0.007676
DR: 0.12847
RR: 0.25969200000000003
saved to _G20.5_rmin0.001_rmax10.0_nbins30_zmin3.0zmax4.6_Lmaxsplit2bin0_Planck_MC_b10
Pixels masked by MC but not already by selfunc: 386
G20.5_zmin3.0zmax4.6_Lmaxsplit2bin1: 0.01              35945 vs 36458
/home/groups/tabel/mahlet/quaia-env/lib/python3.10/site-packages/Corrfunc/utils.py:918: UserWarning: One or more input array has non-native endianness!  A copy will be made with the correct endianness.
  warnings.warn("One or more input array has non-native endianness!  A copy will"\
DD: 0.012887
DR: 0.296995
RR: 0.864019
saved to _G20.5_rmin0.001_rmax10.0_nbins30_zmin3.0zmax4.6_Lmaxsplit2bin1_Planck_MC_b10
done!
