Starting batch job

G20.5: computing wtheta in 20 bins from 0.001 to 10.0 on a log scale for 50 jackknife regions...

Pixels masked by MC but not already by selfunc: 0
G20.5_zmin0.0zmax1.0_Lmax-20.0: 0.67              108323 vs 324336
/home/groups/tabel/mahlet/quaia-env/lib/python3.10/site-packages/Corrfunc/utils.py:918: UserWarning: One or more input array has non-native endianness!  A copy will be made with the correct endianness.
  warnings.warn("One or more input array has non-native endianness!  A copy will"\
DD: 0.068699
DR: 2.013081
RR: 15.338259
DD: 0.048860999999999995
DR: 1.948394
RR: 15.272684
DD: 0.047892
DR: 1.990116
RR: 15.199358
DD: 0.046615
DR: 2.011728
RR: 15.395927
DD: 0.046012
DR: 2.034394
RR: 15.361001
DD: 0.048832999999999994
DR: 2.090036
RR: 16.312736
DD: 0.04746500000000009
DR: 2.085347
RR: 15.982065
DD: 0.051711
DR: 2.156056
RR: 16.322629
DD: 0.050803999999999995
DR: 2.16438
RR: 16.791025
DD: 0.052702
DR: 2.217809
RR: 16.774626
DD: 0.050698
DR: 2.190414
RR: 16.785204
DD: 0.050173999999999996
DR: 2.193375
RR: 16.787279
DD: 0.050099
DR: 2.234171
RR: 16.809262
DD: 0.050787
DR: 2.185192
RR: 16.709423
DD: 0.053682
DR: 2.317859
RR: 16.714897
DD: 0.050203
DR: 2.239948
RR: 16.730993
DD: 0.050657999999999995
DR: 2.197752
RR: 16.739232
DD: 0.050637999999999996
DR: 2.252119
RR: 16.741538
DD: 0.052924
DR: 2.188671
RR: 16.858405
DD: 0.051153
DR: 2.202873
RR: 16.725825
DD: 0.049304999999999995
DR: 2.158702
RR: 16.556626
DD: 0.048443
DR: 2.081703
RR: 16.091663
DD: 0.047799999999999995
DR: 2.089844
RR: 15.622048
DD: 0.046904999999999995
DR: 2.0236270000000003
RR: 15.553994
DD: 0.047596
DR: 2.036211
RR: 15.373461
DD: 0.046575
DR: 2.049101
RR: 15.224811
DD: 0.046865
DR: 2.010815
RR: 15.103319
DD: 0.047245999999999996
DR: 2.003037
RR: 15.041473
DD: 0.048388999999999995
DR: 1.990381
RR: 15.047049
DD: 0.047409
DR: 2.043227
RR: 15.294096
DD: 0.048383999999999996
DR: 2.028981
RR: 15.388051
DD: 0.047807999999999996
DR: 2.111215
RR: 15.944251
DD: 0.050768
DR: 2.137392
RR: 16.185383
DD: 0.053106999999999994
DR: 2.142274
RR: 16.680989
DD: 0.05228
DR: 2.172032
RR: 16.653868
DD: 0.049752
DR: 2.158407
RR: 16.851459
DD: 0.049773
DR: 2.170161
RR: 16.69316
DD: 0.049942
DR: 2.160815
RR: 16.547823
DD: 0.050186999999999996
DR: 2.2013949999999998
RR: 16.547811
DD: 0.049595
DR: 2.163642
RR: 16.694206
DD: 0.050157
DR: 2.16441
RR: 16.680937
DD: 0.055439999999999996
DR: 2.17802
RR: 16.674582
DD: 0.051472
DR: 2.1577669999999998
RR: 16.66075
DD: 0.050511999999999994
DR: 2.189108
RR: 16.563364
DD: 0.051466
DR: 2.1592320000000003
RR: 16.630826
DD: 0.050107
DR: 2.056499
RR: 16.205329
DD: 0.04964500000000005
DR: 1.940614
RR: 15.773415
DD: 0.051051
DR: 1.946477
RR: 15.54299
DD: 0.047881
DR: 1.90503
RR: 15.464578
DD: 0.048242
DR: 2.061791
RR: 15.454054
saved to _G20.5_rmin0.001_rmax10.0_nbins20_zmin0.0zmax1.0_Lmax-20.0_N50_Planck_MC_b50
Pixels masked by MC but not already by selfunc: 0
G20.5_zmin0.0zmax1.0_Lmax-25.0: 0.76              13469 vs 55261
/home/groups/tabel/mahlet/quaia-env/lib/python3.10/site-packages/Corrfunc/utils.py:918: UserWarning: One or more input array has non-native endianness!  A copy will be made with the correct endianness.
  warnings.warn("One or more input array has non-native endianness!  A copy will"\
DD: 0.00874
DR: 0.10974199999999999
RR: 0.34237599999999996
DD: 0.008446
DR: 0.121138
RR: 0.339708
DD: 0.00601
DR: 0.121501
RR: 0.338222
DD: 0.008180999999999999
DR: 0.12296299999999999
RR: 0.335842
DD: 0.0061519999999999995
DR: 0.12089100000000008
RR: 0.343111
DD: 0.008608
DR: 0.12415499999999999
RR: 0.337154
DD: 0.006281
DR: 0.123498
RR: 0.34862100000000007
DD: 0.008372
DR: 0.12729
RR: 0.35505600000000004
DD: 0.006692
DR: 0.12859199999999998
RR: 0.36220199999999997
DD: 0.008891999999999999
DR: 0.12963
RR: 0.42700299999999997
DD: 0.0065249999999999996
DR: 0.12968900000000005
RR: 0.4022
DD: 0.008775
DR: 0.129385
RR: 0.369236
DD: 0.006643
DR: 0.129933
RR: 0.366876
DD: 0.009255
DR: 0.13122499999999998
RR: 0.3606980000000001
DD: 0.006764999999999999
DR: 0.13017199999999998
RR: 0.411095
DD: 0.009039
DR: 0.131403
RR: 0.427237
DD: 0.00952300000000006
DR: 0.132072
RR: 0.364077
DD: 0.006456
DR: 0.129739
RR: 0.37669199999999997
DD: 0.00849
DR: 0.131128
RR: 0.363678
DD: 0.0065569999999999995
DR: 0.130248
RR: 0.3695320000000001
DD: 0.006488
DR: 0.127614
RR: 0.355205
DD: 0.0061389999999999995
DR: 0.123888
RR: 0.35412499999999997
DD: 0.006546
DR: 0.125081
RR: 0.371116
DD: 0.006299
DR: 0.1265630000000001
RR: 0.378951
DD: 0.006291
DR: 0.124384
RR: 0.375013
DD: 0.006268999999999999
DR: 0.12494899999999999
RR: 0.36462800000000006
DD: 0.006264
DR: 0.12272799999999999
RR: 0.342591
DD: 0.006279
DR: 0.122093
RR: 0.34307
DD: 0.006155
DR: 0.123388
RR: 0.344145
DD: 0.006154
DR: 0.12274299999999999
RR: 0.335219
DD: 0.006228
DR: 0.124099
RR: 0.34392600000000006
DD: 0.006357
DR: 0.123737
RR: 0.34469400000000006
DD: 0.006356
DR: 0.127513
RR: 0.35219999999999996
DD: 0.006737
DR: 0.130191
RR: 0.36799699999999996
DD: 0.0064719999999999995
DR: 0.13103200000000004
RR: 0.364994
DD: 0.006377
DR: 0.132043
RR: 0.375704
DD: 0.0065379999999999995
DR: 0.13083699999999998
RR: 0.37436500000000006
DD: 0.006304
DR: 0.13350199999999998
RR: 0.40581900000000004
DD: 0.006515
DR: 0.130847
RR: 0.377085
DD: 0.00637
DR: 0.13003199999999998
RR: 0.369573
DD: 0.006527
DR: 0.13024200000000008
RR: 0.367648
DD: 0.006418999999999999
DR: 0.13014
RR: 0.36957399999999996
DD: 0.006634999999999999
DR: 0.13014799999999999
RR: 0.36073900000000003
DD: 0.006372
DR: 0.12959099999999998
RR: 0.363359
DD: 0.006558
DR: 0.13019799999999998
RR: 0.37088299999999996
DD: 0.006476000000000037
DR: 0.12822
RR: 0.35880999999999996
DD: 0.0063609999999999995
DR: 0.124139
RR: 0.346446
DD: 0.0064139999999999996
DR: 0.12418299999999999
RR: 0.343702
DD: 0.00603
DR: 0.123447
RR: 0.340271
DD: 0.006238
DR: 0.12160199999999999
RR: 0.336873
saved to _G20.5_rmin0.001_rmax10.0_nbins20_zmin0.0zmax1.0_Lmax-25.0_N50_Planck_MC_b50
Pixels masked by MC but not already by selfunc: 0
G20.5_zmin0.0zmax1.0_Lmax-26.0: 0.79              2602 vs 12557
/home/groups/tabel/mahlet/quaia-env/lib/python3.10/site-packages/Corrfunc/utils.py:918: UserWarning: One or more input array has non-native endianness!  A copy will be made with the correct endianness.
  warnings.warn("One or more input array has non-native endianness!  A copy will"\
DD: 0.0024649999999999997
DR: 0.024513
RR: 0.03831
DD: 0.0023179999999999997
DR: 0.026279999999999998
RR: 0.039209
DD: 0.00241
DR: 0.026392
RR: 0.039217999999999996
DD: 0.0023309999999999997
DR: 0.026254
RR: 0.038199
DD: 0.002329
DR: 0.026161999999999998
RR: 0.038301999999999996
DD: 0.002306
DR: 0.026959
RR: 0.038214
DD: 0.002342
DR: 0.027333999999999997
RR: 0.038278
DD: 0.002242
DR: 0.027375999999999998
RR: 0.039498
DD: 0.002296
DR: 0.027815
RR: 0.040552
DD: 0.002391
DR: 0.027736999999999998
RR: 0.04054
DD: 0.002336
DR: 0.027641
RR: 0.040153999999999995
DD: 0.002289
DR: 0.027465999999999997
RR: 0.040645
DD: 0.002386
DR: 0.027576
RR: 0.040697000000000094
DD: 0.0023409999999999998
DR: 0.027856
RR: 0.040471
DD: 0.002296
DR: 0.027724
RR: 0.040461
DD: 0.0023769999999999998
DR: 0.027689
RR: 0.040792999999999996
DD: 0.002398
DR: 0.027696
RR: 0.040881999999999995
DD: 0.002359
DR: 0.027510999999999997
RR: 0.040991
DD: 0.002459
DR: 0.027538999999999998
RR: 0.040036999999999996
DD: 0.00233
DR: 0.027608000000000077
RR: 0.040562999999999995
DD: 0.0023279999999999998
DR: 0.027146999999999998
RR: 0.040491
DD: 0.002325
DR: 0.026931
RR: 0.039062
DD: 0.0022689999999999997
DR: 0.026150999999999997
RR: 0.038049
DD: 0.0022789999999999998
DR: 0.025963999999999997
RR: 0.038056
DD: 0.002283
DR: 0.026019
RR: 0.037668
DD: 0.002271
DR: 0.026233
RR: 0.037549
DD: 0.002266
DR: 0.02595600000000009
RR: 0.038141999999999995
DD: 0.002342
DR: 0.025834
RR: 0.037333
DD: 0.002306
DR: 0.026178999999999997
RR: 0.037635999999999996
DD: 0.002339
DR: 0.026039999999999997
RR: 0.037658
DD: 0.002238
DR: 0.026581
RR: 0.038459
DD: 0.002323
DR: 0.026549999999999997
RR: 0.038883999999999995
DD: 0.0023769999999999998
DR: 0.027888
RR: 0.039304
DD: 0.002289
DR: 0.02836700000000003
RR: 0.040655
DD: 0.002345
DR: 0.027479999999999997
RR: 0.040501999999999996
DD: 0.002381
DR: 0.027500999999999998
RR: 0.040879
DD: 0.002376
DR: 0.027558
RR: 0.040992
DD: 0.002306
DR: 0.027347999999999997
RR: 0.04086
DD: 0.002309
DR: 0.027551
RR: 0.040410999999999996
DD: 0.002338
DR: 0.027521999999999998
RR: 0.040324
DD: 0.002361
DR: 0.027479
RR: 0.04058
DD: 0.0023699999999999997
DR: 0.027457
RR: 0.041031
DD: 0.0024059999999999997
DR: 0.027434999999999998
RR: 0.040288
DD: 0.0023669999999999997
DR: 0.027443
RR: 0.040508999999999996
DD: 0.0023929999999999997
DR: 0.02779
RR: 0.040673999999999995
DD: 0.0023899999999999998
DR: 0.027288
RR: 0.040278
DD: 0.002293
DR: 0.026536999999999998
RR: 0.038623
DD: 0.002257
DR: 0.026302
RR: 0.038577
DD: 0.002264
DR: 0.026566
RR: 0.038388
DD: 0.002232
DR: 0.025745999999999998
RR: 0.037528
/oak/stanford/orgs/kipac/users/mahlet/quaia_bias/scripts/jackknife.py:218: RuntimeWarning: Mean of empty slice
  cf_mean = np.nanmean(cf_jackknife, axis = 0)  # is it ok to ignore nan values?
saved to _G20.5_rmin0.001_rmax10.0_nbins20_zmin0.0zmax1.0_Lmax-26.0_N50_Planck_MC_b50
Pixels masked by MC but not already by selfunc: 0
G20.5_zmin0.0zmax1.0_Lmax-27.0: 0.85              295 vs 1922
/home/groups/tabel/mahlet/quaia-env/lib/python3.10/site-packages/Corrfunc/utils.py:918: UserWarning: One or more input array has non-native endianness!  A copy will be made with the correct endianness.
  warnings.warn("One or more input array has non-native endianness!  A copy will"\
DD: 0.001029
DR: 0.006353
RR: 0.005817999999999999
DD: 0.000723
DR: 0.005875
RR: 0.005977
DD: 0.000717
DR: 0.0058189999999999995
RR: 0.005872
DD: 0.000709
DR: 0.005855
RR: 0.005836
DD: 0.0007239999999999999
DR: 0.00586
RR: 0.005846
DD: 0.0007059999999999999
DR: 0.005862
RR: 0.005863999999999999
DD: 0.000708
DR: 0.005888
RR: 0.005894
DD: 0.000721
DR: 0.005967
RR: 0.005966
DD: 0.000725
DR: 0.006084
RR: 0.0061459999999999996
DD: 0.00074
DR: 0.0060739999999999995
RR: 0.006072999999999999
DD: 0.000714
DR: 0.006077
RR: 0.0061259999999999995
DD: 0.000732
DR: 0.006072
RR: 0.006075
DD: 0.000723
DR: 0.006085999999999999
RR: 0.006075
DD: 0.000727
DR: 0.006101
RR: 0.006123
DD: 0.00078
DR: 0.006239
RR: 0.006176999999999999
DD: 0.000739
DR: 0.006226
RR: 0.006157
DD: 0.0007459999999999999
DR: 0.0061719999999999995
RR: 0.006150999999999999
DD: 0.0007239999999999999
DR: 0.0060609999999999995
RR: 0.006083
DD: 0.000734
DR: 0.006083
RR: 0.0060869999999999995
DD: 0.000725
DR: 0.006059999999999999
RR: 0.006072999999999999
DD: 0.000725
DR: 0.006025
RR: 0.006011
DD: 0.000712
DR: 0.005911
RR: 0.005925
DD: 0.000712
DR: 0.005849
RR: 0.006026
DD: 0.0007469999999999999
DR: 0.005946
RR: 0.005948999999999999
DD: 0.000707
DR: 0.005932
RR: 0.005951
DD: 0.000748
DR: 0.0058969999999999995
RR: 0.005745999999999999
DD: 0.000712
DR: 0.0057989999999999995
RR: 0.0058119999999999995
DD: 0.0007019999999999999
DR: 0.005849
RR: 0.005817999999999999
DD: 0.000699
DR: 0.005796
RR: 0.0058449999999999995
DD: 0.000694
DR: 0.0059
RR: 0.0058379999999999994
DD: 0.000701
DR: 0.005873
RR: 0.005869999999999999
DD: 0.0007109999999999999
DR: 0.0059819999999999995
RR: 0.00769
DD: 0.0007369999999999999
DR: 0.006088
RR: 0.006055
DD: 0.000725
DR: 0.006088
RR: 0.0061719999999999995
DD: 0.000718
DR: 0.0061519999999999995
RR: 0.006170999999999999
DD: 0.0007509999999999999
DR: 0.006201
RR: 0.006241999999999999
DD: 0.0007239999999999999
DR: 0.006094
RR: 0.0060799999999999995
DD: 0.0007329999999999999
DR: 0.006076
RR: 0.006057
DD: 0.0007289999999999999
DR: 0.0061849999999999995
RR: 0.006226
DD: 0.0007289999999999999
DR: 0.006202999999999999
RR: 0.006195
DD: 0.000736
DR: 0.006181
RR: 0.006129
DD: 0.000736
DR: 0.006205
RR: 0.0061979999999999995
DD: 0.000762
DR: 0.00617
RR: 0.006194
DD: 0.000768
DR: 0.0061979999999999995
RR: 0.006183
DD: 0.0007469999999999999
DR: 0.006215999999999999
RR: 0.00612
DD: 0.000725
DR: 0.006166000000000005
RR: 0.006175
DD: 0.00075
DR: 0.005895
RR: 0.005905
DD: 0.000731
DR: 0.005924
RR: 0.007821999999999999
DD: 0.00074
DR: 0.005959
RR: 0.0059429999999999995
DD: 0.000676
DR: 0.005992
RR: 0.005906
/oak/stanford/orgs/kipac/users/mahlet/quaia_bias/scripts/jackknife.py:218: RuntimeWarning: Mean of empty slice
  cf_mean = np.nanmean(cf_jackknife, axis = 0)  # is it ok to ignore nan values?
saved to _G20.5_rmin0.001_rmax10.0_nbins20_zmin0.0zmax1.0_Lmax-27.0_N50_Planck_MC_b50
Pixels masked by MC but not already by selfunc: 0
G20.5_zmin1.0zmax2.0_Lmax-20.0: 0.65              226858 vs 648196
/home/groups/tabel/mahlet/quaia-env/lib/python3.10/site-packages/Corrfunc/utils.py:918: UserWarning: One or more input array has non-native endianness!  A copy will be made with the correct endianness.
  warnings.warn("One or more input array has non-native endianness!  A copy will"\
DD: 0.137375
DR: 6.918831
RR: 67.747792
DD: 0.14699299999999998
DR: 6.821838
RR: 67.137057
DD: 0.168528
DR: 6.89232
RR: 67.025145
DD: 0.1437
DR: 6.811066
RR: 67.103444
DD: 0.14726999999999998
DR: 6.820507
RR: 67.629265
DD: 0.14492
DR: 6.915991
RR: 68.380403
DD: 0.170335
DR: 7.060582
RR: 70.496622
DD: 0.153717
DR: 7.312354
RR: 72.375135
DD: 0.164544
DR: 7.397022
RR: 73.981627
DD: 0.15795800000000004
DR: 7.3542570000000005
RR: 74.101497
DD: 0.190104
DR: 7.644692
RR: 74.556031
DD: 0.16175299999999998
DR: 7.61999
RR: 74.610597
DD: 0.17245
DR: 7.476642
RR: 74.317886
DD: 0.157862
DR: 7.442327
RR: 74.255405
DD: 0.17254800000000003
DR: 7.435391
RR: 74.220923
DD: 0.18364799999999998
DR: 7.485639
RR: 73.994028
DD: 0.155252
DR: 7.462663
RR: 74.031339
DD: 0.15978400000000004
DR: 7.441244
RR: 74.108508
DD: 0.159608
DR: 7.458544
RR: 73.66463
DD: 0.155471
DR: 7.364646
RR: 73.813221
DD: 0.156031
DR: 7.389992
RR: 73.627779
DD: 0.15043199999999998
DR: 7.209112
RR: 71.438121
DD: 0.18734399999999998
DR: 7.012067
RR: 69.806907
DD: 0.14862899999999998
DR: 6.932937
RR: 68.195416
DD: 0.15606899999999999
DR: 7.022081
RR: 68.409393
DD: 0.160557
DR: 6.878997
RR: 67.74251
DD: 0.15489
DR: 6.825597
RR: 67.369889
DD: 0.144265
DR: 6.809187
RR: 67.500668
DD: 0.15109999999999998
DR: 6.835568
RR: 67.54207
DD: 0.14865599999999998
DR: 6.859864
RR: 68.150247
DD: 0.14610499999999998
DR: 6.937297
RR: 69.152706
DD: 0.164081
DR: 6.983233
RR: 70.461274
DD: 0.15433600000000003
DR: 7.214577
RR: 72.400945
DD: 0.17109
DR: 7.34214
RR: 74.113002
DD: 0.157449
DR: 7.415524
RR: 74.407169
DD: 0.156338
DR: 7.476239
RR: 74.329634
DD: 0.157332
DR: 7.428091
RR: 74.50984
DD: 0.160237
DR: 7.464211
RR: 74.378953
DD: 0.15645399999999998
DR: 7.392643
RR: 74.493205
DD: 0.16094899999999998
DR: 7.418643
RR: 74.864533
DD: 0.157911
DR: 7.4570039999999995
RR: 74.48705
DD: 0.155606
DR: 7.36983
RR: 74.506089
DD: 0.155518
DR: 7.406332
RR: 74.182075
DD: 0.16547299999999998
DR: 7.339762
RR: 74.266513
DD: 0.160797
DR: 7.388051
RR: 74.125963
DD: 0.171866
DR: 7.292804
RR: 73.257856
DD: 0.158219
DR: 7.23392
RR: 71.561241
DD: 0.160417
DR: 6.976131
RR: 69.417564
DD: 0.15928799999999999
DR: 6.933811
RR: 68.455471
DD: 0.15842600000000007
DR: 6.886411
RR: 68.279913
saved to _G20.5_rmin0.001_rmax10.0_nbins20_zmin1.0zmax2.0_Lmax-20.0_N50_Planck_MC_b50
Pixels masked by MC but not already by selfunc: 0
G20.5_zmin1.0zmax2.0_Lmax-25.0: 0.68              161893 vs 502242
/home/groups/tabel/mahlet/quaia-env/lib/python3.10/site-packages/Corrfunc/utils.py:918: UserWarning: One or more input array has non-native endianness!  A copy will be made with the correct endianness.
  warnings.warn("One or more input array has non-native endianness!  A copy will"\
DD: 0.084339
DR: 3.695751
RR: 33.802793
DD: 0.091447
DR: 3.724265
RR: 33.746891
DD: 0.08362599999999999
DR: 3.728263
RR: 33.798399
DD: 0.094959
DR: 3.847549
RR: 33.806108
DD: 0.085161
DR: 3.82836
RR: 34.134931
DD: 0.09036899999999999
DR: 3.800381
RR: 34.490695
DD: 0.08599799999999999
DR: 3.875226
RR: 35.199441
DD: 0.08627599999999999
DR: 3.934318
RR: 36.407685
DD: 0.089156
DR: 4.029103
RR: 37.210156
DD: 0.08958999999999999
DR: 4.071265
RR: 37.356034
DD: 0.092318
DR: 4.136912
RR: 37.380353
DD: 0.090363
DR: 4.015746
RR: 37.292139
DD: 0.10141599999999999
DR: 4.035858
RR: 37.31841
DD: 0.09067
DR: 4.02823
RR: 37.070278
DD: 0.089686
DR: 4.015312
RR: 37.298159
DD: 0.093924
DR: 4.015085
RR: 37.254454
DD: 0.08885300000000007
DR: 3.999116
RR: 37.353953
DD: 0.101348
DR: 4.066841
RR: 37.407453
DD: 0.095548
DR: 4.114454
RR: 37.419291
DD: 0.090622
DR: 4.12943
RR: 37.472523
DD: 0.091487
DR: 4.022105
RR: 37.185117
DD: 0.087213
DR: 3.899845
RR: 36.113227
DD: 0.09694499999999999
DR: 4.504822
RR: 35.026996
DD: 0.085573
DR: 3.756434
RR: 34.399992
DD: 0.085213
DR: 3.764532
RR: 34.275308
DD: 0.08566599999999999
DR: 3.731027
RR: 33.846705
DD: 0.089499
DR: 3.795067
RR: 33.671387
DD: 0.092467
DR: 3.825134
RR: 33.535388
DD: 0.085197
DR: 3.768247
RR: 33.687582
DD: 0.085642
DR: 3.809811
RR: 33.960769
DD: 0.08898299999999999
DR: 3.808537
RR: 34.317939
DD: 0.091013
DR: 3.819028
RR: 35.101952
DD: 0.08807900000000002
DR: 3.919872
RR: 36.27631
DD: 0.091417
DR: 4.055443
RR: 37.068089
DD: 0.089959
DR: 4.07081
RR: 37.11458
DD: 0.093267
DR: 4.082295
RR: 37.181597
DD: 0.089484
DR: 4.0572
RR: 37.016307
DD: 0.08899900000000005
DR: 4.033626
RR: 37.046615
DD: 0.08913499999999999
DR: 4.028466
RR: 37.246973
DD: 0.09299299999999999
DR: 4.048466
RR: 37.314875
DD: 0.099925
DR: 4.07158
RR: 37.509946
DD: 0.09317299999999999
DR: 3.986474
RR: 37.12771
DD: 0.091489
DR: 4.158275
RR: 37.446286
DD: 0.09067399999999999
DR: 4.052872
RR: 37.481748
DD: 0.091219
DR: 4.2286660000000005
RR: 37.552965
DD: 0.092966
DR: 4.15704
RR: 37.169944
DD: 0.08799800000000002
DR: 3.983397
RR: 36.29886
DD: 0.08555399999999999
DR: 3.922865
RR: 35.248379
DD: 0.084227
DR: 3.903275
RR: 34.646538
DD: 0.094321
DR: 3.901593
RR: 34.408689
saved to _G20.5_rmin0.001_rmax10.0_nbins20_zmin1.0zmax2.0_Lmax-25.0_N50_Planck_MC_b50
Pixels masked by MC but not already by selfunc: 0
G20.5_zmin1.0zmax2.0_Lmax-26.0: 0.73              50254 vs 185134
/home/groups/tabel/mahlet/quaia-env/lib/python3.10/site-packages/Corrfunc/utils.py:918: UserWarning: One or more input array has non-native endianness!  A copy will be made with the correct endianness.
  warnings.warn("One or more input array has non-native endianness!  A copy will"\
DD: 0.017599
DR: 0.56423
RR: 3.28872
DD: 0.019901
DR: 0.584648
RR: 3.26059
DD: 0.019929
DR: 0.583261
RR: 3.317343
DD: 0.018359
DR: 0.573461
RR: 3.27296
DD: 0.020072
DR: 0.5848949999999999
RR: 3.316921
DD: 0.01991
DR: 0.58286
RR: 3.377576
DD: 0.018713
DR: 0.581256
RR: 3.476166
DD: 0.019008999999999998
DR: 0.650108
RR: 3.490374
DD: 0.019155
DR: 0.622785
RR: 3.58969
DD: 0.019176
DR: 0.610024
RR: 3.634322
DD: 0.019316
DR: 0.6331910000000001
RR: 3.597751
DD: 0.020694
DR: 0.6301730000000001
RR: 3.592256
DD: 0.019458
DR: 0.648867
RR: 3.589559
DD: 0.018931999999999997
DR: 0.618825
RR: 3.612315
DD: 0.019034
DR: 0.630327
RR: 3.580933
DD: 0.018881
DR: 0.6240490000000001
RR: 3.586708
DD: 0.018945999999999998
DR: 0.612121
RR: 3.659158
DD: 0.018854000000000037
DR: 0.6446350000000001
RR: 3.737189
DD: 0.021200999999999998
DR: 0.633653
RR: 3.604556
DD: 0.021053
DR: 0.662282
RR: 3.616327
DD: 0.020332
DR: 0.655868
RR: 3.571105
DD: 0.018411999999999998
DR: 0.611915
RR: 3.455628
DD: 0.018449999999999998
DR: 0.586037
RR: 3.373149
DD: 0.018194
DR: 0.579824
RR: 3.389831
DD: 0.017818999999999998
DR: 0.607051
RR: 3.310442
DD: 0.017974
DR: 0.574145
RR: 3.374352
DD: 0.019608999999999998
DR: 0.598307
RR: 3.280205
DD: 0.017973
DR: 0.624226
RR: 3.282978
DD: 0.017934
DR: 0.6133280000000001
RR: 3.294026
DD: 0.018241
DR: 0.5873079999999999
RR: 3.321255
DD: 0.018255
DR: 0.5848530000000001
RR: 3.415532
DD: 0.018407
DR: 0.597772
RR: 3.42435
DD: 0.018765999999999998
DR: 0.62551
RR: 3.501807
DD: 0.018857
DR: 0.6113820000000001
RR: 3.621444
DD: 0.019025
DR: 0.648198
RR: 3.6224819999999998
DD: 0.019052
DR: 0.639028
RR: 3.607602
DD: 0.01907
DR: 0.659329
RR: 3.616692
DD: 0.018969
DR: 0.636472
RR: 3.618684
DD: 0.018955
DR: 0.640387
RR: 3.589849
DD: 0.0189
DR: 0.624934
RR: 3.60358
DD: 0.019048
DR: 0.6336710000000001
RR: 3.659943
DD: 0.018903
DR: 0.642207
RR: 3.64375
DD: 0.019048
DR: 0.62727
RR: 3.588443
DD: 0.018869
DR: 0.62941
RR: 3.6055070000000002
DD: 0.018793
DR: 0.6236740000000001
RR: 3.615223
DD: 0.018886
DR: 0.656588
RR: 3.570401
DD: 0.018764
DR: 0.599261
RR: 3.460514
DD: 0.018215
DR: 0.6291169999999999
RR: 3.525596
DD: 0.018208
DR: 0.5818409999999999
RR: 3.33657
DD: 0.019684999999999998
DR: 0.62746
RR: 3.322075
saved to _G20.5_rmin0.001_rmax10.0_nbins20_zmin1.0zmax2.0_Lmax-26.0_N50_Planck_MC_b50
Pixels masked by MC but not already by selfunc: 0
G20.5_zmin1.0zmax2.0_Lmax-27.0: 0.77              9041 vs 38757
/home/groups/tabel/mahlet/quaia-env/lib/python3.10/site-packages/Corrfunc/utils.py:918: UserWarning: One or more input array has non-native endianness!  A copy will be made with the correct endianness.
  warnings.warn("One or more input array has non-native endianness!  A copy will"\
DD: 0.004424
DR: 0.07574499999999999
RR: 0.181373
DD: 0.004632
DR: 0.080358
RR: 0.181805
DD: 0.00686
DR: 0.081638
RR: 0.18230100000000005
DD: 0.004828
DR: 0.082033
RR: 0.190461
DD: 0.0047079999999999995
DR: 0.082926
RR: 0.19125599999999998
DD: 0.004677
DR: 0.082721
RR: 0.19572699999999998
DD: 0.007150999999999999
DR: 0.08504199999999999
RR: 0.19666100000000009
DD: 0.004915999999999999
DR: 0.084507
RR: 0.207146
DD: 0.004987999999999999
DR: 0.087391
RR: 0.20212300000000005
DD: 0.004941
DR: 0.086131
RR: 0.200405
DD: 0.0071189999999999995
DR: 0.086591
RR: 0.19449300000000003
DD: 0.004915999999999999
DR: 0.08638699999999999
RR: 0.19589399999999998
DD: 0.0048839999999999995
DR: 0.08595499999999999
RR: 0.197399
DD: 0.007300999999999999
DR: 0.0867
RR: 0.19571
DD: 0.004866
DR: 0.086225
RR: 0.19356399999999999
DD: 0.005037
DR: 0.086215
RR: 0.19517099999999998
DD: 0.004842
DR: 0.08615099999999999
RR: 0.210751
DD: 0.007279
DR: 0.086264
RR: 0.196823
DD: 0.004894
DR: 0.086642
RR: 0.197122
DD: 0.007117999999999999
DR: 0.086211
RR: 0.208368
DD: 0.004983
DR: 0.085837
RR: 0.19358
DD: 0.0048319999999999995
DR: 0.08372
RR: 0.186666
DD: 0.00482
DR: 0.082573
RR: 0.187191
DD: 0.006959
DR: 0.08229199999999999
RR: 0.181549
DD: 0.004798
DR: 0.080594
RR: 0.179006
DD: 0.0047009999999999994
DR: 0.081096
RR: 0.17870899999999998
DD: 0.004716
DR: 0.08109
RR: 0.180478
DD: 0.006814
DR: 0.082301
RR: 0.180146
DD: 0.004763
DR: 0.08162
RR: 0.179858
DD: 0.004771
DR: 0.082124
RR: 0.186325
DD: 0.004887
DR: 0.08220799999999999
RR: 0.19427
DD: 0.007108
DR: 0.08347
RR: 0.188336
DD: 0.00492
DR: 0.084224
RR: 0.186714
DD: 0.0050999999999999995
DR: 0.087069
RR: 0.212086
DD: 0.007631
DR: 0.08789899999999999
RR: 0.208752
DD: 0.005104
DR: 0.087013
RR: 0.20803500000000008
DD: 0.005012
DR: 0.087311
RR: 0.211555
DD: 0.007653999999999999
DR: 0.087743
RR: 0.21412600000000004
DD: 0.005045
DR: 0.08745
RR: 0.201045
DD: 0.0050479999999999995
DR: 0.086421
RR: 0.198666
DD: 0.004999
DR: 0.089546
RR: 0.21496099999999999
DD: 0.005148
DR: 0.08613
RR: 0.19677899999999998
DD: 0.005059999999999999
DR: 0.085935
RR: 0.193567
DD: 0.005135
DR: 0.08616399999999999
RR: 0.19663999999999998
DD: 0.00501
DR: 0.08559499999999999
RR: 0.20396999999999998
DD: 0.005075
DR: 0.08513700000000002
RR: 0.19181099999999998
DD: 0.004895
DR: 0.083186
RR: 0.187698
DD: 0.004918
DR: 0.08324600000000004
RR: 0.183838
DD: 0.004899
DR: 0.081452
RR: 0.181142
DD: 0.0047989999999999994
DR: 0.08064100000000007
RR: 0.181026
saved to _G20.5_rmin0.001_rmax10.0_nbins20_zmin1.0zmax2.0_Lmax-27.0_N50_Planck_MC_b50
Pixels masked by MC but not already by selfunc: 0
G20.5_zmin2.0zmax3.0_Lmax-20.0: 0.63              107434 vs 286508
/home/groups/tabel/mahlet/quaia-env/lib/python3.10/site-packages/Corrfunc/utils.py:918: UserWarning: One or more input array has non-native endianness!  A copy will be made with the correct endianness.
  warnings.warn("One or more input array has non-native endianness!  A copy will"\
DD: 0.045689999999999995
DR: 1.818077
RR: 14.607315
DD: 0.048170000000000046
DR: 1.842755
RR: 14.25557
DD: 0.047453999999999996
DR: 1.832306
RR: 14.387766
DD: 0.04675
DR: 1.833049
RR: 14.355004
DD: 0.047841999999999996
DR: 1.872155
RR: 14.525848
DD: 0.04677100000000001
DR: 1.94104
RR: 14.665871
DD: 0.048419
DR: 1.899474
RR: 14.990469
DD: 0.048938999999999996
DR: 1.943582
RR: 15.489192
DD: 0.05021
DR: 2.033962
RR: 15.880936
DD: 0.052836
DR: 1.990314
RR: 15.798133
DD: 0.050270999999999996
DR: 1.977638
RR: 15.874889
DD: 0.049762999999999995
DR: 1.998137
RR: 15.864965
DD: 0.052434999999999996
DR: 2.039842
RR: 15.868141
DD: 0.049696
DR: 1.996356
RR: 15.794004
DD: 0.049546
DR: 2.001067
RR: 15.793381
DD: 0.049643
DR: 1.994546
RR: 15.804671
DD: 0.04888
DR: 1.982327
RR: 15.798111
DD: 0.049738
DR: 2.003609
RR: 15.831496
DD: 0.049587
DR: 2.02396
RR: 15.763295
DD: 0.049963
DR: 2.056149
RR: 15.826779
DD: 0.049581
DR: 2.008892
RR: 15.663066
DD: 0.048399
DR: 2.03039
RR: 15.142526
DD: 0.046533
DR: 1.962011
RR: 14.747649
DD: 0.045953999999999995
DR: 1.975346
RR: 14.540358
DD: 0.045309999999999996
DR: 1.900841
RR: 14.458471
DD: 0.047021
DR: 1.88379
RR: 14.262587
DD: 0.046014
DR: 1.899195
RR: 14.236875
DD: 0.046709
DR: 1.894205
RR: 14.225164
DD: 0.047008
DR: 1.903743
RR: 14.214323
DD: 0.046926999999999996
DR: 1.910223
RR: 14.46098
DD: 0.04847
DR: 1.920563
RR: 14.604844
DD: 0.047682999999999996
DR: 1.978688
RR: 14.918153
DD: 0.052474
DR: 2.020074
RR: 15.322685
DD: 0.049277999999999995
DR: 2.052145
RR: 15.718519
DD: 0.051628
DR: 2.013989
RR: 15.68118
DD: 0.049604999999999996
DR: 1.9829569999999999
RR: 15.745692
DD: 0.050112
DR: 1.999743
RR: 15.728684
DD: 0.049102
DR: 2.100465
RR: 15.717695
DD: 0.049921
DR: 1.99922
RR: 15.698322
DD: 0.051022
DR: 2.08756
RR: 15.755864
DD: 0.049228999999999995
DR: 2.055185
RR: 15.728195
DD: 0.049899
DR: 2.058536
RR: 15.736509999999999
DD: 0.049082
DR: 2.06503
RR: 15.730882
DD: 0.049569999999999996
DR: 2.053628
RR: 15.757826
DD: 0.050262
DR: 2.082738
RR: 15.709594
DD: 0.048424999999999996
DR: 2.039302
RR: 15.593735
DD: 0.049051
DR: 1.987328
RR: 15.211865
DD: 0.04724
DR: 1.958369
RR: 14.848337
DD: 0.04759
DR: 1.966119
RR: 14.667946
DD: 0.046626
DR: 1.930952
RR: 14.578627000000001
saved to _G20.5_rmin0.001_rmax10.0_nbins20_zmin2.0zmax3.0_Lmax-20.0_N50_Planck_MC_b50
Pixels masked by MC but not already by selfunc: 0
G20.5_zmin2.0zmax3.0_Lmax-25.0: 0.63              107434 vs 286508
/home/groups/tabel/mahlet/quaia-env/lib/python3.10/site-packages/Corrfunc/utils.py:918: UserWarning: One or more input array has non-native endianness!  A copy will be made with the correct endianness.
  warnings.warn("One or more input array has non-native endianness!  A copy will"\
DD: 0.045736
DR: 1.816589
RR: 14.375886
DD: 0.047504
DR: 1.842749
RR: 14.229384
DD: 0.046765999999999995
DR: 1.898681
RR: 14.325039
DD: 0.046558999999999996
DR: 1.887797
RR: 14.359539
DD: 0.048201999999999995
DR: 1.858132
RR: 14.41947
DD: 0.047311
DR: 1.864974
RR: 14.663448
DD: 0.047918999999999996
DR: 1.913013
RR: 15.160495
DD: 0.04896
DR: 1.988364
RR: 15.418134
DD: 0.051193999999999996
DR: 2.098935
RR: 15.920891
DD: 0.050725
DR: 1.994589
RR: 15.845001
DD: 0.05133
DR: 2.103279
RR: 15.95381
DD: 0.052079
DR: 2.137877
RR: 16.0409
DD: 0.05055100000000001
DR: 2.08538
RR: 15.989887
DD: 0.050376
DR: 2.104722
RR: 16.083097
DD: 0.050713
DR: 2.1002520000000002
RR: 15.998892
DD: 0.051198999999999995
DR: 2.110357
RR: 15.993429
DD: 0.054336999999999996
DR: 2.12276
RR: 15.997754
DD: 0.050012999999999995
DR: 2.093484
RR: 16.052058
DD: 0.0504
DR: 2.147718
RR: 16.017332
DD: 0.051202
DR: 2.104336
RR: 16.001022
DD: 0.049748999999999995
DR: 2.061706
RR: 15.719198
DD: 0.047893
DR: 2.082196
RR: 15.32547
DD: 0.047108
DR: 1.98091
RR: 15.008972
DD: 0.048534
DR: 1.974917
RR: 14.659361
DD: 0.046228
DR: 1.944514
RR: 14.693686
DD: 0.047028999999999994
DR: 1.954094
RR: 14.527784
DD: 0.047231999999999996
DR: 1.974694
RR: 14.508793
DD: 0.05003
DR: 1.963572
RR: 14.375665
DD: 0.046402
DR: 1.921194
RR: 14.436755
DD: 0.047497
DR: 1.969431
RR: 14.574409
DD: 0.048398
DR: 1.97935
RR: 14.879279
DD: 0.048548
DR: 2.032305
RR: 15.096501
DD: 0.048128
DR: 2.046783
RR: 15.576497
DD: 0.051056
DR: 2.115381
RR: 15.987254
DD: 0.049595
DR: 2.102729
RR: 15.959288
DD: 0.050065
DR: 2.14561
RR: 16.010283
DD: 0.05038
DR: 2.111886
RR: 15.992039
DD: 0.04969
DR: 2.118952
RR: 15.931308
DD: 0.049880999999999995
DR: 2.104444
RR: 15.899397
DD: 0.049149
DR: 2.098485
RR: 15.970318
DD: 0.051642999999999994
DR: 2.092333
RR: 15.898013
DD: 0.050212
DR: 2.151586
RR: 15.837447
DD: 0.052857999999999995
DR: 2.124906
RR: 15.905797
DD: 0.050193999999999996
DR: 2.094935
RR: 15.935167
DD: 0.050316
DR: 2.196775
RR: 15.848263
DD: 0.049967
DR: 2.098036
RR: 15.647873
DD: 0.049371
DR: 2.018808
RR: 15.210521
DD: 0.047847999999999995
DR: 1.972722
RR: 14.796609
DD: 0.047779999999999996
DR: 1.988055
RR: 14.621575
DD: 0.046519
DR: 1.950936
RR: 14.570498
saved to _G20.5_rmin0.001_rmax10.0_nbins20_zmin2.0zmax3.0_Lmax-25.0_N50_Planck_MC_b50
Pixels masked by MC but not already by selfunc: 0
G20.5_zmin2.0zmax3.0_Lmax-26.0: 0.64              93020 vs 259755
/home/groups/tabel/mahlet/quaia-env/lib/python3.10/site-packages/Corrfunc/utils.py:918: UserWarning: One or more input array has non-native endianness!  A copy will be made with the correct endianness.
  warnings.warn("One or more input array has non-native endianness!  A copy will"\
DD: 0.038344000000000045
DR: 1.5779109999999998
RR: 10.742733
DD: 0.03896
DR: 1.544
RR: 10.626224
DD: 0.040387
DR: 1.543819
RR: 10.697023
DD: 0.03757
DR: 1.560721
RR: 10.730264
DD: 0.039177
DR: 1.546952
RR: 10.762932
DD: 0.037883
DR: 1.551708
RR: 10.967115
DD: 0.040861999999999996
DR: 1.590581
RR: 11.135337
DD: 0.039264
DR: 1.914609
RR: 11.509796
DD: 0.041417999999999996
DR: 1.6608450000000001
RR: 11.782987
DD: 0.039828999999999996
DR: 1.705813
RR: 11.797208
DD: 0.041679999999999995
DR: 1.663319
RR: 11.789208
DD: 0.041829
DR: 1.676053
RR: 11.788894
DD: 0.04162
DR: 1.708199
RR: 11.786262
DD: 0.041218
DR: 1.715209
RR: 11.82349
DD: 0.04324
DR: 1.672933
RR: 11.827978
DD: 0.042813
DR: 1.664789
RR: 11.799675
DD: 0.041593
DR: 1.670096
RR: 11.802922
DD: 0.040727
DR: 1.6605050000000001
RR: 11.821894
DD: 0.040576999999999995
DR: 1.679562
RR: 11.787251
DD: 0.043095999999999995
DR: 1.668189
RR: 11.83606
DD: 0.041172
DR: 1.64689
RR: 11.691871
DD: 0.040619999999999996
DR: 1.595739
RR: 11.332322
DD: 0.039408
DR: 1.584906
RR: 10.976712
DD: 0.037801999999999995
DR: 1.530095
RR: 10.975966
DD: 0.039217999999999996
DR: 1.584415
RR: 10.770385
DD: 0.038897999999999995
DR: 1.524529
RR: 10.932814
DD: 0.038194
DR: 1.512575
RR: 10.688636
DD: 0.037613
DR: 1.552066
RR: 10.687263
DD: 0.039332
DR: 1.535761
RR: 10.709749
DD: 0.037791
DR: 1.536543
RR: 10.848667
DD: 0.038588
DR: 1.559309
RR: 10.972226
DD: 0.039282
DR: 1.596923
RR: 11.166356
DD: 0.039857
DR: 1.606843
RR: 11.534665
DD: 0.041257999999999996
DR: 1.646566
RR: 12.041315
DD: 0.040907
DR: 1.655519
RR: 11.932282
DD: 0.041261
DR: 1.652895
RR: 11.864308
DD: 0.040663
DR: 1.6500219999999999
RR: 12.067323
DD: 0.042095
DR: 1.711811
RR: 11.878107
DD: 0.041486999999999996
DR: 1.6694849999999999
RR: 11.911481
DD: 0.040624
DR: 1.675021
RR: 11.890319
DD: 0.041852
DR: 1.666211
RR: 11.874772
DD: 0.041569999999999996
DR: 1.6514
RR: 11.827392
DD: 0.042017
DR: 1.724677
RR: 12.036674
DD: 0.041911
DR: 1.656276
RR: 11.901474
DD: 0.040243999999999995
DR: 1.672377
RR: 11.936013
DD: 0.041627
DR: 1.653564
RR: 11.812681
DD: 0.04031
DR: 1.6048559999999998
RR: 11.525915
DD: 0.038181
DR: 1.573866
RR: 11.187769
DD: 0.040462
DR: 1.576726
RR: 10.981896
DD: 0.037919999999999995
DR: 1.543121
RR: 11.108494
saved to _G20.5_rmin0.001_rmax10.0_nbins20_zmin2.0zmax3.0_Lmax-26.0_N50_Planck_MC_b50
Pixels masked by MC but not already by selfunc: 0
G20.5_zmin2.0zmax3.0_Lmax-27.0: 0.71              30074 vs 103123
/home/groups/tabel/mahlet/quaia-env/lib/python3.10/site-packages/Corrfunc/utils.py:918: UserWarning: One or more input array has non-native endianness!  A copy will be made with the correct endianness.
  warnings.warn("One or more input array has non-native endianness!  A copy will"\
DD: 0.011146
DR: 0.295091
RR: 1.208148
DD: 0.013486
DR: 0.3008930000000001
RR: 1.214537
DD: 0.013437
DR: 0.317194
RR: 1.196663
DD: 0.014133
DR: 0.303552
RR: 1.210605
DD: 0.013295999999999999
DR: 0.30452799999999997
RR: 1.215182
DD: 0.01371
DR: 0.31029300000000004
RR: 1.215731
DD: 0.014053
DR: 0.31088699999999997
RR: 1.245444
DD: 0.013817
DR: 0.320776
RR: 1.280154
DD: 0.013868
DR: 0.33362400000000003
RR: 1.29982
DD: 0.011868
DR: 0.31901399999999996
RR: 1.3009110000000002
DD: 0.012244999999999999
DR: 0.31532299999999996
RR: 1.322905
DD: 0.011848
DR: 0.31420900000000007
RR: 1.30499
DD: 0.012105999999999999
DR: 0.31483
RR: 1.297688
DD: 0.011885
DR: 0.315194
RR: 1.333877
DD: 0.011727
DR: 0.31650100000000003
RR: 1.472391
DD: 0.011849
DR: 0.330468
RR: 1.3453789999999999
DD: 0.011771
DR: 0.315017
RR: 1.308906
DD: 0.011928999999999999
DR: 0.314745
RR: 1.302521
DD: 0.012045
DR: 0.331217
RR: 1.3039239999999999
DD: 0.011836
DR: 0.31663600000000003
RR: 1.302008
DD: 0.012039
DR: 0.310548
RR: 1.298608
DD: 0.011332
DR: 0.31038099999999996
RR: 1.267529
DD: 0.013767
DR: 0.31043
RR: 1.236479
DD: 0.013616999999999999
DR: 0.306083
RR: 1.215503
DD: 0.012934
DR: 0.29939699999999997
RR: 1.222076
DD: 0.013311
DR: 0.308562
RR: 1.200364
DD: 0.013111
DR: 0.306292
RR: 1.213781
DD: 0.014084999999999999
DR: 0.30549899999999997
RR: 1.195184
DD: 0.011793
DR: 0.300963
RR: 1.209967
DD: 0.013999999999999999
DR: 0.30794299999999997
RR: 1.209351
DD: 0.013229
DR: 0.30316300000000007
RR: 1.227888
DD: 0.013352
DR: 0.320345
RR: 1.2497989999999999
DD: 0.013784
DR: 0.310372
RR: 1.276519
DD: 0.013779
DR: 0.319262
RR: 1.30812
DD: 0.014267
DR: 0.3279580000000001
RR: 1.307883
DD: 0.011873
DR: 0.316762
RR: 1.312022
DD: 0.011807
DR: 0.324557
RR: 1.308164
DD: 0.011854
DR: 0.318509
RR: 1.381767
DD: 0.01202
DR: 0.317748
RR: 1.355135
DD: 0.011892
DR: 0.31806100000000004
RR: 1.309455
DD: 0.012010999999999999
DR: 0.317604
RR: 1.316273
DD: 0.011864999999999999
DR: 0.316693
RR: 1.313279
DD: 0.011876999999999999
DR: 0.317234
RR: 1.311807
DD: 0.011878999999999999
DR: 0.32078999999999996
RR: 1.305297
DD: 0.011904999999999999
DR: 0.317082
RR: 1.329161
DD: 0.011874
DR: 0.313594
RR: 1.302559
DD: 0.011708999999999999
DR: 0.305367
RR: 1.26184
DD: 0.011349
DR: 0.30185799999999996
RR: 1.237314
DD: 0.013961999999999999
DR: 0.30368300000000004
RR: 1.212659
DD: 0.012969
DR: 0.300356
RR: 1.213504
saved to _G20.5_rmin0.001_rmax10.0_nbins20_zmin2.0zmax3.0_Lmax-27.0_N50_Planck_MC_b50
Pixels masked by MC but not already by selfunc: 0
G20.5_zmin3.0zmax4.6_Lmax-20.0: 0.60              14706 vs 36458
/home/groups/tabel/mahlet/quaia-env/lib/python3.10/site-packages/Corrfunc/utils.py:918: UserWarning: One or more input array has non-native endianness!  A copy will be made with the correct endianness.
  warnings.warn("One or more input array has non-native endianness!  A copy will"\
DD: 0.006259
DR: 0.107684
RR: 0.269793
DD: 0.013016999999999999
DR: 0.11276299999999999
RR: 0.24904300000000001
DD: 0.006608999999999999
DR: 0.10853299999999999
RR: 0.249103
DD: 0.009009
DR: 0.112606
RR: 0.250472
DD: 0.006639
DR: 0.108472
RR: 0.25847200000000004
DD: 0.0065969999999999996
DR: 0.10900399999999999
RR: 0.26856399999999997
DD: 0.009509
DR: 0.110983
RR: 0.255836
DD: 0.006945
DR: 0.11212699999999999
RR: 0.2672340000000001
DD: 0.00696
DR: 0.11698
RR: 0.26987099999999997
DD: 0.009512
DR: 0.114119
RR: 0.284007
DD: 0.007143
DR: 0.11334
RR: 0.2687240000000001
DD: 0.006874
DR: 0.11413899999999999
RR: 0.274736
DD: 0.008971
DR: 0.11481200000000003
RR: 0.272115
DD: 0.00698
DR: 0.11320699999999999
RR: 0.268089
DD: 0.006987999999999999
DR: 0.113621
RR: 0.272217
DD: 0.006847
DR: 0.11335400000000007
RR: 0.26831
DD: 0.006946
DR: 0.11302799999999999
RR: 0.28323200000000004
DD: 0.009838
DR: 0.118751
RR: 0.268936
DD: 0.006967999999999999
DR: 0.114129
RR: 0.271759
DD: 0.006914
DR: 0.113995
RR: 0.2734270000000001
DD: 0.0069429999999999995
DR: 0.110978
RR: 0.267391
DD: 0.009724
DR: 0.110896
RR: 0.26316
DD: 0.006516
DR: 0.108508
RR: 0.253521
DD: 0.0066549999999999995
DR: 0.10819999999999999
RR: 0.251055
DD: 0.006548
DR: 0.10732
RR: 0.261119
DD: 0.009306
DR: 0.107775
RR: 0.24716700000000003
DD: 0.0068059999999999996
DR: 0.106906
RR: 0.246809
DD: 0.006639
DR: 0.10788199999999999
RR: 0.24878799999999998
DD: 0.006705999999999999
DR: 0.107945
RR: 0.249579
DD: 0.0066419999999999995
DR: 0.112984
RR: 0.250998
DD: 0.00707
DR: 0.10905000000000009
RR: 0.259334
DD: 0.0066679999999999994
DR: 0.108971
RR: 0.27371200000000007
DD: 0.006829
DR: 0.11087899999999999
RR: 0.262015
DD: 0.0069559999999999995
DR: 0.1157410000000001
RR: 0.273647
DD: 0.006882999999999999
DR: 0.113922
RR: 0.268362
DD: 0.006967999999999999
DR: 0.11401
RR: 0.273677
DD: 0.006999
DR: 0.11334700000000009
RR: 0.267814
DD: 0.007156
DR: 0.11342899999999999
RR: 0.280081
DD: 0.0070149999999999995
DR: 0.113854
RR: 0.268301
DD: 0.006999999999999999
DR: 0.114352
RR: 0.26736699999999997
DD: 0.007065
DR: 0.113448
RR: 0.27187000000000006
DD: 0.0070209999999999995
DR: 0.113412
RR: 0.269152
DD: 0.006937
DR: 0.114549
RR: 0.27160799999999996
DD: 0.007006999999999999
DR: 0.114451
RR: 0.267902
DD: 0.007019999999999999
DR: 0.11390399999999999
RR: 0.276287
DD: 0.006877000000000022
DR: 0.111548
RR: 0.264275
DD: 0.006839
DR: 0.11026
RR: 0.26025899999999996
DD: 0.006925
DR: 0.108639
RR: 0.253293
DD: 0.006679
DR: 0.10849099999999999
RR: 0.250177
DD: 0.006666
DR: 0.109634
RR: 0.26761100000000004
saved to _G20.5_rmin0.001_rmax10.0_nbins20_zmin3.0zmax4.6_Lmax-20.0_N50_Planck_MC_b50
Pixels masked by MC but not already by selfunc: 0
G20.5_zmin3.0zmax4.6_Lmax-25.0: 0.60              14706 vs 36458
/home/groups/tabel/mahlet/quaia-env/lib/python3.10/site-packages/Corrfunc/utils.py:918: UserWarning: One or more input array has non-native endianness!  A copy will be made with the correct endianness.
  warnings.warn("One or more input array has non-native endianness!  A copy will"\
DD: 0.006723
DR: 0.10690899999999999
RR: 0.262717
DD: 0.00678
DR: 0.107846
RR: 0.24728899999999998
DD: 0.00677
DR: 0.10908799999999999
RR: 0.24960800000000005
DD: 0.00675
DR: 0.10835299999999999
RR: 0.25307599999999997
DD: 0.0067529999999999995
DR: 0.10934100000000002
RR: 0.250945
DD: 0.006723
DR: 0.109467
RR: 0.25490500000000005
DD: 0.006758
DR: 0.109652
RR: 0.26212799999999997
DD: 0.006829
DR: 0.11118000000000006
RR: 0.263577
DD: 0.006973
DR: 0.116644
RR: 0.264714
DD: 0.00705
DR: 0.115462
RR: 0.274864
DD: 0.006869
DR: 0.115147
RR: 0.276183
DD: 0.007141
DR: 0.115024
RR: 0.273802
DD: 0.0070999999999999995
DR: 0.11547199999999999
RR: 0.28312899999999996
DD: 0.007052
DR: 0.11508099999999999
RR: 0.276174
DD: 0.006963
DR: 0.114587
RR: 0.27418600000000004
DD: 0.006876999999999999
DR: 0.11437699999999999
RR: 0.277231
DD: 0.007187
DR: 0.114087
RR: 0.267072
DD: 0.006985
DR: 0.11447299999999999
RR: 0.27059099999999997
DD: 0.006947
DR: 0.114302
RR: 0.270796
DD: 0.006841000000000097
DR: 0.11419499999999999
RR: 0.281006
DD: 0.006902999999999999
DR: 0.11184999999999999
RR: 0.264692
DD: 0.0067529999999999995
DR: 0.114176
RR: 0.26058800000000004
DD: 0.006682
DR: 0.108787
RR: 0.251864
DD: 0.0068449999999999995
DR: 0.10855899999999999
RR: 0.265301
DD: 0.006776
DR: 0.10814299999999999
RR: 0.283698
DD: 0.0067339999999999995
DR: 0.112716
RR: 0.292311
DD: 0.006803999999999999
DR: 0.11034
RR: 0.285588
DD: 0.0068969999999999995
DR: 0.11093
RR: 0.281339
DD: 0.006686
DR: 0.10951999999999999
RR: 0.263049
DD: 0.006686
DR: 0.10888900000000001
RR: 0.25643499999999997
DD: 0.006722
DR: 0.109525
RR: 0.2580260000000001
DD: 0.006906
DR: 0.10933699999999999
RR: 0.25543
DD: 0.007029
DR: 0.11127999999999999
RR: 0.261565
DD: 0.0069169999999999995
DR: 0.117326
RR: 0.272058
DD: 0.007017
DR: 0.114338
RR: 0.27757
DD: 0.006898
DR: 0.11454600000000004
RR: 0.270384
DD: 0.007012999999999999
DR: 0.11442799999999999
RR: 0.2871560000000001
DD: 0.006993999999999999
DR: 0.114656
RR: 0.275071
DD: 0.007082
DR: 0.114429
RR: 0.267196
DD: 0.007133
DR: 0.114369
RR: 0.271475
DD: 0.007157999999999999
DR: 0.113914
RR: 0.272497
DD: 0.007005
DR: 0.114281
RR: 0.269211
DD: 0.0071649999999999995
DR: 0.114523
RR: 0.27103
DD: 0.007057
DR: 0.11441899999999999
RR: 0.271133
DD: 0.0070739999999999996
DR: 0.114281
RR: 0.280571
DD: 0.006964
DR: 0.112068
RR: 0.265293
DD: 0.006682
DR: 0.10974099999999999
RR: 0.25992499999999996
DD: 0.006656
DR: 0.10917099999999999
RR: 0.255621
DD: 0.006852
DR: 0.10896299999999999
RR: 0.25393600000000005
DD: 0.006847
DR: 0.10775
RR: 0.265111
saved to _G20.5_rmin0.001_rmax10.0_nbins20_zmin3.0zmax4.6_Lmax-25.0_N50_Planck_MC_b50
Pixels masked by MC but not already by selfunc: 0
G20.5_zmin3.0zmax4.6_Lmax-26.0: 0.60              14706 vs 36458
/home/groups/tabel/mahlet/quaia-env/lib/python3.10/site-packages/Corrfunc/utils.py:918: UserWarning: One or more input array has non-native endianness!  A copy will be made with the correct endianness.
  warnings.warn("One or more input array has non-native endianness!  A copy will"\
DD: 0.0067659999999999994
DR: 0.108016
RR: 0.248879
DD: 0.006697
DR: 0.10887899999999999
RR: 0.254754
DD: 0.0068379999999999995
DR: 0.108876
RR: 0.276161
DD: 0.006927999999999999
DR: 0.108467
RR: 0.253718
DD: 0.006572
DR: 0.10978299999999999
RR: 0.254845
DD: 0.006711
DR: 0.10939499999999999
RR: 0.251349
DD: 0.006882999999999999
DR: 0.109271
RR: 0.260353
DD: 0.006913
DR: 0.11134799999999999
RR: 0.27822399999999997
DD: 0.007025999999999999
DR: 0.11613
RR: 0.268127
DD: 0.0071590000000000265
DR: 0.114548
RR: 0.272564
DD: 0.007117
DR: 0.11452699999999999
RR: 0.281646
DD: 0.007039999999999999
DR: 0.11375099999999999
RR: 0.26887800000000006
DD: 0.0070149999999999995
DR: 0.11408099999999999
RR: 0.273374
DD: 0.00699
DR: 0.11417
RR: 0.268719
DD: 0.0069689999999999995
DR: 0.11573
RR: 0.279539
DD: 0.0070149999999999995
DR: 0.114616
RR: 0.277149
DD: 0.0070599999999999994
DR: 0.11467000000000005
RR: 0.27985099999999996
DD: 0.007102
DR: 0.115482
RR: 0.28989
DD: 0.007032
DR: 0.11529199999999999
RR: 0.27371799999999996
DD: 0.007058999999999999
DR: 0.114483
RR: 0.272592
DD: 0.0068639999999999994
DR: 0.11377999999999999
RR: 0.26741400000000004
DD: 0.006731
DR: 0.109814
RR: 0.274508
DD: 0.006555
DR: 0.108723
RR: 0.25284
DD: 0.006568999999999999
DR: 0.109929
RR: 0.251637
DD: 0.0066159999999999995
DR: 0.108099
RR: 0.253729
DD: 0.006522
DR: 0.107401
RR: 0.247964
DD: 0.0066619999999999995
DR: 0.10785299999999999
RR: 0.25039
DD: 0.006644
DR: 0.107836
RR: 0.258733
DD: 0.006705999999999999
DR: 0.10830000000000006
RR: 0.253123
DD: 0.0066949999999999996
DR: 0.10792199999999999
RR: 0.25672800000000007
DD: 0.006692999999999999
DR: 0.10904399999999999
RR: 0.254739
DD: 0.006703
DR: 0.10926999999999999
RR: 0.254898
DD: 0.0068379999999999995
DR: 0.112257
RR: 0.27018700000000007
DD: 0.006998
DR: 0.116534
RR: 0.26792
DD: 0.0069619999999999994
DR: 0.11520700000000006
RR: 0.27150599999999997
DD: 0.006986
DR: 0.114311
RR: 0.27076900000000004
DD: 0.006931
DR: 0.11411199999999999
RR: 0.279343
DD: 0.007101
DR: 0.11430700000000005
RR: 0.27081299999999997
DD: 0.007024
DR: 0.11484899999999999
RR: 0.2686470000000001
DD: 0.006979
DR: 0.11427699999999999
RR: 0.27379
DD: 0.007161
DR: 0.113993
RR: 0.27014499999999997
DD: 0.007136
DR: 0.114852
RR: 0.268559
DD: 0.0070279999999999995
DR: 0.11466399999999999
RR: 0.271328
DD: 0.0070339999999999995
DR: 0.11435999999999999
RR: 0.27958
DD: 0.006998
DR: 0.11405599999999999
RR: 0.269656
DD: 0.006862
DR: 0.11386199999999999
RR: 0.268515
DD: 0.006692
DR: 0.111093
RR: 0.25929399999999997
DD: 0.006562999999999999
DR: 0.109469
RR: 0.2587980000000001
DD: 0.0068189999999999995
DR: 0.108609
RR: 0.27932999999999997
DD: 0.006508
DR: 0.108595
RR: 0.24878799999999998
saved to _G20.5_rmin0.001_rmax10.0_nbins20_zmin3.0zmax4.6_Lmax-26.0_N50_Planck_MC_b50
Pixels masked by MC but not already by selfunc: 0
G20.5_zmin3.0zmax4.6_Lmax-27.0: 0.63              10601 vs 28981
/home/groups/tabel/mahlet/quaia-env/lib/python3.10/site-packages/Corrfunc/utils.py:918: UserWarning: One or more input array has non-native endianness!  A copy will be made with the correct endianness.
  warnings.warn("One or more input array has non-native endianness!  A copy will"\
DD: 0.005626
DR: 0.072804
RR: 0.15590199999999999
DD: 0.005471
DR: 0.07732
RR: 0.157323
DD: 0.005469
DR: 0.077723
RR: 0.158487
DD: 0.005501
DR: 0.07758899999999999
RR: 0.15818500000000002
DD: 0.008113
DR: 0.078175
RR: 0.156165
DD: 0.005626
DR: 0.078529
RR: 0.161306
DD: 0.005625
DR: 0.078443
RR: 0.16311199999999998
DD: 0.005709
DR: 0.080966
RR: 0.162496
DD: 0.005737
DR: 0.08189600000000008
RR: 0.17002799999999998
DD: 0.005588999999999999
DR: 0.08190299999999999
RR: 0.166567
DD: 0.005582999999999999
DR: 0.081916
RR: 0.16800199999999998
DD: 0.005606
DR: 0.08130899999999999
RR: 0.168824
DD: 0.0055379999999999995
DR: 0.081972
RR: 0.169105
DD: 0.005626
DR: 0.084575
RR: 0.165955
DD: 0.006268999999999999
DR: 0.081851
RR: 0.17983800000000005
DD: 0.005722
DR: 0.08312399999999999
RR: 0.167349
DD: 0.005586
DR: 0.081339
RR: 0.167902
DD: 0.005569
DR: 0.081396
RR: 0.165296
DD: 0.005624
DR: 0.081887
RR: 0.16859600000000008
DD: 0.005797999999999999
DR: 0.08113999999999999
RR: 0.169652
DD: 0.005680999999999999
DR: 0.08229299999999999
RR: 0.164702
DD: 0.005614
DR: 0.07913099999999999
RR: 0.16515
DD: 0.005683
DR: 0.077295
RR: 0.155192
DD: 0.005506
DR: 0.07778200000000002
RR: 0.165455
DD: 0.005451
DR: 0.077427
RR: 0.15445499999999998
DD: 0.005575
DR: 0.077138
RR: 0.161828
DD: 0.0056689999999999996
DR: 0.07736799999999999
RR: 0.155295
DD: 0.007444
DR: 0.077886
RR: 0.16668700000000003
DD: 0.0057669999999999996
DR: 0.078126
RR: 0.15509599999999998
DD: 0.0055639999999999995
DR: 0.08186399999999999
RR: 0.15670700000000004
DD: 0.006024
DR: 0.077984
RR: 0.168738
DD: 0.0056489999999999995
DR: 0.078444
RR: 0.159685
DD: 0.005719
DR: 0.080595
RR: 0.16535999999999998
DD: 0.0077599999999999995
DR: 0.08222
RR: 0.167759
DD: 0.005941999999999999
DR: 0.081704
RR: 0.167734
DD: 0.00568
DR: 0.081272
RR: 0.180345
DD: 0.005672
DR: 0.081535
RR: 0.17086099999999999
DD: 0.007592
DR: 0.081943
RR: 0.166878
DD: 0.005709
DR: 0.0813830000000001
RR: 0.166873
DD: 0.005683
DR: 0.081978
RR: 0.171734
DD: 0.005763
DR: 0.08170300000000008
RR: 0.16649999999999998
DD: 0.005660999999999999
DR: 0.081732
RR: 0.17105399999999998
DD: 0.005683
DR: 0.08150099999999999
RR: 0.16597399999999998
DD: 0.005633
DR: 0.081213
RR: 0.16955099999999998
DD: 0.007672
DR: 0.08193199999999999
RR: 0.1662760000000001
DD: 0.0056819999999999996
DR: 0.08199999999999999
RR: 0.165688
DD: 0.005578
DR: 0.07889499999999999
RR: 0.164165
DD: 0.005496
DR: 0.07797
RR: 0.156749
DD: 0.005729
DR: 0.078514
RR: 0.16195199999999998
DD: 0.00545
DR: 0.07707599999999999
RR: 0.153258
saved to _G20.5_rmin0.001_rmax10.0_nbins20_zmin3.0zmax4.6_Lmax-27.0_N50_Planck_MC_b50
done!
