Starting batch job

G20.5: computing wtheta in 30 bins from 0.001 to 10.0 on a log scale...

Pixels masked by MC but not already by selfunc: 1315
G20.5_zmin0.0zmax1.0_Lsplit2bin0: 0.39              98569 vs 162168
[Warning] The CPU supports AVX512F but the compiler does not.  Can you try another compiler?
/home/groups/tabel/mahlet/quaia-env/lib/python3.10/site-packages/Corrfunc/utils.py:918: UserWarning: One or more input array has non-native endianness!  A copy will be made with the correct endianness.
  warnings.warn("One or more input array has non-native endianness!  A copy will"\
DD: 0.035407
DR: 1.2167370000000002
RR: 6.488853
saved to _G20.5_rmin0.001_rmax10.0_nbins30_zmin0.0zmax1.0_Lsplit2bin0_Planck_MC_b30
Pixels masked by MC but not already by selfunc: 1153
G20.5_zmin0.0zmax1.0_Lsplit2bin1: 0.26              119796 vs 162168
/home/groups/tabel/mahlet/quaia-env/lib/python3.10/site-packages/Corrfunc/utils.py:918: UserWarning: One or more input array has non-native endianness!  A copy will be made with the correct endianness.
  warnings.warn("One or more input array has non-native endianness!  A copy will"\
DD: 0.044606
DR: 1.595605
RR: 9.317733
saved to _G20.5_rmin0.001_rmax10.0_nbins30_zmin0.0zmax1.0_Lsplit2bin1_Planck_MC_b30
Pixels masked by MC but not already by selfunc: 2597
G20.5_zmin1.0zmax2.0_Lsplit2bin0: 0.37              205289 vs 324098
/home/groups/tabel/mahlet/quaia-env/lib/python3.10/site-packages/Corrfunc/utils.py:918: UserWarning: One or more input array has non-native endianness!  A copy will be made with the correct endianness.
  warnings.warn("One or more input array has non-native endianness!  A copy will"\
DD: 0.09418
DR: 3.816566
RR: 29.460033
saved to _G20.5_rmin0.001_rmax10.0_nbins30_zmin1.0zmax2.0_Lsplit2bin0_Planck_MC_b30
Pixels masked by MC but not already by selfunc: 2188
G20.5_zmin1.0zmax2.0_Lsplit2bin1: 0.23              247939 vs 324098
/home/groups/tabel/mahlet/quaia-env/lib/python3.10/site-packages/Corrfunc/utils.py:918: UserWarning: One or more input array has non-native endianness!  A copy will be made with the correct endianness.
  warnings.warn("One or more input array has non-native endianness!  A copy will"\
DD: 0.12556399999999998
DR: 5.43323
RR: 46.290049
saved to _G20.5_rmin0.001_rmax10.0_nbins30_zmin1.0zmax2.0_Lsplit2bin1_Planck_MC_b30
Pixels masked by MC but not already by selfunc: 1464
G20.5_zmin2.0zmax3.0_Lsplit2bin0: 0.35              93053 vs 143254
/home/groups/tabel/mahlet/quaia-env/lib/python3.10/site-packages/Corrfunc/utils.py:918: UserWarning: One or more input array has non-native endianness!  A copy will be made with the correct endianness.
  warnings.warn("One or more input array has non-native endianness!  A copy will"\
DD: 0.032715999999999995
DR: 1.081022
RR: 5.51264
saved to _G20.5_rmin0.001_rmax10.0_nbins30_zmin2.0zmax3.0_Lsplit2bin0_Planck_MC_b30
Pixels masked by MC but not already by selfunc: 1300
G20.5_zmin2.0zmax3.0_Lsplit2bin1: 0.20              114549 vs 143254
/home/groups/tabel/mahlet/quaia-env/lib/python3.10/site-packages/Corrfunc/utils.py:918: UserWarning: One or more input array has non-native endianness!  A copy will be made with the correct endianness.
  warnings.warn("One or more input array has non-native endianness!  A copy will"\
DD: 0.04344500000000007
DR: 1.4482430000000002
RR: 8.360428
saved to _G20.5_rmin0.001_rmax10.0_nbins30_zmin2.0zmax3.0_Lsplit2bin1_Planck_MC_b30
Pixels masked by MC but not already by selfunc: 180
G20.5_zmin3.0zmax4.6_Lsplit2bin0: 0.29              12912 vs 18229
/home/groups/tabel/mahlet/quaia-env/lib/python3.10/site-packages/Corrfunc/utils.py:918: UserWarning: One or more input array has non-native endianness!  A copy will be made with the correct endianness.
  warnings.warn("One or more input array has non-native endianness!  A copy will"\
DD: 0.0058649999999999996
DR: 0.07276099999999999
RR: 0.150192
saved to _G20.5_rmin0.001_rmax10.0_nbins30_zmin3.0zmax4.6_Lsplit2bin0_Planck_MC_b30
Pixels masked by MC but not already by selfunc: 127
G20.5_zmin3.0zmax4.6_Lsplit2bin1: 0.17              15131 vs 18229
/home/groups/tabel/mahlet/quaia-env/lib/python3.10/site-packages/Corrfunc/utils.py:918: UserWarning: One or more input array has non-native endianness!  A copy will be made with the correct endianness.
  warnings.warn("One or more input array has non-native endianness!  A copy will"\
DD: 0.006673999999999999
DR: 0.078535
RR: 0.161335
saved to _G20.5_rmin0.001_rmax10.0_nbins30_zmin3.0zmax4.6_Lsplit2bin1_Planck_MC_b30
done!
