Starting batch job
Running selection function with fn_catalog=../data/quaia_G20.5_zmin3.0zmax4.6_Lmax-27.0.fits, fn_selfunc=../data/maps/selection_function_NSIDE64_G20.5_zmin3.0zmax4.6_Lmax-27.0.fits, fn_parentcat=../data/quaia_G20.5.fits, map_names=None
Loading data
Making QSO map
Map templates: ['dust', 'stars', 'm10', 'mcs', 'unwise', 'unwisescan', 'mcsunwise']
Dustmap already exists, loading from ../data/maps/map_dust_NSIDE64.npy
Star map already exists, loading from ../data/maps/map_stars_NSIDE64.npy
M10 map already exists, loading from ../data/maps/map_m10_NSIDE64.npy
MCs map already exists, loading from ../data/maps/map_mcs_NSIDE64.npy
unWISE map already exists, loading from ../data/maps/map_unwise_NSIDE64.npy
unWISE scan map already exists, loading from ../data/maps/map_unwisescan_NSIDE64.npy
MCs map already exists, loading from ../data/maps/map_mcsunwise_NSIDE64.npy
Constructing X
(7, 49152)
(7, 49152)
Getting indices to fit
err min max: 0.0 2.6457513110645907
Training fitter
X_train: (19871, 7) y_train: (19871,)
y_train min: 1.0 y_train: 7.0
fit_mean = True
n params: 7
parameter names: ('mean:value', 'kernel:k1:log_constant', 'kernel:k2:metric:log_M_0_0', 'kernel:k2:metric:log_M_1_1', 'kernel:k2:metric:log_M_2_2', 'kernel:k2:metric:log_M_3_3', 'kernel:k2:metric:log_M_4_4', 'kernel:k2:metric:log_M_5_5', 'kernel:k2:metric:log_M_6_6')
paramters init: [ 0.         -3.73002151 -0.5         1.5        -1.          5.
  0.8         0.         10.        ]
y minmax 0.0 1.9459101490553132
yerr: [1.41421356 1.         1.         ... 1.41421356 1.         1.        ] [0.70710678 1.         1.         ... 0.70710678 1.         1.        ]
p compute: [ 0.         -3.73002151 -0.5         1.5        -1.          5.
  0.8         0.         10.        ]
lnlike compute: -18639.57281727384
Minimizing
  message: Optimization terminated successfully.
  success: True
   status: 0
      fun: 18615.58628912913
        x: [ 3.181e-01 -5.602e+00 -1.170e+00  2.464e+00  5.476e+02
             4.023e+00  8.962e-01  3.386e+02  2.036e+01]
      nit: 39
      jac: [-7.638e-06 -4.061e-07  2.306e-06 -6.374e-06 -3.834e-238
             1.534e-06  8.501e-07 -1.872e-147 -3.954e-08]
 hess_inv: [[ 5.575e-03 -8.631e-03 ... -1.346e+01 -4.213e-01]
            [-8.631e-03  3.393e-01 ... -1.129e+02 -3.535e+00]
            ...
            [-1.346e+01 -1.129e+02 ...  8.982e+09  2.806e+08]
            [-4.213e-01 -3.535e+00 ...  2.806e+08  8.765e+06]]
     nfev: 42
     njev: 42
p post op: [ 3.18099801e-01 -5.60178216e+00 -1.17032643e+00  2.46394121e+00
  5.47644646e+02  4.02327016e+00  8.96224107e-01  3.38577131e+02
  2.03643390e+01]
lnlike final: -18615.58628912913
Predicting
setting the output map dtype to [dtype('float64')]
predict p: [ 3.18099801e-01 -5.60178216e+00 -1.17032643e+00  2.46394121e+00
  5.47644646e+02  4.02327016e+00  8.96224107e-01  3.38577131e+02
  2.03643390e+01]
Saving ypred map to ../data/maps/y_pred_selection_function_NSIDE64_G20.5_zmin3.0zmax4.6_Lmax-27.0.fits
y_pred_full: [1.16910421 1.22339294 1.43032273 ... 1.33923208 1.37420501 1.35201139]
0
RMSE: 0.7331780265061653
Making selection function map
setting the output map dtype to [dtype('float64')]
Number of clean healpixels: 479 (Total: 49152)
Using parent catalog to determine zero-probability pixels
(If i_keep also passed, will be ignored!)
min: 0.0, max: 0.5939594326192701
map_prob: [0.40327684 0.42200347 0.4933829  ... 0.46196162 0.47402537 0.46636978]
Saved map to ../data/maps/selection_function_NSIDE64_G20.5_zmin3.0zmax4.6_Lmax-27.0.fits!
Time: 3444.963073015213 s (57.416051216920216 min)
allsky 
../data/randoms/random_G20.5_zmin3.0zmax4.6_Lmax-27.0_25x.fits
Loading data
Number of data sources: 28981
Estimating reduction factor
Sel func min and max: 0.0 0.5939594326192701
Subsampling by 0.776 for probability map
Generating random with 25 times N_data
Sel func min and max: 0.0 0.5939594326192701
Subsampling by 0.776 for probability map
Number of final random sources: 724615
Wrote random to ../data/randoms/random_G20.5_zmin3.0zmax4.6_Lmax-27.0_25x.fits!
