Starting batch job

G20.5: computing wtheta in 30 bins from 0.001 to 10.0 on a log scale...

Pixels masked by MC but not already by selfunc: 907
G20.5_zsplit4bin0_Lmaxsplit4bin0: 0.01              80042 vs 80949
[Warning] The CPU supports AVX512F but the compiler does not.  Can you try another compiler?
/home/groups/tabel/mahlet/quaia-env/lib/python3.10/site-packages/Corrfunc/utils.py:918: UserWarning: One or more input array has non-native endianness!  A copy will be made with the correct endianness.
  warnings.warn("One or more input array has non-native endianness!  A copy will"\
DD: 0.024605
DR: 0.741815
RR: 2.901051
saved to _G20.5_rmin0.001_rmax10.0_nbins30_zsplit4bin0_Lmaxsplit4bin0_Planck_MC_b0
Pixels masked by MC but not already by selfunc: 1705
G20.5_zsplit4bin0_Lmaxsplit4bin1: 0.01              160192 vs 161897
/home/groups/tabel/mahlet/quaia-env/lib/python3.10/site-packages/Corrfunc/utils.py:918: UserWarning: One or more input array has non-native endianness!  A copy will be made with the correct endianness.
  warnings.warn("One or more input array has non-native endianness!  A copy will"\
DD: 0.054598
DR: 1.969846
RR: 10.969305
saved to _G20.5_rmin0.001_rmax10.0_nbins30_zsplit4bin0_Lmaxsplit4bin1_Planck_MC_b0
Pixels masked by MC but not already by selfunc: 2485
G20.5_zsplit4bin0_Lmaxsplit4bin2: 0.01              240361 vs 242846
/home/groups/tabel/mahlet/quaia-env/lib/python3.10/site-packages/Corrfunc/utils.py:918: UserWarning: One or more input array has non-native endianness!  A copy will be made with the correct endianness.
  warnings.warn("One or more input array has non-native endianness!  A copy will"\
DD: 0.093941
DR: 3.790943
RR: 26.258988
saved to _G20.5_rmin0.001_rmax10.0_nbins30_zsplit4bin0_Lmaxsplit4bin2_Planck_MC_b0
Pixels masked by MC but not already by selfunc: 3191
G20.5_zsplit4bin0_Lmaxsplit4bin3: 0.01              320604 vs 323795
/home/groups/tabel/mahlet/quaia-env/lib/python3.10/site-packages/Corrfunc/utils.py:918: UserWarning: One or more input array has non-native endianness!  A copy will be made with the correct endianness.
  warnings.warn("One or more input array has non-native endianness!  A copy will"\
DD: 0.14418700000000007
DR: 6.21025
RR: 49.918388
saved to _G20.5_rmin0.001_rmax10.0_nbins30_zsplit4bin0_Lmaxsplit4bin3_Planck_MC_b0
Pixels masked by MC but not already by selfunc: 855
G20.5_zsplit4bin1_Lmaxsplit4bin0: 0.01              80132 vs 80987
/home/groups/tabel/mahlet/quaia-env/lib/python3.10/site-packages/Corrfunc/utils.py:918: UserWarning: One or more input array has non-native endianness!  A copy will be made with the correct endianness.
  warnings.warn("One or more input array has non-native endianness!  A copy will"\
DD: 0.024072999999999997
DR: 0.719077
RR: 2.905432
saved to _G20.5_rmin0.001_rmax10.0_nbins30_zsplit4bin1_Lmaxsplit4bin0_Planck_MC_b0
Pixels masked by MC but not already by selfunc: 1674
G20.5_zsplit4bin1_Lmaxsplit4bin1: 0.01              160300 vs 161974
/home/groups/tabel/mahlet/quaia-env/lib/python3.10/site-packages/Corrfunc/utils.py:918: UserWarning: One or more input array has non-native endianness!  A copy will be made with the correct endianness.
  warnings.warn("One or more input array has non-native endianness!  A copy will"\
DD: 0.054389
DR: 1.980966
RR: 11.121701
saved to _G20.5_rmin0.001_rmax10.0_nbins30_zsplit4bin1_Lmaxsplit4bin1_Planck_MC_b0
Pixels masked by MC but not already by selfunc: 2475
G20.5_zsplit4bin1_Lmaxsplit4bin2: 0.01              240486 vs 242961
/home/groups/tabel/mahlet/quaia-env/lib/python3.10/site-packages/Corrfunc/utils.py:918: UserWarning: One or more input array has non-native endianness!  A copy will be made with the correct endianness.
  warnings.warn("One or more input array has non-native endianness!  A copy will"\
DD: 0.09357499999999999
DR: 3.796608
RR: 26.481404
saved to _G20.5_rmin0.001_rmax10.0_nbins30_zsplit4bin1_Lmaxsplit4bin2_Planck_MC_b0
Pixels masked by MC but not already by selfunc: 3095
G20.5_zsplit4bin1_Lmaxsplit4bin3: 0.01              320854 vs 323949
/home/groups/tabel/mahlet/quaia-env/lib/python3.10/site-packages/Corrfunc/utils.py:918: UserWarning: One or more input array has non-native endianness!  A copy will be made with the correct endianness.
  warnings.warn("One or more input array has non-native endianness!  A copy will"\
DD: 0.14648899999999998
DR: 6.34235
RR: 51.251139
saved to _G20.5_rmin0.001_rmax10.0_nbins30_zsplit4bin1_Lmaxsplit4bin3_Planck_MC_b0
Pixels masked by MC but not already by selfunc: 918
G20.5_zsplit4bin2_Lmaxsplit4bin0: 0.01              80034 vs 80952
/home/groups/tabel/mahlet/quaia-env/lib/python3.10/site-packages/Corrfunc/utils.py:918: UserWarning: One or more input array has non-native endianness!  A copy will be made with the correct endianness.
  warnings.warn("One or more input array has non-native endianness!  A copy will"\
DD: 0.024113
DR: 0.7214320000000001
RR: 2.928785
saved to _G20.5_rmin0.001_rmax10.0_nbins30_zsplit4bin2_Lmaxsplit4bin0_Planck_MC_b0
Pixels masked by MC but not already by selfunc: 1761
G20.5_zsplit4bin2_Lmaxsplit4bin1: 0.01              160143 vs 161904
/home/groups/tabel/mahlet/quaia-env/lib/python3.10/site-packages/Corrfunc/utils.py:918: UserWarning: One or more input array has non-native endianness!  A copy will be made with the correct endianness.
  warnings.warn("One or more input array has non-native endianness!  A copy will"\
DD: 0.054207
DR: 1.985207
RR: 11.233829
saved to _G20.5_rmin0.001_rmax10.0_nbins30_zsplit4bin2_Lmaxsplit4bin1_Planck_MC_b0
Pixels masked by MC but not already by selfunc: 2530
G20.5_zsplit4bin2_Lmaxsplit4bin2: 0.01              240326 vs 242856
/home/groups/tabel/mahlet/quaia-env/lib/python3.10/site-packages/Corrfunc/utils.py:918: UserWarning: One or more input array has non-native endianness!  A copy will be made with the correct endianness.
  warnings.warn("One or more input array has non-native endianness!  A copy will"\
DD: 0.094373
DR: 3.831726
RR: 26.847406
saved to _G20.5_rmin0.001_rmax10.0_nbins30_zsplit4bin2_Lmaxsplit4bin2_Planck_MC_b0
Pixels masked by MC but not already by selfunc: 3108
G20.5_zsplit4bin2_Lmaxsplit4bin3: 0.01              320700 vs 323808
/home/groups/tabel/mahlet/quaia-env/lib/python3.10/site-packages/Corrfunc/utils.py:918: UserWarning: One or more input array has non-native endianness!  A copy will be made with the correct endianness.
  warnings.warn("One or more input array has non-native endianness!  A copy will"\
DD: 0.147719
DR: 6.424739
RR: 52.27358
saved to _G20.5_rmin0.001_rmax10.0_nbins30_zsplit4bin2_Lmaxsplit4bin3_Planck_MC_b0
Pixels masked by MC but not already by selfunc: 1075
G20.5_zsplit4bin3_Lmaxsplit4bin0: 0.01              79913 vs 80988
/home/groups/tabel/mahlet/quaia-env/lib/python3.10/site-packages/Corrfunc/utils.py:918: UserWarning: One or more input array has non-native endianness!  A copy will be made with the correct endianness.
  warnings.warn("One or more input array has non-native endianness!  A copy will"\
DD: 0.024239999999999998
DR: 0.725981
RR: 2.93536
saved to _G20.5_rmin0.001_rmax10.0_nbins30_zsplit4bin3_Lmaxsplit4bin0_Planck_MC_b0
Pixels masked by MC but not already by selfunc: 2050
G20.5_zsplit4bin3_Lmaxsplit4bin1: 0.01              159925 vs 161975
/home/groups/tabel/mahlet/quaia-env/lib/python3.10/site-packages/Corrfunc/utils.py:918: UserWarning: One or more input array has non-native endianness!  A copy will be made with the correct endianness.
  warnings.warn("One or more input array has non-native endianness!  A copy will"\
DD: 0.054827
DR: 2.010276
RR: 11.417363
saved to _G20.5_rmin0.001_rmax10.0_nbins30_zsplit4bin3_Lmaxsplit4bin1_Planck_MC_b0
Pixels masked by MC but not already by selfunc: 3055
G20.5_zsplit4bin3_Lmaxsplit4bin2: 0.01              239907 vs 242962
/home/groups/tabel/mahlet/quaia-env/lib/python3.10/site-packages/Corrfunc/utils.py:918: UserWarning: One or more input array has non-native endianness!  A copy will be made with the correct endianness.
  warnings.warn("One or more input array has non-native endianness!  A copy will"\
DD: 0.096954
DR: 3.8725870000000002
RR: 27.553249
saved to _G20.5_rmin0.001_rmax10.0_nbins30_zsplit4bin3_Lmaxsplit4bin2_Planck_MC_b0
Pixels masked by MC but not already by selfunc: 3970
G20.5_zsplit4bin3_Lmaxsplit4bin3: 0.01              319980 vs 323950
/home/groups/tabel/mahlet/quaia-env/lib/python3.10/site-packages/Corrfunc/utils.py:918: UserWarning: One or more input array has non-native endianness!  A copy will be made with the correct endianness.
  warnings.warn("One or more input array has non-native endianness!  A copy will"\
DD: 0.149691
DR: 6.538007
RR: 53.927938
saved to _G20.5_rmin0.001_rmax10.0_nbins30_zsplit4bin3_Lmaxsplit4bin3_Planck_MC_b0
done!
