Starting batch job

G20.5: computing wtheta in 10 bins from 0.1 to 25.0 on a log scale...

Pixels masked by MC but not already by selfunc: 0
G20.5_zmin0.0zmax1.0_Lmax-20.0: 0.67              108323 vs 324336
[Warning] The CPU supports AVX512F but the compiler does not.  Can you try another compiler?
/home/groups/tabel/mahlet/quaia-env/lib/python3.10/site-packages/Corrfunc/utils.py:918: UserWarning: One or more input array has non-native endianness!  A copy will be made with the correct endianness.
  warnings.warn("One or more input array has non-native endianness!  A copy will"\
DD: 0.26112199999999997
DR: 8.973579
RR: 95.139186
saved to _G20.5_rmin0.1_rmax25.0_nbins10_zmin0.0zmax1.0_Lmax-20.0_Planck_MC_b50
Pixels masked by MC but not already by selfunc: 0
G20.5_zmin0.0zmax1.0_Lmax-25.0: 0.76              13469 vs 55261
/home/groups/tabel/mahlet/quaia-env/lib/python3.10/site-packages/Corrfunc/utils.py:918: UserWarning: One or more input array has non-native endianness!  A copy will be made with the correct endianness.
  warnings.warn("One or more input array has non-native endianness!  A copy will"\
DD: 0.005353999999999999
DR: 0.19652400000000003
RR: 1.397635
saved to _G20.5_rmin0.1_rmax25.0_nbins10_zmin0.0zmax1.0_Lmax-25.0_Planck_MC_b50
Pixels masked by MC but not already by selfunc: 0
G20.5_zmin0.0zmax1.0_Lmax-26.0: 0.79              2602 vs 12557
/home/groups/tabel/mahlet/quaia-env/lib/python3.10/site-packages/Corrfunc/utils.py:918: UserWarning: One or more input array has non-native endianness!  A copy will be made with the correct endianness.
  warnings.warn("One or more input array has non-native endianness!  A copy will"\
DD: 0.0014609999999999998
DR: 0.023714
RR: 0.084465
saved to _G20.5_rmin0.1_rmax25.0_nbins10_zmin0.0zmax1.0_Lmax-26.0_Planck_MC_b50
Pixels masked by MC but not already by selfunc: 0
G20.5_zmin0.0zmax1.0_Lmax-27.0: 0.85              295 vs 1922
/home/groups/tabel/mahlet/quaia-env/lib/python3.10/site-packages/Corrfunc/utils.py:918: UserWarning: One or more input array has non-native endianness!  A copy will be made with the correct endianness.
  warnings.warn("One or more input array has non-native endianness!  A copy will"\
DD: 0.000379
DR: 0.003564
RR: 0.0055
saved to _G20.5_rmin0.1_rmax25.0_nbins10_zmin0.0zmax1.0_Lmax-27.0_Planck_MC_b50
Pixels masked by MC but not already by selfunc: 0
G20.5_zmin1.0zmax2.0_Lmax-20.0: 0.65              226858 vs 648196
/home/groups/tabel/mahlet/quaia-env/lib/python3.10/site-packages/Corrfunc/utils.py:918: UserWarning: One or more input array has non-native endianness!  A copy will be made with the correct endianness.
  warnings.warn("One or more input array has non-native endianness!  A copy will"\
DD: 0.552546
DR: 36.233275
RR: 436.361868
saved to _G20.5_rmin0.1_rmax25.0_nbins10_zmin1.0zmax2.0_Lmax-20.0_Planck_MC_b50
Pixels masked by MC but not already by selfunc: 0
G20.5_zmin1.0zmax2.0_Lmax-25.0: 0.68              161893 vs 502242
/home/groups/tabel/mahlet/quaia-env/lib/python3.10/site-packages/Corrfunc/utils.py:918: UserWarning: One or more input array has non-native endianness!  A copy will be made with the correct endianness.
  warnings.warn("One or more input array has non-native endianness!  A copy will"\
DD: 0.29262
DR: 18.629862
RR: 219.451311
saved to _G20.5_rmin0.1_rmax25.0_nbins10_zmin1.0zmax2.0_Lmax-25.0_Planck_MC_b50
Pixels masked by MC but not already by selfunc: 0
G20.5_zmin1.0zmax2.0_Lmax-26.0: 0.73              50254 vs 185134
/home/groups/tabel/mahlet/quaia-env/lib/python3.10/site-packages/Corrfunc/utils.py:918: UserWarning: One or more input array has non-native endianness!  A copy will be made with the correct endianness.
  warnings.warn("One or more input array has non-native endianness!  A copy will"\
DD: 0.038953999999999996
DR: 1.972857
RR: 19.103925
saved to _G20.5_rmin0.1_rmax25.0_nbins10_zmin1.0zmax2.0_Lmax-26.0_Planck_MC_b50
Pixels masked by MC but not already by selfunc: 0
G20.5_zmin1.0zmax2.0_Lmax-27.0: 0.77              9041 vs 38757
/home/groups/tabel/mahlet/quaia-env/lib/python3.10/site-packages/Corrfunc/utils.py:918: UserWarning: One or more input array has non-native endianness!  A copy will be made with the correct endianness.
  warnings.warn("One or more input array has non-native endianness!  A copy will"\
DD: 0.008352
DR: 0.111415
RR: 0.6289100000000001
saved to _G20.5_rmin0.1_rmax25.0_nbins10_zmin1.0zmax2.0_Lmax-27.0_Planck_MC_b50
Pixels masked by MC but not already by selfunc: 0
G20.5_zmin2.0zmax3.0_Lmax-20.0: 0.63              107434 vs 286508
/home/groups/tabel/mahlet/quaia-env/lib/python3.10/site-packages/Corrfunc/utils.py:918: UserWarning: One or more input array has non-native endianness!  A copy will be made with the correct endianness.
  warnings.warn("One or more input array has non-native endianness!  A copy will"\
DD: 0.138616
DR: 8.413334
RR: 91.957703
saved to _G20.5_rmin0.1_rmax25.0_nbins10_zmin2.0zmax3.0_Lmax-20.0_Planck_MC_b50
Pixels masked by MC but not already by selfunc: 0
G20.5_zmin2.0zmax3.0_Lmax-25.0: 0.63              107434 vs 286508
/home/groups/tabel/mahlet/quaia-env/lib/python3.10/site-packages/Corrfunc/utils.py:918: UserWarning: One or more input array has non-native endianness!  A copy will be made with the correct endianness.
  warnings.warn("One or more input array has non-native endianness!  A copy will"\
DD: 0.141392
DR: 7.935946
RR: 89.654904
saved to _G20.5_rmin0.1_rmax25.0_nbins10_zmin2.0zmax3.0_Lmax-25.0_Planck_MC_b50
Pixels masked by MC but not already by selfunc: 0
G20.5_zmin2.0zmax3.0_Lmax-26.0: 0.64              93020 vs 259755
/home/groups/tabel/mahlet/quaia-env/lib/python3.10/site-packages/Corrfunc/utils.py:918: UserWarning: One or more input array has non-native endianness!  A copy will be made with the correct endianness.
  warnings.warn("One or more input array has non-native endianness!  A copy will"\
DD: 0.119033
DR: 6.636089
RR: 67.538666
saved to _G20.5_rmin0.1_rmax25.0_nbins10_zmin2.0zmax3.0_Lmax-26.0_Planck_MC_b50
Pixels masked by MC but not already by selfunc: 0
G20.5_zmin2.0zmax3.0_Lmax-27.0: 0.71              30074 vs 103123
/home/groups/tabel/mahlet/quaia-env/lib/python3.10/site-packages/Corrfunc/utils.py:918: UserWarning: One or more input array has non-native endianness!  A copy will be made with the correct endianness.
  warnings.warn("One or more input array has non-native endianness!  A copy will"\
DD: 0.01612
DR: 0.695471
RR: 6.570104
saved to _G20.5_rmin0.1_rmax25.0_nbins10_zmin2.0zmax3.0_Lmax-27.0_Planck_MC_b50
Pixels masked by MC but not already by selfunc: 0
G20.5_zmin3.0zmax4.6_Lmax-20.0: 0.60              14706 vs 36458
/home/groups/tabel/mahlet/quaia-env/lib/python3.10/site-packages/Corrfunc/utils.py:918: UserWarning: One or more input array has non-native endianness!  A copy will be made with the correct endianness.
  warnings.warn("One or more input array has non-native endianness!  A copy will"\
DD: 0.006193
DR: 0.168012
RR: 0.958914
saved to _G20.5_rmin0.1_rmax25.0_nbins10_zmin3.0zmax4.6_Lmax-20.0_Planck_MC_b50
Pixels masked by MC but not already by selfunc: 0
G20.5_zmin3.0zmax4.6_Lmax-25.0: 0.60              14706 vs 36458
/home/groups/tabel/mahlet/quaia-env/lib/python3.10/site-packages/Corrfunc/utils.py:918: UserWarning: One or more input array has non-native endianness!  A copy will be made with the correct endianness.
  warnings.warn("One or more input array has non-native endianness!  A copy will"\
DD: 0.006104
DR: 0.16910999999999998
RR: 0.94184
saved to _G20.5_rmin0.1_rmax25.0_nbins10_zmin3.0zmax4.6_Lmax-25.0_Planck_MC_b50
Pixels masked by MC but not already by selfunc: 0
G20.5_zmin3.0zmax4.6_Lmax-26.0: 0.60              14706 vs 36458
/home/groups/tabel/mahlet/quaia-env/lib/python3.10/site-packages/Corrfunc/utils.py:918: UserWarning: One or more input array has non-native endianness!  A copy will be made with the correct endianness.
  warnings.warn("One or more input array has non-native endianness!  A copy will"\
DD: 0.006083
DR: 0.166126
RR: 0.944945
saved to _G20.5_rmin0.1_rmax25.0_nbins10_zmin3.0zmax4.6_Lmax-26.0_Planck_MC_b50
Pixels masked by MC but not already by selfunc: 0
G20.5_zmin3.0zmax4.6_Lmax-27.0: 0.63              10601 vs 28981
/home/groups/tabel/mahlet/quaia-env/lib/python3.10/site-packages/Corrfunc/utils.py:918: UserWarning: One or more input array has non-native endianness!  A copy will be made with the correct endianness.
  warnings.warn("One or more input array has non-native endianness!  A copy will"\
DD: 0.004259
DR: 0.105072
RR: 0.555461
saved to _G20.5_rmin0.1_rmax25.0_nbins10_zmin3.0zmax4.6_Lmax-27.0_Planck_MC_b50
done!
