Starting batch job

G20.5: computing wtheta in 30 bins from 0.001 to 10.0 on a log scale...

Pixels masked by MC but not already by selfunc: 898
G20.5_zmin0.0zmax1.0_Lsplit3bin0: 0.42              62241 vs 108112
[Warning] The CPU supports AVX512F but the compiler does not.  Can you try another compiler?
/home/groups/tabel/mahlet/quaia-env/lib/python3.10/site-packages/Corrfunc/utils.py:918: UserWarning: One or more input array has non-native endianness!  A copy will be made with the correct endianness.
  warnings.warn("One or more input array has non-native endianness!  A copy will"\
DD: 0.029200999999999998
DR: 0.696398
RR: 3.295569
saved to _G20.5_rmin0.001_rmax10.0_nbins30_zmin0.0zmax1.0_Lsplit3bin0_Planck_MC_b30
Pixels masked by MC but not already by selfunc: 804
G20.5_zmin0.0zmax1.0_Lsplit3bin1: 0.30              76183 vs 108112
/home/groups/tabel/mahlet/quaia-env/lib/python3.10/site-packages/Corrfunc/utils.py:918: UserWarning: One or more input array has non-native endianness!  A copy will be made with the correct endianness.
  warnings.warn("One or more input array has non-native endianness!  A copy will"\
DD: 0.026824999999999998
DR: 0.890952
RR: 4.273482
saved to _G20.5_rmin0.001_rmax10.0_nbins30_zmin0.0zmax1.0_Lsplit3bin1_Planck_MC_b30
Pixels masked by MC but not already by selfunc: 766
G20.5_zmin0.0zmax1.0_Lsplit3bin2: 0.26              79941 vs 108112
/home/groups/tabel/mahlet/quaia-env/lib/python3.10/site-packages/Corrfunc/utils.py:918: UserWarning: One or more input array has non-native endianness!  A copy will be made with the correct endianness.
  warnings.warn("One or more input array has non-native endianness!  A copy will"\
DD: 0.029015
DR: 0.934084
RR: 4.447147
saved to _G20.5_rmin0.001_rmax10.0_nbins30_zmin0.0zmax1.0_Lsplit3bin2_Planck_MC_b30
Pixels masked by MC but not already by selfunc: 1793
G20.5_zmin1.0zmax2.0_Lsplit3bin0: 0.39              131078 vs 216065
/home/groups/tabel/mahlet/quaia-env/lib/python3.10/site-packages/Corrfunc/utils.py:918: UserWarning: One or more input array has non-native endianness!  A copy will be made with the correct endianness.
  warnings.warn("One or more input array has non-native endianness!  A copy will"\
DD: 0.054891999999999996
DR: 2.102607
RR: 13.289321
saved to _G20.5_rmin0.001_rmax10.0_nbins30_zmin1.0zmax2.0_Lsplit3bin0_Planck_MC_b30
Pixels masked by MC but not already by selfunc: 1578
G20.5_zmin1.0zmax2.0_Lsplit3bin1: 0.29              152625 vs 216065
/home/groups/tabel/mahlet/quaia-env/lib/python3.10/site-packages/Corrfunc/utils.py:918: UserWarning: One or more input array has non-native endianness!  A copy will be made with the correct endianness.
  warnings.warn("One or more input array has non-native endianness!  A copy will"\
DD: 0.065193
DR: 2.536353
RR: 17.253928
saved to _G20.5_rmin0.001_rmax10.0_nbins30_zmin1.0zmax2.0_Lsplit3bin1_Planck_MC_b30
Pixels masked by MC but not already by selfunc: 1414
G20.5_zmin1.0zmax2.0_Lsplit3bin2: 0.22              169525 vs 216066
/home/groups/tabel/mahlet/quaia-env/lib/python3.10/site-packages/Corrfunc/utils.py:918: UserWarning: One or more input array has non-native endianness!  A copy will be made with the correct endianness.
  warnings.warn("One or more input array has non-native endianness!  A copy will"\
DD: 0.07935099999999999
DR: 3.166653
RR: 21.855118
saved to _G20.5_rmin0.001_rmax10.0_nbins30_zmin1.0zmax2.0_Lsplit3bin2_Planck_MC_b30
Pixels masked by MC but not already by selfunc: 994
G20.5_zmin2.0zmax3.0_Lsplit3bin0: 0.38              59553 vs 95503
/home/groups/tabel/mahlet/quaia-env/lib/python3.10/site-packages/Corrfunc/utils.py:918: UserWarning: One or more input array has non-native endianness!  A copy will be made with the correct endianness.
  warnings.warn("One or more input array has non-native endianness!  A copy will"\
DD: 0.019999
DR: 0.6288720000000001
RR: 2.7259320000000002
saved to _G20.5_rmin0.001_rmax10.0_nbins30_zmin2.0zmax3.0_Lsplit3bin0_Planck_MC_b30
Pixels masked by MC but not already by selfunc: 901
G20.5_zmin2.0zmax3.0_Lsplit3bin1: 0.27              69397 vs 95502
/home/groups/tabel/mahlet/quaia-env/lib/python3.10/site-packages/Corrfunc/utils.py:918: UserWarning: One or more input array has non-native endianness!  A copy will be made with the correct endianness.
  warnings.warn("One or more input array has non-native endianness!  A copy will"\
DD: 0.025619
DR: 0.713517
RR: 3.513278
saved to _G20.5_rmin0.001_rmax10.0_nbins30_zmin2.0zmax3.0_Lsplit3bin1_Planck_MC_b30
Pixels masked by MC but not already by selfunc: 869
G20.5_zmin2.0zmax3.0_Lsplit3bin2: 0.18              78652 vs 95503
/home/groups/tabel/mahlet/quaia-env/lib/python3.10/site-packages/Corrfunc/utils.py:918: UserWarning: One or more input array has non-native endianness!  A copy will be made with the correct endianness.
  warnings.warn("One or more input array has non-native endianness!  A copy will"\
DD: 0.030795
DR: 0.858764
RR: 4.148559
saved to _G20.5_rmin0.001_rmax10.0_nbins30_zmin2.0zmax3.0_Lsplit3bin2_Planck_MC_b30
Pixels masked by MC but not already by selfunc: 129
G20.5_zmin3.0zmax4.6_Lsplit3bin0: 0.31              8375 vs 12153
/home/groups/tabel/mahlet/quaia-env/lib/python3.10/site-packages/Corrfunc/utils.py:918: UserWarning: One or more input array has non-native endianness!  A copy will be made with the correct endianness.
  warnings.warn("One or more input array has non-native endianness!  A copy will"\
DD: 0.004894
DR: 0.048616
RR: 0.086578
saved to _G20.5_rmin0.001_rmax10.0_nbins30_zmin3.0zmax4.6_Lsplit3bin0_Planck_MC_b30
Pixels masked by MC but not already by selfunc: 93
G20.5_zmin3.0zmax4.6_Lsplit3bin1: 0.23              9313 vs 12152
/home/groups/tabel/mahlet/quaia-env/lib/python3.10/site-packages/Corrfunc/utils.py:918: UserWarning: One or more input array has non-native endianness!  A copy will be made with the correct endianness.
  warnings.warn("One or more input array has non-native endianness!  A copy will"\
DD: 0.005059
DR: 0.052546999999999996
RR: 0.09006600000000009
saved to _G20.5_rmin0.001_rmax10.0_nbins30_zmin3.0zmax4.6_Lsplit3bin1_Planck_MC_b30
Pixels masked by MC but not already by selfunc: 85
G20.5_zmin3.0zmax4.6_Lsplit3bin2: 0.15              10355 vs 12153
/home/groups/tabel/mahlet/quaia-env/lib/python3.10/site-packages/Corrfunc/utils.py:918: UserWarning: One or more input array has non-native endianness!  A copy will be made with the correct endianness.
  warnings.warn("One or more input array has non-native endianness!  A copy will"\
DD: 0.005095
DR: 0.052584
RR: 0.094844
saved to _G20.5_rmin0.001_rmax10.0_nbins30_zmin3.0zmax4.6_Lsplit3bin2_Planck_MC_b30
done!
