Starting batch job

G20.5: computing wtheta in 30 bins from 0.001 to 10.0 on a log scale for 50 jackknife regions...
--L: maxsplit

z: [0.0, 1.0, 2.0, 3.0, 4.6] minmax None
L: None maxsplit 2
Pixels masked by MC but not already by selfunc: 455
G20.5_zmin0.0zmax1.0_Lmaxsplit2bin0: 0.56              70563 vs 162168
[Warning] The CPU supports AVX512F but the compiler does not.  Can you try another compiler?
/home/groups/tabel/mahlet/quaia-env/lib/python3.10/site-packages/Corrfunc/utils.py:918: UserWarning: One or more input array has non-native endianness!  A copy will be made with the correct endianness.
  warnings.warn("One or more input array has non-native endianness!  A copy will"\
DD: 0.058079
DR: 0.856849
RR: 4.461711
DD: 0.024426
DR: 0.803392
RR: 4.166947
DD: 0.024079999999999997
DR: 0.806581
RR: 4.196088
DD: 0.024142
DR: 0.793578
RR: 4.197779
DD: 0.024044
DR: 0.8014479999999999
RR: 4.19678
DD: 0.023223
DR: 0.801009
RR: 4.205877
DD: 0.023313999999999998
DR: 0.790918
RR: 4.232221
DD: 0.024269
DR: 0.800141
RR: 4.258651
DD: 0.023835
DR: 0.8093079999999999
RR: 4.326374
DD: 0.023895
DR: 0.833676
RR: 4.420849
DD: 0.025252
DR: 0.851788
RR: 4.486894
DD: 0.024426
DR: 0.8492580000000001
RR: 4.479287
DD: 0.024187
DR: 0.848962
RR: 4.492731
DD: 0.024229999999999998
DR: 0.837744
RR: 4.488429
DD: 0.024265
DR: 0.851375
RR: 4.487969
DD: 0.025131999999999998
DR: 0.837047
RR: 4.506438
DD: 0.024170999999999998
DR: 0.845183
RR: 4.479131
DD: 0.024359
DR: 0.843156
RR: 4.482499
DD: 0.031486
DR: 0.8675740000000001
RR: 4.480328
DD: 0.023715999999999997
DR: 0.835485
RR: 4.392997
DD: 0.023625999999999998
DR: 0.8154870000000001
RR: 4.324035
DD: 0.024177999999999998
DR: 0.812017
RR: 4.256199
DD: 0.023128
DR: 0.799819
RR: 4.223425
DD: 0.023215
DR: 0.790926
RR: 4.199566
DD: 0.023186
DR: 0.7976909999999999
RR: 4.198617
DD: 0.023119999999999998
DR: 0.795609
RR: 4.191061
DD: 0.022969
DR: 0.8048029999999999
RR: 4.181677
DD: 0.022955999999999997
DR: 0.804411
RR: 4.212775
DD: 0.023291
DR: 0.798755
RR: 4.201921
DD: 0.023069
DR: 0.7980269999999999
RR: 4.225689
DD: 0.023181
DR: 0.800315
RR: 4.24233
DD: 0.023215
DR: 0.8066369999999999
RR: 4.262183
DD: 0.023429
DR: 0.813565
RR: 4.298794
DD: 0.023986999999999998
DR: 0.81645
RR: 4.374183
DD: 0.024012000000000033
DR: 0.839044
RR: 4.447701
DD: 0.025189
DR: 0.842064
RR: 4.480774
DD: 0.024662
DR: 0.841584
RR: 4.472987
DD: 0.024356
DR: 0.833232
RR: 4.47027
DD: 0.024315
DR: 0.837763
RR: 4.474655
DD: 0.024541999999999998
DR: 0.838692
RR: 4.476469
DD: 0.024581
DR: 0.841445
RR: 4.479891
DD: 0.024433
DR: 0.841713
RR: 4.4807690000000004
DD: 0.024569999999999998
DR: 0.837936
RR: 4.499979
DD: 0.024456000000000033
DR: 0.835855
RR: 4.504075
DD: 0.027032999999999998
DR: 0.827177
RR: 4.414413
DD: 0.024694999999999998
DR: 0.831968
RR: 4.343853
DD: 0.024468999999999998
DR: 0.8085
RR: 4.264577
DD: 0.023628
DR: 0.803018
RR: 4.257696
DD: 0.024173
DR: 0.807914
RR: 4.221123
DD: 0.02472400000000008
DR: 0.8027150000000001
RR: 4.24239
saved to _G20.5_rmin0.001_rmax10.0_nbins30_zmin0.0zmax1.0_Lmaxsplit2bin0_N50_Planck_MC_b40

Pixels masked by MC but not already by selfunc: 941
G20.5_zmin0.0zmax1.0_Lmaxsplit2bin1: 0.50              161804 vs 324336
/home/groups/tabel/mahlet/quaia-env/lib/python3.10/site-packages/Corrfunc/utils.py:918: UserWarning: One or more input array has non-native endianness!  A copy will be made with the correct endianness.
  warnings.warn("One or more input array has non-native endianness!  A copy will"\
DD: 0.072016
DR: 2.981687
RR: 23.864001000000002
DD: 0.072424
DR: 2.978798
RR: 23.580932
DD: 0.071
DR: 2.966404
RR: 23.635645
DD: 0.071547
DR: 2.974044
RR: 23.647622
DD: 0.07173
DR: 2.986888
RR: 23.704775
DD: 0.072437
DR: 2.995701
RR: 23.877735
DD: 0.07235699999999999
DR: 3.020524
RR: 24.060803
DD: 0.073285
DR: 3.018583
RR: 24.310935
DD: 0.074136
DR: 3.063619
RR: 24.635777
DD: 0.07495700000000005
DR: 3.115947
RR: 25.104947
DD: 0.075475
DR: 3.156207
RR: 25.387203
DD: 0.07550599999999999
DR: 3.145209
RR: 25.409783
DD: 0.075505
DR: 3.151582
RR: 25.426197
DD: 0.07550599999999999
DR: 3.144481
RR: 25.442894
DD: 0.075852
DR: 3.14248
RR: 25.393779
DD: 0.074906
DR: 3.147583
RR: 25.453101
DD: 0.075242
DR: 3.155598
RR: 25.516613
DD: 0.07568899999999999
DR: 3.160962
RR: 25.612068999999998
DD: 0.07506600000000008
DR: 3.14526
RR: 25.418968
DD: 0.07392599999999999
DR: 3.101937
RR: 24.902038
DD: 0.07151199999999999
DR: 3.024524
RR: 24.382469
DD: 0.071269
DR: 2.998214
RR: 24.09676
DD: 0.07107
DR: 2.971023
RR: 23.936251
DD: 0.071055
DR: 2.95737
RR: 23.747062
DD: 0.07019299999999999
DR: 2.966545
RR: 23.786821
DD: 0.070126
DR: 2.942415
RR: 23.622564
DD: 0.069836
DR: 2.930586
RR: 23.494556
DD: 0.07026199999999999
DR: 2.940571
RR: 23.51506
DD: 0.07081699999999999
DR: 2.944233
RR: 23.495579
DD: 0.070254
DR: 2.9359830000000002
RR: 23.719828
DD: 0.070876
DR: 2.963144
RR: 23.816629
DD: 0.072228
DR: 2.987558
RR: 23.965055
DD: 0.07142500000000007
DR: 3.001104
RR: 24.235266
DD: 0.073182
DR: 3.045351
RR: 24.627225
DD: 0.07339699999999999
DR: 3.101499
RR: 25.185977
DD: 0.07437099999999999
DR: 3.141281
RR: 25.480237
DD: 0.074628
DR: 3.146936
RR: 25.507544
DD: 0.074483
DR: 3.144336
RR: 25.512203
DD: 0.073906
DR: 3.152036
RR: 25.586904
DD: 0.074208
DR: 3.1529059999999998
RR: 25.620499
DD: 0.075265
DR: 3.159374
RR: 25.616789
DD: 0.07435000000000003
DR: 3.1615349999999998
RR: 25.607293
DD: 0.074691
DR: 3.158093
RR: 25.61086
DD: 0.074297
DR: 3.156495
RR: 25.571924
DD: 0.074058
DR: 3.103521
RR: 25.235836
DD: 0.07167899999999999
DR: 3.059083
RR: 24.699041
DD: 0.071812
DR: 3.027038
RR: 24.380332
DD: 0.070932
DR: 3.009755
RR: 24.195419
DD: 0.07298100000000007
DR: 2.989042
RR: 23.938184
DD: 0.071006
DR: 2.990784
RR: 24.03864
saved to _G20.5_rmin0.001_rmax10.0_nbins30_zmin0.0zmax1.0_Lmaxsplit2bin1_N50_Planck_MC_b40

Pixels masked by MC but not already by selfunc: 940
G20.5_zmin1.0zmax2.0_Lmaxsplit2bin0: 0.55              146331 vs 324098
/home/groups/tabel/mahlet/quaia-env/lib/python3.10/site-packages/Corrfunc/utils.py:918: UserWarning: One or more input array has non-native endianness!  A copy will be made with the correct endianness.
  warnings.warn("One or more input array has non-native endianness!  A copy will"\
DD: 0.060939999999999994
DR: 2.513903
RR: 19.361318
DD: 0.061707
DR: 2.509847
RR: 19.169849
DD: 0.060915
DR: 2.503087
RR: 19.170414
DD: 0.061593999999999996
DR: 2.5029019999999997
RR: 19.162316
DD: 0.060639
DR: 2.500096
RR: 19.159124
DD: 0.061292
DR: 2.503598
RR: 19.160917
DD: 0.061957
DR: 2.513334
RR: 19.353718
DD: 0.061960999999999995
DR: 2.541504
RR: 19.553977
DD: 0.063661
DR: 2.580708
RR: 19.916127
DD: 0.06337
DR: 2.615065
RR: 20.298791
DD: 0.064124
DR: 2.648762
RR: 20.676112
DD: 0.063682
DR: 2.64504
RR: 20.67185
DD: 0.064652
DR: 2.652927
RR: 20.782829
DD: 0.063678
DR: 2.65132
RR: 20.721773
DD: 0.064487
DR: 2.645442
RR: 20.690001
DD: 0.06358699999999999
DR: 2.649867
RR: 20.660394
DD: 0.064566
DR: 2.650736
RR: 20.683385
DD: 0.064024
DR: 2.641404
RR: 20.65167
DD: 0.063792
DR: 2.641103
RR: 20.597329
DD: 0.062455
DR: 2.594415
RR: 20.215218
DD: 0.061611
DR: 2.549881
RR: 19.84119
DD: 0.061019
DR: 2.528377
RR: 19.556519
DD: 0.060402
DR: 2.506206
RR: 19.404955
DD: 0.060791
DR: 2.49498
RR: 19.309275
DD: 0.060195
DR: 2.50493
RR: 19.304923
DD: 0.060113
DR: 2.486417
RR: 19.203115
DD: 0.061349999999999995
DR: 2.475139
RR: 19.105835
DD: 0.060417
DR: 2.477658
RR: 19.121857
DD: 0.060190999999999995
DR: 2.480522
RR: 19.105496
DD: 0.060228
DR: 2.493102
RR: 19.216128
DD: 0.060995
DR: 2.509241
RR: 19.3073
DD: 0.061786999999999995
DR: 2.526767
RR: 19.410145
DD: 0.062322999999999996
DR: 2.535967
RR: 19.655857
DD: 0.062792
DR: 2.569052
RR: 19.972468
DD: 0.06311
DR: 2.615641
RR: 20.412909
DD: 0.06447100000000006
DR: 2.651187
RR: 20.66863
DD: 0.064035
DR: 2.644802
RR: 20.673086
DD: 0.063926
DR: 2.643761
RR: 20.654808
DD: 0.063974
DR: 2.644721
RR: 20.685971
DD: 0.063874
DR: 2.648087
RR: 20.652664
DD: 0.063667
DR: 2.64159
RR: 20.682052
DD: 0.063953
DR: 2.641878
RR: 20.686769
DD: 0.064784
DR: 2.648476
RR: 20.674697
DD: 0.06337999999999999
DR: 2.641389
RR: 20.570203
DD: 0.06346399999999999
DR: 2.5904220000000002
RR: 20.186525
DD: 0.061911999999999995
DR: 2.5524430000000002
RR: 19.834088
DD: 0.061245999999999995
DR: 2.525766
RR: 19.552012
DD: 0.061772999999999995
DR: 2.509375
RR: 19.383658
DD: 0.060821999999999994
DR: 2.499095
RR: 19.312271
DD: 0.060086
DR: 2.497381
RR: 19.344016
saved to _G20.5_rmin0.001_rmax10.0_nbins30_zmin1.0zmax2.0_Lmaxsplit2bin0_N50_Planck_MC_b40

Pixels masked by MC but not already by selfunc: 1944
G20.5_zmin1.0zmax2.0_Lmaxsplit2bin1: 0.48              336889 vs 648196
/home/groups/tabel/mahlet/quaia-env/lib/python3.10/site-packages/Corrfunc/utils.py:918: UserWarning: One or more input array has non-native endianness!  A copy will be made with the correct endianness.
  warnings.warn("One or more input array has non-native endianness!  A copy will"\
DD: 0.221834
DR: 11.36163
RR: 115.863363
DD: 0.22222799999999998
DR: 11.274182
RR: 114.630165
DD: 0.22192399999999998
DR: 11.30796
RR: 114.841043
DD: 0.22134300000000007
DR: 11.300269
RR: 114.943607
DD: 0.222552
DR: 11.311171
RR: 115.291188
DD: 0.222893
DR: 11.36473
RR: 115.878178
DD: 0.224681
DR: 11.425991
RR: 116.847517
DD: 0.22585600000000006
DR: 11.536793
RR: 117.880034
DD: 0.22752399999999998
DR: 11.679317
RR: 119.847904
DD: 0.23099499999999998
DR: 11.902022
RR: 122.103695
DD: 0.23421799999999998
DR: 12.079091
RR: 124.001147
DD: 0.234092
DR: 12.074659
RR: 124.025472
DD: 0.234367
DR: 12.095191
RR: 124.209582
DD: 0.23413099999999998
DR: 12.092336
RR: 124.055315
DD: 0.23473
DR: 12.118176
RR: 124.200109
DD: 0.23413399999999998
DR: 12.086634
RR: 124.060744
DD: 0.23415899999999998
DR: 12.089047
RR: 124.209693
DD: 0.23426
DR: 12.071275
RR: 124.023231
DD: 0.233253
DR: 12.021761
RR: 123.567253
DD: 0.22880499999999998
DR: 11.796518
RR: 121.273747
DD: 0.22553600000000007
DR: 11.586386
RR: 118.613709
DD: 0.223373
DR: 11.430488
RR: 116.876792
DD: 0.222435
DR: 11.363381
RR: 115.953645
DD: 0.221267
DR: 11.280194999999999
RR: 115.278496
DD: 0.22120299999999998
DR: 11.305324
RR: 115.326415
DD: 0.219469
DR: 11.229567
RR: 114.656838
DD: 0.219799
DR: 11.179353
RR: 113.980442
DD: 0.22000200000000003
DR: 11.201385
RR: 114.297609
DD: 0.21961999999999998
DR: 11.196396
RR: 114.07659
DD: 0.221545
DR: 11.285749
RR: 114.719698
DD: 0.222324
DR: 11.346221
RR: 115.418183
DD: 0.223681
DR: 11.413154
RR: 116.343549
DD: 0.2247760000000001
DR: 11.516852
RR: 117.974316
DD: 0.22746999999999998
DR: 11.692962
RR: 120.228375
DD: 0.23072500000000007
DR: 11.909889
RR: 122.564583
DD: 0.234624
DR: 12.111973
RR: 124.271899
DD: 0.234763
DR: 12.117138
RR: 124.42106
DD: 0.234673
DR: 12.09905
RR: 124.344933
DD: 0.23476200000000003
DR: 12.098944
RR: 124.459998
DD: 0.23463900000000004
DR: 12.094522
RR: 124.358608
DD: 0.23501000000000005
DR: 12.099335
RR: 124.412431
DD: 0.23433700000000002
DR: 12.091289
RR: 124.305191
DD: 0.23435799999999998
DR: 12.11193
RR: 124.39828
DD: 0.233308
DR: 12.050739
RR: 123.877057
DD: 0.229595
DR: 11.868518
RR: 121.788493
DD: 0.226526
DR: 11.661243
RR: 119.325485
DD: 0.224522
DR: 11.529085
RR: 117.603099
DD: 0.224248
DR: 11.447412
RR: 116.697245
DD: 0.22245500000000007
DR: 11.380937
RR: 115.925518
DD: 0.22224
DR: 11.388386
RR: 116.426863
saved to _G20.5_rmin0.001_rmax10.0_nbins30_zmin1.0zmax2.0_Lmaxsplit2bin1_N50_Planck_MC_b40

Pixels masked by MC but not already by selfunc: 420
G20.5_zmin2.0zmax3.0_Lmaxsplit2bin0: 0.53              66928 vs 143254
/home/groups/tabel/mahlet/quaia-env/lib/python3.10/site-packages/Corrfunc/utils.py:918: UserWarning: One or more input array has non-native endianness!  A copy will be made with the correct endianness.
  warnings.warn("One or more input array has non-native endianness!  A copy will"\
DD: 0.021963
DR: 0.704615
RR: 3.737641
DD: 0.021942
DR: 0.6942159999999999
RR: 3.702244
DD: 0.021984
DR: 0.697805
RR: 3.705658
DD: 0.021917
DR: 0.698577
RR: 3.714192
DD: 0.021949999999999997
DR: 0.696877
RR: 3.7222429999999997
DD: 0.022625
DR: 0.7089840000000001
RR: 3.736913
DD: 0.022054
DR: 0.703921
RR: 3.749592
DD: 0.022171
DR: 0.709389
RR: 3.785982
DD: 0.022383
DR: 0.717693
RR: 3.84552
DD: 0.022604
DR: 0.731155
RR: 3.916734
DD: 0.022785
DR: 0.737134
RR: 3.9666420000000002
DD: 0.022881
DR: 0.738435
RR: 3.976201
DD: 0.022848999999999998
DR: 0.736358
RR: 3.972576
DD: 0.02289
DR: 0.739879
RR: 3.968785
DD: 0.022872
DR: 0.736295
RR: 3.973353
DD: 0.022838999999999998
DR: 0.737577
RR: 3.969434
DD: 0.022848
DR: 0.738676
RR: 3.973407
DD: 0.023541
DR: 0.7440450000000001
RR: 3.971376
DD: 0.022837
DR: 0.733149
RR: 3.955408
DD: 0.022507
DR: 0.721125
RR: 3.882843
DD: 0.022084
DR: 0.711283
RR: 3.81676
DD: 0.022158999999999998
DR: 0.7062440000000001
RR: 3.767881
DD: 0.022026
DR: 0.701767
RR: 3.737854
DD: 0.021872
DR: 0.698423
RR: 3.720409
DD: 0.021814999999999998
DR: 0.694512
RR: 3.7258519999999997
DD: 0.02178900000000006
DR: 0.6932750000000001
RR: 3.706241
DD: 0.021724
DR: 0.6924319999999999
RR: 3.688034
DD: 0.021768
DR: 0.694616
RR: 3.696369
DD: 0.021838
DR: 0.692976
RR: 3.707282
DD: 0.021842999999999998
DR: 0.69713
RR: 3.722412
DD: 0.021924
DR: 0.698836
RR: 3.738441
DD: 0.021995999999999998
DR: 0.700454
RR: 3.75437
DD: 0.022111
DR: 0.706431
RR: 3.787946
DD: 0.022292
DR: 0.713684
RR: 3.852886
DD: 0.022609
DR: 0.725506
RR: 3.926088
DD: 0.022872
DR: 0.737365
RR: 3.978262
DD: 0.023499
DR: 0.747838
RR: 3.974091
DD: 0.022883999999999998
DR: 0.7366900000000001
RR: 3.968954
DD: 0.022848999999999998
DR: 0.737269
RR: 3.9697
DD: 0.022824999999999998
DR: 0.737061
RR: 3.967648
DD: 0.022869999999999998
DR: 0.737807
RR: 3.970083
DD: 0.022934
DR: 0.738166
RR: 3.971155
DD: 0.022890999999999998
DR: 0.738509
RR: 3.970171
DD: 0.022792
DR: 0.7336830000000001
RR: 3.952304
DD: 0.022446000000000077
DR: 0.7203930000000001
RR: 3.883725
DD: 0.022047
DR: 0.711046
RR: 3.81844
DD: 0.022047
DR: 0.704348
RR: 3.769667
DD: 0.021922999999999998
DR: 0.7010240000000001
RR: 3.7386619999999997
DD: 0.021879
DR: 0.699249
RR: 3.725181
DD: 0.021855
DR: 0.697989
RR: 3.736603
saved to _G20.5_rmin0.001_rmax10.0_nbins30_zmin2.0zmax3.0_Lmaxsplit2bin0_N50_Planck_MC_b40

Pixels masked by MC but not already by selfunc: 908
G20.5_zmin2.0zmax3.0_Lmaxsplit2bin1: 0.45              156946 vs 286508
/home/groups/tabel/mahlet/quaia-env/lib/python3.10/site-packages/Corrfunc/utils.py:918: UserWarning: One or more input array has non-native endianness!  A copy will be made with the correct endianness.
  warnings.warn("One or more input array has non-native endianness!  A copy will"\
DD: 0.068769
DR: 2.82311
RR: 22.282837
DD: 0.067898
DR: 2.807542
RR: 22.111597
DD: 0.067746
DR: 2.812795
RR: 22.126726
DD: 0.067568
DR: 2.806648
RR: 22.139957
DD: 0.067691
DR: 2.806824
RR: 22.207501
DD: 0.06865199999999999
DR: 2.824387
RR: 22.319702
DD: 0.068566
DR: 2.84887
RR: 22.497675
DD: 0.068798
DR: 2.856627
RR: 22.705418
DD: 0.070617
DR: 2.902181
RR: 23.038643
DD: 0.07063699999999999
DR: 2.952439
RR: 23.474006
DD: 0.0711
DR: 2.989598
RR: 23.844105
DD: 0.072243
DR: 2.994656
RR: 23.860339
DD: 0.071563
DR: 2.994432
RR: 23.839278
DD: 0.07148
DR: 2.988386
RR: 23.846559
DD: 0.07227299999999999
DR: 2.996884
RR: 23.833858
DD: 0.07133199999999999
DR: 2.999369
RR: 23.830925
DD: 0.07210799999999999
DR: 2.990072
RR: 23.853251
DD: 0.07137399999999999
DR: 2.993732
RR: 23.832001
DD: 0.071007
DR: 2.973161
RR: 23.722871
DD: 0.07067999999999999
DR: 2.933729
RR: 23.245861
DD: 0.06899999999999999
DR: 2.880264
RR: 22.795385
DD: 0.06924
DR: 2.836335
RR: 22.457096
DD: 0.067759
DR: 2.827753
RR: 22.327721
DD: 0.06741
DR: 2.812097
RR: 22.1856
DD: 0.068205
DR: 2.810613
RR: 22.181776
DD: 0.06717
DR: 2.801314
RR: 22.042048
DD: 0.067068
DR: 2.785876
RR: 21.910467
DD: 0.068145
DR: 2.793309
RR: 21.946227
DD: 0.06737499999999999
DR: 2.798426
RR: 21.996654
DD: 0.067483
DR: 2.8061249999999998
RR: 22.095121
DD: 0.068744
DR: 2.827027
RR: 22.237651
DD: 0.068315
DR: 2.843694
RR: 22.383286
DD: 0.06863
DR: 2.866142
RR: 22.660062
DD: 0.07041499999999999
DR: 2.904054
RR: 23.015636
DD: 0.070579
DR: 2.943906
RR: 23.468673
DD: 0.071494
DR: 2.985641
RR: 23.828988
DD: 0.072295
DR: 2.98756
RR: 23.85028
DD: 0.07160699999999999
DR: 2.99959
RR: 23.858526
DD: 0.072221
DR: 2.993741
RR: 23.831545
DD: 0.071505
DR: 2.99546
RR: 23.844857
DD: 0.071435
DR: 3.003395
RR: 23.851264
DD: 0.07227499999999999
DR: 2.995457
RR: 23.862309
DD: 0.071639
DR: 3.000524
RR: 23.845919
DD: 0.071952
DR: 2.980644
RR: 23.776042
DD: 0.070134
DR: 2.936271
RR: 23.399519
DD: 0.06930499999999999
DR: 2.892495
RR: 22.949325
DD: 0.069365
DR: 2.87987
RR: 22.649571
DD: 0.068255
DR: 2.840298
RR: 22.444256
DD: 0.068062
DR: 2.820529
RR: 22.308932
DD: 0.068616
DR: 2.833029
RR: 22.360097
saved to _G20.5_rmin0.001_rmax10.0_nbins30_zmin2.0zmax3.0_Lmaxsplit2bin1_N50_Planck_MC_b40

Pixels masked by MC but not already by selfunc: 55
G20.5_zmin3.0zmax4.6_Lmaxsplit2bin0: 0.49              9350 vs 18229
/home/groups/tabel/mahlet/quaia-env/lib/python3.10/site-packages/Corrfunc/utils.py:918: UserWarning: One or more input array has non-native endianness!  A copy will be made with the correct endianness.
  warnings.warn("One or more input array has non-native endianness!  A copy will"\
DD: 0.004181
DR: 0.050086
RR: 0.10027599999999999
DD: 0.0041129999999999995
DR: 0.049999999999999996
RR: 0.10000099999999999
DD: 0.004082
DR: 0.050005
RR: 0.100281
DD: 0.004102
DR: 0.050224
RR: 0.100423
DD: 0.0040669999999999994
DR: 0.049956999999999994
RR: 0.100267
DD: 0.0040409999999999995
DR: 0.050262
RR: 0.100561
DD: 0.004032
DR: 0.050144999999999995
RR: 0.101008
DD: 0.004025
DR: 0.050535
RR: 0.101572
DD: 0.00411
DR: 0.050851999999999994
RR: 0.103029
DD: 0.004083
DR: 0.051279
RR: 0.10423099999999999
DD: 0.004193
DR: 0.051944
RR: 0.10571399999999999
DD: 0.0041459999999999995
DR: 0.051883
RR: 0.105531
DD: 0.004127
DR: 0.051676
RR: 0.10559099999999999
DD: 0.0041589999999999995
DR: 0.051793
RR: 0.105469
DD: 0.0040809999999999996
DR: 0.051758
RR: 0.105415
DD: 0.004088
DR: 0.051559
RR: 0.105406
DD: 0.004122
DR: 0.051632
RR: 0.105419
DD: 0.004116
DR: 0.05164
RR: 0.105435
DD: 0.004114
DR: 0.05157
RR: 0.10492399999999999
DD: 0.0041259999999999995
DR: 0.050689
RR: 0.103018
DD: 0.004095
DR: 0.050135
RR: 0.10178799999999999
DD: 0.004025
DR: 0.049795
RR: 0.100926
DD: 0.003991
DR: 0.049602999999999994
RR: 0.10017799999999999
DD: 0.004020999999999999
DR: 0.049491
RR: 0.099814
DD: 0.004003
DR: 0.049418
RR: 0.099885
DD: 0.0040219999999999995
DR: 0.049409999999999996
RR: 0.099536
DD: 0.0040539999999999994
DR: 0.049713999999999994
RR: 0.099661
DD: 0.004033999999999999
DR: 0.049734
RR: 0.099575
DD: 0.004047
DR: 0.049748999999999995
RR: 0.099927
DD: 0.0040669999999999994
DR: 0.049788
RR: 0.09994199999999999
DD: 0.004063
DR: 0.049727999999999994
RR: 0.10021000000000002
DD: 0.004065
DR: 0.050102999999999995
RR: 0.10072199999999999
DD: 0.004128
DR: 0.050203
RR: 0.10153799999999999
DD: 0.004128
DR: 0.050692
RR: 0.102683
DD: 0.004076
DR: 0.051282999999999995
RR: 0.10413299999999999
DD: 0.0041789999999999996
DR: 0.051886999999999996
RR: 0.105553
DD: 0.004164999999999999
DR: 0.052168
RR: 0.10547999999999999
DD: 0.004155
DR: 0.051955999999999995
RR: 0.105432
DD: 0.004183
DR: 0.051725
RR: 0.10535299999999999
DD: 0.00406
DR: 0.052023
RR: 0.105699
DD: 0.004212
DR: 0.051946
RR: 0.105623
DD: 0.004143
DR: 0.051996
RR: 0.10568300000000008
DD: 0.004201
DR: 0.051911
RR: 0.10559099999999999
DD: 0.004149
DR: 0.05177
RR: 0.105196
DD: 0.004154
DR: 0.050764
RR: 0.103306
DD: 0.0040539999999999994
DR: 0.0500250000000001
RR: 0.10197099999999999
DD: 0.004068
DR: 0.050046999999999994
RR: 0.101037
DD: 0.004
DR: 0.049786
RR: 0.100438
DD: 0.004045
DR: 0.049739
RR: 0.099966
DD: 0.003962
DR: 0.049603999999999995
RR: 0.09976099999999999
saved to _G20.5_rmin0.001_rmax10.0_nbins30_zmin3.0zmax4.6_Lmaxsplit2bin0_N50_Planck_MC_b40

Pixels masked by MC but not already by selfunc: 123
G20.5_zmin3.0zmax4.6_Lmaxsplit2bin1: 0.41              21375 vs 36458
/home/groups/tabel/mahlet/quaia-env/lib/python3.10/site-packages/Corrfunc/utils.py:918: UserWarning: One or more input array has non-native endianness!  A copy will be made with the correct endianness.
  warnings.warn("One or more input array has non-native endianness!  A copy will"\
DD: 0.007135
DR: 0.12706699999999999
RR: 0.355089
DD: 0.007187
DR: 0.126352
RR: 0.35373299999999996
DD: 0.007161
DR: 0.12662199999999998
RR: 0.353896
DD: 0.007153
DR: 0.126775
RR: 0.354796
DD: 0.007188
DR: 0.127459
RR: 0.35504
DD: 0.007176
DR: 0.12764499999999998
RR: 0.356201
DD: 0.007189999999999999
DR: 0.1281150000000001
RR: 0.358245
DD: 0.007201
DR: 0.128519
RR: 0.36043900000000006
DD: 0.007333999999999999
DR: 0.129082
RR: 0.364244
DD: 0.007271
DR: 0.13045099999999998
RR: 0.37015699999999996
DD: 0.007462
DR: 0.13253000000000004
RR: 0.375965
DD: 0.007356
DR: 0.13214599999999999
RR: 0.37586700000000006
DD: 0.0074979999999999995
DR: 0.132655
RR: 0.37620600000000004
DD: 0.007389
DR: 0.13247599999999998
RR: 0.37611
DD: 0.007403
DR: 0.13250399999999998
RR: 0.375921
DD: 0.007397
DR: 0.132263
RR: 0.37610699999999997
DD: 0.00741
DR: 0.132369
RR: 0.37579000000000007
DD: 0.00748
DR: 0.132551
RR: 0.376125
DD: 0.007385999999999999
DR: 0.131583
RR: 0.374534
DD: 0.007297
DR: 0.12985500000000005
RR: 0.369177
DD: 0.007774
DR: 0.130543
RR: 0.361965
DD: 0.007241999999999999
DR: 0.12745
RR: 0.3582890000000001
DD: 0.007156
DR: 0.127251
RR: 0.35622699999999996
DD: 0.007124999999999999
DR: 0.126151
RR: 0.354324
DD: 0.0071589999999999996
DR: 0.125912
RR: 0.35294800000000004
DD: 0.007103
DR: 0.12539
RR: 0.352134
DD: 0.00714
DR: 0.12581799999999999
RR: 0.351696
DD: 0.007142
DR: 0.125826
RR: 0.351832
DD: 0.0071779999999999995
DR: 0.12609499999999998
RR: 0.352854
DD: 0.007116
DR: 0.12642799999999998
RR: 0.354425
DD: 0.007174
DR: 0.126682
RR: 0.355031
DD: 0.007195
DR: 0.12764799999999998
RR: 0.35698700000000005
DD: 0.007252
DR: 0.128449
RR: 0.3608450000000001
DD: 0.007343
DR: 0.128964
RR: 0.364494
DD: 0.007325
DR: 0.130496
RR: 0.37054699999999996
DD: 0.007434
DR: 0.132609
RR: 0.375724
DD: 0.007396
DR: 0.13215
RR: 0.37586600000000003
DD: 0.007402
DR: 0.13222399999999998
RR: 0.375907
DD: 0.00743
DR: 0.132204
RR: 0.375714
DD: 0.0073869999999999995
DR: 0.132497
RR: 0.375751
DD: 0.007435
DR: 0.132514
RR: 0.375818
DD: 0.007463999999999999
DR: 0.13255899999999998
RR: 0.37564
DD: 0.007424999999999999
DR: 0.132166
RR: 0.37614899999999996
DD: 0.007359999999999999
DR: 0.13178100000000004
RR: 0.374969
DD: 0.007271
DR: 0.130052
RR: 0.36979800000000007
DD: 0.007264
DR: 0.128558
RR: 0.363216
DD: 0.007231
DR: 0.128404
RR: 0.359504
DD: 0.007176999999999999
DR: 0.12763100000000005
RR: 0.35823499999999997
DD: 0.007162
DR: 0.127794
RR: 0.355669
DD: 0.00707
DR: 0.126106
RR: 0.353807
saved to _G20.5_rmin0.001_rmax10.0_nbins30_zmin3.0zmax4.6_Lmaxsplit2bin1_N50_Planck_MC_b40

done!
