Starting batch job

G20.5: computing wtheta in 30 bins from 0.001 to 10.0 on a log scale...

Pixels masked by MC but not already by selfunc: 1178
G20.5_zmin0.0zmax1.0_Lsplit3bin0: 0.05              102677 vs 108112
/home/groups/tabel/mahlet/quaia-env/lib/python3.10/site-packages/Corrfunc/utils.py:918: UserWarning: One or more input array has non-native endianness!  A copy will be made with the correct endianness.
  warnings.warn("One or more input array has non-native endianness!  A copy will"\
DD: 0.047227
DR: 1.357149
RR: 7.298166
saved to _G20.5_rmin0.001_rmax10.0_nbins30_zmin0.0zmax1.0_Lsplit3bin0_Planck_MC_b10
Pixels masked by MC but not already by selfunc: 1049
G20.5_zmin0.0zmax1.0_Lsplit3bin1: 0.02              105942 vs 108112
/home/groups/tabel/mahlet/quaia-env/lib/python3.10/site-packages/Corrfunc/utils.py:918: UserWarning: One or more input array has non-native endianness!  A copy will be made with the correct endianness.
  warnings.warn("One or more input array has non-native endianness!  A copy will"\
DD: 0.040295
DR: 1.3380770000000002
RR: 7.393529
saved to _G20.5_rmin0.001_rmax10.0_nbins30_zmin0.0zmax1.0_Lsplit3bin1_Planck_MC_b10
Pixels masked by MC but not already by selfunc: 967
G20.5_zmin0.0zmax1.0_Lsplit3bin2: 0.02              106450 vs 108112
/home/groups/tabel/mahlet/quaia-env/lib/python3.10/site-packages/Corrfunc/utils.py:918: UserWarning: One or more input array has non-native endianness!  A copy will be made with the correct endianness.
  warnings.warn("One or more input array has non-native endianness!  A copy will"\
DD: 0.041002000000000094
DR: 1.376976
RR: 8.159785
saved to _G20.5_rmin0.001_rmax10.0_nbins30_zmin0.0zmax1.0_Lsplit3bin2_Planck_MC_b10
Pixels masked by MC but not already by selfunc: 2348
G20.5_zmin1.0zmax2.0_Lsplit3bin0: 0.03              208673 vs 216065
/home/groups/tabel/mahlet/quaia-env/lib/python3.10/site-packages/Corrfunc/utils.py:918: UserWarning: One or more input array has non-native endianness!  A copy will be made with the correct endianness.
  warnings.warn("One or more input array has non-native endianness!  A copy will"\
DD: 0.098851
DR: 4.0346589999999996
RR: 30.585564
saved to _G20.5_rmin0.001_rmax10.0_nbins30_zmin1.0zmax2.0_Lsplit3bin0_Planck_MC_b10
Pixels masked by MC but not already by selfunc: 2062
G20.5_zmin1.0zmax2.0_Lsplit3bin1: 0.02              212284 vs 216065
/home/groups/tabel/mahlet/quaia-env/lib/python3.10/site-packages/Corrfunc/utils.py:918: UserWarning: One or more input array has non-native endianness!  A copy will be made with the correct endianness.
  warnings.warn("One or more input array has non-native endianness!  A copy will"\
DD: 0.107515
DR: 4.098556
RR: 33.229036
saved to _G20.5_rmin0.001_rmax10.0_nbins30_zmin1.0zmax2.0_Lsplit3bin1_Planck_MC_b10
Pixels masked by MC but not already by selfunc: 1798
G20.5_zmin1.0zmax2.0_Lsplit3bin2: 0.01              213594 vs 216066
/home/groups/tabel/mahlet/quaia-env/lib/python3.10/site-packages/Corrfunc/utils.py:918: UserWarning: One or more input array has non-native endianness!  A copy will be made with the correct endianness.
  warnings.warn("One or more input array has non-native endianness!  A copy will"\
DD: 0.115854
DR: 4.823005
RR: 37.296155
saved to _G20.5_rmin0.001_rmax10.0_nbins30_zmin1.0zmax2.0_Lsplit3bin2_Planck_MC_b10
Pixels masked by MC but not already by selfunc: 1251
G20.5_zmin2.0zmax3.0_Lsplit3bin0: 0.03              92418 vs 95503
/home/groups/tabel/mahlet/quaia-env/lib/python3.10/site-packages/Corrfunc/utils.py:918: UserWarning: One or more input array has non-native endianness!  A copy will be made with the correct endianness.
  warnings.warn("One or more input array has non-native endianness!  A copy will"\
DD: 0.03616
DR: 1.233701
RR: 5.965812
saved to _G20.5_rmin0.001_rmax10.0_nbins30_zmin2.0zmax3.0_Lsplit3bin0_Planck_MC_b10
Pixels masked by MC but not already by selfunc: 1215
G20.5_zmin2.0zmax3.0_Lsplit3bin1: 0.02              93844 vs 95502
/home/groups/tabel/mahlet/quaia-env/lib/python3.10/site-packages/Corrfunc/utils.py:918: UserWarning: One or more input array has non-native endianness!  A copy will be made with the correct endianness.
  warnings.warn("One or more input array has non-native endianness!  A copy will"\
DD: 0.037425
DR: 1.286499
RR: 6.48057
saved to _G20.5_rmin0.001_rmax10.0_nbins30_zmin2.0zmax3.0_Lsplit3bin1_Planck_MC_b10
Pixels masked by MC but not already by selfunc: 1110
G20.5_zmin2.0zmax3.0_Lsplit3bin2: 0.01              94294 vs 95503
/home/groups/tabel/mahlet/quaia-env/lib/python3.10/site-packages/Corrfunc/utils.py:918: UserWarning: One or more input array has non-native endianness!  A copy will be made with the correct endianness.
  warnings.warn("One or more input array has non-native endianness!  A copy will"\
DD: 0.04179100000000002
DR: 1.3809559999999999
RR: 7.059142
saved to _G20.5_rmin0.001_rmax10.0_nbins30_zmin2.0zmax3.0_Lsplit3bin2_Planck_MC_b10
Pixels masked by MC but not already by selfunc: 157
G20.5_zmin3.0zmax4.6_Lsplit3bin0: 0.02              11893 vs 12153
/home/groups/tabel/mahlet/quaia-env/lib/python3.10/site-packages/Corrfunc/utils.py:918: UserWarning: One or more input array has non-native endianness!  A copy will be made with the correct endianness.
  warnings.warn("One or more input array has non-native endianness!  A copy will"\
DD: 0.008371
DR: 0.10395499999999999
RR: 0.18819600000000003
saved to _G20.5_rmin0.001_rmax10.0_nbins30_zmin3.0zmax4.6_Lsplit3bin0_Planck_MC_b10
Pixels masked by MC but not already by selfunc: 117
G20.5_zmin3.0zmax4.6_Lsplit3bin1: 0.01              12016 vs 12152
/home/groups/tabel/mahlet/quaia-env/lib/python3.10/site-packages/Corrfunc/utils.py:918: UserWarning: One or more input array has non-native endianness!  A copy will be made with the correct endianness.
  warnings.warn("One or more input array has non-native endianness!  A copy will"\
DD: 0.008284999999999999
DR: 0.109874
RR: 0.18767599999999998
saved to _G20.5_rmin0.001_rmax10.0_nbins30_zmin3.0zmax4.6_Lsplit3bin1_Planck_MC_b10
Pixels masked by MC but not already by selfunc: 112
G20.5_zmin3.0zmax4.6_Lsplit3bin2: 0.01              12036 vs 12153
/home/groups/tabel/mahlet/quaia-env/lib/python3.10/site-packages/Corrfunc/utils.py:918: UserWarning: One or more input array has non-native endianness!  A copy will be made with the correct endianness.
  warnings.warn("One or more input array has non-native endianness!  A copy will"\
DD: 0.008298
DR: 0.10525799999999999
RR: 0.18659099999999998
saved to _G20.5_rmin0.001_rmax10.0_nbins30_zmin3.0zmax4.6_Lsplit3bin2_Planck_MC_b10
done!
