Starting batch job

G20.5: computing wtheta in 30 bins from 0.001 to 10.0 on a log scale for 50 jackknife regions...
--L: split

z: [0.0, 1.0, 2.0, 3.0, 4.6] minmax None
L: None split 3
Pixels masked by MC but not already by selfunc: 283
G20.5_zmin0.0zmax1.0_Lsplit3bin0: 0.59              44049 vs 108112
/home/groups/tabel/mahlet/quaia-env/lib/python3.10/site-packages/Corrfunc/utils.py:918: UserWarning: One or more input array has non-native endianness!  A copy will be made with the correct endianness.
  warnings.warn("One or more input array has non-native endianness!  A copy will"\
DD: 0.018962
DR: 0.526455
RR: 3.024451
DD: 0.016898
DR: 0.558201
RR: 2.159932
DD: 0.016881999999999998
DR: 0.495487
RR: 2.876091
DD: 0.017984999999999998
DR: 0.5279349999999999
RR: 2.368116
DD: 0.017068
DR: 0.538396
RR: 2.367172
DD: 0.017203
DR: 0.524377
RR: 2.381409
DD: 0.017114
DR: 0.572676
RR: 2.524508
DD: 0.016923
DR: 0.540609
RR: 2.455207
DD: 0.017825
DR: 0.541046
RR: 2.510796
DD: 0.017697
DR: 0.551138
RR: 2.720587
DD: 0.018061999999999998
DR: 0.550254
RR: 2.533848
DD: 0.01772
DR: 0.5508230000000001
RR: 2.5306990000000003
DD: 0.017481
DR: 0.5511060000000001
RR: 2.515284
DD: 0.017796
DR: 0.564807
RR: 2.529116
DD: 0.017554
DR: 0.560767
RR: 2.554529
DD: 0.017842
DR: 0.5590040000000001
RR: 2.962225
DD: 0.017286
DR: 0.556461
RR: 2.300542
DD: 0.017426999999999998
DR: 0.563843
RR: 2.742339
DD: 0.018252
DR: 0.535263
RR: 2.3043430000000003
DD: 0.017193
DR: 0.5179480000000001
RR: 2.3847240000000003
DD: 0.020649999999999998
DR: 0.593599
RR: 2.448778
DD: 0.017327
DR: 0.53284
RR: 2.38186
DD: 0.016831
DR: 0.526961
RR: 2.343289
DD: 0.016135
DR: 0.524155
RR: 2.358715
DD: 0.016011
DR: 0.528914
RR: 2.342792
DD: 0.01617
DR: 0.528416
RR: 2.356644
DD: 0.016019
DR: 0.529711
RR: 2.362781
DD: 0.016294
DR: 0.531702
RR: 2.360554
DD: 0.016243999999999998
DR: 0.52878
RR: 2.357205
DD: 0.016507
DR: 0.529922
RR: 2.378586
DD: 0.016645
DR: 0.529617
RR: 2.372182
DD: 0.016762
DR: 0.5430330000000001
RR: 2.5071440000000003
DD: 0.016337
DR: 0.542274
RR: 2.473318
DD: 0.016649
DR: 0.524448
RR: 2.212951
DD: 0.016321
DR: 0.575601
RR: 2.270184
DD: 0.01647
DR: 0.561508
RR: 2.539554
DD: 0.016541
DR: 0.5263
RR: 2.387696
DD: 0.017255
DR: 0.5513
RR: 2.407346
DD: 0.018393
DR: 0.5499149999999999
RR: 2.5014979999999998
DD: 0.01739
DR: 0.563841
RR: 2.489029
DD: 0.017501
DR: 0.5511250000000001
RR: 2.508392
DD: 0.017665
DR: 0.562817
RR: 2.4920020000000003
DD: 0.017384
DR: 0.562946
RR: 2.472517
DD: 0.017629
DR: 0.560221
RR: 2.447634
DD: 0.017161
DR: 0.540177
RR: 2.40706
DD: 0.017418
DR: 0.53835
RR: 2.376446
DD: 0.017110999999999998
DR: 0.52623
RR: 2.339257
DD: 0.016877
DR: 0.539197
RR: 2.314153
DD: 0.01696
DR: 0.518102
RR: 2.306344
DD: 0.016836
DR: 0.516388
RR: 2.314771
saved to _G20.5_rmin0.001_rmax10.0_nbins30_zmin0.0zmax1.0_Lsplit3bin0_N50_Planck_MC_b40

Pixels masked by MC but not already by selfunc: 331
G20.5_zmin0.0zmax1.0_Lsplit3bin1: 0.47              56978 vs 108112
/home/groups/tabel/mahlet/quaia-env/lib/python3.10/site-packages/Corrfunc/utils.py:918: UserWarning: One or more input array has non-native endianness!  A copy will be made with the correct endianness.
  warnings.warn("One or more input array has non-native endianness!  A copy will"\
DD: 0.020753
DR: 0.7466630000000001
RR: 3.77478
DD: 0.021138999999999998
DR: 0.6919379999999999
RR: 3.153047
DD: 0.021217
DR: 0.826204
RR: 3.846577
DD: 0.021158
DR: 0.7127600000000001
RR: 3.376427
DD: 0.02137
DR: 0.706634
RR: 3.400864
DD: 0.021228
DR: 0.7138089999999999
RR: 3.375845
DD: 0.021366
DR: 0.715068
RR: 3.440309
DD: 0.021502
DR: 0.707997
RR: 3.464511
DD: 0.021473
DR: 0.728769
RR: 3.587713
DD: 0.022057
DR: 0.7376969999999999
RR: 3.778521
DD: 0.022985
DR: 0.737487
RR: 3.607812
DD: 0.022372
DR: 0.745977
RR: 3.578494
DD: 0.021748
DR: 0.682074
RR: 3.322323
DD: 0.021582
DR: 0.682482
RR: 4.212811
DD: 0.022324
DR: 0.713858
RR: 3.339785
DD: 0.02146
DR: 1.50317
RR: 3.627695
DD: 0.023230999999999998
DR: 0.756085
RR: 3.729138
DD: 0.022935
DR: 0.723551
RR: 3.586052
DD: 0.022647999999999998
DR: 0.721398
RR: 3.574018
DD: 0.0225
DR: 0.7247939999999999
RR: 3.5037380000000002
DD: 0.02293
DR: 0.700376
RR: 3.431369
DD: 0.021641999999999998
DR: 0.6966549999999999
RR: 3.3974729999999997
DD: 0.021027999999999998
DR: 0.691617
RR: 3.370698
DD: 0.021174
DR: 0.690411
RR: 3.647301
DD: 0.021535
DR: 0.69685
RR: 3.277507
DD: 0.020738
DR: 0.662466
RR: 3.113011
DD: 0.021609
DR: 0.7187600000000001
RR: 3.42073
DD: 0.021901999999999998
DR: 0.685859
RR: 3.125801
DD: 0.021939999999999998
DR: 0.7156549999999999
RR: 3.4778919999999998
DD: 0.023119999999999998
DR: 0.725965
RR: 3.646073
DD: 0.023211
DR: 0.749244
RR: 3.72008
DD: 0.023996
DR: 0.7626930000000001
RR: 3.743344
DD: 0.023284
DR: 0.759842
RR: 3.769195
DD: 0.023462999999999998
DR: 0.759439
RR: 3.820601
DD: 0.023572
DR: 0.769211
RR: 3.873392
DD: 0.031908
DR: 0.781352
RR: 3.975693
DD: 0.023358999999999998
DR: 0.797072
RR: 4.01348
DD: 0.022928
DR: 0.774743
RR: 3.628109
DD: 0.021585
DR: 0.735374
RR: 3.465701
DD: 0.022206999999999998
DR: 0.7554069999999999
RR: 3.631349
DD: 0.021450999999999998
DR: 0.733441
RR: 3.47031
DD: 0.021876
DR: 0.75243
RR: 3.947043
DD: 0.023195999999999998
DR: 0.769534
RR: 3.973043
DD: 0.02265600000000001
DR: 0.772987
RR: 3.8803549999999998
DD: 0.022140999999999997
DR: 0.843507
RR: 3.999792
DD: 0.022723
DR: 0.7478509999999999
RR: 3.954916
DD: 0.022035
DR: 0.824087
RR: 3.916672
DD: 0.022498999999999998
DR: 0.739898
RR: 3.767287
DD: 0.022094
DR: 0.7318399999999999
RR: 3.681178
DD: 0.022203999999999998
DR: 0.735547
RR: 3.715724
saved to _G20.5_rmin0.001_rmax10.0_nbins30_zmin0.0zmax1.0_Lsplit3bin1_N50_Planck_MC_b40

Pixels masked by MC but not already by selfunc: 327
G20.5_zmin0.0zmax1.0_Lsplit3bin2: 0.44              60777 vs 108112
/home/groups/tabel/mahlet/quaia-env/lib/python3.10/site-packages/Corrfunc/utils.py:918: UserWarning: One or more input array has non-native endianness!  A copy will be made with the correct endianness.
  warnings.warn("One or more input array has non-native endianness!  A copy will"\
DD: 0.0223
DR: 0.805566
RR: 3.88094
DD: 0.022088999999999998
DR: 0.729071
RR: 3.605524
DD: 0.022638
DR: 0.761733
RR: 3.95078
DD: 0.023093
DR: 0.780742
RR: 4.105363
DD: 0.023167999999999998
DR: 0.831052
RR: 4.404327
DD: 0.023739999999999997
DR: 0.7652410000000001
RR: 4.064488
DD: 0.023781999999999998
DR: 0.76547
RR: 4.064259
DD: 0.023625999999999998
DR: 0.779779
RR: 4.128812
DD: 0.02378
DR: 0.837441
RR: 4.307059
DD: 0.024433999999999997
DR: 0.816492
RR: 4.293467
DD: 0.02565
DR: 0.818847
RR: 4.08572
DD: 0.022848
DR: 0.8561679999999999
RR: 3.909761
DD: 0.024186
DR: 0.835997
RR: 4.061445
DD: 0.023045
DR: 0.771799
RR: 4.1034
DD: 0.024541999999999998
DR: 0.793057
RR: 4.269783
DD: 0.025448
DR: 0.838412
RR: 4.442769
DD: 0.024745999999999997
DR: 0.7982269999999999
RR: 4.679222
DD: 0.024675
DR: 0.798568
RR: 4.336394
DD: 0.024546
DR: 0.806451
RR: 4.479222
DD: 0.024468
DR: 0.7951980000000001
RR: 4.235496
DD: 0.024914
DR: 0.781907
RR: 4.141305
DD: 0.023444
DR: 0.770729
RR: 4.106675
DD: 0.023492
DR: 0.72594
RR: 3.562529
DD: 0.022126
DR: 0.7007519999999999
RR: 3.935903
DD: 0.022567999999999998
DR: 0.682419
RR: 3.503844
DD: 0.021667
DR: 0.709269
RR: 4.124496
DD: 0.023429
DR: 0.799304
RR: 4.161967
DD: 0.022827
DR: 0.738299
RR: 3.868369
DD: 0.022722
DR: 0.7396670000000001
RR: 3.877199
DD: 0.022917
DR: 0.739109
RR: 3.912166
DD: 0.022684
DR: 0.744569
RR: 3.915254
DD: 0.022685999999999998
DR: 0.795106
RR: 3.958101
DD: 0.023299999999999998
DR: 0.768168
RR: 4.321042
DD: 0.023122999999999998
DR: 0.8185629999999999
RR: 4.5876470000000005
DD: 0.023849
DR: 0.775394
RR: 3.6698180000000002
DD: 0.023164999999999998
DR: 0.7631680000000001
RR: 4.416383
DD: 0.023267
DR: 0.766965
RR: 3.671259
DD: 0.022774
DR: 0.830194
RR: 4.222186
DD: 0.02344
DR: 0.783391
RR: 4.100075
DD: 0.02359
DR: 0.852299
RR: 4.624114
DD: 0.024256999999999997
DR: 0.854942
RR: 4.677789
DD: 0.023953
DR: 0.847497
RR: 4.652145
DD: 0.024196
DR: 0.864645
RR: 4.736743
DD: 0.023825
DR: 0.8666860000000001
RR: 4.755853
DD: 0.024326
DR: 0.835032
RR: 4.771475
DD: 0.022931999999999998
DR: 0.7492730000000001
RR: 3.617951
DD: 0.022289
DR: 0.871327
RR: 4.198004
DD: 0.022015
DR: 0.750061
RR: 4.074075
DD: 0.024978999999999998
DR: 0.7859119999999999
RR: 4.498068
DD: 0.022932000000000063
DR: 0.7844880000000001
RR: 4.619711
saved to _G20.5_rmin0.001_rmax10.0_nbins30_zmin0.0zmax1.0_Lsplit3bin2_N50_Planck_MC_b40

Pixels masked by MC but not already by selfunc: 625
G20.5_zmin1.0zmax2.0_Lsplit3bin0: 0.57              92299 vs 216065
/home/groups/tabel/mahlet/quaia-env/lib/python3.10/site-packages/Corrfunc/utils.py:918: UserWarning: One or more input array has non-native endianness!  A copy will be made with the correct endianness.
  warnings.warn("One or more input array has non-native endianness!  A copy will"\
DD: 0.03991
DR: 1.6574010000000001
RR: 11.79799
DD: 0.038447999999999996
DR: 1.660917
RR: 9.72212
DD: 0.035398
DR: 1.6155499999999998
RR: 8.977213
DD: 0.035502000000000034
DR: 1.592522
RR: 11.288134
DD: 0.037764
DR: 1.595158
RR: 11.680226
DD: 0.038848
DR: 1.618988
RR: 11.816973
DD: 0.038514
DR: 1.650078
RR: 9.419319
DD: 0.037339
DR: 1.696086
RR: 9.295745
DD: 0.035921
DR: 1.671637
RR: 11.439611
DD: 0.038289
DR: 1.70203
RR: 12.165587
DD: 0.041038
DR: 1.695263
RR: 12.270807
DD: 0.04078
DR: 1.443358
RR: 10.18847
DD: 0.036757
DR: 1.438401
RR: 11.08762
DD: 0.038484
DR: 1.699611
RR: 11.982955
DD: 0.041146999999999996
DR: 1.688485
RR: 12.104051
DD: 0.041846
DR: 1.693734
RR: 11.063082
DD: 0.03709499999999999
DR: 1.383073
RR: 9.843742
DD: 0.037107999999999995
DR: 1.70087
RR: 12.078167
DD: 0.040205
DR: 1.664544
RR: 12.059527
DD: 0.039707
DR: 1.663115
RR: 12.030074
DD: 0.041356
DR: 1.64722
RR: 9.441096
DD: 0.036413
DR: 1.492904
RR: 9.280917
DD: 0.035813
DR: 1.6023779999999999
RR: 11.262917
DD: 0.038847
DR: 1.5760459999999998
RR: 11.184989
DD: 0.038313
DR: 1.590098
RR: 11.596655
DD: 0.039293
DR: 1.62828
RR: 9.090276
DD: 0.035722
DR: 1.5719210000000001
RR: 8.966882
DD: 0.035585
DR: 1.601673
RR: 11.349169
DD: 0.038065999999999996
DR: 1.658755
RR: 10.481327
DD: 0.038636
DR: 1.593165
RR: 11.493424
DD: 0.037831
DR: 1.608644
RR: 8.962191
DD: 0.035619
DR: 1.607865
RR: 9.942061
DD: 0.036927
DR: 1.61866
RR: 10.967923
DD: 0.037961999999999996
DR: 1.6327349999999998
RR: 11.580204
DD: 0.03942
DR: 1.6481240000000001
RR: 11.810786
DD: 0.041339999999999995
DR: 1.503025
RR: 11.039707
DD: 0.036198999999999995
DR: 1.421725
RR: 9.841348
DD: 0.038128999999999996
DR: 1.68641
RR: 12.066962
DD: 0.039416
DR: 1.6686489999999998
RR: 12.43843
DD: 0.04177
DR: 1.711312
RR: 12.176482
DD: 0.036793
DR: 1.4594550000000002
RR: 10.734963
DD: 0.036502
DR: 1.652818
RR: 10.761388
DD: 0.039013
DR: 1.7195770000000001
RR: 12.46493
DD: 0.041641
DR: 1.710795
RR: 12.327948
DD: 0.039691
DR: 1.673109
RR: 10.19232
DD: 0.036844999999999996
DR: 1.627541
RR: 9.209512
DD: 0.03616
DR: 1.5665
RR: 12.167533
DD: 0.038201
DR: 1.601038
RR: 11.719625
DD: 0.038675
DR: 1.575443
RR: 12.077996
DD: 0.039437
DR: 1.706104
RR: 9.1133
saved to _G20.5_rmin0.001_rmax10.0_nbins30_zmin1.0zmax2.0_Lsplit3bin0_N50_Planck_MC_b40

Pixels masked by MC but not already by selfunc: 646
G20.5_zmin1.0zmax2.0_Lsplit3bin1: 0.48              112657 vs 216065
/home/groups/tabel/mahlet/quaia-env/lib/python3.10/site-packages/Corrfunc/utils.py:918: UserWarning: One or more input array has non-native endianness!  A copy will be made with the correct endianness.
  warnings.warn("One or more input array has non-native endianness!  A copy will"\
DD: 0.052912999999999995
DR: 2.168613
RR: 16.746691
DD: 0.050558
DR: 2.188892
RR: 16.406668
DD: 0.050552
DR: 1.8724020000000001
RR: 12.809998
DD: 0.04444500000000007
DR: 1.899291
RR: 13.972597
DD: 0.047999
DR: 2.088164
RR: 16.182808
DD: 0.050234999999999995
DR: 2.159418
RR: 15.779183
DD: 0.045517999999999996
DR: 1.95749
RR: 13.282606
DD: 0.046793999999999995
DR: 2.206699
RR: 16.980808
DD: 0.05153
DR: 2.267365
RR: 17.495396
DD: 0.053186
DR: 2.326478
RR: 13.688548
DD: 0.047632
DR: 1.958227
RR: 14.103849
DD: 0.048894
DR: 2.259191
RR: 17.218845
DD: 0.054585999999999996
DR: 2.280105
RR: 17.355292
DD: 0.048076
DR: 1.944617
RR: 14.999414
DD: 0.048421
DR: 2.216006
RR: 17.346182
DD: 0.055055
DR: 2.254864
RR: 17.436302
DD: 0.053811
DR: 2.3156689999999998
RR: 13.814651
DD: 0.047119999999999995
DR: 1.897535
RR: 14.969826
DD: 0.048666
DR: 2.262089
RR: 17.799687
DD: 0.053404999999999994
DR: 2.244513
RR: 16.731477
DD: 0.046095
DR: 2.402111
RR: 13.546902
DD: 0.047552
DR: 2.292482
RR: 17.151723
DD: 0.054099999999999995
DR: 2.310572
RR: 18.297269
DD: 0.056171
DR: 2.501779
RR: 13.027626
DD: 0.045639000000000096
DR: 1.892768
RR: 16.901828
DD: 0.04962
DR: 2.268993
RR: 17.686059
DD: 0.053704999999999996
DR: 2.289517
RR: 15.438821
DD: 0.045027
DR: 2.02067
RR: 13.096071
DD: 0.045037999999999995
DR: 2.275933
RR: 17.181208
DD: 0.050807
DR: 2.278616
RR: 17.552734
DD: 0.052216
DR: 1.956983
RR: 12.900903
DD: 0.045457
DR: 2.196108
RR: 15.157632
DD: 0.048570999999999996
DR: 2.6562099999999997
RR: 17.727019
DD: 0.053741
DR: 2.399241
RR: 14.723566
DD: 0.04869800000000002
DR: 1.969724
RR: 13.818449
DD: 0.048074
DR: 2.609757
RR: 18.245264
DD: 0.054733
DR: 2.33149
RR: 17.436482
DD: 0.048132
DR: 2.002385
RR: 14.225447
DD: 0.04967
DR: 2.458279
RR: 18.29406
DD: 0.056269
DR: 2.430761
RR: 19.284359
DD: 0.056235
DR: 2.055958
RR: 14.043178
DD: 0.048995
DR: 2.474733
RR: 19.131603
DD: 0.05524
DR: 2.522964
RR: 18.502178
DD: 0.056653999999999996
DR: 2.126166
RR: 13.832406
DD: 0.047263
DR: 2.435854
RR: 16.924438
DD: 0.05574
DR: 2.319436
RR: 18.013306
DD: 0.055199
DR: 2.323125
RR: 13.676957
DD: 0.046897999999999995
DR: 1.837614
RR: 14.33717
DD: 0.047023999999999996
DR: 2.15985
RR: 16.788877
DD: 0.051787
DR: 2.3012639999999998
RR: 16.47623
saved to _G20.5_rmin0.001_rmax10.0_nbins30_zmin1.0zmax2.0_Lsplit3bin1_N50_Planck_MC_b40

Pixels masked by MC but not already by selfunc: 673
G20.5_zmin1.0zmax2.0_Lsplit3bin2: 0.39              131933 vs 216066
/home/groups/tabel/mahlet/quaia-env/lib/python3.10/site-packages/Corrfunc/utils.py:918: UserWarning: One or more input array has non-native endianness!  A copy will be made with the correct endianness.
  warnings.warn("One or more input array has non-native endianness!  A copy will"\
DD: 0.056944999999999996
DR: 2.367791
RR: 18.256576
DD: 0.066485
DR: 2.834224
RR: 21.607548
DD: 0.067632
DR: 2.870251
RR: 22.160522
DD: 0.064237
DR: 2.968593
RR: 18.555243
DD: 0.057463999999999994
DR: 3.135932
RR: 23.397185
DD: 0.065435
DR: 3.002309
RR: 24.754763
DD: 0.069698
DR: 2.482291
RR: 18.1553
DD: 0.064692
DR: 3.051687
RR: 23.358324
DD: 0.072639
DR: 3.085232
RR: 25.435292
DD: 0.07097300000000006
DR: 2.575495
RR: 19.016653
DD: 0.062528
DR: 3.002241
RR: 24.291135
DD: 0.069339
DR: 3.152064
RR: 24.610328
DD: 0.062190999999999996
DR: 2.730725
RR: 20.121466
DD: 0.06715299999999999
DR: 2.972579
RR: 24.0771
DD: 0.07162299999999999
DR: 3.148004
RR: 23.260636
DD: 0.06400499999999999
DR: 3.177995
RR: 19.548975
DD: 0.063357
DR: 3.144178
RR: 24.359713
DD: 0.06980299999999999
DR: 3.175062
RR: 22.466949
DD: 0.063096
DR: 3.024781
RR: 20.520404
DD: 0.06526599999999999
DR: 3.029263
RR: 23.805983
DD: 0.070279
DR: 3.034625
RR: 22.007893
DD: 0.061968999999999996
DR: 3.160421
RR: 18.340984
DD: 0.060156999999999995
DR: 2.897753
RR: 22.369884
DD: 0.067162
DR: 2.96337
RR: 21.51496
DD: 0.058615
DR: 3.101786
RR: 18.042653
DD: 0.06373300000000004
DR: 2.919923
RR: 21.42473
DD: 0.063169
DR: 2.826808
RR: 22.241364
DD: 0.057855
DR: 2.442493
RR: 17.87124
DD: 0.060778
DR: 2.850153
RR: 21.925054
DD: 0.06500399999999999
DR: 2.886042
RR: 22.176866
DD: 0.064909
DR: 2.884161
RR: 19.340926
DD: 0.067144
DR: 2.929178
RR: 22.399031
DD: 0.06666900000000009
DR: 2.938267
RR: 23.152752
DD: 0.071672
DR: 3.143687
RR: 18.542509
DD: 0.060760999999999996
DR: 3.05604
RR: 23.516256
DD: 0.071868
DR: 3.3171939999999998
RR: 24.144743
DD: 0.07112399999999999
DR: 3.059884
RR: 19.282909
DD: 0.062916
DR: 3.125257
RR: 24.097368
DD: 0.070646
DR: 3.12368
RR: 25.020943
DD: 0.07167299999999999
DR: 2.810259
RR: 19.240062
DD: 0.0636
DR: 3.121122
RR: 23.961455
DD: 0.07366299999999999
DR: 2.988405
RR: 23.815741
DD: 0.071846
DR: 3.206455
RR: 19.544537
DD: 0.063777
DR: 3.067355
RR: 23.159466
DD: 0.070653
DR: 2.876372
RR: 23.589677000000002
DD: 0.067998
DR: 3.008889
RR: 18.441432
DD: 0.059536
DR: 3.101871
RR: 22.195504
DD: 0.066573
DR: 2.9329520000000002
RR: 23.055911
DD: 0.066729
DR: 2.980356
RR: 18.905667
DD: 0.059551
DR: 2.578255
RR: 19.867986
saved to _G20.5_rmin0.001_rmax10.0_nbins30_zmin1.0zmax2.0_Lsplit3bin2_N50_Planck_MC_b40

Pixels masked by MC but not already by selfunc: 263
G20.5_zmin2.0zmax3.0_Lsplit3bin0: 0.56              42314 vs 95503
/home/groups/tabel/mahlet/quaia-env/lib/python3.10/site-packages/Corrfunc/utils.py:918: UserWarning: One or more input array has non-native endianness!  A copy will be made with the correct endianness.
  warnings.warn("One or more input array has non-native endianness!  A copy will"\
DD: 0.015913
DR: 0.49807
RR: 2.341807
DD: 0.016086
DR: 0.50417
RR: 2.510885
DD: 0.016427
DR: 0.506001
RR: 2.361554
DD: 0.016392
DR: 0.5041800000000001
RR: 2.363347
DD: 0.016156999999999998
DR: 0.503902
RR: 2.383616
DD: 0.015875999999999998
DR: 0.49709
RR: 2.395371
DD: 0.015764999999999998
DR: 0.497341
RR: 2.501564
DD: 0.016066
DR: 0.511153
RR: 2.570429
DD: 0.016231
DR: 0.524984
RR: 2.513452
DD: 0.015808
DR: 0.473595
RR: 2.025348
DD: 0.015619
DR: 0.46207700000000007
RR: 2.073728
DD: 0.015968
DR: 0.520981
RR: 2.336446
DD: 0.016561
DR: 0.523674
RR: 1.955933
DD: 0.015639
DR: 0.46156200000000003
RR: 1.956264
DD: 0.015868
DR: 0.485452
RR: 2.754323
DD: 0.015886000000000067
DR: 0.517602
RR: 2.757166
DD: 0.016222999999999998
DR: 0.5283059999999999
RR: 2.5447990000000003
DD: 0.016408
DR: 0.520086
RR: 2.544613
DD: 0.016000999999999998
DR: 0.5239400000000001
RR: 2.617248
DD: 0.016041
DR: 0.505713
RR: 2.448728
DD: 0.015912
DR: 0.492285
RR: 2.394767
DD: 0.015777
DR: 0.500174
RR: 2.378869
DD: 0.015773
DR: 0.49038100000000007
RR: 2.372861
DD: 0.015328
DR: 0.49617900000000004
RR: 2.35883
DD: 0.015657
DR: 0.49260100000000007
RR: 2.360019
DD: 0.015515
DR: 0.48391799999999996
RR: 2.380291
DD: 0.015671
DR: 0.49845199999999995
RR: 2.368415
DD: 0.015983999999999998
DR: 0.48875399999999997
RR: 2.394597
DD: 0.015825
DR: 0.505873
RR: 2.428433
DD: 0.015616
DR: 0.506902
RR: 2.610269
DD: 0.016149999999999998
DR: 0.468979
RR: 1.932776
DD: 0.015326999999999999
DR: 0.451959
RR: 1.841544
DD: 0.015337
DR: 0.446523
RR: 2.122528
DD: 0.016115
DR: 0.488377
RR: 2.43323
DD: 0.016014
DR: 0.496343
RR: 2.157336
DD: 0.0156
DR: 0.473646
RR: 2.075715
DD: 0.015806999999999998
DR: 0.510796
RR: 2.545312
DD: 0.015972000000000097
DR: 0.521549
RR: 2.550825
DD: 0.015993
DR: 0.527112
RR: 2.546082
DD: 0.01613
DR: 0.524444
RR: 2.534136
DD: 0.01618
DR: 0.518463
RR: 2.726064
DD: 0.016366
DR: 0.5272249999999999
RR: 2.561303
DD: 0.016175
DR: 0.5143949999999999
RR: 2.60823
DD: 0.016373
DR: 0.517322
RR: 2.522631
DD: 0.015867
DR: 0.510423
RR: 2.370897
DD: 0.015969999999999998
DR: 0.49466099999999996
RR: 2.377393
DD: 0.015521
DR: 0.491419
RR: 2.346276
DD: 0.015712
DR: 0.49605200000000005
RR: 2.350191
DD: 0.015693
DR: 0.497178
RR: 2.278524
DD: 0.015614999999999999
DR: 0.490518
RR: 2.3205270000000002
saved to _G20.5_rmin0.001_rmax10.0_nbins30_zmin2.0zmax3.0_Lsplit3bin0_N50_Planck_MC_b40

Pixels masked by MC but not already by selfunc: 317
G20.5_zmin2.0zmax3.0_Lsplit3bin1: 0.46              51723 vs 95502
/home/groups/tabel/mahlet/quaia-env/lib/python3.10/site-packages/Corrfunc/utils.py:918: UserWarning: One or more input array has non-native endianness!  A copy will be made with the correct endianness.
  warnings.warn("One or more input array has non-native endianness!  A copy will"\
DD: 0.018307
DR: 0.559039
RR: 2.484669
DD: 0.018637
DR: 0.546266
RR: 2.785828
DD: 0.019056
DR: 0.6376809999999999
RR: 2.90185
DD: 0.018667
DR: 0.566452
RR: 2.493079
DD: 0.019059
DR: 0.619113
RR: 3.132929
DD: 0.020444999999999998
DR: 0.6395040000000001
RR: 3.131016
DD: 0.020215999999999998
DR: 0.6282920000000001
RR: 3.163008
DD: 0.020058
DR: 0.6542030000000001
RR: 3.00434
DD: 0.020395
DR: 0.64766
RR: 3.171539
DD: 0.020576
DR: 0.669968
RR: 3.1105400000000003
DD: 0.020707
DR: 0.662782
RR: 3.285784
DD: 0.020609
DR: 0.6665270000000001
RR: 3.35919
DD: 0.020569
DR: 0.655563
RR: 3.282836
DD: 0.020475
DR: 0.65621
RR: 3.121551
DD: 0.020422
DR: 0.662809
RR: 3.287045
DD: 0.020435
DR: 0.642994
RR: 3.259143
DD: 0.021502999999999998
DR: 0.647738
RR: 2.79134
DD: 0.020516
DR: 0.606742
RR: 2.66023
DD: 0.020366
DR: 0.6691590000000001
RR: 3.159444
DD: 0.020457
DR: 0.606576
RR: 2.593696
DD: 0.019837999999999998
DR: 0.570162
RR: 3.021337
DD: 0.020506999999999997
DR: 0.622094
RR: 3.307765
DD: 0.020294
DR: 0.627875
RR: 3.03337
DD: 0.020111
DR: 0.622598
RR: 2.959854
DD: 0.019299
DR: 0.607731
RR: 3.247707
DD: 0.019181
DR: 0.607726
RR: 2.934867
DD: 0.019445
DR: 0.602285
RR: 2.919288
DD: 0.019282999999999998
DR: 0.604325
RR: 3.220475
DD: 0.019372
DR: 0.617055
RR: 2.942999
DD: 0.019459
DR: 0.616136
RR: 3.006468
DD: 0.019756
DR: 0.618843
RR: 2.991353
DD: 0.019752
DR: 0.599625
RR: 3.107182
DD: 0.0194
DR: 0.62347
RR: 3.087473
DD: 0.019670999999999998
DR: 0.639402
RR: 2.844863
DD: 0.019556
DR: 0.57186
RR: 2.575508
DD: 0.019828
DR: 0.580537
RR: 2.88716
DD: 0.020572999999999998
DR: 0.64185
RR: 2.81394
DD: 0.019792999999999998
DR: 0.5780339999999999
RR: 2.689164
DD: 0.020662999999999997
DR: 0.6254230000000001
RR: 2.929372
DD: 0.01997800000000005
DR: 0.6171
RR: 3.0906
DD: 0.020579999999999998
DR: 0.633769
RR: 3.122398
DD: 0.020371
DR: 0.6410480000000001
RR: 3.139968
DD: 0.020534999999999998
DR: 0.659772
RR: 3.424227
DD: 0.020322
DR: 0.6541399999999999
RR: 3.408003
DD: 0.020128
DR: 0.627586
RR: 3.098376
DD: 0.019618
DR: 0.631994
RR: 3.048048
DD: 0.019506
DR: 0.617183
RR: 3.030984
DD: 0.01989300000000005
DR: 0.6103890000000001
RR: 2.998605
DD: 0.019253
DR: 0.631979
RR: 3.120356
DD: 0.019541
DR: 0.615078
RR: 3.054331
saved to _G20.5_rmin0.001_rmax10.0_nbins30_zmin2.0zmax3.0_Lsplit3bin1_N50_Planck_MC_b40

Pixels masked by MC but not already by selfunc: 328
G20.5_zmin2.0zmax3.0_Lsplit3bin2: 0.34              62909 vs 95503
/home/groups/tabel/mahlet/quaia-env/lib/python3.10/site-packages/Corrfunc/utils.py:918: UserWarning: One or more input array has non-native endianness!  A copy will be made with the correct endianness.
  warnings.warn("One or more input array has non-native endianness!  A copy will"\
DD: 0.022907999999999998
DR: 0.700523
RR: 5.665745
DD: 0.024359
DR: 0.781552
RR: 3.415704
DD: 0.024492
DR: 0.727062
RR: 3.494688
DD: 0.024777999999999998
DR: 0.793728
RR: 3.988584
DD: 0.024499999999999997
DR: 0.799466
RR: 3.845749
DD: 0.024583999999999998
DR: 0.814431
RR: 4.053856
DD: 0.024333
DR: 0.795799
RR: 4.01972
DD: 0.025072999999999998
DR: 0.817501
RR: 4.184688
DD: 0.025911
DR: 0.850437
RR: 4.167185
DD: 0.026029
DR: 0.827398
RR: 4.159518
DD: 0.025744
DR: 0.832274
RR: 4.280238
DD: 0.025421
DR: 0.828437
RR: 4.551957
DD: 0.02556
DR: 0.854078
RR: 3.925659
DD: 0.024471999999999997
DR: 0.768747
RR: 3.804701
DD: 0.027354999999999997
DR: 0.863156
RR: 3.92797
DD: 0.025682
DR: 0.7577320000000001
RR: 4.033562
DD: 0.027902
DR: 0.8328139999999999
RR: 4.281989
DD: 0.026409
DR: 0.8413379999999999
RR: 4.244637
DD: 0.02617
DR: 0.872537
RR: 4.252103
DD: 0.025431
DR: 0.819308
RR: 4.088748
DD: 0.025068
DR: 0.7907
RR: 4.045102
DD: 0.024783
DR: 0.822819
RR: 4.018458
DD: 0.023943
DR: 0.792049
RR: 4.024173
DD: 0.024644
DR: 0.78379
RR: 4.023842
DD: 0.025176999999999998
DR: 0.788436
RR: 4.075216
DD: 0.025981999999999998
DR: 0.80511
RR: 3.843707
DD: 0.024465999999999998
DR: 0.7299019999999999
RR: 3.370242
DD: 0.023455999999999998
DR: 0.754177
RR: 4.019064
DD: 0.023916
DR: 0.704311
RR: 3.27174
DD: 0.023476
DR: 0.817759
RR: 4.106659
DD: 0.023719999999999998
DR: 0.769372
RR: 3.74518
DD: 0.024517999999999998
DR: 0.787253
RR: 4.006663
DD: 0.024564
DR: 0.788326
RR: 4.071934
DD: 0.024947
DR: 0.830704
RR: 4.142373
DD: 0.025494
DR: 0.816225
RR: 4.182409
DD: 0.025918
DR: 0.835611
RR: 4.30192
DD: 0.025446999999999997
DR: 0.875668
RR: 4.303037
DD: 0.025376
DR: 0.839241
RR: 4.351551
DD: 0.025719
DR: 0.8508100000000001
RR: 4.17484
DD: 0.025431
DR: 0.831488
RR: 3.64593
DD: 0.024298999999999998
DR: 0.766337
RR: 4.428114
DD: 0.025935
DR: 0.8463970000000001
RR: 3.5770910000000002
DD: 0.024961999999999998
DR: 0.748713
RR: 5.172347
DD: 0.024822999999999998
DR: 0.7998730000000001
RR: 3.992691
DD: 0.025304999999999998
DR: 0.808929
RR: 4.158832
DD: 0.02505
DR: 0.813897
RR: 4.069715
DD: 0.024759999999999997
DR: 0.797489
RR: 4.056619
DD: 0.025185
DR: 0.8136570000000001
RR: 4.04595
DD: 0.02438
DR: 0.798668
RR: 4.053974
DD: 0.024527999999999998
DR: 0.79937
RR: 4.277347
saved to _G20.5_rmin0.001_rmax10.0_nbins30_zmin2.0zmax3.0_Lsplit3bin2_N50_Planck_MC_b40

Pixels masked by MC but not already by selfunc: 36
G20.5_zmin3.0zmax4.6_Lsplit3bin0: 0.51              5970 vs 12153
/home/groups/tabel/mahlet/quaia-env/lib/python3.10/site-packages/Corrfunc/utils.py:918: UserWarning: One or more input array has non-native endianness!  A copy will be made with the correct endianness.
  warnings.warn("One or more input array has non-native endianness!  A copy will"\
DD: 0.004066
DR: 0.042088
RR: 0.071058
DD: 0.0049099999999999994
DR: 0.042835
RR: 0.07108199999999999
DD: 0.0049099999999999994
DR: 0.042772
RR: 0.070645
DD: 0.004971
DR: 0.043008
RR: 0.07130299999999999
DD: 0.004951
DR: 0.042751
RR: 0.071058
DD: 0.004948
DR: 0.042807
RR: 0.07091
DD: 0.004912
DR: 0.043053
RR: 0.071673
DD: 0.0049369999999999995
DR: 0.043587
RR: 0.073109
DD: 0.005020999999999999
DR: 0.043758
RR: 0.073243
DD: 0.0049559999999999995
DR: 0.044337999999999995
RR: 0.07475799999999999
DD: 0.005063
DR: 0.044299
RR: 0.0759
DD: 0.005153
DR: 0.044409
RR: 0.075053
DD: 0.0050669999999999995
DR: 0.044354
RR: 0.07499299999999999
DD: 0.00511
DR: 0.044335
RR: 0.075182
DD: 0.005064
DR: 0.044414999999999996
RR: 0.075212
DD: 0.005094
DR: 0.044376
RR: 0.075113
DD: 0.0051719999999999995
DR: 0.044453
RR: 0.077212
DD: 0.005279
DR: 0.044646
RR: 0.07682499999999999
DD: 0.005235999999999999
DR: 0.044722
RR: 0.07713900000000007
DD: 0.005148
DR: 0.044323
RR: 0.075235
DD: 0.005016
DR: 0.043691999999999995
RR: 0.074891
DD: 0.005076
DR: 0.04414
RR: 0.07438499999999999
DD: 0.005046999999999999
DR: 0.043259
RR: 0.07413000000000003
DD: 0.005144999999999999
DR: 0.043386
RR: 0.074058
DD: 0.005072999999999999
DR: 0.043216
RR: 0.073471
DD: 0.005057
DR: 0.043103999999999996
RR: 0.073244
DD: 0.005148
DR: 0.042866
RR: 0.07352700000000001
DD: 0.005096
DR: 0.04324
RR: 0.073422
DD: 0.0051329999999999995
DR: 0.042904
RR: 0.073831
DD: 0.005131999999999999
DR: 0.043109999999999996
RR: 0.073739
DD: 0.005025
DR: 0.043661
RR: 0.07373400000000008
DD: 0.005065
DR: 0.043022
RR: 0.074026
DD: 0.0049499999999999995
DR: 0.043995
RR: 0.073311
DD: 0.004999
DR: 0.043864
RR: 0.073945
DD: 0.005065
DR: 0.046674
RR: 0.074545
DD: 0.005000999999999999
DR: 0.04453
RR: 0.075359
DD: 0.0052369999999999995
DR: 0.044924
RR: 0.078829
DD: 0.005188
DR: 0.045043
RR: 0.077806
DD: 0.005209
DR: 0.044466
RR: 0.078066
DD: 0.005222
DR: 0.044933
RR: 0.077482
DD: 0.005182
DR: 0.044773
RR: 0.07757599999999999
DD: 0.005209999999999999
DR: 0.045182
RR: 0.078245
DD: 0.00524
DR: 0.044930000000000025
RR: 0.080348
DD: 0.005992
DR: 0.045675
RR: 0.07912899999999999
DD: 0.005266
DR: 0.044625
RR: 0.075262
DD: 0.004974
DR: 0.043653
RR: 0.073406
DD: 0.004879
DR: 0.043528
RR: 0.0725
DD: 0.0049169999999999995
DR: 0.042762
RR: 0.07060999999999999
DD: 0.004817999999999999
DR: 0.042644
RR: 0.07063599999999999
DD: 0.00473
DR: 0.042547
RR: 0.070906
saved to _G20.5_rmin0.001_rmax10.0_nbins30_zmin3.0zmax4.6_Lsplit3bin0_N50_Planck_MC_b40

Pixels masked by MC but not already by selfunc: 33
G20.5_zmin3.0zmax4.6_Lsplit3bin1: 0.42              7023 vs 12152
/home/groups/tabel/mahlet/quaia-env/lib/python3.10/site-packages/Corrfunc/utils.py:918: UserWarning: One or more input array has non-native endianness!  A copy will be made with the correct endianness.
  warnings.warn("One or more input array has non-native endianness!  A copy will"\
DD: 0.004488
DR: 0.044343
RR: 0.072417
DD: 0.005229999999999999
DR: 0.045033
RR: 0.06838
DD: 0.004901
DR: 0.044496
RR: 0.067587
DD: 0.005016
DR: 0.044489
RR: 0.06776
DD: 0.00503
DR: 0.045131
RR: 0.070084
DD: 0.004981
DR: 0.044764
RR: 0.07061899999999999
DD: 0.0057729999999999995
DR: 0.04561
RR: 0.06872199999999999
DD: 0.004978
DR: 0.045031999999999996
RR: 0.06881899999999999
DD: 0.005056
DR: 0.04539
RR: 0.067906
DD: 0.0050999999999999995
DR: 0.045852
RR: 0.0684
DD: 0.0050720000000000764
DR: 0.045759999999999995
RR: 0.06909
DD: 0.005056
DR: 0.046158
RR: 0.070572
DD: 0.0051129999999999995
DR: 0.045551999999999995
RR: 0.069434
DD: 0.00514
DR: 0.046153
RR: 0.069074
DD: 0.005081
DR: 0.04575
RR: 0.069213
DD: 0.005124999999999999
DR: 0.046137
RR: 0.07033299999999999
DD: 0.005116
DR: 0.045681
RR: 0.069371
DD: 0.0050739999999999995
DR: 0.045612
RR: 0.069272
DD: 0.005114
DR: 0.045565
RR: 0.068762
DD: 0.005092
DR: 0.045302999999999996
RR: 0.06832099999999999
DD: 0.004997
DR: 0.045014
RR: 0.067399
DD: 0.0049169999999999995
DR: 0.0445
RR: 0.06690600000000002
DD: 0.004959
DR: 0.044560999999999996
RR: 0.066533
DD: 0.004914
DR: 0.044437
RR: 0.066119
DD: 0.00496
DR: 0.046429
RR: 0.066456
DD: 0.005077
DR: 0.044454
RR: 0.065774
DD: 0.004996
DR: 0.044375
RR: 0.065736
DD: 0.0049429999999999995
DR: 0.044038
RR: 0.065845
DD: 0.004996
DR: 0.044282999999999996
RR: 0.0658
DD: 0.004951
DR: 0.04471
RR: 0.06614099999999999
DD: 0.005017
DR: 0.044582
RR: 0.07625699999999999
DD: 0.005408
DR: 0.045322999999999995
RR: 0.07659099999999999
DD: 0.0054069999999999995
DR: 0.045602
RR: 0.077009
DD: 0.0054199999999999995
DR: 0.045925
RR: 0.07796000000000003
DD: 0.00547
DR: 0.046016
RR: 0.078849
DD: 0.0054459999999999995
DR: 0.046239999999999996
RR: 0.079637
DD: 0.005554
DR: 0.0468
RR: 0.079696
DD: 0.0055309999999999995
DR: 0.046168999999999995
RR: 0.079623
DD: 0.005484999999999999
DR: 0.045871999999999996
RR: 0.078663
DD: 0.005431
DR: 0.046269
RR: 0.077346
DD: 0.005359
DR: 0.046311
RR: 0.076324
DD: 0.005252
DR: 0.046185
RR: 0.075041
DD: 0.005251
DR: 0.046158
RR: 0.07530099999999999
DD: 0.005255
DR: 0.046096
RR: 0.076001
DD: 0.005536
DR: 0.045752
RR: 0.077914
DD: 0.005443
DR: 0.045628
RR: 0.077502
DD: 0.00551
DR: 0.048701999999999995
RR: 0.076308
DD: 0.0053809999999999995
DR: 0.045299
RR: 0.07639599999999999
DD: 0.005477999999999999
DR: 0.045509999999999995
RR: 0.076224
DD: 0.005379999999999999
DR: 0.045078
RR: 0.075933
/oak/stanford/orgs/kipac/users/mahlet/quaia_bias/scripts/jackknife.py:226: RuntimeWarning: Mean of empty slice
  cf_mean = np.nanmean(cf_jackknife, axis = 0)  # is it ok to ignore nan values?
saved to _G20.5_rmin0.001_rmax10.0_nbins30_zmin3.0zmax4.6_Lsplit3bin1_N50_Planck_MC_b40

Pixels masked by MC but not already by selfunc: 54
G20.5_zmin3.0zmax4.6_Lsplit3bin2: 0.31              8382 vs 12153
/home/groups/tabel/mahlet/quaia-env/lib/python3.10/site-packages/Corrfunc/utils.py:918: UserWarning: One or more input array has non-native endianness!  A copy will be made with the correct endianness.
  warnings.warn("One or more input array has non-native endianness!  A copy will"\
DD: 0.004748
DR: 0.047459
RR: 0.075128
DD: 0.004984
DR: 0.04887600000000003
RR: 0.073227
DD: 0.004905
DR: 0.048463
RR: 0.073223
DD: 0.004914
DR: 0.048274
RR: 0.075122
DD: 0.004935999999999999
DR: 0.0482
RR: 0.07234399999999999
DD: 0.004857
DR: 0.048336
RR: 0.073054
DD: 0.00496
DR: 0.048534
RR: 0.074267
DD: 0.004902
DR: 0.049089999999999995
RR: 0.075283
DD: 0.004952
DR: 0.049714999999999995
RR: 0.074492
DD: 0.004974999999999999
DR: 0.048776
RR: 0.074344
DD: 0.004939
DR: 0.049284999999999995
RR: 0.076221
DD: 0.0051129999999999995
DR: 0.049714999999999995
RR: 0.080662
DD: 0.005108
DR: 0.049317
RR: 0.07639399999999999
DD: 0.005123
DR: 0.049217
RR: 0.074877
DD: 0.005056
DR: 0.049461
RR: 0.07520299999999999
DD: 0.005059999999999999
DR: 0.049456
RR: 0.075667
DD: 0.005993999999999999
DR: 0.05002100000000009
RR: 0.074627
DD: 0.005064
DR: 0.049184
RR: 0.07478
DD: 0.0050279999999999995
DR: 0.048908
RR: 0.07462099999999999
DD: 0.004925
DR: 0.050556
RR: 0.083456
DD: 0.005219
DR: 0.049884
RR: 0.082159
DD: 0.005259
DR: 0.049117
RR: 0.081298
DD: 0.0051519999999999995
DR: 0.048930999999999995
RR: 0.080638
DD: 0.0051779999999999994
DR: 0.048721999999999994
RR: 0.08045400000000003
DD: 0.005242
DR: 0.048537
RR: 0.080314
DD: 0.005216999999999999
DR: 0.048541
RR: 0.080417
DD: 0.005202
DR: 0.048504
RR: 0.08118199999999999
DD: 0.005353999999999999
DR: 0.048754000000000075
RR: 0.07983699999999999
DD: 0.005179
DR: 0.048767
RR: 0.079785
DD: 0.0050669999999999995
DR: 0.048646999999999996
RR: 0.07842099999999999
DD: 0.005037
DR: 0.048464
RR: 0.077591
DD: 0.005033
DR: 0.048725
RR: 0.078541
DD: 0.005038
DR: 0.049504
RR: 0.080704
DD: 0.0051649999999999995
DR: 0.049729999999999996
RR: 0.081734
DD: 0.005251
DR: 0.049323
RR: 0.081874
DD: 0.005326
DR: 0.050546
RR: 0.083088
DD: 0.005457
DR: 0.050733999999999994
RR: 0.085435
DD: 0.005608
DR: 0.050054999999999995
RR: 0.085391
DD: 0.005513
DR: 0.05000100000000007
RR: 0.08513899999999999
DD: 0.005555
DR: 0.050602
RR: 0.085537
DD: 0.005484
DR: 0.049971999999999996
RR: 0.085574
DD: 0.005617
DR: 0.050213
RR: 0.08675100000000002
DD: 0.006170999999999999
DR: 0.050608999999999994
RR: 0.08549899999999999
DD: 0.005588
DR: 0.049766
RR: 0.084946
DD: 0.005279
DR: 0.050293
RR: 0.083089
DD: 0.005219
DR: 0.0495540000000001
RR: 0.081221
DD: 0.005216999999999999
DR: 0.049468
RR: 0.079998
DD: 0.005055
DR: 0.048820999999999996
RR: 0.079617
DD: 0.005396
DR: 0.048777999999999995
RR: 0.08113300000000001
DD: 0.005245
DR: 0.048685
RR: 0.08101699999999999
/oak/stanford/orgs/kipac/users/mahlet/quaia_bias/scripts/jackknife.py:226: RuntimeWarning: Mean of empty slice
  cf_mean = np.nanmean(cf_jackknife, axis = 0)  # is it ok to ignore nan values?
saved to _G20.5_rmin0.001_rmax10.0_nbins30_zmin3.0zmax4.6_Lsplit3bin2_N50_Planck_MC_b40

done!
