Starting batch job

G20.5: computing wtheta in 30 bins from 0.001 to 10.0 on a log scale...

Pixels masked by MC but not already by selfunc: 1315
G20.5_zsplit4bin0_Lmaxsplit2bin0: 0.39              98410 vs 161897
[Warning] The CPU supports AVX512F but the compiler does not.  Can you try another compiler?
/home/groups/tabel/mahlet/quaia-env/lib/python3.10/site-packages/Corrfunc/utils.py:918: UserWarning: One or more input array has non-native endianness!  A copy will be made with the correct endianness.
  warnings.warn("One or more input array has non-native endianness!  A copy will"\
DD: 0.104058
DR: 1.446072
RR: 6.626792
saved to _G20.5_rmin0.001_rmax10.0_nbins30_zsplit4bin0_Lmaxsplit2bin0_Planck_MC_b30
Pixels masked by MC but not already by selfunc: 2465
G20.5_zsplit4bin0_Lmaxsplit2bin1: 0.33              218004 vs 323795
/home/groups/tabel/mahlet/quaia-env/lib/python3.10/site-packages/Corrfunc/utils.py:918: UserWarning: One or more input array has non-native endianness!  A copy will be made with the correct endianness.
  warnings.warn("One or more input array has non-native endianness!  A copy will"\
DD: 0.100895
DR: 4.410544
RR: 34.608489
saved to _G20.5_rmin0.001_rmax10.0_nbins30_zsplit4bin0_Lmaxsplit2bin1_Planck_MC_b30
Pixels masked by MC but not already by selfunc: 1262
G20.5_zsplit4bin1_Lmaxsplit2bin0: 0.39              99251 vs 161974
/home/groups/tabel/mahlet/quaia-env/lib/python3.10/site-packages/Corrfunc/utils.py:918: UserWarning: One or more input array has non-native endianness!  A copy will be made with the correct endianness.
  warnings.warn("One or more input array has non-native endianness!  A copy will"\
DD: 0.035317
DR: 1.241241
RR: 6.583158
saved to _G20.5_rmin0.001_rmax10.0_nbins30_zsplit4bin1_Lmaxsplit2bin0_Planck_MC_b30
Pixels masked by MC but not already by selfunc: 2382
G20.5_zsplit4bin1_Lmaxsplit2bin1: 0.31              224102 vs 323949
/home/groups/tabel/mahlet/quaia-env/lib/python3.10/site-packages/Corrfunc/utils.py:918: UserWarning: One or more input array has non-native endianness!  A copy will be made with the correct endianness.
  warnings.warn("One or more input array has non-native endianness!  A copy will"\
DD: 0.10586
DR: 4.5415849999999995
RR: 36.3453
saved to _G20.5_rmin0.001_rmax10.0_nbins30_zsplit4bin1_Lmaxsplit2bin1_Planck_MC_b30
Pixels masked by MC but not already by selfunc: 1334
G20.5_zsplit4bin2_Lmaxsplit2bin0: 0.37              101631 vs 161904
/home/groups/tabel/mahlet/quaia-env/lib/python3.10/site-packages/Corrfunc/utils.py:918: UserWarning: One or more input array has non-native endianness!  A copy will be made with the correct endianness.
  warnings.warn("One or more input array has non-native endianness!  A copy will"\
DD: 0.04059800000000002
DR: 1.271779
RR: 6.682614
saved to _G20.5_rmin0.001_rmax10.0_nbins30_zsplit4bin2_Lmaxsplit2bin0_Planck_MC_b30
Pixels masked by MC but not already by selfunc: 2401
G20.5_zsplit4bin2_Lmaxsplit2bin1: 0.29              228756 vs 323808
/home/groups/tabel/mahlet/quaia-env/lib/python3.10/site-packages/Corrfunc/utils.py:918: UserWarning: One or more input array has non-native endianness!  A copy will be made with the correct endianness.
  warnings.warn("One or more input array has non-native endianness!  A copy will"\
DD: 0.10986299999999999
DR: 4.70529
RR: 37.797973
saved to _G20.5_rmin0.001_rmax10.0_nbins30_zsplit4bin2_Lmaxsplit2bin1_Planck_MC_b30
Pixels masked by MC but not already by selfunc: 1596
G20.5_zsplit4bin3_Lmaxsplit2bin0: 0.34              107659 vs 161975
/home/groups/tabel/mahlet/quaia-env/lib/python3.10/site-packages/Corrfunc/utils.py:918: UserWarning: One or more input array has non-native endianness!  A copy will be made with the correct endianness.
  warnings.warn("One or more input array has non-native endianness!  A copy will"\
DD: 0.039871
DR: 1.326282
RR: 7.27285
saved to _G20.5_rmin0.001_rmax10.0_nbins30_zsplit4bin3_Lmaxsplit2bin0_Planck_MC_b30
Pixels masked by MC but not already by selfunc: 3076
G20.5_zsplit4bin3_Lmaxsplit2bin1: 0.27              236380 vs 323950
/home/groups/tabel/mahlet/quaia-env/lib/python3.10/site-packages/Corrfunc/utils.py:918: UserWarning: One or more input array has non-native endianness!  A copy will be made with the correct endianness.
  warnings.warn("One or more input array has non-native endianness!  A copy will"\
DD: 0.11432400000000009
DR: 4.952635
RR: 40.507946
saved to _G20.5_rmin0.001_rmax10.0_nbins30_zsplit4bin3_Lmaxsplit2bin1_Planck_MC_b30
done!
