Starting batch job

G20.5: computing wtheta in 30 bins from 0.001 to 10.0 on a log scale for 50 jackknife regions...
--L: maxsplit

z: [0.0, 1.0, 2.0, 3.0, 4.6] minmax None
L: None maxsplit 3
Pixels masked by MC but not already by selfunc: 1178
G20.5_zmin0.0zmax1.0_Lmaxsplit3bin0: 0.01              106934 vs 108112
[Warning] The CPU supports AVX512F but the compiler does not.  Can you try another compiler?
/home/groups/tabel/mahlet/quaia-env/lib/python3.10/site-packages/Corrfunc/utils.py:918: UserWarning: One or more input array has non-native endianness!  A copy will be made with the correct endianness.
  warnings.warn("One or more input array has non-native endianness!  A copy will"\
DD: 0.033381
DR: 1.12276
RR: 4.741854
DD: 0.032687
DR: 1.102095
RR: 4.80527
DD: 0.03314100000000009
DR: 1.098733
RR: 4.765585
DD: 0.033324
DR: 1.140048
RR: 4.876374
DD: 0.032390999999999996
DR: 1.115911
RR: 4.934182
DD: 0.032979
DR: 1.130838
RR: 4.769485
DD: 0.031983
DR: 1.075792
RR: 4.743378
DD: 0.032173
DR: 1.093194
RR: 4.725106
DD: 0.032964
DR: 1.082934
RR: 4.94911
DD: 0.032693
DR: 1.115436
RR: 4.793668
DD: 0.03254000000000001
DR: 1.0957
RR: 4.777609
DD: 0.03251
DR: 1.098184
RR: 4.798108
DD: 0.03351
DR: 1.115625
RR: 4.798013
DD: 0.03267
DR: 1.086517
RR: 4.769494
DD: 0.032452999999999996
DR: 1.091124
RR: 4.751856
DD: 0.032194
DR: 1.08098
RR: 4.742112
DD: 0.032373
DR: 1.081259
RR: 4.732079
DD: 0.032372
DR: 1.081468
RR: 4.736055
DD: 0.032889999999999996
DR: 1.08039
RR: 4.731721
DD: 0.032449
DR: 1.078217
RR: 4.732763
DD: 0.032237999999999996
DR: 1.0769730000000002
RR: 4.726873
DD: 0.032096
DR: 1.075475
RR: 4.719686
DD: 0.03223
DR: 1.07388
RR: 4.71747
DD: 0.032216999999999996
DR: 1.0754
RR: 4.7179780000000004
DD: 0.032033
DR: 1.0748
RR: 4.719702
DD: 0.032133999999999996
DR: 1.075929
RR: 4.719559
DD: 0.033026
DR: 1.077542
RR: 4.722324
DD: 0.032003
DR: 1.074459
RR: 4.716819
DD: 0.03222
DR: 1.077797
RR: 4.722004
DD: 0.03225
DR: 1.078922
RR: 4.724035
DD: 0.032163
DR: 1.076163
RR: 4.725396
DD: 0.032223999999999996
DR: 1.078189
RR: 4.72423
DD: 0.031999
DR: 1.079625
RR: 4.729789
DD: 0.032326
DR: 1.080457
RR: 4.732997
DD: 0.032507
DR: 1.0864060000000002
RR: 4.76072
DD: 0.032444
DR: 1.086187
RR: 4.767184
DD: 0.032401
DR: 1.085461
RR: 4.769546
DD: 0.033098999999999996
DR: 1.085182
RR: 4.762723
DD: 0.032513
DR: 1.085382
RR: 4.767631
DD: 0.032413
DR: 1.086394
RR: 4.785192
DD: 0.032437
DR: 1.087607
RR: 4.763155
DD: 0.032122
DR: 1.0809199999999999
RR: 4.741584
DD: 0.032201
DR: 1.080671
RR: 4.738167
DD: 0.032251
DR: 1.080393
RR: 4.732209
DD: 0.032314999999999997
DR: 1.07871
RR: 4.727915
DD: 0.032085999999999996
DR: 1.078917
RR: 4.718235
DD: 0.032839
DR: 1.07425
RR: 4.714281
DD: 0.032163
DR: 1.076769
RR: 4.711596
DD: 0.03224
DR: 1.074686
RR: 4.70465
DD: 0.032237999999999996
DR: 1.073339
RR: 4.715445
saved to _G20.5_rmin0.001_rmax10.0_nbins30_zmin0.0zmax1.0_Lmaxsplit3bin0_N50_Planck_MC_b0

Pixels masked by MC but not already by selfunc: 2227
G20.5_zmin0.0zmax1.0_Lmaxsplit3bin1: 0.01              213997 vs 216224
/home/groups/tabel/mahlet/quaia-env/lib/python3.10/site-packages/Corrfunc/utils.py:918: UserWarning: One or more input array has non-native endianness!  A copy will be made with the correct endianness.
  warnings.warn("One or more input array has non-native endianness!  A copy will"\
DD: 0.07701200000000008
DR: 3.0453
RR: 19.230404
DD: 0.077042
DR: 3.047108
RR: 19.222072
DD: 0.076984
DR: 3.0506
RR: 19.216834
DD: 0.07725499999999999
DR: 3.048017
RR: 19.223376
DD: 0.077376
DR: 3.044696
RR: 19.198778
DD: 0.077495
DR: 3.058255
RR: 19.254296
DD: 0.078426
DR: 3.090249
RR: 19.321776
DD: 0.077487
DR: 3.071781
RR: 19.504955
DD: 0.07890899999999999
DR: 3.085029
RR: 19.575331
DD: 0.07786100000000007
DR: 3.085889
RR: 19.606259
DD: 0.077779
DR: 3.089197
RR: 19.623745
DD: 0.079099
DR: 3.097492
RR: 19.700305
DD: 0.07828199999999999
DR: 3.097399
RR: 19.713029
DD: 0.07793699999999999
DR: 3.098084
RR: 19.675233
DD: 0.078096
DR: 3.089469
RR: 19.656609
DD: 0.079304
DR: 3.085582
RR: 19.593122
DD: 0.077274
DR: 3.069465
RR: 19.476548
DD: 0.077164
DR: 3.063815
RR: 19.429911
DD: 0.078071
DR: 3.062643
RR: 19.380408
DD: 0.07676899999999999
DR: 3.055366
RR: 19.326492000000002
DD: 0.077961
DR: 3.051467
RR: 19.302721
DD: 0.076791
DR: 3.045762
RR: 19.28466
DD: 0.07694999999999999
DR: 3.039686
RR: 19.269957
DD: 0.076842
DR: 3.03948
RR: 19.259929
DD: 0.076625
DR: 3.045352
RR: 19.313491
DD: 0.07810099999999999
DR: 3.043803
RR: 19.278159
DD: 0.07665799999999999
DR: 3.045181
RR: 19.24201
DD: 0.076732
DR: 3.04188
RR: 19.251742
DD: 0.076849
DR: 3.042569
RR: 19.262064
DD: 0.078069
DR: 3.047891
RR: 19.273936
DD: 0.077046
DR: 3.047702
RR: 19.292696
DD: 0.076871
DR: 3.049158
RR: 19.333615
DD: 0.077794
DR: 3.061794
RR: 19.406572
DD: 0.07742300000000002
DR: 3.067356
RR: 19.440278
DD: 0.07901699999999999
DR: 3.077731
RR: 19.543776
DD: 0.077676
DR: 3.089365
RR: 19.568215
DD: 0.07756099999999999
DR: 3.086246
RR: 19.569289
DD: 0.077842
DR: 3.085568
RR: 19.596193
DD: 0.07901999999999999
DR: 3.09118
RR: 19.665634
DD: 0.077952
DR: 3.089852
RR: 19.667504
DD: 0.07806400000000002
DR: 3.097636
RR: 19.69472
DD: 0.077857
DR: 3.091081
RR: 19.639516
DD: 0.0774720000000001
DR: 3.07843
RR: 19.560393
DD: 0.078142
DR: 3.070431
RR: 19.473271
DD: 0.077249
DR: 3.063671
RR: 19.430831
DD: 0.07707399999999999
DR: 3.060384
RR: 19.353813
DD: 0.076816
DR: 3.048264
RR: 19.42655
DD: 0.077821
DR: 3.068135
RR: 19.36566
DD: 0.076571
DR: 3.039595
RR: 19.39144
DD: 0.07789499999999999
DR: 3.042073
RR: 19.425135
saved to _G20.5_rmin0.001_rmax10.0_nbins30_zmin0.0zmax1.0_Lmaxsplit3bin1_N50_Planck_MC_b0

Pixels masked by MC but not already by selfunc: 3194
G20.5_zmin0.0zmax1.0_Lmaxsplit3bin2: 0.01              321142 vs 324336
/home/groups/tabel/mahlet/quaia-env/lib/python3.10/site-packages/Corrfunc/utils.py:918: UserWarning: One or more input array has non-native endianness!  A copy will be made with the correct endianness.
  warnings.warn("One or more input array has non-native endianness!  A copy will"\
DD: 0.138866
DR: 6.047168
RR: 47.802367
DD: 0.13973
DR: 6.027229
RR: 47.631752
DD: 0.140045
DR: 6.024654
RR: 47.641496
DD: 0.139547
DR: 6.030796
RR: 47.615765
DD: 0.140168
DR: 6.031514
RR: 47.670641
DD: 0.13999899999999998
DR: 6.06756
RR: 47.920753
DD: 0.140976
DR: 6.08929
RR: 48.146821
DD: 0.144484
DR: 6.109413
RR: 48.227242
DD: 0.144121
DR: 6.150162
RR: 48.409959
DD: 0.141977
DR: 6.132035
RR: 48.331299
DD: 0.141767
DR: 6.127785
RR: 48.393493
DD: 0.14252399999999998
DR: 6.144165
RR: 48.33853
DD: 0.142513
DR: 6.10923
RR: 48.584051
DD: 0.14329699999999998
DR: 6.142076
RR: 48.560566
DD: 0.142765
DR: 6.124321
RR: 48.654548
DD: 0.142214
DR: 6.107608
RR: 48.410584
DD: 0.141785
DR: 6.036033
RR: 47.895662
DD: 0.140602
DR: 6.072031
RR: 47.902603
DD: 0.140569
DR: 6.041947
RR: 47.694548
DD: 0.13999899999999998
DR: 6.032246
RR: 47.583926
DD: 0.14013599999999998
DR: 6.026078
RR: 47.509287
DD: 0.140322
DR: 6.017402
RR: 47.421261
DD: 0.139677
DR: 6.006034
RR: 47.391068
DD: 0.139283
DR: 6.008736
RR: 47.408934
DD: 0.13966599999999998
DR: 6.005972
RR: 47.432954
DD: 0.140405
DR: 6.005158
RR: 47.305037
DD: 0.139577
DR: 5.986334
RR: 47.181757
DD: 0.13974599999999998
DR: 5.989336
RR: 47.276924
DD: 0.13985999999999998
DR: 5.997558
RR: 47.266734
DD: 0.140259
DR: 5.991171
RR: 47.320586
DD: 0.140039
DR: 6.220134
RR: 47.637076
DD: 0.148082
DR: 6.060931
RR: 47.729922
DD: 0.143151
DR: 6.055451
RR: 48.029385
DD: 0.141204
DR: 6.087072
RR: 47.831684
DD: 0.14424099999999998
DR: 6.102155
RR: 48.498329
DD: 0.1424
DR: 6.115168
RR: 48.290324
DD: 0.14254799999999998
DR: 6.102993
RR: 48.457288
DD: 0.1466280000000001
DR: 6.139407
RR: 48.635491
DD: 0.145987
DR: 6.186006
RR: 48.683936
DD: 0.142376
DR: 6.158552
RR: 48.706736
DD: 0.142712
DR: 6.160994
RR: 48.788609
DD: 0.142242
DR: 6.163671
RR: 48.673639
DD: 0.14176300000000008
DR: 6.136151
RR: 48.461514
DD: 0.141169
DR: 6.085715
RR: 48.183375
DD: 0.140727
DR: 6.082125
RR: 47.980078
DD: 0.140005
DR: 6.055821
RR: 47.77691
DD: 0.14032
DR: 6.05135
RR: 47.681957
DD: 0.140204
DR: 6.048335
RR: 47.639608
DD: 0.139772
DR: 6.060526
RR: 47.563602
DD: 0.139654
DR: 6.0161
RR: 47.518122
saved to _G20.5_rmin0.001_rmax10.0_nbins30_zmin0.0zmax1.0_Lmaxsplit3bin2_N50_Planck_MC_b0

Pixels masked by MC but not already by selfunc: 2348
G20.5_zmin1.0zmax2.0_Lmaxsplit3bin0: 0.01              213717 vs 216065
/home/groups/tabel/mahlet/quaia-env/lib/python3.10/site-packages/Corrfunc/utils.py:918: UserWarning: One or more input array has non-native endianness!  A copy will be made with the correct endianness.
  warnings.warn("One or more input array has non-native endianness!  A copy will"\
DD: 0.07712
DR: 3.022821
RR: 19.142198
DD: 0.07641099999999999
DR: 3.026074
RR: 19.142481
DD: 0.077114
DR: 3.028295
RR: 19.13524
DD: 0.07663400000000009
DR: 3.033582
RR: 19.14368
DD: 0.07746299999999999
DR: 3.03112
RR: 19.117586
DD: 0.07647799999999999
DR: 3.027967
RR: 19.086732
DD: 0.07633999999999999
DR: 3.039518
RR: 19.056605
DD: 0.07650799999999999
DR: 3.031442
RR: 19.118637
DD: 0.07665
DR: 3.038486
RR: 19.221214
DD: 0.07803399999999999
DR: 3.059661
RR: 19.3359
DD: 0.076994
DR: 3.054935
RR: 19.35846
DD: 0.078737
DR: 3.065179
RR: 19.396919
DD: 0.077402
DR: 3.064717
RR: 19.438998
DD: 0.077276
DR: 3.065645
RR: 19.435915
DD: 0.077946
DR: 3.054645
RR: 19.377605
DD: 0.076948
DR: 3.043033
RR: 19.313625000000002
DD: 0.078151
DR: 3.042223
RR: 19.256022
DD: 0.076879
DR: 3.03923
RR: 19.267614000000002
DD: 0.07646499999999999
DR: 3.033989
RR: 19.212663
DD: 0.077142
DR: 3.022355
RR: 19.192728
DD: 0.07618599999999999
DR: 3.027304
RR: 19.179601
DD: 0.07778399999999999
DR: 3.037139
RR: 19.157459
DD: 0.076116
DR: 3.027485
RR: 19.176372
DD: 0.076158
DR: 3.02395
RR: 19.181376
DD: 0.077351
DR: 3.029553
RR: 19.201415
DD: 0.076249
DR: 3.026371
RR: 19.201761
DD: 0.076574
DR: 3.028115
RR: 19.19264
DD: 0.077064
DR: 3.02978
RR: 19.18795
DD: 0.07787300000000008
DR: 3.036923
RR: 19.203281
DD: 0.0764
DR: 3.03003
RR: 19.209211
DD: 0.07625699999999999
DR: 3.02794
RR: 19.197349
DD: 0.077341
DR: 3.033134
RR: 19.191503
DD: 0.076431
DR: 3.029781
RR: 19.180614
DD: 0.077765
DR: 3.033091
RR: 19.212097
DD: 0.07696499999999999
DR: 3.044642
RR: 19.352666
DD: 0.07745099999999999
DR: 3.070137
RR: 19.469054
DD: 0.077364
DR: 3.074381
RR: 19.533009
DD: 0.077314
DR: 3.057627
RR: 19.435584
DD: 0.078397
DR: 3.070451
RR: 19.4862
DD: 0.077536
DR: 3.070121
RR: 19.485486
DD: 0.078418
DR: 3.066489
RR: 19.439192
DD: 0.07692600000000005
DR: 3.041783
RR: 19.329147
DD: 0.076816
DR: 3.045109
RR: 19.299284
DD: 0.07740999999999999
DR: 3.041318
RR: 19.234245
DD: 0.07656199999999999
DR: 3.029421
RR: 19.171103
DD: 0.07640000000000002
DR: 3.039646
RR: 19.146199
DD: 0.07647899999999999
DR: 3.02765
RR: 19.115268
DD: 0.076057
DR: 3.017671
RR: 19.080505
DD: 0.077154
DR: 3.035855
RR: 19.051622
DD: 0.076227
DR: 3.02504
RR: 19.094224
saved to _G20.5_rmin0.001_rmax10.0_nbins30_zmin1.0zmax2.0_Lmaxsplit3bin0_N50_Planck_MC_b0

Pixels masked by MC but not already by selfunc: 4410
G20.5_zmin1.0zmax2.0_Lmaxsplit3bin1: 0.01              427720 vs 432130
/home/groups/tabel/mahlet/quaia-env/lib/python3.10/site-packages/Corrfunc/utils.py:918: UserWarning: One or more input array has non-native endianness!  A copy will be made with the correct endianness.
  warnings.warn("One or more input array has non-native endianness!  A copy will"\
DD: 0.21204299999999998
DR: 9.898766
RR: 87.030581
DD: 0.213582
DR: 9.838359
RR: 86.779964
DD: 0.21358600000000005
DR: 9.851742
RR: 86.917685
DD: 0.214111
DR: 9.83259
RR: 86.842146
DD: 0.21404499999999999
DR: 9.861886
RR: 86.962505
DD: 0.21336600000000006
DR: 9.872829
RR: 87.018824
DD: 0.21441
DR: 9.880035
RR: 87.430797
DD: 0.21518199999999998
DR: 9.885685
RR: 87.535632
DD: 0.21626499999999999
DR: 9.997663
RR: 88.115732
DD: 0.216136
DR: 9.957313
RR: 88.089508
DD: 0.216226
DR: 9.961165
RR: 88.295384
DD: 0.21705
DR: 9.996404
RR: 88.465187
DD: 0.217433
DR: 10.022665
RR: 88.836806
DD: 0.21706199999999998
DR: 10.032253
RR: 88.894641
DD: 0.21666
DR: 9.995034
RR: 88.752014
DD: 0.21583
DR: 9.962458
RR: 88.392562
DD: 0.214671
DR: 9.918265
RR: 87.961092
DD: 0.21485300000000007
DR: 9.895863
RR: 87.61078
DD: 0.213996
DR: 9.881154
RR: 87.42191
DD: 0.21297200000000005
DR: 9.86899
RR: 87.235297
DD: 0.21229299999999998
DR: 9.837271
RR: 87.03618
DD: 0.21340599999999998
DR: 9.827987
RR: 86.887267
DD: 0.21245
DR: 9.815361
RR: 86.786779
DD: 0.212301
DR: 9.822909
RR: 86.727806
DD: 0.211835
DR: 9.816328
RR: 86.937271
DD: 0.213604
DR: 9.814794
RR: 86.655733
DD: 0.212504
DR: 9.820915
RR: 86.616312
DD: 0.212857
DR: 9.834797
RR: 86.643464
DD: 0.21232399999999998
DR: 9.824156
RR: 86.667903
DD: 0.212133
DR: 9.810705
RR: 86.726468
DD: 0.21323599999999998
DR: 9.833742
RR: 86.811747
DD: 0.213144
DR: 9.8374
RR: 86.833618
DD: 0.213326
DR: 9.860467
RR: 87.219767
DD: 0.21520700000000004
DR: 9.887612
RR: 87.732042
DD: 0.215269
DR: 9.940137
RR: 87.984208
DD: 0.21569300000000002
DR: 9.955545
RR: 88.225303
DD: 0.21626499999999999
DR: 9.973706
RR: 88.266702
DD: 0.216073
DR: 10.029221
RR: 88.599549
DD: 0.22175299999999998
DR: 10.043935
RR: 88.77152
DD: 0.21741
DR: 10.060788
RR: 88.953202
DD: 0.221877
DR: 10.062331
RR: 88.90404
DD: 0.216469
DR: 10.011003
RR: 88.558181
DD: 0.21503599999999998
DR: 9.996768
RR: 88.22024
DD: 0.215223
DR: 9.913577
RR: 87.726598
DD: 0.21351299999999998
DR: 9.886426
RR: 87.376794
DD: 0.21313
DR: 9.865941
RR: 87.069941
DD: 0.213309
DR: 9.848136
RR: 86.966938
DD: 0.213332
DR: 9.837692
RR: 86.829992
DD: 0.21210800000000007
DR: 9.807461
RR: 86.84441699999999
DD: 0.211891
DR: 9.825275
RR: 86.903055
saved to _G20.5_rmin0.001_rmax10.0_nbins30_zmin1.0zmax2.0_Lmaxsplit3bin1_N50_Planck_MC_b0

Pixels masked by MC but not already by selfunc: 6208
G20.5_zmin1.0zmax2.0_Lmaxsplit3bin2: 0.01              641988 vs 648196
/home/groups/tabel/mahlet/quaia-env/lib/python3.10/site-packages/Corrfunc/utils.py:918: UserWarning: One or more input array has non-native endianness!  A copy will be made with the correct endianness.
  warnings.warn("One or more input array has non-native endianness!  A copy will"\
DD: 0.411362
DR: 21.492862
RR: 216.674646
DD: 0.41579099999999997
DR: 21.430948
RR: 216.517582
DD: 0.41479499999999997
DR: 21.478588
RR: 216.784839
DD: 0.415258
DR: 21.46712
RR: 216.540724
DD: 0.41479699999999997
DR: 21.491994
RR: 216.911987
DD: 0.418097
DR: 21.574235
RR: 218.025168
DD: 0.417908
DR: 21.687561
RR: 219.332249
DD: 0.420962
DR: 21.768903
RR: 220.27955
DD: 0.421209
DR: 21.804599
RR: 220.880589
DD: 0.422459
DR: 21.866982
RR: 221.432081
DD: 0.422156
DR: 21.917377
RR: 221.87703
DD: 0.42586599999999997
DR: 21.990634
RR: 222.896091
DD: 0.424376
DR: 22.045176
RR: 223.652048
DD: 0.4256730000000001
DR: 22.053543
RR: 223.785237
DD: 0.42422000000000004
DR: 22.0467
RR: 223.821782
DD: 0.4236150000000001
DR: 21.981819
RR: 222.660899
DD: 0.419605
DR: 21.837559
RR: 220.831257
DD: 0.419296
DR: 21.719904
RR: 219.733974
DD: 0.416465
DR: 21.655369
RR: 218.730796
DD: 0.41640499999999997
DR: 21.569519
RR: 217.622202
DD: 0.41463400000000006
DR: 21.48031
RR: 217.135243
DD: 0.415666
DR: 21.4593
RR: 216.755386
DD: 0.41320900000000005
DR: 21.420336
RR: 216.37487
DD: 0.4140130000000001
DR: 21.311243
RR: 216.106622
DD: 0.412174
DR: 21.435113
RR: 216.63603
DD: 0.41497300000000004
DR: 21.480348
RR: 216.853928
DD: 0.41387199999999996
DR: 21.426743
RR: 216.181002
DD: 0.41617100000000007
DR: 21.422612
RR: 216.349313
DD: 0.414199
DR: 21.412238
RR: 216.526322
DD: 0.415227
DR: 21.438281
RR: 216.55445
DD: 0.41583900000000007
DR: 21.498278
RR: 217.339834
DD: 0.417864
DR: 21.593418
RR: 218.421246
DD: 0.4183
DR: 21.7092
RR: 219.415188
DD: 0.421344
DR: 21.739366
RR: 220.175879
DD: 0.420355
DR: 21.835457
RR: 221.102031
DD: 0.422837
DR: 21.888395
RR: 221.918759
DD: 0.423559
DR: 21.948978
RR: 222.694063
DD: 0.425438
DR: 22.073405
RR: 223.367408
DD: 0.425871
DR: 22.07946
RR: 224.260861
DD: 0.427844
DR: 22.128951
RR: 224.815375
DD: 0.42614199999999997
DR: 22.142583
RR: 225.008963
DD: 0.426867
DR: 22.773286
RR: 225.091712
DD: 0.424352
DR: 21.971652
RR: 228.589771
DD: 0.44417199999999996
DR: 22.358858
RR: 223.031865
DD: 0.419169
DR: 21.720528
RR: 219.713472
DD: 0.416965
DR: 21.60105
RR: 218.411548
DD: 0.41535600000000006
DR: 21.527298000000002
RR: 217.792509
DD: 0.416051
DR: 21.506041
RR: 217.397915
DD: 0.41379299999999997
DR: 21.453512
RR: 216.806464
DD: 0.41473699999999997
DR: 21.428707
RR: 217.401262
saved to _G20.5_rmin0.001_rmax10.0_nbins30_zmin1.0zmax2.0_Lmaxsplit3bin2_N50_Planck_MC_b0

Pixels masked by MC but not already by selfunc: 1251
G20.5_zmin2.0zmax3.0_Lmaxsplit3bin0: 0.01              94252 vs 95503
/home/groups/tabel/mahlet/quaia-env/lib/python3.10/site-packages/Corrfunc/utils.py:918: UserWarning: One or more input array has non-native endianness!  A copy will be made with the correct endianness.
  warnings.warn("One or more input array has non-native endianness!  A copy will"\
DD: 0.032112999999999996
DR: 1.014888
RR: 4.5088159999999995
DD: 0.031303
DR: 1.016275
RR: 4.495014
DD: 0.030971
DR: 1.010098
RR: 4.398356
DD: 0.030921999999999998
DR: 0.978862
RR: 4.342034
DD: 0.030667999999999997
DR: 1.009096
RR: 4.274665
DD: 0.029731999999999998
DR: 0.968327
RR: 4.211011
DD: 0.029581999999999997
DR: 0.961709
RR: 4.149032
DD: 0.029137999999999997
DR: 0.958314
RR: 4.147807
DD: 0.029752999999999998
DR: 0.958112
RR: 4.180914
DD: 0.029571999999999998
DR: 0.961353
RR: 4.185755
DD: 0.029131999999999998
DR: 0.967022
RR: 4.125172
DD: 0.029190999999999998
DR: 0.947062
RR: 4.218658
DD: 0.030448
DR: 0.972223
RR: 4.2077670000000005
DD: 0.029744999999999997
DR: 0.960372
RR: 4.223566
DD: 0.029883
DR: 0.955797
RR: 4.232025
DD: 0.029994
DR: 0.972906
RR: 4.18478
DD: 0.029758
DR: 0.960181
RR: 4.164177
DD: 0.030081
DR: 0.958305
RR: 4.126007
DD: 0.029849999999999998
DR: 0.952165
RR: 4.126556
DD: 0.029626
DR: 0.948909
RR: 4.195908
DD: 0.030014
DR: 0.965509
RR: 4.190969
DD: 0.029944
DR: 0.964682
RR: 4.144668
DD: 0.029922999999999998
DR: 0.967152
RR: 4.191128
DD: 0.029751
DR: 0.951887
RR: 4.125217
DD: 0.029238999999999998
DR: 0.958384
RR: 4.132513
DD: 0.028621999999999998
DR: 0.941331
RR: 4.211396
DD: 0.029405999999999998
DR: 0.948991
RR: 4.108316
DD: 0.029321
DR: 0.954956
RR: 4.081283
DD: 0.028991
DR: 0.949443
RR: 4.068978
DD: 0.029092
DR: 0.946258
RR: 4.157639
DD: 0.030965999999999997
DR: 0.968266
RR: 4.278835
DD: 0.030305
DR: 0.974336
RR: 4.291308
DD: 0.030416
DR: 0.972687
RR: 4.25556
DD: 0.030296
DR: 0.970846
RR: 4.183752
DD: 0.029789
DR: 0.968949
RR: 4.129479
DD: 0.029612999999999997
DR: 0.948879
RR: 4.117806
DD: 0.029453999999999998
DR: 0.954203
RR: 4.149384
DD: 0.029658999999999998
DR: 0.950852
RR: 4.157631
DD: 0.029702
DR: 0.948477
RR: 4.146913
DD: 0.029996
DR: 0.953954
RR: 4.156849
DD: 0.029826
DR: 0.9585809999999999
RR: 4.135594
DD: 0.029605
DR: 0.949376
RR: 4.145477
DD: 0.029571
DR: 0.951477
RR: 4.128631
DD: 0.029332999999999998
DR: 0.947746
RR: 4.110248
DD: 0.02999
DR: 0.942753
RR: 4.096856
DD: 0.029248999999999997
DR: 0.941791
RR: 4.086542
DD: 0.029241
DR: 0.940164
RR: 4.066193
DD: 0.029030999999999998
DR: 0.939983
RR: 4.093997
DD: 0.029158
DR: 0.941325
RR: 4.108237
DD: 0.029128000000000043
DR: 0.939176
RR: 4.100828
saved to _G20.5_rmin0.001_rmax10.0_nbins30_zmin2.0zmax3.0_Lmaxsplit3bin0_N50_Planck_MC_b0

Pixels masked by MC but not already by selfunc: 2466
G20.5_zmin2.0zmax3.0_Lmaxsplit3bin1: 0.01              188539 vs 191005
/home/groups/tabel/mahlet/quaia-env/lib/python3.10/site-packages/Corrfunc/utils.py:918: UserWarning: One or more input array has non-native endianness!  A copy will be made with the correct endianness.
  warnings.warn("One or more input array has non-native endianness!  A copy will"\
DD: 0.069685
DR: 2.642119
RR: 16.436852
DD: 0.068981
DR: 2.675518
RR: 16.506457
DD: 0.07045599999999999
DR: 2.666382
RR: 16.447642
DD: 0.06933700000000009
DR: 2.677279
RR: 16.713679
DD: 0.069997
DR: 2.688729
RR: 16.166807
DD: 0.067678
DR: 2.678413
RR: 16.758468
DD: 0.070951
DR: 2.694074
RR: 15.7893
DD: 0.068837
DR: 2.759624
RR: 16.985418
DD: 0.069566
DR: 2.801241
RR: 17.271608
DD: 0.070185
DR: 2.750366
RR: 17.202577
DD: 0.070242
DR: 2.682876
RR: 15.936783
DD: 0.068328
DR: 2.701041
RR: 16.603788
DD: 0.069233
DR: 2.809419
RR: 15.775649
DD: 0.06817999999999999
DR: 3.039241
RR: 18.950412
DD: 0.075899
DR: 2.922132
RR: 17.786468
DD: 0.071522
DR: 2.730197
RR: 16.610359
DD: 0.068895
DR: 2.701072
RR: 16.931297999999998
DD: 0.07142899999999999
DR: 2.6843120000000003
RR: 16.213803
DD: 0.06894399999999999
DR: 2.660902
RR: 16.736684
DD: 0.069033
DR: 2.661273
RR: 16.273896
DD: 0.068298
DR: 2.6558859999999997
RR: 16.492522
DD: 0.069192
DR: 2.756667
RR: 16.822592
DD: 0.06958
DR: 2.650722
RR: 16.360483
DD: 0.06948499999999999
DR: 2.659699
RR: 16.65985
DD: 0.070144
DR: 2.662081
RR: 16.581683
DD: 0.068747
DR: 2.647836
RR: 16.468361
DD: 0.069363
DR: 2.649303
RR: 16.688594
DD: 0.069871
DR: 2.6774430000000002
RR: 16.374143
DD: 0.06869499999999999
DR: 2.68351
RR: 16.717303
DD: 0.06984499999999999
DR: 2.683869
RR: 16.654886
DD: 0.06967899999999999
DR: 2.682369
RR: 16.594537
DD: 0.070605
DR: 2.653185
RR: 16.782592
DD: 0.070377
DR: 2.701667
RR: 16.64332
DD: 0.070686
DR: 2.735682
RR: 16.964878
DD: 0.07169199999999999
DR: 2.745272
RR: 17.083289
DD: 0.072931
DR: 2.746733
RR: 17.057459
DD: 0.07226199999999999
DR: 2.766262
RR: 17.124758
DD: 0.07044199999999999
DR: 2.718446
RR: 17.263056
DD: 0.07216299999999999
DR: 2.766749
RR: 17.303578
DD: 0.073393
DR: 2.765549
RR: 17.211139
DD: 0.07267699999999999
DR: 2.808196
RR: 17.357586
DD: 0.07187500000000002
DR: 2.714263
RR: 17.244565
DD: 0.073319
DR: 2.775359
RR: 17.16785
DD: 0.071272
DR: 2.701283
RR: 16.779531
DD: 0.07094
DR: 2.71945
RR: 17.038789
DD: 0.070363
DR: 2.6742850000000002
RR: 16.751677
DD: 0.07169199999999999
DR: 2.703673
RR: 16.773061
DD: 0.070869
DR: 2.714215
RR: 16.623696
DD: 0.068703
DR: 2.698846
RR: 16.877055
DD: 0.070225
DR: 2.680771
RR: 16.798848
saved to _G20.5_rmin0.001_rmax10.0_nbins30_zmin2.0zmax3.0_Lmaxsplit3bin1_N50_Planck_MC_b0

Pixels masked by MC but not already by selfunc: 3576
G20.5_zmin2.0zmax3.0_Lmaxsplit3bin2: 0.01              282932 vs 286508
/home/groups/tabel/mahlet/quaia-env/lib/python3.10/site-packages/Corrfunc/utils.py:918: UserWarning: One or more input array has non-native endianness!  A copy will be made with the correct endianness.
  warnings.warn("One or more input array has non-native endianness!  A copy will"\
DD: 0.129693
DR: 5.424859
RR: 42.54193
DD: 0.12845400000000007
DR: 5.335041
RR: 42.424658
DD: 0.129077
DR: 5.41421
RR: 42.490967
DD: 0.126474
DR: 5.492625
RR: 42.514157
DD: 0.126681
DR: 5.406675
RR: 42.52291
DD: 0.128331
DR: 5.44689
RR: 42.67556
DD: 0.12734299999999998
DR: 5.50289
RR: 43.113566
DD: 0.131465
DR: 5.483782
RR: 43.099915
DD: 0.12888
DR: 5.500151
RR: 43.077792
DD: 0.131853
DR: 5.501844
RR: 42.987402
DD: 0.13448100000000007
DR: 5.569349
RR: 43.097704
DD: 0.132186
DR: 5.562491
RR: 42.669043
DD: 0.129365
DR: 5.479235
RR: 42.469063
DD: 0.12913
DR: 5.49229
RR: 43.486148
DD: 0.129094
DR: 5.524506
RR: 42.971132
DD: 0.13022799999999998
DR: 5.525659
RR: 41.965723
DD: 0.12864600000000004
DR: 5.435023
RR: 40.972704
DD: 0.129428
DR: 5.213583
RR: 39.909338
DD: 0.120516
DR: 5.184999
RR: 39.175885
DD: 0.12523499999999999
DR: 5.451364
RR: 40.579984
DD: 0.12559199999999998
DR: 5.233167
RR: 39.82379
DD: 0.13094999999999998
DR: 5.207135
RR: 39.802922
DD: 0.12296699999999999
DR: 5.210282
RR: 39.902795
DD: 0.127154
DR: 5.088921
RR: 38.396391
DD: 0.12064899999999999
DR: 5.064472
RR: 38.460481
DD: 0.120707
DR: 5.049627
RR: 38.545142
DD: 0.12070600000000009
DR: 5.053748
RR: 38.485056
DD: 0.120391
DR: 5.060925
RR: 38.520952
DD: 0.118639
DR: 5.06282
RR: 38.509904
DD: 0.119709
DR: 5.06966
RR: 38.610566
DD: 0.12103399999999999
DR: 5.104882
RR: 38.731467
DD: 0.119598
DR: 5.098255
RR: 38.908559
DD: 0.12185499999999999
DR: 5.116254
RR: 39.105376
DD: 0.122627
DR: 5.131465
RR: 39.26102
DD: 0.12081599999999999
DR: 5.152725
RR: 39.40065
DD: 0.12295099999999999
DR: 5.183303
RR: 39.57959
DD: 0.12310299999999999
DR: 5.200513
RR: 39.710871
DD: 0.12390100000000004
DR: 5.201295
RR: 39.855828
DD: 0.123859
DR: 5.227257
RR: 40.040372
DD: 0.12472100000000008
DR: 5.221838
RR: 39.938516
DD: 0.12413199999999999
DR: 5.211277
RR: 40.009944
DD: 0.122834
DR: 5.21332
RR: 39.957338
DD: 0.122031
DR: 5.188326
RR: 39.771541
DD: 0.12303099999999999
DR: 5.160118
RR: 39.482001
DD: 0.122516
DR: 5.12168
RR: 39.258739
DD: 0.12271299999999999
DR: 5.127226
RR: 39.031159
DD: 0.11974399999999999
DR: 5.09114
RR: 38.830016
DD: 0.12094700000000003
DR: 5.097276
RR: 38.731569
DD: 0.12099199999999999
DR: 5.08165
RR: 38.660957
DD: 0.11966399999999999
DR: 5.080115
RR: 38.613163
saved to _G20.5_rmin0.001_rmax10.0_nbins30_zmin2.0zmax3.0_Lmaxsplit3bin2_N50_Planck_MC_b0

Pixels masked by MC but not already by selfunc: 157
G20.5_zmin3.0zmax4.6_Lmaxsplit3bin0: 0.01              11996 vs 12153
/home/groups/tabel/mahlet/quaia-env/lib/python3.10/site-packages/Corrfunc/utils.py:918: UserWarning: One or more input array has non-native endianness!  A copy will be made with the correct endianness.
  warnings.warn("One or more input array has non-native endianness!  A copy will"\
DD: 0.005873
DR: 0.07529999999999999
RR: 0.13666699999999998
DD: 0.006107000000000085
DR: 0.07481499999999999
RR: 0.13500299999999998
DD: 0.006038
DR: 0.07548099999999999
RR: 0.13480799999999998
DD: 0.006062
DR: 0.077344
RR: 0.134841
DD: 0.006096
DR: 0.07515
RR: 0.134831
DD: 0.006078
DR: 0.075125
RR: 0.134775
DD: 0.006044
DR: 0.075483
RR: 0.13505999999999999
DD: 0.006082
DR: 0.075227
RR: 0.135136
DD: 0.0061259999999999995
DR: 0.075433
RR: 0.13547900000000002
DD: 0.006078999999999999
DR: 0.07557
RR: 0.135517
DD: 0.006124
DR: 0.075483
RR: 0.135914
DD: 0.006153
DR: 0.075376
RR: 0.13608199999999998
DD: 0.0061259999999999995
DR: 0.07586799999999999
RR: 0.136405
DD: 0.006154
DR: 0.07560599999999999
RR: 0.13622900000000004
DD: 0.00612
DR: 0.075448
RR: 0.135209
DD: 0.006098999999999999
DR: 0.074852
RR: 0.135042
DD: 0.006096
DR: 0.07491199999999999
RR: 0.134897
DD: 0.0060409999999999995
DR: 0.074859
RR: 0.134524
DD: 0.006075
DR: 0.074838
RR: 0.134516
DD: 0.006071
DR: 0.074812
RR: 0.134305
DD: 0.006051
DR: 0.07482
RR: 0.13436299999999998
DD: 0.006039
DR: 0.07431499999999999
RR: 0.13395400000000002
DD: 0.006052
DR: 0.074684
RR: 0.13500299999999998
DD: 0.006031
DR: 0.074267
RR: 0.134371
DD: 0.006003
DR: 0.07430700000000001
RR: 0.133926
DD: 0.005998
DR: 0.074748
RR: 0.134429
DD: 0.006072999999999999
DR: 0.074362
RR: 0.13431300000000002
DD: 0.006031
DR: 0.075166
RR: 0.134683
DD: 0.006107
DR: 0.07508999999999999
RR: 0.13453099999999998
DD: 0.006045
DR: 0.075311
RR: 0.135101
DD: 0.006065
DR: 0.075137
RR: 0.134368
DD: 0.006057
DR: 0.07507899999999999
RR: 0.134954
DD: 0.006072
DR: 0.07586
RR: 0.135482
DD: 0.006103
DR: 0.07588099999999999
RR: 0.135624
DD: 0.006108
DR: 0.07633899999999999
RR: 0.1360800000000001
DD: 0.006144999999999999
DR: 0.07590899999999999
RR: 0.13597399999999998
DD: 0.0061589999999999995
DR: 0.076233
RR: 0.13666899999999998
DD: 0.00617
DR: 0.076518
RR: 0.136437
DD: 0.006173
DR: 0.076252
RR: 0.136746
DD: 0.0061589999999999995
DR: 0.076329
RR: 0.13700100000000004
DD: 0.006176
DR: 0.07645199999999999
RR: 0.13691499999999998
DD: 0.006098
DR: 0.076109
RR: 0.13668
DD: 0.006077
DR: 0.07582300000000008
RR: 0.136127
DD: 0.006137999999999999
DR: 0.075468
RR: 0.135273
DD: 0.006101
DR: 0.075455
RR: 0.135683
DD: 0.006094
DR: 0.075722
RR: 0.135579
DD: 0.006059
DR: 0.075571
RR: 0.135374
DD: 0.006077
DR: 0.075844
RR: 0.134518
DD: 0.006091999999999999
DR: 0.07560599999999999
RR: 0.135051
DD: 0.006012
DR: 0.075196
RR: 0.134482
saved to _G20.5_rmin0.001_rmax10.0_nbins30_zmin3.0zmax4.6_Lmaxsplit3bin0_N50_Planck_MC_b0

Pixels masked by MC but not already by selfunc: 274
G20.5_zmin3.0zmax4.6_Lmaxsplit3bin1: 0.01              24031 vs 24305
/home/groups/tabel/mahlet/quaia-env/lib/python3.10/site-packages/Corrfunc/utils.py:918: UserWarning: One or more input array has non-native endianness!  A copy will be made with the correct endianness.
  warnings.warn("One or more input array has non-native endianness!  A copy will"\
DD: 0.008756
DR: 0.162167
RR: 0.37539999999999996
DD: 0.008723999999999999
DR: 0.160885
RR: 0.375494
DD: 0.008738
DR: 0.16125100000000003
RR: 0.37593699999999997
DD: 0.008723
DR: 0.16097999999999998
RR: 0.375813
DD: 0.008719
DR: 0.160333
RR: 0.375549
DD: 0.008784
DR: 0.161077
RR: 0.37616400000000005
DD: 0.008765
DR: 0.16147999999999998
RR: 0.37749
DD: 0.008742
DR: 0.161482
RR: 0.377064
DD: 0.008775
DR: 0.162788
RR: 0.37967599999999996
DD: 0.008811
DR: 0.16250299999999998
RR: 0.38018799999999997
DD: 0.008804
DR: 0.16253700000000004
RR: 0.380334
DD: 0.008851999999999999
DR: 0.162134
RR: 0.380858
DD: 0.008872
DR: 0.162638
RR: 0.380901
DD: 0.008954
DR: 0.162522
RR: 0.38053900000000007
DD: 0.008778
DR: 0.16228299999999998
RR: 0.38074300000000005
DD: 0.008985
DR: 0.162386
RR: 0.379189
DD: 0.008969
DR: 0.162055
RR: 0.38217399999999996
DD: 0.009712
DR: 0.16352999999999998
RR: 0.377523
DD: 0.008744
DR: 0.16158699999999998
RR: 0.377284
DD: 0.008845
DR: 0.16102400000000006
RR: 0.376104
DD: 0.008825999999999999
DR: 0.160993
RR: 0.376259
DD: 0.008707
DR: 0.1611
RR: 0.375335
DD: 0.008721
DR: 0.16094799999999998
RR: 0.37541500000000005
DD: 0.008772
DR: 0.16084199999999998
RR: 0.37503600000000004
DD: 0.008685
DR: 0.160685
RR: 0.375351
DD: 0.008705
DR: 0.15969
RR: 0.374691
DD: 0.008752
DR: 0.160439
RR: 0.375312
DD: 0.008757
DR: 0.16095700000000002
RR: 0.375922
DD: 0.008874
DR: 0.16056199999999998
RR: 0.37609899999999996
DD: 0.008719
DR: 0.16050999999999999
RR: 0.375282
DD: 0.008701
DR: 0.160829
RR: 0.37616800000000006
DD: 0.008708
DR: 0.16050499999999998
RR: 0.376212
DD: 0.008811
DR: 0.161097
RR: 0.376807
DD: 0.008787
DR: 0.16131199999999998
RR: 0.37754699999999997
DD: 0.008784
DR: 0.16044
RR: 0.37854699999999997
DD: 0.008832
DR: 0.16207800000000006
RR: 0.379723
DD: 0.008933
DR: 0.16201700000000008
RR: 0.381934
DD: 0.008803
DR: 0.16123099999999999
RR: 0.380743
DD: 0.008916
DR: 0.161332
RR: 0.3805430000000001
DD: 0.008778
DR: 0.161411
RR: 0.38052700000000006
DD: 0.008761999999999999
DR: 0.15917
RR: 0.377362
DD: 0.008763
DR: 0.159115
RR: 0.376812
DD: 0.00875400000000004
DR: 0.159359
RR: 0.37959099999999996
DD: 0.008905
DR: 0.162185
RR: 0.378914
DD: 0.008903
DR: 0.161732
RR: 0.379046
DD: 0.008948
DR: 0.161357
RR: 0.378258
DD: 0.008837
DR: 0.16255899999999998
RR: 0.376384
DD: 0.008827
DR: 0.16106199999999998
RR: 0.377244
DD: 0.008819
DR: 0.16033699999999998
RR: 0.3769330000000001
DD: 0.008681999999999999
DR: 0.160552
RR: 0.377155
saved to _G20.5_rmin0.001_rmax10.0_nbins30_zmin3.0zmax4.6_Lmaxsplit3bin1_N50_Planck_MC_b0

Pixels masked by MC but not already by selfunc: 386
G20.5_zmin3.0zmax4.6_Lmaxsplit3bin2: 0.01              36072 vs 36458
/home/groups/tabel/mahlet/quaia-env/lib/python3.10/site-packages/Corrfunc/utils.py:918: UserWarning: One or more input array has non-native endianness!  A copy will be made with the correct endianness.
  warnings.warn("One or more input array has non-native endianness!  A copy will"\
DD: 0.011545
DR: 0.258811
RR: 0.726468
DD: 0.011606
DR: 0.26112599999999997
RR: 0.725096
DD: 0.011462
DR: 0.260181
RR: 0.726315
DD: 0.011583999999999999
DR: 0.259671
RR: 0.72525
DD: 0.011524999999999999
DR: 0.2605780000000001
RR: 0.7286170000000001
DD: 0.011701999999999999
DR: 0.261901
RR: 0.728052
DD: 0.011668999999999999
DR: 0.2622420000000001
RR: 0.727886
DD: 0.011568
DR: 0.260352
RR: 0.729427
DD: 0.011576
DR: 0.25903200000000004
RR: 0.730817
DD: 0.011578999999999999
DR: 0.260465
RR: 0.733576
DD: 0.011628
DR: 0.261649
RR: 0.733441
DD: 0.011595999999999999
DR: 0.260185
RR: 0.7361759999999999
DD: 0.011654999999999999
DR: 0.26066900000000004
RR: 0.737018
DD: 0.011718
DR: 0.26616999999999996
RR: 0.743617
DD: 0.011562
DR: 0.261637
RR: 0.738253
DD: 0.011752
DR: 0.261747
RR: 0.736196
DD: 0.011644999999999999
DR: 0.261556
RR: 0.733561
DD: 0.011536
DR: 0.260615
RR: 0.7314579999999999
DD: 0.011496
DR: 0.26023999999999997
RR: 0.732674
DD: 0.01247
DR: 0.263102
RR: 0.728032
DD: 0.011595999999999999
DR: 0.257807
RR: 0.724907
DD: 0.011448
DR: 0.25823999999999997
RR: 0.7236659999999999
DD: 0.011393
DR: 0.25812199999999996
RR: 0.7237260000000001
DD: 0.011548
DR: 0.258693
RR: 0.724893
DD: 0.011363
DR: 0.257308
RR: 0.723658
DD: 0.011371
DR: 0.25776299999999996
RR: 0.722046
DD: 0.011425999999999999
DR: 0.25734399999999996
RR: 0.721609
DD: 0.011576
DR: 0.25795
RR: 0.722591
DD: 0.011439
DR: 0.258548
RR: 0.723022
DD: 0.011498
DR: 0.25845399999999996
RR: 0.723378
DD: 0.011448
DR: 0.25738
RR: 0.7253780000000001
DD: 0.011434999999999999
DR: 0.259249
RR: 0.726262
DD: 0.01154
DR: 0.261634
RR: 0.7290810000000001
DD: 0.011533999999999999
DR: 0.260737
RR: 0.731121
DD: 0.011582
DR: 0.26195999999999997
RR: 0.7329680000000001
DD: 0.011670999999999999
DR: 0.262502
RR: 0.734378
DD: 0.011637
DR: 0.261914
RR: 0.73658
DD: 0.011652
DR: 0.263106
RR: 0.7406229999999999
DD: 0.011845
DR: 0.26490199999999997
RR: 0.741248
DD: 0.011807
DR: 0.264961
RR: 0.741791
DD: 0.01167
DR: 0.263783
RR: 0.740605
DD: 0.011819
DR: 0.26467999999999997
RR: 0.740261
DD: 0.011795
DR: 0.264135
RR: 0.738421
DD: 0.011599
DR: 0.262802
RR: 0.736483
DD: 0.011682
DR: 0.261845
RR: 0.734531
DD: 0.011516
DR: 0.2605970000000001
RR: 0.731433
DD: 0.011483000000000021
DR: 0.26026499999999997
RR: 0.728851
DD: 0.011557
DR: 0.25890500000000005
RR: 0.726611
DD: 0.011498
DR: 0.257254
RR: 0.722743
DD: 0.011543999999999999
DR: 0.258088
RR: 0.7265199999999999
saved to _G20.5_rmin0.001_rmax10.0_nbins30_zmin3.0zmax4.6_Lmaxsplit3bin2_N50_Planck_MC_b0

done!
