Starting batch job

G20.5: computing wtheta in 30 bins from 0.001 to 10.0 on a log scale...

Pixels masked by MC but not already by selfunc: 895
G20.5_zsplit4bin0_Lsplit3bin0: 0.42              62138 vs 107932
[Warning] The CPU supports AVX512F but the compiler does not.  Can you try another compiler?
/home/groups/tabel/mahlet/quaia-env/lib/python3.10/site-packages/Corrfunc/utils.py:918: UserWarning: One or more input array has non-native endianness!  A copy will be made with the correct endianness.
  warnings.warn("One or more input array has non-native endianness!  A copy will"\
DD: 0.04326
DR: 0.735328
RR: 3.0792
saved to _G20.5_rmin0.001_rmax10.0_nbins30_zsplit4bin0_Lsplit3bin0_Planck_MC_b30
Pixels masked by MC but not already by selfunc: 806
G20.5_zsplit4bin0_Lsplit3bin1: 0.30              76055 vs 107931
/home/groups/tabel/mahlet/quaia-env/lib/python3.10/site-packages/Corrfunc/utils.py:918: UserWarning: One or more input array has non-native endianness!  A copy will be made with the correct endianness.
  warnings.warn("One or more input array has non-native endianness!  A copy will"\
DD: 0.028017999999999998
DR: 0.867281
RR: 4.100638
saved to _G20.5_rmin0.001_rmax10.0_nbins30_zsplit4bin0_Lsplit3bin1_Planck_MC_b30
Pixels masked by MC but not already by selfunc: 764
G20.5_zsplit4bin0_Lsplit3bin2: 0.26              79811 vs 107932
/home/groups/tabel/mahlet/quaia-env/lib/python3.10/site-packages/Corrfunc/utils.py:918: UserWarning: One or more input array has non-native endianness!  A copy will be made with the correct endianness.
  warnings.warn("One or more input array has non-native endianness!  A copy will"\
DD: 0.028596999999999997
DR: 0.8823179999999999
RR: 4.478873
saved to _G20.5_rmin0.001_rmax10.0_nbins30_zsplit4bin0_Lsplit3bin2_Planck_MC_b30
Pixels masked by MC but not already by selfunc: 873
G20.5_zsplit4bin1_Lsplit3bin0: 0.41              63681 vs 107983
/home/groups/tabel/mahlet/quaia-env/lib/python3.10/site-packages/Corrfunc/utils.py:918: UserWarning: One or more input array has non-native endianness!  A copy will be made with the correct endianness.
  warnings.warn("One or more input array has non-native endianness!  A copy will"\
DD: 0.021688
DR: 0.64176
RR: 3.048606
saved to _G20.5_rmin0.001_rmax10.0_nbins30_zsplit4bin1_Lsplit3bin0_Planck_MC_b30
Pixels masked by MC but not already by selfunc: 796
G20.5_zsplit4bin1_Lsplit3bin1: 0.32              73477 vs 107983
/home/groups/tabel/mahlet/quaia-env/lib/python3.10/site-packages/Corrfunc/utils.py:918: UserWarning: One or more input array has non-native endianness!  A copy will be made with the correct endianness.
  warnings.warn("One or more input array has non-native endianness!  A copy will"\
DD: 0.027212
DR: 0.758213
RR: 3.838176
saved to _G20.5_rmin0.001_rmax10.0_nbins30_zsplit4bin1_Lsplit3bin1_Planck_MC_b30
Pixels masked by MC but not already by selfunc: 713
G20.5_zsplit4bin1_Lsplit3bin2: 0.19              86944 vs 107983
/home/groups/tabel/mahlet/quaia-env/lib/python3.10/site-packages/Corrfunc/utils.py:918: UserWarning: One or more input array has non-native endianness!  A copy will be made with the correct endianness.
  warnings.warn("One or more input array has non-native endianness!  A copy will"\
DD: 0.033796
DR: 1.042159
RR: 5.117069
saved to _G20.5_rmin0.001_rmax10.0_nbins30_zsplit4bin1_Lsplit3bin2_Planck_MC_b30
Pixels masked by MC but not already by selfunc: 910
G20.5_zsplit4bin2_Lsplit3bin0: 0.40              65150 vs 107936
/home/groups/tabel/mahlet/quaia-env/lib/python3.10/site-packages/Corrfunc/utils.py:918: UserWarning: One or more input array has non-native endianness!  A copy will be made with the correct endianness.
  warnings.warn("One or more input array has non-native endianness!  A copy will"\
DD: 0.021956
DR: 0.657543
RR: 3.133806
saved to _G20.5_rmin0.001_rmax10.0_nbins30_zsplit4bin2_Lsplit3bin0_Planck_MC_b30
Pixels masked by MC but not already by selfunc: 827
G20.5_zsplit4bin2_Lsplit3bin1: 0.30              75638 vs 107936
/home/groups/tabel/mahlet/quaia-env/lib/python3.10/site-packages/Corrfunc/utils.py:918: UserWarning: One or more input array has non-native endianness!  A copy will be made with the correct endianness.
  warnings.warn("One or more input array has non-native endianness!  A copy will"\
DD: 0.026733000000000007
DR: 0.812535
RR: 3.920308
saved to _G20.5_rmin0.001_rmax10.0_nbins30_zsplit4bin2_Lsplit3bin1_Planck_MC_b30
Pixels masked by MC but not already by selfunc: 664
G20.5_zsplit4bin2_Lsplit3bin2: 0.18              87968 vs 107936
/home/groups/tabel/mahlet/quaia-env/lib/python3.10/site-packages/Corrfunc/utils.py:918: UserWarning: One or more input array has non-native endianness!  A copy will be made with the correct endianness.
  warnings.warn("One or more input array has non-native endianness!  A copy will"\
DD: 0.035428999999999995
DR: 1.06366
RR: 5.577936
saved to _G20.5_rmin0.001_rmax10.0_nbins30_zsplit4bin2_Lsplit3bin2_Planck_MC_b30
Pixels masked by MC but not already by selfunc: 1113
G20.5_zsplit4bin3_Lsplit3bin0: 0.36              69286 vs 107983
/home/groups/tabel/mahlet/quaia-env/lib/python3.10/site-packages/Corrfunc/utils.py:918: UserWarning: One or more input array has non-native endianness!  A copy will be made with the correct endianness.
  warnings.warn("One or more input array has non-native endianness!  A copy will"\
DD: 0.025018
DR: 0.750069
RR: 3.565155
saved to _G20.5_rmin0.001_rmax10.0_nbins30_zsplit4bin3_Lsplit3bin0_Planck_MC_b30
Pixels masked by MC but not already by selfunc: 985
G20.5_zsplit4bin3_Lsplit3bin1: 0.27              78723 vs 107983
/home/groups/tabel/mahlet/quaia-env/lib/python3.10/site-packages/Corrfunc/utils.py:918: UserWarning: One or more input array has non-native endianness!  A copy will be made with the correct endianness.
  warnings.warn("One or more input array has non-native endianness!  A copy will"\
DD: 0.029200999999999998
DR: 0.88324
RR: 4.379579
saved to _G20.5_rmin0.001_rmax10.0_nbins30_zsplit4bin3_Lsplit3bin1_Planck_MC_b30
Random catalog is not computed, do not use output
Pixels masked by MC but not already by selfunc: 978
G20.5_zsplit4bin3_Lsplit3bin2: 0.18              88371 vs 107984
/home/groups/tabel/mahlet/quaia-env/lib/python3.10/site-packages/Corrfunc/utils.py:918: UserWarning: One or more input array has non-native endianness!  A copy will be made with the correct endianness.
  warnings.warn("One or more input array has non-native endianness!  A copy will"\
DD: 0.034113
DR: 0.067698
RR: 0.035653
saved to _G20.5_rmin0.001_rmax10.0_nbins30_zsplit4bin3_Lsplit3bin2_Planck_MC_b30
done!
