Starting batch job

G20.5: computing wtheta in 30 bins from 0.001 to 10.0 on a log scale...

Pixels masked by MC but not already by selfunc: 0
G20.5_zsplit4bin0_Lsplit4bin0: 0.75              20472 vs 80949
[Warning] The CPU supports AVX512F but the compiler does not.  Can you try another compiler?
/home/groups/tabel/mahlet/quaia-env/lib/python3.10/site-packages/Corrfunc/utils.py:918: UserWarning: One or more input array has non-native endianness!  A copy will be made with the correct endianness.
  warnings.warn("One or more input array has non-native endianness!  A copy will"\
DD: 0.007925999999999999
DR: 0.181586
RR: 0.671536
saved to _G20.5_rmin0.001_rmax10.0_nbins30_zsplit4bin0_Lsplit4bin0_Planck_MC_b50
Pixels masked by MC but not already by selfunc: 0
G20.5_zsplit4bin0_Lsplit4bin1: 0.69              25221 vs 80948
/home/groups/tabel/mahlet/quaia-env/lib/python3.10/site-packages/Corrfunc/utils.py:918: UserWarning: One or more input array has non-native endianness!  A copy will be made with the correct endianness.
  warnings.warn("One or more input array has non-native endianness!  A copy will"\
DD: 0.009755999999999999
DR: 0.212259
RR: 0.872533
saved to _G20.5_rmin0.001_rmax10.0_nbins30_zsplit4bin0_Lsplit4bin1_Planck_MC_b50
Pixels masked by MC but not already by selfunc: 0
G20.5_zsplit4bin0_Lsplit4bin2: 0.61              31197 vs 80949
/home/groups/tabel/mahlet/quaia-env/lib/python3.10/site-packages/Corrfunc/utils.py:918: UserWarning: One or more input array has non-native endianness!  A copy will be made with the correct endianness.
  warnings.warn("One or more input array has non-native endianness!  A copy will"\
DD: 0.011384
DR: 0.276677
RR: 1.124908
saved to _G20.5_rmin0.001_rmax10.0_nbins30_zsplit4bin0_Lsplit4bin2_Planck_MC_b50
Pixels masked by MC but not already by selfunc: 0
G20.5_zsplit4bin0_Lsplit4bin3: 0.61              31247 vs 80949
/home/groups/tabel/mahlet/quaia-env/lib/python3.10/site-packages/Corrfunc/utils.py:918: UserWarning: One or more input array has non-native endianness!  A copy will be made with the correct endianness.
  warnings.warn("One or more input array has non-native endianness!  A copy will"\
DD: 0.011363999999999999
DR: 0.270841
RR: 1.124732
saved to _G20.5_rmin0.001_rmax10.0_nbins30_zsplit4bin0_Lsplit4bin3_Planck_MC_b50
Pixels masked by MC but not already by selfunc: 0
G20.5_zsplit4bin1_Lsplit4bin0: 0.74              20932 vs 80987
/home/groups/tabel/mahlet/quaia-env/lib/python3.10/site-packages/Corrfunc/utils.py:918: UserWarning: One or more input array has non-native endianness!  A copy will be made with the correct endianness.
  warnings.warn("One or more input array has non-native endianness!  A copy will"\
DD: 0.008100999999999999
DR: 0.17743399999999998
RR: 0.695439
saved to _G20.5_rmin0.001_rmax10.0_nbins30_zsplit4bin1_Lsplit4bin0_Planck_MC_b50
Pixels masked by MC but not already by selfunc: 0
G20.5_zsplit4bin1_Lsplit4bin1: 0.70              24443 vs 80987
/home/groups/tabel/mahlet/quaia-env/lib/python3.10/site-packages/Corrfunc/utils.py:918: UserWarning: One or more input array has non-native endianness!  A copy will be made with the correct endianness.
  warnings.warn("One or more input array has non-native endianness!  A copy will"\
DD: 0.008707
DR: 0.20593899999999998
RR: 0.7961459999999999
saved to _G20.5_rmin0.001_rmax10.0_nbins30_zsplit4bin1_Lsplit4bin1_Planck_MC_b50
Pixels masked by MC but not already by selfunc: 0
G20.5_zsplit4bin1_Lsplit4bin2: 0.65              28464 vs 80987
/home/groups/tabel/mahlet/quaia-env/lib/python3.10/site-packages/Corrfunc/utils.py:918: UserWarning: One or more input array has non-native endianness!  A copy will be made with the correct endianness.
  warnings.warn("One or more input array has non-native endianness!  A copy will"\
DD: 0.009929
DR: 0.24646800000000002
RR: 0.987149
saved to _G20.5_rmin0.001_rmax10.0_nbins30_zsplit4bin1_Lsplit4bin2_Planck_MC_b50
Pixels masked by MC but not already by selfunc: 0
G20.5_zsplit4bin1_Lsplit4bin3: 0.53              37977 vs 80988
/home/groups/tabel/mahlet/quaia-env/lib/python3.10/site-packages/Corrfunc/utils.py:918: UserWarning: One or more input array has non-native endianness!  A copy will be made with the correct endianness.
  warnings.warn("One or more input array has non-native endianness!  A copy will"\
DD: 0.013791
DR: 0.335534
RR: 1.472903
saved to _G20.5_rmin0.001_rmax10.0_nbins30_zsplit4bin1_Lsplit4bin3_Planck_MC_b50
Pixels masked by MC but not already by selfunc: 0
G20.5_zsplit4bin2_Lsplit4bin0: 0.73              21519 vs 80952
/home/groups/tabel/mahlet/quaia-env/lib/python3.10/site-packages/Corrfunc/utils.py:918: UserWarning: One or more input array has non-native endianness!  A copy will be made with the correct endianness.
  warnings.warn("One or more input array has non-native endianness!  A copy will"\
DD: 0.008395
DR: 0.18143499999999999
RR: 0.706415
saved to _G20.5_rmin0.001_rmax10.0_nbins30_zsplit4bin2_Lsplit4bin0_Planck_MC_b50
Pixels masked by MC but not already by selfunc: 0
G20.5_zsplit4bin2_Lsplit4bin1: 0.69              25291 vs 80952
/home/groups/tabel/mahlet/quaia-env/lib/python3.10/site-packages/Corrfunc/utils.py:918: UserWarning: One or more input array has non-native endianness!  A copy will be made with the correct endianness.
  warnings.warn("One or more input array has non-native endianness!  A copy will"\
DD: 0.008864
DR: 0.211054
RR: 0.849719
saved to _G20.5_rmin0.001_rmax10.0_nbins30_zsplit4bin2_Lsplit4bin1_Planck_MC_b50
Pixels masked by MC but not already by selfunc: 0
G20.5_zsplit4bin2_Lsplit4bin2: 0.63              29788 vs 80952
/home/groups/tabel/mahlet/quaia-env/lib/python3.10/site-packages/Corrfunc/utils.py:918: UserWarning: One or more input array has non-native endianness!  A copy will be made with the correct endianness.
  warnings.warn("One or more input array has non-native endianness!  A copy will"\
DD: 0.010334999999999999
DR: 0.25516800000000006
RR: 1.0553919999999999
saved to _G20.5_rmin0.001_rmax10.0_nbins30_zsplit4bin2_Lsplit4bin2_Planck_MC_b50
Pixels masked by MC but not already by selfunc: 0
G20.5_zsplit4bin2_Lsplit4bin3: 0.53              38258 vs 80952
/home/groups/tabel/mahlet/quaia-env/lib/python3.10/site-packages/Corrfunc/utils.py:918: UserWarning: One or more input array has non-native endianness!  A copy will be made with the correct endianness.
  warnings.warn("One or more input array has non-native endianness!  A copy will"\
DD: 0.01396
DR: 0.35323099999999996
RR: 1.561156
saved to _G20.5_rmin0.001_rmax10.0_nbins30_zsplit4bin2_Lsplit4bin3_Planck_MC_b50
Pixels masked by MC but not already by selfunc: 0
G20.5_zsplit4bin3_Lsplit4bin0: 0.71              23381 vs 80988
/home/groups/tabel/mahlet/quaia-env/lib/python3.10/site-packages/Corrfunc/utils.py:918: UserWarning: One or more input array has non-native endianness!  A copy will be made with the correct endianness.
  warnings.warn("One or more input array has non-native endianness!  A copy will"\
DD: 0.008263
DR: 0.197151
RR: 0.759166
saved to _G20.5_rmin0.001_rmax10.0_nbins30_zsplit4bin3_Lsplit4bin0_Planck_MC_b50
Pixels masked by MC but not already by selfunc: 0
G20.5_zsplit4bin3_Lsplit4bin1: 0.65              28172 vs 80987
/home/groups/tabel/mahlet/quaia-env/lib/python3.10/site-packages/Corrfunc/utils.py:918: UserWarning: One or more input array has non-native endianness!  A copy will be made with the correct endianness.
  warnings.warn("One or more input array has non-native endianness!  A copy will"\
DD: 0.009944
DR: 0.234352
RR: 0.939183
saved to _G20.5_rmin0.001_rmax10.0_nbins30_zsplit4bin3_Lsplit4bin1_Planck_MC_b50
Pixels masked by MC but not already by selfunc: 0
G20.5_zsplit4bin3_Lsplit4bin2: 0.60              32060 vs 80987
/home/groups/tabel/mahlet/quaia-env/lib/python3.10/site-packages/Corrfunc/utils.py:918: UserWarning: One or more input array has non-native endianness!  A copy will be made with the correct endianness.
  warnings.warn("One or more input array has non-native endianness!  A copy will"\
DD: 0.011309
DR: 0.271548
RR: 1.145038
saved to _G20.5_rmin0.001_rmax10.0_nbins30_zsplit4bin3_Lsplit4bin2_Planck_MC_b50
Pixels masked by MC but not already by selfunc: 0
G20.5_zsplit4bin3_Lsplit4bin3: 0.52              38902 vs 80988
/home/groups/tabel/mahlet/quaia-env/lib/python3.10/site-packages/Corrfunc/utils.py:918: UserWarning: One or more input array has non-native endianness!  A copy will be made with the correct endianness.
  warnings.warn("One or more input array has non-native endianness!  A copy will"\
DD: 0.013973
DR: 0.348468
RR: 1.4811079999999999
saved to _G20.5_rmin0.001_rmax10.0_nbins30_zsplit4bin3_Lsplit4bin3_Planck_MC_b50
done!
