Starting batch job

G20.5: computing wtheta in 30 bins from 0.001 to 10.0 on a log scale...

Pixels masked by MC but not already by selfunc: 907
G20.5_zsplit4bin0_Lmaxsplit4bin0: 0.06              76283 vs 80949
/home/groups/tabel/mahlet/quaia-env/lib/python3.10/site-packages/Corrfunc/utils.py:918: UserWarning: One or more input array has non-native endianness!  A copy will be made with the correct endianness.
  warnings.warn("One or more input array has non-native endianness!  A copy will"\
DD: 0.026668999999999998
DR: 0.871614
RR: 4.098926
saved to _G20.5_rmin0.001_rmax10.0_nbins30_zsplit4bin0_Lmaxsplit4bin0_Planck_MC_b10
Pixels masked by MC but not already by selfunc: 1705
G20.5_zsplit4bin0_Lmaxsplit4bin1: 0.04              155271 vs 161897
/home/groups/tabel/mahlet/quaia-env/lib/python3.10/site-packages/Corrfunc/utils.py:918: UserWarning: One or more input array has non-native endianness!  A copy will be made with the correct endianness.
  warnings.warn("One or more input array has non-native endianness!  A copy will"\
DD: 0.064805
DR: 2.486847
RR: 16.713753
saved to _G20.5_rmin0.001_rmax10.0_nbins30_zsplit4bin0_Lmaxsplit4bin1_Planck_MC_b10
Pixels masked by MC but not already by selfunc: 2485
G20.5_zsplit4bin0_Lmaxsplit4bin2: 0.03              234751 vs 242846
/home/groups/tabel/mahlet/quaia-env/lib/python3.10/site-packages/Corrfunc/utils.py:918: UserWarning: One or more input array has non-native endianness!  A copy will be made with the correct endianness.
  warnings.warn("One or more input array has non-native endianness!  A copy will"\
DD: 0.118667
DR: 4.946205
RR: 40.191938
saved to _G20.5_rmin0.001_rmax10.0_nbins30_zsplit4bin0_Lmaxsplit4bin2_Planck_MC_b10
Pixels masked by MC but not already by selfunc: 3191
G20.5_zsplit4bin0_Lmaxsplit4bin3: 0.03              314535 vs 323795
/home/groups/tabel/mahlet/quaia-env/lib/python3.10/site-packages/Corrfunc/utils.py:918: UserWarning: One or more input array has non-native endianness!  A copy will be made with the correct endianness.
  warnings.warn("One or more input array has non-native endianness!  A copy will"\
DD: 0.18581900000000007
DR: 8.618163
RR: 75.976893
saved to _G20.5_rmin0.001_rmax10.0_nbins30_zsplit4bin0_Lmaxsplit4bin3_Planck_MC_b10
Pixels masked by MC but not already by selfunc: 855
G20.5_zsplit4bin1_Lmaxsplit4bin0: 0.04              77494 vs 80987
/home/groups/tabel/mahlet/quaia-env/lib/python3.10/site-packages/Corrfunc/utils.py:918: UserWarning: One or more input array has non-native endianness!  A copy will be made with the correct endianness.
  warnings.warn("One or more input array has non-native endianness!  A copy will"\
DD: 0.027455999999999998
DR: 0.874215
RR: 3.950973
saved to _G20.5_rmin0.001_rmax10.0_nbins30_zsplit4bin1_Lmaxsplit4bin0_Planck_MC_b10
Pixels masked by MC but not already by selfunc: 1674
G20.5_zsplit4bin1_Lmaxsplit4bin1: 0.03              156631 vs 161974
/home/groups/tabel/mahlet/quaia-env/lib/python3.10/site-packages/Corrfunc/utils.py:918: UserWarning: One or more input array has non-native endianness!  A copy will be made with the correct endianness.
  warnings.warn("One or more input array has non-native endianness!  A copy will"\
DD: 0.06641999999999999
DR: 2.564451
RR: 17.847264
saved to _G20.5_rmin0.001_rmax10.0_nbins30_zsplit4bin1_Lmaxsplit4bin1_Planck_MC_b10
Pixels masked by MC but not already by selfunc: 2475
G20.5_zsplit4bin1_Lmaxsplit4bin2: 0.03              236387 vs 242961
/home/groups/tabel/mahlet/quaia-env/lib/python3.10/site-packages/Corrfunc/utils.py:918: UserWarning: One or more input array has non-native endianness!  A copy will be made with the correct endianness.
  warnings.warn("One or more input array has non-native endianness!  A copy will"\
DD: 0.11977099999999999
DR: 5.134722
RR: 42.463749
saved to _G20.5_rmin0.001_rmax10.0_nbins30_zsplit4bin1_Lmaxsplit4bin2_Planck_MC_b10
Pixels masked by MC but not already by selfunc: 3095
G20.5_zsplit4bin1_Lmaxsplit4bin3: 0.02              316632 vs 323949
/home/groups/tabel/mahlet/quaia-env/lib/python3.10/site-packages/Corrfunc/utils.py:918: UserWarning: One or more input array has non-native endianness!  A copy will be made with the correct endianness.
  warnings.warn("One or more input array has non-native endianness!  A copy will"\
DD: 0.19075599999999998
DR: 8.836917
RR: 78.53885
saved to _G20.5_rmin0.001_rmax10.0_nbins30_zsplit4bin1_Lmaxsplit4bin3_Planck_MC_b10
Pixels masked by MC but not already by selfunc: 918
G20.5_zsplit4bin2_Lmaxsplit4bin0: 0.04              77975 vs 80952
/home/groups/tabel/mahlet/quaia-env/lib/python3.10/site-packages/Corrfunc/utils.py:918: UserWarning: One or more input array has non-native endianness!  A copy will be made with the correct endianness.
  warnings.warn("One or more input array has non-native endianness!  A copy will"\
DD: 0.026629999999999997
DR: 0.839677
RR: 4.123207
saved to _G20.5_rmin0.001_rmax10.0_nbins30_zsplit4bin2_Lmaxsplit4bin0_Planck_MC_b10
Pixels masked by MC but not already by selfunc: 1761
G20.5_zsplit4bin2_Lmaxsplit4bin1: 0.03              157310 vs 161904
/home/groups/tabel/mahlet/quaia-env/lib/python3.10/site-packages/Corrfunc/utils.py:918: UserWarning: One or more input array has non-native endianness!  A copy will be made with the correct endianness.
  warnings.warn("One or more input array has non-native endianness!  A copy will"\
DD: 0.064494
DR: 2.585311
RR: 16.291878
saved to _G20.5_rmin0.001_rmax10.0_nbins30_zsplit4bin2_Lmaxsplit4bin1_Planck_MC_b10
Pixels masked by MC but not already by selfunc: 2530
G20.5_zsplit4bin2_Lmaxsplit4bin2: 0.02              237191 vs 242856
/home/groups/tabel/mahlet/quaia-env/lib/python3.10/site-packages/Corrfunc/utils.py:918: UserWarning: One or more input array has non-native endianness!  A copy will be made with the correct endianness.
  warnings.warn("One or more input array has non-native endianness!  A copy will"\
DD: 0.118057
DR: 5.129454
RR: 41.893914
saved to _G20.5_rmin0.001_rmax10.0_nbins30_zsplit4bin2_Lmaxsplit4bin2_Planck_MC_b10
Pixels masked by MC but not already by selfunc: 3108
G20.5_zsplit4bin2_Lmaxsplit4bin3: 0.02              317491 vs 323808
/home/groups/tabel/mahlet/quaia-env/lib/python3.10/site-packages/Corrfunc/utils.py:918: UserWarning: One or more input array has non-native endianness!  A copy will be made with the correct endianness.
  warnings.warn("One or more input array has non-native endianness!  A copy will"\
DD: 0.197515
DR: 8.905829
RR: 80.51831
saved to _G20.5_rmin0.001_rmax10.0_nbins30_zsplit4bin2_Lmaxsplit4bin3_Planck_MC_b10
Pixels masked by MC but not already by selfunc: 1075
G20.5_zsplit4bin3_Lmaxsplit4bin0: 0.03              78267 vs 80988
/home/groups/tabel/mahlet/quaia-env/lib/python3.10/site-packages/Corrfunc/utils.py:918: UserWarning: One or more input array has non-native endianness!  A copy will be made with the correct endianness.
  warnings.warn("One or more input array has non-native endianness!  A copy will"\
DD: 0.027965999999999998
DR: 0.894092
RR: 3.702998
saved to _G20.5_rmin0.001_rmax10.0_nbins30_zsplit4bin3_Lmaxsplit4bin0_Planck_MC_b10
Pixels masked by MC but not already by selfunc: 2050
G20.5_zsplit4bin3_Lmaxsplit4bin1: 0.03              157735 vs 161975
/home/groups/tabel/mahlet/quaia-env/lib/python3.10/site-packages/Corrfunc/utils.py:918: UserWarning: One or more input array has non-native endianness!  A copy will be made with the correct endianness.
  warnings.warn("One or more input array has non-native endianness!  A copy will"\
DD: 0.06755599999999999
DR: 2.618067
RR: 18.277142
saved to _G20.5_rmin0.001_rmax10.0_nbins30_zsplit4bin3_Lmaxsplit4bin1_Planck_MC_b10
Pixels masked by MC but not already by selfunc: 3055
G20.5_zsplit4bin3_Lmaxsplit4bin2: 0.02              237467 vs 242962
/home/groups/tabel/mahlet/quaia-env/lib/python3.10/site-packages/Corrfunc/utils.py:918: UserWarning: One or more input array has non-native endianness!  A copy will be made with the correct endianness.
  warnings.warn("One or more input array has non-native endianness!  A copy will"\
DD: 0.124593
DR: 5.436432
RR: 41.084765
saved to _G20.5_rmin0.001_rmax10.0_nbins30_zsplit4bin3_Lmaxsplit4bin2_Planck_MC_b10
Pixels masked by MC but not already by selfunc: 3970
G20.5_zsplit4bin3_Lmaxsplit4bin3: 0.02              317467 vs 323950
/home/groups/tabel/mahlet/quaia-env/lib/python3.10/site-packages/Corrfunc/utils.py:918: UserWarning: One or more input array has non-native endianness!  A copy will be made with the correct endianness.
  warnings.warn("One or more input array has non-native endianness!  A copy will"\
DD: 0.19914500000000002
DR: 8.100116
RR: 83.447324
saved to _G20.5_rmin0.001_rmax10.0_nbins30_zsplit4bin3_Lmaxsplit4bin3_Planck_MC_b10
done!
