Starting batch job

G20.5: computing wtheta in 30 bins from 0.001 to 10.0 on a log scale...

Pixels masked by MC but not already by selfunc: 1315
G20.5_zsplit4bin0_Lsplit2bin0: 0.39              98410 vs 161897
[Warning] The CPU supports AVX512F but the compiler does not.  Can you try another compiler?
/home/groups/tabel/mahlet/quaia-env/lib/python3.10/site-packages/Corrfunc/utils.py:918: UserWarning: One or more input array has non-native endianness!  A copy will be made with the correct endianness.
  warnings.warn("One or more input array has non-native endianness!  A copy will"\
DD: 0.068939
DR: 1.472404
RR: 7.686735
saved to _G20.5_rmin0.001_rmax10.0_nbins30_zsplit4bin0_Lsplit2bin0_Planck_MC_b30
Pixels masked by MC but not already by selfunc: 1150
G20.5_zsplit4bin0_Lsplit2bin1: 0.26              119594 vs 161898
/home/groups/tabel/mahlet/quaia-env/lib/python3.10/site-packages/Corrfunc/utils.py:918: UserWarning: One or more input array has non-native endianness!  A copy will be made with the correct endianness.
  warnings.warn("One or more input array has non-native endianness!  A copy will"\
DD: 0.061193
DR: 1.743813
RR: 10.998227
saved to _G20.5_rmin0.001_rmax10.0_nbins30_zsplit4bin0_Lsplit2bin1_Planck_MC_b30
Pixels masked by MC but not already by selfunc: 1262
G20.5_zsplit4bin1_Lsplit2bin0: 0.39              99251 vs 161974
/home/groups/tabel/mahlet/quaia-env/lib/python3.10/site-packages/Corrfunc/utils.py:918: UserWarning: One or more input array has non-native endianness!  A copy will be made with the correct endianness.
  warnings.warn("One or more input array has non-native endianness!  A copy will"\
DD: 0.04270499999999999
DR: 1.329221
RR: 7.674316
saved to _G20.5_rmin0.001_rmax10.0_nbins30_zsplit4bin1_Lsplit2bin0_Planck_MC_b30
Pixels masked by MC but not already by selfunc: 1120
G20.5_zsplit4bin1_Lsplit2bin1: 0.23              124851 vs 161975
/home/groups/tabel/mahlet/quaia-env/lib/python3.10/site-packages/Corrfunc/utils.py:918: UserWarning: One or more input array has non-native endianness!  A copy will be made with the correct endianness.
  warnings.warn("One or more input array has non-native endianness!  A copy will"\
DD: 0.05226
DR: 1.840269
RR: 11.34421
saved to _G20.5_rmin0.001_rmax10.0_nbins30_zsplit4bin1_Lsplit2bin1_Planck_MC_b30
Pixels masked by MC but not already by selfunc: 1334
G20.5_zsplit4bin2_Lsplit2bin0: 0.37              101631 vs 161904
/home/groups/tabel/mahlet/quaia-env/lib/python3.10/site-packages/Corrfunc/utils.py:918: UserWarning: One or more input array has non-native endianness!  A copy will be made with the correct endianness.
  warnings.warn("One or more input array has non-native endianness!  A copy will"\
DD: 0.061817
DR: 1.536371
RR: 8.278348
saved to _G20.5_rmin0.001_rmax10.0_nbins30_zsplit4bin2_Lsplit2bin0_Planck_MC_b30
Pixels masked by MC but not already by selfunc: 1067
G20.5_zsplit4bin2_Lsplit2bin1: 0.21              127125 vs 161904
/home/groups/tabel/mahlet/quaia-env/lib/python3.10/site-packages/Corrfunc/utils.py:918: UserWarning: One or more input array has non-native endianness!  A copy will be made with the correct endianness.
  warnings.warn("One or more input array has non-native endianness!  A copy will"\
DD: 0.064971
DR: 2.043906
RR: 13.125816
saved to _G20.5_rmin0.001_rmax10.0_nbins30_zsplit4bin2_Lsplit2bin1_Planck_MC_b30
Pixels masked by MC but not already by selfunc: 1596
G20.5_zsplit4bin3_Lsplit2bin0: 0.34              107659 vs 161975
/home/groups/tabel/mahlet/quaia-env/lib/python3.10/site-packages/Corrfunc/utils.py:918: UserWarning: One or more input array has non-native endianness!  A copy will be made with the correct endianness.
  warnings.warn("One or more input array has non-native endianness!  A copy will"\
DD: 0.044569
DR: 1.417493
RR: 8.790059
saved to _G20.5_rmin0.001_rmax10.0_nbins30_zsplit4bin3_Lsplit2bin0_Planck_MC_b30
Pixels masked by MC but not already by selfunc: 1480
G20.5_zsplit4bin3_Lsplit2bin1: 0.21              128721 vs 161975
/home/groups/tabel/mahlet/quaia-env/lib/python3.10/site-packages/Corrfunc/utils.py:918: UserWarning: One or more input array has non-native endianness!  A copy will be made with the correct endianness.
  warnings.warn("One or more input array has non-native endianness!  A copy will"\
DD: 0.05991
DR: 2.163563
RR: 12.909798
saved to _G20.5_rmin0.001_rmax10.0_nbins30_zsplit4bin3_Lsplit2bin1_Planck_MC_b30
done!
