Starting batch job

G20.5: computing wtheta in 30 bins from 0.001 to 10.0 on a log scale...

Pixels masked by MC but not already by selfunc: 0
G20.5_zmin0.0zmax1.0_Lmaxsplit4bin0: 0.75              20498 vs 81084
/home/groups/tabel/mahlet/quaia-env/lib/python3.10/site-packages/Corrfunc/utils.py:918: UserWarning: One or more input array has non-native endianness!  A copy will be made with the correct endianness.
  warnings.warn("One or more input array has non-native endianness!  A copy will"\
DD: 0.013278
DR: 0.19730799999999998
RR: 0.8600760000000001
saved to _G20.5_rmin0.001_rmax10.0_nbins30_zmin0.0zmax1.0_Lmaxsplit4bin0_Planck_MC_b50
Pixels masked by MC but not already by selfunc: 0
G20.5_zmin0.0zmax1.0_Lmaxsplit4bin1: 0.72              45768 vs 162168
/home/groups/tabel/mahlet/quaia-env/lib/python3.10/site-packages/Corrfunc/utils.py:918: UserWarning: One or more input array has non-native endianness!  A copy will be made with the correct endianness.
  warnings.warn("One or more input array has non-native endianness!  A copy will"\
DD: 0.023221
DR: 0.682487
RR: 4.418586
saved to _G20.5_rmin0.001_rmax10.0_nbins30_zmin0.0zmax1.0_Lmaxsplit4bin1_Planck_MC_b50
Pixels masked by MC but not already by selfunc: 0
G20.5_zmin0.0zmax1.0_Lmaxsplit4bin2: 0.68              77012 vs 243252
/home/groups/tabel/mahlet/quaia-env/lib/python3.10/site-packages/Corrfunc/utils.py:918: UserWarning: One or more input array has non-native endianness!  A copy will be made with the correct endianness.
  warnings.warn("One or more input array has non-native endianness!  A copy will"\
DD: 0.037988999999999995
DR: 1.5335830000000001
RR: 12.573062
saved to _G20.5_rmin0.001_rmax10.0_nbins30_zmin0.0zmax1.0_Lmaxsplit4bin2_Planck_MC_b50
Pixels masked by MC but not already by selfunc: 0
G20.5_zmin0.0zmax1.0_Lmaxsplit4bin3: 0.67              108323 vs 324336
/home/groups/tabel/mahlet/quaia-env/lib/python3.10/site-packages/Corrfunc/utils.py:918: UserWarning: One or more input array has non-native endianness!  A copy will be made with the correct endianness.
  warnings.warn("One or more input array has non-native endianness!  A copy will"\
DD: 0.062280999999999996
DR: 2.79139
RR: 24.738395
saved to _G20.5_rmin0.001_rmax10.0_nbins30_zmin0.0zmax1.0_Lmaxsplit4bin3_Planck_MC_b50
Pixels masked by MC but not already by selfunc: 0
G20.5_zmin1.0zmax2.0_Lmaxsplit4bin0: 0.73              43399 vs 162049
/home/groups/tabel/mahlet/quaia-env/lib/python3.10/site-packages/Corrfunc/utils.py:918: UserWarning: One or more input array has non-native endianness!  A copy will be made with the correct endianness.
  warnings.warn("One or more input array has non-native endianness!  A copy will"\
DD: 0.015557
DR: 0.8626130000000001
RR: 3.933873
saved to _G20.5_rmin0.001_rmax10.0_nbins30_zmin1.0zmax2.0_Lmaxsplit4bin0_Planck_MC_b50
Pixels masked by MC but not already by selfunc: 0
G20.5_zmin1.0zmax2.0_Lmaxsplit4bin1: 0.71              95289 vs 324098
/home/groups/tabel/mahlet/quaia-env/lib/python3.10/site-packages/Corrfunc/utils.py:918: UserWarning: One or more input array has non-native endianness!  A copy will be made with the correct endianness.
  warnings.warn("One or more input array has non-native endianness!  A copy will"\
DD: 0.051886999999999996
DR: 2.254049
RR: 19.26048
saved to _G20.5_rmin0.001_rmax10.0_nbins30_zmin1.0zmax2.0_Lmaxsplit4bin1_Planck_MC_b50
Pixels masked by MC but not already by selfunc: 0
G20.5_zmin1.0zmax2.0_Lmaxsplit4bin2: 0.68              155691 vs 486147
/home/groups/tabel/mahlet/quaia-env/lib/python3.10/site-packages/Corrfunc/utils.py:918: UserWarning: One or more input array has non-native endianness!  A copy will be made with the correct endianness.
  warnings.warn("One or more input array has non-native endianness!  A copy will"\
DD: 0.112038
DR: 5.460107
RR: 53.693146
saved to _G20.5_rmin0.001_rmax10.0_nbins30_zmin1.0zmax2.0_Lmaxsplit4bin2_Planck_MC_b50
Pixels masked by MC but not already by selfunc: 0
G20.5_zmin1.0zmax2.0_Lmaxsplit4bin3: 0.65              226858 vs 648196
/home/groups/tabel/mahlet/quaia-env/lib/python3.10/site-packages/Corrfunc/utils.py:918: UserWarning: One or more input array has non-native endianness!  A copy will be made with the correct endianness.
  warnings.warn("One or more input array has non-native endianness!  A copy will"\
DD: 0.210762
DR: 10.463205
RR: 116.099137
saved to _G20.5_rmin0.001_rmax10.0_nbins30_zmin1.0zmax2.0_Lmaxsplit4bin3_Planck_MC_b50
Pixels masked by MC but not already by selfunc: 0
G20.5_zmin2.0zmax3.0_Lmaxsplit4bin0: 0.72              19862 vs 71627
/home/groups/tabel/mahlet/quaia-env/lib/python3.10/site-packages/Corrfunc/utils.py:918: UserWarning: One or more input array has non-native endianness!  A copy will be made with the correct endianness.
  warnings.warn("One or more input array has non-native endianness!  A copy will"\
DD: 0.008716999999999999
DR: 0.207167
RR: 0.872007
saved to _G20.5_rmin0.001_rmax10.0_nbins30_zmin2.0zmax3.0_Lmaxsplit4bin0_Planck_MC_b50
Pixels masked by MC but not already by selfunc: 0
G20.5_zmin2.0zmax3.0_Lmaxsplit4bin1: 0.69              44096 vs 143254
/home/groups/tabel/mahlet/quaia-env/lib/python3.10/site-packages/Corrfunc/utils.py:918: UserWarning: One or more input array has non-native endianness!  A copy will be made with the correct endianness.
  warnings.warn("One or more input array has non-native endianness!  A copy will"\
DD: 0.015934999999999998
DR: 0.684075
RR: 3.787914
saved to _G20.5_rmin0.001_rmax10.0_nbins30_zmin2.0zmax3.0_Lmaxsplit4bin1_Planck_MC_b50
Pixels masked by MC but not already by selfunc: 0
G20.5_zmin2.0zmax3.0_Lmaxsplit4bin2: 0.66              72511 vs 214881
/home/groups/tabel/mahlet/quaia-env/lib/python3.10/site-packages/Corrfunc/utils.py:918: UserWarning: One or more input array has non-native endianness!  A copy will be made with the correct endianness.
  warnings.warn("One or more input array has non-native endianness!  A copy will"\
DD: 0.034459
DR: 1.357221
RR: 10.410094
saved to _G20.5_rmin0.001_rmax10.0_nbins30_zmin2.0zmax3.0_Lmaxsplit4bin2_Planck_MC_b50
Pixels masked by MC but not already by selfunc: 0
G20.5_zmin2.0zmax3.0_Lmaxsplit4bin3: 0.63              107434 vs 286508
/home/groups/tabel/mahlet/quaia-env/lib/python3.10/site-packages/Corrfunc/utils.py:918: UserWarning: One or more input array has non-native endianness!  A copy will be made with the correct endianness.
  warnings.warn("One or more input array has non-native endianness!  A copy will"\
DD: 0.062605
DR: 2.766666
RR: 23.655273
saved to _G20.5_rmin0.001_rmax10.0_nbins30_zmin2.0zmax3.0_Lmaxsplit4bin3_Planck_MC_b50
Pixels masked by MC but not already by selfunc: 0
G20.5_zmin3.0zmax4.6_Lmaxsplit4bin0: 0.69              2846 vs 9115
/home/groups/tabel/mahlet/quaia-env/lib/python3.10/site-packages/Corrfunc/utils.py:918: UserWarning: One or more input array has non-native endianness!  A copy will be made with the correct endianness.
  warnings.warn("One or more input array has non-native endianness!  A copy will"\
DD: 0.002679
DR: 0.019363
RR: 0.031226999999999998
saved to _G20.5_rmin0.001_rmax10.0_nbins30_zmin3.0zmax4.6_Lmaxsplit4bin0_Planck_MC_b50
Pixels masked by MC but not already by selfunc: 0
G20.5_zmin3.0zmax4.6_Lmaxsplit4bin1: 0.66              6183 vs 18229
/home/groups/tabel/mahlet/quaia-env/lib/python3.10/site-packages/Corrfunc/utils.py:918: UserWarning: One or more input array has non-native endianness!  A copy will be made with the correct endianness.
  warnings.warn("One or more input array has non-native endianness!  A copy will"\
DD: 0.003185
DR: 0.039224999999999996
RR: 0.08848099999999999
saved to _G20.5_rmin0.001_rmax10.0_nbins30_zmin3.0zmax4.6_Lmaxsplit4bin1_Planck_MC_b50
Pixels masked by MC but not already by selfunc: 0
G20.5_zmin3.0zmax4.6_Lmaxsplit4bin2: 0.64              9882 vs 27343
/home/groups/tabel/mahlet/quaia-env/lib/python3.10/site-packages/Corrfunc/utils.py:918: UserWarning: One or more input array has non-native endianness!  A copy will be made with the correct endianness.
  warnings.warn("One or more input array has non-native endianness!  A copy will"\
DD: 0.004397
DR: 0.066435
RR: 0.18259599999999998
saved to _G20.5_rmin0.001_rmax10.0_nbins30_zmin3.0zmax4.6_Lmaxsplit4bin2_Planck_MC_b50
Pixels masked by MC but not already by selfunc: 0
G20.5_zmin3.0zmax4.6_Lmaxsplit4bin3: 0.60              14706 vs 36458
/home/groups/tabel/mahlet/quaia-env/lib/python3.10/site-packages/Corrfunc/utils.py:918: UserWarning: One or more input array has non-native endianness!  A copy will be made with the correct endianness.
  warnings.warn("One or more input array has non-native endianness!  A copy will"\
DD: 0.020326999999999998
DR: 0.10362199999999999
RR: 0.339833
saved to _G20.5_rmin0.001_rmax10.0_nbins30_zmin3.0zmax4.6_Lmaxsplit4bin3_Planck_MC_b50
done!
