Starting batch job

G20.5: computing wtheta in 30 bins from 0.001 to 10.0 on a log scale...

Pixels masked by MC but not already by selfunc: 0
G20.5_zmin0.0zmax1.0_Lmaxsplit2bin0: 0.84              26064 vs 162168
[Warning] The CPU supports AVX512F but the compiler does not.  Can you try another compiler?
/home/groups/tabel/mahlet/quaia-env/lib/python3.10/site-packages/Corrfunc/utils.py:918: UserWarning: One or more input array has non-native endianness!  A copy will be made with the correct endianness.
  warnings.warn("One or more input array has non-native endianness!  A copy will"\
DD: 0.010171999999999999
DR: 0.294709
RR: 1.508247
saved to _G20.5_rmin0.001_rmax10.0_nbins30_zmin0.0zmax1.0_Lmaxsplit2bin0_Planck_MC_b60
Pixels masked by MC but not already by selfunc: 0
G20.5_zmin0.0zmax1.0_Lmaxsplit2bin1: 0.81              62596 vs 324336
/home/groups/tabel/mahlet/quaia-env/lib/python3.10/site-packages/Corrfunc/utils.py:918: UserWarning: One or more input array has non-native endianness!  A copy will be made with the correct endianness.
  warnings.warn("One or more input array has non-native endianness!  A copy will"\
DD: 0.028718999999999998
DR: 1.158324
RR: 9.305137
saved to _G20.5_rmin0.001_rmax10.0_nbins30_zmin0.0zmax1.0_Lmaxsplit2bin1_Planck_MC_b60
Pixels masked by MC but not already by selfunc: 0
G20.5_zmin1.0zmax2.0_Lmaxsplit2bin0: 0.83              54297 vs 324098
/home/groups/tabel/mahlet/quaia-env/lib/python3.10/site-packages/Corrfunc/utils.py:918: UserWarning: One or more input array has non-native endianness!  A copy will be made with the correct endianness.
  warnings.warn("One or more input array has non-native endianness!  A copy will"\
DD: 0.023745
DR: 0.900018
RR: 6.936579
saved to _G20.5_rmin0.001_rmax10.0_nbins30_zmin1.0zmax2.0_Lmaxsplit2bin0_Planck_MC_b60
Pixels masked by MC but not already by selfunc: 0
G20.5_zmin1.0zmax2.0_Lmaxsplit2bin1: 0.80              131671 vs 648196
/home/groups/tabel/mahlet/quaia-env/lib/python3.10/site-packages/Corrfunc/utils.py:918: UserWarning: One or more input array has non-native endianness!  A copy will be made with the correct endianness.
  warnings.warn("One or more input array has non-native endianness!  A copy will"\
DD: 0.087407
DR: 4.47685
RR: 46.006128
saved to _G20.5_rmin0.001_rmax10.0_nbins30_zmin1.0zmax2.0_Lmaxsplit2bin1_Planck_MC_b60
Pixels masked by MC but not already by selfunc: 0
G20.5_zmin2.0zmax3.0_Lmaxsplit2bin0: 0.82              25144 vs 143254
/home/groups/tabel/mahlet/quaia-env/lib/python3.10/site-packages/Corrfunc/utils.py:918: UserWarning: One or more input array has non-native endianness!  A copy will be made with the correct endianness.
  warnings.warn("One or more input array has non-native endianness!  A copy will"\
DD: 0.009668
DR: 0.266805
RR: 1.370812
saved to _G20.5_rmin0.001_rmax10.0_nbins30_zmin2.0zmax3.0_Lmaxsplit2bin0_Planck_MC_b60
Pixels masked by MC but not already by selfunc: 0
G20.5_zmin2.0zmax3.0_Lmaxsplit2bin1: 0.78              62547 vs 286508
/home/groups/tabel/mahlet/quaia-env/lib/python3.10/site-packages/Corrfunc/utils.py:918: UserWarning: One or more input array has non-native endianness!  A copy will be made with the correct endianness.
  warnings.warn("One or more input array has non-native endianness!  A copy will"\
DD: 0.029219
DR: 1.165351
RR: 9.084113
saved to _G20.5_rmin0.001_rmax10.0_nbins30_zmin2.0zmax3.0_Lmaxsplit2bin1_Planck_MC_b60
Pixels masked by MC but not already by selfunc: 0
G20.5_zmin3.0zmax4.6_Lmaxsplit2bin0: 0.81              3513 vs 18229
/home/groups/tabel/mahlet/quaia-env/lib/python3.10/site-packages/Corrfunc/utils.py:918: UserWarning: One or more input array has non-native endianness!  A copy will be made with the correct endianness.
  warnings.warn("One or more input array has non-native endianness!  A copy will"\
DD: 0.001932
DR: 0.019853
RR: 0.039896999999999995
saved to _G20.5_rmin0.001_rmax10.0_nbins30_zmin3.0zmax4.6_Lmaxsplit2bin0_Planck_MC_b60
Pixels masked by MC but not already by selfunc: 0
G20.5_zmin3.0zmax4.6_Lmaxsplit2bin1: 0.77              8565 vs 36458
/home/groups/tabel/mahlet/quaia-env/lib/python3.10/site-packages/Corrfunc/utils.py:918: UserWarning: One or more input array has non-native endianness!  A copy will be made with the correct endianness.
  warnings.warn("One or more input array has non-native endianness!  A copy will"\
DD: 0.0034869999999999996
DR: 0.050913
RR: 0.142084
saved to _G20.5_rmin0.001_rmax10.0_nbins30_zmin3.0zmax4.6_Lmaxsplit2bin1_Planck_MC_b60
done!
