Starting batch job

G20.5: computing wtheta in 30 bins from 0.001 to 10.0 on a log scale...

Pixels masked by MC but not already by selfunc: 1175
G20.5_zsplit4bin0_Lsplit3bin0: 0.23              83024 vs 107932
[Warning] The CPU supports AVX512F but the compiler does not.  Can you try another compiler?
/home/groups/tabel/mahlet/quaia-env/lib/python3.10/site-packages/Corrfunc/utils.py:918: UserWarning: One or more input array has non-native endianness!  A copy will be made with the correct endianness.
  warnings.warn("One or more input array has non-native endianness!  A copy will"\
DD: 0.08681699999999999
DR: 1.009082
RR: 3.927416
saved to _G20.5_rmin0.001_rmax10.0_nbins30_zsplit4bin0_Lsplit3bin0_Planck_MC_b20
Pixels masked by MC but not already by selfunc: 1051
G20.5_zsplit4bin0_Lsplit3bin1: 0.12              94561 vs 107931
/home/groups/tabel/mahlet/quaia-env/lib/python3.10/site-packages/Corrfunc/utils.py:918: UserWarning: One or more input array has non-native endianness!  A copy will be made with the correct endianness.
  warnings.warn("One or more input array has non-native endianness!  A copy will"\
DD: 0.032056
DR: 1.012445
RR: 4.679868
saved to _G20.5_rmin0.001_rmax10.0_nbins30_zsplit4bin0_Lsplit3bin1_Planck_MC_b20
Pixels masked by MC but not already by selfunc: 965
G20.5_zsplit4bin0_Lsplit3bin2: 0.10              97192 vs 107932
/home/groups/tabel/mahlet/quaia-env/lib/python3.10/site-packages/Corrfunc/utils.py:918: UserWarning: One or more input array has non-native endianness!  A copy will be made with the correct endianness.
  warnings.warn("One or more input array has non-native endianness!  A copy will"\
DD: 0.033428
DR: 1.031479
RR: 4.926261
saved to _G20.5_rmin0.001_rmax10.0_nbins30_zsplit4bin0_Lsplit3bin2_Planck_MC_b20
Pixels masked by MC but not already by selfunc: 1138
G20.5_zsplit4bin1_Lsplit3bin0: 0.21              85358 vs 107983
/home/groups/tabel/mahlet/quaia-env/lib/python3.10/site-packages/Corrfunc/utils.py:918: UserWarning: One or more input array has non-native endianness!  A copy will be made with the correct endianness.
  warnings.warn("One or more input array has non-native endianness!  A copy will"\
DD: 0.028398999999999997
DR: 0.855686
RR: 3.946464
saved to _G20.5_rmin0.001_rmax10.0_nbins30_zsplit4bin1_Lsplit3bin0_Planck_MC_b20
Pixels masked by MC but not already by selfunc: 1081
G20.5_zsplit4bin1_Lsplit3bin1: 0.13              93632 vs 107983
/home/groups/tabel/mahlet/quaia-env/lib/python3.10/site-packages/Corrfunc/utils.py:918: UserWarning: One or more input array has non-native endianness!  A copy will be made with the correct endianness.
  warnings.warn("One or more input array has non-native endianness!  A copy will"\
DD: 0.031545
DR: 0.960606
RR: 4.470489
saved to _G20.5_rmin0.001_rmax10.0_nbins30_zsplit4bin1_Lsplit3bin1_Planck_MC_b20
Pixels masked by MC but not already by selfunc: 876
G20.5_zsplit4bin1_Lsplit3bin2: 0.06              101478 vs 107983
/home/groups/tabel/mahlet/quaia-env/lib/python3.10/site-packages/Corrfunc/utils.py:918: UserWarning: One or more input array has non-native endianness!  A copy will be made with the correct endianness.
  warnings.warn("One or more input array has non-native endianness!  A copy will"\
DD: 0.036403
DR: 1.107171
RR: 5.399061
saved to _G20.5_rmin0.001_rmax10.0_nbins30_zsplit4bin1_Lsplit3bin2_Planck_MC_b20
Pixels masked by MC but not already by selfunc: 1188
G20.5_zsplit4bin2_Lsplit3bin0: 0.20              86837 vs 107936
/home/groups/tabel/mahlet/quaia-env/lib/python3.10/site-packages/Corrfunc/utils.py:918: UserWarning: One or more input array has non-native endianness!  A copy will be made with the correct endianness.
  warnings.warn("One or more input array has non-native endianness!  A copy will"\
DD: 0.028813
DR: 0.882013
RR: 3.991333
saved to _G20.5_rmin0.001_rmax10.0_nbins30_zsplit4bin2_Lsplit3bin0_Planck_MC_b20
Pixels masked by MC but not already by selfunc: 1105
G20.5_zsplit4bin2_Lsplit3bin1: 0.12              95310 vs 107936
/home/groups/tabel/mahlet/quaia-env/lib/python3.10/site-packages/Corrfunc/utils.py:918: UserWarning: One or more input array has non-native endianness!  A copy will be made with the correct endianness.
  warnings.warn("One or more input array has non-native endianness!  A copy will"\
DD: 0.032487999999999996
DR: 1.009493
RR: 4.655248
saved to _G20.5_rmin0.001_rmax10.0_nbins30_zsplit4bin2_Lsplit3bin1_Planck_MC_b20
Pixels masked by MC but not already by selfunc: 815
G20.5_zsplit4bin2_Lsplit3bin2: 0.05              102282 vs 107936
/home/groups/tabel/mahlet/quaia-env/lib/python3.10/site-packages/Corrfunc/utils.py:918: UserWarning: One or more input array has non-native endianness!  A copy will be made with the correct endianness.
  warnings.warn("One or more input array has non-native endianness!  A copy will"\
DD: 0.036385
DR: 1.139754
RR: 5.638076
saved to _G20.5_rmin0.001_rmax10.0_nbins30_zsplit4bin2_Lsplit3bin2_Planck_MC_b20
Pixels masked by MC but not already by selfunc: 1391
G20.5_zsplit4bin3_Lsplit3bin0: 0.17              89776 vs 107983
/home/groups/tabel/mahlet/quaia-env/lib/python3.10/site-packages/Corrfunc/utils.py:918: UserWarning: One or more input array has non-native endianness!  A copy will be made with the correct endianness.
  warnings.warn("One or more input array has non-native endianness!  A copy will"\
DD: 0.029196
DR: 0.906083
RR: 4.12466
saved to _G20.5_rmin0.001_rmax10.0_nbins30_zsplit4bin3_Lsplit3bin0_Planck_MC_b20
Pixels masked by MC but not already by selfunc: 1325
G20.5_zsplit4bin3_Lsplit3bin1: 0.10              97106 vs 107983
/home/groups/tabel/mahlet/quaia-env/lib/python3.10/site-packages/Corrfunc/utils.py:918: UserWarning: One or more input array has non-native endianness!  A copy will be made with the correct endianness.
  warnings.warn("One or more input array has non-native endianness!  A copy will"\
DD: 0.032665
DR: 1.027276
RR: 4.875133
saved to _G20.5_rmin0.001_rmax10.0_nbins30_zsplit4bin3_Lsplit3bin1_Planck_MC_b20
Random catalog is not computed, do not use output
Pixels masked by MC but not already by selfunc: 1254
G20.5_zsplit4bin3_Lsplit3bin2: 0.05              102166 vs 107984
/home/groups/tabel/mahlet/quaia-env/lib/python3.10/site-packages/Corrfunc/utils.py:918: UserWarning: One or more input array has non-native endianness!  A copy will be made with the correct endianness.
  warnings.warn("One or more input array has non-native endianness!  A copy will"\
DD: 0.035399
DR: 0.070114
RR: 0.036835
saved to _G20.5_rmin0.001_rmax10.0_nbins30_zsplit4bin3_Lsplit3bin2_Planck_MC_b20
done!
