Starting batch job

G20.5: computing wtheta in 30 bins from 0.001 to 10.0 on a log scale for 50 jackknife regions...
--L: maxsplit

z: None split 4
L: None maxsplit 3
Pixels masked by MC but not already by selfunc: 0
G20.5_zsplit4bin0_Lmaxsplit3bin0: 0.74              28346 vs 107932
/home/groups/tabel/mahlet/quaia-env/lib/python3.10/site-packages/Corrfunc/utils.py:918: UserWarning: One or more input array has non-native endianness!  A copy will be made with the correct endianness.
  warnings.warn("One or more input array has non-native endianness!  A copy will"\
DD: 0.010872
DR: 0.3033450000000001
RR: 1.529654
DD: 0.010199999999999999
DR: 0.325021
RR: 1.558711
DD: 0.011191
DR: 0.326195
RR: 1.602184
DD: 0.011566
DR: 0.34304999999999997
RR: 1.677251
DD: 0.011927
DR: 0.36185799999999996
RR: 1.845015
DD: 0.011885999999999999
DR: 0.371648
RR: 2.062209
DD: 0.013235
DR: 0.440326
RR: 2.255427
DD: 0.012258
DR: 0.369113
RR: 2.626496
DD: 0.015695999999999998
DR: 0.381895
RR: 2.119942
DD: 0.014764999999999999
DR: 0.454983
RR: 2.168932
DD: 0.015136
DR: 0.489902
RR: 2.395682
DD: 0.016107
DR: 0.48625999999999997
RR: 1.76948
DD: 0.012400999999999999
DR: 0.34873299999999996
RR: 1.61513
DD: 0.011984999999999999
DR: 0.346111
RR: 1.641511
DD: 0.012156
DR: 0.368769
RR: 1.763949
DD: 0.012414999999999999
DR: 0.37046900000000005
RR: 1.777811
DD: 0.012162
DR: 0.385521
RR: 1.778698
DD: 0.01311
DR: 0.370984
RR: 1.648002
DD: 0.012887
DR: 0.375461
RR: 1.6272440000000001
DD: 0.011807999999999999
DR: 0.35840800000000006
RR: 1.81724
DD: 0.012544
DR: 0.36747700000000005
RR: 1.806703
DD: 0.011581
DR: 0.35196400000000005
RR: 1.7451240000000001
DD: 0.011176
DR: 0.34787599999999996
RR: 1.7078829999999998
DD: 0.011332
DR: 0.344231
RR: 1.693294
DD: 0.015241999999999999
DR: 0.441637
RR: 1.828223
DD: 0.014933
DR: 0.41196299999999997
RR: 1.691867
DD: 0.013802
DR: 0.396959
RR: 1.698445
DD: 0.013737
DR: 0.397146
RR: 1.6841490000000001
DD: 0.013352999999999999
DR: 0.39988599999999996
RR: 1.684192
DD: 0.013437
DR: 0.393904
RR: 1.681139
DD: 0.011731
DR: 0.347344
RR: 1.665746
DD: 0.011958
DR: 0.35716100000000006
RR: 1.6980140000000001
DD: 0.013297999999999999
DR: 0.373113
RR: 1.753508
DD: 0.012771999999999999
DR: 0.38255999999999996
RR: 1.795207
DD: 0.013012
DR: 0.385932
RR: 1.8264529999999999
DD: 0.013236
DR: 0.38544999999999996
RR: 1.815705
DD: 0.013267999999999999
DR: 0.39308699999999996
RR: 1.787596
DD: 0.012329999999999999
DR: 0.37953499999999996
RR: 1.753078
DD: 0.012969999999999999
DR: 0.400906
RR: 1.807517
DD: 0.013325
DR: 0.407727
RR: 1.832626
DD: 0.013621999999999999
DR: 0.403232
RR: 1.800115
DD: 0.013295999999999999
DR: 0.389131
RR: 1.760933
DD: 0.013193999999999999
DR: 0.393358
RR: 1.817631
DD: 0.013595
DR: 0.397094
RR: 1.840874
DD: 0.013526
DR: 0.389573
RR: 1.836817
DD: 0.013715999999999999
DR: 0.395654
RR: 1.819776
DD: 0.012627
DR: 0.391162
RR: 1.767385
DD: 0.013177
DR: 0.37404899999999996
RR: 1.721212
DD: 0.01219
DR: 0.36979799999999996
RR: 1.695094
DD: 0.012549
DR: 0.36560000000000004
RR: 1.7215850000000001
saved to _G20.5_rmin0.001_rmax10.0_nbins30_zsplit4bin0_Lmaxsplit3bin0_N50_Planck_MC_b50

Pixels masked by MC but not already by selfunc: 0
G20.5_zsplit4bin0_Lmaxsplit3bin1: 0.69              66638 vs 215863
/home/groups/tabel/mahlet/quaia-env/lib/python3.10/site-packages/Corrfunc/utils.py:918: UserWarning: One or more input array has non-native endianness!  A copy will be made with the correct endianness.
  warnings.warn("One or more input array has non-native endianness!  A copy will"\
DD: 0.040263
DR: 1.567099
RR: 10.724558
DD: 0.028907
DR: 1.19831
RR: 10.804483
DD: 0.03417
DR: 1.308502
RR: 9.653925
DD: 0.032067
DR: 1.17754
RR: 8.979805
DD: 0.032309
DR: 1.199066
RR: 8.83818
DD: 0.031212999999999998
DR: 1.218307
RR: 8.896877
DD: 0.031404999999999995
DR: 1.255317
RR: 9.019461
DD: 0.033599
DR: 1.286368
RR: 9.305515
DD: 0.035983999999999995
DR: 1.323085
RR: 9.667749
DD: 0.034101
DR: 1.321838
RR: 9.028747
DD: 0.032893
DR: 1.370652
RR: 12.108699
DD: 0.035657
DR: 1.230029
RR: 10.630646
DD: 0.035116
DR: 1.378205
RR: 10.433498
DD: 0.036432
DR: 1.366756
RR: 9.910796
DD: 0.033819
DR: 1.3119619999999999
RR: 9.669664000000001
DD: 0.034244
DR: 1.33272
RR: 9.72139
DD: 0.034305999999999996
DR: 1.35773
RR: 9.637067
DD: 0.034921
DR: 1.340138
RR: 9.562425
DD: 0.034555999999999996
DR: 1.319798
RR: 9.578552
DD: 0.035913
DR: 1.336559
RR: 8.67041
DD: 0.031113
DR: 1.331131
RR: 12.494333
DD: 0.040546
DR: 1.278796
RR: 12.255879
DD: 0.035307
DR: 1.4155069999999998
RR: 10.31038
DD: 0.031637000000000026
DR: 1.268845
RR: 9.489383
DD: 0.032033
DR: 1.2723200000000001
RR: 9.243029
DD: 0.031631
DR: 1.227765
RR: 8.970084
DD: 0.032781
DR: 1.2576559999999999
RR: 8.659314
DD: 0.033031
DR: 1.2488679999999999
RR: 8.892664
DD: 0.032159
DR: 1.2537479999999999
RR: 9.038286
DD: 0.033527999999999995
DR: 1.286696
RR: 9.214328
DD: 0.032823
DR: 1.3158720000000002
RR: 11.408113
DD: 0.03694
DR: 1.577262
RR: 9.829698
DD: 0.030855999999999998
DR: 1.440642
RR: 10.612429
DD: 0.033964999999999995
DR: 1.3716089999999999
RR: 10.201433
DD: 0.034526
DR: 1.407051
RR: 9.783286
DD: 0.034776999999999995
DR: 1.398362
RR: 9.870819000000001
DD: 0.036633
DR: 1.383587
RR: 9.962108
DD: 0.036003
DR: 1.377715
RR: 10.004331
DD: 0.036029
DR: 1.3942290000000002
RR: 10.028315
DD: 0.036267
DR: 1.404074
RR: 9.040425
DD: 0.030399
DR: 1.383769
RR: 15.567883
DD: 0.034793
DR: 1.4262299999999999
RR: 15.14005
DD: 0.040782
DR: 1.656762
RR: 11.251975999999999
DD: 0.036507
DR: 1.446587
RR: 10.746057
DD: 0.036781
DR: 1.438742
RR: 10.38438
DD: 0.03422
DR: 1.348881
RR: 9.992048
DD: 0.032767
DR: 1.295984
RR: 9.71826
DD: 0.031494
DR: 1.280217
RR: 9.498588
DD: 0.031535
DR: 1.267808
RR: 9.293541
DD: 0.032070999999999995
DR: 1.092819
RR: 9.722493
saved to _G20.5_rmin0.001_rmax10.0_nbins30_zsplit4bin0_Lmaxsplit3bin1_N50_Planck_MC_b50

Pixels masked by MC but not already by selfunc: 0
G20.5_zsplit4bin0_Lmaxsplit3bin2: 0.67              108137 vs 323795
/home/groups/tabel/mahlet/quaia-env/lib/python3.10/site-packages/Corrfunc/utils.py:918: UserWarning: One or more input array has non-native endianness!  A copy will be made with the correct endianness.
  warnings.warn("One or more input array has non-native endianness!  A copy will"\
DD: 0.077697
DR: 3.425267
RR: 26.703499
DD: 0.064145
DR: 2.835393
RR: 24.355563
DD: 0.063543
DR: 2.8180870000000002
RR: 23.701692
DD: 0.056149
DR: 2.987087
RR: 28.163085
DD: 0.068724
DR: 2.949015
RR: 24.980962
DD: 0.06269
DR: 2.871719
RR: 24.983979
DD: 0.06567200000000006
DR: 2.894796
RR: 25.373906
DD: 0.06350399999999999
DR: 3.053772
RR: 32.203052
DD: 0.07627000000000006
DR: 3.359877
RR: 27.688753
DD: 0.068118
DR: 3.02471
RR: 26.990844
DD: 0.068169
DR: 3.025994
RR: 25.326381
DD: 0.05581
DR: 3.00005
RR: 25.402837
DD: 0.068696
DR: 3.067773
RR: 27.046036
DD: 0.06813800000000003
DR: 3.072662
RR: 27.185685
DD: 0.06719499999999999
DR: 3.015283
RR: 25.004479
DD: 0.06559
DR: 3.194154
RR: 33.337696
DD: 0.071853
DR: 3.140677
RR: 27.216114
DD: 0.06802600000000003
DR: 3.087602
RR: 27.103702
DD: 0.067978
DR: 2.849724
RR: 31.756522
DD: 0.075684
DR: 3.346726
RR: 28.124003
DD: 0.066776
DR: 2.999341
RR: 26.783846
DD: 0.06601699999999999
DR: 2.936937
RR: 24.902317
DD: 0.058707999999999996
DR: 3.305281
RR: 25.845786
DD: 0.06426799999999999
DR: 2.888077
RR: 24.991814
DD: 0.06401799999999999
DR: 2.822193
RR: 24.901484
DD: 0.06305
DR: 2.826543
RR: 22.825412
DD: 0.064835
DR: 2.787303
RR: 22.97482
DD: 0.063387
DR: 2.801081
RR: 24.396612
DD: 0.063011
DR: 2.750082
RR: 24.473157
DD: 0.062049999999999994
DR: 2.813488
RR: 23.070496
DD: 0.06461499999999999
DR: 2.880652
RR: 26.944495
DD: 0.06887599999999999
DR: 3.010707
RR: 25.802613
DD: 0.06683399999999999
DR: 2.947152
RR: 26.554555
DD: 0.07056899999999999
DR: 3.083193
RR: 24.802467
DD: 0.060946000000000056
DR: 3.526164
RR: 34.801813
DD: 0.07328799999999999
DR: 3.208486
RR: 27.448471
DD: 0.07208099999999999
DR: 3.04989
RR: 27.326639
DD: 0.05936400000000008
DR: 2.927546
RR: 33.220484
DD: 0.079302
DR: 3.587328
RR: 28.593131
DD: 0.068456
DR: 2.959726
RR: 27.028515
DD: 0.06751
DR: 3.147733
RR: 25.439376
DD: 0.069065
DR: 2.69209
RR: 31.812916
DD: 0.070792
DR: 3.120946
RR: 27.110272
DD: 0.068357
DR: 3.100706
RR: 27.107703
DD: 0.06743299999999999
DR: 3.079278
RR: 28.081902
DD: 0.07295399999999999
DR: 3.136786
RR: 27.098575
DD: 0.0655
DR: 2.951622
RR: 26.065164
DD: 0.065355
DR: 2.926247
RR: 24.610422
DD: 0.053988999999999995
DR: 3.949658
RR: 29.014776
DD: 0.06955499999999999
DR: 3.065518
RR: 25.272258
saved to _G20.5_rmin0.001_rmax10.0_nbins30_zsplit4bin0_Lmaxsplit3bin2_N50_Planck_MC_b50

Pixels masked by MC but not already by selfunc: 0
G20.5_zsplit4bin1_Lmaxsplit3bin0: 0.73              28754 vs 107983
/home/groups/tabel/mahlet/quaia-env/lib/python3.10/site-packages/Corrfunc/utils.py:918: UserWarning: One or more input array has non-native endianness!  A copy will be made with the correct endianness.
  warnings.warn("One or more input array has non-native endianness!  A copy will"\
DD: 0.012088
DR: 0.384324
RR: 1.890954
DD: 0.026067999999999997
DR: 0.371058
RR: 1.850736
DD: 0.026548
DR: 0.37711999999999996
RR: 1.88202
DD: 0.026497
DR: 0.374212
RR: 1.8646639999999999
DD: 0.026196999999999998
DR: 0.372332
RR: 1.8732259999999998
DD: 0.026518999999999997
DR: 0.382947
RR: 1.9410319999999999
DD: 0.028267999999999998
DR: 0.397929
RR: 1.970372
DD: 0.026902
DR: 0.41175800000000007
RR: 2.016306
DD: 0.027585
DR: 0.397973
RR: 2.045038
DD: 0.026941999999999997
DR: 0.399053
RR: 2.094623
DD: 0.02748600000000001
DR: 0.393192
RR: 1.997645
DD: 0.012301999999999999
DR: 0.37726099999999996
RR: 1.814535
DD: 0.010759999999999999
DR: 0.369079
RR: 2.060897
DD: 0.011001
DR: 0.38534500000000005
RR: 2.445528
DD: 0.011970999999999999
DR: 0.39413499999999996
RR: 3.770147
DD: 0.017204999999999998
DR: 0.574475
RR: 3.234174
DD: 0.015227
DR: 0.502358
RR: 2.698668
DD: 0.011084
DR: 0.372977
RR: 2.10478
DD: 0.030813999999999998
DR: 0.40326399999999996
RR: 2.524215
DD: 0.011304
DR: 0.659872
RR: 3.817315
DD: 0.015813999999999998
DR: 0.547998
RR: 3.278158
DD: 0.015498
DR: 0.5111490000000001
RR: 2.954403
DD: 0.015356
DR: 0.47207899999999997
RR: 2.633087
DD: 0.014978
DR: 0.428284
RR: 2.23618
DD: 0.014421
DR: 0.41459
RR: 2.090907
DD: 0.013859
DR: 0.40568099999999996
RR: 2.104952
DD: 0.013545999999999999
DR: 0.40718099999999996
RR: 2.097376
DD: 0.013902999999999999
DR: 0.40931800000000007
RR: 2.083006
DD: 0.014109
DR: 0.41129
RR: 2.047013
DD: 0.013658
DR: 0.39505399999999996
RR: 2.022432
DD: 0.013304
DR: 0.39246000000000003
RR: 1.996213
DD: 0.013516
DR: 0.391826
RR: 1.972633
DD: 0.013550999999999999
DR: 0.392937
RR: 2.022239
DD: 0.013869
DR: 0.400279
RR: 2.064132
DD: 0.013888999999999999
DR: 0.40530900000000003
RR: 2.030581
DD: 0.013611
DR: 0.393289
RR: 1.973811
DD: 0.013227
DR: 0.38863699999999995
RR: 1.973033
DD: 0.013115
DR: 0.391663
RR: 1.96372
DD: 0.013085
DR: 0.386159
RR: 1.958502
DD: 0.012733999999999999
DR: 0.38321400000000005
RR: 1.896063
DD: 0.012596
DR: 0.373047
RR: 1.911463
DD: 0.012844
DR: 0.385088
RR: 1.991072
DD: 0.013014999999999999
DR: 0.39178399999999997
RR: 1.96854
DD: 0.012827
DR: 0.38589199999999996
RR: 1.963945
DD: 0.013096
DR: 0.38778599999999996
RR: 1.966091
DD: 0.013094999999999999
DR: 0.379154
RR: 1.935557
DD: 0.01278
DR: 0.371668
RR: 1.913854
DD: 0.012587
DR: 0.364961
RR: 1.804776
DD: 0.012398
DR: 0.35415300000000005
RR: 1.513716
DD: 0.023053999999999998
DR: 0.367758
RR: 1.78783
saved to _G20.5_rmin0.001_rmax10.0_nbins30_zsplit4bin1_Lmaxsplit3bin0_N50_Planck_MC_b50

Pixels masked by MC but not already by selfunc: 0
G20.5_zsplit4bin1_Lmaxsplit3bin1: 0.71              63567 vs 215966
/home/groups/tabel/mahlet/quaia-env/lib/python3.10/site-packages/Corrfunc/utils.py:918: UserWarning: One or more input array has non-native endianness!  A copy will be made with the correct endianness.
  warnings.warn("One or more input array has non-native endianness!  A copy will"\
DD: 0.057013999999999995
DR: 1.913831
RR: 13.946033
DD: 0.035038
DR: 1.4373
RR: 9.882984
DD: 0.032415
DR: 1.293075
RR: 9.003743
DD: 0.029797999999999998
DR: 1.202097
RR: 8.581558
DD: 0.029819
DR: 1.182461
RR: 8.552264
DD: 0.030579
DR: 1.221444
RR: 8.85748
DD: 0.030588999999999998
DR: 1.215973
RR: 8.843406
DD: 0.032143
DR: 1.250411
RR: 8.924132
DD: 0.030098
DR: 1.333377
RR: 13.20788
DD: 0.040214
DR: 1.621413
RR: 9.252248
DD: 0.03702
DR: 1.485426
RR: 10.173216
DD: 0.035607000000000055
DR: 1.367131
RR: 9.7764
DD: 0.033843
DR: 1.328203
RR: 9.47646
DD: 0.033166999999999995
DR: 1.277841
RR: 9.159895
DD: 0.031807
DR: 1.256144
RR: 9.078302
DD: 0.031966999999999995
DR: 1.27058
RR: 9.127912
DD: 0.031908
DR: 1.276496
RR: 9.215213
DD: 0.031424
DR: 1.260559
RR: 8.198144
DD: 0.027082
DR: 1.248415
RR: 14.771127
DD: 0.038723
DR: 1.291683
RR: 11.980544
DD: 0.041151
DR: 1.646832
RR: 11.074299
DD: 0.03525
DR: 1.359556
RR: 9.572561
DD: 0.031084999999999998
DR: 1.265495
RR: 8.969949
DD: 0.038264
DR: 1.180786
RR: 8.284925
DD: 0.029157
DR: 1.156396
RR: 8.224714
DD: 0.038373
DR: 1.167683
RR: 8.043634
DD: 0.028565
DR: 1.153404
RR: 8.092165
DD: 0.029998999999999998
DR: 1.16994
RR: 8.020428
DD: 0.026225
DR: 1.006881
RR: 8.180771
DD: 0.034838999999999995
DR: 1.299033
RR: 7.865692
DD: 0.026646999999999997
DR: 1.494463
RR: 10.288999
DD: 0.035993
DR: 1.3457919999999999
RR: 9.281181
DD: 0.034095
DR: 1.3178809999999999
RR: 9.172952
DD: 0.033593
DR: 1.288628
RR: 9.032771
DD: 0.032014
DR: 1.264326
RR: 8.91681
DD: 0.032119
DR: 1.245271
RR: 8.882858
DD: 0.030810999999999998
DR: 1.238001
RR: 8.85551
DD: 0.030788999999999997
DR: 1.233212
RR: 8.914956
DD: 0.031297
DR: 1.244187
RR: 7.403583
DD: 0.031236999999999997
DR: 1.23374
RR: 8.016964
DD: 0.02647
DR: 1.05994
RR: 8.971833
DD: 0.031983
DR: 1.224111
RR: 8.834949
DD: 0.03084600000000004
DR: 1.244575
RR: 8.834304
DD: 0.031522999999999995
DR: 1.217171
RR: 8.805434
DD: 0.031219999999999998
DR: 1.2512699999999999
RR: 8.807376
DD: 0.031629
DR: 1.24443
RR: 8.712239
DD: 0.034087
DR: 1.194894
RR: 8.495684
DD: 0.030295
DR: 1.193275
RR: 8.318848
DD: 0.029466
DR: 1.054749
RR: 7.691245
DD: 0.034581
DR: 1.279354
RR: 8.206402
saved to _G20.5_rmin0.001_rmax10.0_nbins30_zsplit4bin1_Lmaxsplit3bin1_N50_Planck_MC_b50

Pixels masked by MC but not already by selfunc: 0
G20.5_zsplit4bin1_Lmaxsplit3bin2: 0.65              111816 vs 323949
/home/groups/tabel/mahlet/quaia-env/lib/python3.10/site-packages/Corrfunc/utils.py:918: UserWarning: One or more input array has non-native endianness!  A copy will be made with the correct endianness.
  warnings.warn("One or more input array has non-native endianness!  A copy will"\
DD: 0.072521
DR: 3.153659
RR: 25.662217
DD: 0.062463
DR: 2.828258
RR: 24.688175
DD: 0.06844399999999999
DR: 2.960452
RR: 22.441474
DD: 0.054915
DR: 2.899853
RR: 25.239379
DD: 0.066589
DR: 2.856601
RR: 25.683512
DD: 0.066505
DR: 2.965163
RR: 26.031786
DD: 0.06795799999999999
DR: 2.938303
RR: 28.669456
DD: 0.075658
DR: 3.32965
RR: 28.251711
DD: 0.070717
DR: 3.132078
RR: 28.048622
DD: 0.071522
DR: 3.1845
RR: 27.083086
DD: 0.065792
DR: 4.81226
RR: 32.374448
DD: 0.07882499999999999
DR: 3.490654
RR: 28.864613
DD: 0.07182
DR: 3.223881
RR: 28.280343
DD: 0.07114999999999999
DR: 3.224121
RR: 26.226869
DD: 0.060004999999999996
DR: 3.051924
RR: 30.035752
DD: 0.07157899999999999
DR: 3.215745
RR: 28.294965
DD: 0.07098499999999999
DR: 3.215453
RR: 28.403047
DD: 0.071861
DR: 2.791925
RR: 32.509343
DD: 0.078746
DR: 3.426736
RR: 28.968476
DD: 0.070722
DR: 3.228228
RR: 28.356464
DD: 0.071729
DR: 3.220447
RR: 26.31038
DD: 0.068699
DR: 3.122826
RR: 25.980275
DD: 0.06843099999999999
DR: 3.040725
RR: 26.968613
DD: 0.06878
DR: 3.024796
RR: 26.649117
DD: 0.068021
DR: 3.043641
RR: 24.638001
DD: 0.055159
DR: 3.579619
RR: 35.315062
DD: 0.07274
DR: 3.239317
RR: 26.428604
DD: 0.065617
DR: 2.976108
RR: 25.911599
DD: 0.06779
DR: 3.000482
RR: 23.438256
DD: 0.060279
DR: 3.873092
RR: 29.936677
DD: 0.068803
DR: 3.111488
RR: 26.725336
DD: 0.069619
DR: 3.14006
RR: 27.391368
DD: 0.072228
DR: 2.906485
RR: 30.225865
DD: 0.078424
DR: 3.517941
RR: 29.087386
DD: 0.0711
DR: 3.240157
RR: 28.899508
DD: 0.072073
DR: 3.315703
RR: 27.195237
DD: 0.071962
DR: 2.776952
RR: 36.251765
DD: 0.07696399999999999
DR: 3.468423
RR: 29.221409
DD: 0.074255
DR: 3.253399
RR: 29.054457
DD: 0.07325799999999999
DR: 3.271962
RR: 35.237436
DD: 0.079016
DR: 3.482425
RR: 29.360878
DD: 0.071466
DR: 3.245901
RR: 28.774564
DD: 0.07185
DR: 3.267496
RR: 26.581197
DD: 0.070494
DR: 3.649189
RR: 34.119624
DD: 0.07737700000000003
DR: 3.417299
RR: 29.134792
DD: 0.071736
DR: 3.185892
RR: 27.666817
DD: 0.060864999999999995
DR: 3.439743
RR: 28.63716
DD: 0.070825
DR: 3.178444
RR: 27.151235
DD: 0.06693
DR: 3.036496
RR: 26.695114
DD: 0.06684
DR: 3.040683
RR: 24.56993
saved to _G20.5_rmin0.001_rmax10.0_nbins30_zsplit4bin1_Lmaxsplit3bin2_N50_Planck_MC_b50

Pixels masked by MC but not already by selfunc: 0
G20.5_zsplit4bin2_Lmaxsplit3bin0: 0.73              29635 vs 107936
/home/groups/tabel/mahlet/quaia-env/lib/python3.10/site-packages/Corrfunc/utils.py:918: UserWarning: One or more input array has non-native endianness!  A copy will be made with the correct endianness.
  warnings.warn("One or more input array has non-native endianness!  A copy will"\
DD: 0.036506
DR: 0.5222530000000001
RR: 2.780323
DD: 0.016064
DR: 0.49151
RR: 2.324646
DD: 0.017078
DR: 0.427241
RR: 2.177612
DD: 0.014796
DR: 0.432338
RR: 2.266695
DD: 0.014957999999999999
DR: 0.436482
RR: 2.093176
DD: 0.014273
DR: 0.41451400000000005
RR: 2.085057
DD: 0.014273
DR: 0.42253000000000007
RR: 2.0969889999999998
DD: 0.014594
DR: 0.422342
RR: 2.143311
DD: 0.014594999999999999
DR: 0.42097000000000007
RR: 2.138841
DD: 0.014227
DR: 0.417122
RR: 2.062146
DD: 0.013869999999999999
DR: 0.40781799999999996
RR: 2.072377
DD: 0.013781999999999999
DR: 0.41447900000000004
RR: 2.086515
DD: 0.013763
DR: 0.407157
RR: 2.054821
DD: 0.01356
DR: 0.402391
RR: 2.009041
DD: 0.013219
DR: 0.39629900000000007
RR: 2.035271
DD: 0.013462
DR: 0.40261800000000003
RR: 2.060474
DD: 0.013746
DR: 0.40059
RR: 1.980791
DD: 0.013219
DR: 0.39165099999999997
RR: 1.993118
DD: 0.013293
DR: 0.4024150000000001
RR: 2.050379
DD: 0.013678
DR: 0.404498
RR: 2.033487
DD: 0.013094
DR: 0.403188
RR: 2.039057
DD: 0.013182
DR: 0.39694999999999997
RR: 1.954983
DD: 0.013039
DR: 0.379577
RR: 1.938621
DD: 0.01303
DR: 0.373325
RR: 1.869904
DD: 0.012633
DR: 0.374525
RR: 1.877487
DD: 0.013071
DR: 0.375858
RR: 1.84376
DD: 0.012981
DR: 0.37078900000000004
RR: 1.839486
DD: 0.012837999999999999
DR: 0.37791300000000005
RR: 1.772739
DD: 0.011604
DR: 0.356784
RR: 1.888555
DD: 0.011595
DR: 0.38985400000000003
RR: 2.421938
DD: 0.013888999999999999
DR: 0.398937
RR: 2.032669
DD: 0.011711000000000027
DR: 0.37865299999999996
RR: 2.170419
DD: 0.011833
DR: 0.383706
RR: 2.536314
DD: 0.011814
DR: 0.37916
RR: 3.227745
DD: 0.016249
DR: 0.512197
RR: 2.824631
DD: 0.0159
DR: 0.485618
RR: 2.414616
DD: 0.012123
DR: 0.398358
RR: 2.70793
DD: 0.012065999999999999
DR: 0.3873
RR: 3.236072
DD: 0.016758
DR: 0.550283
RR: 3.227265
DD: 0.016011
DR: 0.473269
RR: 2.142157
DD: 0.011845
DR: 0.357701
RR: 2.047522
DD: 0.011384
DR: 0.392567
RR: 3.460375
DD: 0.016411
DR: 0.5478940000000001
RR: 3.147586
DD: 0.015853
DR: 0.513452
RR: 2.3521710000000002
DD: 0.011413
DR: 0.368116
RR: 2.245435
DD: 0.011346
DR: 0.385015
RR: 3.160506
DD: 0.015715
DR: 0.516472
RR: 2.866896
DD: 0.015475
DR: 0.47364799999999996
RR: 2.215068
DD: 0.010955
DR: 0.366749
RR: 2.210311
DD: 0.011091
DR: 0.372274
RR: 3.250286
saved to _G20.5_rmin0.001_rmax10.0_nbins30_zsplit4bin2_Lmaxsplit3bin0_N50_Planck_MC_b50

Pixels masked by MC but not already by selfunc: 0
G20.5_zsplit4bin2_Lmaxsplit3bin1: 0.69              65944 vs 215872
/home/groups/tabel/mahlet/quaia-env/lib/python3.10/site-packages/Corrfunc/utils.py:918: UserWarning: One or more input array has non-native endianness!  A copy will be made with the correct endianness.
  warnings.warn("One or more input array has non-native endianness!  A copy will"\
DD: 0.02801
DR: 1.389572
RR: 14.674568
DD: 0.028438999999999992
DR: 1.4616989999999999
RR: 13.778986
DD: 0.041004
DR: 1.2853340000000002
RR: 13.312425
DD: 0.050774
DR: 1.304022
RR: 12.034172
DD: 0.036282999999999996
DR: 1.479454
RR: 11.050938
DD: 0.039643
DR: 1.59188
RR: 9.238063
DD: 0.036026999999999997
DR: 1.376527
RR: 8.707085
DD: 0.034433
DR: 1.322468
RR: 8.675461
DD: 0.042126
DR: 1.44942
RR: 9.480139
DD: 0.03372
DR: 1.776541
RR: 11.432709
DD: 0.040071999999999997
DR: 1.464995
RR: 11.828206
DD: 0.04389799999999999
DR: 1.3853
RR: 16.208607
DD: 0.030999
DR: 2.063519
RR: 12.512545
DD: 0.043504
DR: 1.3940830000000002
RR: 13.086061
DD: 0.039307
DR: 1.26145
RR: 12.165782
DD: 0.04008
DR: 1.403891
RR: 11.654705
DD: 0.039958
DR: 1.5391569999999999
RR: 11.211075
DD: 0.040633999999999997
DR: 1.485385
RR: 12.537882
DD: 0.041243999999999996
DR: 1.649172
RR: 11.332884
DD: 0.040584999999999996
DR: 1.5840839999999998
RR: 10.090153
DD: 0.037064
DR: 1.456775
RR: 9.366774
DD: 0.035643999999999995
DR: 1.367863
RR: 8.713516
DD: 0.033081
DR: 1.289836
RR: 8.13946
DD: 0.031674
DR: 1.234896
RR: 7.987678
DD: 0.032263
DR: 1.2374939999999999
RR: 8.209065
DD: 0.028149999999999998
DR: 1.373357
RR: 8.898981
DD: 0.027927
DR: 1.5517759999999998
RR: 10.836951
DD: 0.035767
DR: 1.191906
RR: 10.185434
DD: 0.028022
DR: 1.452982
RR: 13.164362
DD: 0.039817
DR: 1.266635
RR: 12.554962
DD: 0.041721
DR: 1.6638220000000001
RR: 11.31172
DD: 0.037934999999999997
DR: 1.483953
RR: 9.669348
DD: 0.036932
DR: 1.444242
RR: 9.311511
DD: 0.036406
DR: 1.419308
RR: 9.22023
DD: 0.035453
DR: 1.397895
RR: 9.195399
DD: 0.034718
DR: 1.3580619999999999
RR: 8.87387
DD: 0.02895
DR: 1.528983
RR: 10.113999
DD: 0.043132
DR: 2.13373
RR: 12.494768
DD: 0.030504999999999997
DR: 1.784411
RR: 12.394359
DD: 0.038686
DR: 1.227992
RR: 10.754424
DD: 0.029781
DR: 1.3737810000000001
RR: 12.335746
DD: 0.030545
DR: 1.4921609999999998
RR: 15.181471
DD: 0.032101
DR: 2.228445
RR: 18.460122
DD: 0.031194999999999997
DR: 1.861014
RR: 15.221561
DD: 0.030551
DR: 1.7590080000000001
RR: 19.245038
DD: 0.032577
DR: 1.6713209999999998
RR: 17.038036
DD: 0.030771999999999997
DR: 1.504429
RR: 12.766761
DD: 0.039334
DR: 1.501284
RR: 9.92071
DD: 0.028467
DR: 1.414398
RR: 10.804555
DD: 0.030476999999999997
DR: 1.368865
RR: 10.89453
saved to _G20.5_rmin0.001_rmax10.0_nbins30_zsplit4bin2_Lmaxsplit3bin1_N50_Planck_MC_b50

Pixels masked by MC but not already by selfunc: 0
G20.5_zsplit4bin2_Lmaxsplit3bin2: 0.65              114856 vs 323808
/home/groups/tabel/mahlet/quaia-env/lib/python3.10/site-packages/Corrfunc/utils.py:918: UserWarning: One or more input array has non-native endianness!  A copy will be made with the correct endianness.
  warnings.warn("One or more input array has non-native endianness!  A copy will"\
DD: 0.082565
DR: 3.686219
RR: 26.711359
DD: 0.072404
DR: 3.090032
RR: 26.248892
DD: 0.060556
DR: 2.916641
RR: 27.449693
DD: 0.069411
DR: 3.095377
RR: 24.854605
DD: 0.070046
DR: 3.154569
RR: 27.163737
DD: 0.07049899999999999
DR: 2.723468
RR: 32.652305
DD: 0.07782599999999999
DR: 3.428509
RR: 26.872287
DD: 0.064453
DR: 4.445216
RR: 33.204242
DD: 0.077738
DR: 3.449489
RR: 34.465123
DD: 0.08104599999999999
DR: 3.579522
RR: 28.145896
DD: 0.074886
DR: 3.355838
RR: 29.902245
DD: 0.074567
DR: 2.80144
RR: 33.682561
DD: 0.078361
DR: 3.501278
RR: 28.02958
DD: 0.076499
DR: 3.328921
RR: 29.755423
DD: 0.06674200000000008
DR: 3.268279
RR: 31.463532999999998
DD: 0.07583999999999999
DR: 3.41369
RR: 27.715521
DD: 0.074663
DR: 3.299877
RR: 29.625204
DD: 0.062298
DR: 3.316098
RR: 31.019325
DD: 0.07714599999999999
DR: 3.498188
RR: 27.877219
DD: 0.07430199999999999
DR: 3.416633
RR: 29.918725
DD: 0.061813
DR: 3.402103
RR: 32.789047
DD: 0.07696299999999999
DR: 3.418145
RR: 27.002384
DD: 0.07205299999999999
DR: 3.189308
RR: 28.037824
DD: 0.071731
DR: 3.163476
RR: 34.325383
DD: 0.079024
DR: 3.547644
RR: 27.984526
DD: 0.070978
DR: 3.1902179999999998
RR: 34.507787
DD: 0.075329
DR: 3.390194
RR: 26.083023
DD: 0.069896
DR: 3.151757
RR: 27.453904
DD: 0.058306
DR: 3.387052
RR: 36.423172
DD: 0.078313
DR: 3.359827
RR: 26.654382
DD: 0.07173299999999999
DR: 3.198797
RR: 28.311311
DD: 0.07255
DR: 3.071195
RR: 28.816467
DD: 0.07257
DR: 3.269637
RR: 27.537416
DD: 0.076265
DR: 3.445247
RR: 30.50782
DD: 0.07677199999999999
DR: 3.456049
RR: 37.168815
DD: 0.08099200000000006
DR: 3.645311
RR: 28.564495
DD: 0.075846
DR: 3.470666
RR: 29.760833
DD: 0.06573499999999999
DR: 4.697444
RR: 36.952689
DD: 0.082035
DR: 3.578974
RR: 28.407089
DD: 0.07504899999999999
DR: 3.448089
RR: 29.136871
DD: 0.067149
DR: 5.295384
RR: 35.348955
DD: 0.08100199999999999
DR: 3.542369
RR: 34.685434
DD: 0.081069
DR: 3.625831
RR: 28.822224
DD: 0.076399
DR: 3.461836
RR: 30.161352
DD: 0.06664099999999999
DR: 4.909091
RR: 35.287103
DD: 0.07794999999999999
DR: 3.446036
RR: 27.996035
DD: 0.07321699999999999
DR: 3.3304169999999997
RR: 28.303844
DD: 0.063831
DR: 3.109247
RR: 33.637897
DD: 0.073476
DR: 3.315185
RR: 25.973697
DD: 0.071398
DR: 3.172947
RR: 27.571878
saved to _G20.5_rmin0.001_rmax10.0_nbins30_zsplit4bin2_Lmaxsplit3bin2_N50_Planck_MC_b50

Pixels masked by MC but not already by selfunc: 0
G20.5_zsplit4bin3_Lmaxsplit3bin0: 0.70              32332 vs 107983
/home/groups/tabel/mahlet/quaia-env/lib/python3.10/site-packages/Corrfunc/utils.py:918: UserWarning: One or more input array has non-native endianness!  A copy will be made with the correct endianness.
  warnings.warn("One or more input array has non-native endianness!  A copy will"\
DD: 0.021891
DR: 0.800856
RR: 4.014659
DD: 0.019386
DR: 0.655208
RR: 3.924298
DD: 0.018675
DR: 0.62254
RR: 3.483149
DD: 0.017636
DR: 0.541341
RR: 2.691137
DD: 0.016534
DR: 0.49867400000000006
RR: 2.7199429999999998
DD: 0.016624
DR: 0.507911
RR: 2.6308730000000002
DD: 0.016413999999999998
DR: 0.49709699999999996
RR: 2.620483
DD: 0.016482999999999998
DR: 0.496556
RR: 2.56336
DD: 0.016354999999999998
DR: 0.482844
RR: 2.532982
DD: 0.016087
DR: 0.478647
RR: 2.493853
DD: 0.015391
DR: 0.473215
RR: 2.299032
DD: 0.01261
DR: 0.433005
RR: 2.446852
DD: 0.012985
DR: 0.488044
RR: 4.5833829999999995
DD: 0.018577
DR: 0.6477189999999999
RR: 2.496455
DD: 0.012978
DR: 0.45420499999999997
RR: 3.189453
DD: 0.017863999999999998
DR: 0.571219
RR: 3.072006
DD: 0.01771
DR: 0.5468230000000001
RR: 2.990122
DD: 0.017273
DR: 0.522295
RR: 2.836096
DD: 0.016706
DR: 0.5137849999999999
RR: 2.703939
DD: 0.015943
DR: 0.491533
RR: 2.638525
DD: 0.015806
DR: 0.480147
RR: 2.491383
DD: 0.015063
DR: 0.45180600000000004
RR: 2.404178
DD: 0.014527
DR: 0.44223199999999996
RR: 2.321697
DD: 0.014426999999999999
DR: 0.436685
RR: 2.249454
DD: 0.014155
DR: 0.43011
RR: 2.233325
DD: 0.014268
DR: 0.430905
RR: 1.955783
DD: 0.012391
DR: 0.358981
RR: 1.77762
DD: 0.012350999999999999
DR: 0.389687
RR: 2.681818
DD: 0.016725
DR: 0.5019009999999999
RR: 2.248874
DD: 0.012797999999999999
DR: 0.40638599999999997
RR: 2.749851
DD: 0.017376
DR: 0.550501
RR: 3.197964
DD: 0.017884999999999998
DR: 0.56488
RR: 3.1109809999999998
DD: 0.017842999999999998
DR: 0.550527
RR: 2.724432
DD: 0.016779
DR: 0.508191
RR: 2.745266
DD: 0.017155999999999998
DR: 0.5120169999999999
RR: 2.563665
DD: 0.016086
DR: 0.477731
RR: 2.521092
DD: 0.016045
DR: 0.48012699999999997
RR: 2.5121510000000002
DD: 0.016048
DR: 0.47584800000000005
RR: 2.485968
DD: 0.015962
DR: 0.47097
RR: 2.454361
DD: 0.015599
DR: 0.459792
RR: 2.391175
DD: 0.014912
DR: 0.455543
RR: 2.126424
DD: 0.012438999999999999
DR: 0.420712
RR: 2.41897
DD: 0.012898
DR: 0.60141
RR: 3.951562
DD: 0.018469
DR: 0.47094100000000005
RR: 2.782549
DD: 0.012950999999999999
DR: 0.488085
RR: 4.40493
DD: 0.019154000000000004
DR: 0.686774
RR: 3.824992
DD: 0.018376999999999998
DR: 0.576913
RR: 3.114009
DD: 0.017084
DR: 0.5450630000000001
RR: 2.969217
DD: 0.015679
DR: 0.5059800000000001
RR: 2.79278
DD: 0.015307999999999999
DR: 0.4734360000000001
RR: 2.5446590000000002
saved to _G20.5_rmin0.001_rmax10.0_nbins30_zsplit4bin3_Lmaxsplit3bin0_N50_Planck_MC_b50

Pixels masked by MC but not already by selfunc: 0
G20.5_zsplit4bin3_Lmaxsplit3bin1: 0.66              72502 vs 215966
/home/groups/tabel/mahlet/quaia-env/lib/python3.10/site-packages/Corrfunc/utils.py:918: UserWarning: One or more input array has non-native endianness!  A copy will be made with the correct endianness.
  warnings.warn("One or more input array has non-native endianness!  A copy will"\
DD: 0.038883999999999995
DR: 1.404789
RR: 12.946047
DD: 0.032744999999999996
DR: 1.803251
RR: 11.759775
DD: 0.03897
DR: 1.517577
RR: 10.890149
DD: 0.035827
DR: 1.410148
RR: 10.541457
DD: 0.030938
DR: 1.388152
RR: 13.154857
DD: 0.043351999999999995
DR: 1.683068
RR: 11.873294
DD: 0.039355
DR: 1.512197
RR: 11.181438
DD: 0.037433999999999995
DR: 1.478553
RR: 10.799363
DD: 0.031386
DR: 1.526
RR: 13.524564999999999
DD: 0.042074
DR: 1.685149
RR: 12.324805
DD: 0.039859
DR: 1.5690680000000001
RR: 11.717635
DD: 0.037992
DR: 1.503386
RR: 10.480418
DD: 0.038003999999999996
DR: 1.445737
RR: 16.567358
DD: 0.047533
DR: 1.926458
RR: 13.179759
DD: 0.041363
DR: 1.6606640000000001
RR: 12.338032
DD: 0.039501999999999995
DR: 1.44879
RR: 11.393571
DD: 0.033844
DR: 1.700421
RR: 12.251551
DD: 0.038389
DR: 1.5263900000000001
RR: 11.665734
DD: 0.037787
DR: 1.513906
RR: 10.634157
DD: 0.031566
DR: 2.013867
RR: 12.629896
DD: 0.040827999999999996
DR: 1.644253
RR: 12.22302
DD: 0.039342999999999996
DR: 1.5071050000000001
RR: 11.288705
DD: 0.035509
DR: 1.420847
RR: 9.557653
DD: 0.03015
DR: 1.42714
RR: 14.266898
DD: 0.041468
DR: 1.625513
RR: 11.60086
DD: 0.037676
DR: 1.456384
RR: 10.939485
DD: 0.036497999999999996
DR: 1.217875
RR: 11.227529
DD: 0.034848
DR: 2.263022
RR: 15.263295
DD: 0.039464
DR: 1.574978
RR: 11.948409
DD: 0.039935
DR: 1.528953
RR: 11.021735
DD: 0.03039
DR: 1.4025889999999999
RR: 14.35809
DD: 0.043087
DR: 1.7426300000000001
RR: 13.168825
DD: 0.041601
DR: 1.656001
RR: 11.905787
DD: 0.039838
DR: 1.5430380000000001
RR: 10.439672
DD: 0.039
DR: 1.349351
RR: 14.379343
DD: 0.04436
DR: 1.7638530000000001
RR: 12.500159
DD: 0.039141999999999996
DR: 1.5685859999999998
RR: 11.767579
DD: 0.032507999999999995
DR: 1.551082
RR: 14.282937
DD: 0.046643
DR: 1.888908
RR: 12.748333
DD: 0.039781
DR: 1.582495
RR: 11.873043
DD: 0.038904999999999995
DR: 1.547779
RR: 10.395081
DD: 0.039043999999999995
DR: 1.523913
RR: 17.894907
DD: 0.047291
DR: 1.890045
RR: 13.886945
DD: 0.04306700000000008
DR: 1.661149
RR: 11.908167
DD: 0.031737
DR: 1.503115
RR: 12.180276
DD: 0.035977999999999996
DR: 1.685579
RR: 11.83449
DD: 0.033347999999999996
DR: 1.4757069999999999
RR: 11.926083
DD: 0.032801
DR: 1.618441
RR: 14.395044
DD: 0.033219
DR: 1.435152
RR: 16.848167
DD: 0.044544
DR: 1.783353
RR: 12.02702
saved to _G20.5_rmin0.001_rmax10.0_nbins30_zsplit4bin3_Lmaxsplit3bin1_N50_Planck_MC_b50

Pixels masked by MC but not already by selfunc: 0
G20.5_zsplit4bin3_Lmaxsplit3bin2: 0.62              122515 vs 323950
/home/groups/tabel/mahlet/quaia-env/lib/python3.10/site-packages/Corrfunc/utils.py:918: UserWarning: One or more input array has non-native endianness!  A copy will be made with the correct endianness.
  warnings.warn("One or more input array has non-native endianness!  A copy will"\
DD: 0.077195
DR: 3.4542
RR: 31.14645
DD: 0.076751
DR: 3.462513
RR: 27.408089
DD: 0.081199
DR: 3.53406
RR: 31.115944
DD: 0.07799099999999999
DR: 3.472233
RR: 31.086738
DD: 0.07751999999999999
DR: 3.453945
RR: 29.521164
DD: 0.07865599999999999
DR: 3.571369
RR: 32.198521
DD: 0.07872799999999999
DR: 3.5931319999999998
RR: 32.048507
DD: 0.079645
DR: 3.6457800000000002
RR: 33.196741
DD: 0.08438899999999999
DR: 3.956396
RR: 37.979565
DD: 0.085396
DR: 3.820768
RR: 33.848245
DD: 0.082789
DR: 3.808068
RR: 34.05289
DD: 0.082518
DR: 3.581538
RR: 38.471253
DD: 0.089873
DR: 3.999407
RR: 34.984218
DD: 0.08331899999999999
DR: 3.7353199999999998
RR: 34.043741
DD: 0.082719
DR: 3.734075
RR: 30.587905
DD: 0.083257
DR: 3.759194
RR: 34.031542
DD: 0.082268
DR: 3.739856
RR: 34.046997
DD: 0.08297199999999999
DR: 3.745264
RR: 30.802461
DD: 0.06831899999999999
DR: 3.786006
RR: 34.194596
DD: 0.08279
DR: 3.739959
RR: 34.025764
DD: 0.081078
DR: 3.764542
RR: 31.790944
DD: 0.066066
DR: 3.493745
RR: 37.808837
DD: 0.081006
DR: 3.66351
RR: 31.868107
DD: 0.075697
DR: 3.445795
RR: 30.584546
DD: 0.068554
DR: 4.221207
RR: 35.682294
DD: 0.08137699999999999
DR: 3.65936
RR: 31.100339
DD: 0.075305
DR: 3.431442
RR: 30.657487
DD: 0.07634800000000008
DR: 3.481664
RR: 27.580873
DD: 0.064048
DR: 4.04197
RR: 32.266946
DD: 0.076129
DR: 3.505013
RR: 31.007093
DD: 0.078967
DR: 3.515992
RR: 30.408109
DD: 0.06523899999999999
DR: 4.89394
RR: 34.295751
DD: 0.085078
DR: 3.841024
RR: 33.183995
DD: 0.083914
DR: 3.745053
RR: 34.082383
DD: 0.084337
DR: 3.782974
RR: 38.998271
DD: 0.091224
DR: 4.143223
RR: 34.827698
DD: 0.08094
DR: 3.7875170000000002
RR: 33.700159
DD: 0.08153900000000003
DR: 3.724578
RR: 30.690103
DD: 0.06890399999999999
DR: 4.809499
RR: 35.97253
DD: 0.08111399999999999
DR: 3.743814
RR: 33.718698
DD: 0.080984
DR: 3.724163
RR: 32.116632
DD: 0.08123999999999999
DR: 3.696869
RR: 38.938652
DD: 0.087171
DR: 3.841674
RR: 33.68535
DD: 0.082549
DR: 3.723351
RR: 33.411282
DD: 0.070796
DR: 3.916013
RR: 37.749323
DD: 0.08252799999999999
DR: 3.761374
RR: 33.200487
DD: 0.078822
DR: 3.58976
RR: 32.374736
DD: 0.077763
DR: 3.546859
RR: 28.273379
DD: 0.076524
DR: 3.5082969999999998
RR: 31.181663
DD: 0.077203
DR: 3.389029
RR: 30.899785
saved to _G20.5_rmin0.001_rmax10.0_nbins30_zsplit4bin3_Lmaxsplit3bin2_N50_Planck_MC_b50

done!
