Starting batch job

G20.5: computing wtheta in 30 bins from 0.001 to 10.0 on a log scale...

Pixels masked by MC but not already by selfunc: 907
G20.5_zsplit4bin0_Lmaxsplit4bin0: 0.25              60950 vs 80949
[Warning] The CPU supports AVX512F but the compiler does not.  Can you try another compiler?
/home/groups/tabel/mahlet/quaia-env/lib/python3.10/site-packages/Corrfunc/utils.py:918: UserWarning: One or more input array has non-native endianness!  A copy will be made with the correct endianness.
  warnings.warn("One or more input array has non-native endianness!  A copy will"\
DD: 0.0424
DR: 0.672216
RR: 2.610136
saved to _G20.5_rmin0.001_rmax10.0_nbins30_zsplit4bin0_Lmaxsplit4bin0_Planck_MC_b20
Pixels masked by MC but not already by selfunc: 1705
G20.5_zsplit4bin0_Lmaxsplit4bin1: 0.20              129350 vs 161897
/home/groups/tabel/mahlet/quaia-env/lib/python3.10/site-packages/Corrfunc/utils.py:918: UserWarning: One or more input array has non-native endianness!  A copy will be made with the correct endianness.
  warnings.warn("One or more input array has non-native endianness!  A copy will"\
DD: 0.049586
DR: 1.73284
RR: 9.575366
saved to _G20.5_rmin0.001_rmax10.0_nbins30_zsplit4bin0_Lmaxsplit4bin1_Planck_MC_b20
Pixels masked by MC but not already by selfunc: 2485
G20.5_zsplit4bin0_Lmaxsplit4bin2: 0.17              201663 vs 242846
/home/groups/tabel/mahlet/quaia-env/lib/python3.10/site-packages/Corrfunc/utils.py:918: UserWarning: One or more input array has non-native endianness!  A copy will be made with the correct endianness.
  warnings.warn("One or more input array has non-native endianness!  A copy will"\
DD: 0.09507199999999999
DR: 3.559586
RR: 25.774106
saved to _G20.5_rmin0.001_rmax10.0_nbins30_zsplit4bin0_Lmaxsplit4bin2_Planck_MC_b20
Pixels masked by MC but not already by selfunc: 3191
G20.5_zsplit4bin0_Lmaxsplit4bin3: 0.15              274777 vs 323795
/home/groups/tabel/mahlet/quaia-env/lib/python3.10/site-packages/Corrfunc/utils.py:918: UserWarning: One or more input array has non-native endianness!  A copy will be made with the correct endianness.
  warnings.warn("One or more input array has non-native endianness!  A copy will"\
DD: 0.15353999999999998
DR: 6.492137
RR: 50.359938
saved to _G20.5_rmin0.001_rmax10.0_nbins30_zsplit4bin0_Lmaxsplit4bin3_Planck_MC_b20
Pixels masked by MC but not already by selfunc: 855
G20.5_zsplit4bin1_Lmaxsplit4bin0: 0.22              62932 vs 80987
/home/groups/tabel/mahlet/quaia-env/lib/python3.10/site-packages/Corrfunc/utils.py:918: UserWarning: One or more input array has non-native endianness!  A copy will be made with the correct endianness.
  warnings.warn("One or more input array has non-native endianness!  A copy will"\
DD: 0.021655
DR: 0.6069260000000001
RR: 2.311335
saved to _G20.5_rmin0.001_rmax10.0_nbins30_zsplit4bin1_Lmaxsplit4bin0_Planck_MC_b20
Pixels masked by MC but not already by selfunc: 1674
G20.5_zsplit4bin1_Lmaxsplit4bin1: 0.19              131233 vs 161974
/home/groups/tabel/mahlet/quaia-env/lib/python3.10/site-packages/Corrfunc/utils.py:918: UserWarning: One or more input array has non-native endianness!  A copy will be made with the correct endianness.
  warnings.warn("One or more input array has non-native endianness!  A copy will"\
DD: 0.050891
DR: 1.809482
RR: 10.135612
saved to _G20.5_rmin0.001_rmax10.0_nbins30_zsplit4bin1_Lmaxsplit4bin1_Planck_MC_b20
Pixels masked by MC but not already by selfunc: 2475
G20.5_zsplit4bin1_Lmaxsplit4bin2: 0.16              203674 vs 242961
/home/groups/tabel/mahlet/quaia-env/lib/python3.10/site-packages/Corrfunc/utils.py:918: UserWarning: One or more input array has non-native endianness!  A copy will be made with the correct endianness.
  warnings.warn("One or more input array has non-native endianness!  A copy will"\
DD: 0.090456
DR: 3.7177350000000002
RR: 26.227419
saved to _G20.5_rmin0.001_rmax10.0_nbins30_zsplit4bin1_Lmaxsplit4bin2_Planck_MC_b20
Pixels masked by MC but not already by selfunc: 3095
G20.5_zsplit4bin1_Lmaxsplit4bin3: 0.13              280468 vs 323949
/home/groups/tabel/mahlet/quaia-env/lib/python3.10/site-packages/Corrfunc/utils.py:918: UserWarning: One or more input array has non-native endianness!  A copy will be made with the correct endianness.
  warnings.warn("One or more input array has non-native endianness!  A copy will"\
DD: 0.15034999999999998
DR: 6.474378
RR: 52.502306
saved to _G20.5_rmin0.001_rmax10.0_nbins30_zsplit4bin1_Lmaxsplit4bin3_Planck_MC_b20
Pixels masked by MC but not already by selfunc: 918
G20.5_zsplit4bin2_Lmaxsplit4bin0: 0.21              64103 vs 80952
/home/groups/tabel/mahlet/quaia-env/lib/python3.10/site-packages/Corrfunc/utils.py:918: UserWarning: One or more input array has non-native endianness!  A copy will be made with the correct endianness.
  warnings.warn("One or more input array has non-native endianness!  A copy will"\
DD: 0.022942
DR: 0.6480870000000001
RR: 2.697569
saved to _G20.5_rmin0.001_rmax10.0_nbins30_zsplit4bin2_Lmaxsplit4bin0_Planck_MC_b20
Pixels masked by MC but not already by selfunc: 1761
G20.5_zsplit4bin2_Lmaxsplit4bin1: 0.17              133592 vs 161904
/home/groups/tabel/mahlet/quaia-env/lib/python3.10/site-packages/Corrfunc/utils.py:918: UserWarning: One or more input array has non-native endianness!  A copy will be made with the correct endianness.
  warnings.warn("One or more input array has non-native endianness!  A copy will"\
DD: 0.052038
DR: 1.873217
RR: 10.81926
saved to _G20.5_rmin0.001_rmax10.0_nbins30_zsplit4bin2_Lmaxsplit4bin1_Planck_MC_b20
Pixels masked by MC but not already by selfunc: 2530
G20.5_zsplit4bin2_Lmaxsplit4bin2: 0.15              207027 vs 242856
/home/groups/tabel/mahlet/quaia-env/lib/python3.10/site-packages/Corrfunc/utils.py:918: UserWarning: One or more input array has non-native endianness!  A copy will be made with the correct endianness.
  warnings.warn("One or more input array has non-native endianness!  A copy will"\
DD: 0.095943
DR: 3.846626
RR: 27.424532
saved to _G20.5_rmin0.001_rmax10.0_nbins30_zsplit4bin2_Lmaxsplit4bin2_Planck_MC_b20
Pixels masked by MC but not already by selfunc: 3108
G20.5_zsplit4bin2_Lmaxsplit4bin3: 0.12              284429 vs 323808
/home/groups/tabel/mahlet/quaia-env/lib/python3.10/site-packages/Corrfunc/utils.py:918: UserWarning: One or more input array has non-native endianness!  A copy will be made with the correct endianness.
  warnings.warn("One or more input array has non-native endianness!  A copy will"\
DD: 0.14855
DR: 6.687783
RR: 55.417284
saved to _G20.5_rmin0.001_rmax10.0_nbins30_zsplit4bin2_Lmaxsplit4bin3_Planck_MC_b20
Pixels masked by MC but not already by selfunc: 1075
G20.5_zsplit4bin3_Lmaxsplit4bin0: 0.18              66382 vs 80988
/home/groups/tabel/mahlet/quaia-env/lib/python3.10/site-packages/Corrfunc/utils.py:918: UserWarning: One or more input array has non-native endianness!  A copy will be made with the correct endianness.
  warnings.warn("One or more input array has non-native endianness!  A copy will"\
DD: 0.023556
DR: 0.656295
RR: 2.683447
saved to _G20.5_rmin0.001_rmax10.0_nbins30_zsplit4bin3_Lmaxsplit4bin0_Planck_MC_b20
Pixels masked by MC but not already by selfunc: 2050
G20.5_zsplit4bin3_Lmaxsplit4bin1: 0.15              137770 vs 161975
/home/groups/tabel/mahlet/quaia-env/lib/python3.10/site-packages/Corrfunc/utils.py:918: UserWarning: One or more input array has non-native endianness!  A copy will be made with the correct endianness.
  warnings.warn("One or more input array has non-native endianness!  A copy will"\
DD: 0.054971
DR: 1.877843
RR: 11.877123
saved to _G20.5_rmin0.001_rmax10.0_nbins30_zsplit4bin3_Lmaxsplit4bin1_Planck_MC_b20
Pixels masked by MC but not already by selfunc: 3055
G20.5_zsplit4bin3_Lmaxsplit4bin2: 0.13              211936 vs 242962
/home/groups/tabel/mahlet/quaia-env/lib/python3.10/site-packages/Corrfunc/utils.py:918: UserWarning: One or more input array has non-native endianness!  A copy will be made with the correct endianness.
  warnings.warn("One or more input array has non-native endianness!  A copy will"\
DD: 0.099908
DR: 4.049778
RR: 28.881055
saved to _G20.5_rmin0.001_rmax10.0_nbins30_zsplit4bin3_Lmaxsplit4bin2_Planck_MC_b20
Pixels masked by MC but not already by selfunc: 3970
G20.5_zsplit4bin3_Lmaxsplit4bin3: 0.11              289048 vs 323950
/home/groups/tabel/mahlet/quaia-env/lib/python3.10/site-packages/Corrfunc/utils.py:918: UserWarning: One or more input array has non-native endianness!  A copy will be made with the correct endianness.
  warnings.warn("One or more input array has non-native endianness!  A copy will"\
DD: 0.152767
DR: 6.572857
RR: 57.904139
saved to _G20.5_rmin0.001_rmax10.0_nbins30_zsplit4bin3_Lmaxsplit4bin3_Planck_MC_b20
done!
