Starting batch job

G20.5: computing wp in 20 bins from 0.15 to 240.0 on a log scale for 25 jackknife regions...

0.2947801953005348
Pixels masked by MC but not already by selfunc: 3194
G20.5_zmin0.0zmax1.0_Lmax-20.0: 0.03              315491 vs 324336
[Warning] The CPU supports AVX512F but the compiler does not.  Can you try another compiler?
/home/groups/tabel/mahlet/quaia-env/lib/python3.10/site-packages/Corrfunc/utils.py:918: UserWarning: One or more input array has non-native endianness!  A copy will be made with the correct endianness.
  warnings.warn("One or more input array has non-native endianness!  A copy will"\
saved to _G20.5_rmin0.15_rmax240.0_nbins20_pimax80_zmin0.0zmax1.0_Lmax-20.0_N25_Quaia_MC_mask0.2
0.5412397393929921
Pixels masked by MC but not already by selfunc: 605
G20.5_zmin0.0zmax1.0_Lmax-25.0: 0.08              51010 vs 55261
/home/groups/tabel/mahlet/quaia-env/lib/python3.10/site-packages/Corrfunc/utils.py:918: UserWarning: One or more input array has non-native endianness!  A copy will be made with the correct endianness.
  warnings.warn("One or more input array has non-native endianness!  A copy will"\
/oak/stanford/orgs/kipac/users/mahlet/quaia_bias/scripts/jackknife.py:217: RuntimeWarning: Mean of empty slice
  cf_mean = np.nanmean(cf_jackknife, axis = 0)  # is it ok to ignore nan values?
saved to _G20.5_rmin0.15_rmax240.0_nbins20_pimax80_zmin0.0zmax1.0_Lmax-25.0_N25_Quaia_MC_mask0.2
0.5710163174260581
Pixels masked by MC but not already by selfunc: 126
G20.5_zmin0.0zmax1.0_Lmax-26.0: 0.07              11688 vs 12557
/home/groups/tabel/mahlet/quaia-env/lib/python3.10/site-packages/Corrfunc/utils.py:918: UserWarning: One or more input array has non-native endianness!  A copy will be made with the correct endianness.
  warnings.warn("One or more input array has non-native endianness!  A copy will"\
/oak/stanford/orgs/kipac/users/mahlet/quaia_bias/scripts/quaia.py:1103: RuntimeWarning: invalid value encountered in scalar divide
  rpavg = [np.sum((DD_counts['rpavg']*DD_counts['npairs'])[DD_counts['rmin']==i])/np.sum(DD_counts['npairs'][DD_counts['rmin']==i])
/oak/stanford/orgs/kipac/users/mahlet/quaia_bias/scripts/jackknife.py:217: RuntimeWarning: Mean of empty slice
  cf_mean = np.nanmean(cf_jackknife, axis = 0)  # is it ok to ignore nan values?
saved to _G20.5_rmin0.15_rmax240.0_nbins20_pimax80_zmin0.0zmax1.0_Lmax-26.0_N25_Quaia_MC_mask0.2
0.5659440524568045
Pixels masked by MC but not already by selfunc: 47
G20.5_zmin0.0zmax1.0_Lmax-27.0: 0.08              1759 vs 1922
/home/groups/tabel/mahlet/quaia-env/lib/python3.10/site-packages/Corrfunc/utils.py:918: UserWarning: One or more input array has non-native endianness!  A copy will be made with the correct endianness.
  warnings.warn("One or more input array has non-native endianness!  A copy will"\
/oak/stanford/orgs/kipac/users/mahlet/quaia_bias/scripts/quaia.py:1103: RuntimeWarning: invalid value encountered in scalar divide
  rpavg = [np.sum((DD_counts['rpavg']*DD_counts['npairs'])[DD_counts['rmin']==i])/np.sum(DD_counts['npairs'][DD_counts['rmin']==i])
/oak/stanford/orgs/kipac/users/mahlet/quaia_bias/scripts/jackknife.py:217: RuntimeWarning: Mean of empty slice
  cf_mean = np.nanmean(cf_jackknife, axis = 0)  # is it ok to ignore nan values?
saved to _G20.5_rmin0.15_rmax240.0_nbins20_pimax80_zmin0.0zmax1.0_Lmax-27.0_N25_Quaia_MC_mask0.2
0.16989930764109437
Pixels masked by MC but not already by selfunc: 6204
G20.5_zmin1.0zmax2.0_Lmax-20.0: 0.02              636784 vs 648196
/home/groups/tabel/mahlet/quaia-env/lib/python3.10/site-packages/Corrfunc/utils.py:918: UserWarning: One or more input array has non-native endianness!  A copy will be made with the correct endianness.
  warnings.warn("One or more input array has non-native endianness!  A copy will"\
saved to _G20.5_rmin0.15_rmax240.0_nbins20_pimax80_zmin1.0zmax2.0_Lmax-20.0_N25_Quaia_MC_mask0.2
0.22856873265313077
Pixels masked by MC but not already by selfunc: 5032
G20.5_zmin1.0zmax2.0_Lmax-25.0: 0.02              492006 vs 502242
/home/groups/tabel/mahlet/quaia-env/lib/python3.10/site-packages/Corrfunc/utils.py:918: UserWarning: One or more input array has non-native endianness!  A copy will be made with the correct endianness.
  warnings.warn("One or more input array has non-native endianness!  A copy will"\
saved to _G20.5_rmin0.15_rmax240.0_nbins20_pimax80_zmin1.0zmax2.0_Lmax-25.0_N25_Quaia_MC_mask0.2
0.37634276604427946
Pixels masked by MC but not already by selfunc: 2039
G20.5_zmin1.0zmax2.0_Lmax-26.0: 0.04              178450 vs 185134
/home/groups/tabel/mahlet/quaia-env/lib/python3.10/site-packages/Corrfunc/utils.py:918: UserWarning: One or more input array has non-native endianness!  A copy will be made with the correct endianness.
  warnings.warn("One or more input array has non-native endianness!  A copy will"\
saved to _G20.5_rmin0.15_rmax240.0_nbins20_pimax80_zmin1.0zmax2.0_Lmax-26.0_N25_Quaia_MC_mask0.2
0.45443070294363785
Pixels masked by MC but not already by selfunc: 414
G20.5_zmin1.0zmax2.0_Lmax-27.0: 0.07              36163 vs 38757
/home/groups/tabel/mahlet/quaia-env/lib/python3.10/site-packages/Corrfunc/utils.py:918: UserWarning: One or more input array has non-native endianness!  A copy will be made with the correct endianness.
  warnings.warn("One or more input array has non-native endianness!  A copy will"\
/oak/stanford/orgs/kipac/users/mahlet/quaia_bias/scripts/quaia.py:1103: RuntimeWarning: invalid value encountered in scalar divide
  rpavg = [np.sum((DD_counts['rpavg']*DD_counts['npairs'])[DD_counts['rmin']==i])/np.sum(DD_counts['npairs'][DD_counts['rmin']==i])
/oak/stanford/orgs/kipac/users/mahlet/quaia_bias/scripts/jackknife.py:217: RuntimeWarning: Mean of empty slice
  cf_mean = np.nanmean(cf_jackknife, axis = 0)  # is it ok to ignore nan values?
saved to _G20.5_rmin0.15_rmax240.0_nbins20_pimax80_zmin1.0zmax2.0_Lmax-27.0_N25_Quaia_MC_mask0.2
0.17769736394514135
Pixels masked by MC but not already by selfunc: 3576
G20.5_zmin2.0zmax3.0_Lmax-20.0: 0.02              281373 vs 286508
/home/groups/tabel/mahlet/quaia-env/lib/python3.10/site-packages/Corrfunc/utils.py:918: UserWarning: One or more input array has non-native endianness!  A copy will be made with the correct endianness.
  warnings.warn("One or more input array has non-native endianness!  A copy will"\
saved to _G20.5_rmin0.15_rmax240.0_nbins20_pimax80_zmin2.0zmax3.0_Lmax-20.0_N25_Quaia_MC_mask0.2
0.17769736394514135
Pixels masked by MC but not already by selfunc: 3576
G20.5_zmin2.0zmax3.0_Lmax-25.0: 0.02              281373 vs 286508
/home/groups/tabel/mahlet/quaia-env/lib/python3.10/site-packages/Corrfunc/utils.py:918: UserWarning: One or more input array has non-native endianness!  A copy will be made with the correct endianness.
  warnings.warn("One or more input array has non-native endianness!  A copy will"\
saved to _G20.5_rmin0.15_rmax240.0_nbins20_pimax80_zmin2.0zmax3.0_Lmax-25.0_N25_Quaia_MC_mask0.2
0.20627559252811825
Pixels masked by MC but not already by selfunc: 3357
G20.5_zmin2.0zmax3.0_Lmax-26.0: 0.02              254834 vs 259755
/home/groups/tabel/mahlet/quaia-env/lib/python3.10/site-packages/Corrfunc/utils.py:918: UserWarning: One or more input array has non-native endianness!  A copy will be made with the correct endianness.
  warnings.warn("One or more input array has non-native endianness!  A copy will"\
saved to _G20.5_rmin0.15_rmax240.0_nbins20_pimax80_zmin2.0zmax3.0_Lmax-26.0_N25_Quaia_MC_mask0.2
0.46772993496232934
Pixels masked by MC but not already by selfunc: 1333
G20.5_zmin2.0zmax3.0_Lmax-27.0: 0.03              100250 vs 103123
/home/groups/tabel/mahlet/quaia-env/lib/python3.10/site-packages/Corrfunc/utils.py:918: UserWarning: One or more input array has non-native endianness!  A copy will be made with the correct endianness.
  warnings.warn("One or more input array has non-native endianness!  A copy will"\
/oak/stanford/orgs/kipac/users/mahlet/quaia_bias/scripts/jackknife.py:217: RuntimeWarning: Mean of empty slice
  cf_mean = np.nanmean(cf_jackknife, axis = 0)  # is it ok to ignore nan values?
saved to _G20.5_rmin0.15_rmax240.0_nbins20_pimax80_zmin2.0zmax3.0_Lmax-27.0_N25_Quaia_MC_mask0.2
0.5100110865275997
Pixels masked by MC but not already by selfunc: 386
G20.5_zmin3.0zmax4.6_Lmax-20.0: 0.02              35884 vs 36458
/home/groups/tabel/mahlet/quaia-env/lib/python3.10/site-packages/Corrfunc/utils.py:918: UserWarning: One or more input array has non-native endianness!  A copy will be made with the correct endianness.
  warnings.warn("One or more input array has non-native endianness!  A copy will"\
/oak/stanford/orgs/kipac/users/mahlet/quaia_bias/scripts/jackknife.py:217: RuntimeWarning: Mean of empty slice
  cf_mean = np.nanmean(cf_jackknife, axis = 0)  # is it ok to ignore nan values?
saved to _G20.5_rmin0.15_rmax240.0_nbins20_pimax80_zmin3.0zmax4.6_Lmax-20.0_N25_Quaia_MC_mask0.2
0.5100110865275997
Pixels masked by MC but not already by selfunc: 386
G20.5_zmin3.0zmax4.6_Lmax-25.0: 0.02              35884 vs 36458
/home/groups/tabel/mahlet/quaia-env/lib/python3.10/site-packages/Corrfunc/utils.py:918: UserWarning: One or more input array has non-native endianness!  A copy will be made with the correct endianness.
  warnings.warn("One or more input array has non-native endianness!  A copy will"\
/oak/stanford/orgs/kipac/users/mahlet/quaia_bias/scripts/jackknife.py:217: RuntimeWarning: Mean of empty slice
  cf_mean = np.nanmean(cf_jackknife, axis = 0)  # is it ok to ignore nan values?
saved to _G20.5_rmin0.15_rmax240.0_nbins20_pimax80_zmin3.0zmax4.6_Lmax-25.0_N25_Quaia_MC_mask0.2
0.5100110865275997
Pixels masked by MC but not already by selfunc: 386
G20.5_zmin3.0zmax4.6_Lmax-26.0: 0.02              35884 vs 36458
/home/groups/tabel/mahlet/quaia-env/lib/python3.10/site-packages/Corrfunc/utils.py:918: UserWarning: One or more input array has non-native endianness!  A copy will be made with the correct endianness.
  warnings.warn("One or more input array has non-native endianness!  A copy will"\
/oak/stanford/orgs/kipac/users/mahlet/quaia_bias/scripts/jackknife.py:217: RuntimeWarning: Mean of empty slice
  cf_mean = np.nanmean(cf_jackknife, axis = 0)  # is it ok to ignore nan values?
saved to _G20.5_rmin0.15_rmax240.0_nbins20_pimax80_zmin3.0zmax4.6_Lmax-26.0_N25_Quaia_MC_mask0.2
0.6575277708499803
Pixels masked by MC but not already by selfunc: 325
G20.5_zmin3.0zmax4.6_Lmax-27.0: 0.02              28454 vs 28981
/home/groups/tabel/mahlet/quaia-env/lib/python3.10/site-packages/Corrfunc/utils.py:918: UserWarning: One or more input array has non-native endianness!  A copy will be made with the correct endianness.
  warnings.warn("One or more input array has non-native endianness!  A copy will"\
/oak/stanford/orgs/kipac/users/mahlet/quaia_bias/scripts/quaia.py:1103: RuntimeWarning: invalid value encountered in scalar divide
  rpavg = [np.sum((DD_counts['rpavg']*DD_counts['npairs'])[DD_counts['rmin']==i])/np.sum(DD_counts['npairs'][DD_counts['rmin']==i])
/oak/stanford/orgs/kipac/users/mahlet/quaia_bias/scripts/jackknife.py:217: RuntimeWarning: Mean of empty slice
  cf_mean = np.nanmean(cf_jackknife, axis = 0)  # is it ok to ignore nan values?
saved to _G20.5_rmin0.15_rmax240.0_nbins20_pimax80_zmin3.0zmax4.6_Lmax-27.0_N25_Quaia_MC_mask0.2
done!
