Starting batch job

G20.5: computing wtheta in 30 bins from 0.001 to 10.0 on a log scale...

Pixels masked by MC but not already by selfunc: 1705
G20.5_zsplit4bin0_Lsplit2bin0: 0.04              155271 vs 161897
/home/groups/tabel/mahlet/quaia-env/lib/python3.10/site-packages/Corrfunc/utils.py:918: UserWarning: One or more input array has non-native endianness!  A copy will be made with the correct endianness.
  warnings.warn("One or more input array has non-native endianness!  A copy will"\
DD: 0.09382599999999999
DR: 2.55592
RR: 17.481152
saved to _G20.5_rmin0.001_rmax10.0_nbins30_zsplit4bin0_Lsplit2bin0_Planck_MC_b10
Pixels masked by MC but not already by selfunc: 1486
G20.5_zsplit4bin0_Lsplit2bin1: 0.02              159264 vs 161898
/home/groups/tabel/mahlet/quaia-env/lib/python3.10/site-packages/Corrfunc/utils.py:918: UserWarning: One or more input array has non-native endianness!  A copy will be made with the correct endianness.
  warnings.warn("One or more input array has non-native endianness!  A copy will"\
DD: 0.077511
DR: 2.698417
RR: 20.567288
saved to _G20.5_rmin0.001_rmax10.0_nbins30_zsplit4bin0_Lsplit2bin1_Planck_MC_b10
Pixels masked by MC but not already by selfunc: 1674
G20.5_zsplit4bin1_Lsplit2bin0: 0.03              156631 vs 161974
/home/groups/tabel/mahlet/quaia-env/lib/python3.10/site-packages/Corrfunc/utils.py:918: UserWarning: One or more input array has non-native endianness!  A copy will be made with the correct endianness.
  warnings.warn("One or more input array has non-native endianness!  A copy will"\
DD: 0.065025
DR: 2.527395
RR: 17.955257
saved to _G20.5_rmin0.001_rmax10.0_nbins30_zsplit4bin1_Lsplit2bin0_Planck_MC_b10
Pixels masked by MC but not already by selfunc: 1421
G20.5_zsplit4bin1_Lsplit2bin1: 0.01              160001 vs 161975
/home/groups/tabel/mahlet/quaia-env/lib/python3.10/site-packages/Corrfunc/utils.py:918: UserWarning: One or more input array has non-native endianness!  A copy will be made with the correct endianness.
  warnings.warn("One or more input array has non-native endianness!  A copy will"\
DD: 0.074902
DR: 2.564055
RR: 21.280539
saved to _G20.5_rmin0.001_rmax10.0_nbins30_zsplit4bin1_Lsplit2bin1_Planck_MC_b10
Pixels masked by MC but not already by selfunc: 1761
G20.5_zsplit4bin2_Lsplit2bin0: 0.03              157310 vs 161904
/home/groups/tabel/mahlet/quaia-env/lib/python3.10/site-packages/Corrfunc/utils.py:918: UserWarning: One or more input array has non-native endianness!  A copy will be made with the correct endianness.
  warnings.warn("One or more input array has non-native endianness!  A copy will"\
DD: 0.066052
DR: 2.50101
RR: 18.18673
saved to _G20.5_rmin0.001_rmax10.0_nbins30_zsplit4bin2_Lsplit2bin0_Planck_MC_b10
Pixels masked by MC but not already by selfunc: 1347
G20.5_zsplit4bin2_Lsplit2bin1: 0.01              160181 vs 161904
/home/groups/tabel/mahlet/quaia-env/lib/python3.10/site-packages/Corrfunc/utils.py:918: UserWarning: One or more input array has non-native endianness!  A copy will be made with the correct endianness.
  warnings.warn("One or more input array has non-native endianness!  A copy will"\
DD: 0.068089
DR: 2.950669
RR: 21.995383
saved to _G20.5_rmin0.001_rmax10.0_nbins30_zsplit4bin2_Lsplit2bin1_Planck_MC_b10
Pixels masked by MC but not already by selfunc: 2050
G20.5_zsplit4bin3_Lsplit2bin0: 0.03              157735 vs 161975
/home/groups/tabel/mahlet/quaia-env/lib/python3.10/site-packages/Corrfunc/utils.py:918: UserWarning: One or more input array has non-native endianness!  A copy will be made with the correct endianness.
  warnings.warn("One or more input array has non-native endianness!  A copy will"\
DD: 0.068746
DR: 2.585622
RR: 18.151085
saved to _G20.5_rmin0.001_rmax10.0_nbins30_zsplit4bin3_Lsplit2bin0_Planck_MC_b10
Pixels masked by MC but not already by selfunc: 1920
G20.5_zsplit4bin3_Lsplit2bin1: 0.01              159732 vs 161975
/home/groups/tabel/mahlet/quaia-env/lib/python3.10/site-packages/Corrfunc/utils.py:918: UserWarning: One or more input array has non-native endianness!  A copy will be made with the correct endianness.
  warnings.warn("One or more input array has non-native endianness!  A copy will"\
DD: 0.075178
DR: 2.871436
RR: 21.562788
saved to _G20.5_rmin0.001_rmax10.0_nbins30_zsplit4bin3_Lsplit2bin1_Planck_MC_b10
done!
