Starting batch job

G20.5: computing wtheta in 30 bins from 0.001 to 10.0 on a log scale...

Pixels masked by MC but not already by selfunc: 455
G20.5_zmin0.0zmax1.0_Lsplit2bin0: 0.56              70563 vs 162168
/home/groups/tabel/mahlet/quaia-env/lib/python3.10/site-packages/Corrfunc/utils.py:918: UserWarning: One or more input array has non-native endianness!  A copy will be made with the correct endianness.
  warnings.warn("One or more input array has non-native endianness!  A copy will"\
DD: 0.040337
DR: 0.995078
RR: 7.371625
saved to _G20.5_rmin0.001_rmax10.0_nbins30_zmin0.0zmax1.0_Lsplit2bin0_Planck_MC_b40
Pixels masked by MC but not already by selfunc: 486
G20.5_zmin0.0zmax1.0_Lsplit2bin1: 0.44              91241 vs 162168
/home/groups/tabel/mahlet/quaia-env/lib/python3.10/site-packages/Corrfunc/utils.py:918: UserWarning: One or more input array has non-native endianness!  A copy will be made with the correct endianness.
  warnings.warn("One or more input array has non-native endianness!  A copy will"\
DD: 0.040777
DR: 1.582336
RR: 11.472963
saved to _G20.5_rmin0.001_rmax10.0_nbins30_zmin0.0zmax1.0_Lsplit2bin1_Planck_MC_b40
Pixels masked by MC but not already by selfunc: 940
G20.5_zmin1.0zmax2.0_Lsplit2bin0: 0.55              146331 vs 324098
/home/groups/tabel/mahlet/quaia-env/lib/python3.10/site-packages/Corrfunc/utils.py:918: UserWarning: One or more input array has non-native endianness!  A copy will be made with the correct endianness.
  warnings.warn("One or more input array has non-native endianness!  A copy will"\
DD: 0.08187500000000003
DR: 3.604365
RR: 32.0939
saved to _G20.5_rmin0.001_rmax10.0_nbins30_zmin1.0zmax2.0_Lsplit2bin0_Planck_MC_b40
Pixels masked by MC but not already by selfunc: 1004
G20.5_zmin1.0zmax2.0_Lsplit2bin1: 0.41              190558 vs 324098
/home/groups/tabel/mahlet/quaia-env/lib/python3.10/site-packages/Corrfunc/utils.py:918: UserWarning: One or more input array has non-native endianness!  A copy will be made with the correct endianness.
  warnings.warn("One or more input array has non-native endianness!  A copy will"\
DD: 0.12490599999999999
DR: 5.818073
RR: 53.880755
saved to _G20.5_rmin0.001_rmax10.0_nbins30_zmin1.0zmax2.0_Lsplit2bin1_Planck_MC_b40
Pixels masked by MC but not already by selfunc: 420
G20.5_zmin2.0zmax3.0_Lsplit2bin0: 0.53              66928 vs 143254
/home/groups/tabel/mahlet/quaia-env/lib/python3.10/site-packages/Corrfunc/utils.py:918: UserWarning: One or more input array has non-native endianness!  A copy will be made with the correct endianness.
  warnings.warn("One or more input array has non-native endianness!  A copy will"\
DD: 0.027273
DR: 0.940577
RR: 6.209288
saved to _G20.5_rmin0.001_rmax10.0_nbins30_zmin2.0zmax3.0_Lsplit2bin0_Planck_MC_b40
Pixels masked by MC but not already by selfunc: 488
G20.5_zmin2.0zmax3.0_Lsplit2bin1: 0.37              90018 vs 143254
/home/groups/tabel/mahlet/quaia-env/lib/python3.10/site-packages/Corrfunc/utils.py:918: UserWarning: One or more input array has non-native endianness!  A copy will be made with the correct endianness.
  warnings.warn("One or more input array has non-native endianness!  A copy will"\
DD: 0.049377
DR: 1.405498
RR: 9.801965
saved to _G20.5_rmin0.001_rmax10.0_nbins30_zmin2.0zmax3.0_Lsplit2bin1_Planck_MC_b40
Pixels masked by MC but not already by selfunc: 55
G20.5_zmin3.0zmax4.6_Lsplit2bin0: 0.49              9350 vs 18229
/home/groups/tabel/mahlet/quaia-env/lib/python3.10/site-packages/Corrfunc/utils.py:918: UserWarning: One or more input array has non-native endianness!  A copy will be made with the correct endianness.
  warnings.warn("One or more input array has non-native endianness!  A copy will"\
DD: 0.004462
DR: 0.060830999999999996
RR: 0.136235
saved to _G20.5_rmin0.001_rmax10.0_nbins30_zmin3.0zmax4.6_Lsplit2bin0_Planck_MC_b40
Pixels masked by MC but not already by selfunc: 68
G20.5_zmin3.0zmax4.6_Lsplit2bin1: 0.34              12025 vs 18229
/home/groups/tabel/mahlet/quaia-env/lib/python3.10/site-packages/Corrfunc/utils.py:918: UserWarning: One or more input array has non-native endianness!  A copy will be made with the correct endianness.
  warnings.warn("One or more input array has non-native endianness!  A copy will"\
DD: 0.005347
DR: 0.06834700000000005
RR: 0.15331899999999998
saved to _G20.5_rmin0.001_rmax10.0_nbins30_zmin3.0zmax4.6_Lsplit2bin1_Planck_MC_b40
done!
