Starting batch job

G20.5: computing wtheta in 30 bins from 0.001 to 10.0 on a log scale...

Pixels masked by MC but not already by selfunc: 1703
G20.5_zmin0.0zmax1.0_Lsplit2bin0: 0.04              155541 vs 162168
/home/groups/tabel/mahlet/quaia-env/lib/python3.10/site-packages/Corrfunc/utils.py:918: UserWarning: One or more input array has non-native endianness!  A copy will be made with the correct endianness.
  warnings.warn("One or more input array has non-native endianness!  A copy will"\
DD: 0.077832
DR: 2.9775
RR: 19.164389
saved to _G20.5_rmin0.001_rmax10.0_nbins30_zmin0.0zmax1.0_Lsplit2bin0_Planck_MC_b10
Pixels masked by MC but not already by selfunc: 1491
G20.5_zmin0.0zmax1.0_Lsplit2bin1: 0.02              159528 vs 162168
/home/groups/tabel/mahlet/quaia-env/lib/python3.10/site-packages/Corrfunc/utils.py:918: UserWarning: One or more input array has non-native endianness!  A copy will be made with the correct endianness.
  warnings.warn("One or more input array has non-native endianness!  A copy will"\
DD: 0.08814900000000003
DR: 3.406959
RR: 23.267572
saved to _G20.5_rmin0.001_rmax10.0_nbins30_zmin0.0zmax1.0_Lsplit2bin1_Planck_MC_b10
Pixels masked by MC but not already by selfunc: 3415
G20.5_zmin1.0zmax2.0_Lsplit2bin0: 0.03              314611 vs 324098
/home/groups/tabel/mahlet/quaia-env/lib/python3.10/site-packages/Corrfunc/utils.py:918: UserWarning: One or more input array has non-native endianness!  A copy will be made with the correct endianness.
  warnings.warn("One or more input array has non-native endianness!  A copy will"\
DD: 0.19213100000000005
DR: 8.76803
RR: 84.370266
saved to _G20.5_rmin0.001_rmax10.0_nbins30_zmin1.0zmax2.0_Lsplit2bin0_Planck_MC_b10
Pixels masked by MC but not already by selfunc: 2793
G20.5_zmin1.0zmax2.0_Lsplit2bin1: 0.01              319940 vs 324098
/home/groups/tabel/mahlet/quaia-env/lib/python3.10/site-packages/Corrfunc/utils.py:918: UserWarning: One or more input array has non-native endianness!  A copy will be made with the correct endianness.
  warnings.warn("One or more input array has non-native endianness!  A copy will"\
DD: 0.23312
DR: 9.008988
RR: 105.845911
saved to _G20.5_rmin0.001_rmax10.0_nbins30_zmin1.0zmax2.0_Lsplit2bin1_Planck_MC_b10
Pixels masked by MC but not already by selfunc: 1880
G20.5_zmin2.0zmax3.0_Lsplit2bin0: 0.03              139244 vs 143254
/home/groups/tabel/mahlet/quaia-env/lib/python3.10/site-packages/Corrfunc/utils.py:918: UserWarning: One or more input array has non-native endianness!  A copy will be made with the correct endianness.
  warnings.warn("One or more input array has non-native endianness!  A copy will"\
DD: 0.082189
DR: 2.555942
RR: 15.986831
saved to _G20.5_rmin0.001_rmax10.0_nbins30_zmin2.0zmax3.0_Lsplit2bin0_Planck_MC_b10
Pixels masked by MC but not already by selfunc: 1696
G20.5_zmin2.0zmax3.0_Lsplit2bin1: 0.01              141312 vs 143254
/home/groups/tabel/mahlet/quaia-env/lib/python3.10/site-packages/Corrfunc/utils.py:918: UserWarning: One or more input array has non-native endianness!  A copy will be made with the correct endianness.
  warnings.warn("One or more input array has non-native endianness!  A copy will"\
DD: 0.07542199999999999
DR: 2.86465
RR: 19.664091
saved to _G20.5_rmin0.001_rmax10.0_nbins30_zmin2.0zmax3.0_Lsplit2bin1_Planck_MC_b10
Pixels masked by MC but not already by selfunc: 221
G20.5_zmin3.0zmax4.6_Lsplit2bin0: 0.02              17891 vs 18229
/home/groups/tabel/mahlet/quaia-env/lib/python3.10/site-packages/Corrfunc/utils.py:918: UserWarning: One or more input array has non-native endianness!  A copy will be made with the correct endianness.
  warnings.warn("One or more input array has non-native endianness!  A copy will"\
DD: 0.010733999999999999
DR: 0.16983399999999998
RR: 0.34718099999999996
saved to _G20.5_rmin0.001_rmax10.0_nbins30_zmin3.0zmax4.6_Lsplit2bin0_Planck_MC_b10
Pixels masked by MC but not already by selfunc: 165
G20.5_zmin3.0zmax4.6_Lsplit2bin1: 0.01              18054 vs 18229
/home/groups/tabel/mahlet/quaia-env/lib/python3.10/site-packages/Corrfunc/utils.py:918: UserWarning: One or more input array has non-native endianness!  A copy will be made with the correct endianness.
  warnings.warn("One or more input array has non-native endianness!  A copy will"\
DD: 0.010464
DR: 0.163409
RR: 0.33908099999999997
saved to _G20.5_rmin0.001_rmax10.0_nbins30_zmin3.0zmax4.6_Lsplit2bin1_Planck_MC_b10
done!
