Starting batch job

G20.5: computing wtheta in 30 bins from 0.001 to 10.0 on a log scale...

Pixels masked by MC but not already by selfunc: 895
G20.5_zsplit4bin0_Lmaxsplit3bin0: 0.42              62138 vs 107932
/home/groups/tabel/mahlet/quaia-env/lib/python3.10/site-packages/Corrfunc/utils.py:918: UserWarning: One or more input array has non-native endianness!  A copy will be made with the correct endianness.
  warnings.warn("One or more input array has non-native endianness!  A copy will"\
DD: 0.049533999999999995
DR: 0.713368
RR: 3.367326
saved to _G20.5_rmin0.001_rmax10.0_nbins30_zsplit4bin0_Lmaxsplit3bin0_Planck_MC_b30
Pixels masked by MC but not already by selfunc: 1701
G20.5_zsplit4bin0_Lmaxsplit3bin1: 0.36              138193 vs 215863
/home/groups/tabel/mahlet/quaia-env/lib/python3.10/site-packages/Corrfunc/utils.py:918: UserWarning: One or more input array has non-native endianness!  A copy will be made with the correct endianness.
  warnings.warn("One or more input array has non-native endianness!  A copy will"\
DD: 0.060701
DR: 2.497779
RR: 17.019878
saved to _G20.5_rmin0.001_rmax10.0_nbins30_zsplit4bin0_Lmaxsplit3bin1_Planck_MC_b30
Pixels masked by MC but not already by selfunc: 2465
G20.5_zsplit4bin0_Lmaxsplit3bin2: 0.33              218004 vs 323795
/home/groups/tabel/mahlet/quaia-env/lib/python3.10/site-packages/Corrfunc/utils.py:918: UserWarning: One or more input array has non-native endianness!  A copy will be made with the correct endianness.
  warnings.warn("One or more input array has non-native endianness!  A copy will"\
DD: 0.119894
DR: 4.881444
RR: 44.645146
saved to _G20.5_rmin0.001_rmax10.0_nbins30_zsplit4bin0_Lmaxsplit3bin2_Planck_MC_b30
Pixels masked by MC but not already by selfunc: 873
G20.5_zsplit4bin1_Lmaxsplit3bin0: 0.41              63681 vs 107983
/home/groups/tabel/mahlet/quaia-env/lib/python3.10/site-packages/Corrfunc/utils.py:918: UserWarning: One or more input array has non-native endianness!  A copy will be made with the correct endianness.
  warnings.warn("One or more input array has non-native endianness!  A copy will"\
DD: 0.021644
DR: 0.824047
RR: 3.505025
saved to _G20.5_rmin0.001_rmax10.0_nbins30_zsplit4bin1_Lmaxsplit3bin0_Planck_MC_b30
Pixels masked by MC but not already by selfunc: 1669
G20.5_zsplit4bin1_Lmaxsplit3bin1: 0.36              137158 vs 215966
/home/groups/tabel/mahlet/quaia-env/lib/python3.10/site-packages/Corrfunc/utils.py:918: UserWarning: One or more input array has non-native endianness!  A copy will be made with the correct endianness.
  warnings.warn("One or more input array has non-native endianness!  A copy will"\
DD: 0.057852
DR: 2.2826750000000002
RR: 17.090222
saved to _G20.5_rmin0.001_rmax10.0_nbins30_zsplit4bin1_Lmaxsplit3bin1_Planck_MC_b30
Pixels masked by MC but not already by selfunc: 2382
G20.5_zsplit4bin1_Lmaxsplit3bin2: 0.31              224102 vs 323949
/home/groups/tabel/mahlet/quaia-env/lib/python3.10/site-packages/Corrfunc/utils.py:918: UserWarning: One or more input array has non-native endianness!  A copy will be made with the correct endianness.
  warnings.warn("One or more input array has non-native endianness!  A copy will"\
DD: 0.127058
DR: 5.243305
RR: 48.987083
saved to _G20.5_rmin0.001_rmax10.0_nbins30_zsplit4bin1_Lmaxsplit3bin2_Planck_MC_b30
Pixels masked by MC but not already by selfunc: 910
G20.5_zsplit4bin2_Lmaxsplit3bin0: 0.40              65150 vs 107936
/home/groups/tabel/mahlet/quaia-env/lib/python3.10/site-packages/Corrfunc/utils.py:918: UserWarning: One or more input array has non-native endianness!  A copy will be made with the correct endianness.
  warnings.warn("One or more input array has non-native endianness!  A copy will"\
DD: 0.024822999999999998
DR: 0.784618
RR: 4.263815
saved to _G20.5_rmin0.001_rmax10.0_nbins30_zsplit4bin2_Lmaxsplit3bin0_Planck_MC_b30
Pixels masked by MC but not already by selfunc: 1737
G20.5_zsplit4bin2_Lmaxsplit3bin1: 0.35              140788 vs 215872
/home/groups/tabel/mahlet/quaia-env/lib/python3.10/site-packages/Corrfunc/utils.py:918: UserWarning: One or more input array has non-native endianness!  A copy will be made with the correct endianness.
  warnings.warn("One or more input array has non-native endianness!  A copy will"\
DD: 0.066915
DR: 2.348259
RR: 18.266713
saved to _G20.5_rmin0.001_rmax10.0_nbins30_zsplit4bin2_Lmaxsplit3bin1_Planck_MC_b30
Pixels masked by MC but not already by selfunc: 2401
G20.5_zsplit4bin2_Lmaxsplit3bin2: 0.29              228756 vs 323808
/home/groups/tabel/mahlet/quaia-env/lib/python3.10/site-packages/Corrfunc/utils.py:918: UserWarning: One or more input array has non-native endianness!  A copy will be made with the correct endianness.
  warnings.warn("One or more input array has non-native endianness!  A copy will"\
DD: 0.1306400000000001
DR: 5.959688
RR: 47.440081
saved to _G20.5_rmin0.001_rmax10.0_nbins30_zsplit4bin2_Lmaxsplit3bin2_Planck_MC_b30
Pixels masked by MC but not already by selfunc: 1113
G20.5_zsplit4bin3_Lmaxsplit3bin0: 0.36              69286 vs 107983
/home/groups/tabel/mahlet/quaia-env/lib/python3.10/site-packages/Corrfunc/utils.py:918: UserWarning: One or more input array has non-native endianness!  A copy will be made with the correct endianness.
  warnings.warn("One or more input array has non-native endianness!  A copy will"\
DD: 0.023828
DR: 0.788987
RR: 3.842537
saved to _G20.5_rmin0.001_rmax10.0_nbins30_zsplit4bin3_Lmaxsplit3bin0_Planck_MC_b30
Pixels masked by MC but not already by selfunc: 2098
G20.5_zsplit4bin3_Lmaxsplit3bin1: 0.31              148009 vs 215966
/home/groups/tabel/mahlet/quaia-env/lib/python3.10/site-packages/Corrfunc/utils.py:918: UserWarning: One or more input array has non-native endianness!  A copy will be made with the correct endianness.
  warnings.warn("One or more input array has non-native endianness!  A copy will"\
DD: 0.091624
DR: 2.824607
RR: 21.468476
saved to _G20.5_rmin0.001_rmax10.0_nbins30_zsplit4bin3_Lmaxsplit3bin1_Planck_MC_b30
Pixels masked by MC but not already by selfunc: 3076
G20.5_zsplit4bin3_Lmaxsplit3bin2: 0.27              236380 vs 323950
/home/groups/tabel/mahlet/quaia-env/lib/python3.10/site-packages/Corrfunc/utils.py:918: UserWarning: One or more input array has non-native endianness!  A copy will be made with the correct endianness.
  warnings.warn("One or more input array has non-native endianness!  A copy will"\
DD: 0.14740599999999998
DR: 6.346037
RR: 58.429859
saved to _G20.5_rmin0.001_rmax10.0_nbins30_zsplit4bin3_Lmaxsplit3bin2_Planck_MC_b30
done!
