Starting batch job

G20.5: computing wtheta in 30 bins from 0.001 to 10.0 on a log scale...

Pixels masked by MC but not already by selfunc: 281
G20.5_zsplit4bin0_Lmaxsplit3bin0: 0.59              43979 vs 107932
[Warning] The CPU supports AVX512F but the compiler does not.  Can you try another compiler?
/home/groups/tabel/mahlet/quaia-env/lib/python3.10/site-packages/Corrfunc/utils.py:918: UserWarning: One or more input array has non-native endianness!  A copy will be made with the correct endianness.
  warnings.warn("One or more input array has non-native endianness!  A copy will"\
DD: 0.057200999999999995
DR: 0.538136
RR: 2.321724
saved to _G20.5_rmin0.001_rmax10.0_nbins30_zsplit4bin0_Lmaxsplit3bin0_Planck_MC_b40
Pixels masked by MC but not already by selfunc: 613
G20.5_zsplit4bin0_Lmaxsplit3bin1: 0.53              100852 vs 215863
/home/groups/tabel/mahlet/quaia-env/lib/python3.10/site-packages/Corrfunc/utils.py:918: UserWarning: One or more input array has non-native endianness!  A copy will be made with the correct endianness.
  warnings.warn("One or more input array has non-native endianness!  A copy will"\
DD: 0.059378999999999994
DR: 1.7101600000000001
RR: 11.216323
saved to _G20.5_rmin0.001_rmax10.0_nbins30_zsplit4bin0_Lmaxsplit3bin1_Planck_MC_b40
Pixels masked by MC but not already by selfunc: 939
G20.5_zsplit4bin0_Lmaxsplit3bin2: 0.50              161532 vs 323795
/home/groups/tabel/mahlet/quaia-env/lib/python3.10/site-packages/Corrfunc/utils.py:918: UserWarning: One or more input array has non-native endianness!  A copy will be made with the correct endianness.
  warnings.warn("One or more input array has non-native endianness!  A copy will"\
DD: 0.098725
DR: 3.443883
RR: 25.398234
saved to _G20.5_rmin0.001_rmax10.0_nbins30_zsplit4bin0_Lmaxsplit3bin2_Planck_MC_b40
Pixels masked by MC but not already by selfunc: 294
G20.5_zsplit4bin1_Lmaxsplit3bin0: 0.59              44536 vs 107983
/home/groups/tabel/mahlet/quaia-env/lib/python3.10/site-packages/Corrfunc/utils.py:918: UserWarning: One or more input array has non-native endianness!  A copy will be made with the correct endianness.
  warnings.warn("One or more input array has non-native endianness!  A copy will"\
DD: 0.015401999999999999
DR: 0.4298850000000001
RR: 1.881429
saved to _G20.5_rmin0.001_rmax10.0_nbins30_zsplit4bin1_Lmaxsplit3bin0_Planck_MC_b40
Pixels masked by MC but not already by selfunc: 620
G20.5_zsplit4bin1_Lmaxsplit3bin1: 0.55              97746 vs 215966
/home/groups/tabel/mahlet/quaia-env/lib/python3.10/site-packages/Corrfunc/utils.py:918: UserWarning: One or more input array has non-native endianness!  A copy will be made with the correct endianness.
  warnings.warn("One or more input array has non-native endianness!  A copy will"\
DD: 0.037773999999999995
DR: 1.382736
RR: 8.725762
saved to _G20.5_rmin0.001_rmax10.0_nbins30_zsplit4bin1_Lmaxsplit3bin1_Planck_MC_b40
Pixels masked by MC but not already by selfunc: 958
G20.5_zsplit4bin1_Lmaxsplit3bin2: 0.49              166066 vs 323949
/home/groups/tabel/mahlet/quaia-env/lib/python3.10/site-packages/Corrfunc/utils.py:918: UserWarning: One or more input array has non-native endianness!  A copy will be made with the correct endianness.
  warnings.warn("One or more input array has non-native endianness!  A copy will"\
DD: 0.080151
DR: 3.379327
RR: 27.351626
saved to _G20.5_rmin0.001_rmax10.0_nbins30_zsplit4bin1_Lmaxsplit3bin2_Planck_MC_b40
Pixels masked by MC but not already by selfunc: 322
G20.5_zsplit4bin2_Lmaxsplit3bin0: 0.58              45705 vs 107936
/home/groups/tabel/mahlet/quaia-env/lib/python3.10/site-packages/Corrfunc/utils.py:918: UserWarning: One or more input array has non-native endianness!  A copy will be made with the correct endianness.
  warnings.warn("One or more input array has non-native endianness!  A copy will"\
DD: 0.015975
DR: 0.447635
RR: 1.951693
saved to _G20.5_rmin0.001_rmax10.0_nbins30_zsplit4bin2_Lmaxsplit3bin0_Planck_MC_b40
Pixels masked by MC but not already by selfunc: 648
G20.5_zsplit4bin2_Lmaxsplit3bin1: 0.53              101010 vs 215872
/home/groups/tabel/mahlet/quaia-env/lib/python3.10/site-packages/Corrfunc/utils.py:918: UserWarning: One or more input array has non-native endianness!  A copy will be made with the correct endianness.
  warnings.warn("One or more input array has non-native endianness!  A copy will"\
DD: 0.039661999999999996
DR: 1.468933
RR: 9.260514
saved to _G20.5_rmin0.001_rmax10.0_nbins30_zsplit4bin2_Lmaxsplit3bin1_Planck_MC_b40
Pixels masked by MC but not already by selfunc: 985
G20.5_zsplit4bin2_Lmaxsplit3bin2: 0.47              170549 vs 323808
/home/groups/tabel/mahlet/quaia-env/lib/python3.10/site-packages/Corrfunc/utils.py:918: UserWarning: One or more input array has non-native endianness!  A copy will be made with the correct endianness.
  warnings.warn("One or more input array has non-native endianness!  A copy will"\
DD: 0.08230599999999999
DR: 3.50355
RR: 28.326222
saved to _G20.5_rmin0.001_rmax10.0_nbins30_zsplit4bin2_Lmaxsplit3bin2_Planck_MC_b40
Pixels masked by MC but not already by selfunc: 295
G20.5_zsplit4bin3_Lmaxsplit3bin0: 0.54              49432 vs 107983
/home/groups/tabel/mahlet/quaia-env/lib/python3.10/site-packages/Corrfunc/utils.py:918: UserWarning: One or more input array has non-native endianness!  A copy will be made with the correct endianness.
  warnings.warn("One or more input array has non-native endianness!  A copy will"\
DD: 0.017356
DR: 0.497762
RR: 2.149517
saved to _G20.5_rmin0.001_rmax10.0_nbins30_zsplit4bin3_Lmaxsplit3bin0_Planck_MC_b40
Pixels masked by MC but not already by selfunc: 664
G20.5_zsplit4bin3_Lmaxsplit3bin1: 0.50              108497 vs 215966
/home/groups/tabel/mahlet/quaia-env/lib/python3.10/site-packages/Corrfunc/utils.py:918: UserWarning: One or more input array has non-native endianness!  A copy will be made with the correct endianness.
  warnings.warn("One or more input array has non-native endianness!  A copy will"\
DD: 0.045369
DR: 1.623863
RR: 10.452066
saved to _G20.5_rmin0.001_rmax10.0_nbins30_zsplit4bin3_Lmaxsplit3bin1_Planck_MC_b40
Pixels masked by MC but not already by selfunc: 1034
G20.5_zsplit4bin3_Lmaxsplit3bin2: 0.45              178871 vs 323950
/home/groups/tabel/mahlet/quaia-env/lib/python3.10/site-packages/Corrfunc/utils.py:918: UserWarning: One or more input array has non-native endianness!  A copy will be made with the correct endianness.
  warnings.warn("One or more input array has non-native endianness!  A copy will"\
DD: 0.08874499999999999
DR: 3.762186
RR: 31.265788
saved to _G20.5_rmin0.001_rmax10.0_nbins30_zsplit4bin3_Lmaxsplit3bin2_Planck_MC_b40
done!
