Starting batch job

G20.5: computing wtheta in 20 bins from 0.001 to 10.0 on a log scale for 50 jackknife regions...

Pixels masked by MC but not already by selfunc: 941
G20.5_zmin0.0zmax1.0_Lmax-20.0: 0.50              161804 vs 324336
[Warning] The CPU supports AVX512F but the compiler does not.  Can you try another compiler?
/home/groups/tabel/mahlet/quaia-env/lib/python3.10/site-packages/Corrfunc/utils.py:918: UserWarning: One or more input array has non-native endianness!  A copy will be made with the correct endianness.
  warnings.warn("One or more input array has non-native endianness!  A copy will"\
DD: 0.10531199999999999
DR: 3.20993
RR: 21.605328
DD: 0.07523600000000008
DR: 2.7205
RR: 19.71552
DD: 0.066594
DR: 2.7272689999999997
RR: 21.291626
DD: 0.068019
DR: 2.81074
RR: 20.609252
DD: 0.06608
DR: 2.657401
RR: 20.152333
DD: 0.066477
DR: 2.7025040000000002
RR: 21.450749
DD: 0.06844499999999999
DR: 2.9698
RR: 22.00774
DD: 0.070857
DR: 2.755271
RR: 23.114508
DD: 0.075378
DR: 2.957506
RR: 22.555517
DD: 0.070779
DR: 2.861576
RR: 23.336412
DD: 0.0735
DR: 2.910123
RR: 23.300986
DD: 0.073462
DR: 3.010368
RR: 23.217083
DD: 0.074199
DR: 3.014903
RR: 22.611299
DD: 0.072138
DR: 2.916745
RR: 21.43233
DD: 0.068469
DR: 2.805212
RR: 22.148964
DD: 0.0697
DR: 2.799385
RR: 23.122746
DD: 0.07542399999999999
DR: 2.814818
RR: 23.485978
DD: 0.072213
DR: 3.118494
RR: 23.944302
DD: 0.07489699999999999
DR: 3.017746
RR: 23.756096
DD: 0.07157
DR: 2.990783
RR: 21.80879
DD: 0.075754
DR: 2.806991
RR: 20.943476
DD: 0.069008
DR: 2.750814
RR: 21.372565
DD: 0.070603
DR: 2.865481
RR: 22.153558
DD: 0.06578099999999999
DR: 2.780694
RR: 20.707155
DD: 0.069842
DR: 2.77377
RR: 21.433857
DD: 0.072729
DR: 2.813455
RR: 20.112928
DD: 0.06587799999999999
DR: 2.698115
RR: 21.070165
DD: 0.068865
DR: 2.777413
RR: 19.929361
DD: 0.066608
DR: 2.6472350000000002
RR: 19.364764
DD: 0.064801
DR: 2.66517
RR: 21.280483
DD: 0.06741899999999999
DR: 2.605382
RR: 22.072367
DD: 0.072849
DR: 3.030513
RR: 22.39234
DD: 0.072793
DR: 2.875297
RR: 22.713679
DD: 0.07235
DR: 2.9379210000000002
RR: 22.772154
DD: 0.076737
DR: 2.952368
RR: 23.175349
DD: 0.075264
DR: 2.921923
RR: 23.260615
DD: 0.074048
DR: 3.130702
RR: 23.527062
DD: 0.076697
DR: 3.068816
RR: 23.361383
DD: 0.07217
DR: 2.786784
RR: 21.379659
DD: 0.06891599999999999
DR: 2.806213
RR: 22.002942
DD: 0.07017
DR: 2.933325
RR: 22.368314
DD: 0.073325
DR: 2.834578
RR: 22.060636
DD: 0.0717
DR: 2.946578
RR: 22.523279
DD: 0.07024699999999999
DR: 2.951609
RR: 22.90217
DD: 0.06917999999999999
DR: 2.8018
RR: 21.349677
DD: 0.08857999999999999
DR: 2.704415
RR: 21.324973
DD: 0.06804
DR: 2.965757
RR: 21.097483
DD: 0.069103
DR: 2.736665
RR: 22.430086
DD: 0.064552
DR: 2.60656
RR: 21.712391
DD: 0.0728
DR: 2.946962
RR: 21.534254
saved to _G20.5_rmin0.001_rmax10.0_nbins20_zmin0.0zmax1.0_Lmax-20.0_N50_Planck_MC_b40
Pixels masked by MC but not already by selfunc: 138
G20.5_zmin0.0zmax1.0_Lmax-25.0: 0.62              20936 vs 55261
/home/groups/tabel/mahlet/quaia-env/lib/python3.10/site-packages/Corrfunc/utils.py:918: UserWarning: One or more input array has non-native endianness!  A copy will be made with the correct endianness.
  warnings.warn("One or more input array has non-native endianness!  A copy will"\
DD: 0.008246999999999999
DR: 0.15487199999999998
RR: 0.45624899999999996
DD: 0.007802
DR: 0.161998
RR: 0.494148
DD: 0.008083
DR: 0.161636
RR: 0.497799
DD: 0.008228
DR: 0.16200699999999998
RR: 0.491813
DD: 0.00823
DR: 0.160834
RR: 0.48819399999999996
DD: 0.008081
DR: 0.158585
RR: 0.482543
DD: 0.008015999999999999
DR: 0.159752
RR: 0.487979
DD: 0.007729
DR: 0.162011
RR: 0.501421
DD: 0.008251999999999999
DR: 0.163494
RR: 0.500232
DD: 0.008147999999999999
DR: 0.16344999999999998
RR: 0.500092
DD: 0.008133999999999999
DR: 0.16113700000000009
RR: 0.488525
DD: 0.007939
DR: 0.15764900000000004
RR: 0.50691
DD: 0.008307
DR: 0.16383400000000004
RR: 0.508975
DD: 0.008177
DR: 0.16435600000000006
RR: 0.5074759999999999
DD: 0.007984
DR: 0.16859500000000005
RR: 0.5148429999999999
DD: 0.008324999999999999
DR: 0.16593200000000008
RR: 0.51562
DD: 0.00866
DR: 0.17431800000000008
RR: 0.5340309999999999
DD: 0.011201
DR: 0.171644
RR: 0.532816
DD: 0.008938999999999999
DR: 0.18173599999999998
RR: 0.5192559999999999
DD: 0.010252000000000039
DR: 0.162245
RR: 0.497826
DD: 0.010737
DR: 0.165184
RR: 0.49921899999999997
DD: 0.008383999999999999
DR: 0.158134
RR: 0.498187
DD: 0.011556
DR: 0.158553
RR: 0.475753
DD: 0.007937
DR: 0.156777
RR: 0.487641
DD: 0.008061
DR: 0.15567700000000007
RR: 0.488266
DD: 0.01021
DR: 0.15959299999999998
RR: 0.481475
DD: 0.007914
DR: 0.15453100000000008
RR: 0.477294
DD: 0.010215
DR: 0.156946
RR: 0.462316
DD: 0.007965999999999999
DR: 0.156916
RR: 0.492593
DD: 0.008062
DR: 0.15797999999999998
RR: 0.494899
DD: 0.008046
DR: 0.155858
RR: 0.49021900000000007
DD: 0.009951999999999999
DR: 0.158711
RR: 0.471144
DD: 0.007996999999999999
DR: 0.154391
RR: 0.485699
DD: 0.010386
DR: 0.162353
RR: 0.48332200000000003
DD: 0.008073
DR: 0.158993
RR: 0.48816000000000004
DD: 0.008277
DR: 0.160542
RR: 0.48601400000000006
DD: 0.008113
DR: 0.15942599999999998
RR: 0.482012
DD: 0.01015
DR: 0.16247
RR: 0.48479400000000006
DD: 0.010263999999999999
DR: 0.16172399999999998
RR: 0.47736900000000004
DD: 0.008139
DR: 0.159373
RR: 0.48310300000000006
DD: 0.009871
DR: 0.16253399999999998
RR: 0.485507
DD: 0.012109
DR: 0.165818
RR: 0.49774300000000005
DD: 0.008381999999999999
DR: 0.161019
RR: 0.516602
DD: 0.010244999999999999
DR: 0.162995
RR: 0.509196
DD: 0.007984
DR: 0.157916
RR: 0.4836440000000001
DD: 0.008048
DR: 0.15323
RR: 0.4679
DD: 0.007935
DR: 0.154163
RR: 0.479133
DD: 0.007899
DR: 0.154031
RR: 0.47626199999999996
DD: 0.010038
DR: 0.155472
RR: 0.47221199999999997
DD: 0.007965
DR: 0.159725
RR: 0.47323699999999996
saved to _G20.5_rmin0.001_rmax10.0_nbins20_zmin0.0zmax1.0_Lmax-25.0_N50_Planck_MC_b40
Pixels masked by MC but not already by selfunc: 17
G20.5_zmin0.0zmax1.0_Lmax-26.0: 0.67              4183 vs 12557
/home/groups/tabel/mahlet/quaia-env/lib/python3.10/site-packages/Corrfunc/utils.py:918: UserWarning: One or more input array has non-native endianness!  A copy will be made with the correct endianness.
  warnings.warn("One or more input array has non-native endianness!  A copy will"\
DD: 0.003368
DR: 0.034228
RR: 0.052763
DD: 0.003565
DR: 0.031744999999999995
RR: 0.052549
DD: 0.00349
DR: 0.031834999999999995
RR: 0.052330999999999996
DD: 0.0034289999999999998
DR: 0.031772
RR: 0.052938
DD: 0.00349
DR: 0.031814999999999996
RR: 0.052287
DD: 0.003485
DR: 0.032235
RR: 0.052333
DD: 0.0035529999999999997
DR: 0.032089
RR: 0.052419999999999994
DD: 0.0034709999999999997
DR: 0.032111
RR: 0.052427
DD: 0.0035009999999999998
DR: 0.032192
RR: 0.054728
DD: 0.004533
DR: 0.03238
RR: 0.053298
DD: 0.0035689999999999997
DR: 0.033478
RR: 0.054178
DD: 0.0035489999999999996
DR: 0.032817
RR: 0.053952
DD: 0.003531
DR: 0.03315
RR: 0.054643
DD: 0.017688
DR: 0.045499
RR: 0.067369
DD: 0.016871999999999998
DR: 0.045238
RR: 0.06265699999999999
DD: 0.017336999999999998
DR: 0.03945
RR: 0.070338
DD: 0.017447999999999998
DR: 0.045600999999999996
RR: 0.070543
DD: 0.010806999999999999
DR: 0.046586999999999996
RR: 0.070242
DD: 0.011472999999999999
DR: 0.048863
RR: 0.075321
DD: 0.023379
DR: 0.046761
RR: 0.056204
DD: 0.0036509999999999997
DR: 0.03276
RR: 0.054223
DD: 0.003737
DR: 0.033003
RR: 0.0545
DD: 0.0037419999999999997
DR: 0.033615
RR: 0.05491
DD: 0.00375
DR: 0.033139
RR: 0.054799
DD: 0.0038069999999999996
DR: 0.033146
RR: 0.054492
DD: 0.003715
DR: 0.032466999999999996
RR: 0.053614999999999996
DD: 0.00378
DR: 0.032414
RR: 0.053732999999999996
DD: 0.003705
DR: 0.031806
RR: 0.051857
DD: 0.003692
DR: 0.031611
RR: 0.051365999999999995
DD: 0.00363
DR: 0.031661
RR: 0.051723
DD: 0.003699
DR: 0.03357700000000008
RR: 0.055607
DD: 0.005536999999999999
DR: 0.033395999999999995
RR: 0.054598
DD: 0.0039369999999999995
DR: 0.033282
RR: 0.054651
DD: 0.003789
DR: 0.033149
RR: 0.054769
DD: 0.0038039999999999997
DR: 0.03343
RR: 0.055736
DD: 0.003904
DR: 0.034356
RR: 0.056181999999999996
DD: 0.00389
DR: 0.033970000000000056
RR: 0.056480999999999996
DD: 0.0040349999999999995
DR: 0.034012
RR: 0.056886
DD: 0.004025
DR: 0.033656
RR: 0.056836
DD: 0.004049
DR: 0.03403
RR: 0.056559
DD: 0.0040279999999999995
DR: 0.033819999999999996
RR: 0.056735
DD: 0.0040219999999999995
DR: 0.033662
RR: 0.056251999999999996
DD: 0.00403
DR: 0.033678
RR: 0.056358
DD: 0.004115
DR: 0.033701999999999996
RR: 0.056686
DD: 0.004078
DR: 0.03238
RR: 0.054155999999999996
DD: 0.005954999999999999
DR: 0.034235999999999996
RR: 0.053486
DD: 0.004
DR: 0.033079
RR: 0.054464
DD: 0.0038789999999999996
DR: 0.032905
RR: 0.054291
DD: 0.003955
DR: 0.032802
RR: 0.054287999999999996
DD: 0.003922
DR: 0.032404999999999996
RR: 0.05347
/oak/stanford/orgs/kipac/users/mahlet/quaia_bias/scripts/jackknife.py:218: RuntimeWarning: Mean of empty slice
  cf_mean = np.nanmean(cf_jackknife, axis = 0)  # is it ok to ignore nan values?
saved to _G20.5_rmin0.001_rmax10.0_nbins20_zmin0.0zmax1.0_Lmax-26.0_N50_Planck_MC_b40
Pixels masked by MC but not already by selfunc: 2
G20.5_zmin0.0zmax1.0_Lmax-27.0: 0.74              492 vs 1922
/home/groups/tabel/mahlet/quaia-env/lib/python3.10/site-packages/Corrfunc/utils.py:918: UserWarning: One or more input array has non-native endianness!  A copy will be made with the correct endianness.
  warnings.warn("One or more input array has non-native endianness!  A copy will"\
DD: 0.0011589999999999999
DR: 0.008414
RR: 0.009564999999999999
DD: 0.001254
DR: 0.010043
RR: 0.009778
DD: 0.001249
DR: 0.009824
RR: 0.009651
DD: 0.001282
DR: 0.009951
RR: 0.009788999999999999
DD: 0.001241
DR: 0.009968
RR: 0.009701
DD: 0.001258
DR: 0.009961
RR: 0.009752
DD: 0.001235
DR: 0.009999
RR: 0.009727
DD: 0.001258
DR: 0.01
RR: 0.009767999999999999
DD: 0.001249
DR: 0.010059
RR: 0.009902
DD: 0.0012469999999999998
DR: 0.010128999999999999
RR: 0.009896
DD: 0.00125
DR: 0.010199
RR: 0.010112999999999999
DD: 0.001264
DR: 0.01022
RR: 0.010034999999999999
DD: 0.0012439999999999999
DR: 0.010180999999999999
RR: 0.009991
DD: 0.001268
DR: 0.010236
RR: 0.010052
DD: 0.001261
DR: 0.010162
RR: 0.010059
DD: 0.001263
DR: 0.010239999999999999
RR: 0.010064
DD: 0.00125
DR: 0.012157999999999999
RR: 0.01108
DD: 0.001298
DR: 0.010237999999999999
RR: 0.01006
DD: 0.001259
DR: 0.010156
RR: 0.009962
DD: 0.0012469999999999998
DR: 0.010027
RR: 0.009849
DD: 0.001245
DR: 0.009911
RR: 0.009835
DD: 0.001237
DR: 0.009937999999999999
RR: 0.00967
DD: 0.0012209999999999999
DR: 0.009954
RR: 0.009708999999999999
DD: 0.001232
DR: 0.009937
RR: 0.009748999999999999
DD: 0.0012389999999999999
DR: 0.009935
RR: 0.009667
DD: 0.0012259999999999999
DR: 0.009888
RR: 0.009731
DD: 0.0012389999999999999
DR: 0.009953
RR: 0.009668
DD: 0.001225
DR: 0.01
RR: 0.009738
DD: 0.00123
DR: 0.009958
RR: 0.009766
DD: 0.001248
DR: 0.009904
RR: 0.009722
DD: 0.001236
DR: 0.009956
RR: 0.009894
DD: 0.0012649999999999998
DR: 0.009954
RR: 0.009793
DD: 0.001269
DR: 0.010117
RR: 0.009854
DD: 0.001233
DR: 0.016446
RR: 0.010919
DD: 0.001242
DR: 0.010327
RR: 0.010126999999999999
DD: 0.001253
DR: 0.010395
RR: 0.010270999999999999
DD: 0.001255
DR: 0.010291999999999999
RR: 0.010133999999999999
DD: 0.001248
DR: 0.01026
RR: 0.010243
DD: 0.001248
DR: 0.010237999999999999
RR: 0.010251999999999999
DD: 0.001241
DR: 0.010343
RR: 0.01026
DD: 0.001254
DR: 0.010340000000000016
RR: 0.010261
DD: 0.0012309999999999999
DR: 0.010270999999999999
RR: 0.010211999999999999
DD: 0.001267
DR: 0.010435999999999999
RR: 0.010277
DD: 0.0012389999999999999
DR: 0.010206
RR: 0.009098
DD: 0.00125
DR: 0.011066
RR: 0.011160999999999999
DD: 0.001271
DR: 0.010298999999999999
RR: 0.010156
DD: 0.0012469999999999998
DR: 0.010102
RR: 0.010053999999999999
DD: 0.001287
DR: 0.010306
RR: 0.010135
DD: 0.001815
DR: 0.010987
RR: 0.009706
DD: 0.001186
DR: 0.009614
RR: 0.009590999999999999
/oak/stanford/orgs/kipac/users/mahlet/quaia_bias/scripts/jackknife.py:218: RuntimeWarning: Mean of empty slice
  cf_mean = np.nanmean(cf_jackknife, axis = 0)  # is it ok to ignore nan values?
saved to _G20.5_rmin0.001_rmax10.0_nbins20_zmin0.0zmax1.0_Lmax-27.0_N50_Planck_MC_b40
Pixels masked by MC but not already by selfunc: 1944
G20.5_zmin1.0zmax2.0_Lmax-20.0: 0.48              336889 vs 648196
/home/groups/tabel/mahlet/quaia-env/lib/python3.10/site-packages/Corrfunc/utils.py:918: UserWarning: One or more input array has non-native endianness!  A copy will be made with the correct endianness.
  warnings.warn("One or more input array has non-native endianness!  A copy will"\
DD: 0.19926
DR: 10.423396
RR: 99.118063
DD: 0.202042
DR: 9.909626
RR: 96.04311
DD: 0.195232
DR: 9.508885
RR: 99.226102
DD: 0.204556
DR: 10.345918
RR: 100.224836
DD: 0.214059
DR: 10.262471
RR: 100.678209
DD: 0.21773600000000004
DR: 10.38506
RR: 100.010701
DD: 0.202324
DR: 10.559261
RR: 106.797485
DD: 0.22756500000000002
DR: 11.249611
RR: 108.608581
DD: 0.232476
DR: 11.333589
RR: 109.013619
DD: 0.23033599999999999
DR: 10.839726
RR: 110.982854
DD: 0.24787800000000004
DR: 11.547787
RR: 112.927373
DD: 0.229092
DR: 11.204984
RR: 112.810612
DD: 0.227931
DR: 11.175389
RR: 110.507257
DD: 0.22436199999999998
DR: 10.847047
RR: 112.482302
DD: 0.209733
DR: 10.455802
RR: 107.755488
DD: 0.22894599999999998
DR: 10.667441
RR: 113.540601
DD: 0.22847199999999998
DR: 11.069479
RR: 110.540599
DD: 0.21970299999999998
DR: 11.148394
RR: 110.25228
DD: 0.222998
DR: 10.868236
RR: 109.355053
DD: 0.20879499999999998
DR: 10.35681
RR: 109.666901
DD: 0.22886199999999998
DR: 11.501563
RR: 100.931474
DD: 0.20008500000000007
DR: 9.891739
RR: 98.003352
DD: 0.201009
DR: 10.105732
RR: 95.111074
DD: 0.22188999999999998
DR: 9.795233
RR: 97.226181
DD: 0.19782999999999998
DR: 9.943053
RR: 113.243199
DD: 0.278005
DR: 11.412977
RR: 98.329706
DD: 0.212853
DR: 10.001911
RR: 97.117444
DD: 0.238479
DR: 9.909345
RR: 101.785637
DD: 0.209287
DR: 10.404681
RR: 145.288297
DD: 0.315149
DR: 14.954152
RR: 112.568137
DD: 0.20396599999999998
DR: 9.726455
RR: 99.401334
DD: 0.20963299999999999
DR: 10.379856
RR: 103.086607
DD: 0.20923500000000006
DR: 10.294903
RR: 100.708354
DD: 0.211917
DR: 10.364679
RR: 101.799842
DD: 0.213354
DR: 10.64995
RR: 106.670688
DD: 0.223992
DR: 10.875207
RR: 107.478673
DD: 0.220517
DR: 10.747186
RR: 107.479654
DD: 0.207857
DR: 10.225199
RR: 106.130206
DD: 0.212007
DR: 10.602439
RR: 108.138308
DD: 0.2276
DR: 10.364978
RR: 105.917278
DD: 0.20825800000000005
DR: 10.387612
RR: 105.181013
DD: 0.21945400000000004
DR: 10.725367
RR: 108.683004
DD: 0.21842199999999998
DR: 10.974201
RR: 106.942789
DD: 0.2379340000000001
DR: 10.885407
RR: 104.390512
DD: 0.204781
DR: 10.573578
RR: 105.375445
DD: 0.22401000000000004
DR: 10.513055
RR: 97.779124
DD: 0.223432
DR: 11.154522
RR: 121.873399
DD: 0.262924
DR: 12.480062
RR: 122.920146
DD: 0.239344
DR: 11.831702
RR: 112.172157
DD: 0.23482899999999998
DR: 11.518268
RR: 111.207282
saved to _G20.5_rmin0.001_rmax10.0_nbins20_zmin1.0zmax2.0_Lmax-20.0_N50_Planck_MC_b40
Pixels masked by MC but not already by selfunc: 1495
G20.5_zmin1.0zmax2.0_Lmax-25.0: 0.51              244821 vs 502242
/home/groups/tabel/mahlet/quaia-env/lib/python3.10/site-packages/Corrfunc/utils.py:918: UserWarning: One or more input array has non-native endianness!  A copy will be made with the correct endianness.
  warnings.warn("One or more input array has non-native endianness!  A copy will"\
DD: 0.144564
DR: 6.637421
RR: 59.763821
DD: 0.14904699999999999
DR: 6.3863330000000005
RR: 57.93338
DD: 0.141266
DR: 6.43786
RR: 57.710556
DD: 0.140877
DR: 6.337897
RR: 57.475078
DD: 0.142458
DR: 6.392288
RR: 57.469045
DD: 0.143406
DR: 6.374682
RR: 58.067885
DD: 0.14174399999999998
DR: 6.398287
RR: 61.674943999999996
DD: 0.154853
DR: 7.059349
RR: 63.175175
DD: 0.15223499999999998
DR: 6.564184
RR: 65.047958
DD: 0.166663
DR: 7.443348
RR: 69.657292
DD: 0.166272
DR: 7.173348
RR: 62.342156
DD: 0.153774
DR: 6.989313
RR: 67.069927
DD: 0.165176
DR: 7.444981
RR: 64.911519
DD: 0.163135
DR: 7.474897
RR: 67.008885
DD: 0.143365
DR: 6.588243
RR: 65.217952
DD: 0.166233
DR: 7.102772
RR: 67.005658
DD: 0.153829
DR: 6.985227
RR: 64.217793
DD: 0.153254
DR: 6.895643
RR: 65.485019
DD: 0.15476499999999999
DR: 7.387193
RR: 66.094417
DD: 0.148699
DR: 6.824373
RR: 62.728644
DD: 0.148445
DR: 7.152938
RR: 61.42272
DD: 0.147427
DR: 6.527035
RR: 62.544774
DD: 0.14478200000000008
DR: 6.337481
RR: 60.401806
DD: 0.156802
DR: 6.70639
RR: 60.342244
DD: 0.153699
DR: 6.386022
RR: 59.610264
DD: 0.144817
DR: 6.662476
RR: 59.392117
DD: 0.15390199999999998
DR: 6.672723
RR: 59.236225
DD: 0.152674
DR: 6.746038
RR: 59.170926
DD: 0.142874
DR: 6.38303
RR: 59.313647
DD: 0.137068
DR: 6.55503
RR: 59.571127
DD: 0.15531499999999998
DR: 6.403537
RR: 59.72688
DD: 0.137766
DR: 6.5280819999999995
RR: 59.217495
DD: 0.147096
DR: 6.793877
RR: 60.094305
DD: 0.15431899999999998
DR: 6.553352
RR: 62.109019
DD: 0.152815
DR: 6.785236
RR: 63.07283
DD: 0.145053
DR: 7.034569
RR: 64.153469
DD: 0.15151199999999998
DR: 7.097558
RR: 64.600784
DD: 0.162182
DR: 6.948687
RR: 64.396599
DD: 0.152925
DR: 6.959996
RR: 63.948617
DD: 0.162371
DR: 6.948071
RR: 63.1852
DD: 0.149687
DR: 6.932596
RR: 63.070187
DD: 0.15507800000000005
DR: 6.840248
RR: 62.857879
DD: 0.15592800000000007
DR: 6.94105
RR: 62.823983
DD: 0.14668599999999998
DR: 6.867514
RR: 62.574782
DD: 0.148945
DR: 6.618386
RR: 60.437042
DD: 0.149244
DR: 6.503875
RR: 59.484879
DD: 0.14733
DR: 6.439214
RR: 58.481993
DD: 0.14177399999999998
DR: 6.293305
RR: 57.523832
DD: 0.141863
DR: 6.344306
RR: 57.375508
DD: 0.139355
DR: 6.251619
RR: 57.372141
saved to _G20.5_rmin0.001_rmax10.0_nbins20_zmin1.0zmax2.0_Lmax-25.0_N50_Planck_MC_b40
Pixels masked by MC but not already by selfunc: 530
G20.5_zmin1.0zmax2.0_Lmax-26.0: 0.58              77653 vs 185134
/home/groups/tabel/mahlet/quaia-env/lib/python3.10/site-packages/Corrfunc/utils.py:918: UserWarning: One or more input array has non-native endianness!  A copy will be made with the correct endianness.
  warnings.warn("One or more input array has non-native endianness!  A copy will"\
DD: 0.02966
DR: 0.985797
RR: 5.302654
DD: 0.029633999999999997
DR: 0.947454
RR: 5.344496
DD: 0.03250200000000003
DR: 1.027495
RR: 5.310722
DD: 0.031778
DR: 1.011363
RR: 5.264175
DD: 0.031236
DR: 1.008967
RR: 5.301337
DD: 0.030601
DR: 1.003148
RR: 5.313552
DD: 0.031160999999999998
DR: 1.014032
RR: 5.341186
DD: 0.030716
DR: 1.007913
RR: 5.374724
DD: 0.029755
DR: 1.011086
RR: 5.465911
DD: 0.03076
DR: 1.035144
RR: 5.562068
DD: 0.030461
DR: 1.03443
RR: 5.644624
DD: 0.030395
DR: 1.028751
RR: 5.629095
DD: 0.031841
DR: 1.03451
RR: 5.614996
DD: 0.030541
DR: 1.032532
RR: 5.61068
DD: 0.030381
DR: 1.038203
RR: 5.616364
DD: 0.029998999999999998
DR: 1.021947
RR: 5.577397
DD: 0.031530999999999997
DR: 1.03314
RR: 5.531388
DD: 0.03228600000000004
DR: 1.026021
RR: 5.542973
DD: 0.030105
DR: 1.037015
RR: 5.480359
DD: 0.029744
DR: 1.00528
RR: 5.388988
DD: 0.030201
DR: 0.983143
RR: 5.316958
DD: 0.028761
DR: 0.980243
RR: 5.215088
DD: 0.030087
DR: 0.983654
RR: 5.196198
DD: 0.029900999999999997
DR: 0.971205
RR: 5.13963
DD: 0.029657
DR: 0.962767
RR: 5.124309
DD: 0.028125999999999998
DR: 0.958306
RR: 5.082441
DD: 0.028141
DR: 0.957248
RR: 5.112358
DD: 0.028537
DR: 0.959429
RR: 5.081572
DD: 0.028128999999999998
DR: 0.947434
RR: 5.063209
DD: 0.029783999999999998
DR: 0.962788
RR: 5.092145
DD: 0.029020999999999998
DR: 0.966636
RR: 5.130096
DD: 0.030195
DR: 0.962256
RR: 5.147023
DD: 0.029663
DR: 0.97886
RR: 5.182445
DD: 0.030174
DR: 0.981351
RR: 5.274803
DD: 0.030742
DR: 1.001298
RR: 5.408187
DD: 0.031212999999999998
DR: 1.006727
RR: 5.449023
DD: 0.031045
DR: 1.003172
RR: 5.452995
DD: 0.030375
DR: 1.000462
RR: 5.443907
DD: 0.029504
DR: 1.008631
RR: 5.408549
DD: 0.028813
DR: 1.005522
RR: 5.47028
DD: 0.029573
DR: 1.012006
RR: 5.446575
DD: 0.031013
DR: 1.002478
RR: 5.360347
DD: 0.029099999999999997
DR: 0.992955
RR: 5.3694749999999996
DD: 0.029026999999999997
DR: 0.983016
RR: 5.348105
DD: 0.028453
DR: 0.982312
RR: 5.277484
DD: 0.028342
DR: 0.970404
RR: 5.184174
DD: 0.029197999999999998
DR: 0.959883
RR: 5.117756
DD: 0.028186
DR: 0.952098
RR: 5.124087
DD: 0.028121999999999998
DR: 0.941514
RR: 5.077221
DD: 0.027812
DR: 0.952179
RR: 5.117925
saved to _G20.5_rmin0.001_rmax10.0_nbins20_zmin1.0zmax2.0_Lmax-26.0_N50_Planck_MC_b40
Pixels masked by MC but not already by selfunc: 97
G20.5_zmin1.0zmax2.0_Lmax-27.0: 0.63              14149 vs 38757
/home/groups/tabel/mahlet/quaia-env/lib/python3.10/site-packages/Corrfunc/utils.py:918: UserWarning: One or more input array has non-native endianness!  A copy will be made with the correct endianness.
  warnings.warn("One or more input array has non-native endianness!  A copy will"\
DD: 0.006627
DR: 0.106595
RR: 0.2768360000000001
DD: 0.006221
DR: 0.10581299999999999
RR: 0.275544
DD: 0.006157
DR: 0.10582900000000006
RR: 0.27463
DD: 0.006219
DR: 0.105956
RR: 0.27339500000000005
DD: 0.0064719999999999995
DR: 0.10703499999999999
RR: 0.276562
DD: 0.0061849999999999995
DR: 0.107166
RR: 0.27681
DD: 0.0062439999999999996
DR: 0.107267
RR: 0.27808299999999997
DD: 0.0062959999999999995
DR: 0.107288
RR: 0.282302
DD: 0.006259
DR: 0.108483
RR: 0.286324
DD: 0.0063
DR: 0.10978099999999999
RR: 0.28985099999999997
DD: 0.006318
DR: 0.11053500000000005
RR: 0.293519
DD: 0.006397
DR: 0.11069899999999999
RR: 0.291393
DD: 0.006274999999999999
DR: 0.110064
RR: 0.292113
DD: 0.006359999999999999
DR: 0.11056600000000005
RR: 0.292606
DD: 0.00637
DR: 0.11016999999999999
RR: 0.29295000000000004
DD: 0.006324
DR: 0.11051899999999999
RR: 0.293716
DD: 0.0063679999999999995
DR: 0.111137
RR: 0.293777
DD: 0.006447
DR: 0.11071299999999999
RR: 0.2935730000000001
DD: 0.006242999999999999
DR: 0.11068299999999999
RR: 0.29133899999999996
DD: 0.006149
DR: 0.108196
RR: 0.285931
DD: 0.006284
DR: 0.106414
RR: 0.280893
DD: 0.006214
DR: 0.107067
RR: 0.278318
DD: 0.006137
DR: 0.106365
RR: 0.276463
DD: 0.00622
DR: 0.106058
RR: 0.275156
DD: 0.006174
DR: 0.10586400000000007
RR: 0.274966
DD: 0.006122
DR: 0.105581
RR: 0.27537100000000003
DD: 0.006137999999999999
DR: 0.105391
RR: 0.27314499999999997
DD: 0.006182
DR: 0.105128
RR: 0.277126
DD: 0.0061459999999999996
DR: 0.107781
RR: 0.27765
DD: 0.006174
DR: 0.10677199999999999
RR: 0.277043
DD: 0.0062829999999999995
DR: 0.106607
RR: 0.277363
DD: 0.006144
DR: 0.10735299999999999
RR: 0.278343
DD: 0.006314999999999999
DR: 0.10690100000000002
RR: 0.279914
DD: 0.006149
DR: 0.10684199999999999
RR: 0.28300900000000007
DD: 0.00618
DR: 0.10862999999999999
RR: 0.287841
DD: 0.006339
DR: 0.11019
RR: 0.29187599999999997
DD: 0.0062759999999999995
DR: 0.110855
RR: 0.291053
DD: 0.00624
DR: 0.110665
RR: 0.29222
DD: 0.006324
DR: 0.110527
RR: 0.2913
DD: 0.006241
DR: 0.110744
RR: 0.292589
DD: 0.006336
DR: 0.112067
RR: 0.294635
DD: 0.006404
DR: 0.11108399999999999
RR: 0.295818
DD: 0.0063289999999999996
DR: 0.110888
RR: 0.29584299999999997
DD: 0.0062829999999999995
DR: 0.11068
RR: 0.29201699999999997
DD: 0.006272
DR: 0.10933599999999999
RR: 0.2862990000000001
DD: 0.006156
DR: 0.10840999999999999
RR: 0.28242
DD: 0.006193
DR: 0.1079
RR: 0.280223
DD: 0.006162
DR: 0.106808
RR: 0.277466
DD: 0.006227
DR: 0.10581299999999999
RR: 0.275008
DD: 0.006077
DR: 0.10456
RR: 0.271301
saved to _G20.5_rmin0.001_rmax10.0_nbins20_zmin1.0zmax2.0_Lmax-27.0_N50_Planck_MC_b40
Pixels masked by MC but not already by selfunc: 908
G20.5_zmin2.0zmax3.0_Lmax-20.0: 0.45              156946 vs 286508
/home/groups/tabel/mahlet/quaia-env/lib/python3.10/site-packages/Corrfunc/utils.py:918: UserWarning: One or more input array has non-native endianness!  A copy will be made with the correct endianness.
  warnings.warn("One or more input array has non-native endianness!  A copy will"\
DD: 0.071672
DR: 2.859595
RR: 21.545137
DD: 0.071549
DR: 2.850228
RR: 22.05378
DD: 0.072699
DR: 2.941219
RR: 22.081317
DD: 0.077138
DR: 2.952657
RR: 22.078298
DD: 0.07289799999999999
DR: 2.958445
RR: 22.1353
DD: 0.07764399999999999
DR: 2.98407
RR: 22.411727
DD: 0.07719999999999999
DR: 2.971399
RR: 22.378508
DD: 0.072653
DR: 2.972912
RR: 22.578885
DD: 0.07851799999999999
DR: 3.049392
RR: 23.048921
DD: 0.075484
DR: 3.0615
RR: 23.410996
DD: 0.078923
DR: 3.102537
RR: 23.668774
DD: 0.078137
DR: 3.143678
RR: 23.746126
DD: 0.07813200000000009
DR: 3.122399
RR: 23.766599
DD: 0.078174
DR: 3.1082549999999998
RR: 23.816587
DD: 0.080292
DR: 3.129796
RR: 23.81613
DD: 0.079146
DR: 3.101772
RR: 23.814071
DD: 0.077226
DR: 3.125682
RR: 23.861769
DD: 0.078706
DR: 3.093186
RR: 23.644431
DD: 0.077417
DR: 3.106603
RR: 24.278306
DD: 0.081359
DR: 3.016069
RR: 23.115598
DD: 0.074726
DR: 2.968649
RR: 22.443362
DD: 0.073129
DR: 2.886618
RR: 21.988371
DD: 0.0711
DR: 2.840143
RR: 21.736404
DD: 0.07251099999999999
DR: 2.8526309999999997
RR: 21.620828
DD: 0.07195
DR: 2.848154
RR: 21.564589
DD: 0.071436
DR: 2.850111
RR: 21.480957
DD: 0.072292
DR: 2.847755
RR: 21.40099
DD: 0.07198299999999999
DR: 2.817145
RR: 21.398469
DD: 0.07230099999999999
DR: 2.841531
RR: 21.423581
DD: 0.072724
DR: 2.894128
RR: 21.634985
DD: 0.073963
DR: 2.908421
RR: 21.890398
DD: 0.07488299999999999
DR: 2.953724
RR: 23.425883
DD: 0.079551
DR: 2.993033
RR: 23.035471
DD: 0.07431100000000002
DR: 3.001489
RR: 23.055429
DD: 0.07520199999999999
DR: 3.078341
RR: 23.494381
DD: 0.080164
DR: 3.087061
RR: 23.929342
DD: 0.08286
DR: 3.113105
RR: 23.86472
DD: 0.077511
DR: 3.191231
RR: 24.052078
DD: 0.077097
DR: 3.119084
RR: 23.91737
DD: 0.076484
DR: 3.088783
RR: 24.061927
DD: 0.083309
DR: 3.33074
RR: 25.402522
DD: 0.076032
DR: 3.164091
RR: 24.292989
DD: 0.077653
DR: 3.134564
RR: 24.02665
DD: 0.08041799999999999
DR: 3.108364
RR: 23.723734
DD: 0.07538299999999999
DR: 3.054833
RR: 23.348615
DD: 0.076248
DR: 3.018441
RR: 23.085986
DD: 0.073031
DR: 2.9159
RR: 22.498264
DD: 0.07550699999999999
DR: 2.930447
RR: 22.150391
DD: 0.074223
DR: 2.90613
RR: 22.01279
DD: 0.074359
DR: 2.895722
RR: 21.971275
saved to _G20.5_rmin0.001_rmax10.0_nbins20_zmin2.0zmax3.0_Lmax-20.0_N50_Planck_MC_b40
Pixels masked by MC but not already by selfunc: 908
G20.5_zmin2.0zmax3.0_Lmax-25.0: 0.45              156946 vs 286508
/home/groups/tabel/mahlet/quaia-env/lib/python3.10/site-packages/Corrfunc/utils.py:918: UserWarning: One or more input array has non-native endianness!  A copy will be made with the correct endianness.
  warnings.warn("One or more input array has non-native endianness!  A copy will"\
DD: 0.075254
DR: 2.9626770000000002
RR: 21.938092
DD: 0.07348099999999999
DR: 2.877215
RR: 21.867243
DD: 0.073208
DR: 2.874932
RR: 21.80664
DD: 0.073469
DR: 2.932613
RR: 21.73193
DD: 0.07379
DR: 2.864225
RR: 21.961639
DD: 0.073672
DR: 2.890825
RR: 20.273453
DD: 0.063473
DR: 2.511981
RR: 19.345983
DD: 0.067035
DR: 2.625009
RR: 19.671116
DD: 0.066343
DR: 2.6142339999999997
RR: 19.777878
DD: 0.066595
DR: 2.657337
RR: 22.243926
DD: 0.08146199999999999
DR: 3.264187
RR: 24.347301
DD: 0.07600799999999999
DR: 3.068371
RR: 23.705149
DD: 0.077787
DR: 3.052503
RR: 23.551765
DD: 0.07507699999999999
DR: 2.996819
RR: 23.411248
DD: 0.07607
DR: 3.055558
RR: 23.349905
DD: 0.07642399999999999
DR: 3.016159
RR: 23.316676
DD: 0.07661899999999999
DR: 3.023663
RR: 23.280469
DD: 0.076013
DR: 3.026314
RR: 23.31348
DD: 0.079617
DR: 2.998599
RR: 23.178219
DD: 0.086349
DR: 3.321454
RR: 22.968272
DD: 0.075177
DR: 2.991643
RR: 22.373877
DD: 0.072082
DR: 2.890936
RR: 22.01544
DD: 0.07237199999999999
DR: 2.848892
RR: 21.775756
DD: 0.071587
DR: 2.818064
RR: 21.464559
DD: 0.070871
DR: 2.823506
RR: 21.572922
DD: 0.071592
DR: 2.829387
RR: 21.356783
DD: 0.07120599999999999
DR: 2.812779
RR: 21.261882
DD: 0.070434
DR: 2.802648
RR: 21.232792
DD: 0.069421
DR: 2.764608
RR: 21.102364
DD: 0.069686
DR: 2.800058
RR: 21.457202
DD: 0.070024
DR: 2.829402
RR: 21.540808
DD: 0.068561
DR: 2.855815
RR: 21.809403
DD: 0.07324699999999999
DR: 2.863287
RR: 21.954994
DD: 0.069893
DR: 2.883491
RR: 22.267424
DD: 0.07338
DR: 2.952146
RR: 22.62971
DD: 0.074427
DR: 2.993151
RR: 23.13086
DD: 0.07311
DR: 3.018355
RR: 23.145322
DD: 0.07545099999999999
DR: 2.989535
RR: 23.106557
DD: 0.074936
DR: 2.987433
RR: 23.254536
DD: 0.075722
DR: 2.582353
RR: 19.433192
DD: 0.06597499999999999
DR: 2.582614
RR: 19.42552
DD: 0.06496299999999999
DR: 2.570802
RR: 19.447246
DD: 0.06597
DR: 2.571687
RR: 19.62226
DD: 0.065763
DR: 2.577743
RR: 19.623656
DD: 0.064871
DR: 2.544042
RR: 19.314177
DD: 0.06365600000000005
DR: 2.510176
RR: 18.941285
DD: 0.063053
DR: 2.47461
RR: 18.709703
DD: 0.062683
DR: 2.4679029999999997
RR: 18.494088
DD: 0.062389999999999994
DR: 2.449413
RR: 18.348474
DD: 0.0626
DR: 2.445853
RR: 18.395269
saved to _G20.5_rmin0.001_rmax10.0_nbins20_zmin2.0zmax3.0_Lmax-25.0_N50_Planck_MC_b40
Pixels masked by MC but not already by selfunc: 812
G20.5_zmin2.0zmax3.0_Lmax-26.0: 0.47              137441 vs 259755
/home/groups/tabel/mahlet/quaia-env/lib/python3.10/site-packages/Corrfunc/utils.py:918: UserWarning: One or more input array has non-native endianness!  A copy will be made with the correct endianness.
  warnings.warn("One or more input array has non-native endianness!  A copy will"\
DD: 0.051219
DR: 1.966867
RR: 13.564149
DD: 0.052323999999999996
DR: 1.939864
RR: 13.547543
DD: 0.051453
DR: 1.945795
RR: 13.627383
DD: 0.052341
DR: 1.945718
RR: 13.682144
DD: 0.051681
DR: 1.948651
RR: 13.712042
DD: 0.052432
DR: 1.955995
RR: 13.767747
DD: 0.052147000000000054
DR: 1.967698
RR: 13.882412
DD: 0.051959
DR: 1.982184
RR: 13.982324
DD: 0.054292
DR: 2.00352
RR: 14.255813
DD: 0.053364999999999996
DR: 2.039636
RR: 14.478552
DD: 0.053426999999999995
DR: 2.070594
RR: 14.696718
DD: 0.054466
DR: 2.064273
RR: 14.671981
DD: 0.054944
DR: 2.069595
RR: 14.64925
DD: 0.053687
DR: 2.088318
RR: 14.679229
DD: 0.05465
DR: 2.060253
RR: 14.61637
DD: 0.054797
DR: 2.061621
RR: 14.660327
DD: 0.054980999999999995
DR: 2.067549
RR: 14.703105
DD: 0.054959
DR: 2.066064
RR: 14.741004
DD: 0.05339
DR: 2.041965
RR: 14.577714
DD: 0.05372
DR: 2.029424
RR: 14.397926
DD: 0.054263
DR: 2.066311
RR: 14.630444
DD: 0.053471
DR: 2.108479
RR: 14.48188
DD: 0.052494
DR: 2.063113
RR: 14.42743
DD: 0.054574
DR: 2.014156
RR: 14.335554
DD: 0.051631000000000093
DR: 2.057203
RR: 14.438689
DD: 0.054481999999999996
DR: 2.079713
RR: 14.308437
DD: 0.052973
DR: 2.023012
RR: 14.288455
DD: 0.053862
DR: 2.08146
RR: 14.312389
DD: 0.053939
DR: 2.033717
RR: 14.066551
DD: 0.052451
DR: 2.0458
RR: 14.397636
DD: 0.055528999999999995
DR: 2.00662
RR: 14.238684
DD: 0.053058999999999995
DR: 2.015279
RR: 13.965844
DD: 0.053054
DR: 2.012908
RR: 14.25681
DD: 0.0534110000000001
DR: 2.054405
RR: 14.33554
DD: 0.055562999999999994
DR: 2.082579
RR: 14.751398
DD: 0.055091999999999995
DR: 2.09869
RR: 14.888417
DD: 0.054916
DR: 2.116874
RR: 15.021923
DD: 0.055451
DR: 2.104994
RR: 14.916077
DD: 0.054895
DR: 2.116746
RR: 14.984164
DD: 0.054673
DR: 2.112777
RR: 15.142729
DD: 0.055375999999999995
DR: 2.111915
RR: 15.067257
DD: 0.055487999999999996
DR: 2.09925
RR: 15.070986
DD: 0.055262
DR: 2.119982
RR: 15.086227
DD: 0.055395
DR: 2.122166
RR: 15.012805
DD: 0.054064999999999995
DR: 2.065386
RR: 14.771217
DD: 0.053848
DR: 2.064483
RR: 14.506081
DD: 0.053599
DR: 2.010809
RR: 14.320684
DD: 0.053395
DR: 2.029533
RR: 14.216815
DD: 0.052252
DR: 1.991933
RR: 14.138337
DD: 0.053085999999999994
DR: 1.993766
RR: 14.136336
saved to _G20.5_rmin0.001_rmax10.0_nbins20_zmin2.0zmax3.0_Lmax-26.0_N50_Planck_MC_b40
Pixels masked by MC but not already by selfunc: 281
G20.5_zmin2.0zmax3.0_Lmax-27.0: 0.55              46064 vs 103123
/home/groups/tabel/mahlet/quaia-env/lib/python3.10/site-packages/Corrfunc/utils.py:918: UserWarning: One or more input array has non-native endianness!  A copy will be made with the correct endianness.
  warnings.warn("One or more input array has non-native endianness!  A copy will"\
DD: 0.015078
DR: 0.380805
RR: 1.598332
DD: 0.014888
DR: 0.38654099999999997
RR: 1.582322
DD: 0.015092
DR: 0.382826
RR: 1.589412
DD: 0.014922
DR: 0.38059899999999997
RR: 1.573389
DD: 0.014369999999999999
DR: 0.381232
RR: 1.590401
DD: 0.014841
DR: 0.385266
RR: 1.5985589999999998
DD: 0.014633
DR: 0.384391
RR: 1.583618
DD: 0.014823999999999999
DR: 0.389296
RR: 1.62119
DD: 0.014983999999999999
DR: 0.394105
RR: 1.6427990000000001
DD: 0.015042
DR: 0.398034
RR: 1.648834
DD: 0.015132999999999999
DR: 0.40134100000000006
RR: 1.693816
DD: 0.015479999999999999
DR: 0.407398
RR: 1.6928670000000001
DD: 0.015341000000000049
DR: 0.397837
RR: 1.7185679999999999
DD: 0.015241
DR: 0.397821
RR: 1.696261
DD: 0.015165999999999999
DR: 0.40402899999999997
RR: 1.686588
DD: 0.015175
DR: 0.3979710000000001
RR: 1.67813
DD: 0.01494
DR: 0.406937
RR: 1.6919689999999998
DD: 0.015522999999999999
DR: 0.398354
RR: 1.69123
DD: 0.014797999999999999
DR: 0.402451
RR: 1.673505
DD: 0.015217
DR: 0.390896
RR: 1.654397
DD: 0.01498200000000005
DR: 0.39808499999999997
RR: 1.6199059999999998
DD: 0.014948
DR: 0.38013300000000005
RR: 1.603717
DD: 0.016514
DR: 0.38988100000000003
RR: 1.591717
DD: 0.01508
DR: 0.389941
RR: 1.6003150000000002
DD: 0.0149
DR: 0.381795
RR: 1.58634
DD: 0.016443
DR: 0.381582
RR: 1.584498
DD: 0.016295999999999998
DR: 0.397571
RR: 1.581034
DD: 0.015089
DR: 0.37874300000000005
RR: 1.57584
DD: 0.016329
DR: 0.39000399999999996
RR: 1.575404
DD: 0.016666
DR: 0.38563800000000004
RR: 1.592303
DD: 0.016051
DR: 0.386214
RR: 1.5748989999999998
DD: 0.015165
DR: 0.392017
RR: 1.604487
DD: 0.016714
DR: 0.39061500000000005
RR: 1.632635
DD: 0.016611
DR: 0.395068
RR: 1.629658
DD: 0.016583999999999998
DR: 0.403618
RR: 1.669526
DD: 0.017311999999999998
DR: 0.405378
RR: 1.706261
DD: 0.016728
DR: 0.40686900000000004
RR: 1.703327
DD: 0.017377
DR: 0.40237799999999996
RR: 1.705687
DD: 0.016874
DR: 0.410643
RR: 1.709734
DD: 0.016913
DR: 0.40896099999999996
RR: 1.6955010000000001
DD: 0.016793
DR: 0.4129050000000001
RR: 1.708147
DD: 0.016876
DR: 0.408729
RR: 1.706939
DD: 0.016537
DR: 0.403114
RR: 1.6956820000000001
DD: 0.015508999999999998
DR: 0.396924
RR: 1.699376
DD: 0.016819999999999998
DR: 0.398037
RR: 1.663293
DD: 0.017077
DR: 0.38975400000000004
RR: 1.636422
DD: 0.016479
DR: 0.393463
RR: 1.624015
DD: 0.016482
DR: 0.38844799999999996
RR: 1.59602
DD: 0.016111
DR: 0.39625
RR: 1.599294
DD: 0.014613999999999999
DR: 0.386998
RR: 1.604509
saved to _G20.5_rmin0.001_rmax10.0_nbins20_zmin2.0zmax3.0_Lmax-27.0_N50_Planck_MC_b40
Pixels masked by MC but not already by selfunc: 123
G20.5_zmin3.0zmax4.6_Lmax-20.0: 0.41              21375 vs 36458
/home/groups/tabel/mahlet/quaia-env/lib/python3.10/site-packages/Corrfunc/utils.py:918: UserWarning: One or more input array has non-native endianness!  A copy will be made with the correct endianness.
  warnings.warn("One or more input array has non-native endianness!  A copy will"\
DD: 0.008319
DR: 0.127191
RR: 0.313373
DD: 0.007604
DR: 0.12203700000000006
RR: 0.323019
DD: 0.007873
DR: 0.12207799999999999
RR: 0.309342
DD: 0.0075769999999999995
DR: 0.122473
RR: 0.317465
DD: 0.00968
DR: 0.123654
RR: 0.317865
DD: 0.007647999999999999
DR: 0.12337999999999999
RR: 0.314345
DD: 0.007711
DR: 0.12271399999999999
RR: 0.3188190000000001
DD: 0.007657
DR: 0.123487
RR: 0.320563
DD: 0.009386
DR: 0.126302
RR: 0.320526
DD: 0.007697
DR: 0.125146
RR: 0.32178700000000005
DD: 0.0077789999999999995
DR: 0.12842699999999999
RR: 0.35424
DD: 0.010359
DR: 0.129299
RR: 0.329115
DD: 0.007899
DR: 0.129095
RR: 0.331025
DD: 0.007718999999999999
DR: 0.127246
RR: 0.34017200000000003
DD: 0.007763
DR: 0.12731199999999998
RR: 0.329796
DD: 0.007712999999999999
DR: 0.127328
RR: 0.33275099999999996
DD: 0.007764
DR: 0.127097
RR: 0.3286140000000001
DD: 0.007731999999999999
DR: 0.127516
RR: 0.33078599999999997
DD: 0.007711
DR: 0.125945
RR: 0.327154
DD: 0.00763
DR: 0.12461
RR: 0.32089599999999996
DD: 0.007634999999999999
DR: 0.12380999999999999
RR: 0.330677
DD: 0.007941
DR: 0.122691
RR: 0.31229999999999997
DD: 0.007600999999999999
DR: 0.1226790000000001
RR: 0.32242699999999996
DD: 0.007555999999999999
DR: 0.12139599999999999
RR: 0.31720000000000004
DD: 0.007858
DR: 0.123516
RR: 0.30841999999999997
DD: 0.007519
DR: 0.11990200000000006
RR: 0.31876
DD: 0.0075569999999999995
DR: 0.120529
RR: 0.30596900000000005
DD: 0.007515999999999999
DR: 0.121762
RR: 0.310172
DD: 0.007558
DR: 0.120858
RR: 0.30772
DD: 0.007529999999999999
DR: 0.121442
RR: 0.311539
DD: 0.007533
DR: 0.12179999999999999
RR: 0.313592
DD: 0.0076219999999999994
DR: 0.122906
RR: 0.319166
DD: 0.007573
DR: 0.122759
RR: 0.323695
DD: 0.007647999999999999
DR: 0.125977
RR: 0.3186070000000001
DD: 0.007679999999999999
DR: 0.125099
RR: 0.34026599999999996
DD: 0.007787
DR: 0.126595
RR: 0.329009
DD: 0.007817
DR: 0.127707
RR: 0.327885
DD: 0.007763
DR: 0.12631599999999998
RR: 0.336981
DD: 0.007748
DR: 0.127328
RR: 0.32667799999999997
DD: 0.007751999999999999
DR: 0.128032
RR: 0.328079
DD: 0.007754
DR: 0.12703799999999998
RR: 0.340317
DD: 0.007738999999999999
DR: 0.128127
RR: 0.335078
DD: 0.007724
DR: 0.12799500000000008
RR: 0.333327
DD: 0.007709
DR: 0.127763
RR: 0.33114
DD: 0.007604
DR: 0.12589999999999998
RR: 0.325281
DD: 0.007587999999999999
DR: 0.12299299999999999
RR: 0.322623
DD: 0.007571
DR: 0.12393599999999999
RR: 0.31423
DD: 0.007619
DR: 0.122253
RR: 0.320063
DD: 0.007572
DR: 0.12158
RR: 0.31243699999999996
DD: 0.007434
DR: 0.121914
RR: 0.312925
saved to _G20.5_rmin0.001_rmax10.0_nbins20_zmin3.0zmax4.6_Lmax-20.0_N50_Planck_MC_b40
Pixels masked by MC but not already by selfunc: 123
G20.5_zmin3.0zmax4.6_Lmax-25.0: 0.41              21375 vs 36458
/home/groups/tabel/mahlet/quaia-env/lib/python3.10/site-packages/Corrfunc/utils.py:918: UserWarning: One or more input array has non-native endianness!  A copy will be made with the correct endianness.
  warnings.warn("One or more input array has non-native endianness!  A copy will"\
DD: 0.008008
DR: 0.123218
RR: 0.31520899999999996
DD: 0.007548
DR: 0.121932
RR: 0.322743
DD: 0.009346
DR: 0.12184199999999999
RR: 0.308712
DD: 0.007554
DR: 0.12184300000000003
RR: 0.31047199999999997
DD: 0.009514
DR: 0.123307
RR: 0.318257
DD: 0.007601999999999999
DR: 0.122266
RR: 0.311116
DD: 0.009562
DR: 0.125244
RR: 0.318171
DD: 0.007594999999999999
DR: 0.123306
RR: 0.331808
DD: 0.010360999999999999
DR: 0.125416
RR: 0.319995
DD: 0.007789
DR: 0.127699
RR: 0.32736099999999996
DD: 0.009675
DR: 0.128634
RR: 0.343184
DD: 0.007845
DR: 0.12650799999999998
RR: 0.333225
DD: 0.010183
DR: 0.128687
RR: 0.327574
DD: 0.007851
DR: 0.126392
RR: 0.331713
DD: 0.009703999999999999
DR: 0.127931
RR: 0.33027300000000004
DD: 0.007845
DR: 0.12842199999999998
RR: 0.32993800000000006
DD: 0.007831
DR: 0.126709
RR: 0.337539
DD: 0.010303
DR: 0.12860700000000003
RR: 0.329329
DD: 0.007896
DR: 0.127251
RR: 0.32941700000000007
DD: 0.007716
DR: 0.124751
RR: 0.321466
DD: 0.0077009999999999995
DR: 0.123209
RR: 0.31655099999999997
DD: 0.00763
DR: 0.12246599999999999
RR: 0.312117
DD: 0.00758
DR: 0.121569
RR: 0.317973
DD: 0.007555
DR: 0.12067199999999999
RR: 0.313984
DD: 0.007549999999999999
DR: 0.12553899999999998
RR: 0.308096
DD: 0.007462
DR: 0.12081199999999999
RR: 0.320523
DD: 0.00752
DR: 0.12071399999999999
RR: 0.31471899999999997
DD: 0.007708
DR: 0.12264399999999999
RR: 0.30696999999999997
DD: 0.007585
DR: 0.12128499999999999
RR: 0.321894
DD: 0.007533
DR: 0.12013299999999999
RR: 0.316291
DD: 0.007585
DR: 0.12182000000000004
RR: 0.31155099999999997
DD: 0.007593
DR: 0.12171299999999999
RR: 0.31496500000000005
DD: 0.007698
DR: 0.123541
RR: 0.313476
DD: 0.0077139999999999995
DR: 0.12385000000000002
RR: 0.33188999999999996
DD: 0.007692999999999999
DR: 0.12528799999999998
RR: 0.333379
DD: 0.007869
DR: 0.127245
RR: 0.333049
DD: 0.007932999999999999
DR: 0.128511
RR: 0.330185
DD: 0.007745999999999999
DR: 0.126866
RR: 0.33266799999999996
DD: 0.007852999999999999
DR: 0.12695399999999998
RR: 0.330213
DD: 0.007789
DR: 0.12772999999999998
RR: 0.331227
DD: 0.007869
DR: 0.12665800000000005
RR: 0.331184
DD: 0.007787
DR: 0.12906499999999999
RR: 0.32745100000000005
DD: 0.007878999999999999
DR: 0.126859
RR: 0.340569
DD: 0.007803
DR: 0.126293
RR: 0.337897
DD: 0.00798
DR: 0.125888
RR: 0.322194
DD: 0.007659
DR: 0.12482399999999999
RR: 0.318481
DD: 0.00765
DR: 0.12301999999999999
RR: 0.31798899999999997
DD: 0.007627999999999999
DR: 0.12226900000000007
RR: 0.310785
DD: 0.007553
DR: 0.121372
RR: 0.317056
DD: 0.007486
DR: 0.120669
RR: 0.321636
saved to _G20.5_rmin0.001_rmax10.0_nbins20_zmin3.0zmax4.6_Lmax-25.0_N50_Planck_MC_b40
Pixels masked by MC but not already by selfunc: 123
G20.5_zmin3.0zmax4.6_Lmax-26.0: 0.41              21375 vs 36458
/home/groups/tabel/mahlet/quaia-env/lib/python3.10/site-packages/Corrfunc/utils.py:918: UserWarning: One or more input array has non-native endianness!  A copy will be made with the correct endianness.
  warnings.warn("One or more input array has non-native endianness!  A copy will"\
DD: 0.007711999999999999
DR: 0.121416
RR: 0.31818100000000005
DD: 0.007683
DR: 0.120932
RR: 0.318507
DD: 0.007878
DR: 0.12217800000000001
RR: 0.307598
DD: 0.007598
DR: 0.122557
RR: 0.310809
DD: 0.007653
DR: 0.12193699999999999
RR: 0.326462
DD: 0.007722
DR: 0.12247599999999999
RR: 0.316372
DD: 0.007876
DR: 0.12564899999999998
RR: 0.31233900000000003
DD: 0.007711
DR: 0.12536999999999998
RR: 0.327352
DD: 0.010173999999999999
DR: 0.12487799999999999
RR: 0.329434
DD: 0.007736
DR: 0.127019
RR: 0.321623
DD: 0.007793
DR: 0.12701199999999999
RR: 0.328319
DD: 0.0077269999999999995
DR: 0.12628699999999998
RR: 0.33197899999999997
DD: 0.007717
DR: 0.12732600000000005
RR: 0.329269
DD: 0.007748
DR: 0.128107
RR: 0.32908500000000007
DD: 0.00775
DR: 0.126687
RR: 0.335341
DD: 0.007763
DR: 0.12681299999999998
RR: 0.334281
DD: 0.0077989999999999995
DR: 0.127889
RR: 0.327783
DD: 0.007763
DR: 0.127525
RR: 0.33014200000000005
DD: 0.007769
DR: 0.125931
RR: 0.33313699999999996
DD: 0.007677
DR: 0.123849
RR: 0.321617
DD: 0.007646
DR: 0.124638
RR: 0.31666800000000006
DD: 0.007555999999999999
DR: 0.124321
RR: 0.315164
DD: 0.007614999999999999
DR: 0.122025
RR: 0.31790399999999996
DD: 0.0075239999999999994
DR: 0.12106
RR: 0.315544
DD: 0.007542999999999999
DR: 0.12104699999999999
RR: 0.30806500000000003
DD: 0.007447
DR: 0.121178
RR: 0.30802799999999997
DD: 0.007514
DR: 0.11998199999999999
RR: 0.308739
DD: 0.007513
DR: 0.119859
RR: 0.3073060000000001
DD: 0.007568
DR: 0.120852
RR: 0.309063
DD: 0.007512
DR: 0.12208899999999999
RR: 0.31413199999999997
DD: 0.007553
DR: 0.121112
RR: 0.31886400000000004
DD: 0.007571
DR: 0.122238
RR: 0.314695
DD: 0.007612
DR: 0.12344900000000003
RR: 0.314447
DD: 0.007633
DR: 0.123071
RR: 0.320831
DD: 0.007643
DR: 0.124731
RR: 0.331069
DD: 0.0077789999999999995
DR: 0.12709299999999998
RR: 0.32589599999999996
DD: 0.007736
DR: 0.126752
RR: 0.33305700000000005
DD: 0.007708
DR: 0.12714599999999998
RR: 0.33291800000000005
DD: 0.007724999999999999
DR: 0.126747
RR: 0.328709
DD: 0.0077399999999999995
DR: 0.127591
RR: 0.328161
DD: 0.007725999999999999
DR: 0.12723299999999998
RR: 0.32847000000000004
DD: 0.007738999999999999
DR: 0.126551
RR: 0.329766
DD: 0.007704
DR: 0.12681699999999999
RR: 0.329463
DD: 0.007695
DR: 0.12689999999999999
RR: 0.32525400000000004
DD: 0.00762
DR: 0.124343
RR: 0.337804
DD: 0.007624
DR: 0.123663
RR: 0.323258
DD: 0.007633
DR: 0.12322799999999999
RR: 0.312614
DD: 0.007535999999999999
DR: 0.12304899999999999
RR: 0.317488
DD: 0.007586
DR: 0.121671
RR: 0.311925
DD: 0.007474
DR: 0.12078100000000003
RR: 0.307776
saved to _G20.5_rmin0.001_rmax10.0_nbins20_zmin3.0zmax4.6_Lmax-26.0_N50_Planck_MC_b40
Pixels masked by MC but not already by selfunc: 91
G20.5_zmin3.0zmax4.6_Lmax-27.0: 0.45              15865 vs 28981
/home/groups/tabel/mahlet/quaia-env/lib/python3.10/site-packages/Corrfunc/utils.py:918: UserWarning: One or more input array has non-native endianness!  A copy will be made with the correct endianness.
  warnings.warn("One or more input array has non-native endianness!  A copy will"\
DD: 0.0069169999999999995
DR: 0.089294
RR: 0.19747900000000007
DD: 0.006114
DR: 0.08761
RR: 0.201671
DD: 0.006137
DR: 0.088255
RR: 0.19545099999999999
DD: 0.006098
DR: 0.087555
RR: 0.201008
DD: 0.006154
DR: 0.087657
RR: 0.195491
DD: 0.0061189999999999994
DR: 0.087821
RR: 0.19863699999999998
DD: 0.00613
DR: 0.087209
RR: 0.198689
DD: 0.006189
DR: 0.08832799999999999
RR: 0.19941099999999998
DD: 0.006187
DR: 0.088154
RR: 0.205509
DD: 0.0062169999999999994
DR: 0.08980600000000005
RR: 0.20413099999999998
DD: 0.006287
DR: 0.090415
RR: 0.21195999999999998
DD: 0.006977
DR: 0.09050100000000005
RR: 0.209033
DD: 0.006298
DR: 0.09138399999999999
RR: 0.21273599999999998
DD: 0.006372
DR: 0.09074300000000002
RR: 0.207123
DD: 0.006325
DR: 0.09110399999999999
RR: 0.20932399999999998
DD: 0.006331
DR: 0.09015200000000001
RR: 0.208888
DD: 0.006336
DR: 0.09082599999999999
RR: 0.20629699999999998
DD: 0.006378
DR: 0.090148
RR: 0.21313
DD: 0.0063349999999999995
DR: 0.090377
RR: 0.20518899999999998
DD: 0.006215
DR: 0.08860800000000002
RR: 0.206838
DD: 0.006228
DR: 0.08846899999999999
RR: 0.204098
DD: 0.0061389999999999995
DR: 0.08743600000000007
RR: 0.20532999999999998
DD: 0.006144
DR: 0.087894
RR: 0.19852899999999998
DD: 0.006108
DR: 0.08684399999999999
RR: 0.204363
DD: 0.006043
DR: 0.08669099999999999
RR: 0.19677999999999998
DD: 0.0060609999999999995
DR: 0.08716399999999999
RR: 0.195898
DD: 0.006122
DR: 0.086564
RR: 0.19425199999999998
DD: 0.006071
DR: 0.087041
RR: 0.199785
DD: 0.006116
DR: 0.086487
RR: 0.196711
DD: 0.006103
DR: 0.08687099999999999
RR: 0.19820400000000005
DD: 0.006085999999999999
DR: 0.08666599999999999
RR: 0.199341
DD: 0.006141
DR: 0.087645
RR: 0.19861400000000007
DD: 0.006715
DR: 0.090136
RR: 0.20812699999999998
DD: 0.006193
DR: 0.08808099999999999
RR: 0.20496500000000006
DD: 0.0062439999999999996
DR: 0.09046499999999999
RR: 0.205863
DD: 0.006372999999999999
DR: 0.090754
RR: 0.21388600000000002
DD: 0.006398
DR: 0.090669
RR: 0.211256
DD: 0.006378
DR: 0.090796
RR: 0.20795200000000003
DD: 0.006313
DR: 0.090282
RR: 0.216085
DD: 0.006408
DR: 0.091751
RR: 0.20691199999999998
DD: 0.0063609999999999995
DR: 0.09102099999999999
RR: 0.208969
DD: 0.00635
DR: 0.09045299999999999
RR: 0.20864100000000008
DD: 0.006323
DR: 0.09061699999999999
RR: 0.20704899999999998
DD: 0.006338
DR: 0.09067
RR: 0.21465200000000006
DD: 0.006251
DR: 0.089365
RR: 0.20266499999999998
DD: 0.006253
DR: 0.08889799999999999
RR: 0.206851
DD: 0.006163
DR: 0.087536
RR: 0.200763
DD: 0.00613
DR: 0.08961999999999999
RR: 0.19925099999999998
DD: 0.0061259999999999995
DR: 0.08694299999999999
RR: 0.19841999999999999
DD: 0.006052999999999999
DR: 0.086944
RR: 0.19505599999999998
saved to _G20.5_rmin0.001_rmax10.0_nbins20_zmin3.0zmax4.6_Lmax-27.0_N50_Planck_MC_b40
done!
