Starting batch job

G20.5: computing wtheta in 30 bins from 0.001 to 10.0 on a log scale for 50 jackknife regions...
--L: maxsplit

z: [0.0, 1.0, 2.0, 3.0, 4.6] minmax None
L: None maxsplit 4
Pixels masked by MC but not already by selfunc: 694
G20.5_zmin0.0zmax1.0_Lmaxsplit4bin0: 0.44              45286 vs 81084
[Warning] The CPU supports AVX512F but the compiler does not.  Can you try another compiler?
/home/groups/tabel/mahlet/quaia-env/lib/python3.10/site-packages/Corrfunc/utils.py:918: UserWarning: One or more input array has non-native endianness!  A copy will be made with the correct endianness.
  warnings.warn("One or more input array has non-native endianness!  A copy will"\
DD: 0.042998999999999996
DR: 0.452669
RR: 1.731815
DD: 0.028147
DR: 0.439627
RR: 1.667696
DD: 0.014927
DR: 0.429183
RR: 1.693605
DD: 0.015366999999999999
DR: 0.420567
RR: 1.5604399999999998
DD: 0.014246
DR: 0.411518
RR: 1.538689
DD: 0.014169999999999999
DR: 0.406504
RR: 1.54294
DD: 0.014646999999999999
DR: 0.409585
RR: 1.538465
DD: 0.014315
DR: 0.413035
RR: 1.515862
DD: 0.014664
DR: 0.412802
RR: 1.632536
DD: 0.014317999999999999
DR: 0.45632599999999995
RR: 1.7044359999999998
DD: 0.014235
DR: 0.416658
RR: 1.564788
DD: 0.014362
DR: 0.43673800000000007
RR: 1.6891530000000001
DD: 0.014787
DR: 0.431358
RR: 1.777712
DD: 0.015493999999999999
DR: 0.45588000000000006
RR: 1.724983
DD: 0.015094999999999999
DR: 0.42320500000000005
RR: 1.637901
DD: 0.01513
DR: 0.42377099999999995
RR: 1.63554
DD: 0.01457
DR: 0.421417
RR: 1.632064
DD: 0.015101
DR: 0.41957
RR: 1.64575
DD: 0.014452999999999999
DR: 0.42054100000000005
RR: 1.645214
DD: 0.014473
DR: 0.41947799999999996
RR: 1.624168
DD: 0.014452
DR: 0.407412
RR: 1.549751
DD: 0.01407
DR: 0.41428200000000004
RR: 1.67573
DD: 0.014745
DR: 0.430181
RR: 1.572641
DD: 0.014018
DR: 0.408933
RR: 1.631929
DD: 0.01444
DR: 0.41314800000000007
RR: 1.606647
DD: 0.014239
DR: 0.41358999999999996
RR: 1.603345
DD: 0.014185
DR: 0.41342999999999996
RR: 1.678487
DD: 0.014783999999999999
DR: 0.434953
RR: 1.679788
DD: 0.014475
DR: 0.42538600000000004
RR: 1.691045
DD: 0.014835999999999998
DR: 0.431091
RR: 1.656495
DD: 0.014586
DR: 0.420581
RR: 1.626995
DD: 0.014709
DR: 0.41493599999999997
RR: 1.571046
DD: 0.014152
DR: 0.4431860000000001
RR: 1.6720000000000002
DD: 0.014258999999999999
DR: 0.42097999999999997
RR: 1.602858
DD: 0.014211999999999999
DR: 0.44497899999999996
RR: 1.720192
DD: 0.014402
DR: 0.423751
RR: 1.648689
DD: 0.014539999999999999
DR: 0.46212600000000004
RR: 1.815634
DD: 0.015739
DR: 0.46765600000000007
RR: 1.830733
DD: 0.015816999999999998
DR: 0.447732
RR: 1.727236
DD: 0.015066999999999999
DR: 0.44550500000000004
RR: 1.765888
DD: 0.015609999999999999
DR: 0.467083
RR: 1.819116
DD: 0.015746
DR: 0.4587260000000001
RR: 1.768668
DD: 0.014527
DR: 0.423543
RR: 1.560856
DD: 0.01453199999999999
DR: 0.41815599999999997
RR: 1.557464
DD: 0.01443
DR: 0.42011200000000004
RR: 1.520624
DD: 0.014081999999999999
DR: 0.41007
RR: 1.50941
DD: 0.01397
DR: 0.413277
RR: 1.498547
DD: 0.014086999999999999
DR: 0.405532
RR: 1.494998
DD: 0.013956
DR: 0.405844
RR: 1.488311
DD: 0.013993
DR: 0.4071020000000001
RR: 1.499679
saved to _G20.5_rmin0.001_rmax10.0_nbins30_zmin0.0zmax1.0_Lmaxsplit4bin0_N50_Planck_MC_b30

Pixels masked by MC but not already by selfunc: 1315
G20.5_zmin0.0zmax1.0_Lmaxsplit4bin1: 0.39              98569 vs 162168
/home/groups/tabel/mahlet/quaia-env/lib/python3.10/site-packages/Corrfunc/utils.py:918: UserWarning: One or more input array has non-native endianness!  A copy will be made with the correct endianness.
  warnings.warn("One or more input array has non-native endianness!  A copy will"\
DD: 0.032591
DR: 1.149399
RR: 6.173312
DD: 0.032829
DR: 1.157981
RR: 6.160488
DD: 0.032733
DR: 1.174034
RR: 6.17587
DD: 0.032951
DR: 1.169387
RR: 6.102714
DD: 0.032853
DR: 1.144286
RR: 6.395714
DD: 0.033183
DR: 1.179359
RR: 6.403772
DD: 0.047639999999999995
DR: 1.1936849999999999
RR: 6.175749
DD: 0.033153
DR: 1.185308
RR: 6.110797
DD: 0.033117
DR: 1.243519
RR: 6.996517
DD: 0.035778
DR: 1.271857
RR: 7.052913
DD: 0.035667
DR: 1.233966
RR: 6.989025
DD: 0.035176
DR: 1.227017
RR: 6.800036
DD: 0.034888999999999996
DR: 1.240465
RR: 6.902342
DD: 0.033582
DR: 1.21951
RR: 6.490835
DD: 0.033701
DR: 1.205727
RR: 6.56939
DD: 0.033825
DR: 1.2349459999999999
RR: 7.251844
DD: 0.035796
DR: 1.274137
RR: 6.830425
DD: 0.034608
DR: 1.2121279999999999
RR: 6.602648
DD: 0.03354
DR: 1.192801
RR: 6.861579
DD: 0.034301
DR: 1.232001
RR: 6.731238
DD: 0.035179999999999996
DR: 1.238766
RR: 6.582102
DD: 0.033173999999999995
DR: 1.171325
RR: 6.560641
DD: 0.03335
DR: 1.159677
RR: 6.284229
DD: 0.033750999999999996
DR: 1.176167
RR: 6.548114
DD: 0.033467
DR: 1.278205
RR: 6.870369
DD: 0.034637999999999995
DR: 1.235564
RR: 6.706424
DD: 0.032553
DR: 1.150643
RR: 6.764316
DD: 0.03263400000000005
DR: 1.175304
RR: 6.762984
DD: 0.03456
DR: 1.227204
RR: 6.56841
DD: 0.034207999999999995
DR: 1.216103
RR: 6.426318
DD: 0.033160999999999996
DR: 1.178071
RR: 6.642536
DD: 0.034512999999999995
DR: 1.212574
RR: 6.716847
DD: 0.034322
DR: 1.196637
RR: 6.242292
DD: 0.032702
DR: 1.208966
RR: 6.426102
DD: 0.033017
DR: 1.2419959999999999
RR: 6.928366
DD: 0.034821
DR: 1.25129
RR: 6.937208
DD: 0.03396
DR: 1.198548
RR: 6.658891
DD: 0.034939
DR: 1.206107
RR: 6.845491
DD: 0.034395999999999996
DR: 1.2763520000000002
RR: 7.068977
DD: 0.034045
DR: 1.241901
RR: 6.994236
DD: 0.034450999999999996
DR: 1.229732
RR: 6.989339
DD: 0.034273
DR: 1.2247219999999999
RR: 6.722031
DD: 0.035033
DR: 1.199298
RR: 6.437831
DD: 0.03324
DR: 1.231435
RR: 6.879187
DD: 0.033750999999999996
DR: 1.199118
RR: 6.769651
DD: 0.033347999999999996
DR: 1.163686
RR: 6.342691
DD: 0.032995
DR: 1.240794
RR: 6.591833
DD: 0.034808
DR: 1.193022
RR: 6.905899
DD: 0.034277
DR: 1.192642
RR: 6.573552
DD: 0.033499
DR: 1.190574
RR: 6.849442
saved to _G20.5_rmin0.001_rmax10.0_nbins30_zmin0.0zmax1.0_Lmaxsplit4bin1_N50_Planck_MC_b30

Pixels masked by MC but not already by selfunc: 1913
G20.5_zmin0.0zmax1.0_Lmaxsplit4bin2: 0.35              158094 vs 243252
/home/groups/tabel/mahlet/quaia-env/lib/python3.10/site-packages/Corrfunc/utils.py:918: UserWarning: One or more input array has non-native endianness!  A copy will be made with the correct endianness.
  warnings.warn("One or more input array has non-native endianness!  A copy will"\
DD: 0.063649
DR: 2.54919
RR: 17.04164
DD: 0.062065999999999996
DR: 2.531922
RR: 17.379593
DD: 0.061600999999999996
DR: 2.399164
RR: 17.766113
DD: 0.064094
DR: 2.386071
RR: 17.117474
DD: 0.06314300000000006
DR: 2.507334
RR: 17.578139
DD: 0.06426899999999999
DR: 2.541941
RR: 17.746427
DD: 0.06689500000000004
DR: 2.404926
RR: 17.242935
DD: 0.065121
DR: 2.584651
RR: 17.628547
DD: 0.061739999999999996
DR: 2.415615
RR: 17.657314
DD: 0.063077
DR: 2.57887
RR: 17.023701
DD: 0.065007
DR: 2.586978
RR: 18.66678
DD: 0.06424099999999999
DR: 2.6009830000000003
RR: 18.548012
DD: 0.06608499999999999
DR: 2.488937
RR: 17.216108
DD: 0.064716
DR: 2.7121560000000002
RR: 19.072017
DD: 0.066383
DR: 2.6397459999999997
RR: 18.624933
DD: 0.06426899999999999
DR: 2.50751
RR: 18.640064
DD: 0.06646300000000005
DR: 2.622682
RR: 18.612612
DD: 0.06810999999999999
DR: 2.525076
RR: 16.932763
DD: 0.061299
DR: 2.442055
RR: 16.808587
DD: 0.06324199999999999
DR: 2.421341
RR: 16.7949
DD: 0.061637
DR: 2.547792
RR: 17.029974
DD: 0.062711
DR: 2.391866
RR: 17.574321
DD: 0.06509899999999999
DR: 2.5855
RR: 17.805063
DD: 0.063973
DR: 2.382015
RR: 17.485602
DD: 0.061584
DR: 2.601298
RR: 17.541013
DD: 0.06550399999999999
DR: 2.560664
RR: 17.737426
DD: 0.062417999999999994
DR: 2.508096
RR: 16.445272
DD: 0.062452
DR: 2.53955
RR: 18.219622
DD: 0.064744
DR: 2.457686
RR: 17.705785
DD: 0.065382
DR: 2.388402
RR: 17.19484
DD: 0.062883
DR: 2.483712
RR: 17.227021
DD: 0.063831
DR: 2.56338
RR: 17.220285
DD: 0.060392999999999995
DR: 2.472498
RR: 17.743843
DD: 0.062379
DR: 2.438567
RR: 17.838126
DD: 0.06527
DR: 2.568092
RR: 17.602437
DD: 0.06619799999999999
DR: 2.548064
RR: 18.046589
DD: 0.065176
DR: 2.492395
RR: 17.750458
DD: 0.06514299999999999
DR: 2.580631
RR: 17.199109
DD: 0.063674
DR: 2.522532
RR: 20.753875999999998
DD: 0.07242900000000008
DR: 2.850692
RR: 19.340286
DD: 0.063749
DR: 2.5865970000000003
RR: 18.341726
DD: 0.065352
DR: 2.61613
RR: 18.373338
DD: 0.06788999999999999
DR: 2.595103
RR: 17.917078
DD: 0.062459
DR: 2.437791
RR: 17.45131
DD: 0.062899
DR: 2.492771
RR: 17.845979
DD: 0.063953
DR: 2.512792
RR: 17.762117
DD: 0.064395
DR: 2.568448
RR: 17.972688
DD: 0.063219
DR: 2.536095
RR: 17.967308
DD: 0.06403099999999999
DR: 2.489443
RR: 17.028552
DD: 0.061293
DR: 2.478923
RR: 17.300617
saved to _G20.5_rmin0.001_rmax10.0_nbins30_zmin0.0zmax1.0_Lmaxsplit4bin2_N50_Planck_MC_b30

Pixels masked by MC but not already by selfunc: 2468
G20.5_zmin0.0zmax1.0_Lmaxsplit4bin3: 0.33              218365 vs 324336
/home/groups/tabel/mahlet/quaia-env/lib/python3.10/site-packages/Corrfunc/utils.py:918: UserWarning: One or more input array has non-native endianness!  A copy will be made with the correct endianness.
  warnings.warn("One or more input array has non-native endianness!  A copy will"\
DD: 0.095207
DR: 4.319227
RR: 33.425503
DD: 0.10084000000000004
DR: 4.399689
RR: 33.515494
DD: 0.10133199999999999
DR: 4.199922
RR: 33.462827
DD: 0.09877400000000003
DR: 4.1655429999999996
RR: 33.565916
DD: 0.098885
DR: 4.302684
RR: 35.745559
DD: 0.10554899999999999
DR: 4.406977
RR: 34.889218
DD: 0.09985
DR: 4.249351
RR: 35.935772
DD: 0.10209399999999999
DR: 4.250058
RR: 34.021073
DD: 0.099811
DR: 4.53658
RR: 35.421827
DD: 0.101036
DR: 4.501025
RR: 37.151919
DD: 0.108724
DR: 4.689669
RR: 37.479711
DD: 0.104526
DR: 4.436691
RR: 37.457325
DD: 0.107787
DR: 4.598462
RR: 37.988405
DD: 0.11137
DR: 4.520165
RR: 37.66531
DD: 0.111076
DR: 4.598709
RR: 36.692683
DD: 0.109733
DR: 4.766334
RR: 36.488838
DD: 0.104796
DR: 4.880002
RR: 37.679306
DD: 0.104156
DR: 4.524732
RR: 36.272542
DD: 0.106393
DR: 4.584822
RR: 35.869949
DD: 0.099728
DR: 4.50058
RR: 36.253862
DD: 0.102756
DR: 4.414175
RR: 34.037443
DD: 0.10017899999999999
DR: 4.388997
RR: 34.427482
DD: 0.097732
DR: 4.721488
RR: 36.711396
DD: 0.103076
DR: 4.447469
RR: 34.050966
DD: 0.103766
DR: 4.503157
RR: 35.578103
DD: 0.10069299999999999
DR: 4.303211
RR: 34.826801
DD: 0.10005599999999999
DR: 4.125803
RR: 32.270267
DD: 0.09743199999999999
DR: 4.406979
RR: 33.572134
DD: 0.09616800000000003
DR: 4.267362
RR: 35.231008
DD: 0.098589
DR: 4.243665
RR: 34.142255
DD: 0.099022
DR: 4.284459
RR: 34.64149
DD: 0.104977
DR: 4.749822
RR: 37.115805
DD: 0.10235999999999999
DR: 4.48638
RR: 34.016737
DD: 0.099642
DR: 4.488541
RR: 34.504263
DD: 0.098075
DR: 4.613672
RR: 36.724158
DD: 0.103155
DR: 4.426525
RR: 34.681174
DD: 0.10040099999999999
DR: 4.522792
RR: 36.361229
DD: 0.10166199999999999
DR: 4.314575
RR: 35.376953
DD: 0.103547
DR: 4.665409
RR: 36.310425
DD: 0.106457
DR: 4.737032
RR: 35.962745
DD: 0.105015
DR: 4.713509
RR: 37.194413
DD: 0.10388399999999999
DR: 4.52553
RR: 37.973088
DD: 0.10860099999999999
DR: 4.6394400000000005
RR: 37.181027
DD: 0.103155
DR: 4.484287
RR: 36.311129
DD: 0.104474
DR: 4.3256879999999995
RR: 34.684377
DD: 0.101644
DR: 4.243669
RR: 34.828559
DD: 0.111205
DR: 4.495957
RR: 36.467581
DD: 0.100713
DR: 4.341993
RR: 36.349505
DD: 0.10886399999999999
DR: 4.470333
RR: 34.969332
DD: 0.102397
DR: 4.386478
RR: 35.217591
saved to _G20.5_rmin0.001_rmax10.0_nbins30_zmin0.0zmax1.0_Lmaxsplit4bin3_N50_Planck_MC_b30

Pixels masked by MC but not already by selfunc: 1382
G20.5_zmin1.0zmax2.0_Lmaxsplit4bin0: 0.41              95853 vs 162049
/home/groups/tabel/mahlet/quaia-env/lib/python3.10/site-packages/Corrfunc/utils.py:918: UserWarning: One or more input array has non-native endianness!  A copy will be made with the correct endianness.
  warnings.warn("One or more input array has non-native endianness!  A copy will"\
DD: 0.03406
DR: 1.19007
RR: 6.45127
DD: 0.034462
DR: 1.09227
RR: 5.849205
DD: 0.031471
DR: 1.118021
RR: 5.873537
DD: 0.031525
DR: 1.131896
RR: 6.093081
DD: 0.031814
DR: 1.103979
RR: 5.8761
DD: 0.031698
DR: 1.115561
RR: 6.123572
DD: 0.033097999999999995
DR: 1.09224
RR: 5.955863
DD: 0.032
DR: 1.132797
RR: 6.018109
DD: 0.03165000000000007
DR: 1.097852
RR: 5.988674
DD: 0.032392
DR: 1.143144
RR: 6.169518
DD: 0.032382
DR: 1.201657
RR: 6.28518
DD: 0.033453
DR: 1.17824
RR: 6.331716
DD: 0.032669
DR: 1.151825
RR: 6.337265
DD: 0.033781
DR: 1.176051
RR: 6.60772
DD: 0.032893
DR: 1.157284
RR: 6.539955
DD: 0.033002
DR: 1.167088
RR: 6.408773
DD: 0.033409
DR: 1.175424
RR: 6.55511
DD: 0.032941
DR: 1.13518
RR: 6.205782
DD: 0.032491
DR: 1.149602
RR: 6.118641
DD: 0.052100999999999995
DR: 1.15136
RR: 5.931236
DD: 0.031758
DR: 1.094402
RR: 5.867197
DD: 0.032876999999999997
DR: 1.116134
RR: 5.88031
DD: 0.031909
DR: 1.118482
RR: 5.93243
DD: 0.031208999999999997
DR: 1.106154
RR: 5.898304
DD: 0.031949
DR: 1.116388
RR: 6.136796
DD: 0.031374
DR: 1.098293
RR: 6.1988520000000005
DD: 0.031885
DR: 1.116059
RR: 6.161231
DD: 0.031893
DR: 1.110998
RR: 6.141132
DD: 0.031634999999999996
DR: 1.084905
RR: 5.872981
DD: 0.032410999999999995
DR: 1.101836
RR: 5.915993
DD: 0.031425
DR: 1.114836
RR: 6.061235
DD: 0.032542999999999996
DR: 1.130493
RR: 6.092105
DD: 0.032297
DR: 1.134906
RR: 6.259849
DD: 0.034133
DR: 1.148168
RR: 6.058369
DD: 0.031741
DR: 1.1201699999999999
RR: 6.133654
DD: 0.032050999999999996
DR: 1.111322
RR: 5.952054
DD: 0.032517
DR: 1.1198839999999999
RR: 6.010943
DD: 0.032915
DR: 1.154714
RR: 6.575934
DD: 0.035033999999999996
DR: 1.192946
RR: 6.635054
DD: 0.034594000000000014
DR: 1.200346
RR: 6.502715
DD: 0.033525
DR: 1.178917
RR: 6.402075
DD: 0.034745000000000026
DR: 1.220267
RR: 6.457567
DD: 0.033492
DR: 1.130939
RR: 6.227849
DD: 0.032567
DR: 1.142099
RR: 6.047599
DD: 0.031675999999999996
DR: 1.116109
RR: 6.108718
DD: 0.033028999999999996
DR: 1.135748
RR: 6.113497
DD: 0.032209
DR: 1.116405
RR: 6.083834
DD: 0.031677
DR: 1.119787
RR: 6.03555
DD: 0.033597
DR: 1.14678
RR: 5.88803
DD: 0.031567
DR: 1.094252
RR: 5.807472
saved to _G20.5_rmin0.001_rmax10.0_nbins30_zmin1.0zmax2.0_Lmaxsplit4bin0_N50_Planck_MC_b30

Pixels masked by MC but not already by selfunc: 2597
G20.5_zmin1.0zmax2.0_Lmaxsplit4bin1: 0.37              205289 vs 324098
/home/groups/tabel/mahlet/quaia-env/lib/python3.10/site-packages/Corrfunc/utils.py:918: UserWarning: One or more input array has non-native endianness!  A copy will be made with the correct endianness.
  warnings.warn("One or more input array has non-native endianness!  A copy will"\
DD: 0.087172
DR: 3.647331
RR: 28.130306
DD: 0.08898199999999999
DR: 3.63677
RR: 27.97867
DD: 0.088809
DR: 3.698266
RR: 28.879638
DD: 0.091441
DR: 3.900051
RR: 29.719646
DD: 0.08606699999999999
DR: 3.7301
RR: 29.801229
DD: 0.089584
DR: 3.773896
RR: 27.993679
DD: 0.08727599999999999
DR: 3.650869
RR: 27.956549
DD: 0.08728999999999999
DR: 3.6685280000000002
RR: 28.100876
DD: 0.088692
DR: 3.684889
RR: 28.285725
DD: 0.087709
DR: 3.714172
RR: 28.92417
DD: 0.090513
DR: 3.790182
RR: 29.316097
DD: 0.089849
DR: 3.820477
RR: 30.32663
DD: 0.0963
DR: 3.955661
RR: 31.375641
DD: 0.097383
DR: 4.113371
RR: 31.698573
DD: 0.093925
DR: 4.033664
RR: 32.080316
DD: 0.09418500000000007
DR: 4.047956
RR: 31.506866
DD: 0.096491
DR: 4.001072
RR: 31.919683
DD: 0.090791
DR: 4.032181
RR: 29.567574
DD: 0.09074499999999999
DR: 3.818863
RR: 28.800192
DD: 0.088337
DR: 3.703367
RR: 29.133813
DD: 0.09149099999999999
DR: 3.77326
RR: 30.477325
DD: 0.092929
DR: 3.840891
RR: 29.529875
DD: 0.08814999999999999
DR: 3.813509
RR: 30.12557
DD: 0.090538
DR: 3.665744
RR: 28.7281
DD: 0.090836
DR: 3.868475
RR: 29.952898
DD: 0.089908
DR: 3.652886
RR: 29.653950000000002
DD: 0.089792
DR: 3.687753
RR: 29.149624
DD: 0.08857999999999999
DR: 3.733273
RR: 30.508849
DD: 0.08824399999999999
DR: 3.667921
RR: 29.866194
DD: 0.090732
DR: 3.842687
RR: 29.691551
DD: 0.08757799999999999
DR: 3.753684
RR: 28.202076
DD: 0.087568
DR: 3.667765
RR: 28.051956
DD: 0.087783
DR: 3.662786
RR: 29.11007
DD: 0.08735100000000007
DR: 3.714529
RR: 29.050489
DD: 0.090386
DR: 3.78161
RR: 29.082766
DD: 0.088378
DR: 3.752703
RR: 28.931658
DD: 0.09018799999999999
DR: 3.777837
RR: 30.091358
DD: 0.094136
DR: 3.900268
RR: 30.413277
DD: 0.091391
DR: 3.887228
RR: 31.067616
DD: 0.09406199999999999
DR: 3.833929
RR: 30.536042
DD: 0.09417299999999999
DR: 3.933605
RR: 30.398845
DD: 0.089337
DR: 3.943632
RR: 30.426017
DD: 0.090973
DR: 3.792448
RR: 30.220655
DD: 0.090741
DR: 3.775994
RR: 29.81409
DD: 0.09003400000000006
DR: 3.73987
RR: 30.109795
DD: 0.09031200000000006
DR: 3.92184
RR: 29.303588
DD: 0.091388
DR: 3.793332
RR: 29.298404
DD: 0.088429
DR: 3.663512
RR: 28.83389
DD: 0.08953699999999999
DR: 3.864016
RR: 28.851703
DD: 0.08842
DR: 3.930306
RR: 29.830815
saved to _G20.5_rmin0.001_rmax10.0_nbins30_zmin1.0zmax2.0_Lmaxsplit4bin1_N50_Planck_MC_b30

Pixels masked by MC but not already by selfunc: 3724
G20.5_zmin1.0zmax2.0_Lmaxsplit4bin2: 0.33              324028 vs 486147
/home/groups/tabel/mahlet/quaia-env/lib/python3.10/site-packages/Corrfunc/utils.py:918: UserWarning: One or more input array has non-native endianness!  A copy will be made with the correct endianness.
  warnings.warn("One or more input array has non-native endianness!  A copy will"\
DD: 0.183661
DR: 8.55108
RR: 79.835935
DD: 0.183748
DR: 8.128498
RR: 78.729818
DD: 0.19606099999999999
DR: 9.438774
RR: 80.695019
DD: 0.180364
DR: 8.357635
RR: 79.781737
DD: 0.180594
DR: 8.899502
RR: 75.304691
DD: 0.17374600000000007
DR: 8.120282
RR: 74.913658
DD: 0.183992
DR: 8.598912
RR: 78.185368
DD: 0.175747
DR: 8.391562
RR: 81.71051
DD: 0.188517
DR: 8.907894
RR: 76.177422
DD: 0.180983
DR: 8.312402
RR: 81.249316
DD: 0.18731199999999998
DR: 9.13688
RR: 82.889714
DD: 0.188391
DR: 8.764415
RR: 85.586434
DD: 0.183524
DR: 9.07793
RR: 85.324946
DD: 0.19300699999999998
DR: 9.452114
RR: 84.451604
DD: 0.199645
DR: 9.150578
RR: 85.997986
DD: 0.192901
DR: 9.125964
RR: 87.870741
DD: 0.191345
DR: 8.552035
RR: 85.736585
DD: 0.183512
DR: 8.749614
RR: 82.329369
DD: 0.19452999999999998
DR: 9.315861
RR: 80.662158
DD: 0.18530500000000005
DR: 8.63906
RR: 80.383316
DD: 0.17988400000000004
DR: 8.184264
RR: 75.301518
DD: 0.17312999999999998
DR: 8.118273
RR: 74.823152
DD: 0.172935
DR: 8.096499
RR: 74.619887
DD: 0.172198
DR: 8.075486
RR: 74.392212
DD: 0.17177900000000002
DR: 8.051554
RR: 74.511972
DD: 0.172397
DR: 8.070688
RR: 74.330431
DD: 0.172934
DR: 8.170877
RR: 74.602053
DD: 0.173981
DR: 8.58808
RR: 78.585961
DD: 0.17465699999999998
DR: 8.671709
RR: 78.260556
DD: 0.17819600000000002
DR: 8.601935
RR: 77.441363
DD: 0.18034300000000003
DR: 8.382518
RR: 79.698945
DD: 0.175323
DR: 8.305164
RR: 76.246909
DD: 0.182617
DR: 8.297799
RR: 76.956122
DD: 0.17587999999999998
DR: 8.173704
RR: 75.778497
DD: 0.17699199999999998
DR: 8.315678
RR: 78.900813
DD: 0.183106
DR: 8.762022
RR: 79.401799
DD: 0.188412
DR: 8.752957
RR: 78.332595
DD: 0.182416
DR: 9.159722
RR: 86.709873
DD: 0.19157
DR: 8.94267
RR: 83.81014
DD: 0.190183
DR: 8.819657
RR: 81.920871
DD: 0.18740099999999998
DR: 8.565754
RR: 79.487666
DD: 0.185054
DR: 8.461881
RR: 78.665404
DD: 0.17844400000000005
DR: 8.40207
RR: 77.770849
DD: 0.1769050000000001
DR: 8.307164
RR: 76.845394
DD: 0.175084
DR: 8.499949
RR: 77.222471
DD: 0.175532
DR: 8.379189
RR: 75.3331
DD: 0.18978599999999998
DR: 8.374768
RR: 77.561101
DD: 0.174998
DR: 8.152085
RR: 78.45314
DD: 0.18222
DR: 8.355566
RR: 78.091428
DD: 0.18140699999999998
DR: 8.486933
RR: 77.786245
saved to _G20.5_rmin0.001_rmax10.0_nbins30_zmin1.0zmax2.0_Lmaxsplit4bin2_N50_Planck_MC_b30

Pixels masked by MC but not already by selfunc: 4785
G20.5_zmin1.0zmax2.0_Lmaxsplit4bin3: 0.30              453228 vs 648196
/home/groups/tabel/mahlet/quaia-env/lib/python3.10/site-packages/Corrfunc/utils.py:918: UserWarning: One or more input array has non-native endianness!  A copy will be made with the correct endianness.
  warnings.warn("One or more input array has non-native endianness!  A copy will"\
DD: 0.313145
DR: 15.706976
RR: 160.023527
DD: 0.31494099999999997
DR: 15.818365
RR: 159.102224
DD: 0.31724600000000003
DR: 15.788668
RR: 161.579488
DD: 0.324816
DR: 15.981313
RR: 162.04278
DD: 0.30134099999999997
DR: 16.255383
RR: 160.456588
DD: 0.335647
DR: 15.882892
RR: 160.571374
DD: 0.321446
DR: 16.515225
RR: 156.529225
DD: 0.300571
DR: 15.574364
RR: 158.902602
DD: 0.31606200000000007
DR: 16.462471
RR: 163.08149
DD: 0.32184599999999997
DR: 15.867941
RR: 165.312456
DD: 0.319691
DR: 16.696829
RR: 168.896735
DD: 0.329323
DR: 16.070043
RR: 170.280557
DD: 0.324051
DR: 16.332268
RR: 169.678639
DD: 0.328999
DR: 16.378043
RR: 171.263736
DD: 0.330167
DR: 16.733654
RR: 171.238785
DD: 0.333248
DR: 16.546866
RR: 168.806859
DD: 0.31581100000000006
DR: 16.080845
RR: 165.559943
DD: 0.309135
DR: 16.076724
RR: 173.241299
DD: 0.35555800000000004
DR: 17.812853
RR: 163.753207
DD: 0.303643
DR: 15.50814
RR: 159.014449
DD: 0.320544
DR: 15.700481
RR: 159.553343
DD: 0.32432
DR: 15.377331
RR: 159.762117
DD: 0.299709
DR: 15.912591
RR: 159.277116
DD: 0.312222
DR: 15.596683
RR: 158.65579
DD: 0.315504
DR: 15.378437
RR: 169.030692
DD: 0.31800800000000007
DR: 15.521089
RR: 157.283779
DD: 0.309749
DR: 15.157251
RR: 153.388546
DD: 0.29512700000000003
DR: 15.186592
RR: 153.62655
DD: 0.29512
DR: 15.127956
RR: 153.994616
DD: 0.310595
DR: 15.258766
RR: 155.559378
DD: 0.321001
DR: 15.513412
RR: 157.665565
DD: 0.319945
DR: 15.556368
RR: 159.580277
DD: 0.309364
DR: 15.796556
RR: 161.778429
DD: 0.32604200000000005
DR: 15.87447
RR: 159.244268
DD: 0.3160780000000001
DR: 15.853978
RR: 163.34069
DD: 0.306235
DR: 15.812964000000001
RR: 162.878764
DD: 0.321183
DR: 16.415571
RR: 167.952107
DD: 0.31287699999999996
DR: 16.071387
RR: 164.706832
DD: 0.335889
DR: 17.513719000000002
RR: 172.678511
DD: 0.334881
DR: 17.306993
RR: 171.68714
DD: 0.33813699999999997
DR: 17.351294
RR: 171.951283
DD: 0.335357
DR: 17.380284
RR: 170.60414
DD: 0.3304290000000001
DR: 17.085534
RR: 165.275107
DD: 0.322437
DR: 19.207184
RR: 168.792102
DD: 0.32278199999999996
DR: 16.669381
RR: 164.352067
DD: 0.32350399999999996
DR: 15.930883
RR: 167.818418
DD: 0.339979
DR: 17.335618
RR: 161.479208
DD: 0.355165
DR: 16.777029
RR: 161.277015
DD: 0.319805
DR: 16.210163
RR: 161.124242
DD: 0.323606
DR: 17.215406
RR: 161.140667
saved to _G20.5_rmin0.001_rmax10.0_nbins30_zmin1.0zmax2.0_Lmaxsplit4bin3_N50_Planck_MC_b30

Pixels masked by MC but not already by selfunc: 781
G20.5_zmin2.0zmax3.0_Lmaxsplit4bin0: 0.39              43522 vs 71627
/home/groups/tabel/mahlet/quaia-env/lib/python3.10/site-packages/Corrfunc/utils.py:918: UserWarning: One or more input array has non-native endianness!  A copy will be made with the correct endianness.
  warnings.warn("One or more input array has non-native endianness!  A copy will"\
DD: 0.013909
DR: 0.37046599999999996
RR: 1.420666
DD: 0.013609999999999999
DR: 0.360212
RR: 1.382234
DD: 0.026775
DR: 0.35652
RR: 1.383896
DD: 0.013628
DR: 0.359091
RR: 1.3978009999999998
DD: 0.013483
DR: 0.359974
RR: 1.380984
DD: 0.01349100000000003
DR: 0.356553
RR: 1.401048
DD: 0.013642
DR: 0.362194
RR: 1.406577
DD: 0.013765
DR: 0.36422299999999996
RR: 1.4142190000000001
DD: 0.014516
DR: 0.368575
RR: 1.423592
DD: 0.013789
DR: 0.367537
RR: 1.41817
DD: 0.013819999999999999
DR: 0.36921499999999996
RR: 1.452546
DD: 0.014006999999999999
DR: 0.372527
RR: 1.449215
DD: 0.013779999999999999
DR: 0.373476
RR: 1.453422
DD: 0.013836
DR: 0.37148
RR: 1.438472
DD: 0.013673
DR: 0.369552
RR: 1.431014
DD: 0.013692999999999999
DR: 0.370168
RR: 1.46336
DD: 0.013788
DR: 0.370791
RR: 1.4669539999999999
DD: 0.013757
DR: 0.367622
RR: 1.450901
DD: 0.013862
DR: 0.36711499999999997
RR: 1.460852
DD: 0.013770999999999999
DR: 0.365637
RR: 1.420695
DD: 0.013682999999999999
DR: 0.362463
RR: 1.427451
DD: 0.014405
DR: 0.365051
RR: 1.410158
DD: 0.01343
DR: 0.35702999999999996
RR: 1.397786
DD: 0.013855
DR: 0.363464
RR: 1.439522
DD: 0.013659999999999999
DR: 0.365915
RR: 1.440676
DD: 0.013764
DR: 0.364596
RR: 1.40106
DD: 0.013427999999999999
DR: 0.35887500000000006
RR: 1.408573
DD: 0.013646
DR: 0.36228899999999997
RR: 1.404303
DD: 0.013663
DR: 0.360325
RR: 1.397549
DD: 0.013496
DR: 0.36134900000000003
RR: 1.3908800000000001
DD: 0.013536999999999999
DR: 0.35901
RR: 1.377807
DD: 0.013512999999999999
DR: 0.357682
RR: 1.3737249999999999
DD: 0.013543
DR: 0.35904800000000003
RR: 1.416549
DD: 0.013784999999999999
DR: 0.3595
RR: 1.370212
DD: 0.013507
DR: 0.357772
RR: 1.442898
DD: 0.014027999999999999
DR: 0.38341500000000006
RR: 1.444685
DD: 0.013849
DR: 0.36967
RR: 1.461325
DD: 0.014051
DR: 0.374464
RR: 1.47077
DD: 0.014326
DR: 0.38387299999999996
RR: 1.514447
DD: 0.014171999999999999
DR: 0.382914
RR: 1.5009869999999998
DD: 0.014006999999999999
DR: 0.37899299999999997
RR: 1.4852349999999999
DD: 0.014607
DR: 0.38070000000000004
RR: 1.449162
DD: 0.013873
DR: 0.365278
RR: 1.423
DD: 0.013704
DR: 0.366255
RR: 1.416163
DD: 0.013852
DR: 0.36140400000000006
RR: 1.39481
DD: 0.013535
DR: 0.356531
RR: 1.4050639999999999
DD: 0.013866
DR: 0.363052
RR: 1.413106
DD: 0.013637999999999999
DR: 0.361588
RR: 1.391693
DD: 0.013541
DR: 0.358197
RR: 1.379783
DD: 0.013436
DR: 0.362486
RR: 1.398426
saved to _G20.5_rmin0.001_rmax10.0_nbins30_zmin2.0zmax3.0_Lmaxsplit4bin0_N50_Planck_MC_b30

Pixels masked by MC but not already by selfunc: 1464
G20.5_zmin2.0zmax3.0_Lmaxsplit4bin1: 0.35              93053 vs 143254
/home/groups/tabel/mahlet/quaia-env/lib/python3.10/site-packages/Corrfunc/utils.py:918: UserWarning: One or more input array has non-native endianness!  A copy will be made with the correct endianness.
  warnings.warn("One or more input array has non-native endianness!  A copy will"\
DD: 0.03235
DR: 1.115236
RR: 5.851731
DD: 0.031229999999999997
DR: 1.103511
RR: 5.704528
DD: 0.031441
DR: 1.101613
RR: 5.829684
DD: 0.031441
DR: 1.098357
RR: 5.905534
DD: 0.031538
DR: 1.116589
RR: 6.231158
DD: 0.033491
DR: 1.150896
RR: 6.152294
DD: 0.033698
DR: 1.163496
RR: 5.895635
DD: 0.031909
DR: 1.079057
RR: 5.831955
DD: 0.03140799999999999
DR: 1.082022
RR: 6.088447
DD: 0.032237999999999996
DR: 1.124718
RR: 5.981
DD: 0.03218
DR: 1.133546
RR: 6.048986
DD: 0.032685
DR: 1.131576
RR: 5.96589
DD: 0.032476
DR: 1.140505
RR: 5.982157
DD: 0.031609
DR: 1.1458430000000002
RR: 6.122504
DD: 0.031952999999999995
DR: 1.122592
RR: 6.587241
DD: 0.034537
DR: 1.2160739999999999
RR: 6.817946
DD: 0.035475
DR: 1.239611
RR: 6.056515
DD: 0.032996
DR: 1.113141
RR: 5.917786
DD: 0.032024
DR: 1.102461
RR: 5.911007
DD: 0.031505
DR: 1.111622
RR: 5.581114
DD: 0.030836
DR: 1.084411
RR: 5.81602
DD: 0.031358
DR: 1.101919
RR: 6.01066
DD: 0.032556
DR: 1.106125
RR: 5.731159
DD: 0.03119
DR: 1.096975
RR: 5.785464
DD: 0.030525999999999998
DR: 1.085879
RR: 5.75996
DD: 0.031139999999999998
DR: 1.094618
RR: 5.832314
DD: 0.030983999999999998
DR: 1.104626
RR: 6.014893
DD: 0.032166
DR: 1.111139
RR: 5.759507
DD: 0.031266999999999996
DR: 1.112673
RR: 6.027844
DD: 0.031583
DR: 1.118623
RR: 5.900997
DD: 0.030951999999999997
DR: 1.134071
RR: 5.910493
DD: 0.031507
DR: 1.098822
RR: 5.736519
DD: 0.031129999999999998
DR: 1.114657
RR: 5.953815
DD: 0.031713
DR: 1.094133
RR: 5.888363
DD: 0.032477
DR: 1.112283
RR: 5.984227
DD: 0.03331
DR: 1.161133
RR: 6.131718
DD: 0.032235
DR: 1.129361
RR: 6.162914
DD: 0.032484
DR: 1.142283
RR: 6.196218
DD: 0.032433
DR: 1.137001
RR: 6.073742
DD: 0.032206
DR: 1.142048
RR: 6.143127
DD: 0.032542999999999996
DR: 1.131529
RR: 6.265965
DD: 0.033361
DR: 1.150029
RR: 6.233939
DD: 0.032119999999999996
DR: 1.14286
RR: 6.049623
DD: 0.032461
DR: 1.144756
RR: 5.983276
DD: 0.031252
DR: 1.109853
RR: 6.050914
DD: 0.032246
DR: 1.115572
RR: 5.909893
DD: 0.039597
DR: 1.108011
RR: 5.798697
DD: 0.030964
DR: 1.097664
RR: 5.715553
DD: 0.032035
DR: 1.091672
RR: 6.726274
DD: 0.034652999999999996
DR: 1.209788
RR: 6.618227
saved to _G20.5_rmin0.001_rmax10.0_nbins30_zmin2.0zmax3.0_Lmaxsplit4bin1_N50_Planck_MC_b30

Pixels masked by MC but not already by selfunc: 2127
G20.5_zmin2.0zmax3.0_Lmaxsplit4bin2: 0.31              147616 vs 214881
/home/groups/tabel/mahlet/quaia-env/lib/python3.10/site-packages/Corrfunc/utils.py:918: UserWarning: One or more input array has non-native endianness!  A copy will be made with the correct endianness.
  warnings.warn("One or more input array has non-native endianness!  A copy will"\
DD: 0.058332999999999996
DR: 2.292953
RR: 14.932939
DD: 0.057079
DR: 2.26006
RR: 14.635079
DD: 0.069508
DR: 2.2815440000000002
RR: 14.651467
DD: 0.056523
DR: 2.157685
RR: 14.636306
DD: 0.057203
DR: 2.188187
RR: 14.808466
DD: 0.056789
DR: 2.211478
RR: 14.798115
DD: 0.05657600000000007
DR: 2.226201
RR: 14.723865
DD: 0.05743100000000001
DR: 2.2574389999999998
RR: 14.739564
DD: 0.056671
DR: 2.336818
RR: 15.930068
DD: 0.058979
DR: 2.287546
RR: 15.246963000000001
DD: 0.058302
DR: 2.307221
RR: 15.398966
DD: 0.058096000000000037
DR: 2.299741
RR: 15.982817
DD: 0.061005
DR: 2.306669
RR: 15.2099
DD: 0.060080999999999996
DR: 2.282501
RR: 15.321021
DD: 0.058641
DR: 2.309302
RR: 15.17306
DD: 0.059015
DR: 2.365283
RR: 15.68767
DD: 0.060620999999999994
DR: 2.304378
RR: 14.998478
DD: 0.058186999999999996
DR: 2.251816
RR: 14.673639
DD: 0.057583999999999996
DR: 2.237549
RR: 14.601798
DD: 0.058311
DR: 2.206847
RR: 15.123785
DD: 0.058127
DR: 2.512757
RR: 16.154396
DD: 0.070226
DR: 2.381266
RR: 14.969894
DD: 0.069169
DR: 2.3100810000000003
RR: 14.630416
DD: 0.057061999999999995
DR: 2.197053
RR: 14.719093
DD: 0.076027
DR: 2.3009690000000003
RR: 14.558726
DD: 0.056908999999999994
DR: 2.161914
RR: 14.670279
DD: 0.056433
DR: 2.203319
RR: 14.371503
DD: 0.055645
DR: 2.167699
RR: 15.023496
DD: 0.058629999999999995
DR: 2.181668
RR: 14.59164
DD: 0.056615
DR: 2.185025
RR: 14.650549
DD: 0.056288
DR: 2.265351
RR: 14.643633
DD: 0.056165
DR: 2.262774
RR: 14.646034
DD: 0.057477
DR: 2.213203
RR: 15.001705
DD: 0.05819
DR: 2.248398
RR: 14.678793
DD: 0.056025
DR: 2.2246740000000003
RR: 16.142939
DD: 0.058003
DR: 2.349716
RR: 15.395304
DD: 0.058942999999999995
DR: 2.352014
RR: 16.341265
DD: 0.06493400000000005
DR: 2.3745469999999997
RR: 15.049457
DD: 0.058824999999999995
DR: 2.311014
RR: 16.240725
DD: 0.059091
DR: 2.310155
RR: 15.769312
DD: 0.060164999999999996
DR: 2.355914
RR: 15.593725
DD: 0.059125
DR: 2.287452
RR: 15.508031
DD: 0.06977799999999999
DR: 2.241857
RR: 15.172383
DD: 0.058517
DR: 2.275817
RR: 15.803853
DD: 0.058797999999999996
DR: 2.261153
RR: 15.169275
DD: 0.055961
DR: 2.25142
RR: 16.6631
DD: 0.059718
DR: 2.338719
RR: 14.613067
DD: 0.055473999999999996
DR: 2.243994
RR: 15.12663
DD: 0.058947
DR: 2.243943
RR: 15.242076
DD: 0.058172999999999996
DR: 2.251752
RR: 14.335264
saved to _G20.5_rmin0.001_rmax10.0_nbins30_zmin2.0zmax3.0_Lmaxsplit4bin2_N50_Planck_MC_b30

Pixels masked by MC but not already by selfunc: 2764
G20.5_zmin2.0zmax3.0_Lmaxsplit4bin3: 0.28              207602 vs 286508
/home/groups/tabel/mahlet/quaia-env/lib/python3.10/site-packages/Corrfunc/utils.py:918: UserWarning: One or more input array has non-native endianness!  A copy will be made with the correct endianness.
  warnings.warn("One or more input array has non-native endianness!  A copy will"\
DD: 0.098019
DR: 4.177449
RR: 32.979769
DD: 0.094668
DR: 3.931811
RR: 29.96368
DD: 0.09325399999999999
DR: 3.880991
RR: 30.420763
DD: 0.093105
DR: 4.166765
RR: 30.517171
DD: 0.09106199999999999
DR: 4.07574
RR: 30.901498
DD: 0.091322
DR: 3.935876
RR: 30.776982
DD: 0.095816
DR: 3.981658
RR: 31.443071
DD: 0.094313
DR: 4.013227
RR: 31.564106
DD: 0.097948
DR: 3.828867
RR: 30.373236
DD: 0.09444
DR: 4.057987
RR: 31.92414
DD: 0.09783299999999999
DR: 3.945547
RR: 31.604667
DD: 0.097952
DR: 4.170444
RR: 31.82699
DD: 0.098297
DR: 4.171921
RR: 33.327754
DD: 0.09830100000000008
DR: 4.060341
RR: 33.033655
DD: 0.099604
DR: 4.185146
RR: 31.304505
DD: 0.09742999999999999
DR: 4.053511
RR: 31.124164
DD: 0.09707299999999999
DR: 3.9714
RR: 31.673178
DD: 0.093484
DR: 4.02537
RR: 31.822075
DD: 0.097554
DR: 3.992991
RR: 31.06417
DD: 0.093082
DR: 4.000793
RR: 30.990268
DD: 0.095317
DR: 4.018443
RR: 31.233056
DD: 0.093844
DR: 3.789033
RR: 29.914652
DD: 0.08991199999999999
DR: 3.893471
RR: 29.589248
DD: 0.09022999999999999
DR: 3.947124
RR: 30.550501
DD: 0.094803
DR: 3.881353
RR: 30.041767
DD: 0.092886
DR: 3.860557
RR: 29.315142
DD: 0.090727
DR: 3.70895
RR: 29.180881
DD: 0.08964799999999999
DR: 3.84516
RR: 29.780571
DD: 0.091196
DR: 3.711772
RR: 29.000803
DD: 0.089002
DR: 3.799208
RR: 29.850016
DD: 0.09238100000000005
DR: 3.838627
RR: 29.439594
DD: 0.094465
DR: 3.906192
RR: 29.387053
DD: 0.092045
DR: 3.744267
RR: 29.057837
DD: 0.09142499999999999
DR: 3.791945
RR: 29.153849
DD: 0.09069999999999999
DR: 3.798965
RR: 29.417497
DD: 0.09231099999999999
DR: 3.83329
RR: 29.732572
DD: 0.09355999999999999
DR: 3.875764
RR: 30.099116
DD: 0.093167
DR: 3.911051
RR: 30.421065
DD: 0.09429599999999999
DR: 3.923509
RR: 30.438486
DD: 0.093092
DR: 3.918163
RR: 30.457734
DD: 0.09426799999999999
DR: 3.917429
RR: 30.423413
DD: 0.092654
DR: 3.903884
RR: 30.317219
DD: 0.092356
DR: 3.871787
RR: 30.137949
DD: 0.09401699999999999
DR: 3.891059
RR: 29.990315
DD: 0.0911
DR: 3.869671
RR: 31.302456
DD: 0.092051
DR: 3.923214
RR: 29.749988
DD: 0.094868
DR: 3.876406
RR: 29.284049
DD: 0.092635
DR: 3.753786
RR: 29.342742
DD: 0.089708
DR: 3.759447
RR: 28.930585
DD: 0.090874
DR: 3.76362
RR: 28.936979
saved to _G20.5_rmin0.001_rmax10.0_nbins30_zmin2.0zmax3.0_Lmaxsplit4bin3_N50_Planck_MC_b30

Pixels masked by MC but not already by selfunc: 93
G20.5_zmin3.0zmax4.6_Lmaxsplit4bin0: 0.33              6150 vs 9115
/home/groups/tabel/mahlet/quaia-env/lib/python3.10/site-packages/Corrfunc/utils.py:918: UserWarning: One or more input array has non-native endianness!  A copy will be made with the correct endianness.
  warnings.warn("One or more input array has non-native endianness!  A copy will"\
DD: 0.004037
DR: 0.03468199999999999
RR: 0.052745999999999994
DD: 0.0037619999999999997
DR: 0.034092
RR: 0.052889
DD: 0.003747
DR: 0.034019
RR: 0.053066999999999996
DD: 0.00374
DR: 0.034182
RR: 0.052962999999999996
DD: 0.003743
DR: 0.034048999999999996
RR: 0.052916
DD: 0.003705
DR: 0.034089999999999995
RR: 0.052898
DD: 0.0037359999999999997
DR: 0.033921
RR: 0.052965
DD: 0.00374
DR: 0.034135
RR: 0.053021
DD: 0.003803
DR: 0.034054999999999995
RR: 0.053175
DD: 0.0037819999999999998
DR: 0.034251
RR: 0.053408
DD: 0.0037359999999999997
DR: 0.034282
RR: 0.054071
DD: 0.003797
DR: 0.034555999999999996
RR: 0.054126
DD: 0.00379
DR: 0.03478800000000004
RR: 0.054641999999999996
DD: 0.0038299999999999996
DR: 0.034732
RR: 0.05463
DD: 0.003799
DR: 0.034637999999999995
RR: 0.054737
DD: 0.003815
DR: 0.034817
RR: 0.054632
DD: 0.0037719999999999997
DR: 0.034676
RR: 0.054445
DD: 0.003753
DR: 0.034483
RR: 0.054048
DD: 0.0037689999999999998
DR: 0.03425900000000004
RR: 0.053473
DD: 0.003774
DR: 0.033964
RR: 0.053044
DD: 0.003718
DR: 0.034003
RR: 0.052944
DD: 0.003753
DR: 0.033954
RR: 0.052605
DD: 0.003767
DR: 0.034065
RR: 0.052793
DD: 0.0037389999999999997
DR: 0.033958999999999996
RR: 0.052718
DD: 0.0037289999999999997
DR: 0.03372700000000006
RR: 0.052479
DD: 0.0036929999999999997
DR: 0.033558
RR: 0.052181
DD: 0.00375
DR: 0.033935
RR: 0.052405
DD: 0.003735
DR: 0.033795
RR: 0.052635999999999995
DD: 0.0037449999999999996
DR: 0.033867
RR: 0.052712999999999996
DD: 0.003715
DR: 0.033805999999999996
RR: 0.052646
DD: 0.0037319999999999996
DR: 0.03344500000000006
RR: 0.052427999999999995
DD: 0.003714
DR: 0.033732
RR: 0.052439
DD: 0.00375
DR: 0.033611999999999996
RR: 0.052668
DD: 0.003734
DR: 0.033741
RR: 0.052791
DD: 0.0037549999999999997
DR: 0.033909
RR: 0.053179
DD: 0.003754
DR: 0.034095
RR: 0.053537999999999995
DD: 0.003756
DR: 0.034072
RR: 0.053903
DD: 0.0038109999999999997
DR: 0.034464999999999996
RR: 0.054362999999999995
DD: 0.003793
DR: 0.034554
RR: 0.054509999999999996
DD: 0.0038269999999999997
DR: 0.034489
RR: 0.054382
DD: 0.0038239999999999997
DR: 0.034616
RR: 0.054332
DD: 0.003799
DR: 0.034623
RR: 0.054041
DD: 0.003774
DR: 0.03408200000000006
RR: 0.053703999999999995
DD: 0.00378
DR: 0.034263
RR: 0.053507
DD: 0.0037519999999999997
DR: 0.034018
RR: 0.053092999999999994
DD: 0.0037519999999999997
DR: 0.033923999999999996
RR: 0.052740999999999996
DD: 0.0037419999999999997
DR: 0.033691
RR: 0.052591
DD: 0.003754
DR: 0.033895
RR: 0.052521
DD: 0.00375
DR: 0.03382700000000005
RR: 0.052812
DD: 0.003698
DR: 0.033971
RR: 0.052586999999999995
/oak/stanford/orgs/kipac/users/mahlet/quaia_bias/scripts/jackknife.py:226: RuntimeWarning: Mean of empty slice
  cf_mean = np.nanmean(cf_jackknife, axis = 0)  # is it ok to ignore nan values?
saved to _G20.5_rmin0.001_rmax10.0_nbins30_zmin3.0zmax4.6_Lmaxsplit4bin0_N50_Planck_MC_b30

Pixels masked by MC but not already by selfunc: 180
G20.5_zmin3.0zmax4.6_Lmaxsplit4bin1: 0.29              12912 vs 18229
/home/groups/tabel/mahlet/quaia-env/lib/python3.10/site-packages/Corrfunc/utils.py:918: UserWarning: One or more input array has non-native endianness!  A copy will be made with the correct endianness.
  warnings.warn("One or more input array has non-native endianness!  A copy will"\
DD: 0.005222999999999999
DR: 0.069712
RR: 0.140477
DD: 0.005267
DR: 0.06956899999999999
RR: 0.140476
DD: 0.005186
DR: 0.069384
RR: 0.140112
DD: 0.005203999999999999
DR: 0.06931899999999999
RR: 0.14027199999999998
DD: 0.005226
DR: 0.06919600000000004
RR: 0.140097
DD: 0.005214
DR: 0.069244
RR: 0.14049699999999998
DD: 0.005207
DR: 0.06960899999999999
RR: 0.14090200000000008
DD: 0.005235
DR: 0.069475
RR: 0.141455
DD: 0.005225
DR: 0.069633
RR: 0.142147
DD: 0.005253
DR: 0.070114
RR: 0.14344900000000005
DD: 0.005277
DR: 0.070564
RR: 0.143954
DD: 0.005298
DR: 0.071266
RR: 0.145116
DD: 0.005311
DR: 0.07161100000000009
RR: 0.147042
DD: 0.0053029999999999996
DR: 0.07171799999999999
RR: 0.146539
DD: 0.005327999999999999
DR: 0.071738
RR: 0.147721
DD: 0.005971
DR: 0.072423
RR: 0.14648
DD: 0.005292
DR: 0.071049
RR: 0.14573999999999998
DD: 0.005274
DR: 0.070689
RR: 0.144619
DD: 0.0052699999999999995
DR: 0.069975
RR: 0.14318799999999998
DD: 0.005239
DR: 0.069877
RR: 0.142323
DD: 0.00522
DR: 0.06943300000000008
RR: 0.141198
DD: 0.005227
DR: 0.069173
RR: 0.14077
DD: 0.0051909999999999994
DR: 0.069164
RR: 0.14016599999999999
DD: 0.0051849999999999995
DR: 0.068998
RR: 0.140317
DD: 0.0051719999999999995
DR: 0.068634
RR: 0.139903
DD: 0.005175
DR: 0.068852
RR: 0.1396360000000001
DD: 0.005194
DR: 0.068817
RR: 0.13946999999999998
DD: 0.005183
DR: 0.068829
RR: 0.139601
DD: 0.005201
DR: 0.068955
RR: 0.139827
DD: 0.00522
DR: 0.06876
RR: 0.14012
DD: 0.005208
DR: 0.06909599999999999
RR: 0.13994399999999999
DD: 0.005219
DR: 0.068953
RR: 0.14052299999999998
DD: 0.0052109999999999995
DR: 0.06922199999999999
RR: 0.140842
DD: 0.005278
DR: 0.069476
RR: 0.14133700000000005
DD: 0.0052049999999999996
DR: 0.06994
RR: 0.142448
DD: 0.0052109999999999995
DR: 0.070267
RR: 0.143693
DD: 0.005294
DR: 0.070863
RR: 0.14485399999999998
DD: 0.0053349999999999995
DR: 0.071287
RR: 0.146281
DD: 0.005358
DR: 0.071481
RR: 0.14642
DD: 0.005345
DR: 0.07182500000000003
RR: 0.146652
DD: 0.005338
DR: 0.07149599999999999
RR: 0.14629499999999998
DD: 0.005304
DR: 0.07121
RR: 0.145698
DD: 0.005228
DR: 0.070615
RR: 0.144416
DD: 0.005242999999999999
DR: 0.070189
RR: 0.143065
DD: 0.005203999999999999
DR: 0.06996
RR: 0.14196899999999998
DD: 0.005216
DR: 0.069703
RR: 0.14130199999999998
DD: 0.005216
DR: 0.069565
RR: 0.140993
DD: 0.0052109999999999995
DR: 0.0694490000000001
RR: 0.140713
DD: 0.005196
DR: 0.069268
RR: 0.14071799999999998
DD: 0.005209
DR: 0.06933
RR: 0.140231
saved to _G20.5_rmin0.001_rmax10.0_nbins30_zmin3.0zmax4.6_Lmaxsplit4bin1_N50_Planck_MC_b30

Pixels masked by MC but not already by selfunc: 250
G20.5_zmin3.0zmax4.6_Lmaxsplit4bin2: 0.27              20092 vs 27343
/home/groups/tabel/mahlet/quaia-env/lib/python3.10/site-packages/Corrfunc/utils.py:918: UserWarning: One or more input array has non-native endianness!  A copy will be made with the correct endianness.
  warnings.warn("One or more input array has non-native endianness!  A copy will"\
DD: 0.007104
DR: 0.115059
RR: 0.276338
DD: 0.007035
DR: 0.114395
RR: 0.2755040000000001
DD: 0.007089
DR: 0.114672
RR: 0.276541
DD: 0.007078
DR: 0.11477400000000004
RR: 0.275958
DD: 0.007052999999999999
DR: 0.11528999999999999
RR: 0.278486
DD: 0.007669
DR: 0.116739
RR: 0.277694
DD: 0.007096
DR: 0.1161
RR: 0.278587
DD: 0.007072999999999999
DR: 0.116017
RR: 0.279358
DD: 0.007072999999999999
DR: 0.11655399999999999
RR: 0.281086
DD: 0.007102
DR: 0.116715
RR: 0.2820480000000001
DD: 0.007154
DR: 0.11752499999999999
RR: 0.284928
DD: 0.007163999999999999
DR: 0.118477
RR: 0.28806699999999996
DD: 0.007221999999999999
DR: 0.11971499999999999
RR: 0.29018600000000006
DD: 0.007214
DR: 0.1195
RR: 0.289806
DD: 0.007212
DR: 0.11923099999999999
RR: 0.289543
DD: 0.007207
DR: 0.118948
RR: 0.28952500000000003
DD: 0.0072429999999999994
DR: 0.11895399999999999
RR: 0.288412
DD: 0.007169
DR: 0.11743500000000007
RR: 0.286
DD: 0.0071319999999999995
DR: 0.116598
RR: 0.282277
DD: 0.007097
DR: 0.116711
RR: 0.280692
DD: 0.0070599999999999994
DR: 0.11591300000000004
RR: 0.282196
DD: 0.007755
DR: 0.117145
RR: 0.277636
DD: 0.007076
DR: 0.115546
RR: 0.276928
DD: 0.00707
DR: 0.11542999999999999
RR: 0.277078
DD: 0.007019
DR: 0.114966
RR: 0.276611
DD: 0.007018
DR: 0.11516799999999999
RR: 0.276159
DD: 0.007084
DR: 0.114898
RR: 0.275474
DD: 0.0070599999999999994
DR: 0.114795
RR: 0.275853
DD: 0.007012
DR: 0.115147
RR: 0.276705
DD: 0.007032999999999999
DR: 0.11549699999999999
RR: 0.27651400000000004
DD: 0.007055
DR: 0.115395
RR: 0.277623
DD: 0.007084
DR: 0.11602000000000001
RR: 0.27813499999999997
DD: 0.007056
DR: 0.116378
RR: 0.27948300000000004
DD: 0.007085999999999999
DR: 0.11665199999999999
RR: 0.28066599999999997
DD: 0.00709
DR: 0.116572
RR: 0.28221399999999996
DD: 0.007149
DR: 0.117535
RR: 0.285054
DD: 0.007174
DR: 0.118631
RR: 0.287282
DD: 0.007215
DR: 0.11975899999999999
RR: 0.289898
DD: 0.007207
DR: 0.119183
RR: 0.29059799999999997
DD: 0.007266
DR: 0.119478
RR: 0.289913
DD: 0.007227
DR: 0.11960599999999999
RR: 0.290073
DD: 0.007186
DR: 0.119364
RR: 0.288334
DD: 0.0071389999999999995
DR: 0.117781
RR: 0.286033
DD: 0.007244
DR: 0.11665199999999999
RR: 0.2832490000000001
DD: 0.007072999999999999
DR: 0.11674599999999999
RR: 0.281342
DD: 0.007097
DR: 0.11623800000000006
RR: 0.281732
DD: 0.007659999999999999
DR: 0.116378
RR: 0.27857300000000007
DD: 0.00713
DR: 0.115215
RR: 0.278279
DD: 0.007088
DR: 0.115229
RR: 0.277159
DD: 0.007107
DR: 0.115102
RR: 0.27718200000000004
saved to _G20.5_rmin0.001_rmax10.0_nbins30_zmin3.0zmax4.6_Lmaxsplit4bin2_N50_Planck_MC_b30

Pixels masked by MC but not already by selfunc: 307
G20.5_zmin3.0zmax4.6_Lmaxsplit4bin3: 0.23              28043 vs 36458
/home/groups/tabel/mahlet/quaia-env/lib/python3.10/site-packages/Corrfunc/utils.py:918: UserWarning: One or more input array has non-native endianness!  A copy will be made with the correct endianness.
  warnings.warn("One or more input array has non-native endianness!  A copy will"\
DD: 0.009262
DR: 0.173344
RR: 0.476485
DD: 0.009241
DR: 0.17379899999999998
RR: 0.475322
DD: 0.009198999999999999
DR: 0.172032
RR: 0.47504500000000005
DD: 0.009103
DR: 0.172542
RR: 0.47520000000000007
DD: 0.009144
DR: 0.172484
RR: 0.477105
DD: 0.009243
DR: 0.173388
RR: 0.47821900000000006
DD: 0.009153
DR: 0.17197199999999999
RR: 0.47997
DD: 0.028718999999999998
DR: 0.174085
RR: 0.481714
DD: 0.009321
DR: 0.174451
RR: 0.483826
DD: 0.009328
DR: 0.17521699999999998
RR: 0.48606499999999997
DD: 0.009398
DR: 0.176636
RR: 0.491116
DD: 0.00941
DR: 0.177702
RR: 0.496285
DD: 0.009474
DR: 0.178557
RR: 0.497976
DD: 0.009507
DR: 0.179693
RR: 0.5007090000000001
DD: 0.00949
DR: 0.17959899999999998
RR: 0.498591
DD: 0.009465999999999999
DR: 0.179424
RR: 0.501172
DD: 0.009472
DR: 0.178535
RR: 0.49753899999999995
DD: 0.009387999999999999
DR: 0.176925
RR: 0.492121
DD: 0.009372
DR: 0.175337
RR: 0.488102
DD: 0.009321
DR: 0.174312
RR: 0.48278699999999997
DD: 0.009295
DR: 0.172362
RR: 0.478942
DD: 0.009208
DR: 0.17227299999999998
RR: 0.47682399999999997
DD: 0.009145
DR: 0.172424
RR: 0.476027
DD: 0.009171
DR: 0.171961
RR: 0.475167
DD: 0.009200999999999999
DR: 0.170839
RR: 0.4743240000000001
DD: 0.009153999999999999
DR: 0.17105399999999998
RR: 0.4749340000000001
DD: 0.009422999999999999
DR: 0.174256
RR: 0.47758200000000006
DD: 0.009203
DR: 0.17357599999999998
RR: 0.47823400000000005
DD: 0.009217999999999999
DR: 0.170785
RR: 0.47499500000000006
DD: 0.009117
DR: 0.171268
RR: 0.475205
DD: 0.009198
DR: 0.172572
RR: 0.477001
DD: 0.009283
DR: 0.172307
RR: 0.47753600000000007
DD: 0.009216
DR: 0.17576799999999998
RR: 0.483032
DD: 0.009363
DR: 0.17531
RR: 0.48412200000000005
DD: 0.009254
DR: 0.175695
RR: 0.48741900000000005
DD: 0.009313
DR: 0.175322
RR: 0.49056200000000005
DD: 0.009419
DR: 0.177165
RR: 0.49389000000000005
DD: 0.009708999999999999
DR: 0.180784
RR: 0.5010600000000001
DD: 0.009464
DR: 0.179089
RR: 0.500549
DD: 0.009455999999999999
DR: 0.180022
RR: 0.502909
DD: 0.00951
DR: 0.180067
RR: 0.5003960000000001
DD: 0.009448999999999999
DR: 0.179178
RR: 0.49908399999999997
DD: 0.009351
DR: 0.17815799999999998
RR: 0.495568
DD: 0.009375999999999999
DR: 0.17765799999999998
RR: 0.491707
DD: 0.009271
DR: 0.176038
RR: 0.488812
DD: 0.009297
DR: 0.176475
RR: 0.48467800000000005
DD: 0.009231
DR: 0.17551
RR: 0.48225700000000005
DD: 0.009241
DR: 0.176258
RR: 0.481897
DD: 0.009234
DR: 0.17485499999999998
RR: 0.47969800000000007
DD: 0.009152
DR: 0.17632499999999998
RR: 0.479534
saved to _G20.5_rmin0.001_rmax10.0_nbins30_zmin3.0zmax4.6_Lmaxsplit4bin3_N50_Planck_MC_b30

done!
