Starting batch job

G20.5: computing wtheta in 30 bins from 0.001 to 10.0 on a log scale...

Pixels masked by MC but not already by selfunc: 1703
G20.5_zmin0.0zmax1.0_Lsplit2bin0: 0.01              160465 vs 162168
/home/groups/tabel/mahlet/quaia-env/lib/python3.10/site-packages/Corrfunc/utils.py:918: UserWarning: One or more input array has non-native endianness!  A copy will be made with the correct endianness.
  warnings.warn("One or more input array has non-native endianness!  A copy will"\
DD: 0.09438400000000002
DR: 2.287012
RR: 17.744829
saved to _G20.5_rmin0.001_rmax10.0_nbins30_zmin0.0zmax1.0_Lsplit2bin0_Planck_MC_b0
Pixels masked by MC but not already by selfunc: 1491
G20.5_zmin0.0zmax1.0_Lsplit2bin1: 0.01              160677 vs 162168
/home/groups/tabel/mahlet/quaia-env/lib/python3.10/site-packages/Corrfunc/utils.py:918: UserWarning: One or more input array has non-native endianness!  A copy will be made with the correct endianness.
  warnings.warn("One or more input array has non-native endianness!  A copy will"\
DD: 0.071938
DR: 2.77443
RR: 18.50609
saved to _G20.5_rmin0.001_rmax10.0_nbins30_zmin0.0zmax1.0_Lsplit2bin1_Planck_MC_b0
Pixels masked by MC but not already by selfunc: 3415
G20.5_zmin1.0zmax2.0_Lsplit2bin0: 0.01              320683 vs 324098
/home/groups/tabel/mahlet/quaia-env/lib/python3.10/site-packages/Corrfunc/utils.py:918: UserWarning: One or more input array has non-native endianness!  A copy will be made with the correct endianness.
  warnings.warn("One or more input array has non-native endianness!  A copy will"\
DD: 0.181618
DR: 8.307838
RR: 72.940904
saved to _G20.5_rmin0.001_rmax10.0_nbins30_zmin1.0zmax2.0_Lsplit2bin0_Planck_MC_b0
Pixels masked by MC but not already by selfunc: 2793
G20.5_zmin1.0zmax2.0_Lsplit2bin1: 0.01              321305 vs 324098
/home/groups/tabel/mahlet/quaia-env/lib/python3.10/site-packages/Corrfunc/utils.py:918: UserWarning: One or more input array has non-native endianness!  A copy will be made with the correct endianness.
  warnings.warn("One or more input array has non-native endianness!  A copy will"\
DD: 0.20807799999999999
DR: 9.623695
RR: 86.313397
saved to _G20.5_rmin0.001_rmax10.0_nbins30_zmin1.0zmax2.0_Lsplit2bin1_Planck_MC_b0
Pixels masked by MC but not already by selfunc: 1880
G20.5_zmin2.0zmax3.0_Lsplit2bin0: 0.01              141374 vs 143254
/home/groups/tabel/mahlet/quaia-env/lib/python3.10/site-packages/Corrfunc/utils.py:918: UserWarning: One or more input array has non-native endianness!  A copy will be made with the correct endianness.
  warnings.warn("One or more input array has non-native endianness!  A copy will"\
DD: 0.057694999999999996
DR: 2.083161
RR: 13.857059
saved to _G20.5_rmin0.001_rmax10.0_nbins30_zmin2.0zmax3.0_Lsplit2bin0_Planck_MC_b0
Pixels masked by MC but not already by selfunc: 1696
G20.5_zmin2.0zmax3.0_Lsplit2bin1: 0.01              141558 vs 143254
/home/groups/tabel/mahlet/quaia-env/lib/python3.10/site-packages/Corrfunc/utils.py:918: UserWarning: One or more input array has non-native endianness!  A copy will be made with the correct endianness.
  warnings.warn("One or more input array has non-native endianness!  A copy will"\
DD: 0.06405999999999999
DR: 2.101086
RR: 16.413763
saved to _G20.5_rmin0.001_rmax10.0_nbins30_zmin2.0zmax3.0_Lsplit2bin1_Planck_MC_b0
Pixels masked by MC but not already by selfunc: 221
G20.5_zmin3.0zmax4.6_Lsplit2bin0: 0.01              18008 vs 18229
/home/groups/tabel/mahlet/quaia-env/lib/python3.10/site-packages/Corrfunc/utils.py:918: UserWarning: One or more input array has non-native endianness!  A copy will be made with the correct endianness.
  warnings.warn("One or more input array has non-native endianness!  A copy will"\
DD: 0.007593
DR: 0.134127
RR: 0.311828
saved to _G20.5_rmin0.001_rmax10.0_nbins30_zmin3.0zmax4.6_Lsplit2bin0_Planck_MC_b0
Pixels masked by MC but not already by selfunc: 165
G20.5_zmin3.0zmax4.6_Lsplit2bin1: 0.01              18064 vs 18229
/home/groups/tabel/mahlet/quaia-env/lib/python3.10/site-packages/Corrfunc/utils.py:918: UserWarning: One or more input array has non-native endianness!  A copy will be made with the correct endianness.
  warnings.warn("One or more input array has non-native endianness!  A copy will"\
DD: 0.007619
DR: 0.133036
RR: 0.318148
saved to _G20.5_rmin0.001_rmax10.0_nbins30_zmin3.0zmax4.6_Lsplit2bin1_Planck_MC_b0
done!
