Starting batch job

G20.5: computing wtheta in 30 bins from 0.001 to 10.0 on a log scale for 50 jackknife regions...
--L: maxsplit

z: None split 4
L: None maxsplit 4
Pixels masked by MC but not already by selfunc: 0
G20.5_zsplit4bin0_Lmaxsplit4bin0: 0.75              20472 vs 80949
/home/groups/tabel/mahlet/quaia-env/lib/python3.10/site-packages/Corrfunc/utils.py:918: UserWarning: One or more input array has non-native endianness!  A copy will be made with the correct endianness.
  warnings.warn("One or more input array has non-native endianness!  A copy will"\
DD: 0.019410999999999998
DR: 0.30890700000000004
RR: 1.234057
DD: 0.009394999999999999
DR: 0.23739200000000005
RR: 1.030802
DD: 0.009179999999999999
DR: 0.250915
RR: 1.09575
DD: 0.01039
DR: 0.27417500000000006
RR: 1.0166520000000001
DD: 0.010855
DR: 0.24041900000000005
RR: 1.018878
DD: 0.009393
DR: 0.276872
RR: 1.073761
DD: 0.012489
DR: 0.280954
RR: 1.155258
DD: 0.012407999999999999
DR: 0.28287400000000007
RR: 1.241463
DD: 0.010747999999999999
DR: 0.313565
RR: 1.162412
DD: 0.010702
DR: 0.309759
RR: 1.243514
DD: 0.012281
DR: 0.29228
RR: 1.155402
DD: 0.014058999999999999
DR: 0.29889
RR: 1.232449
DD: 0.011292
DR: 0.304067
RR: 1.231335
DD: 0.010844
DR: 0.29561899999999997
RR: 1.1904370000000002
DD: 0.012003999999999999
DR: 0.275538
RR: 1.215986
DD: 0.012199
DR: 0.272152
RR: 1.206658
DD: 0.010107
DR: 0.2782760000000001
RR: 1.215338
DD: 0.014046
DR: 0.2884300000000001
RR: 1.187397
DD: 0.009923999999999999
DR: 0.296578
RR: 1.246862
DD: 0.012907
DR: 0.292203
RR: 1.271034
DD: 0.010461999999999999
DR: 0.293666
RR: 1.165444
DD: 0.011680999999999999
DR: 0.2681260000000001
RR: 1.226798
DD: 0.012601999999999999
DR: 0.281879
RR: 1.104323
DD: 0.009552
DR: 0.26600199999999996
RR: 1.1061
DD: 0.011498999999999999
DR: 0.260242
RR: 1.164605
DD: 0.009876
DR: 0.274918
RR: 1.142173
DD: 0.009717
DR: 0.27396
RR: 1.145811
DD: 0.009951999999999999
DR: 0.28032799999999997
RR: 1.2116980000000002
DD: 0.010825999999999999
DR: 0.28931599999999996
RR: 1.164629
DD: 0.012334999999999999
DR: 0.269935
RR: 1.157985
DD: 0.010166
DR: 0.28359100000000004
RR: 1.214254
DD: 0.012981
DR: 0.29317400000000005
RR: 1.184248
DD: 0.011415
DR: 0.313447
RR: 1.250604
DD: 0.014334
DR: 0.29753799999999997
RR: 1.205638
DD: 0.012124999999999999
DR: 0.299624
RR: 1.10707
DD: 0.009772999999999999
DR: 0.263617
RR: 1.127188
DD: 0.012119999999999999
DR: 0.2721140000000001
RR: 1.2431269999999999
DD: 0.013895
DR: 0.29041700000000004
RR: 1.209533
DD: 0.010223999999999999
DR: 0.31737099999999996
RR: 1.317379
DD: 0.012086
DR: 0.30000299999999996
RR: 1.275318
DD: 0.014025
DR: 0.303852
RR: 1.216855
DD: 0.012978
DR: 0.302628
RR: 1.2481140000000002
DD: 0.011871
DR: 0.309702
RR: 1.193821
DD: 0.011319
DR: 0.291301
RR: 1.203158
DD: 0.011793
DR: 0.30321
RR: 1.301448
DD: 0.012645
DR: 0.276495
RR: 1.189654
DD: 0.010827999999999999
DR: 0.276923
RR: 1.2104409999999999
DD: 0.012624999999999999
DR: 0.268247
RR: 1.122786
DD: 0.010468
DR: 0.262773
RR: 1.131964
DD: 0.011817999999999999
DR: 0.265487
RR: 1.207182
saved to _G20.5_rmin0.001_rmax10.0_nbins30_zsplit4bin0_Lmaxsplit4bin0_N50_Planck_MC_b50

Pixels masked by MC but not already by selfunc: 0
G20.5_zsplit4bin0_Lmaxsplit4bin1: 0.72              45693 vs 161897
/home/groups/tabel/mahlet/quaia-env/lib/python3.10/site-packages/Corrfunc/utils.py:918: UserWarning: One or more input array has non-native endianness!  A copy will be made with the correct endianness.
  warnings.warn("One or more input array has non-native endianness!  A copy will"\
DD: 0.025936999999999998
DR: 0.896949
RR: 5.041199
DD: 0.024086
DR: 0.856148
RR: 4.939412
DD: 0.025124
DR: 0.790754
RR: 4.683531
DD: 0.026278
DR: 0.866734
RR: 5.030196
DD: 0.023625999999999998
DR: 0.840083
RR: 4.994673
DD: 0.026174
DR: 0.824519
RR: 5.08636
DD: 0.023544
DR: 0.879377
RR: 5.091535
DD: 0.024248
DR: 0.8420989999999999
RR: 5.221016
DD: 0.02276
DR: 0.891415
RR: 5.702
DD: 0.029016
DR: 0.8702650000000001
RR: 5.763412
DD: 0.027445999999999998
DR: 0.92343
RR: 5.284157
DD: 0.022809
DR: 0.774974
RR: 5.328939
DD: 0.027719999999999998
DR: 0.894705
RR: 5.67781
DD: 0.028194999999999998
DR: 0.902678
RR: 5.481318
DD: 0.024693
DR: 0.879726
RR: 5.352189
DD: 0.02444
DR: 0.889628
RR: 5.313864
DD: 0.024529
DR: 0.887089
RR: 5.5790939999999996
DD: 0.024841
DR: 0.897187
RR: 5.629284
DD: 0.029172999999999998
DR: 0.896068
RR: 5.437483
DD: 0.026343
DR: 0.8049229999999999
RR: 5.080881
DD: 0.027431999999999998
DR: 0.85536
RR: 5.25572
DD: 0.026411999999999998
DR: 0.82993
RR: 5.164744
DD: 0.023250999999999997
DR: 0.807027
RR: 5.010721
DD: 0.024183
DR: 0.774804
RR: 4.9781320000000004
DD: 0.022931
DR: 0.8135009999999999
RR: 4.8316230000000004
DD: 0.022824
DR: 0.8708629999999999
RR: 5.192946
DD: 0.024666000000000077
DR: 0.8688
RR: 5.224287
DD: 0.026521
DR: 0.83111
RR: 4.798135
DD: 0.024791999999999998
DR: 0.74965
RR: 4.748155
DD: 0.024690999999999998
DR: 0.795284
RR: 5.173023
DD: 0.025935
DR: 0.8434969999999999
RR: 5.097014
DD: 0.026597
DR: 0.89117
RR: 5.086546
DD: 0.026466
DR: 0.851777
RR: 5.251299
DD: 0.026277
DR: 0.907081
RR: 5.319104
DD: 0.026792
DR: 0.9070860000000001
RR: 5.599336
DD: 0.026855999999999998
DR: 0.939653
RR: 5.516563
DD: 0.024666
DR: 0.86496
RR: 5.141162
DD: 0.027134
DR: 0.846879
RR: 5.460686
DD: 0.025469
DR: 0.880893
RR: 5.715692
DD: 0.026633
DR: 0.991685
RR: 5.611167
DD: 0.024562
DR: 0.892954
RR: 5.495638
DD: 0.022892
DR: 0.843559
RR: 5.323024
DD: 0.023164999999999998
DR: 0.843437
RR: 5.842308
DD: 0.025119
DR: 1.001556
RR: 5.952632
DD: 0.02759
DR: 0.928414
RR: 5.456634
DD: 0.024888999999999998
DR: 0.825155
RR: 5.358951
DD: 0.025644999999999998
DR: 0.8887929999999999
RR: 5.254342
DD: 0.02443
DR: 0.821421
RR: 5.144583
DD: 0.023454
DR: 0.83411
RR: 5.094777
DD: 0.025827
DR: 0.811647
RR: 4.97744
saved to _G20.5_rmin0.001_rmax10.0_nbins30_zsplit4bin0_Lmaxsplit4bin1_N50_Planck_MC_b50

Pixels masked by MC but not already by selfunc: 0
G20.5_zsplit4bin0_Lmaxsplit4bin2: 0.68              76890 vs 242846
/home/groups/tabel/mahlet/quaia-env/lib/python3.10/site-packages/Corrfunc/utils.py:918: UserWarning: One or more input array has non-native endianness!  A copy will be made with the correct endianness.
  warnings.warn("One or more input array has non-native endianness!  A copy will"\
DD: 0.042301
DR: 1.7585790000000001
RR: 13.469979
DD: 0.044343
DR: 1.754464
RR: 13.794802
DD: 0.045595
DR: 1.793556
RR: 13.73911
DD: 0.046188
DR: 1.991494
RR: 13.714006
DD: 0.04151
DR: 1.718578
RR: 14.009675
DD: 0.045381
DR: 2.012475
RR: 14.217682
DD: 0.045592
DR: 1.899571
RR: 14.82813
DD: 0.048185
DR: 2.020311
RR: 14.475583
DD: 0.047035999999999994
DR: 2.056489
RR: 15.368942
DD: 0.049361999999999996
DR: 1.893933
RR: 15.200481
DD: 0.047886
DR: 2.022469
RR: 15.196856
DD: 0.046575
DR: 2.455312
RR: 15.383478
DD: 0.048813999999999996
DR: 2.057762
RR: 15.1481
DD: 0.042816
DR: 1.983493
RR: 15.949484
DD: 0.049403999999999997
DR: 1.880781
RR: 14.992681
DD: 0.046397
DR: 1.975496
RR: 14.904606
DD: 0.047764
DR: 1.896237
RR: 15.489563
DD: 0.051309999999999995
DR: 2.159393
RR: 14.436655
DD: 0.048197000000000045
DR: 1.965403
RR: 15.31401
DD: 0.043864
DR: 2.021077
RR: 15.130771
DD: 0.048651
DR: 1.964009
RR: 14.727066
DD: 0.044936
DR: 2.170204
RR: 14.746205
DD: 0.045501
DR: 1.871156
RR: 14.479059
DD: 0.043913
DR: 1.8596300000000001
RR: 14.0653
DD: 0.042269
DR: 1.825002
RR: 13.75385
DD: 0.04544
DR: 1.916902
RR: 13.845111
DD: 0.04137
DR: 1.99803
RR: 13.775684
DD: 0.047095
DR: 1.757312
RR: 13.738649
DD: 0.04287
DR: 1.843877
RR: 13.581966
DD: 0.045008
DR: 1.8193869999999999
RR: 13.910205
DD: 0.042963999999999995
DR: 1.676373
RR: 14.077662
DD: 0.045314
DR: 1.918346
RR: 14.38966
DD: 0.046585999999999995
DR: 1.873297
RR: 15.062735
DD: 0.05175
DR: 2.076607
RR: 14.981246
DD: 0.048334999999999996
DR: 1.993544
RR: 15.216203
DD: 0.04627000000000003
DR: 2.007988
RR: 14.87089
DD: 0.050864
DR: 1.973093
RR: 15.233101
DD: 0.04464
DR: 1.79555
RR: 14.986135
DD: 0.046105
DR: 1.925848
RR: 14.744673
DD: 0.046389
DR: 1.938641
RR: 15.718935
DD: 0.049788
DR: 2.049443
RR: 14.556688
DD: 0.046714
DR: 2.037618
RR: 15.19771
DD: 0.049800000000000066
DR: 1.958068
RR: 15.645583
DD: 0.048013
DR: 2.160268
RR: 14.994896
DD: 0.051723
DR: 2.052185
RR: 15.269737
DD: 0.045377
DR: 2.031981
RR: 14.869093
DD: 0.045544
DR: 2.040403
RR: 15.078372
DD: 0.042667
DR: 1.71903
RR: 14.349969
DD: 0.046488999999999996
DR: 1.920543
RR: 14.143108
DD: 0.045717999999999995
DR: 1.810281
RR: 14.257189
saved to _G20.5_rmin0.001_rmax10.0_nbins30_zsplit4bin0_Lmaxsplit4bin2_N50_Planck_MC_b50

Pixels masked by MC but not already by selfunc: 0
G20.5_zsplit4bin0_Lmaxsplit4bin3: 0.67              108137 vs 323795
/home/groups/tabel/mahlet/quaia-env/lib/python3.10/site-packages/Corrfunc/utils.py:918: UserWarning: One or more input array has non-native endianness!  A copy will be made with the correct endianness.
  warnings.warn("One or more input array has non-native endianness!  A copy will"\
DD: 0.0728
DR: 3.177702
RR: 27.795186
DD: 0.07914100000000002
DR: 3.3147960000000003
RR: 26.867323
DD: 0.068703
DR: 3.119041
RR: 27.809903
DD: 0.075363
DR: 3.192875
RR: 26.871506
DD: 0.072269
DR: 3.150585
RR: 28.054661
DD: 0.073394
DR: 3.362231
RR: 27.654851999999998
DD: 0.070795
DR: 3.41957
RR: 29.670178
DD: 0.07686599999999999
DR: 3.386785
RR: 29.172581
DD: 0.077278
DR: 3.5936339999999998
RR: 30.861623
DD: 0.07295499999999999
DR: 3.301999
RR: 30.633466
DD: 0.076227
DR: 3.432268
RR: 30.699885
DD: 0.078854
DR: 3.403556
RR: 31.029638
DD: 0.07484199999999999
DR: 3.408909
RR: 30.568727
DD: 0.072096
DR: 3.505669
RR: 30.685636
DD: 0.081242
DR: 3.620677
RR: 30.770662
DD: 0.08022699999999999
DR: 3.534849
RR: 30.63286
DD: 0.07717199999999999
DR: 3.807885
RR: 30.281121
DD: 0.07918299999999999
DR: 3.514261
RR: 31.096534
DD: 0.084718
DR: 3.317993
RR: 30.181642
DD: 0.0775
DR: 3.518253
RR: 31.077562
DD: 0.070228
DR: 3.228752
RR: 30.639976
DD: 0.07475600000000004
DR: 3.351406
RR: 30.032228
DD: 0.08409700000000009
DR: 3.345912
RR: 28.704034
DD: 0.074254
DR: 3.284673
RR: 28.322978
DD: 0.07983699999999999
DR: 3.387648
RR: 27.929851
DD: 0.07206200000000007
DR: 3.329782
RR: 27.92766
DD: 0.06879099999999999
DR: 3.220319
RR: 27.753607
DD: 0.071287
DR: 3.297796
RR: 27.682268
DD: 0.07008099999999999
DR: 3.240024
RR: 27.960798
DD: 0.064387
DR: 3.012255
RR: 27.981096
DD: 0.068175
DR: 3.151988
RR: 28.482323
DD: 0.069549
DR: 3.007318
RR: 28.928607
DD: 0.07599900000000004
DR: 3.433032
RR: 29.756206
DD: 0.069834
DR: 3.472756
RR: 30.751581
DD: 0.074962
DR: 3.256213
RR: 30.955617
DD: 0.077114
DR: 3.376186
RR: 31.068339
DD: 0.07532599999999999
DR: 3.410585
RR: 30.932354
DD: 0.081144
DR: 3.460393
RR: 30.801109
DD: 0.10294199999999999
DR: 3.618121
RR: 30.448237
DD: 0.077414
DR: 3.434856
RR: 30.969783
DD: 0.07965900000000004
DR: 3.560984
RR: 30.131252
DD: 0.07792099999999999
DR: 3.436385
RR: 31.521595
DD: 0.081561
DR: 3.556595
RR: 30.301131
DD: 0.08018299999999999
DR: 3.583651
RR: 30.857683
DD: 0.080552
DR: 3.146556
RR: 30.626802
DD: 0.07854900000000009
DR: 3.372828
RR: 30.171235
DD: 0.065033
DR: 3.105488
RR: 29.501203
DD: 0.076292
DR: 3.30811
RR: 29.110184
DD: 0.064495
DR: 3.100563
RR: 28.439157
DD: 0.073168
DR: 3.117356
RR: 28.404485
saved to _G20.5_rmin0.001_rmax10.0_nbins30_zsplit4bin0_Lmaxsplit4bin3_N50_Planck_MC_b50

Pixels masked by MC but not already by selfunc: 0
G20.5_zsplit4bin1_Lmaxsplit4bin0: 0.74              20932 vs 80987
/home/groups/tabel/mahlet/quaia-env/lib/python3.10/site-packages/Corrfunc/utils.py:918: UserWarning: One or more input array has non-native endianness!  A copy will be made with the correct endianness.
  warnings.warn("One or more input array has non-native endianness!  A copy will"\
DD: 0.029897
DR: 0.266943
RR: 1.170941
DD: 0.00987
DR: 0.279294
RR: 1.098258
DD: 0.010926
DR: 0.25173
RR: 1.169402
DD: 0.010365
DR: 0.280537
RR: 1.13482
DD: 0.009975
DR: 0.258804
RR: 1.105298
DD: 0.010617999999999999
DR: 0.258033
RR: 1.116236
DD: 0.012924
DR: 0.256809
RR: 1.2572429999999999
DD: 0.033864
DR: 0.287371
RR: 1.2118929999999999
DD: 0.013822
DR: 0.28168
RR: 1.221425
DD: 0.011132
DR: 0.278904
RR: 1.235091
DD: 0.0127
DR: 0.2887
RR: 1.203555
DD: 0.013774
DR: 0.277288
RR: 1.20629
DD: 0.013888999999999999
DR: 0.289676
RR: 1.167023
DD: 0.013484999999999999
DR: 0.2832
RR: 1.1899359999999999
DD: 0.012506000000000017
DR: 0.265341
RR: 1.22143
DD: 0.015604999999999999
DR: 0.299376
RR: 1.309784
DD: 0.01461
DR: 0.3078350000000001
RR: 1.221701
DD: 0.012511
DR: 0.315144
RR: 1.327896
DD: 0.013245999999999999
DR: 0.325486
RR: 1.415671
DD: 0.013724
DR: 0.29683499999999996
RR: 1.34659
DD: 0.012924999999999999
DR: 0.310927
RR: 1.312932
DD: 0.011177
DR: 0.2924340000000001
RR: 1.175563
DD: 0.01
DR: 0.280508
RR: 1.1711
DD: 0.012622999999999999
DR: 0.272042
RR: 1.046202
DD: 0.011746
DR: 0.264949
RR: 1.135817
DD: 0.013162
DR: 0.268034
RR: 1.091065
DD: 0.01251
DR: 0.255981
RR: 1.0605820000000001
DD: 0.010705
DR: 0.29437399999999997
RR: 1.28906
DD: 0.0136
DR: 0.27519800000000005
RR: 1.207451
DD: 0.013795
DR: 0.293737
RR: 1.131634
DD: 0.010464
DR: 0.265019
RR: 1.129056
DD: 0.011172999999999999
DR: 0.269357
RR: 1.171947
DD: 0.01115
DR: 0.27657899999999996
RR: 1.157836
DD: 0.009729999999999999
DR: 0.272671
RR: 1.263011
DD: 0.011281
DR: 0.292709
RR: 1.205061
DD: 0.011226
DR: 0.285543
RR: 1.233178
DD: 0.01119
DR: 0.28473
RR: 1.243632
DD: 0.010354
DR: 0.288402
RR: 1.201114
DD: 0.009851
DR: 0.277405
RR: 1.228438
DD: 0.010667
DR: 0.28243399999999996
RR: 1.181474
DD: 0.009746
DR: 0.27130600000000005
RR: 1.313586
DD: 0.011098
DR: 0.28487799999999996
RR: 1.213025
DD: 0.010194
DR: 0.27044999999999997
RR: 1.2293280000000002
DD: 0.011533
DR: 0.279125
RR: 1.269492
DD: 0.013940999999999999
DR: 0.29476199999999997
RR: 1.200467
DD: 0.010964
DR: 0.269389
RR: 1.194039
DD: 0.012827999999999999
DR: 0.27613499999999996
RR: 1.1516
DD: 0.009857
DR: 0.25865699999999997
RR: 1.189187
DD: 0.010835
DR: 0.298288
RR: 1.25507
DD: 0.012662999999999999
DR: 0.289585
RR: 1.1417950000000001
saved to _G20.5_rmin0.001_rmax10.0_nbins30_zsplit4bin1_Lmaxsplit4bin0_N50_Planck_MC_b50

Pixels masked by MC but not already by selfunc: 0
G20.5_zsplit4bin1_Lmaxsplit4bin1: 0.72              45375 vs 161974
/home/groups/tabel/mahlet/quaia-env/lib/python3.10/site-packages/Corrfunc/utils.py:918: UserWarning: One or more input array has non-native endianness!  A copy will be made with the correct endianness.
  warnings.warn("One or more input array has non-native endianness!  A copy will"\
DD: 0.020572999999999998
DR: 0.776429
RR: 4.483289
DD: 0.020933
DR: 0.707776
RR: 4.981995
DD: 0.020988
DR: 0.7850239999999999
RR: 4.824568
DD: 0.023656999999999997
DR: 0.821626
RR: 4.907309
DD: 0.026425000000000032
DR: 0.794177
RR: 4.816987
DD: 0.024267
DR: 0.778694
RR: 5.061113
DD: 0.025358
DR: 0.8019189999999999
RR: 5.033317
DD: 0.026285
DR: 0.853748
RR: 5.278189
DD: 0.027686
DR: 0.904589
RR: 5.87139
DD: 0.025855
DR: 0.9034
RR: 5.550215
DD: 0.025845999999999997
DR: 0.791316
RR: 4.90017
DD: 0.022802
DR: 0.908661
RR: 5.625793
DD: 0.027565
DR: 0.88709
RR: 5.393512
DD: 0.02546
DR: 0.861219
RR: 5.362355
DD: 0.025616
DR: 0.936683
RR: 5.373278
DD: 0.029831999999999997
DR: 0.862421
RR: 5.176031
DD: 0.027076
DR: 0.832003
RR: 5.358453
DD: 0.024946
DR: 0.909779
RR: 5.594461
DD: 0.025713
DR: 0.919683
RR: 5.427246
DD: 0.024430999999999998
DR: 0.811518
RR: 4.964881
DD: 0.021261
DR: 0.852001
RR: 5.339032
DD: 0.023348999999999998
DR: 0.880101
RR: 5.261008
DD: 0.024631999999999998
DR: 0.861699
RR: 5.01549
DD: 0.022858
DR: 0.757652
RR: 5.047481
DD: 0.02453
DR: 0.752803
RR: 4.981821
DD: 0.024966
DR: 0.804608
RR: 4.70256
DD: 0.023597
DR: 0.7992
RR: 5.029538
DD: 0.027003
DR: 0.837278
RR: 5.047506
DD: 0.028187999999999998
DR: 0.872332
RR: 4.77185
DD: 0.026983999999999998
DR: 0.776633
RR: 4.615859
DD: 0.026587
DR: 0.849878
RR: 5.224306
DD: 0.024298999999999998
DR: 0.830389
RR: 5.299321
DD: 0.026201
DR: 0.8551599999999999
RR: 5.543483
DD: 0.028211999999999997
DR: 0.854935
RR: 5.518552
DD: 0.023797
DR: 0.845051
RR: 5.421188
DD: 0.022335
DR: 0.853433
RR: 5.527149
DD: 0.026567
DR: 0.892558
RR: 5.623067
DD: 0.025536999999999997
DR: 0.897259
RR: 5.549743
DD: 0.02315
DR: 0.8887
RR: 4.951285
DD: 0.028263
DR: 0.8949509999999999
RR: 5.395533
DD: 0.027259
DR: 0.84812
RR: 5.420252
DD: 0.023909999999999997
DR: 0.86854
RR: 5.385466
DD: 0.025712
DR: 0.87247
RR: 5.415644
DD: 0.025924
DR: 0.8989860000000001
RR: 5.323168
DD: 0.026449999999999998
DR: 0.8800429999999999
RR: 5.547519
DD: 0.027587
DR: 0.839521
RR: 5.378099
DD: 0.023544
DR: 0.829643
RR: 5.151399
DD: 0.023873
DR: 0.800063
RR: 4.906738
DD: 0.021832
DR: 0.850849
RR: 5.27412
DD: 0.026371
DR: 0.83449
RR: 5.539856
saved to _G20.5_rmin0.001_rmax10.0_nbins30_zsplit4bin1_Lmaxsplit4bin1_N50_Planck_MC_b50

Pixels masked by MC but not already by selfunc: 0
G20.5_zsplit4bin1_Lmaxsplit4bin2: 0.70              73839 vs 242961
/home/groups/tabel/mahlet/quaia-env/lib/python3.10/site-packages/Corrfunc/utils.py:918: UserWarning: One or more input array has non-native endianness!  A copy will be made with the correct endianness.
  warnings.warn("One or more input array has non-native endianness!  A copy will"\
DD: 0.042508
DR: 1.647227
RR: 12.967574
DD: 0.041776
DR: 1.725781
RR: 12.873424
DD: 0.041825999999999995
DR: 1.715022
RR: 13.17887
DD: 0.044013
DR: 1.764731
RR: 13.018844
DD: 0.040071999999999997
DR: 1.530751
RR: 13.179152
DD: 0.046084
DR: 1.741574
RR: 13.059163999999999
DD: 0.041866
DR: 1.69528
RR: 13.244582
DD: 0.044746999999999995
DR: 1.847846
RR: 14.316188
DD: 0.039243
DR: 1.670504
RR: 13.834368
DD: 0.046758
DR: 1.902798
RR: 14.29848
DD: 0.044275999999999996
DR: 1.84446
RR: 13.846062
DD: 0.047229
DR: 1.894101
RR: 14.557946
DD: 0.042304999999999995
DR: 1.716908
RR: 13.404176
DD: 0.046214
DR: 1.922446
RR: 14.204387
DD: 0.048715999999999995
DR: 1.766909
RR: 13.995112
DD: 0.043848
DR: 1.867865
RR: 14.871851
DD: 0.045578999999999995
DR: 2.1182
RR: 13.547406
DD: 0.040798999999999995
DR: 1.6795200000000001
RR: 14.143372
DD: 0.046569
DR: 1.821879
RR: 14.217033
DD: 0.046796
DR: 1.789658
RR: 14.104988
DD: 0.042605
DR: 1.884082
RR: 14.545359
DD: 0.039666
DR: 1.688509
RR: 12.827695
DD: 0.04491
DR: 1.779723
RR: 13.479991
DD: 0.044688
DR: 1.742334
RR: 12.989439
DD: 0.041232
DR: 1.8109959999999998
RR: 13.185794
DD: 0.045897
DR: 1.80331
RR: 12.966799
DD: 0.036403
DR: 1.525579
RR: 13.06767
DD: 0.042456
DR: 1.7095850000000001
RR: 12.901277
DD: 0.044240999999999996
DR: 1.7174
RR: 12.482821
DD: 0.038812
DR: 1.851511
RR: 13.716671
DD: 0.043266
DR: 1.671549
RR: 12.34921
DD: 0.044122999999999996
DR: 1.766291
RR: 13.406823
DD: 0.042036
DR: 1.7652709999999998
RR: 13.779463
DD: 0.042883
DR: 1.8244129999999998
RR: 14.689238
DD: 0.04702
DR: 1.848712
RR: 13.627756
DD: 0.043142
DR: 1.8333840000000001
RR: 14.123667
DD: 0.047504
DR: 1.811303
RR: 14.068815
DD: 0.044635
DR: 1.800662
RR: 14.537337
DD: 0.046317
DR: 1.767442
RR: 13.921528
DD: 0.048895999999999995
DR: 1.84562
RR: 14.236796
DD: 0.045517999999999996
DR: 1.8369469999999999
RR: 14.199254
DD: 0.047096
DR: 2.11906
RR: 14.124009
DD: 0.043495
DR: 1.717483
RR: 13.901868
DD: 0.047283
DR: 1.917366
RR: 14.003065
DD: 0.047064999999999996
DR: 1.781914
RR: 13.980197
DD: 0.04954
DR: 1.866688
RR: 14.128377
DD: 0.043406
DR: 1.591891
RR: 13.757438
DD: 0.045280999999999995
DR: 1.753347
RR: 13.064953
DD: 0.040937999999999995
DR: 1.6906219999999998
RR: 13.396953
DD: 0.043560999999999996
DR: 1.708962
RR: 13.659879
saved to _G20.5_rmin0.001_rmax10.0_nbins30_zsplit4bin1_Lmaxsplit4bin2_N50_Planck_MC_b50

Pixels masked by MC but not already by selfunc: 0
G20.5_zsplit4bin1_Lmaxsplit4bin3: 0.65              111816 vs 323949
/home/groups/tabel/mahlet/quaia-env/lib/python3.10/site-packages/Corrfunc/utils.py:918: UserWarning: One or more input array has non-native endianness!  A copy will be made with the correct endianness.
  warnings.warn("One or more input array has non-native endianness!  A copy will"\
DD: 0.076654
DR: 3.418923
RR: 30.852168
DD: 0.07420199999999999
DR: 3.063386
RR: 29.593224
DD: 0.07362600000000008
DR: 3.41648
RR: 30.056776
DD: 0.06877700000000009
DR: 3.404172
RR: 29.667932
DD: 0.079566
DR: 3.4923669999999998
RR: 29.722017
DD: 0.063218
DR: 3.450905
RR: 30.437248
DD: 0.08323
DR: 3.41059
RR: 30.837039
DD: 0.077026
DR: 3.5812809999999997
RR: 32.227418
DD: 0.080908
DR: 3.56593
RR: 31.793774
DD: 0.084955
DR: 3.62767
RR: 32.85027
DD: 0.088785
DR: 3.969769
RR: 32.045234
DD: 0.081537
DR: 3.735866
RR: 32.759435
DD: 0.082623
DR: 3.780372
RR: 31.347527
DD: 0.07850599999999999
DR: 3.720502
RR: 32.385588
DD: 0.085051
DR: 3.536276
RR: 32.600098
DD: 0.079958
DR: 3.770578
RR: 32.884741
DD: 0.08197499999999999
DR: 3.55152
RR: 32.976739
DD: 0.081874
DR: 3.659672
RR: 32.835548
DD: 0.07818599999999999
DR: 3.7103099999999998
RR: 32.797249
DD: 0.093383
DR: 3.85476
RR: 33.246808
DD: 0.087075
DR: 3.762002
RR: 31.639128
DD: 0.08014
DR: 3.763745
RR: 31.477279
DD: 0.075616
DR: 3.100657
RR: 30.463787
DD: 0.076179
DR: 3.37807
RR: 30.273052
DD: 0.070204
DR: 3.391611
RR: 29.897001
DD: 0.07627199999999999
DR: 3.413533
RR: 29.375129
DD: 0.07319099999999999
DR: 3.3121590000000003
RR: 29.066566
DD: 0.078542
DR: 3.662365
RR: 29.142052
DD: 0.07264
DR: 3.299159
RR: 29.866047000000002
DD: 0.079247
DR: 3.5930429999999998
RR: 29.747275
DD: 0.082739
DR: 3.437628
RR: 30.371753
DD: 0.08527599999999999
DR: 3.633761
RR: 30.781123
DD: 0.07675699999999999
DR: 3.544954
RR: 31.910433
DD: 0.069358
DR: 3.331867
RR: 32.736782
DD: 0.081368
DR: 3.606822
RR: 32.526673
DD: 0.086786
DR: 3.695469
RR: 32.709095
DD: 0.088168
DR: 3.886103
RR: 31.836676
DD: 0.08290499999999999
DR: 3.6882989999999998
RR: 33.328099
DD: 0.08147599999999999
DR: 3.428365
RR: 32.256931
DD: 0.080984
DR: 3.588833
RR: 32.089311
DD: 0.081928
DR: 3.597194
RR: 32.587435
DD: 0.084821
DR: 3.708809
RR: 31.975568
DD: 0.08462499999999999
DR: 3.700572
RR: 32.977495
DD: 0.085626
DR: 3.992356
RR: 32.063695
DD: 0.08647099999999999
DR: 3.540384
RR: 32.842161
DD: 0.071093
DR: 3.612359
RR: 32.677769
DD: 0.077747
DR: 3.481242
RR: 31.041534
DD: 0.075574
DR: 3.594552
RR: 29.905704
DD: 0.07418999999999999
DR: 3.465519
RR: 29.518379
DD: 0.07496499999999999
DR: 3.450349
RR: 29.943300999999998
saved to _G20.5_rmin0.001_rmax10.0_nbins30_zsplit4bin1_Lmaxsplit4bin3_N50_Planck_MC_b50

Pixels masked by MC but not already by selfunc: 0
G20.5_zsplit4bin2_Lmaxsplit4bin0: 0.73              21519 vs 80952
/home/groups/tabel/mahlet/quaia-env/lib/python3.10/site-packages/Corrfunc/utils.py:918: UserWarning: One or more input array has non-native endianness!  A copy will be made with the correct endianness.
  warnings.warn("One or more input array has non-native endianness!  A copy will"\
DD: 0.010879999999999999
DR: 0.276086
RR: 1.277872
DD: 0.016193
DR: 0.298226
RR: 1.1048
DD: 0.012528
DR: 0.27404
RR: 1.131055
DD: 0.009778
DR: 0.261301
RR: 1.018805
DD: 0.010007
DR: 0.247883
RR: 1.162432
DD: 0.014837
DR: 0.27332
RR: 1.154935
DD: 0.013443
DR: 0.294427
RR: 1.274212
DD: 0.014636999999999999
DR: 0.29608
RR: 1.329883
DD: 0.013368999999999999
DR: 0.30880599999999997
RR: 1.227657
DD: 0.01036
DR: 0.30449499999999996
RR: 1.341894
DD: 0.013198999999999999
DR: 0.3090200000000001
RR: 1.660871
DD: 0.016558
DR: 0.343021
RR: 1.355566
DD: 0.012792999999999999
DR: 0.29575599999999996
RR: 1.221122
DD: 0.011656
DR: 0.271439
RR: 1.191974
DD: 0.012735999999999999
DR: 0.268994
RR: 1.11651
DD: 0.011946
DR: 0.263513
RR: 1.131769
DD: 0.010763
DR: 0.293659
RR: 1.264916
DD: 0.013177
DR: 0.29226399999999997
RR: 1.267363
DD: 0.012605
DR: 0.283702
RR: 1.254706
DD: 0.013871
DR: 0.29040099999999996
RR: 1.270092
DD: 0.012582999999999999
DR: 0.29838
RR: 1.256862
DD: 0.013613
DR: 0.286481
RR: 1.2273749999999999
DD: 0.01236
DR: 0.26914099999999996
RR: 1.162051
DD: 0.011007999999999999
DR: 0.270579
RR: 1.164292
DD: 0.010452
DR: 0.260133
RR: 1.135231
DD: 0.010714
DR: 0.26275
RR: 1.14842
DD: 0.009838999999999999
DR: 0.27424699999999996
RR: 1.196505
DD: 0.011238
DR: 0.271142
RR: 1.26385
DD: 0.011611999999999999
DR: 0.29123899999999997
RR: 1.129451
DD: 0.010589999999999999
DR: 0.271563
RR: 1.2498870000000002
DD: 0.011552
DR: 0.290328
RR: 1.175341
DD: 0.009963
DR: 0.275154
RR: 1.265583
DD: 0.012062999999999999
DR: 0.29456400000000005
RR: 1.197199
DD: 0.010943999999999999
DR: 0.287266
RR: 1.311736
DD: 0.011463
DR: 0.292118
RR: 1.199646
DD: 0.011007999999999999
DR: 0.272485
RR: 1.206558
DD: 0.012534
DR: 0.286088
RR: 1.250258
DD: 0.012542999999999999
DR: 0.275362
RR: 1.195736
DD: 0.011829
DR: 0.270872
RR: 1.269641
DD: 0.013201
DR: 0.293089
RR: 1.2605
DD: 0.012487999999999999
DR: 0.308596
RR: 1.355727
DD: 0.011363999999999999
DR: 0.29927699999999996
RR: 1.243284
DD: 0.014437
DR: 0.316934
RR: 1.430034
DD: 0.012065
DR: 0.3084180000000001
RR: 1.292476
DD: 0.011566
DR: 0.293244
RR: 1.3139530000000001
DD: 0.012124
DR: 0.306343
RR: 1.246524
DD: 0.00941
DR: 0.3047500000000001
RR: 1.230416
DD: 0.009781999999999999
DR: 0.277391
RR: 1.090407
DD: 0.009604999999999999
DR: 0.25121699999999997
RR: 1.074493
DD: 0.009425
DR: 0.25395500000000004
RR: 1.102205
saved to _G20.5_rmin0.001_rmax10.0_nbins30_zsplit4bin2_Lmaxsplit4bin0_N50_Planck_MC_b50

Pixels masked by MC but not already by selfunc: 0
G20.5_zsplit4bin2_Lmaxsplit4bin1: 0.71              46810 vs 161904
/home/groups/tabel/mahlet/quaia-env/lib/python3.10/site-packages/Corrfunc/utils.py:918: UserWarning: One or more input array has non-native endianness!  A copy will be made with the correct endianness.
  warnings.warn("One or more input array has non-native endianness!  A copy will"\
DD: 0.02761
DR: 0.827914
RR: 5.117278
DD: 0.035564
DR: 0.802231
RR: 4.948144
DD: 0.021492
DR: 0.783027
RR: 4.928586
DD: 0.022222
DR: 0.775709
RR: 5.198337
DD: 0.024668
DR: 0.922545
RR: 5.192516
DD: 0.024338
DR: 0.812622
RR: 5.368531
DD: 0.025736
DR: 0.836394
RR: 4.806682
DD: 0.022622
DR: 0.7531840000000001
RR: 5.962728
DD: 0.024144
DR: 0.855403
RR: 5.553452
DD: 0.027972
DR: 0.903773
RR: 5.579462
DD: 0.025307
DR: 0.87426
RR: 5.534603
DD: 0.027385
DR: 0.87464
RR: 5.466029
DD: 0.024395
DR: 0.874018
RR: 5.684538
DD: 0.025244
DR: 0.920813
RR: 5.9053889999999996
DD: 0.024529
DR: 0.8876269999999999
RR: 5.649983
DD: 0.025256999999999998
DR: 0.804672
RR: 5.148899
DD: 0.022799999999999997
DR: 0.839248
RR: 5.650376
DD: 0.028006
DR: 0.8619829999999999
RR: 5.696435
DD: 0.029007000000000005
DR: 0.980874
RR: 5.507771
DD: 0.027958999999999998
DR: 0.894801
RR: 5.536445
DD: 0.026843
DR: 0.85441
RR: 5.500801
DD: 0.025414
DR: 0.809382
RR: 5.462178
DD: 0.024069
DR: 0.88397
RR: 5.320987
DD: 0.026213999999999998
DR: 0.8219460000000001
RR: 5.028598
DD: 0.024787
DR: 0.756781
RR: 4.817792
DD: 0.025013999999999998
DR: 0.856579
RR: 4.921787
DD: 0.023247999999999998
DR: 0.802919
RR: 5.012712
DD: 0.024274999999999998
DR: 0.7752899999999999
RR: 5.041856
DD: 0.023316
DR: 0.780269
RR: 4.898308
DD: 0.025036
DR: 0.795607
RR: 4.908442
DD: 0.026631
DR: 0.812996
RR: 5.243601
DD: 0.024253999999999998
DR: 0.854059
RR: 5.582496
DD: 0.026552
DR: 0.899337
RR: 5.205373
DD: 0.028447
DR: 0.81577
RR: 5.23021
DD: 0.027830999999999998
DR: 0.830192
RR: 5.908069
DD: 0.027299999999999998
DR: 0.836619
RR: 5.500382
DD: 0.025761
DR: 0.8716619999999999
RR: 5.795758
DD: 0.023129000000000066
DR: 0.86635
RR: 5.523144
DD: 0.024196
DR: 0.8658710000000001
RR: 5.685969
DD: 0.025643
DR: 0.925843
RR: 5.781272
DD: 0.028669999999999998
DR: 0.863599
RR: 5.739032
DD: 0.023055
DR: 0.893082
RR: 5.2056
DD: 0.027208999999999997
DR: 0.89005
RR: 5.475061
DD: 0.025929999999999998
DR: 0.85594
RR: 5.522664
DD: 0.026905
DR: 0.86043
RR: 5.634932
DD: 0.025384999999999998
DR: 0.820766
RR: 5.323318
DD: 0.027177
DR: 0.8410569999999999
RR: 5.489518
DD: 0.026178
DR: 0.779986
RR: 5.166052
DD: 0.024173
DR: 0.8795
RR: 5.813705
DD: 0.02735
DR: 0.842526
RR: 5.044646
saved to _G20.5_rmin0.001_rmax10.0_nbins30_zsplit4bin2_Lmaxsplit4bin1_N50_Planck_MC_b50

Pixels masked by MC but not already by selfunc: 0
G20.5_zsplit4bin2_Lmaxsplit4bin2: 0.68              76598 vs 242856
/home/groups/tabel/mahlet/quaia-env/lib/python3.10/site-packages/Corrfunc/utils.py:918: UserWarning: One or more input array has non-native endianness!  A copy will be made with the correct endianness.
  warnings.warn("One or more input array has non-native endianness!  A copy will"\
DD: 0.048214
DR: 1.7072720000000001
RR: 13.203636
DD: 0.042101000000000055
DR: 1.685954
RR: 13.713958
DD: 0.048770999999999995
DR: 1.803986
RR: 12.633276
DD: 0.044752
DR: 1.75182
RR: 13.564401
DD: 0.045321
DR: 1.803224
RR: 13.24966
DD: 0.049006
DR: 1.787689
RR: 13.947766
DD: 0.047667
DR: 1.850035
RR: 13.603286
DD: 0.047924999999999995
DR: 1.859266
RR: 14.806258
DD: 0.047316
DR: 1.943266
RR: 14.66682
DD: 0.046708
DR: 2.00358
RR: 15.201085
DD: 0.043199999999999995
DR: 1.747258
RR: 15.143022
DD: 0.04874
DR: 1.959396
RR: 14.567263
DD: 0.045611
DR: 1.802324
RR: 15.68918
DD: 0.049138
DR: 1.95349
RR: 14.368766
DD: 0.045599
DR: 1.887756
RR: 15.115853
DD: 0.044683
DR: 1.926643
RR: 14.69434
DD: 0.058393
DR: 1.942989
RR: 14.633931
DD: 0.039261
DR: 1.98131
RR: 15.281957
DD: 0.048859
DR: 1.963698
RR: 14.742764
DD: 0.045422
DR: 1.906019
RR: 15.472301999999999
DD: 0.044268999999999996
DR: 1.7454260000000001
RR: 14.245861
DD: 0.047313
DR: 1.937765
RR: 14.138578
DD: 0.039693
DR: 1.895561
RR: 14.115739
DD: 0.049346
DR: 1.886008
RR: 13.291376
DD: 0.043158999999999996
DR: 1.6228989999999999
RR: 13.640335
DD: 0.04192
DR: 1.7261790000000001
RR: 13.185589
DD: 0.04445500000000002
DR: 1.75366
RR: 13.752797
DD: 0.048195999999999996
DR: 1.860966
RR: 13.008418
DD: 0.043602999999999996
DR: 1.77125
RR: 13.507408999999999
DD: 0.043838999999999996
DR: 1.832755
RR: 14.059966
DD: 0.041765
DR: 1.6783299999999999
RR: 14.60669
DD: 0.050239
DR: 1.946773
RR: 13.784644
DD: 0.048981
DR: 1.925191
RR: 14.444546
DD: 0.047688
DR: 1.8854980000000001
RR: 14.941693
DD: 0.049078
DR: 2.361964
RR: 14.995624
DD: 0.043153
DR: 1.798341
RR: 14.934555
DD: 0.046036999999999995
DR: 2.138534
RR: 14.848897000000001
DD: 0.044448
DR: 1.787534
RR: 15.719003
DD: 0.052993
DR: 1.859035
RR: 14.642474
DD: 0.046629
DR: 2.002305
RR: 14.762938
DD: 0.049116
DR: 1.927635
RR: 14.777395
DD: 0.045710999999999995
DR: 2.007417
RR: 15.420438
DD: 0.047339
DR: 1.8041079999999998
RR: 15.054942
DD: 0.049073
DR: 2.037335
RR: 15.024466
DD: 0.045572
DR: 1.900809
RR: 14.975965
DD: 0.04786
DR: 1.944503
RR: 15.035037
DD: 0.043801
DR: 1.8798409999999999
RR: 14.383122
DD: 0.038367
DR: 1.778539
RR: 14.406455
DD: 0.049776999999999995
DR: 1.89147
RR: 13.80982
DD: 0.045755
DR: 1.686899
RR: 13.645586
saved to _G20.5_rmin0.001_rmax10.0_nbins30_zsplit4bin2_Lmaxsplit4bin2_N50_Planck_MC_b50

Pixels masked by MC but not already by selfunc: 0
G20.5_zsplit4bin2_Lmaxsplit4bin3: 0.65              114856 vs 323808
/home/groups/tabel/mahlet/quaia-env/lib/python3.10/site-packages/Corrfunc/utils.py:918: UserWarning: One or more input array has non-native endianness!  A copy will be made with the correct endianness.
  warnings.warn("One or more input array has non-native endianness!  A copy will"\
DD: 0.07940900000000006
DR: 3.61828
RR: 30.923626
DD: 0.07823999999999999
DR: 3.699585
RR: 31.129532
DD: 0.078174
DR: 3.719567
RR: 30.859192
DD: 0.078752
DR: 3.776084
RR: 30.777246
DD: 0.085626
DR: 3.52859
RR: 30.10346
DD: 0.084783
DR: 3.951903
RR: 29.959771
DD: 0.081736
DR: 3.693577
RR: 31.878755
DD: 0.080728
DR: 3.483354
RR: 33.535326
DD: 0.09004
DR: 3.902852
RR: 34.501325
DD: 0.082246
DR: 3.862336
RR: 34.319096
DD: 0.091962
DR: 3.916407
RR: 33.599981
DD: 0.079931
DR: 3.820654
RR: 33.953496
DD: 0.077234
DR: 3.728653
RR: 34.08723
DD: 0.086611
DR: 4.082926
RR: 33.563546
DD: 0.08710799999999999
DR: 3.74526
RR: 33.98062
DD: 0.07524800000000009
DR: 3.490919
RR: 33.587666
DD: 0.079719
DR: 3.777868
RR: 34.144956
DD: 0.08560900000000005
DR: 3.827636
RR: 34.367235
DD: 0.09245199999999999
DR: 4.059427
RR: 33.548908
DD: 0.079502
DR: 3.7780009999999997
RR: 33.76917
DD: 0.08395999999999999
DR: 3.719265
RR: 33.348521
DD: 0.09358699999999999
DR: 3.689001
RR: 31.929135
DD: 0.08301900000000006
DR: 3.591158
RR: 31.643102
DD: 0.080978
DR: 3.580604
RR: 30.473925
DD: 0.08102999999999999
DR: 3.5969160000000002
RR: 30.081698
DD: 0.081442
DR: 3.6394130000000002
RR: 30.139171
DD: 0.086299
DR: 3.504103
RR: 31.28666
DD: 0.07545099999999999
DR: 3.2593870000000003
RR: 30.217019
DD: 0.076156
DR: 3.4417809999999998
RR: 30.462271
DD: 0.060473
DR: 3.484032
RR: 31.398125
DD: 0.07760199999999999
DR: 3.724859
RR: 31.398265
DD: 0.084821
DR: 3.610456
RR: 32.159433
DD: 0.084463
DR: 3.580113
RR: 32.813006
DD: 0.076822
DR: 4.176864
RR: 33.647533
DD: 0.07947499999999999
DR: 3.779059
RR: 33.930807
DD: 0.084466
DR: 3.785394
RR: 33.930705
DD: 0.092584
DR: 4.086671
RR: 33.687571
DD: 0.08886899999999999
DR: 3.95714
RR: 34.792485
DD: 0.08825899999999999
DR: 3.536781
RR: 33.802133
DD: 0.084756
DR: 3.700493
RR: 33.913143
DD: 0.084503
DR: 3.900028
RR: 33.689927
DD: 0.092002
DR: 3.80486
RR: 33.230084
DD: 0.08404099999999999
DR: 3.700209
RR: 33.853262
DD: 0.08279299999999999
DR: 3.717586
RR: 33.844564
DD: 0.08456699999999999
DR: 3.937802
RR: 33.561959
DD: 0.081049
DR: 3.783945
RR: 33.966424
DD: 0.095094
DR: 3.482062
RR: 32.642955
DD: 0.08867699999999999
DR: 3.6505330000000002
RR: 31.924336
DD: 0.079537
DR: 3.5523350000000002
RR: 30.768796
DD: 0.08213
DR: 3.615128
RR: 30.874732
saved to _G20.5_rmin0.001_rmax10.0_nbins30_zsplit4bin2_Lmaxsplit4bin3_N50_Planck_MC_b50

Pixels masked by MC but not already by selfunc: 0
G20.5_zsplit4bin3_Lmaxsplit4bin0: 0.71              23381 vs 80988
/home/groups/tabel/mahlet/quaia-env/lib/python3.10/site-packages/Corrfunc/utils.py:918: UserWarning: One or more input array has non-native endianness!  A copy will be made with the correct endianness.
  warnings.warn("One or more input array has non-native endianness!  A copy will"\
DD: 0.010837999999999999
DR: 0.273304
RR: 1.2877480000000001
DD: 0.012763
DR: 0.29522899999999996
RR: 1.27549
DD: 0.014688999999999999
DR: 0.301323
RR: 1.274355
DD: 0.010443
DR: 0.282117
RR: 1.249928
DD: 0.013167
DR: 0.290269
RR: 1.308119
DD: 0.013422
DR: 0.296683
RR: 1.263108
DD: 0.033201
DR: 0.29866
RR: 1.321562
DD: 0.013891000000000098
DR: 0.314546
RR: 1.382158
DD: 0.013758999999999999
DR: 0.327125
RR: 1.2848009999999999
DD: 0.013701
DR: 0.317527
RR: 1.468448
DD: 0.014268999999999999
DR: 0.33106500000000005
RR: 1.342326
DD: 0.011762
DR: 0.321556
RR: 1.390638
DD: 0.015607999999999999
DR: 0.317735
RR: 1.37746
DD: 0.01373
DR: 0.34634899999999996
RR: 1.478593
DD: 0.014568999999999999
DR: 0.346954
RR: 1.381358
DD: 0.025009999999999998
DR: 0.34729499999999996
RR: 1.453014
DD: 0.013458999999999999
DR: 0.323067
RR: 1.316575
DD: 0.014246
DR: 0.31343899999999997
RR: 1.235976
DD: 0.013261
DR: 0.296106
RR: 1.288195
DD: 0.014173999999999999
DR: 0.30623200000000006
RR: 1.474064
DD: 0.015757
DR: 0.32509
RR: 1.459185
DD: 0.013583
DR: 0.32921200000000006
RR: 1.32047
DD: 0.013415999999999999
DR: 0.307101
RR: 1.3306930000000001
DD: 0.013335999999999999
DR: 0.30267499999999997
RR: 1.252431
DD: 0.025120999999999997
DR: 0.312395
RR: 1.3467799999999999
DD: 0.013939
DR: 0.325213
RR: 1.2384
DD: 0.014192
DR: 0.305965
RR: 1.266364
DD: 0.012735999999999999
DR: 0.2975690000000001
RR: 1.355993
DD: 0.01355800000000007
DR: 0.315909
RR: 1.266245
DD: 0.014407999999999999
DR: 0.299773
RR: 1.300409
DD: 0.015149
DR: 0.285439
RR: 1.24846
DD: 0.011302999999999999
DR: 0.291807
RR: 1.298564
DD: 0.011922
DR: 0.304873
RR: 1.359565
DD: 0.024985
DR: 0.310616
RR: 1.371805
DD: 0.015693
DR: 0.32264899999999996
RR: 1.317871
DD: 0.014235
DR: 0.325059
RR: 1.351737
DD: 0.012912
DR: 0.309147
RR: 1.4997500000000001
DD: 0.015971
DR: 0.34210300000000005
RR: 1.381294
DD: 0.020076999999999998
DR: 0.336729
RR: 1.454042
DD: 0.014733
DR: 0.34161700000000006
RR: 1.439629
DD: 0.034352
DR: 0.36956
RR: 1.50075
DD: 0.016089
DR: 0.326044
RR: 1.391153
DD: 0.020266
DR: 0.335361
RR: 1.4044729999999999
DD: 0.013172999999999999
DR: 0.293142
RR: 1.325352
DD: 0.011181
DR: 0.318009
RR: 1.263882
DD: 0.011084
DR: 0.2910090000000001
RR: 1.251277
DD: 0.012247
DR: 0.279776
RR: 1.2501929999999999
DD: 0.014502999999999999
DR: 0.327285
RR: 1.421451
DD: 0.011875
DR: 0.30751300000000004
RR: 1.2713160000000001
DD: 0.014357
DR: 0.308626
RR: 1.275645
saved to _G20.5_rmin0.001_rmax10.0_nbins30_zsplit4bin3_Lmaxsplit4bin0_N50_Planck_MC_b50

Pixels masked by MC but not already by selfunc: 0
G20.5_zsplit4bin3_Lmaxsplit4bin1: 0.68              51553 vs 161975
/home/groups/tabel/mahlet/quaia-env/lib/python3.10/site-packages/Corrfunc/utils.py:918: UserWarning: One or more input array has non-native endianness!  A copy will be made with the correct endianness.
  warnings.warn("One or more input array has non-native endianness!  A copy will"\
DD: 0.026447
DR: 0.8797
RR: 5.831075
DD: 0.026688999999999997
DR: 0.916143
RR: 5.726431
DD: 0.028024999999999998
DR: 0.931622
RR: 6.21228
DD: 0.029477999999999997
DR: 0.99004
RR: 6.1104
DD: 0.027496
DR: 0.961139
RR: 5.436714
DD: 0.024228
DR: 0.860619
RR: 6.07384
DD: 0.027447
DR: 0.962739
RR: 6.149331
DD: 0.027816
DR: 0.975755
RR: 6.407671
DD: 0.032385
DR: 1.054133
RR: 6.366393
DD: 0.03023700000000007
DR: 0.954329
RR: 6.86921
DD: 0.031373
DR: 1.038964
RR: 6.977456
DD: 0.031495999999999996
DR: 1.117676
RR: 6.009547
DD: 0.027957
DR: 0.870653
RR: 6.637888
DD: 0.032312
DR: 0.975778
RR: 6.531824
DD: 0.027891
DR: 1.044303
RR: 6.339539
DD: 0.027118
DR: 0.938438
RR: 6.164726
DD: 0.030265999999999998
DR: 0.972694
RR: 5.945632
DD: 0.031174
DR: 1.004035
RR: 6.330602
DD: 0.028881
DR: 1.04104
RR: 6.080761
DD: 0.026432999999999998
DR: 0.964881
RR: 6.109532
DD: 0.026667
DR: 0.960626
RR: 6.225417
DD: 0.026092999999999998
DR: 0.973267
RR: 6.144271
DD: 0.027569999999999997
DR: 0.92786
RR: 6.09893
DD: 0.029349999999999998
DR: 0.925936
RR: 5.846092
DD: 0.02716
DR: 1.057169
RR: 5.940448
DD: 0.030173
DR: 0.949592
RR: 6.131908
DD: 0.026359
DR: 0.844897
RR: 5.362563
DD: 0.025605
DR: 0.8976850000000001
RR: 5.951417
DD: 0.043598
DR: 1.004143
RR: 5.860623
DD: 0.03077
DR: 0.989238
RR: 5.868516
DD: 0.02753
DR: 1.049767
RR: 5.959871
DD: 0.028709000000000096
DR: 0.923303
RR: 6.034728
DD: 0.029847
DR: 0.978534
RR: 6.900548
DD: 0.028055999999999998
DR: 1.046827
RR: 6.4236070000000005
DD: 0.028297
DR: 1.017746
RR: 6.074596
DD: 0.027235
DR: 1.036667
RR: 6.595916
DD: 0.028189
DR: 1.007679
RR: 6.451261
DD: 0.031876
DR: 1.101324
RR: 6.28744
DD: 0.027214
DR: 0.986518
RR: 6.397083
DD: 0.034635
DR: 0.998878
RR: 6.67974
DD: 0.029880999999999998
DR: 1.094976
RR: 6.641454
DD: 0.026194
DR: 0.937961
RR: 6.257096
DD: 0.029730999999999997
DR: 0.986521
RR: 6.678479
DD: 0.031657
DR: 1.007221
RR: 6.540339
DD: 0.029508
DR: 1.015191
RR: 6.406739
DD: 0.027989
DR: 0.980501
RR: 6.33636
DD: 0.028926000000000007
DR: 1.064454
RR: 6.332022
DD: 0.030917
DR: 0.98641
RR: 6.287261
DD: 0.026456
DR: 0.905131
RR: 5.68562
DD: 0.028138
DR: 0.977981
RR: 5.956208
saved to _G20.5_rmin0.001_rmax10.0_nbins30_zsplit4bin3_Lmaxsplit4bin1_N50_Planck_MC_b50

Pixels masked by MC but not already by selfunc: 0
G20.5_zsplit4bin3_Lmaxsplit4bin2: 0.66              83613 vs 242962
/home/groups/tabel/mahlet/quaia-env/lib/python3.10/site-packages/Corrfunc/utils.py:918: UserWarning: One or more input array has non-native endianness!  A copy will be made with the correct endianness.
  warnings.warn("One or more input array has non-native endianness!  A copy will"\
DD: 0.047989
DR: 2.097332
RR: 15.611235
DD: 0.051965
DR: 1.918552
RR: 15.567056000000001
DD: 0.047325
DR: 2.043027
RR: 15.421587
DD: 0.048437999999999995
DR: 2.073056
RR: 15.617109
DD: 0.048694999999999995
DR: 1.973475
RR: 15.758415
DD: 0.046467999999999995
DR: 1.929975
RR: 16.427637
DD: 0.051243
DR: 2.024525
RR: 16.141923
DD: 0.051581999999999996
DR: 2.102779
RR: 16.76409
DD: 0.055607
DR: 2.193432
RR: 17.393229
DD: 0.054238999999999996
DR: 2.166618
RR: 16.426517
DD: 0.057818999999999995
DR: 2.311169
RR: 17.392918
DD: 0.057914999999999994
DR: 2.2272629999999998
RR: 17.204599
DD: 0.059316999999999995
DR: 2.242327
RR: 16.610762
DD: 0.052856999999999994
DR: 2.262969
RR: 17.464329
DD: 0.053106999999999994
DR: 2.132723
RR: 17.448785
DD: 0.062312
DR: 2.341298
RR: 16.958567
DD: 0.055187
DR: 2.3707409999999998
RR: 17.353895
DD: 0.049439
DR: 2.174237
RR: 17.564354
DD: 0.058536
DR: 2.3005269999999998
RR: 16.774582
DD: 0.055268
DR: 2.176994
RR: 17.334496
DD: 0.050196
DR: 2.0696
RR: 17.367217
DD: 0.054296
DR: 2.234047
RR: 16.054038
DD: 0.04792
DR: 2.16846
RR: 16.142798
DD: 0.047728
DR: 2.057661
RR: 16.054136
DD: 0.051219
DR: 2.029537
RR: 15.280919
DD: 0.046354
DR: 2.122701
RR: 15.796924
DD: 0.048804
DR: 1.913193
RR: 15.437141
DD: 0.050721999999999996
DR: 2.132081
RR: 15.106253
DD: 0.044284
DR: 2.101503
RR: 15.560253
DD: 0.047342999999999996
DR: 2.08641
RR: 15.786743
DD: 0.051386
DR: 2.054291
RR: 16.259059
DD: 0.046786
DR: 1.894807
RR: 16.335295
DD: 0.050092
DR: 2.294959
RR: 16.591521
DD: 0.057314
DR: 2.449302
RR: 17.391403
DD: 0.048072
DR: 2.033593
RR: 17.371644
DD: 0.056422999999999994
DR: 2.184021
RR: 17.341613
DD: 0.054132
DR: 2.302543
RR: 17.260919
DD: 0.04919
DR: 2.220954
RR: 17.234746
DD: 0.053541
DR: 2.145655
RR: 17.376393
DD: 0.05075000000000007
DR: 2.279192
RR: 16.957167
DD: 0.06385300000000005
DR: 2.182573
RR: 17.225883
DD: 0.051709
DR: 2.185253
RR: 17.141469999999998
DD: 0.058317999999999995
DR: 2.28165
RR: 17.722691
DD: 0.051412
DR: 2.01073
RR: 17.587607
DD: 0.055074
DR: 2.3067130000000002
RR: 17.041869
DD: 0.058161
DR: 2.374299
RR: 16.922899
DD: 0.049346
DR: 2.125473
RR: 16.233544
DD: 0.047982
DR: 2.165319
RR: 15.806049
DD: 0.053711999999999996
DR: 2.02319
RR: 16.068621
DD: 0.047486
DR: 1.922962
RR: 15.825577
saved to _G20.5_rmin0.001_rmax10.0_nbins30_zsplit4bin3_Lmaxsplit4bin2_N50_Planck_MC_b50

Pixels masked by MC but not already by selfunc: 0
G20.5_zsplit4bin3_Lmaxsplit4bin3: 0.62              122515 vs 323950
/home/groups/tabel/mahlet/quaia-env/lib/python3.10/site-packages/Corrfunc/utils.py:918: UserWarning: One or more input array has non-native endianness!  A copy will be made with the correct endianness.
  warnings.warn("One or more input array has non-native endianness!  A copy will"\
DD: 0.083198
DR: 3.904387
RR: 34.293872
DD: 0.097909
DR: 3.809701
RR: 34.38363
DD: 0.081912
DR: 3.997009
RR: 33.36516
DD: 0.086772
DR: 3.928518
RR: 34.39729
DD: 0.09406100000000006
DR: 3.785199
RR: 35.091494
DD: 0.09516
DR: 3.6833780000000003
RR: 34.786222
DD: 0.09047899999999999
DR: 3.99092
RR: 35.853583
DD: 0.09194600000000008
DR: 4.074285
RR: 35.90431
DD: 0.093419
DR: 4.2235510000000005
RR: 37.92581
DD: 0.094293
DR: 4.225555
RR: 37.853475
DD: 0.094042
DR: 4.411308
RR: 37.197833
DD: 0.088865
DR: 4.21856
RR: 37.841134
DD: 0.09249199999999999
DR: 4.370028
RR: 37.489089
DD: 0.097048
DR: 4.3129480000000004
RR: 36.692127
DD: 0.090212
DR: 4.313032
RR: 37.578089
DD: 0.101425
DR: 4.424461
RR: 38.573224
DD: 0.0962
DR: 4.540217
RR: 38.493485
DD: 0.091082
DR: 4.092422
RR: 38.199404
DD: 0.08316599999999999
DR: 4.199377
RR: 37.591041
DD: 0.099994
DR: 4.4727440000000005
RR: 37.462701
DD: 0.089059
DR: 4.185798
RR: 37.434887
DD: 0.08316899999999999
DR: 3.998401
RR: 36.456895
DD: 0.091932
DR: 4.106658
RR: 35.091569
DD: 0.089251
DR: 3.910267
RR: 35.602638999999996
DD: 0.08102
DR: 3.691046
RR: 35.553543
DD: 0.0899
DR: 4.0262270000000004
RR: 34.20893
DD: 0.085118
DR: 3.901985
RR: 34.994128
DD: 0.090712
DR: 3.639777
RR: 33.933137
DD: 0.083551
DR: 3.659547
RR: 34.354303
DD: 0.08434699999999999
DR: 4.007576
RR: 34.889401
DD: 0.102544
DR: 4.253002
RR: 34.651414
DD: 0.091843
DR: 4.020059
RR: 36.543267
DD: 0.091887
DR: 4.244318
RR: 36.959309
DD: 0.099204
DR: 4.481554
RR: 38.040844
DD: 0.093745
DR: 4.171498
RR: 38.09129
DD: 0.095054
DR: 4.213719
RR: 38.601716
DD: 0.107264
DR: 4.595855
RR: 37.682985
DD: 0.10251299999999999
DR: 4.127212
RR: 38.269907
DD: 0.100879
DR: 4.283229
RR: 37.622619
DD: 0.094926
DR: 4.212904
RR: 38.023302
DD: 0.09367099999999999
DR: 4.442085
RR: 38.19927
DD: 0.09952699999999999
DR: 4.399396
RR: 38.090712
DD: 0.091377
DR: 4.286852
RR: 39.138367
DD: 0.103685
DR: 4.117091
RR: 38.230035
DD: 0.095882
DR: 4.046562
RR: 38.407219
DD: 0.08841
DR: 4.292417
RR: 37.993397
DD: 0.098187
DR: 4.234183
RR: 36.163243
DD: 0.08977299999999999
DR: 3.925461
RR: 35.727571
DD: 0.090672
DR: 3.930548
RR: 34.844894
DD: 0.09275599999999999
DR: 3.987215
RR: 33.945258
saved to _G20.5_rmin0.001_rmax10.0_nbins30_zsplit4bin3_Lmaxsplit4bin3_N50_Planck_MC_b50

done!
