Starting batch job

G20.5: computing wtheta in 30 bins from 0.001 to 10.0 on a log scale for 50 jackknife regions...
--L: maxsplit

z: [0.0, 1.0, 2.0, 3.0, 4.6] minmax None
L: None maxsplit 4
Pixels masked by MC but not already by selfunc: 0
G20.5_zmin0.0zmax1.0_Lmaxsplit4bin0: 0.75              20498 vs 81084
/home/groups/tabel/mahlet/quaia-env/lib/python3.10/site-packages/Corrfunc/utils.py:918: UserWarning: One or more input array has non-native endianness!  A copy will be made with the correct endianness.
  warnings.warn("One or more input array has non-native endianness!  A copy will"\
DD: 0.009269999999999999
DR: 0.234569
RR: 1.066444
DD: 0.009603
DR: 0.22830299999999998
RR: 1.063075
DD: 0.009415999999999999
DR: 0.232121
RR: 1.058117
DD: 0.012709999999999999
DR: 0.232464
RR: 1.08598
DD: 0.009838
DR: 0.23789
RR: 1.077404
DD: 0.009607
DR: 0.230671
RR: 1.06513
DD: 0.012308
DR: 0.23363199999999998
RR: 1.11361
DD: 0.010136
DR: 0.25299299999999997
RR: 1.147412
DD: 0.010775999999999999
DR: 0.250432
RR: 1.176055
DD: 0.012327999999999999
DR: 0.24883500000000003
RR: 1.174358
DD: 0.010359
DR: 0.254359
RR: 1.188896
DD: 0.012879999999999999
DR: 0.248193
RR: 1.11566
DD: 0.009937999999999999
DR: 0.248323
RR: 1.1281729999999999
DD: 0.010154999999999999
DR: 0.246689
RR: 1.143259
DD: 0.01247
DR: 0.24298799999999998
RR: 1.131867
DD: 0.009995
DR: 0.24523199999999998
RR: 1.133202
DD: 0.012440999999999999
DR: 0.24065900000000007
RR: 1.11141
DD: 0.011217
DR: 0.24469000000000007
RR: 1.125392
DD: 0.009543
DR: 0.236542
RR: 1.152664
DD: 0.010051
DR: 0.263706
RR: 1.143775
DD: 0.009522
DR: 0.24334499999999998
RR: 1.1209500000000001
DD: 0.011798
DR: 0.23976299999999998
RR: 1.102001
DD: 0.011633
DR: 0.23332999999999998
RR: 1.086155
DD: 0.009065
DR: 0.23416500000000007
RR: 1.071433
DD: 0.011597999999999999
DR: 0.231563
RR: 1.053479
DD: 0.009014
DR: 0.229949
RR: 1.050606
DD: 0.011302999999999999
DR: 0.233228
RR: 1.042634
DD: 0.008959
DR: 0.23065600000000008
RR: 1.059083
DD: 0.011661
DR: 0.235725
RR: 1.064992
DD: 0.008990999999999999
DR: 0.233351
RR: 1.042279
DD: 0.010801999999999999
DR: 0.232207
RR: 1.063359
DD: 0.009172
DR: 0.23531200000000008
RR: 1.085752
DD: 0.011727999999999999
DR: 0.242587
RR: 1.116203
DD: 0.009498
DR: 0.246358
RR: 1.1428829999999999
DD: 0.011869999999999999
DR: 0.247017
RR: 1.144863
DD: 0.009519999999999999
DR: 0.25570699999999996
RR: 1.15284
DD: 0.009905000000000053
DR: 0.248781
RR: 1.153781
DD: 0.011967
DR: 0.2498
RR: 1.169117
DD: 0.012185999999999999
DR: 0.249884
RR: 1.1616
DD: 0.009588
DR: 0.24650700000000003
RR: 1.153535
DD: 0.011984999999999999
DR: 0.24885400000000002
RR: 1.143405
DD: 0.0094
DR: 0.24187299999999998
RR: 1.130107
DD: 0.011552
DR: 0.243801
RR: 1.137847
DD: 0.009514
DR: 0.245328
RR: 1.142591
DD: 0.011451999999999999
DR: 0.24117999999999998
RR: 1.144509
DD: 0.012062
DR: 0.24246299999999998
RR: 1.14668
DD: 0.009361999999999999
DR: 0.24245599999999998
RR: 1.1192
DD: 0.011856
DR: 0.23830800000000008
RR: 1.075586
DD: 0.008936
DR: 0.232269
RR: 1.05566
DD: 0.011472
DR: 0.23349499999999998
RR: 1.05472
saved to _G20.5_rmin0.001_rmax10.0_nbins30_zmin0.0zmax1.0_Lmaxsplit4bin0_N50_Planck_MC_b50

Pixels masked by MC but not already by selfunc: 0
G20.5_zmin0.0zmax1.0_Lmaxsplit4bin1: 0.72              45768 vs 162168
/home/groups/tabel/mahlet/quaia-env/lib/python3.10/site-packages/Corrfunc/utils.py:918: UserWarning: One or more input array has non-native endianness!  A copy will be made with the correct endianness.
  warnings.warn("One or more input array has non-native endianness!  A copy will"\
DD: 0.020579999999999998
DR: 0.7462479999999999
RR: 4.950786
DD: 0.023236
DR: 0.733831
RR: 4.769836
DD: 0.022635
DR: 0.725723
RR: 4.790143
DD: 0.022778
DR: 0.71827
RR: 4.7668099999999995
DD: 0.020222
DR: 0.720889
RR: 4.814602
DD: 0.020706
DR: 0.720083
RR: 4.992206
DD: 0.02171
DR: 0.76891
RR: 5.139985
DD: 0.02162
DR: 0.781796
RR: 5.342477
DD: 0.02394
DR: 0.780073
RR: 5.4608419999999995
DD: 0.022136
DR: 0.786609
RR: 5.393932
DD: 0.022281
DR: 0.7828200000000001
RR: 5.410408
DD: 0.022236000000000034
DR: 0.79238
RR: 5.282725
DD: 0.021584
DR: 0.772282
RR: 5.308495
DD: 0.022383999999999998
DR: 0.791675
RR: 5.249436
DD: 0.020857999999999998
DR: 0.785698
RR: 5.43589
DD: 0.023143
DR: 0.80286
RR: 5.477693
DD: 0.024002
DR: 0.77401
RR: 5.553925
DD: 0.022468
DR: 0.805416
RR: 5.542588
DD: 0.021959
DR: 0.77778
RR: 5.437388
DD: 0.022612999999999998
DR: 0.8035840000000001
RR: 5.472193
DD: 0.023135
DR: 0.845023
RR: 5.864527
DD: 0.022771
DR: 0.8276
RR: 5.501688
DD: 0.021651
DR: 0.76473
RR: 5.398581
DD: 0.021363999999999998
DR: 0.777504
RR: 5.158209
DD: 0.020883
DR: 0.753401
RR: 5.066971
DD: 0.020575
DR: 0.743588
RR: 5.197244
DD: 0.021318999999999998
DR: 0.783126
RR: 5.191707
DD: 0.021446999999999997
DR: 0.768301
RR: 5.00724
DD: 0.021356999999999998
DR: 0.7447309999999999
RR: 4.940058
DD: 0.02307
DR: 0.756482
RR: 5.015036
DD: 0.023614
DR: 0.7753140000000001
RR: 5.159233
DD: 0.0246
DR: 0.7632099999999999
RR: 5.006543
DD: 0.021061999999999997
DR: 0.7368049999999999
RR: 4.938112
DD: 0.022774
DR: 0.725919
RR: 4.978398
DD: 0.020547
DR: 0.7202580000000001
RR: 4.977692
DD: 0.020614
DR: 0.714283
RR: 4.958848
DD: 0.020575
DR: 0.7331099999999999
RR: 4.906467
DD: 0.019732
DR: 0.701522
RR: 5.164297
DD: 0.022511
DR: 0.719098
RR: 5.091305
DD: 0.020478
DR: 0.72453
RR: 4.839517
DD: 0.019053
DR: 0.7128760000000001
RR: 5.130737
DD: 0.020811
DR: 0.7263
RR: 5.04863
DD: 0.023202999999999998
DR: 0.757243
RR: 5.164216
DD: 0.021068
DR: 0.732205
RR: 5.251969
DD: 0.02171
DR: 0.781844
RR: 5.263832
DD: 0.021317
DR: 0.784393
RR: 5.176943
DD: 0.020391
DR: 0.74468
RR: 5.033681
DD: 0.02223
DR: 0.724456
RR: 4.795552
DD: 0.022035
DR: 0.7218789999999999
RR: 4.703062
DD: 0.021879
DR: 0.707396
RR: 4.873302
saved to _G20.5_rmin0.001_rmax10.0_nbins30_zmin0.0zmax1.0_Lmaxsplit4bin1_N50_Planck_MC_b50

Pixels masked by MC but not already by selfunc: 0
G20.5_zmin0.0zmax1.0_Lmaxsplit4bin2: 0.68              77012 vs 243252
/home/groups/tabel/mahlet/quaia-env/lib/python3.10/site-packages/Corrfunc/utils.py:918: UserWarning: One or more input array has non-native endianness!  A copy will be made with the correct endianness.
  warnings.warn("One or more input array has non-native endianness!  A copy will"\
DD: 0.041569999999999996
DR: 1.7177859999999998
RR: 13.742083
DD: 0.040392
DR: 1.640924
RR: 13.389986
DD: 0.040177
DR: 1.6473119999999999
RR: 13.554906
DD: 0.042094000000000076
DR: 1.669518
RR: 13.820064
DD: 0.043385
DR: 1.727126
RR: 14.198853
DD: 0.044321
DR: 1.761778
RR: 13.804502
DD: 0.040632
DR: 1.7339859999999998
RR: 14.175161
DD: 0.043565
DR: 1.8009140000000001
RR: 14.605622
DD: 0.044996
DR: 1.867975
RR: 15.642552
DD: 0.044135999999999995
DR: 1.823634
RR: 15.327289
DD: 0.044823999999999996
DR: 1.82474
RR: 15.278289000000001
DD: 0.045259
DR: 2.045657
RR: 16.073899
DD: 0.046391999999999996
DR: 1.865106
RR: 15.141328
DD: 0.043015
DR: 1.861324
RR: 15.755743
DD: 0.046404
DR: 1.964944
RR: 16.054765
DD: 0.045127999999999995
DR: 1.869691
RR: 15.609873
DD: 0.04756
DR: 1.903989
RR: 15.791833
DD: 0.045626
DR: 1.841064
RR: 15.470022
DD: 0.046690999999999996
DR: 1.878765
RR: 16.147015
DD: 0.048434
DR: 1.9324189999999999
RR: 15.783456
DD: 0.04636400000000007
DR: 1.901619
RR: 15.728567
DD: 0.046145
DR: 1.936358
RR: 15.301965
DD: 0.045965
DR: 1.819379
RR: 15.147693
DD: 0.042323
DR: 1.711927
RR: 13.106099
DD: 0.037265
DR: 1.665444
RR: 13.136573
DD: 0.039748
DR: 1.586605
RR: 13.181528
DD: 0.041303
DR: 1.584701
RR: 13.479479
DD: 0.041747
DR: 1.638452
RR: 13.675939
DD: 0.034156
DR: 1.581366
RR: 13.064817
DD: 0.040424999999999996
DR: 1.592205
RR: 12.892963
DD: 0.038088
DR: 1.599725
RR: 13.276956
DD: 0.040525
DR: 1.6296279999999999
RR: 13.537948
DD: 0.040178
DR: 1.697394
RR: 13.798116
DD: 0.04093
DR: 1.709188
RR: 14.321593
DD: 0.040823
DR: 1.716986
RR: 14.202644
DD: 0.040333999999999995
DR: 1.7110509999999999
RR: 14.728034
DD: 0.041763
DR: 1.738399
RR: 14.286647
DD: 0.043605
DR: 1.721041
RR: 14.312662
DD: 0.042051
DR: 1.6941920000000001
RR: 14.264308
DD: 0.040213
DR: 1.718438
RR: 14.474053
DD: 0.043984999999999996
DR: 1.761657
RR: 14.482803
DD: 0.041464999999999995
DR: 1.71336
RR: 14.645582
DD: 0.04194
DR: 1.78797
RR: 14.648215
DD: 0.043391
DR: 1.747001
RR: 14.933122000000001
DD: 0.043164
DR: 1.869415
RR: 15.176902
DD: 0.044822999999999995
DR: 1.78163
RR: 14.681216
DD: 0.041899
DR: 1.744179
RR: 14.517409
DD: 0.042338999999999995
DR: 1.737376
RR: 14.123224
DD: 0.041226
DR: 1.680768
RR: 14.189707
DD: 0.042574999999999995
DR: 1.746947
RR: 13.913496
saved to _G20.5_rmin0.001_rmax10.0_nbins30_zmin0.0zmax1.0_Lmaxsplit4bin2_N50_Planck_MC_b50

Pixels masked by MC but not already by selfunc: 0
G20.5_zmin0.0zmax1.0_Lmaxsplit4bin3: 0.67              108323 vs 324336
/home/groups/tabel/mahlet/quaia-env/lib/python3.10/site-packages/Corrfunc/utils.py:918: UserWarning: One or more input array has non-native endianness!  A copy will be made with the correct endianness.
  warnings.warn("One or more input array has non-native endianness!  A copy will"\
DD: 0.067336
DR: 3.01187
RR: 27.340331
DD: 0.0605
DR: 2.678594
RR: 24.498793
DD: 0.060219999999999996
DR: 2.674025
RR: 24.853286
DD: 0.060280999999999994
DR: 2.7287
RR: 25.069911
DD: 0.06161100000000008
DR: 2.715415
RR: 25.274417
DD: 0.062607
DR: 2.773253
RR: 25.769185
DD: 0.065172
DR: 2.787714
RR: 26.514644
DD: 0.06447
DR: 2.903947
RR: 28.686131
DD: 0.070663
DR: 2.970551
RR: 29.002075
DD: 0.067034
DR: 3.144599
RR: 29.988282
DD: 0.07398199999999999
DR: 3.3115069999999998
RR: 30.023377
DD: 0.07159
DR: 3.222324
RR: 30.200969
DD: 0.070128
DR: 3.344709
RR: 29.226914
DD: 0.06877
DR: 3.169855
RR: 29.163419
DD: 0.068477
DR: 3.064334
RR: 29.703035
DD: 0.068304
DR: 3.102162
RR: 29.177166
DD: 0.069362
DR: 3.181827
RR: 30.629788
DD: 0.073478
DR: 3.346008
RR: 30.655442
DD: 0.071993
DR: 3.321778
RR: 31.094984
DD: 0.069034
DR: 3.216986
RR: 30.405836
DD: 0.06999999999999999
DR: 3.613285
RR: 31.528025
DD: 0.069362
DR: 3.049154
RR: 30.450185
DD: 0.07477
DR: 3.376035
RR: 30.041962
DD: 0.069109
DR: 2.845211
RR: 27.011503
DD: 0.064334
DR: 2.90182
RR: 26.319355
DD: 0.06570999999999999
DR: 2.953267
RR: 26.933454
DD: 0.063357
DR: 2.964694
RR: 26.691169
DD: 0.066325
DR: 3.079926
RR: 27.685918
DD: 0.070645
DR: 3.052284
RR: 28.376825
DD: 0.070981
DR: 3.163123
RR: 29.100091
DD: 0.06966
DR: 3.051772
RR: 28.725308
DD: 0.067537
DR: 3.176083
RR: 28.569557
DD: 0.071159
DR: 3.167642
RR: 30.131371
DD: 0.072266
DR: 3.231671
RR: 30.742231
DD: 0.07518200000000008
DR: 3.309738
RR: 30.591061
DD: 0.073281
DR: 3.42249
RR: 30.520209
DD: 0.0692
DR: 3.387546
RR: 31.629021
DD: 0.079301
DR: 3.4779809999999998
RR: 32.533256
DD: 0.08194699999999999
DR: 3.565882
RR: 32.445169
DD: 0.080556
DR: 3.54394
RR: 31.719768
DD: 0.071209
DR: 3.075703
RR: 28.554684
DD: 0.06788999999999999
DR: 3.0953
RR: 28.476032
DD: 0.069658
DR: 3.106162
RR: 28.612227
DD: 0.071208
DR: 3.060087
RR: 30.155941
DD: 0.071446
DR: 3.308395
RR: 29.872721
DD: 0.072154
DR: 3.259062
RR: 30.320068
DD: 0.069871
DR: 3.17033
RR: 28.442785
DD: 0.066143
DR: 2.931516
RR: 28.667813
DD: 0.094487
DR: 3.849152
RR: 28.458618
DD: 0.069878
DR: 3.08223
RR: 28.739401
saved to _G20.5_rmin0.001_rmax10.0_nbins30_zmin0.0zmax1.0_Lmaxsplit4bin3_N50_Planck_MC_b50

Pixels masked by MC but not already by selfunc: 0
G20.5_zmin1.0zmax2.0_Lmaxsplit4bin0: 0.73              43399 vs 162049
/home/groups/tabel/mahlet/quaia-env/lib/python3.10/site-packages/Corrfunc/utils.py:918: UserWarning: One or more input array has non-native endianness!  A copy will be made with the correct endianness.
  warnings.warn("One or more input array has non-native endianness!  A copy will"\
DD: 0.019447
DR: 0.653484
RR: 4.336693
DD: 0.019101
DR: 0.63523
RR: 4.187719
DD: 0.018904
DR: 0.615514
RR: 4.205624
DD: 0.01954
DR: 0.666219
RR: 4.318197
DD: 0.019539
DR: 0.6187670000000001
RR: 4.508697
DD: 0.020649
DR: 0.6878660000000001
RR: 4.475544
DD: 0.02038
DR: 0.6821889999999999
RR: 4.531608
DD: 0.022834999999999998
DR: 0.6982659999999999
RR: 4.727339
DD: 0.020699
DR: 0.698974
RR: 4.757565
DD: 0.02038
DR: 0.697326
RR: 4.735643
DD: 0.020149
DR: 0.734333
RR: 5.01461
DD: 0.020794999999999998
DR: 0.725437
RR: 4.911151
DD: 0.022095999999999998
DR: 0.708167
RR: 4.888872
DD: 0.021606999999999998
DR: 0.7044950000000001
RR: 4.828081
DD: 0.020127
DR: 0.699442
RR: 4.840952
DD: 0.020274999999999998
DR: 0.710874
RR: 5.023014
DD: 0.019781999999999998
DR: 0.701842
RR: 4.790888
DD: 0.020971999999999998
DR: 0.7271080000000001
RR: 4.833422
DD: 0.022375
DR: 0.7273769999999999
RR: 4.923886
DD: 0.020412
DR: 0.714557
RR: 4.898712
DD: 0.01920300000000008
DR: 0.688999
RR: 4.470513
DD: 0.018656
DR: 0.6189990000000001
RR: 4.392299
DD: 0.018109999999999998
DR: 0.6257090000000001
RR: 4.365201
DD: 0.018427
DR: 0.626972
RR: 4.195539
DD: 0.020072
DR: 0.617651
RR: 4.156597
DD: 0.018246
DR: 0.6081570000000001
RR: 4.19641
DD: 0.017842
DR: 0.594086
RR: 3.994745
DD: 0.017268
DR: 0.578708
RR: 3.903112
DD: 0.017284
DR: 0.5773579999999999
RR: 3.87902
DD: 0.017005
DR: 0.59263
RR: 4.218982
DD: 0.017837
DR: 0.6127739999999999
RR: 4.098744
DD: 0.017381999999999998
DR: 0.595019
RR: 4.192981
DD: 0.019924
DR: 0.639057
RR: 4.316597
DD: 0.019372
DR: 0.656228
RR: 4.432544
DD: 0.019219999999999998
DR: 0.675235
RR: 4.755827
DD: 0.020095
DR: 0.6867110000000001
RR: 4.786785
DD: 0.019733999999999998
DR: 0.695618
RR: 4.702299
DD: 0.019067
DR: 0.669923
RR: 4.585521
DD: 0.018559
DR: 0.655125
RR: 4.608404
DD: 0.019747
DR: 0.6855789999999999
RR: 4.677396
DD: 0.019115999999999998
DR: 0.6585989999999999
RR: 4.69959
DD: 0.019417999999999998
DR: 0.680493
RR: 4.649396
DD: 0.019783
DR: 0.73512
RR: 4.91469
DD: 0.020408
DR: 0.701013
RR: 4.803816
DD: 0.020690999999999998
DR: 0.71189
RR: 4.776015
DD: 0.019771
DR: 0.6734180000000001
RR: 4.493544
DD: 0.018952999999999998
DR: 0.656593
RR: 4.468007
DD: 0.018164
DR: 0.642532
RR: 4.388277
DD: 0.019126
DR: 0.6427080000000001
RR: 4.355661
DD: 0.019207
DR: 0.645626
RR: 4.308215
saved to _G20.5_rmin0.001_rmax10.0_nbins30_zmin1.0zmax2.0_Lmaxsplit4bin0_N50_Planck_MC_b50

Pixels masked by MC but not already by selfunc: 0
G20.5_zmin1.0zmax2.0_Lmaxsplit4bin1: 0.71              95289 vs 324098
/home/groups/tabel/mahlet/quaia-env/lib/python3.10/site-packages/Corrfunc/utils.py:918: UserWarning: One or more input array has non-native endianness!  A copy will be made with the correct endianness.
  warnings.warn("One or more input array has non-native endianness!  A copy will"\
DD: 0.05746
DR: 2.363925
RR: 21.245027
DD: 0.055733
DR: 2.307284
RR: 21.724904
DD: 0.054187
DR: 2.352722
RR: 21.169111
DD: 0.05531900000000001
DR: 2.338148
RR: 21.993429
DD: 0.058228999999999996
DR: 2.4803230000000003
RR: 21.464978
DD: 0.054742
DR: 2.387664
RR: 22.956749
DD: 0.059678999999999996
DR: 2.572332
RR: 22.687801
DD: 0.057415
DR: 2.647087
RR: 24.2896
DD: 0.06191
DR: 2.7546
RR: 25.155324
DD: 0.058391
DR: 2.747032
RR: 24.480077
DD: 0.064569
DR: 2.686276
RR: 25.092457
DD: 0.072763
DR: 2.685466
RR: 22.67562
DD: 0.05708
DR: 2.444518
RR: 22.386785
DD: 0.055573
DR: 2.319816
RR: 22.467716
DD: 0.059261999999999995
DR: 2.480236
RR: 23.485983
DD: 0.059201
DR: 2.603219
RR: 23.876818
DD: 0.062001
DR: 2.5346
RR: 22.731774
DD: 0.056726
DR: 2.537696
RR: 22.974889
DD: 0.0578
DR: 2.530542
RR: 22.323429
DD: 0.054896999999999994
DR: 2.406236
RR: 22.437213
DD: 0.056835
DR: 2.459313
RR: 22.561319
DD: 0.056538
DR: 2.435188
RR: 21.94299
DD: 0.05313600000000007
DR: 2.34923
RR: 21.828628
DD: 0.054428
DR: 2.364755
RR: 21.115556
DD: 0.06838799999999999
DR: 2.318169
RR: 20.985013
DD: 0.052489999999999995
DR: 2.310702
RR: 21.180562
DD: 0.055172
DR: 2.305264
RR: 21.021481
DD: 0.053758999999999994
DR: 2.328071
RR: 20.028176
DD: 0.049964999999999996
DR: 2.228829
RR: 19.644233
DD: 0.050025
DR: 2.049344
RR: 19.211795
DD: 0.050598
DR: 2.207268
RR: 19.858903
DD: 0.051477999999999996
DR: 2.194144
RR: 20.271849
DD: 0.052976999999999996
DR: 2.3007400000000002
RR: 20.935867000000002
DD: 0.054957
DR: 2.344289
RR: 21.301564
DD: 0.055585999999999997
DR: 2.359963
RR: 21.425068
DD: 0.051628999999999994
DR: 2.324458
RR: 21.910385
DD: 0.055715
DR: 2.4207929999999998
RR: 22.255892
DD: 0.057791999999999996
DR: 2.511996
RR: 22.206615
DD: 0.058068999999999996
DR: 2.5373799999999997
RR: 22.575734
DD: 0.05672
DR: 2.391415
RR: 22.723784
DD: 0.058683
DR: 2.535037
RR: 23.058051
DD: 0.060466
DR: 2.518768
RR: 22.76535
DD: 0.05760200000000004
DR: 2.528136
RR: 22.964093
DD: 0.057872
DR: 2.518566
RR: 23.102181
DD: 0.058529
DR: 2.483526
RR: 23.420636000000002
DD: 0.058515
DR: 2.5504160000000002
RR: 23.190979
DD: 0.055729
DR: 2.480642
RR: 22.628242
DD: 0.055349999999999996
DR: 2.428397
RR: 22.141812
DD: 0.055459999999999995
DR: 2.402356
RR: 21.946475
DD: 0.057816
DR: 2.510935
RR: 21.66688
saved to _G20.5_rmin0.001_rmax10.0_nbins30_zmin1.0zmax2.0_Lmaxsplit4bin1_N50_Planck_MC_b50

Pixels masked by MC but not already by selfunc: 0
G20.5_zmin1.0zmax2.0_Lmaxsplit4bin2: 0.68              155691 vs 486147
/home/groups/tabel/mahlet/quaia-env/lib/python3.10/site-packages/Corrfunc/utils.py:918: UserWarning: One or more input array has non-native endianness!  A copy will be made with the correct endianness.
  warnings.warn("One or more input array has non-native endianness!  A copy will"\
DD: 0.118823
DR: 5.2613769999999995
RR: 53.471942
DD: 0.108078
DR: 5.428108
RR: 54.891048
DD: 0.114406
DR: 5.53512
RR: 56.518618000000004
DD: 0.11974200000000002
DR: 5.714808
RR: 57.005361
DD: 0.120235
DR: 5.767537
RR: 57.585735
DD: 0.12097500000000005
DR: 5.960649
RR: 59.283884
DD: 0.125665
DR: 6.07819
RR: 61.920119
DD: 0.12534199999999998
DR: 6.211412
RR: 57.014773
DD: 0.139225
DR: 5.861746
RR: 60.805539
DD: 0.11771699999999999
DR: 6.000263
RR: 61.415281
DD: 0.12350799999999999
DR: 6.197896
RR: 65.06848
DD: 0.13218
DR: 6.340162
RR: 65.383045
DD: 0.131039
DR: 6.341536
RR: 66.778882
DD: 0.13095199999999999
DR: 6.531737
RR: 60.349569
DD: 0.118063
DR: 6.16599
RR: 62.311004
DD: 0.12303099999999999
DR: 6.172123
RR: 62.624588
DD: 0.12458599999999999
DR: 6.231245
RR: 63.142562
DD: 0.127533
DR: 6.289969
RR: 64.130806
DD: 0.13097
DR: 6.312314
RR: 67.129452
DD: 0.133623
DR: 6.655723
RR: 60.715534
DD: 0.111316
DR: 5.676737
RR: 59.578549
DD: 0.115576
DR: 5.766141
RR: 58.653862
DD: 0.113384
DR: 5.664378
RR: 58.020832
DD: 0.11781
DR: 5.712011
RR: 57.970443
DD: 0.117352
DR: 5.770769
RR: 55.305742
DD: 0.106127
DR: 5.216447
RR: 51.536491
DD: 0.10468700000000009
DR: 5.222927
RR: 51.859108
DD: 0.106723
DR: 5.174048
RR: 54.308367
DD: 0.11402899999999999
DR: 5.541397
RR: 56.03392
DD: 0.115712
DR: 5.640567
RR: 57.614608
DD: 0.12074599999999999
DR: 5.818475
RR: 59.069099
DD: 0.11689700000000003
DR: 5.921966
RR: 60.155722
DD: 0.126271
DR: 6.1364
RR: 61.051946
DD: 0.11415199999999999
DR: 5.719818
RR: 60.148151
DD: 0.12464299999999999
DR: 6.116349
RR: 61.641863
DD: 0.126977
DR: 6.356064
RR: 62.814645
DD: 0.127033
DR: 6.166025
RR: 65.13978
DD: 0.124542
DR: 6.544881
RR: 64.899009
DD: 0.127309
DR: 6.134056
RR: 59.708609
DD: 0.122432
DR: 6.081568
RR: 62.269519
DD: 0.12465899999999999
DR: 6.207505
RR: 63.163033
DD: 0.13016800000000006
DR: 6.384964
RR: 64.32153
DD: 0.127581
DR: 6.448996
RR: 60.022083
DD: 0.11544299999999999
DR: 5.545787
RR: 59.672659
DD: 0.118588
DR: 5.874866
RR: 61.560138
DD: 0.12270700000000001
DR: 6.113466
RR: 62.889542
DD: 0.11763799999999999
DR: 5.982071
RR: 61.933862
DD: 0.11823400000000006
DR: 5.908526
RR: 54.514117
DD: 0.11198799999999999
DR: 5.394736
RR: 55.572373999999996
DD: 0.1300030000000001
DR: 5.608401
RR: 57.72318
saved to _G20.5_rmin0.001_rmax10.0_nbins30_zmin1.0zmax2.0_Lmaxsplit4bin2_N50_Planck_MC_b50

Pixels masked by MC but not already by selfunc: 0
G20.5_zmin1.0zmax2.0_Lmaxsplit4bin3: 0.65              226858 vs 648196
/home/groups/tabel/mahlet/quaia-env/lib/python3.10/site-packages/Corrfunc/utils.py:918: UserWarning: One or more input array has non-native endianness!  A copy will be made with the correct endianness.
  warnings.warn("One or more input array has non-native endianness!  A copy will"\
DD: 0.21931399999999998
DR: 11.581358
RR: 121.21164
DD: 0.207143
DR: 11.077854
RR: 118.250573
DD: 0.212644
DR: 11.705627
RR: 124.558241
DD: 0.2223
DR: 11.932208
RR: 122.4484
DD: 0.20918599999999998
DR: 11.102984
RR: 123.423631
DD: 0.22387200000000007
DR: 11.767047
RR: 124.48626
DD: 0.218606
DR: 12.088263
RR: 130.978635
DD: 0.228432
DR: 12.767205
RR: 132.510549
DD: 0.236781
DR: 12.545921
RR: 140.519264
DD: 0.23424099999999998
DR: 12.070186
RR: 136.509967
DD: 0.256117
DR: 12.846743
RR: 124.844609
DD: 0.213747
DR: 11.286051
RR: 134.45814
DD: 0.257165
DR: 13.523413
RR: 136.385235
DD: 0.23152599999999998
DR: 12.471923
RR: 137.944341
DD: 0.236534
DR: 12.495393
RR: 132.844943
DD: 0.21268199999999998
DR: 12.626112
RR: 139.057589
DD: 0.22978200000000004
DR: 12.341884
RR: 127.5357
DD: 0.210268
DR: 11.689811
RR: 130.699885
DD: 0.24607099999999998
DR: 12.898333
RR: 136.526233
DD: 0.24620699999999998
DR: 11.796117
RR: 134.956787
DD: 0.21390900000000002
DR: 11.916714
RR: 132.394219
DD: 0.220112
DR: 11.35181
RR: 129.892252
DD: 0.21095699999999998
DR: 11.28523
RR: 122.146559
DD: 0.212484
DR: 11.321424
RR: 117.373356
DD: 0.202254
DR: 10.794922
RR: 115.062923
DD: 0.198949
DR: 10.907305
RR: 111.186056
DD: 0.19199100000000002
DR: 10.204239
RR: 111.297641
DD: 0.189025
DR: 10.126752
RR: 112.276345
DD: 0.20241600000000004
DR: 10.864568
RR: 147.774359
DD: 0.24632099999999998
DR: 13.584125
RR: 143.666141
DD: 0.271248
DR: 14.143878
RR: 141.321683
DD: 0.255969
DR: 12.927967
RR: 139.13034
DD: 0.22211999999999998
DR: 12.226886
RR: 133.99229
DD: 0.220159
DR: 12.837438
RR: 129.325155
DD: 0.22464699999999999
DR: 11.922844
RR: 130.208202
DD: 0.212397
DR: 12.201922
RR: 129.483644
DD: 0.21903899999999998
DR: 11.784969
RR: 130.211
DD: 0.22386499999999998
DR: 11.658818
RR: 129.777212
DD: 0.234073
DR: 12.139445
RR: 129.323598
DD: 0.23049699999999998
DR: 12.356603
RR: 129.692109
DD: 0.220169
DR: 12.187254
RR: 120.033576
DD: 0.20867000000000002
DR: 11.616894
RR: 114.138241
DD: 0.21309499999999998
DR: 11.345636
RR: 118.167125
DD: 0.20607399999999998
DR: 11.811327
RR: 129.426103
DD: 0.207833
DR: 11.980876
RR: 128.748472
DD: 0.22970500000000005
DR: 11.597052
RR: 128.307437
DD: 0.201752
DR: 11.660022
RR: 124.043588
DD: 0.216194
DR: 11.252007
RR: 120.293071
DD: 0.21023599999999998
DR: 10.889216
RR: 118.30434
DD: 0.200733
DR: 10.868654
RR: 118.042297
saved to _G20.5_rmin0.001_rmax10.0_nbins30_zmin1.0zmax2.0_Lmaxsplit4bin3_N50_Planck_MC_b50

Pixels masked by MC but not already by selfunc: 0
G20.5_zmin2.0zmax3.0_Lmaxsplit4bin0: 0.72              19862 vs 71627
/home/groups/tabel/mahlet/quaia-env/lib/python3.10/site-packages/Corrfunc/utils.py:918: UserWarning: One or more input array has non-native endianness!  A copy will be made with the correct endianness.
  warnings.warn("One or more input array has non-native endianness!  A copy will"\
DD: 0.007329
DR: 0.171017
RR: 0.79179
DD: 0.0076289999999999995
DR: 0.184712
RR: 0.833644
DD: 0.007757
DR: 0.191859
RR: 0.836209
DD: 0.008009
DR: 0.18700599999999998
RR: 0.835578
DD: 0.008028
DR: 0.18714999999999998
RR: 0.8227610000000001
DD: 0.007887
DR: 0.18194
RR: 0.816155
DD: 0.007888
DR: 0.18428999999999998
RR: 0.840008
DD: 0.007891
DR: 0.19599
RR: 0.897185
DD: 0.008499999999999999
DR: 0.20249199999999998
RR: 0.929627
DD: 0.008324
DR: 0.19683599999999998
RR: 0.915855
DD: 0.008241
DR: 0.196927
RR: 0.9162129999999999
DD: 0.008388
DR: 0.197906
RR: 0.916837
DD: 0.008322999999999999
DR: 0.197428
RR: 0.912341
DD: 0.010376999999999999
DR: 0.19433699999999998
RR: 0.842631
DD: 0.007934
DR: 0.183785
RR: 0.890867
DD: 0.008239
DR: 0.19381800000000005
RR: 0.874235
DD: 0.008211
DR: 0.191887
RR: 0.9213290000000001
DD: 0.008758
DR: 0.20682100000000003
RR: 0.945891
DD: 0.00895
DR: 0.20771699999999998
RR: 0.919146
DD: 0.008569
DR: 0.200177
RR: 0.907946
DD: 0.008401
DR: 0.196576
RR: 0.907634
DD: 0.008254
DR: 0.19267099999999998
RR: 0.882827
DD: 0.007970999999999999
DR: 0.18562399999999998
RR: 0.857177
DD: 0.0077139999999999995
DR: 0.18177900000000002
RR: 0.8180270000000001
DD: 0.007887
DR: 0.18384999999999999
RR: 0.855595
DD: 0.007866999999999999
DR: 0.18515399999999999
RR: 0.8259259999999999
DD: 0.0077269999999999995
DR: 0.18414899999999998
RR: 0.78314
DD: 0.00728
DR: 0.16874799999999998
RR: 0.75521
DD: 0.00713
DR: 0.18129499999999998
RR: 0.818742
DD: 0.007781
DR: 0.180607
RR: 0.801214
DD: 0.007663
DR: 0.176205
RR: 0.840568
DD: 0.008149
DR: 0.19439400000000007
RR: 0.883359
DD: 0.010358
DR: 0.20378
RR: 0.902031
DD: 0.008742
DR: 0.20171800000000006
RR: 0.941225
DD: 0.010511
DR: 0.20260299999999998
RR: 0.911372
DD: 0.008433999999999999
DR: 0.198319
RR: 0.907482
DD: 0.010152999999999999
DR: 0.205623
RR: 0.920769
DD: 0.008529
DR: 0.199735
RR: 0.911544
DD: 0.008458
DR: 0.20627299999999998
RR: 0.8809009999999999
DD: 0.008345
DR: 0.189301
RR: 0.910358
DD: 0.02537
DR: 0.203262
RR: 0.860498
DD: 0.007922
DR: 0.18190599999999998
RR: 0.8483229999999999
DD: 0.00813
DR: 0.189609
RR: 0.899641
DD: 0.011044
DR: 0.20468000000000008
RR: 0.931727
DD: 0.008574
DR: 0.201517
RR: 0.918413
DD: 0.008348999999999999
DR: 0.201536
RR: 0.914035
DD: 0.007923
DR: 0.19075999999999999
RR: 0.891916
DD: 0.010813
DR: 0.193925
RR: 0.86488
DD: 0.008036999999999999
DR: 0.187992
RR: 0.826436
DD: 0.007449
DR: 0.17503900000000006
RR: 0.803922
saved to _G20.5_rmin0.001_rmax10.0_nbins30_zmin2.0zmax3.0_Lmaxsplit4bin0_N50_Planck_MC_b50

Pixels masked by MC but not already by selfunc: 0
G20.5_zmin2.0zmax3.0_Lmaxsplit4bin1: 0.69              44096 vs 143254
/home/groups/tabel/mahlet/quaia-env/lib/python3.10/site-packages/Corrfunc/utils.py:918: UserWarning: One or more input array has non-native endianness!  A copy will be made with the correct endianness.
  warnings.warn("One or more input array has non-native endianness!  A copy will"\
DD: 0.017065
DR: 0.581931
RR: 4.074554
DD: 0.019618
DR: 0.61498
RR: 3.947086
DD: 0.017404
DR: 0.585279
RR: 3.852367
DD: 0.017443
DR: 0.5748230000000001
RR: 3.714986
DD: 0.017068
DR: 0.603347
RR: 3.970241
DD: 0.017488999999999998
DR: 0.590496
RR: 4.009738
DD: 0.018371
DR: 0.5986750000000001
RR: 4.015282
DD: 0.017617999999999998
DR: 0.555539
RR: 4.203421
DD: 0.02042
DR: 0.647918
RR: 4.302193
DD: 0.01839
DR: 0.644089
RR: 4.136449
DD: 0.016655
DR: 0.636878
RR: 4.379445
DD: 0.01846200000000009
DR: 0.625578
RR: 4.046481
DD: 0.018487
DR: 0.634247
RR: 4.28592
DD: 0.018514
DR: 0.640836
RR: 4.273159
DD: 0.018095999999999998
DR: 0.619893
RR: 4.288321
DD: 0.019913999999999998
DR: 0.6005849999999999
RR: 4.030176
DD: 0.017799
DR: 0.609282
RR: 4.297335
DD: 0.018560999999999998
DR: 0.635351
RR: 4.241265
DD: 0.018036
DR: 0.616683
RR: 4.212749
DD: 0.017844
DR: 0.569932
RR: 4.044013
DD: 0.018482
DR: 0.6342000000000001
RR: 4.244264
DD: 0.018302
DR: 0.604471
RR: 4.07336
DD: 0.019414999999999998
DR: 0.618411
RR: 3.893211
DD: 0.015533
DR: 0.534727
RR: 3.912519
DD: 0.017662
DR: 0.582432
RR: 3.92983
DD: 0.017107
DR: 0.5904119999999999
RR: 3.876098
DD: 0.016892
DR: 0.557345
RR: 3.674017
DD: 0.016238
DR: 0.571381
RR: 3.961692
DD: 0.019993999999999998
DR: 0.5967340000000001
RR: 3.91355
DD: 0.019473999999999998
DR: 0.598883
RR: 3.876961
DD: 0.019275999999999998
DR: 0.574863
RR: 3.900773
DD: 0.01671
DR: 0.6058650000000001
RR: 4.073632
DD: 0.017825
DR: 0.591028
RR: 4.11827
DD: 0.01778
DR: 0.60178
RR: 4.317272
DD: 0.018594
DR: 0.6265839999999999
RR: 4.038689
DD: 0.016396
DR: 0.5877110000000001
RR: 4.225822
DD: 0.019417
DR: 0.6100220000000001
RR: 4.242016
DD: 0.018469
DR: 0.630346
RR: 4.2603670000000005
DD: 0.018172999999999998
DR: 0.608676
RR: 4.103447
DD: 0.018089
DR: 0.603685
RR: 4.230567
DD: 0.018748
DR: 0.6372399999999999
RR: 4.270833
DD: 0.018871
DR: 0.6206290000000001
RR: 4.164982
DD: 0.017585
DR: 0.569386
RR: 4.154996
DD: 0.01833
DR: 0.620244
RR: 4.230835
DD: 0.018470999999999998
DR: 0.616021
RR: 4.2614920000000005
DD: 0.016748
DR: 0.598946
RR: 4.082827
DD: 0.016828
DR: 0.606596
RR: 4.137121
DD: 0.018956999999999998
DR: 0.592616
RR: 3.977769
DD: 0.017398999999999998
DR: 0.565635
RR: 3.752868
DD: 0.017679999999999998
DR: 0.595436
RR: 3.830323
saved to _G20.5_rmin0.001_rmax10.0_nbins30_zmin2.0zmax3.0_Lmaxsplit4bin1_N50_Planck_MC_b50

Pixels masked by MC but not already by selfunc: 0
G20.5_zmin2.0zmax3.0_Lmaxsplit4bin2: 0.66              72511 vs 214881
/home/groups/tabel/mahlet/quaia-env/lib/python3.10/site-packages/Corrfunc/utils.py:918: UserWarning: One or more input array has non-native endianness!  A copy will be made with the correct endianness.
  warnings.warn("One or more input array has non-native endianness!  A copy will"\
DD: 0.03385
DR: 1.3542049999999999
RR: 10.478177
DD: 0.032414
DR: 1.302605
RR: 10.574064
DD: 0.032733
DR: 1.322788
RR: 10.608388
DD: 0.034943
DR: 1.359796
RR: 10.506281
DD: 0.032547
DR: 1.343551
RR: 10.773239
DD: 0.031719
DR: 1.3245680000000002
RR: 10.959734
DD: 0.034796
DR: 1.4406379999999999
RR: 10.974579
DD: 0.033222999999999996
DR: 1.351624
RR: 10.390234
DD: 0.032514999999999995
DR: 1.39692
RR: 10.553914
DD: 0.031552
DR: 1.39211
RR: 11.855278
DD: 0.033224
DR: 1.377137
RR: 10.779415
DD: 0.03140200000000004
DR: 1.430116
RR: 11.230647
DD: 0.033895999999999996
DR: 1.350501
RR: 11.361549
DD: 0.033964999999999995
DR: 1.392387
RR: 11.26979
DD: 0.034505999999999995
DR: 1.397989
RR: 11.138994
DD: 0.03437
DR: 1.3971200000000001
RR: 11.185788
DD: 0.031351
DR: 1.36993
RR: 11.724236
DD: 0.031547
DR: 1.429821
RR: 11.434054
DD: 0.034029
DR: 1.350398
RR: 11.101625
DD: 0.033904
DR: 1.330547
RR: 11.242908
DD: 0.033516
DR: 1.369859
RR: 11.849747
DD: 0.033816
DR: 1.36786
RR: 11.007802
DD: 0.032729
DR: 1.350009
RR: 10.735768
DD: 0.033002
DR: 1.33471
RR: 10.402518
DD: 0.031591
DR: 1.271228
RR: 10.078112
DD: 0.030570999999999997
DR: 1.248327
RR: 9.820412
DD: 0.031262
DR: 1.226633
RR: 9.787173
DD: 0.030130999999999998
DR: 1.235552
RR: 9.711731
DD: 0.030522999999999998
DR: 1.224639
RR: 9.752943
DD: 0.030706999999999998
DR: 1.2411699999999999
RR: 9.915393
DD: 0.031105999999999998
DR: 1.2708089999999999
RR: 9.996696
DD: 0.030625999999999997
DR: 1.2651919999999999
RR: 10.173671
DD: 0.031529
DR: 1.312932
RR: 10.55499
DD: 0.03276
DR: 1.340344
RR: 10.763445
DD: 0.032986
DR: 1.3110819999999999
RR: 10.839619
DD: 0.033388
DR: 1.336655
RR: 10.762319
DD: 0.033136
DR: 1.3234759999999999
RR: 10.73784
DD: 0.032459999999999996
DR: 1.328891
RR: 10.849314
DD: 0.033046
DR: 1.320533
RR: 10.702369000000001
DD: 0.032392
DR: 1.322168
RR: 10.743209
DD: 0.032679
DR: 1.332236
RR: 10.309532
DD: 0.030889999999999997
DR: 1.489535
RR: 11.696181
DD: 0.032500999999999995
DR: 1.418546
RR: 11.70525
DD: 0.032402
DR: 1.445861
RR: 11.638214
DD: 0.032331
DR: 1.435839
RR: 11.43275
DD: 0.030909
DR: 1.428469
RR: 11.364407
DD: 0.031146999999999998
DR: 1.354324
RR: 11.285151
DD: 0.031618
DR: 1.37353
RR: 10.860695
DD: 0.030459999999999997
DR: 1.3051940000000002
RR: 10.599365
DD: 0.030181
DR: 1.3164959999999999
RR: 10.538382
saved to _G20.5_rmin0.001_rmax10.0_nbins30_zmin2.0zmax3.0_Lmaxsplit4bin2_N50_Planck_MC_b50

Pixels masked by MC but not already by selfunc: 0
G20.5_zmin2.0zmax3.0_Lmaxsplit4bin3: 0.63              107434 vs 286508
/home/groups/tabel/mahlet/quaia-env/lib/python3.10/site-packages/Corrfunc/utils.py:918: UserWarning: One or more input array has non-native endianness!  A copy will be made with the correct endianness.
  warnings.warn("One or more input array has non-native endianness!  A copy will"\
DD: 0.060792
DR: 2.565265
RR: 23.548605
DD: 0.055143
DR: 2.616415
RR: 24.557838
DD: 0.057069999999999996
DR: 2.857701
RR: 24.117026
DD: 0.055788
DR: 2.52857
RR: 22.337559
DD: 0.054285
DR: 2.5173829999999997
RR: 22.392975
DD: 0.055214
DR: 2.510531
RR: 22.577066
DD: 0.055480999999999996
DR: 2.515578
RR: 23.254819
DD: 0.057477
DR: 2.59766
RR: 23.558463
DD: 0.058275
DR: 2.656154
RR: 24.295623
DD: 0.059087
DR: 2.676787
RR: 24.254097
DD: 0.05859600000000009
DR: 2.661456
RR: 24.170912
DD: 0.059761999999999996
DR: 2.676705
RR: 24.274011
DD: 0.057671
DR: 2.694256
RR: 24.835765
DD: 0.058804999999999996
DR: 2.643835
RR: 24.109975
DD: 0.058254
DR: 2.687035
RR: 24.374716
DD: 0.060624
DR: 2.928177
RR: 26.286241
DD: 0.060066999999999995
DR: 2.753191
RR: 24.448178
DD: 0.058489
DR: 2.682343
RR: 24.459328
DD: 0.058115999999999994
DR: 2.663138
RR: 24.407911
DD: 0.058421999999999995
DR: 2.701009
RR: 24.452486
DD: 0.058669
DR: 2.655414
RR: 24.117395
DD: 0.056794
DR: 2.549602
RR: 23.439385
DD: 0.055604
DR: 2.521756
RR: 22.973361
DD: 0.055111999999999994
DR: 2.509712
RR: 22.562463
DD: 0.055532
DR: 2.469821
RR: 22.505325
DD: 0.054974999999999996
DR: 2.458829
RR: 22.11345
DD: 0.053399999999999996
DR: 2.508285
RR: 21.974117
DD: 0.051866999999999996
DR: 2.307831
RR: 24.154404
DD: 0.054548
DR: 2.616368
RR: 23.269744
DD: 0.055274
DR: 2.635045
RR: 25.903427
DD: 0.057318999999999995
DR: 2.822481
RR: 25.637963
DD: 0.060169
DR: 2.793542
RR: 25.2174
DD: 0.059046999999999995
DR: 2.796167
RR: 24.323074
DD: 0.057954
DR: 2.772265
RR: 25.248251
DD: 0.059647
DR: 2.80091
RR: 23.317253
DD: 0.056458999999999995
DR: 2.882777
RR: 24.053028
DD: 0.056246
DR: 2.858909
RR: 25.293569
DD: 0.057590999999999996
DR: 2.769433
RR: 24.435555
DD: 0.055867999999999994
DR: 2.7152380000000003
RR: 24.620664
DD: 0.057467
DR: 2.722587
RR: 24.530791
DD: 0.059380999999999996
DR: 2.67848
RR: 24.439883000000002
DD: 0.057408999999999995
DR: 2.691187
RR: 24.890029
DD: 0.060121999999999995
DR: 2.674243
RR: 24.317895
DD: 0.058823
DR: 2.664657
RR: 24.315378
DD: 0.059007
DR: 2.68504
RR: 24.2842
DD: 0.057715999999999996
DR: 2.637216
RR: 23.982771
DD: 0.056832999999999995
DR: 2.5644109999999998
RR: 23.304603
DD: 0.055458
DR: 2.543582
RR: 23.032148
DD: 0.055367
DR: 2.488733
RR: 22.372471
DD: 0.063971
DR: 2.483633
RR: 22.185089
saved to _G20.5_rmin0.001_rmax10.0_nbins30_zmin2.0zmax3.0_Lmaxsplit4bin3_N50_Planck_MC_b50

Pixels masked by MC but not already by selfunc: 0
G20.5_zmin3.0zmax4.6_Lmaxsplit4bin0: 0.69              2846 vs 9115
/home/groups/tabel/mahlet/quaia-env/lib/python3.10/site-packages/Corrfunc/utils.py:918: UserWarning: One or more input array has non-native endianness!  A copy will be made with the correct endianness.
  warnings.warn("One or more input array has non-native endianness!  A copy will"\
DD: 0.0024909999999999997
DR: 0.018185
RR: 0.026584999999999998
DD: 0.0021119999999999997
DR: 0.017463
RR: 0.026558
DD: 0.002082
DR: 0.01752100000000001
RR: 0.026454
DD: 0.0021349999999999997
DR: 0.01748
RR: 0.027316
DD: 0.002103
DR: 0.017795
RR: 0.027621999999999997
DD: 0.002105
DR: 0.017790999999999998
RR: 0.027715999999999998
DD: 0.002088
DR: 0.017671
RR: 0.026798
DD: 0.0020989999999999997
DR: 0.018341
RR: 0.028111999999999998
DD: 0.0021089999999999998
DR: 0.018484
RR: 0.029144
DD: 0.002059
DR: 0.018909
RR: 0.029275
DD: 0.0020599999999999998
DR: 0.018935
RR: 0.029373999999999997
DD: 0.002044
DR: 0.019014
RR: 0.029334
DD: 0.002064
DR: 0.019024
RR: 0.02933
DD: 0.002067
DR: 0.01898
RR: 0.029332999999999998
DD: 0.002023
DR: 0.018979
RR: 0.029314
DD: 0.0020829999999999998
DR: 0.019011
RR: 0.029397999999999997
DD: 0.00208
DR: 0.019001999999999998
RR: 0.028773999999999997
DD: 0.002031
DR: 0.018973999999999998
RR: 0.02933
DD: 0.002045
DR: 0.018956
RR: 0.02937
DD: 0.002054
DR: 0.019013
RR: 0.029016
DD: 0.002029
DR: 0.018699999999999998
RR: 0.02846
DD: 0.00208
DR: 0.017679999999999998
RR: 0.027455
DD: 0.002124
DR: 0.017804999999999998
RR: 0.027601999999999998
DD: 0.002051
DR: 0.017533999999999998
RR: 0.027472
DD: 0.002084
DR: 0.017530999999999998
RR: 0.027361
DD: 0.002078
DR: 0.01752
RR: 0.026883999999999998
DD: 0.002111
DR: 0.017485
RR: 0.027344
DD: 0.002103
DR: 0.017585
RR: 0.027447
DD: 0.0021249999999999997
DR: 0.017505
RR: 0.027454
DD: 0.002121
DR: 0.017567
RR: 0.026834999999999998
DD: 0.0020629999999999997
DR: 0.017646
RR: 0.027186
DD: 0.002065
DR: 0.017639
RR: 0.027003
DD: 0.0021
DR: 0.018151999999999998
RR: 0.028224
DD: 0.002084
DR: 0.018650999999999997
RR: 0.028815
DD: 0.002025
DR: 0.018571
RR: 0.028874999999999998
DD: 0.002023
DR: 0.018712
RR: 0.028831
DD: 0.002022
DR: 0.018602999999999998
RR: 0.028835999999999997
DD: 0.002019
DR: 0.018709999999999997
RR: 0.028769999999999997
DD: 0.00203
DR: 0.018616
RR: 0.028946999999999997
DD: 0.00202
DR: 0.018704
RR: 0.028821
DD: 0.002035
DR: 0.018643
RR: 0.028822
DD: 0.002031
DR: 0.018632
RR: 0.02913
DD: 0.002059
DR: 0.018841999999999998
RR: 0.029182
DD: 0.002052
DR: 0.018874
RR: 0.029351
DD: 0.001759
DR: 0.018855999999999998
RR: 0.029245
DD: 0.002039
DR: 0.018772
RR: 0.028976
DD: 0.002058
DR: 0.017772
RR: 0.028312
DD: 0.002126
DR: 0.017917
RR: 0.027932
DD: 0.0021349999999999997
DR: 0.017626
RR: 0.026324
DD: 0.002058
DR: 0.017463
RR: 0.027361
/oak/stanford/orgs/kipac/users/mahlet/quaia_bias/scripts/jackknife.py:226: RuntimeWarning: Mean of empty slice
  cf_mean = np.nanmean(cf_jackknife, axis = 0)  # is it ok to ignore nan values?
saved to _G20.5_rmin0.001_rmax10.0_nbins30_zmin3.0zmax4.6_Lmaxsplit4bin0_N50_Planck_MC_b50

Pixels masked by MC but not already by selfunc: 0
G20.5_zmin3.0zmax4.6_Lmaxsplit4bin1: 0.66              6183 vs 18229
/home/groups/tabel/mahlet/quaia-env/lib/python3.10/site-packages/Corrfunc/utils.py:918: UserWarning: One or more input array has non-native endianness!  A copy will be made with the correct endianness.
  warnings.warn("One or more input array has non-native endianness!  A copy will"\
DD: 0.0028859999999999997
DR: 0.034492999999999996
RR: 0.078737
DD: 0.0030629999999999998
DR: 0.035406
RR: 0.078056
DD: 0.003015
DR: 0.035441
RR: 0.078042
DD: 0.003023
DR: 0.035391
RR: 0.076606
DD: 0.003018
DR: 0.035154
RR: 0.078957
DD: 0.003047
DR: 0.035436999999999996
RR: 0.079639
DD: 0.003058
DR: 0.036183
RR: 0.07842199999999999
DD: 0.002999
DR: 0.035903
RR: 0.080496
DD: 0.0030949999999999997
DR: 0.03667
RR: 0.082039
DD: 0.0030989999999999998
DR: 0.036746
RR: 0.08152900000000007
DD: 0.002901
DR: 0.036705999999999996
RR: 0.08189199999999999
DD: 0.0031019999999999997
DR: 0.036707
RR: 0.084129
DD: 0.0031349999999999998
DR: 0.037271
RR: 0.083993
DD: 0.0031279999999999997
DR: 0.037259
RR: 0.08412
DD: 0.0031149999999999997
DR: 0.037306
RR: 0.0843
DD: 0.0031119999999999997
DR: 0.037201
RR: 0.083974
DD: 0.003117
DR: 0.037170999999999996
RR: 0.08406999999999999
DD: 0.003107
DR: 0.037187
RR: 0.0841
DD: 0.003116
DR: 0.03729
RR: 0.084099
DD: 0.003111
DR: 0.037162
RR: 0.08420799999999999
DD: 0.003071
DR: 0.036740999999999996
RR: 0.083159
DD: 0.0030429999999999997
DR: 0.035757
RR: 0.080121
DD: 0.0030099999999999997
DR: 0.035151
RR: 0.07959
DD: 0.003002
DR: 0.035223
RR: 0.078723
DD: 0.0029839999999999997
DR: 0.035185
RR: 0.077571
DD: 0.00297
DR: 0.035161
RR: 0.07838099999999999
DD: 0.003026
DR: 0.035442
RR: 0.077315
DD: 0.002993
DR: 0.035518
RR: 0.0784680000000001
DD: 0.002989
DR: 0.034991999999999995
RR: 0.07876899999999999
DD: 0.003028
DR: 0.035688
RR: 0.078358
DD: 0.003023
DR: 0.035456
RR: 0.079589
DD: 0.003065
DR: 0.036647
RR: 0.08118299999999999
DD: 0.003085
DR: 0.036767999999999995
RR: 0.08252899999999999
DD: 0.0031349999999999998
DR: 0.03755
RR: 0.084503
DD: 0.003142
DR: 0.037513
RR: 0.084881
DD: 0.003143
DR: 0.037394
RR: 0.084877
DD: 0.0031609999999999997
DR: 0.037832
RR: 0.08470300000000008
DD: 0.0031509999999999997
DR: 0.037802999999999996
RR: 0.083313
DD: 0.0031079999999999997
DR: 0.036729
RR: 0.08492899999999999
DD: 0.003168
DR: 0.037847
RR: 0.084688
DD: 0.0031769999999999997
DR: 0.037833
RR: 0.085892
DD: 0.003166
DR: 0.03749100000000005
RR: 0.08569399999999999
DD: 0.003175
DR: 0.037804
RR: 0.085631
DD: 0.003169
DR: 0.037780999999999995
RR: 0.085811
DD: 0.003165
DR: 0.037743
RR: 0.08566
DD: 0.00313
DR: 0.037301999999999995
RR: 0.08449899999999999
DD: 0.003096
DR: 0.036018999999999995
RR: 0.082898
DD: 0.003088
DR: 0.03609
RR: 0.080228
DD: 0.0030629999999999998
DR: 0.035903
RR: 0.079661
DD: 0.0029909999999999997
DR: 0.035332999999999996
RR: 0.079109
saved to _G20.5_rmin0.001_rmax10.0_nbins30_zmin3.0zmax4.6_Lmaxsplit4bin1_N50_Planck_MC_b50

Pixels masked by MC but not already by selfunc: 0
G20.5_zmin3.0zmax4.6_Lmaxsplit4bin2: 0.64              9882 vs 27343
/home/groups/tabel/mahlet/quaia-env/lib/python3.10/site-packages/Corrfunc/utils.py:918: UserWarning: One or more input array has non-native endianness!  A copy will be made with the correct endianness.
  warnings.warn("One or more input array has non-native endianness!  A copy will"\
DD: 0.017317
DR: 0.058475
RR: 0.161831
DD: 0.0044199999999999995
DR: 0.05882
RR: 0.159332
DD: 0.004438999999999999
DR: 0.059017999999999994
RR: 0.163017
DD: 0.004405
DR: 0.06023
RR: 0.163322
DD: 0.004591
DR: 0.060502
RR: 0.163341
DD: 0.004495
DR: 0.061119999999999994
RR: 0.16602700000000004
DD: 0.004677
DR: 0.061347
RR: 0.16866599999999998
DD: 0.004515
DR: 0.062062
RR: 0.17168999999999998
DD: 0.004569999999999999
DR: 0.063479
RR: 0.174011
DD: 0.00484
DR: 0.063314
RR: 0.17545
DD: 0.004672
DR: 0.062417999999999994
RR: 0.17297300000000004
DD: 0.004803
DR: 0.062460999999999996
RR: 0.17588299999999998
DD: 0.004712
DR: 0.063108
RR: 0.175917
DD: 0.004691
DR: 0.062063
RR: 0.17546599999999998
DD: 0.004726
DR: 0.062523
RR: 0.175944
DD: 0.004645
DR: 0.063095
RR: 0.17612800000000006
DD: 0.004678
DR: 0.06304699999999999
RR: 0.175322
DD: 0.004699
DR: 0.062324
RR: 0.175487
DD: 0.00481
DR: 0.062607
RR: 0.174395
DD: 0.0046359999999999995
DR: 0.062418999999999995
RR: 0.171339
DD: 0.004619
DR: 0.061464
RR: 0.17336400000000007
DD: 0.004569999999999999
DR: 0.060985
RR: 0.16944599999999999
DD: 0.004456
DR: 0.060004999999999996
RR: 0.165746
DD: 0.004594
DR: 0.059847
RR: 0.16325499999999998
DD: 0.00445
DR: 0.059076
RR: 0.163154
DD: 0.004399
DR: 0.05907
RR: 0.162343
DD: 0.004529
DR: 0.059600999999999994
RR: 0.163261
DD: 0.004614
DR: 0.059613
RR: 0.161904
DD: 0.004579
DR: 0.059037
RR: 0.162034
DD: 0.004291
DR: 0.058656
RR: 0.160594
DD: 0.0045179999999999994
DR: 0.059042
RR: 0.16025
DD: 0.0043479999999999994
DR: 0.059441999999999995
RR: 0.161261
DD: 0.004536999999999999
DR: 0.061003999999999996
RR: 0.17058099999999998
DD: 0.004725
DR: 0.06315
RR: 0.176032
DD: 0.0046689999999999995
DR: 0.06343
RR: 0.17495
DD: 0.004781
DR: 0.0624
RR: 0.17607299999999998
DD: 0.004764
DR: 0.063009
RR: 0.17636400000000008
DD: 0.00473
DR: 0.062280999999999996
RR: 0.17540799999999998
DD: 0.004776
DR: 0.06404699999999999
RR: 0.17735299999999998
DD: 0.004683
DR: 0.062243
RR: 0.175865
DD: 0.004827
DR: 0.063694
RR: 0.174371
DD: 0.004699
DR: 0.062057999999999995
RR: 0.17334700000000003
DD: 0.004745
DR: 0.062544
RR: 0.173307
DD: 0.004633
DR: 0.062821
RR: 0.17047199999999998
DD: 0.004578
DR: 0.062132
RR: 0.17066399999999998
DD: 0.0045639999999999995
DR: 0.06186
RR: 0.17177399999999998
DD: 0.004755
DR: 0.060805
RR: 0.1679670000000001
DD: 0.0044789999999999995
DR: 0.059281
RR: 0.163905
DD: 0.0044069999999999995
DR: 0.059574999999999996
RR: 0.1626
DD: 0.0043749999999999995
DR: 0.060114
RR: 0.16388899999999998
saved to _G20.5_rmin0.001_rmax10.0_nbins30_zmin3.0zmax4.6_Lmaxsplit4bin2_N50_Planck_MC_b50

Pixels masked by MC but not already by selfunc: 0
G20.5_zmin3.0zmax4.6_Lmaxsplit4bin3: 0.60              14706 vs 36458
/home/groups/tabel/mahlet/quaia-env/lib/python3.10/site-packages/Corrfunc/utils.py:918: UserWarning: One or more input array has non-native endianness!  A copy will be made with the correct endianness.
  warnings.warn("One or more input array has non-native endianness!  A copy will"\
DD: 0.005663
DR: 0.093342
RR: 0.30615000000000003
DD: 0.008268
DR: 0.095982
RR: 0.303212
DD: 0.0061779999999999995
DR: 0.094613
RR: 0.30322299999999996
DD: 0.0061779999999999995
DR: 0.09475199999999999
RR: 0.3036920000000001
DD: 0.005983
DR: 0.094757
RR: 0.308888
DD: 0.005732
DR: 0.094943
RR: 0.31531
DD: 0.006431
DR: 0.09827999999999999
RR: 0.31004300000000007
DD: 0.006221
DR: 0.097758
RR: 0.316411
DD: 0.006241
DR: 0.099689
RR: 0.328033
DD: 0.006194
DR: 0.09940099999999999
RR: 0.328801
DD: 0.006258
DR: 0.099425
RR: 0.328845
DD: 0.006313999999999999
DR: 0.09954099999999999
RR: 0.33332800000000007
DD: 0.00624
DR: 0.100243
RR: 0.327237
DD: 0.006379999999999999
DR: 0.099462
RR: 0.32741
DD: 0.006232
DR: 0.099192
RR: 0.326129
DD: 0.00615
DR: 0.099407
RR: 0.32866
DD: 0.0063349999999999995
DR: 0.09987
RR: 0.327978
DD: 0.006166
DR: 0.098867
RR: 0.3161590000000001
DD: 0.0058909999999999995
DR: 0.097387
RR: 0.344242
DD: 0.006332
DR: 0.103836
RR: 0.335101
DD: 0.006349
DR: 0.10053899999999999
RR: 0.33248500000000003
DD: 0.0062699999999999995
DR: 0.09795999999999999
RR: 0.317951
DD: 0.005847
DR: 0.09479900000000008
RR: 0.312932
DD: 0.006032
DR: 0.094285
RR: 0.30261000000000005
DD: 0.005906
DR: 0.094013
RR: 0.304409
DD: 0.005907
DR: 0.094374
RR: 0.301923
DD: 0.005850999999999999
DR: 0.093818
RR: 0.304071
DD: 0.006089
DR: 0.09319
RR: 0.306444
DD: 0.006362
DR: 0.095778
RR: 0.302605
DD: 0.005912
DR: 0.09467099999999999
RR: 0.30588499999999996
DD: 0.006117
DR: 0.0948150000000001
RR: 0.308544
DD: 0.006417
DR: 0.09668
RR: 0.31522300000000003
DD: 0.006149
DR: 0.09804199999999999
RR: 0.323
DD: 0.0062439999999999996
DR: 0.099589
RR: 0.332095
DD: 0.006247
DR: 0.099411
RR: 0.325685
DD: 0.006107
DR: 0.099058
RR: 0.326164
DD: 0.006167
DR: 0.099052
RR: 0.326117
DD: 0.0060479999999999996
DR: 0.099175
RR: 0.32691400000000004
DD: 0.006248
DR: 0.09923499999999999
RR: 0.336516
DD: 0.006246
DR: 0.10028
RR: 0.328787
DD: 0.006392999999999999
DR: 0.09987299999999999
RR: 0.32934300000000005
DD: 0.0062439999999999996
DR: 0.098994
RR: 0.3319
DD: 0.006169
DR: 0.09981999999999999
RR: 0.330759
DD: 0.006176
DR: 0.099733
RR: 0.33561399999999997
DD: 0.006326999999999999
DR: 0.10137
RR: 0.337314
DD: 0.00629
DR: 0.100828
RR: 0.328102
DD: 0.006157
DR: 0.099312
RR: 0.325104
DD: 0.006085
DR: 0.095728
RR: 0.314501
DD: 0.005951
DR: 0.094385
RR: 0.303404
DD: 0.005961
DR: 0.092556
RR: 0.30169199999999996
saved to _G20.5_rmin0.001_rmax10.0_nbins30_zmin3.0zmax4.6_Lmaxsplit4bin3_N50_Planck_MC_b50

done!
