Starting batch job

G20.5: computing wp in 30 bins from 30.0 to 180.0 on a linear scale...

Pixels masked by MC but not already by selfunc: 2468
G20.5_zmin0.0zmax1.0_Lmax-20.0: 0.33              218365 vs 324336
[Warning] The CPU supports AVX512F but the compiler does not.  Can you try another compiler?
/home/groups/tabel/mahlet/quaia-env/lib/python3.10/site-packages/Corrfunc/utils.py:918: UserWarning: One or more input array has non-native endianness!  A copy will be made with the correct endianness.
  warnings.warn("One or more input array has non-native endianness!  A copy will"\
saved to _G20.5_rmin30.0_rmax180.0_nbins30_pimax200_zmin0.0zmax1.0_Lmax-20.0_Planck_MC_b30
Pixels masked by MC but not already by selfunc: 490
G20.5_zmin0.0zmax1.0_Lmax-25.0: 0.46              29985 vs 55261
/home/groups/tabel/mahlet/quaia-env/lib/python3.10/site-packages/Corrfunc/utils.py:918: UserWarning: One or more input array has non-native endianness!  A copy will be made with the correct endianness.
  warnings.warn("One or more input array has non-native endianness!  A copy will"\
saved to _G20.5_rmin30.0_rmax180.0_nbins30_pimax200_zmin0.0zmax1.0_Lmax-25.0_Planck_MC_b30
Pixels masked by MC but not already by selfunc: 131
G20.5_zmin0.0zmax1.0_Lmax-26.0: 0.52              6079 vs 12557
/home/groups/tabel/mahlet/quaia-env/lib/python3.10/site-packages/Corrfunc/utils.py:918: UserWarning: One or more input array has non-native endianness!  A copy will be made with the correct endianness.
  warnings.warn("One or more input array has non-native endianness!  A copy will"\
saved to _G20.5_rmin30.0_rmax180.0_nbins30_pimax200_zmin0.0zmax1.0_Lmax-26.0_Planck_MC_b30
Pixels masked by MC but not already by selfunc: 40
G20.5_zmin0.0zmax1.0_Lmax-27.0: 0.60              776 vs 1922
/home/groups/tabel/mahlet/quaia-env/lib/python3.10/site-packages/Corrfunc/utils.py:918: UserWarning: One or more input array has non-native endianness!  A copy will be made with the correct endianness.
  warnings.warn("One or more input array has non-native endianness!  A copy will"\
saved to _G20.5_rmin30.0_rmax180.0_nbins30_pimax200_zmin0.0zmax1.0_Lmax-27.0_Planck_MC_b30
Pixels masked by MC but not already by selfunc: 4785
G20.5_zmin1.0zmax2.0_Lmax-20.0: 0.30              453228 vs 648196
/home/groups/tabel/mahlet/quaia-env/lib/python3.10/site-packages/Corrfunc/utils.py:918: UserWarning: One or more input array has non-native endianness!  A copy will be made with the correct endianness.
  warnings.warn("One or more input array has non-native endianness!  A copy will"\
saved to _G20.5_rmin30.0_rmax180.0_nbins30_pimax200_zmin1.0zmax2.0_Lmax-20.0_Planck_MC_b30
Pixels masked by MC but not already by selfunc: 3840
G20.5_zmin1.0zmax2.0_Lmax-25.0: 0.33              336125 vs 502242
/home/groups/tabel/mahlet/quaia-env/lib/python3.10/site-packages/Corrfunc/utils.py:918: UserWarning: One or more input array has non-native endianness!  A copy will be made with the correct endianness.
  warnings.warn("One or more input array has non-native endianness!  A copy will"\
saved to _G20.5_rmin30.0_rmax180.0_nbins30_pimax200_zmin1.0zmax2.0_Lmax-25.0_Planck_MC_b30
Pixels masked by MC but not already by selfunc: 1559
G20.5_zmin1.0zmax2.0_Lmax-26.0: 0.40              110789 vs 185134
/home/groups/tabel/mahlet/quaia-env/lib/python3.10/site-packages/Corrfunc/utils.py:918: UserWarning: One or more input array has non-native endianness!  A copy will be made with the correct endianness.
  warnings.warn("One or more input array has non-native endianness!  A copy will"\
saved to _G20.5_rmin30.0_rmax180.0_nbins30_pimax200_zmin1.0zmax2.0_Lmax-26.0_Planck_MC_b30
Pixels masked by MC but not already by selfunc: 379
G20.5_zmin1.0zmax2.0_Lmax-27.0: 0.46              20750 vs 38757
/home/groups/tabel/mahlet/quaia-env/lib/python3.10/site-packages/Corrfunc/utils.py:918: UserWarning: One or more input array has non-native endianness!  A copy will be made with the correct endianness.
  warnings.warn("One or more input array has non-native endianness!  A copy will"\
saved to _G20.5_rmin30.0_rmax180.0_nbins30_pimax200_zmin1.0zmax2.0_Lmax-27.0_Planck_MC_b30
Pixels masked by MC but not already by selfunc: 2764
G20.5_zmin2.0zmax3.0_Lmax-20.0: 0.28              207602 vs 286508
/home/groups/tabel/mahlet/quaia-env/lib/python3.10/site-packages/Corrfunc/utils.py:918: UserWarning: One or more input array has non-native endianness!  A copy will be made with the correct endianness.
  warnings.warn("One or more input array has non-native endianness!  A copy will"\
saved to _G20.5_rmin30.0_rmax180.0_nbins30_pimax200_zmin2.0zmax3.0_Lmax-20.0_Planck_MC_b30
Pixels masked by MC but not already by selfunc: 2764
G20.5_zmin2.0zmax3.0_Lmax-25.0: 0.28              207602 vs 286508
/home/groups/tabel/mahlet/quaia-env/lib/python3.10/site-packages/Corrfunc/utils.py:918: UserWarning: One or more input array has non-native endianness!  A copy will be made with the correct endianness.
  warnings.warn("One or more input array has non-native endianness!  A copy will"\
saved to _G20.5_rmin30.0_rmax180.0_nbins30_pimax200_zmin2.0zmax3.0_Lmax-25.0_Planck_MC_b30
Pixels masked by MC but not already by selfunc: 2573
G20.5_zmin2.0zmax3.0_Lmax-26.0: 0.29              184109 vs 259755
/home/groups/tabel/mahlet/quaia-env/lib/python3.10/site-packages/Corrfunc/utils.py:918: UserWarning: One or more input array has non-native endianness!  A copy will be made with the correct endianness.
  warnings.warn("One or more input array has non-native endianness!  A copy will"\
saved to _G20.5_rmin30.0_rmax180.0_nbins30_pimax200_zmin2.0zmax3.0_Lmax-26.0_Planck_MC_b30
Pixels masked by MC but not already by selfunc: 1053
G20.5_zmin2.0zmax3.0_Lmax-27.0: 0.37              64747 vs 103123
/home/groups/tabel/mahlet/quaia-env/lib/python3.10/site-packages/Corrfunc/utils.py:918: UserWarning: One or more input array has non-native endianness!  A copy will be made with the correct endianness.
  warnings.warn("One or more input array has non-native endianness!  A copy will"\
saved to _G20.5_rmin30.0_rmax180.0_nbins30_pimax200_zmin2.0zmax3.0_Lmax-27.0_Planck_MC_b30
Pixels masked by MC but not already by selfunc: 307
G20.5_zmin3.0zmax4.6_Lmax-20.0: 0.23              28043 vs 36458
/home/groups/tabel/mahlet/quaia-env/lib/python3.10/site-packages/Corrfunc/utils.py:918: UserWarning: One or more input array has non-native endianness!  A copy will be made with the correct endianness.
  warnings.warn("One or more input array has non-native endianness!  A copy will"\
saved to _G20.5_rmin30.0_rmax180.0_nbins30_pimax200_zmin3.0zmax4.6_Lmax-20.0_Planck_MC_b30
Pixels masked by MC but not already by selfunc: 307
G20.5_zmin3.0zmax4.6_Lmax-25.0: 0.23              28043 vs 36458
/home/groups/tabel/mahlet/quaia-env/lib/python3.10/site-packages/Corrfunc/utils.py:918: UserWarning: One or more input array has non-native endianness!  A copy will be made with the correct endianness.
  warnings.warn("One or more input array has non-native endianness!  A copy will"\
saved to _G20.5_rmin30.0_rmax180.0_nbins30_pimax200_zmin3.0zmax4.6_Lmax-25.0_Planck_MC_b30
Pixels masked by MC but not already by selfunc: 307
G20.5_zmin3.0zmax4.6_Lmax-26.0: 0.23              28043 vs 36458
/home/groups/tabel/mahlet/quaia-env/lib/python3.10/site-packages/Corrfunc/utils.py:918: UserWarning: One or more input array has non-native endianness!  A copy will be made with the correct endianness.
  warnings.warn("One or more input array has non-native endianness!  A copy will"\
saved to _G20.5_rmin30.0_rmax180.0_nbins30_pimax200_zmin3.0zmax4.6_Lmax-26.0_Planck_MC_b30
Pixels masked by MC but not already by selfunc: 259
G20.5_zmin3.0zmax4.6_Lmax-27.0: 0.26              21433 vs 28981
/home/groups/tabel/mahlet/quaia-env/lib/python3.10/site-packages/Corrfunc/utils.py:918: UserWarning: One or more input array has non-native endianness!  A copy will be made with the correct endianness.
  warnings.warn("One or more input array has non-native endianness!  A copy will"\
saved to _G20.5_rmin30.0_rmax180.0_nbins30_pimax200_zmin3.0zmax4.6_Lmax-27.0_Planck_MC_b30
done!
