Starting batch job
Running selection function with fn_catalog=../data/quaia_G20.5_zmin1.0zmax2.0_Lmax-20.0.fits, fn_selfunc=../data/maps/selection_function_NSIDE64_G20.5_zmin1.0zmax2.0_Lmax-20.0.fits, fn_parentcat=../data/quaia_G20.5.fits, map_names=None
Loading data
Making QSO map
Map templates: ['dust', 'stars', 'm10', 'mcs', 'unwise', 'unwisescan', 'mcsunwise']
Dustmap already exists, loading from ../data/maps/map_dust_NSIDE64.npy
Star map already exists, loading from ../data/maps/map_stars_NSIDE64.npy
M10 map already exists, loading from ../data/maps/map_m10_NSIDE64.npy
MCs map already exists, loading from ../data/maps/map_mcs_NSIDE64.npy
unWISE map already exists, loading from ../data/maps/map_unwise_NSIDE64.npy
unWISE scan map already exists, loading from ../data/maps/map_unwisescan_NSIDE64.npy
MCs map already exists, loading from ../data/maps/map_mcsunwise_NSIDE64.npy
Constructing X
(7, 49152)
(7, 49152)
Getting indices to fit
err min max: 0.0 6.557438524302
Training fitter
X_train: (41764, 7) y_train: (41764,)
y_train min: 1.0 y_train: 43.0
fit_mean = True
n params: 7
parameter names: ('mean:value', 'kernel:k1:log_constant', 'kernel:k2:metric:log_M_0_0', 'kernel:k2:metric:log_M_1_1', 'kernel:k2:metric:log_M_2_2', 'kernel:k2:metric:log_M_3_3', 'kernel:k2:metric:log_M_4_4', 'kernel:k2:metric:log_M_5_5', 'kernel:k2:metric:log_M_6_6')
paramters init: [ 0.         -2.69274464 -0.5         1.5        -1.          5.
  0.8         0.         10.        ]
y minmax 0.0 3.7612001156935624
yerr: [3.16227766 3.74165739 4.24264069 ... 3.46410162 3.87298335 3.87298335] [0.31622777 0.26726124 0.23570226 ... 0.28867513 0.25819889 0.25819889]
p compute: [ 0.         -2.69274464 -0.5         1.5        -1.          5.
  0.8         0.         10.        ]
lnlike compute: -5987.959556026388
Minimizing
  message: Optimization terminated successfully.
  success: True
   status: 0
      fun: 5917.149902732173
        x: [ 1.938e+00 -2.540e+00 -6.779e-01  1.349e+00 -1.582e+00
             4.898e+00  5.341e-01 -3.871e-01  1.175e+01]
      nit: 24
      jac: [-5.028e-07 -2.693e-06 -2.684e-07  3.462e-07 -3.395e-07
            -1.473e-07  2.049e-07 -1.009e-06 -2.833e-08]
 hess_inv: [[ 3.063e-02 -4.061e-03 ... -7.084e-03 -1.731e-02]
            [-4.061e-03  3.445e-02 ...  1.058e-02 -9.364e-02]
            ...
            [-7.084e-03  1.058e-02 ...  6.135e-02 -3.660e-02]
            [-1.731e-02 -9.364e-02 ... -3.660e-02  9.906e+01]]
     nfev: 31
     njev: 31
p post op: [ 1.93769499 -2.53961234 -0.67786904  1.34940472 -1.58152163  4.89839198
  0.53409393 -0.387052   11.75029331]
lnlike final: -5917.149902732173
Predicting
setting the output map dtype to [dtype('float64')]
predict p: [ 1.93769499 -2.53961234 -0.67786904  1.34940472 -1.58152163  4.89839198
  0.53409393 -0.387052   11.75029331]
Saving ypred map to ../data/maps/y_pred_selection_function_NSIDE64_G20.5_zmin1.0zmax2.0_Lmax-20.0.fits
y_pred_full: [ 8.63376352 10.01783794 12.8034844  ... 13.3703693  13.29203813
 13.15199418]
0
RMSE: 4.118445085570004
Making selection function map
setting the output map dtype to [dtype('float64')]
Number of clean healpixels: 479 (Total: 49152)
Using parent catalog to determine zero-probability pixels
(If i_keep also passed, will be ignored!)
min: 0.0, max: 0.8029652280385684
map_prob: [0.28459512 0.33021843 0.42204181 ... 0.44072806 0.43814603 0.43352975]
Saved map to ../data/maps/selection_function_NSIDE64_G20.5_zmin1.0zmax2.0_Lmax-20.0.fits!
Time: 17785.919897317886 s (296.43199828863146 min)
allsky 
../data/randoms/random_G20.5_zmin1.0zmax2.0_Lmax-20.0_25x.fits
Loading data
Number of data sources: 648196
Estimating reduction factor
Sel func min and max: 0.0 0.8029652280385684
Subsampling by 0.562 for probability map
Generating random with 25 times N_data
Sel func min and max: 0.0 0.8029652280385684
Subsampling by 0.562 for probability map
Number of final random sources: 16199698
Wrote random to ../data/randoms/random_G20.5_zmin1.0zmax2.0_Lmax-20.0_25x.fits!
