Starting batch job

G20.5: computing wtheta in 30 bins from 0.001 to 10.0 on a log scale...

Pixels masked by MC but not already by selfunc: 1705
G20.5_zsplit4bin0_Lmaxsplit2bin0: 0.01              160192 vs 161897
/home/groups/tabel/mahlet/quaia-env/lib/python3.10/site-packages/Corrfunc/utils.py:918: UserWarning: One or more input array has non-native endianness!  A copy will be made with the correct endianness.
  warnings.warn("One or more input array has non-native endianness!  A copy will"\
DD: 0.062515
DR: 2.1212429999999998
RR: 13.441541
saved to _G20.5_rmin0.001_rmax10.0_nbins30_zsplit4bin0_Lmaxsplit2bin0_Planck_MC_b0
Pixels masked by MC but not already by selfunc: 3191
G20.5_zsplit4bin0_Lmaxsplit2bin1: 0.01              320604 vs 323795
/home/groups/tabel/mahlet/quaia-env/lib/python3.10/site-packages/Corrfunc/utils.py:918: UserWarning: One or more input array has non-native endianness!  A copy will be made with the correct endianness.
  warnings.warn("One or more input array has non-native endianness!  A copy will"\
DD: 0.15123799999999998
DR: 6.777402
RR: 58.582558
saved to _G20.5_rmin0.001_rmax10.0_nbins30_zsplit4bin0_Lmaxsplit2bin1_Planck_MC_b0
Pixels masked by MC but not already by selfunc: 1674
G20.5_zsplit4bin1_Lmaxsplit2bin0: 0.01              160300 vs 161974
/home/groups/tabel/mahlet/quaia-env/lib/python3.10/site-packages/Corrfunc/utils.py:918: UserWarning: One or more input array has non-native endianness!  A copy will be made with the correct endianness.
  warnings.warn("One or more input array has non-native endianness!  A copy will"\
DD: 0.061001
DR: 2.21036
RR: 13.577838
saved to _G20.5_rmin0.001_rmax10.0_nbins30_zsplit4bin1_Lmaxsplit2bin0_Planck_MC_b0
Pixels masked by MC but not already by selfunc: 3095
G20.5_zsplit4bin1_Lmaxsplit2bin1: 0.01              320854 vs 323949
/home/groups/tabel/mahlet/quaia-env/lib/python3.10/site-packages/Corrfunc/utils.py:918: UserWarning: One or more input array has non-native endianness!  A copy will be made with the correct endianness.
  warnings.warn("One or more input array has non-native endianness!  A copy will"\
DD: 0.151114
DR: 6.960313
RR: 59.739145
saved to _G20.5_rmin0.001_rmax10.0_nbins30_zsplit4bin1_Lmaxsplit2bin1_Planck_MC_b0
Pixels masked by MC but not already by selfunc: 1761
G20.5_zsplit4bin2_Lmaxsplit2bin0: 0.01              160143 vs 161904
/home/groups/tabel/mahlet/quaia-env/lib/python3.10/site-packages/Corrfunc/utils.py:918: UserWarning: One or more input array has non-native endianness!  A copy will be made with the correct endianness.
  warnings.warn("One or more input array has non-native endianness!  A copy will"\
DD: 0.061971
DR: 2.2200480000000002
RR: 13.90203
saved to _G20.5_rmin0.001_rmax10.0_nbins30_zsplit4bin2_Lmaxsplit2bin0_Planck_MC_b0
Pixels masked by MC but not already by selfunc: 3108
G20.5_zsplit4bin2_Lmaxsplit2bin1: 0.01              320700 vs 323808
/home/groups/tabel/mahlet/quaia-env/lib/python3.10/site-packages/Corrfunc/utils.py:918: UserWarning: One or more input array has non-native endianness!  A copy will be made with the correct endianness.
  warnings.warn("One or more input array has non-native endianness!  A copy will"\
DD: 0.15335
DR: 7.06189
RR: 60.707332
saved to _G20.5_rmin0.001_rmax10.0_nbins30_zsplit4bin2_Lmaxsplit2bin1_Planck_MC_b0
Pixels masked by MC but not already by selfunc: 2050
G20.5_zsplit4bin3_Lmaxsplit2bin0: 0.01              159925 vs 161975
/home/groups/tabel/mahlet/quaia-env/lib/python3.10/site-packages/Corrfunc/utils.py:918: UserWarning: One or more input array has non-native endianness!  A copy will be made with the correct endianness.
  warnings.warn("One or more input array has non-native endianness!  A copy will"\
DD: 0.061958
DR: 2.246087
RR: 14.130106
saved to _G20.5_rmin0.001_rmax10.0_nbins30_zsplit4bin3_Lmaxsplit2bin0_Planck_MC_b0
Pixels masked by MC but not already by selfunc: 3970
G20.5_zsplit4bin3_Lmaxsplit2bin1: 0.01              319980 vs 323950
/home/groups/tabel/mahlet/quaia-env/lib/python3.10/site-packages/Corrfunc/utils.py:918: UserWarning: One or more input array has non-native endianness!  A copy will be made with the correct endianness.
  warnings.warn("One or more input array has non-native endianness!  A copy will"\
DD: 0.15581699999999998
DR: 7.14641
RR: 62.395332
saved to _G20.5_rmin0.001_rmax10.0_nbins30_zsplit4bin3_Lmaxsplit2bin1_Planck_MC_b0
done!
