Starting batch job

G20.5: computing wtheta in 30 bins from 0.001 to 10.0 on a log scale for 50 jackknife regions...
--L: maxsplit

z: [0.0, 1.0, 2.0, 3.0, 4.6] minmax None
L: None maxsplit 3
Pixels masked by MC but not already by selfunc: 283
G20.5_zmin0.0zmax1.0_Lmaxsplit3bin0: 0.59              44049 vs 108112
[Warning] The CPU supports AVX512F but the compiler does not.  Can you try another compiler?
/home/groups/tabel/mahlet/quaia-env/lib/python3.10/site-packages/Corrfunc/utils.py:918: UserWarning: One or more input array has non-native endianness!  A copy will be made with the correct endianness.
  warnings.warn("One or more input array has non-native endianness!  A copy will"\
DD: 0.077466
DR: 0.623645
RR: 3.016802
DD: 0.034066
DR: 0.542652
RR: 2.56211
DD: 0.030912
DR: 0.481144
RR: 2.478694
DD: 0.03027000000000002
DR: 0.492276
RR: 2.278566
DD: 0.036308
DR: 0.502244
RR: 2.249621
DD: 0.037512
DR: 0.51421
RR: 2.092902
DD: 0.029573
DR: 0.49332700000000007
RR: 2.110474
DD: 0.034612
DR: 0.510487
RR: 2.168143
DD: 0.035677
DR: 0.48230399999999995
RR: 2.220667
DD: 0.034688
DR: 0.5149790000000001
RR: 2.398862
DD: 0.030691
DR: 0.48197599999999996
RR: 2.338418
DD: 0.037669999999999995
DR: 0.495456
RR: 2.180241
DD: 0.017814999999999998
DR: 0.486589
RR: 2.184292
DD: 0.016628
DR: 0.51573
RR: 2.148843
DD: 0.016946
DR: 0.5025090000000001
RR: 2.117549
DD: 0.016517999999999998
DR: 0.495714
RR: 2.092354
DD: 0.015212
DR: 0.45852500000000007
RR: 2.088967
DD: 0.015047999999999999
DR: 0.461948
RR: 2.307919
DD: 0.01585
DR: 0.50457
RR: 2.218516
DD: 0.015044
DR: 0.48215399999999997
RR: 2.192617
DD: 0.014908999999999999
DR: 0.474735
RR: 2.102732
DD: 0.014457
DR: 0.499027
RR: 2.152845
DD: 0.016246
DR: 0.51326
RR: 2.29958
DD: 0.016676
DR: 0.5019089999999999
RR: 2.22197
DD: 0.016139
DR: 0.495295
RR: 2.198774
DD: 0.016215
DR: 0.47655500000000006
RR: 2.016636
DD: 0.014652
DR: 0.442102
RR: 2.001749
DD: 0.014844999999999999
DR: 0.476126
RR: 2.0982570000000003
DD: 0.015948999999999998
DR: 0.475082
RR: 2.072276
DD: 0.015726999999999998
DR: 0.46171300000000004
RR: 2.070728
DD: 0.015495
DR: 0.450001
RR: 1.959213
DD: 0.015149
DR: 0.4316110000000001
RR: 2.026222
DD: 0.014607
DR: 0.45483999999999997
RR: 2.118749
DD: 0.015795
DR: 0.47131599999999996
RR: 2.08074
DD: 0.015871
DR: 0.48296799999999995
RR: 2.091959
DD: 0.015643999999999998
DR: 0.45969800000000005
RR: 2.144833
DD: 0.014981
DR: 0.43898499999999996
RR: 2.178663
DD: 0.015087
DR: 0.500574
RR: 2.220042
DD: 0.016352
DR: 0.483113
RR: 2.22654
DD: 0.016201
DR: 0.497757
RR: 2.2039530000000003
DD: 0.015828
DR: 0.474066
RR: 2.126596
DD: 0.016687999999999998
DR: 0.5031760000000001
RR: 2.109225
DD: 0.017644999999999997
DR: 0.522834
RR: 2.25039
DD: 0.017027999999999998
DR: 0.5247809999999999
RR: 2.22594
DD: 0.016333
DR: 0.4875
RR: 2.123282
DD: 0.015896999999999998
DR: 0.47462499999999996
RR: 1.952765
DD: 0.014957
DR: 0.478215
RR: 1.974043
DD: 0.015867
DR: 0.475224
RR: 2.092052
DD: 0.015768
DR: 0.46141200000000004
RR: 1.999286
DD: 0.035401999999999996
DR: 0.47546600000000006
RR: 2.026562
saved to _G20.5_rmin0.001_rmax10.0_nbins30_zmin0.0zmax1.0_Lmaxsplit3bin0_N50_Planck_MC_b40

Pixels masked by MC but not already by selfunc: 614
G20.5_zmin0.0zmax1.0_Lmaxsplit3bin1: 0.53              101027 vs 216224
/home/groups/tabel/mahlet/quaia-env/lib/python3.10/site-packages/Corrfunc/utils.py:918: UserWarning: One or more input array has non-native endianness!  A copy will be made with the correct endianness.
  warnings.warn("One or more input array has non-native endianness!  A copy will"\
DD: 0.045139
DR: 1.557454
RR: 9.874573
DD: 0.039597
DR: 1.472792
RR: 9.321619
DD: 0.038596
DR: 1.472888
RR: 9.538206
DD: 0.039102
DR: 1.424113
RR: 10.472957
DD: 0.051001
DR: 1.5598990000000001
RR: 10.457495
DD: 0.056538
DR: 1.617137
RR: 11.204796
DD: 0.050412
DR: 1.5696979999999998
RR: 10.213145
DD: 0.051073999999999994
DR: 1.5867550000000001
RR: 10.776914
DD: 0.051057
DR: 1.512021
RR: 10.233997
DD: 0.049907
DR: 1.5554860000000001
RR: 10.668988
DD: 0.050822
DR: 1.608103
RR: 10.640449
DD: 0.043546
DR: 1.691681
RR: 10.772006
DD: 0.040319999999999995
DR: 1.563195
RR: 11.382074
DD: 0.043310999999999995
DR: 1.632619
RR: 11.405017
DD: 0.044772
DR: 1.6597870000000001
RR: 10.605399
DD: 0.051181
DR: 1.609526
RR: 10.569096
DD: 0.054027
DR: 1.6004999999999998
RR: 10.226656
DD: 0.039608
DR: 1.726091
RR: 12.991281
DD: 0.06378300000000003
DR: 1.805211
RR: 11.536786
DD: 0.060132
DR: 1.730373
RR: 11.090199
DD: 0.061564
DR: 1.591184
RR: 10.624659
DD: 0.050556
DR: 1.594245
RR: 10.436161
DD: 0.050296
DR: 1.623076
RR: 10.75899
DD: 0.051857
DR: 1.6734019999999998
RR: 11.006596
DD: 0.049614
DR: 1.512838
RR: 10.840323
DD: 0.05065
DR: 1.632418
RR: 11.583102
DD: 0.050457999999999996
DR: 1.575647
RR: 11.445438
DD: 0.059295
DR: 1.645626
RR: 10.652145
DD: 0.056741
DR: 1.581308
RR: 9.78265
DD: 0.056717
DR: 1.503993
RR: 9.721914
DD: 0.050504999999999994
DR: 1.56813
RR: 9.965786
DD: 0.050391
DR: 1.5052400000000001
RR: 9.979961
DD: 0.050664999999999995
DR: 1.494718
RR: 10.106946
DD: 0.050676
DR: 1.595888
RR: 10.246282
DD: 0.050693999999999996
DR: 1.558772
RR: 10.468555
DD: 0.050504999999999994
DR: 1.6326939999999999
RR: 10.421121
DD: 0.055965999999999995
DR: 1.601977
RR: 11.309384
DD: 0.051948999999999995
DR: 1.662628
RR: 10.606653
DD: 0.051509
DR: 1.59025
RR: 10.59066
DD: 0.058117999999999996
DR: 1.62113
RR: 10.362501
DD: 0.054764999999999994
DR: 1.748143
RR: 12.547693
DD: 0.06684899999999999
DR: 1.9142730000000001
RR: 14.165915
DD: 0.062498000000000054
DR: 1.936466
RR: 14.542168
DD: 0.070009
DR: 1.898748
RR: 12.963687
DD: 0.056503
DR: 1.738201
RR: 12.949986
DD: 0.060721
DR: 1.62199
RR: 11.994616
DD: 0.05677700000000008
DR: 1.6611470000000002
RR: 10.877883
DD: 0.055588
DR: 1.639487
RR: 10.446401
DD: 0.053132
DR: 1.617678
RR: 10.379898
DD: 0.050091
DR: 1.547425
RR: 10.449307
saved to _G20.5_rmin0.001_rmax10.0_nbins30_zmin0.0zmax1.0_Lmaxsplit3bin1_N50_Planck_MC_b40

Pixels masked by MC but not already by selfunc: 941
G20.5_zmin0.0zmax1.0_Lmaxsplit3bin2: 0.50              161804 vs 324336
/home/groups/tabel/mahlet/quaia-env/lib/python3.10/site-packages/Corrfunc/utils.py:918: UserWarning: One or more input array has non-native endianness!  A copy will be made with the correct endianness.
  warnings.warn("One or more input array has non-native endianness!  A copy will"\
DD: 0.10231599999999999
DR: 3.79863
RR: 25.683484
DD: 0.072576
DR: 3.178065
RR: 29.476286
DD: 0.096985
DR: 3.463829
RR: 26.568084
DD: 0.0928460000000001
DR: 3.292306
RR: 26.897015
DD: 0.08549699999999999
DR: 3.7434950000000002
RR: 28.505993
DD: 0.084372
DR: 3.281193
RR: 27.333488
DD: 0.075502
DR: 3.185106
RR: 25.720239
DD: 0.076204
DR: 3.236306
RR: 26.507848
DD: 0.07542299999999999
DR: 3.5519920000000003
RR: 28.2687
DD: 0.078654
DR: 3.451791
RR: 27.401346
DD: 0.080769
DR: 3.3415
RR: 27.625715
DD: 0.077539
DR: 3.738109
RR: 29.414892000000002
DD: 0.080661
DR: 3.406032
RR: 27.343854
DD: 0.08080899999999999
DR: 3.4219280000000003
RR: 27.601526
DD: 0.079145
DR: 3.578024
RR: 28.364955
DD: 0.079053
DR: 3.533167
RR: 28.070338
DD: 0.08036399999999999
DR: 3.404004
RR: 27.735267
DD: 0.080774
DR: 3.433391
RR: 28.42402
DD: 0.081388
DR: 3.275764
RR: 29.9114
DD: 0.076824
DR: 3.246004
RR: 27.545163
DD: 0.078667
DR: 3.3065379999999998
RR: 27.38098
DD: 0.079298
DR: 3.197045
RR: 28.201454
DD: 0.07714
DR: 3.181136
RR: 25.625301
DD: 0.075
DR: 3.2202859999999998
RR: 26.684404999999998
DD: 0.07674800000000004
DR: 3.246903
RR: 25.687032
DD: 0.084272
DR: 3.265031
RR: 26.569083
DD: 0.09213099999999999
DR: 3.404383
RR: 27.960731
DD: 0.07704799999999999
DR: 3.366949
RR: 25.892735
DD: 0.07759900000000008
DR: 3.235917
RR: 25.636199
DD: 0.09899
DR: 3.484352
RR: 29.060449
DD: 0.084838
DR: 3.15203
RR: 26.141893
DD: 0.07836
DR: 3.288541
RR: 26.480921
DD: 0.073393
DR: 3.502011
RR: 27.83168
DD: 0.075379
DR: 3.2660109999999998
RR: 26.306374
DD: 0.078026
DR: 3.330638
RR: 26.875029
DD: 0.075528
DR: 3.694567
RR: 28.622227
DD: 0.0797
DR: 3.495449
RR: 29.123218
DD: 0.079249
DR: 3.41344
RR: 27.389137
DD: 0.081147
DR: 3.42291
RR: 27.527859
DD: 0.080672
DR: 3.789797
RR: 28.864829
DD: 0.07896399999999999
DR: 3.393623
RR: 27.678723
DD: 0.079847
DR: 3.407518
RR: 27.631346
DD: 0.078999
DR: 3.4089679999999998
RR: 27.386249
DD: 0.075471
DR: 3.559125
RR: 27.640428
DD: 0.07812999999999999
DR: 3.321699
RR: 27.34665
DD: 0.07656099999999999
DR: 3.282253
RR: 27.813622
DD: 0.10764099999999999
DR: 3.697003
RR: 30.460014
DD: 0.09622599999999999
DR: 3.79648
RR: 30.13209
DD: 0.099603
DR: 3.431709
RR: 29.01383
DD: 0.09913500000000008
DR: 3.589985
RR: 30.064152
saved to _G20.5_rmin0.001_rmax10.0_nbins30_zmin0.0zmax1.0_Lmaxsplit3bin2_N50_Planck_MC_b40

Pixels masked by MC but not already by selfunc: 625
G20.5_zmin1.0zmax2.0_Lmaxsplit3bin0: 0.57              92299 vs 216065
/home/groups/tabel/mahlet/quaia-env/lib/python3.10/site-packages/Corrfunc/utils.py:918: UserWarning: One or more input array has non-native endianness!  A copy will be made with the correct endianness.
  warnings.warn("One or more input array has non-native endianness!  A copy will"\
DD: 0.048886
DR: 1.291977
RR: 8.434649
DD: 0.048379
DR: 1.312576
RR: 8.269767
DD: 0.032603
DR: 1.226531
RR: 7.798143
DD: 0.034421
DR: 1.33722
RR: 8.345845
DD: 0.036587999999999996
DR: 1.364832
RR: 8.584389999999999
DD: 0.036386
DR: 1.302754
RR: 8.27332
DD: 0.035068999999999996
DR: 1.31175
RR: 7.935171
DD: 0.035387
DR: 1.258814
RR: 8.511336
DD: 0.036555
DR: 1.322174
RR: 8.267134
DD: 0.035315
DR: 1.3199429999999999
RR: 8.453246
DD: 0.048642
DR: 1.402066
RR: 9.986648
DD: 0.048503
DR: 1.6582590000000001
RR: 10.924971
DD: 0.057333999999999996
DR: 1.5828440000000001
RR: 10.687771
DD: 0.056921
DR: 1.537223
RR: 10.160542
DD: 0.049395999999999995
DR: 1.4885410000000001
RR: 10.001366
DD: 0.049587
DR: 1.411603
RR: 9.140799
DD: 0.0504
DR: 1.4085779999999999
RR: 8.944656
DD: 0.049637999999999995
DR: 1.372242
RR: 9.127578
DD: 0.049179
DR: 1.410597
RR: 8.666966
DD: 0.050135
DR: 1.3613430000000002
RR: 9.447167
DD: 0.051380999999999996
DR: 1.384339
RR: 8.806229
DD: 0.048094
DR: 1.31996
RR: 8.568507
DD: 0.049869
DR: 1.336443
RR: 8.418287
DD: 0.054144
DR: 1.306556
RR: 8.574251
DD: 0.049115
DR: 1.338734
RR: 8.987198
DD: 0.049016
DR: 1.4004340000000002
RR: 9.257654
DD: 0.055029999999999996
DR: 1.4033660000000001
RR: 9.43809
DD: 0.056735
DR: 1.410687
RR: 9.661775
DD: 0.05398
DR: 1.49371
RR: 9.562067
DD: 0.035432
DR: 1.306553
RR: 7.94605
DD: 0.034707
DR: 1.253808
RR: 8.050923
DD: 0.049497
DR: 1.311074
RR: 7.831005
DD: 0.034353999999999996
DR: 1.27744
RR: 8.199556
DD: 0.051408999999999996
DR: 1.395694
RR: 8.780737
DD: 0.056291999999999995
DR: 1.336311
RR: 8.418602
DD: 0.036375
DR: 1.3548719999999999
RR: 8.440603
DD: 0.035785
DR: 1.471617
RR: 8.684097
DD: 0.036441999999999995
DR: 1.323394
RR: 8.650899
DD: 0.036286
DR: 1.366327
RR: 8.609039
DD: 0.036990999999999996
DR: 1.356724
RR: 8.485906
DD: 0.037346
DR: 1.380514
RR: 9.048857
DD: 0.038692
DR: 1.412646
RR: 8.484587
DD: 0.037698999999999996
DR: 1.400732
RR: 8.539216
DD: 0.036719999999999996
DR: 1.356199
RR: 8.753659
DD: 0.050102999999999995
DR: 1.362748
RR: 8.492286
DD: 0.048407
DR: 1.29636
RR: 8.983008
DD: 0.036034
DR: 1.347522
RR: 8.367919
DD: 0.035805
DR: 1.3091300000000001
RR: 8.049947
DD: 0.034384
DR: 1.266109
RR: 7.984366
DD: 0.033378
DR: 1.210989
RR: 8.235962
saved to _G20.5_rmin0.001_rmax10.0_nbins30_zmin1.0zmax2.0_Lmaxsplit3bin0_N50_Planck_MC_b40

Pixels masked by MC but not already by selfunc: 1271
G20.5_zmin1.0zmax2.0_Lmaxsplit3bin1: 0.53              204956 vs 432130
/home/groups/tabel/mahlet/quaia-env/lib/python3.10/site-packages/Corrfunc/utils.py:918: UserWarning: One or more input array has non-native endianness!  A copy will be made with the correct endianness.
  warnings.warn("One or more input array has non-native endianness!  A copy will"\
DD: 0.1185
DR: 4.867342
RR: 41.921755
DD: 0.104934
DR: 4.912855
RR: 46.653408
DD: 0.11765099999999999
DR: 5.396839
RR: 48.295784
DD: 0.117757
DR: 4.960926
RR: 41.985019
DD: 0.105318
DR: 4.912452
RR: 43.360064
DD: 0.10159200000000002
DR: 4.955762
RR: 44.38984
DD: 0.118172
DR: 4.79023
RR: 42.387114
DD: 0.10808799999999999
DR: 5.822919
RR: 44.624263
DD: 0.117462
DR: 5.02089
RR: 43.61997
DD: 0.106155
DR: 5.516022
RR: 46.818353
DD: 0.119837
DR: 5.150034
RR: 46.775632
DD: 0.10831600000000008
DR: 4.963999
RR: 45.393275
DD: 0.111868
DR: 5.159638
RR: 44.216385
DD: 0.113284
DR: 5.545994
RR: 46.392239000000004
DD: 0.11297399999999999
DR: 5.714373
RR: 47.658452
DD: 0.114676
DR: 5.208472
RR: 45.781223
DD: 0.11051899999999999
DR: 4.978585
RR: 45.192487
DD: 0.109096
DR: 5.651048
RR: 45.651971
DD: 0.11258499999999999
DR: 5.399396
RR: 48.229616
DD: 0.10960400000000003
DR: 5.568623
RR: 46.150455
DD: 0.10964199999999999
DR: 5.39075
RR: 45.193654
DD: 0.118891
DR: 4.780804
RR: 42.375603
DD: 0.104668
DR: 4.97087
RR: 45.496302
DD: 0.10657599999999999
DR: 4.881104
RR: 42.228125
DD: 0.11126899999999999
DR: 5.621353
RR: 43.063937
DD: 0.106277
DR: 4.718576
RR: 42.149681
DD: 0.104958
DR: 4.783128
RR: 42.633655
DD: 0.10650799999999999
DR: 5.258457
RR: 43.815293
DD: 0.10709000000000002
DR: 4.772834
RR: 41.456163
DD: 0.105212
DR: 4.65937
RR: 43.409712999999996
DD: 0.102279
DR: 4.600895
RR: 44.419253
DD: 0.104547
DR: 5.089221
RR: 43.784484
DD: 0.101758
DR: 5.104705
RR: 43.22092
DD: 0.10876
DR: 4.884577
RR: 43.380397
DD: 0.115231
DR: 4.928512
RR: 46.269539
DD: 0.110745
DR: 5.471125
RR: 45.111298
DD: 0.111339
DR: 5.226421
RR: 49.537063
DD: 0.111509
DR: 5.471608
RR: 47.170175
DD: 0.110342
DR: 5.092728
RR: 44.317038
DD: 0.110007
DR: 5.08193
RR: 47.560786
DD: 0.112574
DR: 5.0616389999999996
RR: 44.804089
DD: 0.112133
DR: 4.917804
RR: 46.668757
DD: 0.12411699999999999
DR: 5.430849
RR: 46.620417
DD: 0.10997299999999999
DR: 5.051882
RR: 44.368179
DD: 0.10666199999999999
DR: 5.105003
RR: 45.619525
DD: 0.10715999999999999
DR: 5.305995
RR: 43.351846
DD: 0.10665
DR: 4.806013
RR: 41.73611
DD: 0.105141
DR: 4.930957
RR: 42.858329
DD: 0.10503799999999999
DR: 5.142899
RR: 43.579656
DD: 0.104905
DR: 4.549369
RR: 42.578863
saved to _G20.5_rmin0.001_rmax10.0_nbins30_zmin1.0zmax2.0_Lmaxsplit3bin1_N50_Planck_MC_b40

Pixels masked by MC but not already by selfunc: 1944
G20.5_zmin1.0zmax2.0_Lmaxsplit3bin2: 0.48              336889 vs 648196
/home/groups/tabel/mahlet/quaia-env/lib/python3.10/site-packages/Corrfunc/utils.py:918: UserWarning: One or more input array has non-native endianness!  A copy will be made with the correct endianness.
  warnings.warn("One or more input array has non-native endianness!  A copy will"\
DD: 0.24126000000000003
DR: 14.525031
RR: 123.757969
DD: 0.23036399999999999
DR: 12.196556
RR: 123.807298
DD: 0.22660899999999998
DR: 12.092152
RR: 125.868132
DD: 0.232098
DR: 12.933648
RR: 122.622011
DD: 0.24573899999999999
DR: 13.739313
RR: 123.409221
DD: 0.23294500000000007
DR: 12.224538
RR: 128.025626
DD: 0.242953
DR: 12.335435
RR: 131.468804
DD: 0.240002
DR: 12.110706
RR: 125.693846
DD: 0.24559299999999998
DR: 12.979625
RR: 129.341462
DD: 0.24391800000000008
DR: 12.919029
RR: 131.513222
DD: 0.321034
DR: 15.184925
RR: 133.573561
DD: 0.24217899999999998
DR: 14.039852
RR: 134.644066
DD: 0.24895899999999999
DR: 12.567749
RR: 132.299888
DD: 0.24049099999999998
DR: 12.684031
RR: 132.676646
DD: 0.24717999999999998
DR: 12.613158
RR: 131.000693
DD: 0.257118
DR: 12.9373
RR: 136.236495
DD: 0.246054
DR: 12.833681
RR: 133.994642
DD: 0.24129899999999999
DR: 14.083051
RR: 132.522788
DD: 0.24796600000000002
DR: 14.497056
RR: 130.75438
DD: 0.24190899999999999
DR: 13.654107
RR: 129.657087
DD: 0.24309599999999998
DR: 12.986774
RR: 125.786331
DD: 0.260237
DR: 13.26751
RR: 125.371192
DD: 0.232392
DR: 12.665146
RR: 122.11086
DD: 0.233118
DR: 12.212145
RR: 122.689338
DD: 0.232953
DR: 12.810258
RR: 121.655521
DD: 0.23663299999999998
DR: 11.943536
RR: 117.178709
DD: 0.23647400000000007
DR: 12.105019
RR: 116.138727
DD: 0.254446
DR: 11.213606
RR: 115.554725
DD: 0.24036600000000008
DR: 12.352353
RR: 116.193923
DD: 0.221849
DR: 12.07274
RR: 117.378871
DD: 0.22105799999999998
DR: 12.440407
RR: 118.929399
DD: 0.222847
DR: 12.917894
RR: 119.027161
DD: 0.223749
DR: 12.117657
RR: 119.81747
DD: 0.242274
DR: 12.970939
RR: 121.879359
DD: 0.25174700000000005
DR: 12.630239
RR: 123.721432
DD: 0.259021
DR: 13.511329
RR: 126.868371
DD: 0.256649
DR: 13.746213000000001
RR: 126.055445
DD: 0.255565
DR: 13.122842
RR: 127.027367
DD: 0.250797
DR: 13.396681
RR: 127.457996
DD: 0.23609100000000005
DR: 13.273605
RR: 124.77579
DD: 0.27116599999999996
DR: 13.228934
RR: 128.91033
DD: 0.253167
DR: 13.263514
RR: 125.425036
DD: 0.234112
DR: 13.155746
RR: 125.008441
DD: 0.255342
DR: 12.889192
RR: 124.750813
DD: 0.24947300000000006
DR: 12.787441
RR: 124.086126
DD: 0.250857
DR: 12.988496
RR: 122.289605
DD: 0.24356499999999998
DR: 12.730973
RR: 118.843776
DD: 0.247361
DR: 12.387302
RR: 117.391565
DD: 0.24260199999999998
DR: 12.79317
RR: 119.304716
DD: 0.23780099999999998
DR: 12.631374
RR: 118.807882
saved to _G20.5_rmin0.001_rmax10.0_nbins30_zmin1.0zmax2.0_Lmaxsplit3bin2_N50_Planck_MC_b40

Pixels masked by MC but not already by selfunc: 263
G20.5_zmin2.0zmax3.0_Lmaxsplit3bin0: 0.56              42314 vs 95503
/home/groups/tabel/mahlet/quaia-env/lib/python3.10/site-packages/Corrfunc/utils.py:918: UserWarning: One or more input array has non-native endianness!  A copy will be made with the correct endianness.
  warnings.warn("One or more input array has non-native endianness!  A copy will"\
DD: 0.013389999999999999
DR: 0.407792
RR: 1.863452
DD: 0.014716
DR: 0.413346
RR: 1.785995
DD: 0.014152999999999999
DR: 0.397653
RR: 1.773662
DD: 0.014147999999999999
DR: 0.38619000000000003
RR: 1.714563
DD: 0.013970999999999999
DR: 0.39259600000000006
RR: 1.736268
DD: 0.014128
DR: 0.387213
RR: 1.704183
DD: 0.014062999999999999
DR: 0.387785
RR: 1.705732
DD: 0.014150999999999999
DR: 0.3907320000000001
RR: 1.743104
DD: 0.014098
DR: 0.396597
RR: 1.744518
DD: 0.014346999999999999
DR: 0.40004799999999996
RR: 1.817298
DD: 0.014496
DR: 0.41070400000000007
RR: 1.769528
DD: 0.014268
DR: 0.416949
RR: 1.86444
DD: 0.014407
DR: 0.408818
RR: 1.843704
DD: 0.01397
DR: 0.40442799999999995
RR: 1.847092
DD: 0.013866
DR: 0.400074
RR: 1.816994
DD: 0.013874
DR: 0.399277
RR: 1.776819
DD: 0.013770999999999999
DR: 0.397069
RR: 1.847196
DD: 0.013956999999999999
DR: 0.405431
RR: 1.8053919999999999
DD: 0.014138
DR: 0.40657699999999997
RR: 1.872174
DD: 0.014029
DR: 0.403839
RR: 1.827297
DD: 0.013860000000000094
DR: 0.39580099999999996
RR: 1.799263
DD: 0.013701
DR: 0.390175
RR: 1.745743
DD: 0.013418999999999999
DR: 0.38168100000000005
RR: 1.725915
DD: 0.013961
DR: 0.39722799999999997
RR: 1.7348080000000001
DD: 0.013550999999999999
DR: 0.382177
RR: 1.746744
DD: 0.014041999999999999
DR: 0.388057
RR: 1.697755
DD: 0.013751
DR: 0.382299
RR: 1.688358
DD: 0.013942
DR: 0.38761
RR: 1.688733
DD: 0.013815
DR: 0.38161600000000007
RR: 1.752961
DD: 0.014235
DR: 0.400131
RR: 1.743668
DD: 0.013576999999999999
DR: 0.383625
RR: 1.771984
DD: 0.013727999999999999
DR: 0.390266
RR: 1.741802
DD: 0.013914
DR: 0.39531800000000006
RR: 1.772574
DD: 0.014419999999999999
DR: 0.404368
RR: 1.751182
DD: 0.013947
DR: 0.40252099999999996
RR: 1.7937889999999999
DD: 0.013888
DR: 0.39979699999999996
RR: 1.814177
DD: 0.014027
DR: 0.4062720000000001
RR: 1.854985
DD: 0.013923999999999999
DR: 0.40352600000000005
RR: 1.824682
DD: 0.013913
DR: 0.4028
RR: 1.837568
DD: 0.013904
DR: 0.40252499999999997
RR: 1.825945
DD: 0.013857
DR: 0.40257699999999996
RR: 1.837598
DD: 0.013887
DR: 0.40402699999999997
RR: 1.820204
DD: 0.013831
DR: 0.404579
RR: 1.849866
DD: 0.013845
DR: 0.40111300000000005
RR: 1.841317
DD: 0.013663999999999999
DR: 0.391661
RR: 1.761971
DD: 0.014175
DR: 0.38890399999999997
RR: 1.718089
DD: 0.013885999999999999
DR: 0.390256
RR: 1.773046
DD: 0.014104
DR: 0.39078100000000004
RR: 1.7327620000000001
DD: 0.013791
DR: 0.38622
RR: 1.751911
DD: 0.013878999999999999
DR: 0.39108
RR: 1.742479
saved to _G20.5_rmin0.001_rmax10.0_nbins30_zmin2.0zmax3.0_Lmaxsplit3bin0_N50_Planck_MC_b40

Pixels masked by MC but not already by selfunc: 580
G20.5_zmin2.0zmax3.0_Lmaxsplit3bin1: 0.51              94037 vs 191005
/home/groups/tabel/mahlet/quaia-env/lib/python3.10/site-packages/Corrfunc/utils.py:918: UserWarning: One or more input array has non-native endianness!  A copy will be made with the correct endianness.
  warnings.warn("One or more input array has non-native endianness!  A copy will"\
DD: 0.035736
DR: 1.282893
RR: 8.517357
DD: 0.035206999999999995
DR: 1.266418
RR: 7.834498
DD: 0.034663
DR: 1.3062710000000002
RR: 9.175783
DD: 0.037898
DR: 1.3906200000000002
RR: 8.536685
DD: 0.037364999999999995
DR: 1.334692
RR: 8.005818
DD: 0.035279
DR: 1.292259
RR: 7.973129
DD: 0.035889
DR: 1.2854649999999999
RR: 8.151874
DD: 0.035622999999999995
DR: 1.293441
RR: 8.218618
DD: 0.035876
DR: 1.3231760000000001
RR: 8.239191
DD: 0.036759
DR: 1.356039
RR: 8.444955
DD: 0.037186
DR: 1.3723809999999999
RR: 8.699346
DD: 0.038853
DR: 1.379094
RR: 8.622497
DD: 0.037607
DR: 1.368493
RR: 8.447834
DD: 0.035918
DR: 1.357307
RR: 8.843448
DD: 0.037999
DR: 1.408116
RR: 8.366752
DD: 0.036143999999999996
DR: 1.4081890000000001
RR: 8.247372
DD: 0.035487
DR: 1.2975349999999999
RR: 7.730718
DD: 0.035078
DR: 1.273488
RR: 7.704265
DD: 0.035077
DR: 1.3347419999999999
RR: 8.158516
DD: 0.034959
DR: 1.336736
RR: 8.683352
DD: 0.038332
DR: 1.475279
RR: 9.002653
DD: 0.035158
DR: 1.312744
RR: 8.487782
DD: 0.035313
DR: 1.3103609999999999
RR: 7.982903
DD: 0.033756
DR: 1.287698
RR: 7.939712
DD: 0.033514999999999996
DR: 1.301656
RR: 8.067115
DD: 0.035427
DR: 1.2693539999999999
RR: 8.30456
DD: 0.03396
DR: 1.281562
RR: 7.52935
DD: 0.034769
DR: 1.238858
RR: 7.922178
DD: 0.034912
DR: 1.29661
RR: 8.288136
DD: 0.035934
DR: 1.323579
RR: 8.457105
DD: 0.03599
DR: 1.3248760000000002
RR: 8.217002
DD: 0.035821
DR: 1.335234
RR: 8.28932
DD: 0.036316
DR: 1.333604
RR: 7.7814820000000005
DD: 0.035207999999999996
DR: 1.2713999999999999
RR: 7.789606
DD: 0.035593
DR: 1.3308659999999999
RR: 8.580972
DD: 0.036906
DR: 1.362675
RR: 8.381332
DD: 0.036759
DR: 1.380159
RR: 8.673935
DD: 0.03772
DR: 1.382308
RR: 8.722441
DD: 0.039465
DR: 1.359868
RR: 8.77772
DD: 0.038259
DR: 1.390131
RR: 8.811097
DD: 0.037441999999999996
DR: 1.3787850000000001
RR: 8.720027
DD: 0.036293
DR: 1.3395299999999999
RR: 8.575015
DD: 0.03689
DR: 1.383731
RR: 8.802273
DD: 0.037616
DR: 1.366797
RR: 8.33914
DD: 0.034991
DR: 1.356107
RR: 8.291614
DD: 0.036187
DR: 1.327482
RR: 8.241231
DD: 0.034754
DR: 1.314451
RR: 8.276757
DD: 0.035808
DR: 1.314628
RR: 7.863613
DD: 0.034109
DR: 1.247687
RR: 8.031203
DD: 0.034094
DR: 1.273524
RR: 7.85178
saved to _G20.5_rmin0.001_rmax10.0_nbins30_zmin2.0zmax3.0_Lmaxsplit3bin1_N50_Planck_MC_b40

Pixels masked by MC but not already by selfunc: 908
G20.5_zmin2.0zmax3.0_Lmaxsplit3bin2: 0.45              156946 vs 286508
/home/groups/tabel/mahlet/quaia-env/lib/python3.10/site-packages/Corrfunc/utils.py:918: UserWarning: One or more input array has non-native endianness!  A copy will be made with the correct endianness.
  warnings.warn("One or more input array has non-native endianness!  A copy will"\
DD: 0.075086
DR: 3.167125
RR: 23.930623
DD: 0.06927
DR: 3.034785
RR: 23.711753
DD: 0.071328
DR: 3.000248
RR: 24.201874
DD: 0.071148
DR: 3.093521
RR: 25.70338
DD: 0.07459299999999999
DR: 3.196227
RR: 24.872158
DD: 0.068975
DR: 3.14038
RR: 24.303515
DD: 0.072376
DR: 3.11501
RR: 24.471886
DD: 0.073252
DR: 3.119367
RR: 23.911469
DD: 0.072643
DR: 3.087716
RR: 24.628309
DD: 0.073463
DR: 3.134968
RR: 24.171093
DD: 0.07492
DR: 3.233574
RR: 25.931208
DD: 0.07353699999999999
DR: 3.135124
RR: 24.776831
DD: 0.07549399999999999
DR: 3.2216620000000002
RR: 25.006091
DD: 0.074529
DR: 3.292939
RR: 24.771281
DD: 0.073863
DR: 3.223392
RR: 25.404692
DD: 0.075116
DR: 3.275789
RR: 26.268497
DD: 0.076842
DR: 3.198948
RR: 24.961543
DD: 0.07593700000000003
DR: 3.251166
RR: 25.268764
DD: 0.075722
DR: 3.238446
RR: 24.965755
DD: 0.073757
DR: 3.156733
RR: 24.993288
DD: 0.07341299999999999
DR: 3.07119
RR: 23.785019
DD: 0.071541
DR: 3.113647
RR: 24.403532
DD: 0.071611
DR: 3.125327
RR: 22.981577
DD: 0.06969299999999999
DR: 3.010827
RR: 23.983308
DD: 0.071223
DR: 3.002854
RR: 23.717488
DD: 0.069477
DR: 3.083741
RR: 24.528091
DD: 0.071389
DR: 3.039252
RR: 23.610121
DD: 0.06976
DR: 3.022041
RR: 23.319295
DD: 0.068048
DR: 2.999773
RR: 22.833651
DD: 0.068755
DR: 3.053963
RR: 24.069387
DD: 0.071266
DR: 3.083171
RR: 23.645756
DD: 0.070301
DR: 3.003597
RR: 23.49181
DD: 0.070509
DR: 3.151001
RR: 24.169387
DD: 0.07327199999999999
DR: 3.231163
RR: 24.050147
DD: 0.07256300000000004
DR: 3.228145
RR: 25.260019
DD: 0.074393
DR: 3.184443
RR: 24.737681
DD: 0.07322000000000006
DR: 3.202967
RR: 25.186168
DD: 0.07267599999999999
DR: 3.239193
RR: 25.836098
DD: 0.07636899999999999
DR: 3.226227
RR: 25.718313
DD: 0.076042
DR: 3.224993
RR: 24.580434
DD: 0.07317599999999999
DR: 3.193568
RR: 26.500835
DD: 0.075001
DR: 3.197479
RR: 24.530565
DD: 0.074215
DR: 3.208767
RR: 25.674152
DD: 0.0754
DR: 3.19153
RR: 25.448553
DD: 0.071863
DR: 3.111009
RR: 24.4321
DD: 0.072323
DR: 3.004236
RR: 23.320851
DD: 0.072838
DR: 3.11555
RR: 23.712027
DD: 0.07465
DR: 3.211923
RR: 24.200976
DD: 0.07104600000000005
DR: 3.179844
RR: 24.674489
DD: 0.070968
DR: 3.191447
RR: 25.08915
saved to _G20.5_rmin0.001_rmax10.0_nbins30_zmin2.0zmax3.0_Lmaxsplit3bin2_N50_Planck_MC_b40

Pixels masked by MC but not already by selfunc: 36
G20.5_zmin3.0zmax4.6_Lmaxsplit3bin0: 0.51              5970 vs 12153
/home/groups/tabel/mahlet/quaia-env/lib/python3.10/site-packages/Corrfunc/utils.py:918: UserWarning: One or more input array has non-native endianness!  A copy will be made with the correct endianness.
  warnings.warn("One or more input array has non-native endianness!  A copy will"\
DD: 0.003424
DR: 0.032951999999999995
RR: 0.059044
DD: 0.003645
DR: 0.033038
RR: 0.05898000000000003
DD: 0.0035589999999999997
DR: 0.03301
RR: 0.060586999999999995
DD: 0.003642
DR: 0.033412
RR: 0.06027
DD: 0.003649
DR: 0.033269
RR: 0.059440999999999994
DD: 0.00359
DR: 0.033167999999999996
RR: 0.059538
DD: 0.0035719999999999997
DR: 0.033032
RR: 0.059659
DD: 0.0035789999999999997
DR: 0.033292999999999996
RR: 0.06005400000000005
DD: 0.003587
DR: 0.033468
RR: 0.060785
DD: 0.0036049999999999997
DR: 0.033764999999999996
RR: 0.061833
DD: 0.003666
DR: 0.03421
RR: 0.062019
DD: 0.004115
DR: 0.034037
RR: 0.062210999999999995
DD: 0.00414
DR: 0.033976
RR: 0.062354
DD: 0.004294
DR: 0.034878
RR: 0.06429099999999999
DD: 0.004266
DR: 0.034006999999999996
RR: 0.06256099999999999
DD: 0.00416
DR: 0.033967
RR: 0.064944
DD: 0.004248
DR: 0.035387999999999996
RR: 0.06266
DD: 0.0041849999999999995
DR: 0.034248
RR: 0.062572
DD: 0.004164999999999999
DR: 0.034093
RR: 0.062452999999999995
DD: 0.003627
DR: 0.0335970000000001
RR: 0.062136
DD: 0.003629
DR: 0.033331
RR: 0.060641999999999995
DD: 0.003567
DR: 0.032995
RR: 0.06011
DD: 0.003518
DR: 0.032762
RR: 0.059719999999999995
DD: 0.0035849999999999996
DR: 0.032876999999999997
RR: 0.059194
DD: 0.0035529999999999997
DR: 0.032827999999999996
RR: 0.05878
DD: 0.003561
DR: 0.032743
RR: 0.058788999999999994
DD: 0.0035919999999999997
DR: 0.032618
RR: 0.058428
DD: 0.0035659999999999997
DR: 0.032692
RR: 0.058483999999999994
DD: 0.003565
DR: 0.032688
RR: 0.058179999999999996
DD: 0.003539
DR: 0.032727
RR: 0.058365
DD: 0.0035359999999999996
DR: 0.032695
RR: 0.058807
DD: 0.003564
DR: 0.032847999999999995
RR: 0.059276999999999996
DD: 0.00359
DR: 0.033083
RR: 0.060201
DD: 0.003663
DR: 0.033975
RR: 0.062035999999999994
DD: 0.003715
DR: 0.034116
RR: 0.06223
DD: 0.003686
DR: 0.03421
RR: 0.06279799999999999
DD: 0.004214
DR: 0.034089999999999995
RR: 0.06211
DD: 0.004164
DR: 0.034045
RR: 0.062250999999999994
DD: 0.00414
DR: 0.03403
RR: 0.062362999999999995
DD: 0.004115
DR: 0.033999999999999996
RR: 0.062467999999999996
DD: 0.0041459999999999995
DR: 0.033971999999999995
RR: 0.062595
DD: 0.0041659999999999996
DR: 0.034008
RR: 0.062473999999999995
DD: 0.004128
DR: 0.034059
RR: 0.06270200000000004
DD: 0.004116
DR: 0.034068
RR: 0.062464
DD: 0.004058
DR: 0.033682
RR: 0.061648999999999995
DD: 0.0036049999999999997
DR: 0.033259
RR: 0.060476999999999996
DD: 0.0036249999999999998
DR: 0.032924
RR: 0.059812
DD: 0.003512
DR: 0.032910999999999996
RR: 0.0596
DD: 0.0035819999999999997
DR: 0.032808
RR: 0.059446
DD: 0.003901
DR: 0.032715999999999995
RR: 0.059447999999999994
saved to _G20.5_rmin0.001_rmax10.0_nbins30_zmin3.0zmax4.6_Lmaxsplit3bin0_N50_Planck_MC_b40

Pixels masked by MC but not already by selfunc: 69
G20.5_zmin3.0zmax4.6_Lmaxsplit3bin1: 0.47              12993 vs 24305
/home/groups/tabel/mahlet/quaia-env/lib/python3.10/site-packages/Corrfunc/utils.py:918: UserWarning: One or more input array has non-native endianness!  A copy will be made with the correct endianness.
  warnings.warn("One or more input array has non-native endianness!  A copy will"\
DD: 0.004935999999999999
DR: 0.072616
RR: 0.188142
DD: 0.005425
DR: 0.07528599999999999
RR: 0.186411
DD: 0.005378
DR: 0.07580799999999999
RR: 0.186781
DD: 0.0054269999999999995
DR: 0.075706
RR: 0.186544
DD: 0.0053609999999999994
DR: 0.07581399999999999
RR: 0.18615000000000004
DD: 0.005285
DR: 0.075528
RR: 0.187857
DD: 0.005371
DR: 0.076316
RR: 0.18728899999999998
DD: 0.005286
DR: 0.0752
RR: 0.184631
DD: 0.005294999999999999
DR: 0.075348
RR: 0.186688
DD: 0.005313
DR: 0.07607499999999999
RR: 0.188359
DD: 0.005412999999999999
DR: 0.076663
RR: 0.191721
DD: 0.005425999999999999
DR: 0.07692299999999999
RR: 0.191496
DD: 0.005403
DR: 0.077233
RR: 0.192437
DD: 0.005434
DR: 0.07738099999999999
RR: 0.192436
DD: 0.005484000000000044
DR: 0.07747
RR: 0.191797
DD: 0.005435
DR: 0.076539
RR: 0.191636
DD: 0.005404
DR: 0.07710700000000004
RR: 0.191967
DD: 0.0054399999999999995
DR: 0.076654
RR: 0.191745
DD: 0.005362
DR: 0.075935
RR: 0.18999100000000002
DD: 0.005266
DR: 0.075391
RR: 0.188389
DD: 0.0058
DR: 0.07517499999999999
RR: 0.18245
DD: 0.005349
DR: 0.073027
RR: 0.178731
DD: 0.0051069999999999996
DR: 0.072533
RR: 0.17712799999999998
DD: 0.005124
DR: 0.072028
RR: 0.175613
DD: 0.005116
DR: 0.074061
RR: 0.175053
DD: 0.005085999999999999
DR: 0.071604
RR: 0.17517000000000005
DD: 0.005215
DR: 0.071577
RR: 0.17463399999999998
DD: 0.005144
DR: 0.071185
RR: 0.175037
DD: 0.005181
DR: 0.071449
RR: 0.172395
DD: 0.005056
DR: 0.07158199999999999
RR: 0.17263099999999998
DD: 0.005058
DR: 0.071478
RR: 0.17309600000000003
DD: 0.00509
DR: 0.071759
RR: 0.172042
DD: 0.005111999999999999
DR: 0.072364
RR: 0.17882399999999998
DD: 0.005572
DR: 0.073596
RR: 0.179956
DD: 0.005241
DR: 0.074464
RR: 0.18520699999999998
DD: 0.0053609999999999994
DR: 0.07559099999999999
RR: 0.18760500000000002
DD: 0.005311
DR: 0.075696
RR: 0.187431
DD: 0.005324
DR: 0.075387
RR: 0.187323
DD: 0.005305
DR: 0.075511
RR: 0.186084
DD: 0.0053
DR: 0.075347
RR: 0.185527
DD: 0.005234
DR: 0.075421
RR: 0.18715099999999998
DD: 0.005737
DR: 0.075792
RR: 0.183664
DD: 0.005285
DR: 0.075047
RR: 0.18213200000000007
DD: 0.005216999999999999
DR: 0.074654
RR: 0.181416
DD: 0.00515
DR: 0.073557
RR: 0.18049199999999999
DD: 0.005202
DR: 0.07306800000000002
RR: 0.177226
DD: 0.00511
DR: 0.072349
RR: 0.17568599999999998
DD: 0.005136
DR: 0.072166
RR: 0.17739300000000002
DD: 0.005639
DR: 0.07249
RR: 0.175567
DD: 0.005092
DR: 0.071889
RR: 0.17560499999999998
saved to _G20.5_rmin0.001_rmax10.0_nbins30_zmin3.0zmax4.6_Lmaxsplit3bin1_N50_Planck_MC_b40

Pixels masked by MC but not already by selfunc: 123
G20.5_zmin3.0zmax4.6_Lmaxsplit3bin2: 0.41              21375 vs 36458
/home/groups/tabel/mahlet/quaia-env/lib/python3.10/site-packages/Corrfunc/utils.py:918: UserWarning: One or more input array has non-native endianness!  A copy will be made with the correct endianness.
  warnings.warn("One or more input array has non-native endianness!  A copy will"\
DD: 0.007195999999999999
DR: 0.131425
RR: 0.388664
DD: 0.007318
DR: 0.130392
RR: 0.39038
DD: 0.007861
DR: 0.132046
RR: 0.388054
DD: 0.0073089999999999995
DR: 0.13072999999999999
RR: 0.391605
DD: 0.007871999999999999
DR: 0.13304
RR: 0.39148400000000005
DD: 0.00737
DR: 0.13442199999999999
RR: 0.3878980000000001
DD: 0.007353999999999999
DR: 0.131238
RR: 0.388183
DD: 0.0073479999999999995
DR: 0.13548500000000008
RR: 0.393101
DD: 0.00743
DR: 0.132999
RR: 0.395799
DD: 0.007421
DR: 0.134035
RR: 0.41261000000000003
DD: 0.008009
DR: 0.138839
RR: 0.413941
DD: 0.00748
DR: 0.136266
RR: 0.41065599999999997
DD: 0.008005
DR: 0.13770500000000008
RR: 0.411418
DD: 0.0075109999999999994
DR: 0.136207
RR: 0.414571
DD: 0.008041
DR: 0.137856
RR: 0.4094650000000001
DD: 0.007501
DR: 0.135867
RR: 0.41797399999999996
DD: 0.007525
DR: 0.13777899999999998
RR: 0.419801
DD: 0.008091
DR: 0.13968800000000003
RR: 0.41735
DD: 0.007489
DR: 0.137378
RR: 0.41561299999999995
DD: 0.007936
DR: 0.134969
RR: 0.40239199999999997
DD: 0.00735
DR: 0.13641799999999998
RR: 0.41945600000000005
DD: 0.007591
DR: 0.136568
RR: 0.410861
DD: 0.007548
DR: 0.135907
RR: 0.40980099999999997
DD: 0.007932999999999999
DR: 0.13562000000000007
RR: 0.403454
DD: 0.007441
DR: 0.13352899999999998
RR: 0.40613499999999997
DD: 0.007878999999999999
DR: 0.133271
RR: 0.39231400000000005
DD: 0.007320999999999999
DR: 0.129995
RR: 0.38462399999999997
DD: 0.007227
DR: 0.12939599999999998
RR: 0.38491899999999996
DD: 0.007234999999999999
DR: 0.12957
RR: 0.38494799999999996
DD: 0.007227
DR: 0.129634
RR: 0.388487
DD: 0.007273
DR: 0.130355
RR: 0.3891720000000001
DD: 0.007307999999999999
DR: 0.13141899999999998
RR: 0.392864
DD: 0.007298
DR: 0.132637
RR: 0.39574499999999996
DD: 0.0073549999999999996
DR: 0.133229
RR: 0.400273
DD: 0.007417
DR: 0.134519
RR: 0.3989980000000001
DD: 0.007436
DR: 0.13598
RR: 0.413068
DD: 0.007467
DR: 0.136798
RR: 0.40426199999999995
DD: 0.007483999999999999
DR: 0.137467
RR: 0.410944
DD: 0.007449
DR: 0.13524899999999998
RR: 0.411065
DD: 0.007463999999999999
DR: 0.13724899999999998
RR: 0.421361
DD: 0.007490999999999999
DR: 0.137163
RR: 0.41362
DD: 0.00748
DR: 0.13684
RR: 0.413411
DD: 0.007447
DR: 0.13714100000000007
RR: 0.40243599999999996
DD: 0.007430999999999999
DR: 0.140702
RR: 0.4228080000000001
DD: 0.007359
DR: 0.134166
RR: 0.404794
DD: 0.007305
DR: 0.13367199999999999
RR: 0.39986
DD: 0.007284
DR: 0.13208599999999998
RR: 0.400229
DD: 0.007307999999999999
DR: 0.13205100000000003
RR: 0.399246
DD: 0.007312
DR: 0.132353
RR: 0.398254
DD: 0.007274
DR: 0.131137
RR: 0.392609
saved to _G20.5_rmin0.001_rmax10.0_nbins30_zmin3.0zmax4.6_Lmaxsplit3bin2_N50_Planck_MC_b40

done!
