Starting batch job

G20.5: computing wtheta in 30 bins from 0.001 to 10.0 on a log scale...

Pixels masked by MC but not already by selfunc: 2557
G20.5_zsplit2bin0_Lsplit2bin0: 0.37              203288 vs 323872
/home/groups/tabel/mahlet/quaia-env/lib/python3.10/site-packages/Corrfunc/utils.py:918: UserWarning: One or more input array has non-native endianness!  A copy will be made with the correct endianness.
  warnings.warn("One or more input array has non-native endianness!  A copy will"\
DD: 0.11386299999999999
DR: 5.185536
RR: 44.84668
saved to _G20.5_rmin0.001_rmax10.0_nbins30_zsplit2bin0_Lsplit2bin0_Planck_MC_b30
Pixels masked by MC but not already by selfunc: 2290
G20.5_zsplit2bin0_Lsplit2bin1: 0.26              238818 vs 323872
/home/groups/tabel/mahlet/quaia-env/lib/python3.10/site-packages/Corrfunc/utils.py:918: UserWarning: One or more input array has non-native endianness!  A copy will be made with the correct endianness.
  warnings.warn("One or more input array has non-native endianness!  A copy will"\
DD: 0.157654
DR: 6.897334
RR: 63.076927
saved to _G20.5_rmin0.001_rmax10.0_nbins30_zsplit2bin0_Lsplit2bin1_Planck_MC_b30
Pixels masked by MC but not already by selfunc: 3063
G20.5_zsplit2bin1_Lsplit2bin0: 0.33              216868 vs 323879
/home/groups/tabel/mahlet/quaia-env/lib/python3.10/site-packages/Corrfunc/utils.py:918: UserWarning: One or more input array has non-native endianness!  A copy will be made with the correct endianness.
  warnings.warn("One or more input array has non-native endianness!  A copy will"\
DD: 0.125517
DR: 5.543607
RR: 50.89501
saved to _G20.5_rmin0.001_rmax10.0_nbins30_zsplit2bin1_Lsplit2bin0_Planck_MC_b30
Pixels masked by MC but not already by selfunc: 2414
G20.5_zsplit2bin1_Lsplit2bin1: 0.23              248268 vs 323879
/home/groups/tabel/mahlet/quaia-env/lib/python3.10/site-packages/Corrfunc/utils.py:918: UserWarning: One or more input array has non-native endianness!  A copy will be made with the correct endianness.
  warnings.warn("One or more input array has non-native endianness!  A copy will"\
DD: 0.172822
DR: 7.453831
RR: 68.611658
saved to _G20.5_rmin0.001_rmax10.0_nbins30_zsplit2bin1_Lsplit2bin1_Planck_MC_b30
done!
