Starting batch job

G20.5: computing wtheta in 10 bins from 0.1 to 25.0 on a log scale for 14 jackknife regions...

Pixels masked by MC but not already by selfunc: 2468
G20.5_zmin0.0zmax1.0_Lmax-20.0: 0.33              218365 vs 324336
[Warning] The CPU supports AVX512F but the compiler does not.  Can you try another compiler?
/home/groups/tabel/mahlet/quaia-env/lib/python3.10/site-packages/Corrfunc/utils.py:918: UserWarning: One or more input array has non-native endianness!  A copy will be made with the correct endianness.
  warnings.warn("One or more input array has non-native endianness!  A copy will"\
DD: 0.271176
DR: 16.082914
RR: 183.178971
DD: 0.273447
DR: 16.113665
RR: 186.664189
DD: 0.29811899999999997
DR: 17.650588
RR: 203.742335
DD: 0.317809
DR: 18.857782
RR: 220.625351
DD: 0.30745200000000006
DR: 18.879391
RR: 214.574979
DD: 0.280149
DR: 17.32544
RR: 194.958858
DD: 0.270166
DR: 15.691367
RR: 179.810604
DD: 0.258044
DR: 14.973776
RR: 171.251457
DD: 0.271049
DR: 15.525654
RR: 180.273279
DD: 0.27425299999999997
DR: 17.271614
RR: 203.86576
DD: 0.311971
DR: 18.802354
RR: 219.626194
DD: 0.313999
DR: 18.830951
RR: 219.106129
DD: 0.288091
DR: 17.124843
RR: 201.922521
DD: 0.265493
DR: 15.979793
RR: 184.082608
saved to _G20.5_rmin0.1_rmax25.0_nbins10_zmin0.0zmax1.0_Lmax-20.0_N14_Planck_MC_b30
Pixels masked by MC but not already by selfunc: 490
G20.5_zmin0.0zmax1.0_Lmax-25.0: 0.46              29985 vs 55261
/home/groups/tabel/mahlet/quaia-env/lib/python3.10/site-packages/Corrfunc/utils.py:918: UserWarning: One or more input array has non-native endianness!  A copy will be made with the correct endianness.
  warnings.warn("One or more input array has non-native endianness!  A copy will"\
DD: 0.010855
DR: 0.419039
RR: 2.982854
DD: 0.010568
DR: 0.42129099999999997
RR: 3.087304
DD: 0.011033999999999999
DR: 0.430718
RR: 3.226326
DD: 0.012384
DR: 0.542474
RR: 3.801225
DD: 0.012657999999999999
DR: 0.5062329999999999
RR: 3.568955
DD: 0.011254
DR: 0.440269
RR: 3.217865
DD: 0.010341
DR: 0.40162200000000003
RR: 2.939076
DD: 0.010291
DR: 0.4017
RR: 2.896275
DD: 0.010269
DR: 0.39854999999999996
RR: 2.953146
DD: 0.010961
DR: 0.427734
RR: 3.313878
DD: 0.012111
DR: 0.476444
RR: 3.681486
DD: 0.011745
DR: 0.456253
RR: 3.509879
DD: 0.010983999999999999
DR: 0.419701
RR: 3.1985330000000003
DD: 0.010239
DR: 0.397849
RR: 2.887496
saved to _G20.5_rmin0.1_rmax25.0_nbins10_zmin0.0zmax1.0_Lmax-25.0_N14_Planck_MC_b30
Pixels masked by MC but not already by selfunc: 131
G20.5_zmin0.0zmax1.0_Lmax-26.0: 0.52              6079 vs 12557
/home/groups/tabel/mahlet/quaia-env/lib/python3.10/site-packages/Corrfunc/utils.py:918: UserWarning: One or more input array has non-native endianness!  A copy will be made with the correct endianness.
  warnings.warn("One or more input array has non-native endianness!  A copy will"\
DD: 0.0024679999999999997
DR: 0.048923
RR: 0.170863
DD: 0.002359
DR: 0.048784999999999995
RR: 0.175085
DD: 0.00244
DR: 0.050672999999999996
RR: 0.189302
DD: 0.002691
DR: 0.054763
RR: 0.20533800000000002
DD: 0.002486
DR: 0.056258999999999997
RR: 0.20468999999999998
DD: 0.0034809999999999997
DR: 0.050935999999999995
RR: 0.190583
DD: 0.002359
DR: 0.048347
RR: 0.17731400000000008
DD: 0.002345
DR: 0.047802
RR: 0.170807
DD: 0.002349
DR: 0.048366
RR: 0.173256
DD: 0.002466
DR: 0.050092
RR: 0.18669400000000003
DD: 0.004833
DR: 0.05586
RR: 0.19703199999999998
DD: 0.00245
DR: 0.053558999999999996
RR: 0.20033499999999999
DD: 0.0028799999999999997
DR: 0.049714999999999995
RR: 0.184844
DD: 0.002232
DR: 0.047431999999999995
RR: 0.170345
saved to _G20.5_rmin0.1_rmax25.0_nbins10_zmin0.0zmax1.0_Lmax-26.0_N14_Planck_MC_b30
Pixels masked by MC but not already by selfunc: 40
G20.5_zmin0.0zmax1.0_Lmax-27.0: 0.60              776 vs 1922
/home/groups/tabel/mahlet/quaia-env/lib/python3.10/site-packages/Corrfunc/utils.py:918: UserWarning: One or more input array has non-native endianness!  A copy will be made with the correct endianness.
  warnings.warn("One or more input array has non-native endianness!  A copy will"\
DD: 0.0006749999999999999
DR: 0.006679
RR: 0.010912
DD: 0.0006789999999999999
DR: 0.007473
RR: 0.011082999999999999
DD: 0.00083
DR: 0.007699999999999999
RR: 0.011755
DD: 0.000843
DR: 0.007796999999999999
RR: 0.012303
DD: 0.000838
DR: 0.008139
RR: 0.012636999999999999
DD: 0.0007999999999999999
DR: 0.007355
RR: 0.011356
DD: 0.000781
DR: 0.007280999999999999
RR: 0.011264
DD: 0.000806
DR: 0.007264
RR: 0.010759
DD: 0.000784
DR: 0.007383
RR: 0.01109
DD: 0.000838
DR: 0.007457
RR: 0.011358
DD: 0.0008539999999999999
DR: 0.007875
RR: 0.01247
DD: 0.00089
DR: 0.008107
RR: 0.012282999999999999
DD: 0.000834
DR: 0.007364
RR: 0.011514
DD: 0.000646
DR: 0.007248999999999999
RR: 0.010983999999999999
saved to _G20.5_rmin0.1_rmax25.0_nbins10_zmin0.0zmax1.0_Lmax-27.0_N14_Planck_MC_b30
Pixels masked by MC but not already by selfunc: 4785
G20.5_zmin1.0zmax2.0_Lmax-20.0: 0.30              453228 vs 648196
/home/groups/tabel/mahlet/quaia-env/lib/python3.10/site-packages/Corrfunc/utils.py:918: UserWarning: One or more input array has non-native endianness!  A copy will be made with the correct endianness.
  warnings.warn("One or more input array has non-native endianness!  A copy will"\
DD: 1.099011
DR: 65.85822
RR: 802.837017
DD: 1.101354
DR: 68.477669
RR: 812.783184
DD: 1.157605
DR: 74.108567
RR: 898.369532
DD: 1.363691
DR: 79.866819
RR: 989.7624
DD: 1.233452
DR: 80.487595
RR: 965.99191
DD: 1.243697
DR: 73.715355
RR: 873.665571
DD: 1.052106
DR: 67.546644
RR: 802.456693
DD: 1.006374
DR: 64.901029
RR: 757.091436
DD: 1.02115
DR: 66.212783
RR: 788.838308
DD: 1.141633
DR: 71.606815
RR: 902.223478
DD: 1.264264
DR: 79.840414
RR: 983.945917
DD: 1.246982
DR: 79.851072
RR: 976.885478
DD: 1.148384
DR: 74.677004
RR: 899.771951
DD: 1.046327
DR: 67.118371
RR: 831.261693
saved to _G20.5_rmin0.1_rmax25.0_nbins10_zmin1.0zmax2.0_Lmax-20.0_N14_Planck_MC_b30
Pixels masked by MC but not already by selfunc: 3840
G20.5_zmin1.0zmax2.0_Lmax-25.0: 0.33              336125 vs 502242
/home/groups/tabel/mahlet/quaia-env/lib/python3.10/site-packages/Corrfunc/utils.py:918: UserWarning: One or more input array has non-native endianness!  A copy will be made with the correct endianness.
  warnings.warn("One or more input array has non-native endianness!  A copy will"\
DD: 0.577778
DR: 35.510199
RR: 429.490634
DD: 0.6150939999999999
DR: 37.193936
RR: 444.319045
DD: 0.662037
DR: 41.489803
RR: 491.583884
DD: 0.712661
DR: 46.071306
RR: 525.331325
DD: 0.682881
DR: 43.561044
RR: 521.536792
DD: 0.639573
DR: 40.863836
RR: 476.230528
DD: 0.6006750000000001
DR: 36.967763
RR: 439.298161
DD: 0.5927690000000001
DR: 36.128019
RR: 417.370389
DD: 0.5767059999999999
DR: 36.189916
RR: 430.384152
DD: 0.647502
DR: 41.020784
RR: 489.409757
DD: 0.753402
DR: 44.665411
RR: 530.055649
DD: 0.668648
DR: 43.71207
RR: 524.681783
DD: 0.620314
DR: 39.633469
RR: 480.748463
DD: 0.5935630000000001
DR: 35.636664
RR: 433.354712
saved to _G20.5_rmin0.1_rmax25.0_nbins10_zmin1.0zmax2.0_Lmax-25.0_N14_Planck_MC_b30
Pixels masked by MC but not already by selfunc: 1559
G20.5_zmin1.0zmax2.0_Lmax-26.0: 0.40              110789 vs 185134
/home/groups/tabel/mahlet/quaia-env/lib/python3.10/site-packages/Corrfunc/utils.py:918: UserWarning: One or more input array has non-native endianness!  A copy will be made with the correct endianness.
  warnings.warn("One or more input array has non-native endianness!  A copy will"\
DD: 0.089669
DR: 3.925824
RR: 42.87056
DD: 0.075793
DR: 3.958741
RR: 42.734853
DD: 0.079193
DR: 4.240809
RR: 47.258204
DD: 0.08941199999999999
DR: 4.709827
RR: 52.197749
DD: 0.086588
DR: 4.785172
RR: 51.304753
DD: 0.08319399999999999
DR: 4.5002320000000005
RR: 45.840124
DD: 0.07718
DR: 4.137136
RR: 42.670224
DD: 0.074629
DR: 3.903303
RR: 41.603955
DD: 0.08946799999999999
DR: 3.937742
RR: 42.464971
DD: 0.081953
DR: 4.354248
RR: 48.165004
DD: 0.08791099999999999
DR: 4.671867
RR: 52.001301
DD: 0.08721100000000004
DR: 4.699228
RR: 51.467432
DD: 0.08456700000000006
DR: 4.398123
RR: 47.689301
DD: 0.075474
DR: 3.9801
RR: 43.334985
saved to _G20.5_rmin0.1_rmax25.0_nbins10_zmin1.0zmax2.0_Lmax-26.0_N14_Planck_MC_b30
Pixels masked by MC but not already by selfunc: 379
G20.5_zmin1.0zmax2.0_Lmax-27.0: 0.46              20750 vs 38757
/home/groups/tabel/mahlet/quaia-env/lib/python3.10/site-packages/Corrfunc/utils.py:918: UserWarning: One or more input array has non-native endianness!  A copy will be made with the correct endianness.
  warnings.warn("One or more input array has non-native endianness!  A copy will"\
DD: 0.007095
DR: 0.238165
RR: 1.378175
DD: 0.0070599999999999994
DR: 0.22519299999999998
RR: 1.370769
DD: 0.007489
DR: 0.247499
RR: 1.4865140000000001
DD: 0.00773
DR: 0.258394
RR: 1.620203
DD: 0.007591
DR: 0.257074
RR: 1.584112
DD: 0.007255999999999999
DR: 0.24132299999999998
RR: 1.511599
DD: 0.007137999999999999
DR: 0.23222099999999998
RR: 1.412542
DD: 0.007058999999999999
DR: 0.227985
RR: 1.379483
DD: 0.00722
DR: 0.22948000000000002
RR: 1.42187
DD: 0.007149
DR: 0.24537799999999999
RR: 1.479766
DD: 0.007364
DR: 0.25613700000000006
RR: 1.610875
DD: 0.007457
DR: 0.253324
RR: 1.60524
DD: 0.007150999999999999
DR: 0.23890299999999998
RR: 1.462226
DD: 0.006686999999999999
DR: 0.220859
RR: 1.32272
saved to _G20.5_rmin0.1_rmax25.0_nbins10_zmin1.0zmax2.0_Lmax-27.0_N14_Planck_MC_b30
Pixels masked by MC but not already by selfunc: 2764
G20.5_zmin2.0zmax3.0_Lmax-20.0: 0.28              207602 vs 286508
/home/groups/tabel/mahlet/quaia-env/lib/python3.10/site-packages/Corrfunc/utils.py:918: UserWarning: One or more input array has non-native endianness!  A copy will be made with the correct endianness.
  warnings.warn("One or more input array has non-native endianness!  A copy will"\
DD: 0.235198
DR: 14.265782
RR: 163.55413
DD: 0.24637699999999998
DR: 15.069074
RR: 167.927976
DD: 0.279478
DR: 16.188814
RR: 184.32943
DD: 0.284661
DR: 17.267521
RR: 198.792169
DD: 0.28811
DR: 17.441581
RR: 195.730885
DD: 0.272762
DR: 15.775186
RR: 177.351863
DD: 0.24925999999999998
DR: 14.518929
RR: 163.433036
DD: 0.228789
DR: 13.585217
RR: 151.829709
DD: 0.24257300000000004
DR: 14.480943
RR: 161.878372
DD: 0.272864
DR: 15.825253
RR: 184.003543
DD: 0.291943
DR: 17.163057
RR: 199.269493
DD: 0.293582
DR: 17.374057
RR: 198.899728
DD: 0.264251
DR: 16.150229
RR: 182.169002
DD: 0.24095300000000008
DR: 14.465054
RR: 166.584549
saved to _G20.5_rmin0.1_rmax25.0_nbins10_zmin2.0zmax3.0_Lmax-20.0_N14_Planck_MC_b30
Pixels masked by MC but not already by selfunc: 2764
G20.5_zmin2.0zmax3.0_Lmax-25.0: 0.28              207602 vs 286508
/home/groups/tabel/mahlet/quaia-env/lib/python3.10/site-packages/Corrfunc/utils.py:918: UserWarning: One or more input array has non-native endianness!  A copy will be made with the correct endianness.
  warnings.warn("One or more input array has non-native endianness!  A copy will"\
DD: 0.23369299999999998
DR: 14.167882
RR: 162.322642
DD: 0.24503300000000006
DR: 14.825653
RR: 167.418403
DD: 0.27277999999999997
DR: 16.257962
RR: 187.727167
DD: 0.32838200000000006
DR: 18.218902
RR: 205.091574
DD: 0.318177
DR: 17.517063
RR: 197.804037
DD: 0.277934
DR: 16.303708
RR: 181.190274
DD: 0.260052
DR: 15.0427
RR: 165.926046
DD: 0.262293
DR: 14.01534
RR: 154.982035
DD: 0.253237
DR: 14.461271
RR: 163.312462
DD: 0.263694
DR: 15.839879
RR: 190.355342
DD: 0.299262
DR: 18.022389
RR: 206.977517
DD: 0.29078899999999996
DR: 17.717617
RR: 203.90818
DD: 0.29033700000000007
DR: 16.560468
RR: 192.798271
DD: 0.25347300000000006
DR: 15.46494
RR: 175.667644
saved to _G20.5_rmin0.1_rmax25.0_nbins10_zmin2.0zmax3.0_Lmax-25.0_N14_Planck_MC_b30
Pixels masked by MC but not already by selfunc: 2573
G20.5_zmin2.0zmax3.0_Lmax-26.0: 0.29              184109 vs 259755
/home/groups/tabel/mahlet/quaia-env/lib/python3.10/site-packages/Corrfunc/utils.py:918: UserWarning: One or more input array has non-native endianness!  A copy will be made with the correct endianness.
  warnings.warn("One or more input array has non-native endianness!  A copy will"\
DD: 0.19802799999999998
DR: 11.448071
RR: 126.695771
DD: 0.19523100000000004
DR: 11.605114
RR: 130.214171
DD: 0.21198999999999998
DR: 12.649437
RR: 144.000283
DD: 0.23141699999999998
DR: 13.966472
RR: 148.910111
DD: 0.23271999999999998
DR: 13.094034
RR: 145.405376
DD: 0.206119
DR: 11.798435
RR: 132.002665
DD: 0.18857
DR: 10.914166
RR: 120.888645
DD: 0.177668
DR: 10.439967
RR: 113.355767
DD: 0.18866
DR: 10.910227
RR: 120.611105
DD: 0.217542
DR: 12.407184
RR: 144.292171
DD: 0.24399099999999999
DR: 12.971441
RR: 159.220685
DD: 0.241867
DR: 13.925368
RR: 162.623694
DD: 0.22156299999999998
DR: 12.989378
RR: 153.209133
DD: 0.204196
DR: 12.18206
RR: 137.676764
saved to _G20.5_rmin0.1_rmax25.0_nbins10_zmin2.0zmax3.0_Lmax-26.0_N14_Planck_MC_b30
Pixels masked by MC but not already by selfunc: 1053
G20.5_zmin2.0zmax3.0_Lmax-27.0: 0.37              64747 vs 103123
/home/groups/tabel/mahlet/quaia-env/lib/python3.10/site-packages/Corrfunc/utils.py:918: UserWarning: One or more input array has non-native endianness!  A copy will be made with the correct endianness.
  warnings.warn("One or more input array has non-native endianness!  A copy will"\
DD: 0.03393
DR: 1.526789
RR: 14.227116
DD: 0.035599
DR: 1.571028
RR: 14.650684
DD: 0.038138
DR: 1.746296
RR: 16.509907
DD: 0.039989
DR: 1.834131
RR: 17.950589
DD: 0.038993
DR: 1.862154
RR: 17.626451
DD: 0.035789999999999995
DR: 1.660391
RR: 15.681861
DD: 0.035954
DR: 1.575733
RR: 14.456457
DD: 0.036012999999999996
DR: 1.584494
RR: 13.963049
DD: 0.034277999999999996
DR: 1.552347
RR: 14.206924
DD: 0.036814
DR: 1.671612
RR: 16.49744
DD: 0.038440999999999996
DR: 1.7935979999999998
RR: 17.443552
DD: 0.038013
DR: 1.778402
RR: 17.276873
DD: 0.035755999999999996
DR: 1.608145
RR: 15.762042
DD: 0.032768
DR: 1.551167
RR: 14.077854
saved to _G20.5_rmin0.1_rmax25.0_nbins10_zmin2.0zmax3.0_Lmax-27.0_N14_Planck_MC_b30
Pixels masked by MC but not already by selfunc: 307
G20.5_zmin3.0zmax4.6_Lmax-20.0: 0.23              28043 vs 36458
/home/groups/tabel/mahlet/quaia-env/lib/python3.10/site-packages/Corrfunc/utils.py:918: UserWarning: One or more input array has non-native endianness!  A copy will be made with the correct endianness.
  warnings.warn("One or more input array has non-native endianness!  A copy will"\
DD: 0.010536
DR: 0.327678
RR: 1.918602
DD: 0.010201
DR: 0.330297
RR: 1.981349
DD: 0.011208
DR: 0.358714
RR: 2.097007
DD: 0.011755999999999999
DR: 0.350291
RR: 2.246263
DD: 0.011516
DR: 0.39510500000000004
RR: 2.362133
DD: 0.01082
DR: 0.34357
RR: 2.064162
DD: 0.010041999999999999
DR: 0.32746600000000003
RR: 1.890262
DD: 0.009489
DR: 0.30171899999999996
RR: 1.794999
DD: 0.009707
DR: 0.309712
RR: 1.843288
DD: 0.010464
DR: 0.329957
RR: 2.05451
DD: 0.011134999999999999
DR: 0.370062
RR: 2.380852
DD: 0.011623
DR: 0.378363
RR: 2.315275
DD: 0.010929
DR: 0.358429
RR: 2.100892
DD: 0.010064
DR: 0.315046
RR: 1.875282
saved to _G20.5_rmin0.1_rmax25.0_nbins10_zmin3.0zmax4.6_Lmax-20.0_N14_Planck_MC_b30
Pixels masked by MC but not already by selfunc: 307
G20.5_zmin3.0zmax4.6_Lmax-25.0: 0.23              28043 vs 36458
/home/groups/tabel/mahlet/quaia-env/lib/python3.10/site-packages/Corrfunc/utils.py:918: UserWarning: One or more input array has non-native endianness!  A copy will be made with the correct endianness.
  warnings.warn("One or more input array has non-native endianness!  A copy will"\
DD: 0.00994
DR: 0.310311
RR: 1.853662
DD: 0.010014
DR: 0.325464
RR: 1.922727
DD: 0.010811999999999999
DR: 0.344117
RR: 2.093641
DD: 0.011892999999999999
DR: 0.388505
RR: 2.279674
DD: 0.011712
DR: 0.37059
RR: 2.246211
DD: 0.010758
DR: 0.34246499999999996
RR: 2.02739
DD: 0.009788
DR: 0.318104
RR: 1.868075
DD: 0.009566
DR: 0.30479200000000006
RR: 1.773939
DD: 0.009592
DR: 0.31069399999999997
RR: 1.843253
DD: 0.010503
DR: 0.335993
RR: 2.062143
DD: 0.011288999999999999
DR: 0.371558
RR: 2.365026
DD: 0.011954999999999999
DR: 0.385914
RR: 2.322931
DD: 0.011292
DR: 0.36095200000000005
RR: 2.132543
DD: 0.010336999999999999
DR: 0.320272
RR: 1.899052
saved to _G20.5_rmin0.1_rmax25.0_nbins10_zmin3.0zmax4.6_Lmax-25.0_N14_Planck_MC_b30
Pixels masked by MC but not already by selfunc: 307
G20.5_zmin3.0zmax4.6_Lmax-26.0: 0.23              28043 vs 36458
/home/groups/tabel/mahlet/quaia-env/lib/python3.10/site-packages/Corrfunc/utils.py:918: UserWarning: One or more input array has non-native endianness!  A copy will be made with the correct endianness.
  warnings.warn("One or more input array has non-native endianness!  A copy will"\
DD: 0.01035
DR: 0.31862999999999997
RR: 1.865129
DD: 0.010064
DR: 0.32553699999999997
RR: 1.928278
DD: 0.010881
DR: 0.352246
RR: 2.098789
DD: 0.011849
DR: 0.38680699999999996
RR: 2.316478
DD: 0.011401999999999999
DR: 0.375035
RR: 2.276983
DD: 0.010832
DR: 0.346063
RR: 2.009637
DD: 0.009863
DR: 0.315418
RR: 1.86407
DD: 0.009552
DR: 0.30297599999999997
RR: 1.8661240000000001
DD: 0.010055
DR: 0.32249700000000003
RR: 1.819672
DD: 0.010445
DR: 0.33278599999999997
RR: 2.026982
DD: 0.011248
DR: 0.364191
RR: 2.296979
DD: 0.011954999999999999
DR: 0.382167
RR: 2.284335
DD: 0.010891
DR: 0.348944
RR: 2.116553
DD: 0.010388
DR: 0.318866
RR: 1.869461
saved to _G20.5_rmin0.1_rmax25.0_nbins10_zmin3.0zmax4.6_Lmax-26.0_N14_Planck_MC_b30
Pixels masked by MC but not already by selfunc: 259
G20.5_zmin3.0zmax4.6_Lmax-27.0: 0.26              21433 vs 28981
/home/groups/tabel/mahlet/quaia-env/lib/python3.10/site-packages/Corrfunc/utils.py:918: UserWarning: One or more input array has non-native endianness!  A copy will be made with the correct endianness.
  warnings.warn("One or more input array has non-native endianness!  A copy will"\
DD: 0.0071979999999999995
DR: 0.20555900000000005
RR: 1.044025
DD: 0.007258
DR: 0.207977
RR: 1.054984
DD: 0.007547
DR: 0.218197
RR: 1.135194
DD: 0.008026
DR: 0.23335599999999998
RR: 1.240137
DD: 0.008173
DR: 0.234584
RR: 1.242397
DD: 0.007939
DR: 0.226629
RR: 1.185939
DD: 0.007365999999999999
DR: 0.21292300000000008
RR: 1.100677
DD: 0.007245
DR: 0.210637
RR: 1.077444
DD: 0.007266
DR: 0.20996599999999999
RR: 1.1294089999999999
DD: 0.007862
DR: 0.228207
RR: 1.212992
DD: 0.00817
DR: 0.236122
RR: 1.251449
DD: 0.008008
DR: 0.232593
RR: 1.248318
DD: 0.007427
DR: 0.21458900000000003
RR: 1.14067
DD: 0.007045999999999999
DR: 0.20560199999999998
RR: 1.061301
saved to _G20.5_rmin0.1_rmax25.0_nbins10_zmin3.0zmax4.6_Lmax-27.0_N14_Planck_MC_b30
done!
