Starting batch job

G20.5: computing wtheta in 10 bins from 0.1 to 25.0 on a log scale for 14 jackknife regions...

Pixels masked by MC but not already by selfunc: 0
G20.5_zmin0.0zmax1.0_Lmax-20.0: 0.67              108323 vs 324336
[Warning] The CPU supports AVX512F but the compiler does not.  Can you try another compiler?
/home/groups/tabel/mahlet/quaia-env/lib/python3.10/site-packages/Corrfunc/utils.py:918: UserWarning: One or more input array has non-native endianness!  A copy will be made with the correct endianness.
  warnings.warn("One or more input array has non-native endianness!  A copy will"\
DD: 0.089055
DR: 5.131968
RR: 58.234741
DD: 0.102448
DR: 5.827795
RR: 62.917033
DD: 0.12183899999999999
DR: 7.026011
RR: 77.914866
DD: 0.12376799999999999
DR: 7.211329
RR: 80.179231
DD: 0.12570399999999998
DR: 7.227382
RR: 80.340025
DD: 0.12243
DR: 7.008707
RR: 77.989168
DD: 0.10137299999999999
DR: 5.789779
RR: 65.466438
DD: 0.085232
DR: 4.825412
RR: 53.590029
DD: 0.094431
DR: 5.455028
RR: 63.960547
DD: 0.119839
DR: 6.995048
RR: 78.190944
DD: 0.12275599999999999
DR: 7.199684
RR: 79.749111
DD: 0.122361
DR: 7.172077
RR: 79.831584
DD: 0.11919500000000005
DR: 7.002646
RR: 77.126265
DD: 0.10405099999999999
DR: 6.004193
RR: 65.751165
saved to _G20.5_rmin0.1_rmax25.0_nbins10_zmin0.0zmax1.0_Lmax-20.0_N14_Planck_MC_b50
Pixels masked by MC but not already by selfunc: 0
G20.5_zmin0.0zmax1.0_Lmax-25.0: 0.76              13469 vs 55261
/home/groups/tabel/mahlet/quaia-env/lib/python3.10/site-packages/Corrfunc/utils.py:918: UserWarning: One or more input array has non-native endianness!  A copy will be made with the correct endianness.
  warnings.warn("One or more input array has non-native endianness!  A copy will"\
DD: 0.004286
DR: 0.131128
RR: 0.851352
DD: 0.004581
DR: 0.143349
RR: 0.954676
DD: 0.005147
DR: 0.168543
RR: 1.154749
DD: 0.005311
DR: 0.172654
RR: 1.188188
DD: 0.005776
DR: 0.176814
RR: 1.189939
DD: 0.0056689999999999996
DR: 0.171822
RR: 1.154087
DD: 0.004725
DR: 0.14326800000000006
RR: 0.975189
DD: 0.00473
DR: 0.13128099999999998
RR: 0.808414
DD: 0.004541
DR: 0.139979
RR: 0.931335
DD: 0.00517
DR: 0.17346499999999998
RR: 1.160061
DD: 0.005320999999999999
DR: 0.172177
RR: 1.190592
DD: 0.005639
DR: 0.176595
RR: 1.182946
DD: 0.005194
DR: 0.16855499999999998
RR: 1.153476
DD: 0.004901
DR: 0.152561
RR: 0.999442
saved to _G20.5_rmin0.1_rmax25.0_nbins10_zmin0.0zmax1.0_Lmax-25.0_N14_Planck_MC_b50
Pixels masked by MC but not already by selfunc: 0
G20.5_zmin0.0zmax1.0_Lmax-26.0: 0.79              2602 vs 12557
/home/groups/tabel/mahlet/quaia-env/lib/python3.10/site-packages/Corrfunc/utils.py:918: UserWarning: One or more input array has non-native endianness!  A copy will be made with the correct endianness.
  warnings.warn("One or more input array has non-native endianness!  A copy will"\
DD: 0.001215
DR: 0.020725
RR: 0.055964
DD: 0.001138
DR: 0.019896999999999998
RR: 0.062480999999999995
DD: 0.001233
DR: 0.023105999999999998
RR: 0.073892
DD: 0.001246
DR: 0.022777
RR: 0.077203
DD: 0.001237
DR: 0.022626
RR: 0.075504
DD: 0.001821
DR: 0.022299
RR: 0.07329
DD: 0.0011099999999999999
DR: 0.019023000000000012
RR: 0.065555
DD: 0.0010479999999999999
DR: 0.018286
RR: 0.053945
DD: 0.001098
DR: 0.019389999999999998
RR: 0.063495
DD: 0.0012309999999999999
DR: 0.022503
RR: 0.073679
DD: 0.001263
DR: 0.023268999999999998
RR: 0.075488
DD: 0.001235
DR: 0.022794
RR: 0.078401
DD: 0.001238
DR: 0.022476
RR: 0.073595
DD: 0.001197
DR: 0.020728
RR: 0.06379699999999999
saved to _G20.5_rmin0.1_rmax25.0_nbins10_zmin0.0zmax1.0_Lmax-26.0_N14_Planck_MC_b50
Pixels masked by MC but not already by selfunc: 0
G20.5_zmin0.0zmax1.0_Lmax-27.0: 0.85              295 vs 1922
/home/groups/tabel/mahlet/quaia-env/lib/python3.10/site-packages/Corrfunc/utils.py:918: UserWarning: One or more input array has non-native endianness!  A copy will be made with the correct endianness.
  warnings.warn("One or more input array has non-native endianness!  A copy will"\
DD: 0.000303
DR: 0.0028729999999999997
RR: 0.004343
DD: 0.000325
DR: 0.003166
RR: 0.004775
DD: 0.000355
DR: 0.0034709999999999997
RR: 0.005399999999999999
DD: 0.00035299999999999996
DR: 0.0035329999999999997
RR: 0.005523999999999999
DD: 0.000359
DR: 0.003596
RR: 0.005533
DD: 0.00035299999999999996
DR: 0.0034939999999999997
RR: 0.005471
DD: 0.00031099999999999997
DR: 0.003088
RR: 0.004615
DD: 0.000306
DR: 0.00299
RR: 0.004285
DD: 0.000334
DR: 0.00309
RR: 0.004621
DD: 0.000355
DR: 0.003473
RR: 0.005386999999999999
DD: 0.00035099999999999997
DR: 0.0035789999999999997
RR: 0.005521
DD: 0.000356
DR: 0.003607
RR: 0.0055179999999999995
DD: 0.000358
DR: 0.0035199999999999997
RR: 0.005429
DD: 0.00030399999999999996
DR: 0.0030269999999999997
RR: 0.0045579999999999996
saved to _G20.5_rmin0.1_rmax25.0_nbins10_zmin0.0zmax1.0_Lmax-27.0_N14_Planck_MC_b50
Pixels masked by MC but not already by selfunc: 0
G20.5_zmin1.0zmax2.0_Lmax-20.0: 0.65              226858 vs 648196
/home/groups/tabel/mahlet/quaia-env/lib/python3.10/site-packages/Corrfunc/utils.py:918: UserWarning: One or more input array has non-native endianness!  A copy will be made with the correct endianness.
  warnings.warn("One or more input array has non-native endianness!  A copy will"\
DD: 0.353511
DR: 21.924701
RR: 264.468624
DD: 0.397047
DR: 24.943417
RR: 286.984166
DD: 0.479197
DR: 30.201894
RR: 355.557617
DD: 0.491907
DR: 31.075406
RR: 366.083399
DD: 0.548625
DR: 31.213592
RR: 366.12926
DD: 0.47636100000000003
DR: 30.19713
RR: 356.253274
DD: 0.425852
DR: 24.957082
RR: 297.745655
DD: 0.330589
DR: 20.42873
RR: 243.006974
DD: 0.379523
DR: 23.641599
RR: 292.846425
DD: 0.503591
DR: 30.313935999999998
RR: 357.236643
DD: 0.489148
DR: 31.042565
RR: 366.289993
DD: 0.49179700000000004
DR: 31.033737
RR: 365.973509
DD: 0.478
DR: 30.169404
RR: 355.202781
DD: 0.446366
DR: 25.904712
RR: 302.686636
saved to _G20.5_rmin0.1_rmax25.0_nbins10_zmin1.0zmax2.0_Lmax-20.0_N14_Planck_MC_b50
Pixels masked by MC but not already by selfunc: 0
G20.5_zmin1.0zmax2.0_Lmax-25.0: 0.68              161893 vs 502242
/home/groups/tabel/mahlet/quaia-env/lib/python3.10/site-packages/Corrfunc/utils.py:918: UserWarning: One or more input array has non-native endianness!  A copy will be made with the correct endianness.
  warnings.warn("One or more input array has non-native endianness!  A copy will"\
DD: 0.18178700000000003
DR: 11.151515
RR: 132.056595
DD: 0.218142
DR: 12.743533
RR: 145.210959
DD: 0.27014699999999997
DR: 15.790535
RR: 181.540849
DD: 0.27264
DR: 16.226192
RR: 186.497124
DD: 0.271806
DR: 16.323633
RR: 188.271633
DD: 0.265405
DR: 16.088195
RR: 184.62415
DD: 0.222096
DR: 13.408533
RR: 154.351866
DD: 0.189906
DR: 11.034927
RR: 127.234946
DD: 0.214715
DR: 12.743446
RR: 151.162811
DD: 0.265962
DR: 16.112453
RR: 183.710229
DD: 0.27130200000000004
DR: 16.36045
RR: 188.347742
DD: 0.269039
DR: 16.246995
RR: 187.431217
DD: 0.263484
DR: 15.852293
RR: 182.877266
DD: 0.22816900000000007
DR: 13.734401
RR: 155.892759
saved to _G20.5_rmin0.1_rmax25.0_nbins10_zmin1.0zmax2.0_Lmax-25.0_N14_Planck_MC_b50
Pixels masked by MC but not already by selfunc: 0
G20.5_zmin1.0zmax2.0_Lmax-26.0: 0.73              50254 vs 185134
/home/groups/tabel/mahlet/quaia-env/lib/python3.10/site-packages/Corrfunc/utils.py:918: UserWarning: One or more input array has non-native endianness!  A copy will be made with the correct endianness.
  warnings.warn("One or more input array has non-native endianness!  A copy will"\
DD: 0.026038
DR: 1.246214
RR: 12.321433
DD: 0.028519
DR: 1.399489
RR: 13.488496
DD: 0.034415000000000084
DR: 1.6858870000000001
RR: 16.563333
DD: 0.034459
DR: 1.710804
RR: 17.176982
DD: 0.034231
DR: 1.758889
RR: 17.139421
DD: 0.033769
DR: 1.659469
RR: 16.631176
DD: 0.028038999999999998
DR: 1.4096600000000001
RR: 13.895479
DD: 0.025314999999999997
DR: 1.191941
RR: 11.591868999999999
DD: 0.027389999999999998
DR: 1.313003
RR: 13.913947
DD: 0.034239
DR: 1.6963110000000001
RR: 16.709142
DD: 0.034731
DR: 1.684122
RR: 17.069833
DD: 0.034175
DR: 1.741442
RR: 17.100377
DD: 0.033764999999999996
DR: 1.6478220000000001
RR: 16.57398
DD: 0.02939
DR: 1.4124430000000001
RR: 14.006863
saved to _G20.5_rmin0.1_rmax25.0_nbins10_zmin1.0zmax2.0_Lmax-26.0_N14_Planck_MC_b50
Pixels masked by MC but not already by selfunc: 0
G20.5_zmin1.0zmax2.0_Lmax-27.0: 0.77              9041 vs 38757
/home/groups/tabel/mahlet/quaia-env/lib/python3.10/site-packages/Corrfunc/utils.py:918: UserWarning: One or more input array has non-native endianness!  A copy will be made with the correct endianness.
  warnings.warn("One or more input array has non-native endianness!  A copy will"\
DD: 0.004246
DR: 0.07994799999999999
RR: 0.42208
DD: 0.003044
DR: 0.08548599999999999
RR: 0.478682
DD: 0.003931
DR: 0.09849000000000008
RR: 0.568843
DD: 0.003516
DR: 0.101557
RR: 0.5821240000000001
DD: 0.0038209999999999997
DR: 0.09898799999999999
RR: 0.575565
DD: 0.004031
DR: 0.097773
RR: 0.572139
DD: 0.003338
DR: 0.082576
RR: 0.47764199999999996
DD: 0.003593
DR: 0.075124
RR: 0.402448
DD: 0.004033999999999999
DR: 0.080784
RR: 0.45639799999999997
DD: 0.0040539999999999994
DR: 0.098603
RR: 0.5580849999999999
DD: 0.0034999999999999996
DR: 0.09945999999999999
RR: 0.591731
DD: 0.004229
DR: 0.102092
RR: 0.584615
DD: 0.003433
DR: 0.097234
RR: 0.573176
DD: 0.0030009999999999998
DR: 0.083034
RR: 0.4909180000000001
saved to _G20.5_rmin0.1_rmax25.0_nbins10_zmin1.0zmax2.0_Lmax-27.0_N14_Planck_MC_b50
Pixels masked by MC but not already by selfunc: 0
G20.5_zmin2.0zmax3.0_Lmax-20.0: 0.63              107434 vs 286508
/home/groups/tabel/mahlet/quaia-env/lib/python3.10/site-packages/Corrfunc/utils.py:918: UserWarning: One or more input array has non-native endianness!  A copy will be made with the correct endianness.
  warnings.warn("One or more input array has non-native endianness!  A copy will"\
DD: 0.095506
DR: 5.303455
RR: 57.605996
DD: 0.10810199999999999
DR: 5.837276
RR: 62.038346
DD: 0.12771
DR: 7.056798
RR: 76.706213
DD: 0.129099
DR: 7.230064
RR: 79.292321
DD: 0.12972699999999998
DR: 7.221527
RR: 79.203775
DD: 0.12641
DR: 7.01298
RR: 76.892609
DD: 0.109452
DR: 5.866473
RR: 64.194253
DD: 0.089121
DR: 4.833671
RR: 52.281285
DD: 0.101966
DR: 5.466438
RR: 62.367705
DD: 0.129319
DR: 7.012894
RR: 76.685678
DD: 0.13222599999999998
DR: 7.203435
RR: 78.240861
DD: 0.133824
DR: 7.146099
RR: 78.276317
DD: 0.12485299999999999
DR: 6.959145
RR: 75.936559
DD: 0.119984
DR: 6.107213
RR: 65.411639
saved to _G20.5_rmin0.1_rmax25.0_nbins10_zmin2.0zmax3.0_Lmax-20.0_N14_Planck_MC_b50
Pixels masked by MC but not already by selfunc: 0
G20.5_zmin2.0zmax3.0_Lmax-25.0: 0.63              107434 vs 286508
/home/groups/tabel/mahlet/quaia-env/lib/python3.10/site-packages/Corrfunc/utils.py:918: UserWarning: One or more input array has non-native endianness!  A copy will be made with the correct endianness.
  warnings.warn("One or more input array has non-native endianness!  A copy will"\
DD: 0.095687
DR: 5.252754
RR: 57.531141
DD: 0.106984
DR: 5.889444
RR: 62.120175
DD: 0.126657
DR: 7.077578
RR: 76.871505
DD: 0.130877
DR: 7.3291509999999995
RR: 79.580893
DD: 0.13
DR: 7.34169
RR: 79.230768
DD: 0.12622
DR: 7.084255
RR: 76.984266
DD: 0.1081
DR: 5.908992
RR: 64.324548
DD: 0.08874399999999999
DR: 4.891871
RR: 52.878095
DD: 0.103019
DR: 5.600844
RR: 62.978573
DD: 0.12745399999999998
DR: 7.119821
RR: 77.314417
DD: 0.129884
DR: 7.341662
RR: 79.076239
DD: 0.13025699999999998
DR: 7.300732
RR: 79.081922
DD: 0.129791
DR: 7.073029
RR: 76.248631
DD: 0.11351499999999999
DR: 6.140632
RR: 65.325088
saved to _G20.5_rmin0.1_rmax25.0_nbins10_zmin2.0zmax3.0_Lmax-25.0_N14_Planck_MC_b50
Pixels masked by MC but not already by selfunc: 0
G20.5_zmin2.0zmax3.0_Lmax-26.0: 0.64              93020 vs 259755
/home/groups/tabel/mahlet/quaia-env/lib/python3.10/site-packages/Corrfunc/utils.py:918: UserWarning: One or more input array has non-native endianness!  A copy will be made with the correct endianness.
  warnings.warn("One or more input array has non-native endianness!  A copy will"\
DD: 0.073978
DR: 3.918394
RR: 42.321585
DD: 0.080938
DR: 4.401827
RR: 45.891764
DD: 0.09913999999999999
DR: 5.27641
RR: 57.136765
DD: 0.09929099999999999
DR: 5.458308
RR: 58.372748
DD: 0.099504
DR: 5.460778
RR: 58.446235
DD: 0.09698599999999999
DR: 5.276135
RR: 55.80669
DD: 0.07997399999999999
DR: 4.278474
RR: 46.400989
DD: 0.067858
DR: 3.562682
RR: 38.264483
DD: 0.076721
DR: 4.093526
RR: 45.558332
DD: 0.094119
DR: 5.169098
RR: 55.89318
DD: 0.095689
DR: 5.270494
RR: 57.006033
DD: 0.096078
DR: 5.271352
RR: 56.898757
DD: 0.092928
DR: 5.132444
RR: 55.326989
DD: 0.08066
DR: 4.438302
RR: 47.233796
saved to _G20.5_rmin0.1_rmax25.0_nbins10_zmin2.0zmax3.0_Lmax-26.0_N14_Planck_MC_b50
Pixels masked by MC but not already by selfunc: 0
G20.5_zmin2.0zmax3.0_Lmax-27.0: 0.71              30074 vs 103123
/home/groups/tabel/mahlet/quaia-env/lib/python3.10/site-packages/Corrfunc/utils.py:918: UserWarning: One or more input array has non-native endianness!  A copy will be made with the correct endianness.
  warnings.warn("One or more input array has non-native endianness!  A copy will"\
DD: 0.011574
DR: 0.461418
RR: 3.952093
DD: 0.012303999999999999
DR: 0.5103139999999999
RR: 4.347866
DD: 0.014539
DR: 0.606956
RR: 5.300923
DD: 0.01456
DR: 0.615421
RR: 5.4450140000000005
DD: 0.015195
DR: 0.6357999999999999
RR: 5.43518
DD: 0.014513
DR: 0.602374
RR: 5.257168
DD: 0.01222
DR: 0.502998
RR: 4.41559
DD: 0.010818
DR: 0.444729
RR: 3.658112
DD: 0.012088
DR: 0.493077
RR: 4.340346
DD: 0.014525999999999999
DR: 0.603178
RR: 5.32337
DD: 0.015038999999999999
DR: 0.624627
RR: 5.455443
DD: 0.015146
DR: 0.624252
RR: 5.436976
DD: 0.014796
DR: 0.6117
RR: 5.288672
DD: 0.012811999999999999
DR: 0.522772
RR: 4.496716
saved to _G20.5_rmin0.1_rmax25.0_nbins10_zmin2.0zmax3.0_Lmax-27.0_N14_Planck_MC_b50
Pixels masked by MC but not already by selfunc: 0
G20.5_zmin3.0zmax4.6_Lmax-20.0: 0.60              14706 vs 36458
/home/groups/tabel/mahlet/quaia-env/lib/python3.10/site-packages/Corrfunc/utils.py:918: UserWarning: One or more input array has non-native endianness!  A copy will be made with the correct endianness.
  warnings.warn("One or more input array has non-native endianness!  A copy will"\
DD: 0.004755
DR: 0.118228
RR: 0.5995779999999999
DD: 0.004808
DR: 0.12664799999999998
RR: 0.6681630000000001
DD: 0.005352
DR: 0.148926
RR: 0.819264
DD: 0.00583
DR: 0.151785
RR: 0.829545
DD: 0.0058839999999999995
DR: 0.151191
RR: 0.830721
DD: 0.00567
DR: 0.148578
RR: 0.811716
DD: 0.00497
DR: 0.12494699999999999
RR: 0.686628
DD: 0.004415
DR: 0.109473
RR: 0.57639
DD: 0.004582
DR: 0.12115
RR: 0.6567540000000001
DD: 0.005722
DR: 0.14956999999999998
RR: 0.816577
DD: 0.005502
DR: 0.150801
RR: 0.839441
DD: 0.005719
DR: 0.153115
RR: 0.840515
DD: 0.00583
DR: 0.14863400000000004
RR: 0.8215399999999999
DD: 0.004758
DR: 0.12947999999999998
RR: 0.702469
saved to _G20.5_rmin0.1_rmax25.0_nbins10_zmin3.0zmax4.6_Lmax-20.0_N14_Planck_MC_b50
Pixels masked by MC but not already by selfunc: 0
G20.5_zmin3.0zmax4.6_Lmax-25.0: 0.60              14706 vs 36458
/home/groups/tabel/mahlet/quaia-env/lib/python3.10/site-packages/Corrfunc/utils.py:918: UserWarning: One or more input array has non-native endianness!  A copy will be made with the correct endianness.
  warnings.warn("One or more input array has non-native endianness!  A copy will"\
DD: 0.004755
DR: 0.11885499999999999
RR: 0.605484
DD: 0.0051589999999999995
DR: 0.12781
RR: 0.6831210000000001
DD: 0.005729
DR: 0.147897
RR: 0.82143
DD: 0.005762
DR: 0.151352
RR: 0.832371
DD: 0.0058249999999999994
DR: 0.151689
RR: 0.835176
DD: 0.005817999999999999
DR: 0.147605
RR: 0.8076760000000001
DD: 0.004853
DR: 0.125936
RR: 0.6903619999999999
DD: 0.004431
DR: 0.10857
RR: 0.5570189999999999
DD: 0.004523
DR: 0.119541
RR: 0.655053
DD: 0.005663
DR: 0.147624
RR: 0.812516
DD: 0.005842
DR: 0.151585
RR: 0.848877
DD: 0.005705
DR: 0.15114800000000006
RR: 0.847861
DD: 0.006037
DR: 0.148854
RR: 0.816524
DD: 0.0048189999999999995
DR: 0.128746
RR: 0.7120310000000001
saved to _G20.5_rmin0.1_rmax25.0_nbins10_zmin3.0zmax4.6_Lmax-25.0_N14_Planck_MC_b50
Pixels masked by MC but not already by selfunc: 0
G20.5_zmin3.0zmax4.6_Lmax-26.0: 0.60              14706 vs 36458
/home/groups/tabel/mahlet/quaia-env/lib/python3.10/site-packages/Corrfunc/utils.py:918: UserWarning: One or more input array has non-native endianness!  A copy will be made with the correct endianness.
  warnings.warn("One or more input array has non-native endianness!  A copy will"\
DD: 0.004745
DR: 0.118
RR: 0.6077170000000001
DD: 0.004879
DR: 0.127277
RR: 0.682776
DD: 0.005741
DR: 0.149007
RR: 0.8191740000000001
DD: 0.005866
DR: 0.152743
RR: 0.833512
DD: 0.005506
DR: 0.151579
RR: 0.8437279999999999
DD: 0.005425999999999999
DR: 0.14776
RR: 0.8097869999999999
DD: 0.0049
DR: 0.12436399999999999
RR: 0.67979
DD: 0.004541
DR: 0.109512
RR: 0.5651149999999999
DD: 0.004732999999999999
DR: 0.120151
RR: 0.644569
DD: 0.005775
DR: 0.148189
RR: 0.8159369999999999
DD: 0.005919
DR: 0.15199800000000008
RR: 0.830044
DD: 0.005941
DR: 0.15318299999999999
RR: 0.835917
DD: 0.005802
DR: 0.150151
RR: 0.81899
DD: 0.00498
DR: 0.129621
RR: 0.710453
saved to _G20.5_rmin0.1_rmax25.0_nbins10_zmin3.0zmax4.6_Lmax-26.0_N14_Planck_MC_b50
Pixels masked by MC but not already by selfunc: 0
G20.5_zmin3.0zmax4.6_Lmax-27.0: 0.63              10601 vs 28981
/home/groups/tabel/mahlet/quaia-env/lib/python3.10/site-packages/Corrfunc/utils.py:918: UserWarning: One or more input array has non-native endianness!  A copy will be made with the correct endianness.
  warnings.warn("One or more input array has non-native endianness!  A copy will"\
DD: 0.003385
DR: 0.074098
RR: 0.329461
DD: 0.003594
DR: 0.08002500000000001
RR: 0.36791799999999997
DD: 0.004036
DR: 0.09289
RR: 0.44166800000000006
DD: 0.004031
DR: 0.093863
RR: 0.453156
DD: 0.004023
DR: 0.09383799999999999
RR: 0.45170099999999996
DD: 0.003942
DR: 0.09200599999999999
RR: 0.4369350000000001
DD: 0.003431
DR: 0.077841
RR: 0.37551599999999996
DD: 0.003176
DR: 0.06955499999999999
RR: 0.310373
DD: 0.003173
DR: 0.07571499999999999
RR: 0.359114
DD: 0.0037199999999999998
DR: 0.09167499999999999
RR: 0.44499299999999997
DD: 0.003971
DR: 0.093637
RR: 0.450376
DD: 0.003938
DR: 0.093735
RR: 0.44876299999999997
DD: 0.003942
DR: 0.092261
RR: 0.44582299999999997
DD: 0.003395
DR: 0.079502
RR: 0.38434900000000005
saved to _G20.5_rmin0.1_rmax25.0_nbins10_zmin3.0zmax4.6_Lmax-27.0_N14_Planck_MC_b50
done!
