Starting batch job

G20.5: computing wtheta in 20 bins from 0.001 to 10.0 on a log scale for 50 jackknife regions...

Pixels masked by MC but not already by selfunc: 3194
G20.5_zmin0.0zmax1.0_Lmax-20.0: 0.03              315069 vs 324336
/home/groups/tabel/mahlet/quaia-env/lib/python3.10/site-packages/Corrfunc/utils.py:918: UserWarning: One or more input array has non-native endianness!  A copy will be made with the correct endianness.
  warnings.warn("One or more input array has non-native endianness!  A copy will"\
DD: 0.17227499999999998
DR: 7.656783
RR: 66.209801
DD: 0.169011
DR: 7.66713
RR: 65.993195
DD: 0.172651
DR: 7.653865
RR: 65.861784
DD: 0.167568
DR: 7.507242
RR: 65.714385
DD: 0.170952
DR: 7.556169
RR: 65.864693
DD: 0.169951
DR: 7.660488
RR: 66.467933
DD: 0.17193899999999998
DR: 7.6194880000000005
RR: 66.890832
DD: 0.173407
DR: 7.619449
RR: 66.656692
DD: 0.174039
DR: 7.752966
RR: 66.970292
DD: 0.17299899999999999
DR: 7.802183
RR: 67.190838
DD: 0.17461100000000007
DR: 7.6820129999999995
RR: 67.025841
DD: 0.17596799999999999
DR: 7.76548
RR: 67.506201
DD: 0.173451
DR: 7.770783
RR: 67.94015
DD: 0.17333900000000002
DR: 7.751043
RR: 68.19346
DD: 0.170293
DR: 7.879841
RR: 67.711874
DD: 0.174732
DR: 7.767599
RR: 67.592277
DD: 0.17093200000000008
DR: 7.651451
RR: 66.938928
DD: 0.170825
DR: 7.611351
RR: 66.818165
DD: 0.16974599999999998
DR: 7.630211
RR: 66.521904
DD: 0.16871799999999998
DR: 7.579207
RR: 66.189281
DD: 0.168328
DR: 7.637159
RR: 66.274107
DD: 0.16752799999999998
DR: 7.625062
RR: 66.050177
DD: 0.16952699999999998
DR: 7.6324179999999995
RR: 65.934702
DD: 0.170142
DR: 7.526431
RR: 65.865794
DD: 0.16797299999999998
DR: 7.648948
RR: 65.345474
DD: 0.17011500000000002
DR: 7.560925
RR: 66.119123
DD: 0.170585
DR: 7.634476
RR: 66.044374
DD: 0.168726
DR: 7.51572
RR: 66.130452
DD: 0.17046300000000003
DR: 7.60213
RR: 66.258679
DD: 0.17294299999999999
DR: 7.635579
RR: 65.882316
DD: 0.171677
DR: 7.631356
RR: 66.213598
DD: 0.170407
DR: 7.619442
RR: 66.323022
DD: 0.170405
DR: 7.647304
RR: 66.49105
DD: 0.17086900000000005
DR: 7.639493
RR: 66.581235
DD: 0.169883
DR: 7.692539
RR: 66.893018
DD: 0.17360599999999998
DR: 7.724508
RR: 67.292812
DD: 0.171172
DR: 7.755426
RR: 67.582762
DD: 0.17517700000000003
DR: 7.791717
RR: 67.51854
DD: 0.172158
DR: 7.723313
RR: 67.718418
DD: 0.173213
DR: 7.861973
RR: 68.62303
DD: 0.172736
DR: 7.833035
RR: 68.253049
DD: 0.173288
DR: 7.793413
RR: 67.859106
DD: 0.172315
DR: 7.690834
RR: 67.385485
DD: 0.17157100000000003
DR: 7.745975
RR: 66.668186
DD: 0.16997400000000007
DR: 7.591027
RR: 66.322071
DD: 0.172375
DR: 7.546206
RR: 66.035812
DD: 0.16980599999999998
DR: 7.5936
RR: 65.836598
DD: 0.1701910000000001
DR: 7.60743
RR: 65.813788
DD: 0.16860699999999998
DR: 7.597296
RR: 64.970815
DD: 0.166219
DR: 7.351847
RR: 65.206167
saved to _G20.5_rmin0.001_rmax10.0_nbins20_zmin0.0zmax1.0_Lmax-20.0_N50_Planck_MC_b10
Pixels masked by MC but not already by selfunc: 633
G20.5_zmin0.0zmax1.0_Lmax-25.0: 0.07              51585 vs 55261
/home/groups/tabel/mahlet/quaia-env/lib/python3.10/site-packages/Corrfunc/utils.py:918: UserWarning: One or more input array has non-native endianness!  A copy will be made with the correct endianness.
  warnings.warn("One or more input array has non-native endianness!  A copy will"\
DD: 0.017908999999999998
DR: 0.788581
RR: 2.064268
DD: 0.029453
DR: 0.794243
RR: 2.052265
DD: 0.019301
DR: 0.507699
RR: 1.7808760000000001
DD: 0.01996
DR: 0.509089
RR: 1.807452
DD: 0.019999
DR: 0.505034
RR: 1.780157
DD: 0.019282
DR: 0.5117590000000001
RR: 1.76959
DD: 0.021405999999999998
DR: 0.507873
RR: 1.7935599999999998
DD: 0.020503
DR: 0.49504500000000007
RR: 1.784541
DD: 0.020659
DR: 0.5035620000000001
RR: 1.765006
DD: 0.021723
DR: 0.510242
RR: 1.774914
DD: 0.021179999999999997
DR: 0.503669
RR: 1.792364
DD: 0.021075999999999998
DR: 0.503834
RR: 1.7818429999999998
DD: 0.021006
DR: 0.49671099999999996
RR: 1.7873700000000001
DD: 0.029605
DR: 0.787701
RR: 2.055083
DD: 0.021086
DR: 0.516513
RR: 1.814415
DD: 0.021838
DR: 0.514399
RR: 1.81914
DD: 0.021856
DR: 0.517648
RR: 1.8018
DD: 0.019521999999999998
DR: 0.5093840000000001
RR: 1.826982
DD: 0.021856
DR: 0.511996
RR: 1.7757640000000001
DD: 0.019878
DR: 0.504616
RR: 1.783321
DD: 0.021233
DR: 0.511312
RR: 1.787501
DD: 0.019547
DR: 0.508873
RR: 1.767738
DD: 0.01959
DR: 0.511791
RR: 1.786071
DD: 0.019594
DR: 0.5084230000000001
RR: 1.754286
DD: 0.018799
DR: 0.504975
RR: 1.772243
DD: 0.018677
DR: 0.503548
RR: 1.773755
DD: 0.018793
DR: 0.506589
RR: 1.775842
DD: 0.018302
DR: 0.496349
RR: 1.779486
DD: 0.01868
DR: 0.510382
RR: 1.758587
DD: 0.017946999999999998
DR: 0.500872
RR: 1.764998
DD: 0.021460999999999997
DR: 0.496878
RR: 1.748807
DD: 0.017991
DR: 0.496065
RR: 1.762587
DD: 0.020328
DR: 0.496826
RR: 1.746488
DD: 0.018262999999999998
DR: 0.496718
RR: 1.778349
DD: 0.018283999999999998
DR: 0.507576
RR: 1.765512
DD: 0.018619
DR: 0.496221
RR: 1.767406
DD: 0.018369
DR: 0.508533
RR: 1.796618
DD: 0.020746999999999998
DR: 0.5088619999999999
RR: 1.805547
DD: 0.01851
DR: 0.508488
RR: 1.783511
DD: 0.01831
DR: 0.504301
RR: 1.7789679999999999
DD: 0.0182500000000001
DR: 0.507309
RR: 1.775842
DD: 0.017995999999999998
DR: 0.495734
RR: 1.784297
DD: 0.018411
DR: 0.499229
RR: 1.767031
DD: 0.01771300000000009
DR: 0.49534200000000006
RR: 1.784516
DD: 0.017485999999999998
DR: 0.49336
RR: 1.799151
DD: 0.02983
DR: 0.782621
RR: 2.05152
DD: 0.019094
DR: 0.505456
RR: 1.775743
DD: 0.018768
DR: 0.500639
RR: 1.783269
DD: 0.01954
DR: 0.509148
RR: 1.762603
DD: 0.019008999999999998
DR: 0.497629
RR: 1.775769
saved to _G20.5_rmin0.001_rmax10.0_nbins20_zmin0.0zmax1.0_Lmax-25.0_N50_Planck_MC_b10
Pixels masked by MC but not already by selfunc: 161
G20.5_zmin0.0zmax1.0_Lmax-26.0: 0.09              11374 vs 12557
/home/groups/tabel/mahlet/quaia-env/lib/python3.10/site-packages/Corrfunc/utils.py:918: UserWarning: One or more input array has non-native endianness!  A copy will be made with the correct endianness.
  warnings.warn("One or more input array has non-native endianness!  A copy will"\
DD: 0.006749
DR: 0.08637099999999999
RR: 0.222018
DD: 0.011361
DR: 0.150705
RR: 0.22499400000000003
DD: 0.011354999999999999
DR: 0.153387
RR: 0.22370199999999998
DD: 0.011151
DR: 0.154812
RR: 0.22553099999999998
DD: 0.01138
DR: 0.154886
RR: 0.225717
DD: 0.011184999999999999
DR: 0.152698
RR: 0.22336299999999998
DD: 0.011127999999999999
DR: 0.151804
RR: 0.222741
DD: 0.011094999999999999
DR: 0.15268199999999998
RR: 0.22225899999999998
DD: 0.011059
DR: 0.153112
RR: 0.223997
DD: 0.011118
DR: 0.157101
RR: 0.22328699999999999
DD: 0.011163
DR: 0.15485400000000005
RR: 0.220942
DD: 0.01115
DR: 0.154743
RR: 0.22422299999999998
DD: 0.008067999999999999
DR: 0.090876
RR: 0.166936
DD: 0.00743
DR: 0.09253900000000004
RR: 0.167767
DD: 0.007742
DR: 0.092718
RR: 0.167394
DD: 0.007573
DR: 0.09034400000000009
RR: 0.165204
DD: 0.007586
DR: 0.089608
RR: 0.164035
DD: 0.007496999999999999
DR: 0.089001
RR: 0.166275
DD: 0.007548999999999999
DR: 0.089282
RR: 0.163608
DD: 0.007626999999999999
DR: 0.08875600000000006
RR: 0.164249
DD: 0.007574
DR: 0.087986
RR: 0.162638
DD: 0.007431999999999999
DR: 0.08842000000000005
RR: 0.163563
DD: 0.007483999999999999
DR: 0.087959
RR: 0.170981
DD: 0.009342
DR: 0.09046900000000002
RR: 0.165962
DD: 0.007377
DR: 0.08874
RR: 0.16325699999999999
DD: 0.007487
DR: 0.09378700000000006
RR: 0.166406
DD: 0.007568999999999999
DR: 0.090821
RR: 0.16527699999999998
DD: 0.007691
DR: 0.09000700000000006
RR: 0.16464099999999998
DD: 0.007605
DR: 0.08952
RR: 0.16447799999999999
DD: 0.007435
DR: 0.08865200000000006
RR: 0.162967
DD: 0.0074789999999999995
DR: 0.088368
RR: 0.16070299999999998
DD: 0.007442
DR: 0.08748100000000003
RR: 0.160929
DD: 0.007267999999999999
DR: 0.08850999999999999
RR: 0.16383599999999998
DD: 0.007441
DR: 0.08822600000000003
RR: 0.16396
DD: 0.007434
DR: 0.09204
RR: 0.16317399999999999
DD: 0.007344
DR: 0.08923000000000003
RR: 0.164292
DD: 0.007626999999999999
DR: 0.089221
RR: 0.165322
DD: 0.007490999999999999
DR: 0.08815700000000004
RR: 0.163813
DD: 0.007547
DR: 0.08954899999999999
RR: 0.16505599999999998
DD: 0.007383
DR: 0.0888500000000001
RR: 0.166771
DD: 0.007565
DR: 0.09240799999999999
RR: 0.16327
DD: 0.0073549999999999996
DR: 0.08737300000000003
RR: 0.165979
DD: 0.0076159999999999995
DR: 0.08999
RR: 0.16555699999999998
DD: 0.0075239999999999994
DR: 0.09006200000000009
RR: 0.164979
DD: 0.007391999999999999
DR: 0.090516
RR: 0.163985
DD: 0.00752
DR: 0.08962300000000001
RR: 0.16461299999999998
DD: 0.007376
DR: 0.08852499999999999
RR: 0.163602
DD: 0.007514
DR: 0.08932499999999999
RR: 0.163096
DD: 0.007396
DR: 0.088137
RR: 0.162627
DD: 0.00747
DR: 0.08777900000000005
RR: 0.16328099999999998
saved to _G20.5_rmin0.001_rmax10.0_nbins20_zmin0.0zmax1.0_Lmax-26.0_N50_Planck_MC_b10
Pixels masked by MC but not already by selfunc: 47
G20.5_zmin0.0zmax1.0_Lmax-27.0: 0.13              1666 vs 1922
/home/groups/tabel/mahlet/quaia-env/lib/python3.10/site-packages/Corrfunc/utils.py:918: UserWarning: One or more input array has non-native endianness!  A copy will be made with the correct endianness.
  warnings.warn("One or more input array has non-native endianness!  A copy will"\
DD: 0.002371
DR: 0.017831
RR: 0.020198999999999998
DD: 0.002525
DR: 0.01884
RR: 0.020357
DD: 0.002582
DR: 0.01909
RR: 0.020451999999999998
DD: 0.00257
DR: 0.019379
RR: 0.020481
DD: 0.002594
DR: 0.019511999999999998
RR: 0.020541999999999998
DD: 0.002562
DR: 0.019077999999999998
RR: 0.020375
DD: 0.002572
DR: 0.018996
RR: 0.020449
DD: 0.0025559999999999997
DR: 0.019208
RR: 0.020412
DD: 0.002595
DR: 0.019219999999999998
RR: 0.020435
DD: 0.0025269999999999997
DR: 0.019212
RR: 0.020332
DD: 0.002585
DR: 0.019254
RR: 0.020243
DD: 0.002558
DR: 0.019153
RR: 0.020284999999999997
DD: 0.00262
DR: 0.019417
RR: 0.020079
DD: 0.002547
DR: 0.019136999999999998
RR: 0.020364
DD: 0.002582
DR: 0.019247999999999998
RR: 0.020118
DD: 0.002568
DR: 0.019103
RR: 0.020291999999999998
DD: 0.002568
DR: 0.019315
RR: 0.02009
DD: 0.002585
DR: 0.019157999999999998
RR: 0.020274999999999998
DD: 0.0025599999999999998
DR: 0.019198
RR: 0.020137
DD: 0.002567
DR: 0.018986
RR: 0.02021
DD: 0.002533
DR: 0.018963999999999998
RR: 0.019769
DD: 0.002516
DR: 0.018756
RR: 0.020281
DD: 0.002565
DR: 0.019074999999999998
RR: 0.020041
DD: 0.002571
DR: 0.018833
RR: 0.020259
DD: 0.002559
DR: 0.019167
RR: 0.019877
DD: 0.002581
DR: 0.019018
RR: 0.020139
DD: 0.0025759999999999997
DR: 0.019122999999999998
RR: 0.01999
DD: 0.002539
DR: 0.018969
RR: 0.020201999999999998
DD: 0.002547
DR: 0.018778
RR: 0.020023
DD: 0.0025239999999999998
DR: 0.01885900000000007
RR: 0.020051
DD: 0.0025559999999999997
DR: 0.019129
RR: 0.019878
DD: 0.0025599999999999998
DR: 0.018806
RR: 0.020141
DD: 0.002532
DR: 0.019202999999999998
RR: 0.020014
DD: 0.002523
DR: 0.01874
RR: 0.020236999999999998
DD: 0.0025039999999999997
DR: 0.018989
RR: 0.020066999999999998
DD: 0.002546
DR: 0.018907999999999998
RR: 0.020194
DD: 0.002549
DR: 0.01917
RR: 0.020075
DD: 0.0025629999999999997
DR: 0.018841999999999998
RR: 0.020309999999999998
DD: 0.002571
DR: 0.019105999999999998
RR: 0.020041
DD: 0.0025789999999999997
DR: 0.018942
RR: 0.020038
DD: 0.002567
DR: 0.019142
RR: 0.02012
DD: 0.002545
DR: 0.018888
RR: 0.020179000000000058
DD: 0.002476
DR: 0.01903
RR: 0.019929
DD: 0.0025499999999999997
DR: 0.018734
RR: 0.020044
DD: 0.002522
DR: 0.019042999999999997
RR: 0.019986999999999998
DD: 0.002542
DR: 0.018789
RR: 0.019826999999999997
DD: 0.00257
DR: 0.018722
RR: 0.019649
DD: 0.002487
DR: 0.018522999999999998
RR: 0.019802999999999998
DD: 0.0048259999999999996
DR: 0.018947
RR: 0.019976
DD: 0.002463
DR: 0.018487999999999997
RR: 0.01987
/oak/stanford/orgs/kipac/users/mahlet/quaia_bias/scripts/jackknife.py:218: RuntimeWarning: Mean of empty slice
  cf_mean = np.nanmean(cf_jackknife, axis = 0)  # is it ok to ignore nan values?
saved to _G20.5_rmin0.001_rmax10.0_nbins20_zmin0.0zmax1.0_Lmax-27.0_N50_Planck_MC_b10
Pixels masked by MC but not already by selfunc: 6208
G20.5_zmin1.0zmax2.0_Lmax-20.0: 0.02              634551 vs 648196
/home/groups/tabel/mahlet/quaia-env/lib/python3.10/site-packages/Corrfunc/utils.py:918: UserWarning: One or more input array has non-native endianness!  A copy will be made with the correct endianness.
  warnings.warn("One or more input array has non-native endianness!  A copy will"\
DD: 0.518788
DR: 30.545479
RR: 286.122034
DD: 0.525924
DR: 27.260952
RR: 282.974647
DD: 0.522381
DR: 29.844661
RR: 290.340741
DD: 0.526756
DR: 27.312962
RR: 282.103188
DD: 0.516397
DR: 27.334341
RR: 286.064521
DD: 0.532725
DR: 27.178728
RR: 283.442797
DD: 0.5200739999999999
DR: 27.308858999999998
RR: 286.972629
DD: 0.5277229999999999
DR: 27.634134
RR: 289.83421
DD: 0.537049
DR: 27.909462
RR: 290.858426
DD: 0.533
DR: 29.448152
RR: 291.995078
DD: 0.537061
DR: 27.987581
RR: 294.880004
DD: 0.549543
DR: 28.048619
RR: 295.501293
DD: 0.540096
DR: 28.096888
RR: 294.693852
DD: 0.539828
DR: 28.305637
RR: 292.975671
DD: 0.5433330000000001
DR: 27.997708
RR: 293.003515
DD: 0.5380020000000001
DR: 27.891354
RR: 293.009524
DD: 0.5355639999999999
DR: 27.815663
RR: 287.545062
DD: 0.5293570000000001
DR: 27.564882
RR: 288.078377
DD: 0.5319
DR: 27.680875
RR: 285.904246
DD: 0.5244019999999999
DR: 27.303932
RR: 285.175515
DD: 0.5240279999999999
DR: 27.220416
RR: 284.307224
DD: 0.524482
DR: 27.227774
RR: 281.647954
DD: 0.513497
DR: 26.681204
RR: 277.64288
DD: 0.5083610000000001
DR: 26.469463
RR: 278.517374
DD: 0.510616
DR: 27.451368
RR: 279.586213
DD: 0.5121720000000001
DR: 26.72404
RR: 281.835661
DD: 0.532505
DR: 30.112761
RR: 282.401022
DD: 0.522872
DR: 27.166239
RR: 281.300641
DD: 0.5140629999999999
DR: 27.045876
RR: 281.279261
DD: 0.523505
DR: 26.925899
RR: 271.759779
DD: 0.570301
DR: 21.188358
RR: 226.633328
DD: 0.562621
DR: 25.211097
RR: 232.962694
DD: 0.47135299999999997
DR: 22.456974
RR: 227.877878
DD: 0.489326
DR: 22.387121
RR: 227.756929
DD: 0.47648199999999996
DR: 22.339541
RR: 229.217638
DD: 0.584118
DR: 22.342837
RR: 229.636194
DD: 0.476753
DR: 22.553921
RR: 231.384512
DD: 0.48112099999999997
DR: 22.756095
RR: 233.523555
DD: 0.477858
DR: 22.915934
RR: 232.988427
DD: 0.48447199999999996
DR: 22.835969
RR: 238.620975
DD: 0.498142
DR: 23.167585
RR: 236.237412
DD: 0.476977
DR: 22.911444
RR: 234.486438
DD: 0.477502
DR: 22.902583
RR: 232.450903
DD: 0.47906899999999997
DR: 22.22362
RR: 232.372221
DD: 0.48319599999999996
DR: 22.56249
RR: 226.872338
DD: 0.483369
DR: 22.239542
RR: 223.611508
DD: 0.455501
DR: 21.728393
RR: 222.159682
DD: 0.474844
DR: 22.001917
RR: 222.720882
DD: 0.46893799999999997
DR: 22.006458
RR: 225.215575
DD: 0.47541
DR: 22.393398
RR: 227.922318
saved to _G20.5_rmin0.001_rmax10.0_nbins20_zmin1.0zmax2.0_Lmax-20.0_N50_Planck_MC_b10
Pixels masked by MC but not already by selfunc: 5036
G20.5_zmin1.0zmax2.0_Lmax-25.0: 0.02              490111 vs 502242
/home/groups/tabel/mahlet/quaia-env/lib/python3.10/site-packages/Corrfunc/utils.py:918: UserWarning: One or more input array has non-native endianness!  A copy will be made with the correct endianness.
  warnings.warn("One or more input array has non-native endianness!  A copy will"\
DD: 0.30678099999999997
DR: 13.520696
RR: 129.500058
DD: 0.300039
DR: 13.276734
RR: 128.038414
DD: 0.30411
DR: 13.494045
RR: 128.762032
DD: 0.274424
DR: 13.498777
RR: 128.405361
DD: 0.29656299999999997
DR: 13.437585
RR: 128.19481
DD: 0.305572
DR: 13.233088
RR: 126.422595
DD: 0.28985299999999997
DR: 13.500398
RR: 128.122853
DD: 0.30263999999999996
DR: 13.514047
RR: 128.47999
DD: 0.27422799999999997
DR: 13.720355
RR: 128.312889
DD: 0.305652
DR: 13.218491
RR: 125.321782
DD: 0.30393899999999996
DR: 13.22472
RR: 125.315611
DD: 0.305703
DR: 13.32576
RR: 125.862666
DD: 0.355106
DR: 13.311878
RR: 127.343788
DD: 0.302076
DR: 13.351264
RR: 126.298969
DD: 0.30683699999999997
DR: 13.335215
RR: 126.094275
DD: 0.302556
DR: 13.222074
RR: 125.38236
DD: 0.30457
DR: 13.194389
RR: 125.877239
DD: 0.300362
DR: 13.114124
RR: 124.526687
DD: 0.28646499999999997
DR: 13.146563
RR: 123.19965
DD: 0.28632100000000005
DR: 12.967078
RR: 122.495861
DD: 0.291308
DR: 13.12408
RR: 122.040845
DD: 0.324488
DR: 12.991711
RR: 121.646277
DD: 0.32749
DR: 12.943941
RR: 121.87229
DD: 0.298209
DR: 13.026046000000001
RR: 121.937352
DD: 0.290494
DR: 12.904566
RR: 122.390978
DD: 0.30308999999999997
DR: 12.994963
RR: 121.708689
DD: 0.344846
DR: 12.922558
RR: 122.007019
DD: 0.29308500000000004
DR: 12.931746
RR: 121.93242
DD: 0.290974
DR: 12.860012
RR: 121.638715
DD: 0.30867600000000006
DR: 12.976457
RR: 121.345778
DD: 0.28781799999999996
DR: 12.988853
RR: 121.922962
DD: 0.29037
DR: 13.009412
RR: 140.670429
DD: 0.29632500000000006
DR: 17.456205
RR: 168.125343
DD: 0.349384
DR: 17.218925
RR: 161.993981
DD: 0.35485900000000004
DR: 17.282732
RR: 150.134789
DD: 0.37031100000000006
DR: 19.302794
RR: 150.667502
DD: 0.29752799999999996
DR: 18.569117
RR: 147.374807
DD: 0.29683100000000007
DR: 13.228067
RR: 125.91033
DD: 0.298493
DR: 13.227149
RR: 125.938694
DD: 0.268439
DR: 13.124774
RR: 125.316148
DD: 0.304346
DR: 13.336763
RR: 125.294242
DD: 0.310336
DR: 13.735842
RR: 128.275245
DD: 0.306014
DR: 13.366805
RR: 126.376914
DD: 0.307493
DR: 13.246938
RR: 124.184686
DD: 0.29810800000000004
DR: 13.180191
RR: 122.925014
DD: 0.26264699999999996
DR: 13.107209
RR: 122.449307
DD: 0.295883
DR: 13.086287
RR: 122.133613
DD: 0.30218
DR: 12.995361
RR: 122.34425
DD: 0.294997
DR: 13.033136
RR: 122.482348
DD: 0.29561499999999996
DR: 13.037536
RR: 122.249265
saved to _G20.5_rmin0.001_rmax10.0_nbins20_zmin1.0zmax2.0_Lmax-25.0_N50_Planck_MC_b10
Pixels masked by MC but not already by selfunc: 2041
G20.5_zmin1.0zmax2.0_Lmax-26.0: 0.04              178398 vs 185134
/home/groups/tabel/mahlet/quaia-env/lib/python3.10/site-packages/Corrfunc/utils.py:918: UserWarning: One or more input array has non-native endianness!  A copy will be made with the correct endianness.
  warnings.warn("One or more input array has non-native endianness!  A copy will"\
DD: 0.063112
DR: 2.4277509999999998
RR: 14.902667
DD: 0.059786
DR: 2.4383369999999998
RR: 14.935015
DD: 0.062733
DR: 2.416493
RR: 14.896083
DD: 0.05885800000000008
DR: 2.4425090000000003
RR: 14.943895
DD: 0.06815399999999999
DR: 2.419481
RR: 14.974489
DD: 0.063051
DR: 2.409759
RR: 14.877008
DD: 0.058959000000000095
DR: 2.440016
RR: 14.829514
DD: 0.060812
DR: 2.436503
RR: 14.87781
DD: 0.061132
DR: 2.450953
RR: 14.977203
DD: 0.06830900000000006
DR: 2.4552899999999998
RR: 15.072139
DD: 0.061591999999999994
DR: 2.4396430000000002
RR: 15.100786
DD: 0.061313
DR: 2.4294599999999997
RR: 15.039418
DD: 0.06643299999999999
DR: 2.452865
RR: 15.211386
DD: 0.066233
DR: 2.43884
RR: 15.158787
DD: 0.061471
DR: 2.434547
RR: 15.088559
DD: 0.064945
DR: 2.456005
RR: 15.129797
DD: 0.070316
DR: 2.44271
RR: 14.887851
DD: 0.061591
DR: 2.437762
RR: 15.035409
DD: 0.058799
DR: 2.436349
RR: 15.107348
DD: 0.062160999999999994
DR: 2.446478
RR: 15.030589
DD: 0.062435
DR: 2.454364
RR: 15.001916
DD: 0.061772
DR: 2.430363
RR: 14.944956
DD: 0.062439999999999996
DR: 2.440878
RR: 15.013386
DD: 0.061121999999999996
DR: 2.442285
RR: 15.047921
DD: 0.062536
DR: 2.434925
RR: 14.937773
DD: 0.058564
DR: 2.425593
RR: 14.893454
DD: 0.05865
DR: 2.4427659999999998
RR: 14.960435
DD: 0.060689
DR: 2.421895
RR: 14.968063
DD: 0.060544999999999995
DR: 2.414897
RR: 15.046153
DD: 0.062252999999999996
DR: 2.448531
RR: 15.003162
DD: 0.061055
DR: 2.404524
RR: 14.906059
DD: 0.059593999999999994
DR: 2.423007
RR: 14.720309
DD: 0.060955999999999996
DR: 2.421744
RR: 14.87617
DD: 0.062123
DR: 2.430449
RR: 14.919198
DD: 0.061613999999999995
DR: 2.4390359999999998
RR: 14.962774
DD: 0.06666899999999999
DR: 2.457156
RR: 15.074028
DD: 0.061972
DR: 2.43423
RR: 15.096165
DD: 0.063523
DR: 2.439044
RR: 15.088615
DD: 0.062725
DR: 2.457005
RR: 15.124712
DD: 0.061505
DR: 2.448047
RR: 14.936675
DD: 0.062007
DR: 2.4361319999999997
RR: 15.181184
DD: 0.0662
DR: 2.482811
RR: 15.05265
DD: 0.058684999999999994
DR: 2.43813
RR: 14.996163
DD: 0.06010700000000002
DR: 2.439909
RR: 15.023765
DD: 0.059229
DR: 2.439651
RR: 14.83321
DD: 0.059215
DR: 2.42117
RR: 14.925501
DD: 0.060416000000000025
DR: 2.417465
RR: 14.847629
DD: 0.058667
DR: 2.527254
RR: 19.952822
DD: 0.075586
DR: 2.966177
RR: 20.01173
DD: 0.07307
DR: 2.94971
RR: 19.996991
saved to _G20.5_rmin0.001_rmax10.0_nbins20_zmin1.0zmax2.0_Lmax-26.0_N50_Planck_MC_b10
Pixels masked by MC but not already by selfunc: 468
G20.5_zmin1.0zmax2.0_Lmax-27.0: 0.05              36684 vs 38757
/home/groups/tabel/mahlet/quaia-env/lib/python3.10/site-packages/Corrfunc/utils.py:918: UserWarning: One or more input array has non-native endianness!  A copy will be made with the correct endianness.
  warnings.warn("One or more input array has non-native endianness!  A copy will"\
DD: 0.01427
DR: 0.32812199999999997
RR: 0.982453
DD: 0.016058
DR: 0.328563
RR: 0.970592
DD: 0.016027
DR: 0.32611399999999996
RR: 0.986314
DD: 0.018367000000000022
DR: 0.330366
RR: 0.973538
DD: 0.016096
DR: 0.323445
RR: 0.969974
DD: 0.01821
DR: 0.329469
RR: 0.98864
DD: 0.018394
DR: 0.330357
RR: 0.979364
DD: 0.017669
DR: 0.323026
RR: 0.972604
DD: 0.01508
DR: 0.319669
RR: 0.957806
DD: 0.015531999999999999
DR: 0.322959
RR: 0.971692
DD: 0.016118999999999998
DR: 0.326566
RR: 0.98903
DD: 0.016287
DR: 0.33045500000000005
RR: 0.979331
DD: 0.016302999999999998
DR: 0.33200300000000005
RR: 0.969298
DD: 0.015799999999999998
DR: 0.323432
RR: 0.996046
DD: 0.016197
DR: 0.33227
RR: 0.985026
DD: 0.016253999999999998
DR: 0.32830699999999996
RR: 0.983375
DD: 0.016226
DR: 0.327713
RR: 0.98652
DD: 0.016415
DR: 0.32780899999999996
RR: 0.976595
DD: 0.016378999999999998
DR: 0.325167
RR: 0.975953
DD: 0.016229
DR: 0.330993
RR: 0.988564
DD: 0.016396
DR: 0.326262
RR: 0.973693
DD: 0.016184999999999998
DR: 0.322143
RR: 0.97251
DD: 0.016188
DR: 0.345316
RR: 0.986289
DD: 0.016344
DR: 0.33096400000000004
RR: 0.990756
DD: 0.018452
DR: 0.3247340000000001
RR: 0.976178
DD: 0.018128
DR: 0.329685
RR: 0.973598
DD: 0.015941
DR: 0.329989
RR: 0.97396
DD: 0.016495
DR: 0.3268190000000001
RR: 0.976122
DD: 0.01621
DR: 0.323028
RR: 0.961527
DD: 0.017336
DR: 0.32010099999999997
RR: 0.957322
DD: 0.01474
DR: 0.312876
RR: 0.958276
DD: 0.016604
DR: 0.316646
RR: 0.952271
DD: 0.014483
DR: 0.315818
RR: 0.960525
DD: 0.014584
DR: 0.315176
RR: 0.957682
DD: 0.014563999999999999
DR: 0.31299
RR: 0.949729
DD: 0.014166
DR: 0.313803
RR: 0.948434
DD: 0.014218
DR: 0.310512
RR: 0.959388
DD: 0.014462
DR: 0.312643
RR: 0.970905
DD: 0.014692
DR: 0.31882499999999997
RR: 0.967282
DD: 0.014482
DR: 0.31615899999999997
RR: 0.964486
DD: 0.014499999999999999
DR: 0.316982
RR: 0.973021
DD: 0.014423000000000075
DR: 0.315304
RR: 0.965775
DD: 0.014523
DR: 0.314971
RR: 0.959369
DD: 0.014339999999999999
DR: 0.31390799999999996
RR: 0.963799
DD: 0.014511999999999999
DR: 0.317033
RR: 0.965431
DD: 0.014554
DR: 0.315666
RR: 0.95556
DD: 0.013805
DR: 0.30919599999999997
RR: 0.965436
DD: 0.014156
DR: 0.31592
RR: 0.9524090000000001
DD: 0.01381
DR: 0.30658199999999997
RR: 0.952099
DD: 0.015943
DR: 0.316326
RR: 0.957666
saved to _G20.5_rmin0.001_rmax10.0_nbins20_zmin1.0zmax2.0_Lmax-27.0_N50_Planck_MC_b10
Pixels masked by MC but not already by selfunc: 3576
G20.5_zmin2.0zmax3.0_Lmax-20.0: 0.02              280556 vs 286508
/home/groups/tabel/mahlet/quaia-env/lib/python3.10/site-packages/Corrfunc/utils.py:918: UserWarning: One or more input array has non-native endianness!  A copy will be made with the correct endianness.
  warnings.warn("One or more input array has non-native endianness!  A copy will"\
DD: 0.148436
DR: 6.606039
RR: 52.261328
DD: 0.123333
DR: 6.589622
RR: 56.962545
DD: 0.133982
DR: 7.030755
RR: 52.132878
DD: 0.155332
DR: 7.144695
RR: 56.305077
DD: 0.13236599999999998
DR: 7.072405
RR: 55.304641
DD: 0.14377299999999998
DR: 7.033766
RR: 55.566304
DD: 0.151197
DR: 7.192449
RR: 55.71538
DD: 0.127375
DR: 5.341589
RR: 44.85751
DD: 0.126051
DR: 7.274103
RR: 68.098511
DD: 0.155522
DR: 6.879493
RR: 57.826094
DD: 0.15594000000000008
DR: 6.817411
RR: 58.160131
DD: 0.156499
DR: 6.895187
RR: 58.173627
DD: 0.157603
DR: 6.854557
RR: 58.1621
DD: 0.155672
DR: 6.863901
RR: 58.171289
DD: 0.15587399999999998
DR: 6.893068
RR: 58.071812
DD: 0.156516
DR: 6.824937
RR: 57.941199
DD: 0.155444
DR: 6.792188
RR: 57.577834
DD: 0.15416200000000002
DR: 6.803937
RR: 56.95675
DD: 0.15642100000000003
DR: 6.780166
RR: 52.715839
DD: 0.140186
DR: 7.393981
RR: 57.42785
DD: 0.128743
DR: 7.297457
RR: 52.611071
DD: 0.130018
DR: 6.516755
RR: 56.216229
DD: 0.132204
DR: 7.014738
RR: 54.473497
DD: 0.136454
DR: 7.049542
RR: 53.709268
DD: 0.14522
DR: 6.881743
RR: 54.768023
DD: 0.128988
DR: 6.579965
RR: 51.764598
DD: 0.138728
DR: 6.846671
RR: 54.682296
DD: 0.138466
DR: 6.864048
RR: 54.373565
DD: 0.139474
DR: 6.597327
RR: 51.656828
DD: 0.126961
DR: 6.633526
RR: 52.788145
DD: 0.126608
DR: 6.406796
RR: 54.649225
DD: 0.14454899999999998
DR: 6.569235
RR: 53.568713
DD: 0.12972700000000004
DR: 6.546742
RR: 53.85628
DD: 0.137098
DR: 6.400104
RR: 57.662338
DD: 0.14680400000000005
DR: 7.025496
RR: 54.509261
DD: 0.14861000000000002
DR: 6.96416
RR: 57.039824
DD: 0.154777
DR: 7.153685
RR: 56.921207
DD: 0.131741
DR: 7.161278
RR: 57.785728
DD: 0.134443
DR: 7.251187
RR: 53.982117
DD: 0.148049
DR: 7.078627
RR: 58.300075
DD: 0.14748
DR: 7.213043
RR: 55.414911000000004
DD: 0.1382
DR: 7.0039
RR: 56.374665
DD: 0.153811
DR: 6.966043
RR: 56.461544
DD: 0.160001
DR: 6.991463
RR: 55.608865
DD: 0.133691
DR: 6.746685
RR: 56.004023
DD: 0.149096
DR: 6.782567
RR: 54.850351
DD: 0.130049
DR: 6.903958
RR: 54.907224
DD: 0.14939500000000006
DR: 6.78439
RR: 55.277318
DD: 0.134049
DR: 6.636819
RR: 58.339847
DD: 0.149389
DR: 6.965227
RR: 54.745132
saved to _G20.5_rmin0.001_rmax10.0_nbins20_zmin2.0zmax3.0_Lmax-20.0_N50_Planck_MC_b10
Pixels masked by MC but not already by selfunc: 3576
G20.5_zmin2.0zmax3.0_Lmax-25.0: 0.02              280556 vs 286508
/home/groups/tabel/mahlet/quaia-env/lib/python3.10/site-packages/Corrfunc/utils.py:918: UserWarning: One or more input array has non-native endianness!  A copy will be made with the correct endianness.
  warnings.warn("One or more input array has non-native endianness!  A copy will"\
DD: 0.156352
DR: 6.907016
RR: 53.341716
DD: 0.145757
DR: 6.719238
RR: 53.774099
DD: 0.13755799999999999
DR: 6.935982
RR: 57.803897
DD: 0.15981199999999998
DR: 7.0587
RR: 54.524003
DD: 0.14787999999999998
DR: 7.137612
RR: 54.577754
DD: 0.147137
DR: 6.879752
RR: 54.095955
DD: 0.144543
DR: 7.05507
RR: 56.887201
DD: 0.13261600000000007
DR: 6.868314
RR: 57.32128
DD: 0.149661
DR: 7.009713
RR: 56.712787
DD: 0.13119
DR: 6.667054
RR: 57.671643
DD: 0.153002
DR: 7.061582
RR: 54.810988
DD: 0.132916
DR: 6.930313
RR: 56.419747
DD: 0.14908500000000002
DR: 7.547729
RR: 56.90786
DD: 0.153911
DR: 7.025019
RR: 58.365236
DD: 0.150411
DR: 7.044979
RR: 56.611704
DD: 0.148392
DR: 7.40432
RR: 58.193704
DD: 0.13500399999999999
DR: 6.832381
RR: 58.243898
DD: 0.134547
DR: 6.920986
RR: 53.777114
DD: 0.129216
DR: 6.849399
RR: 55.810613
DD: 0.147505
DR: 6.922774
RR: 55.981966
DD: 0.14632299999999998
DR: 6.692404
RR: 56.484046
DD: 0.131291
DR: 6.685026
RR: 53.742482
DD: 0.149783
DR: 6.867029
RR: 53.52118
DD: 0.144222
DR: 6.730856
RR: 55.249497
DD: 0.138773
DR: 7.142643
RR: 54.774458
DD: 0.13311499999999998
DR: 6.845811
RR: 56.277798
DD: 0.145306
DR: 6.765163
RR: 52.643987
DD: 0.143113
DR: 6.788203
RR: 55.493581
DD: 0.144322
DR: 7.495406
RR: 59.003641
DD: 0.138795
DR: 6.283598
RR: 50.841244
DD: 0.136795
DR: 6.192738
RR: 50.697313
DD: 0.136395
DR: 6.219021
RR: 49.315506
DD: 0.13406099999999999
DR: 5.929257
RR: 49.533851
DD: 0.137162
DR: 5.924872
RR: 50.526658
DD: 0.135714
DR: 6.05355
RR: 50.706012
DD: 0.13651600000000008
DR: 6.228036
RR: 51.914364
DD: 0.142796
DR: 6.232719
RR: 52.623175
DD: 0.137963
DR: 6.336225
RR: 52.377997
DD: 0.137403
DR: 6.149139
RR: 52.622045
DD: 0.136902
DR: 6.430066
RR: 52.700857
DD: 0.139904
DR: 6.416238
RR: 53.121044
DD: 0.12945399999999999
DR: 6.533702
RR: 52.872558
DD: 0.141536
DR: 6.717754
RR: 52.11162
DD: 0.145812
DR: 6.4255700000000004
RR: 52.389341
DD: 0.138121
DR: 6.470889
RR: 51.888786
DD: 0.13502900000000007
DR: 5.532149
RR: 44.474954
DD: 0.142665
DR: 5.8995
RR: 48.395416
DD: 0.144235
DR: 6.723034
RR: 51.305607
DD: 0.144897
DR: 6.710577
RR: 52.084085
DD: 0.137716
DR: 6.107721
RR: 50.766119
saved to _G20.5_rmin0.001_rmax10.0_nbins20_zmin2.0zmax3.0_Lmax-25.0_N50_Planck_MC_b10
Pixels masked by MC but not already by selfunc: 3357
G20.5_zmin2.0zmax3.0_Lmax-26.0: 0.02              254027 vs 259755
/home/groups/tabel/mahlet/quaia-env/lib/python3.10/site-packages/Corrfunc/utils.py:918: UserWarning: One or more input array has non-native endianness!  A copy will be made with the correct endianness.
  warnings.warn("One or more input array has non-native endianness!  A copy will"\
DD: 0.11910499999999999
DR: 5.117424
RR: 41.527499
DD: 0.111508
DR: 5.100803
RR: 40.379198
DD: 0.11230499999999999
DR: 5.104596
RR: 41.299933
DD: 0.117588
DR: 5.098336
RR: 40.044508
DD: 0.10889800000000005
DR: 5.23271
RR: 41.426388
DD: 0.11166699999999999
DR: 5.127849
RR: 40.277809
DD: 0.115491
DR: 5.223002
RR: 40.221321
DD: 0.111082
DR: 5.27806
RR: 41.304486
DD: 0.11623599999999999
DR: 5.128997
RR: 40.401763
DD: 0.11407099999999999
DR: 5.285933
RR: 41.194566
DD: 0.113817
DR: 5.195072
RR: 40.129542
DD: 0.11357199999999999
DR: 5.054747
RR: 40.348487
DD: 0.113907
DR: 5.441352
RR: 41.452295
DD: 0.1128
DR: 5.228518
RR: 41.050324
DD: 0.11345800000000006
DR: 5.262303
RR: 42.792439
DD: 0.11804999999999999
DR: 5.543597
RR: 41.315729
DD: 0.113838
DR: 5.425327
RR: 41.773966
DD: 0.11235099999999999
DR: 5.331573
RR: 40.790507
DD: 0.11036
DR: 5.172433
RR: 40.437256
DD: 0.11401900000000009
DR: 5.305432
RR: 41.519953
DD: 0.114925
DR: 5.207848
RR: 40.64888
DD: 0.11968999999999999
DR: 5.37615
RR: 40.695941
DD: 0.11616699999999999
DR: 5.206449
RR: 40.664169
DD: 0.11619199999999999
DR: 5.120937
RR: 40.279667
DD: 0.113894
DR: 5.271772
RR: 39.87012
DD: 0.11383500000000002
DR: 5.203317
RR: 40.194668
DD: 0.115925
DR: 5.256054
RR: 40.811332
DD: 0.11678
DR: 5.119304
RR: 40.353592
DD: 0.115979
DR: 5.127271
RR: 40.163651
DD: 0.114065
DR: 5.129709
RR: 40.282004
DD: 0.11130899999999999
DR: 5.259761
RR: 40.406495
DD: 0.11151799999999999
DR: 5.097767
RR: 41.226219
DD: 0.119671
DR: 5.190256
RR: 40.751073
DD: 0.1167950000000001
DR: 5.382813
RR: 40.717504
DD: 0.11641499999999999
DR: 5.280832
RR: 40.233563
DD: 0.113297
DR: 5.083601
RR: 40.919031
DD: 0.11108000000000007
DR: 5.262186
RR: 41.310189
DD: 0.11374799999999999
DR: 5.356918
RR: 41.264531
DD: 0.115494
DR: 5.264603
RR: 42.565576
DD: 0.116422
DR: 5.3901900000000005
RR: 41.325394
DD: 0.112579
DR: 5.240744
RR: 41.521336
DD: 0.11755099999999999
DR: 5.336864
RR: 43.093239
DD: 0.11838399999999999
DR: 5.258992
RR: 41.458318
DD: 0.116296
DR: 5.324664
RR: 40.556166
DD: 0.118958
DR: 5.077413
RR: 41.373786
DD: 0.11386199999999999
DR: 5.2563189999999995
RR: 40.802039
DD: 0.11445999999999999
DR: 5.291203
RR: 40.673029
DD: 0.11736400000000002
DR: 5.224165
RR: 40.037191
DD: 0.113359
DR: 5.139976
RR: 39.941897
DD: 0.11852300000000004
DR: 5.325455
RR: 41.132517
saved to _G20.5_rmin0.001_rmax10.0_nbins20_zmin2.0zmax3.0_Lmax-26.0_N50_Planck_MC_b10
Pixels masked by MC but not already by selfunc: 1333
G20.5_zmin2.0zmax3.0_Lmax-27.0: 0.03              99902 vs 103123
/home/groups/tabel/mahlet/quaia-env/lib/python3.10/site-packages/Corrfunc/utils.py:918: UserWarning: One or more input array has non-native endianness!  A copy will be made with the correct endianness.
  warnings.warn("One or more input array has non-native endianness!  A copy will"\
DD: 0.033117
DR: 1.152544
RR: 6.175908
DD: 0.032954
DR: 1.128307
RR: 5.916538
DD: 0.031679
DR: 1.129134
RR: 5.851479
DD: 0.034423999999999996
DR: 1.140975
RR: 5.762085
DD: 0.032493
DR: 1.113789
RR: 6.032845
DD: 0.034135
DR: 1.126925
RR: 6.028369
DD: 0.032018
DR: 1.173886
RR: 6.099454
DD: 0.031408
DR: 1.159962
RR: 6.182475
DD: 0.033353
DR: 1.15607
RR: 5.925751
DD: 0.031854
DR: 1.126734
RR: 5.972798
DD: 0.031000999999999997
DR: 1.114931
RR: 5.901535
DD: 0.030921999999999998
DR: 1.1603080000000001
RR: 6.092695
DD: 0.031539
DR: 1.147935
RR: 6.165398
DD: 0.031758999999999996
DR: 1.136434
RR: 6.21937
DD: 0.031678
DR: 1.186399
RR: 6.129619
DD: 0.0327
DR: 1.162243
RR: 6.287534
DD: 0.031931
DR: 1.16869
RR: 6.091655
DD: 0.032707
DR: 1.11784
RR: 5.978197
DD: 0.031463
DR: 1.113596
RR: 6.154829
DD: 0.030935999999999998
DR: 1.147932
RR: 6.096203
DD: 0.031197
DR: 1.147866
RR: 6.051131
DD: 0.031028999999999998
DR: 1.175497
RR: 5.91159
DD: 0.032435
DR: 1.109913
RR: 6.009754
DD: 0.032498
DR: 1.129394
RR: 6.080691
DD: 0.031009
DR: 1.135108
RR: 6.033281
DD: 0.033338
DR: 1.136731
RR: 5.756012
DD: 0.032404999999999996
DR: 1.112753
RR: 5.777714
DD: 0.030791
DR: 1.162536
RR: 6.272817
DD: 0.034288
DR: 1.151149
RR: 5.980182
DD: 0.033413
DR: 1.116419
RR: 5.939915
DD: 0.032264999999999995
DR: 1.112704
RR: 5.920321
DD: 0.030941999999999997
DR: 1.135254
RR: 5.915663
DD: 0.032082
DR: 1.185256
RR: 6.094589
DD: 0.031405999999999996
DR: 1.144924
RR: 5.977631
DD: 0.031372
DR: 1.155893
RR: 5.975955
DD: 0.031238
DR: 1.170434
RR: 6.272537
DD: 0.033443
DR: 1.172512
RR: 6.186852
DD: 0.034886
DR: 1.184441
RR: 6.097313
DD: 0.031788
DR: 1.148983
RR: 6.076661
DD: 0.031418
DR: 1.161829
RR: 5.976666
DD: 0.031038999999999997
DR: 1.16431
RR: 6.182187
DD: 0.033275
DR: 1.164585
RR: 6.253103
DD: 0.032556
DR: 1.13291
RR: 5.976068
DD: 0.031869
DR: 1.119665
RR: 5.976827
DD: 0.031327
DR: 1.160938
RR: 6.185342
DD: 0.032941
DR: 1.163353
RR: 6.021197
DD: 0.031215999999999997
DR: 1.154473
RR: 6.006461
DD: 0.03199
DR: 1.11665
RR: 5.928424
DD: 0.032875999999999996
DR: 1.116594
RR: 6.016842
DD: 0.032896
DR: 1.167055
RR: 6.011495
saved to _G20.5_rmin0.001_rmax10.0_nbins20_zmin2.0zmax3.0_Lmax-27.0_N50_Planck_MC_b10
Pixels masked by MC but not already by selfunc: 386
G20.5_zmin3.0zmax4.6_Lmax-20.0: 0.01              35945 vs 36458
/home/groups/tabel/mahlet/quaia-env/lib/python3.10/site-packages/Corrfunc/utils.py:918: UserWarning: One or more input array has non-native endianness!  A copy will be made with the correct endianness.
  warnings.warn("One or more input array has non-native endianness!  A copy will"\
DD: 0.011788999999999999
DR: 0.28661
RR: 0.889077
DD: 0.012674
DR: 0.27872199999999997
RR: 0.887727
DD: 0.012053999999999999
DR: 0.280779
RR: 0.896515
DD: 0.012109
DR: 0.286447
RR: 0.9114949999999999
DD: 0.012114
DR: 0.282269
RR: 0.90845
DD: 0.012936999999999999
DR: 0.278238
RR: 0.914648
DD: 0.01311
DR: 0.275839
RR: 0.903853
DD: 0.012308
DR: 0.282809
RR: 0.90027
DD: 0.012699
DR: 0.272936
RR: 0.890205
DD: 0.012346999999999999
DR: 0.27665800000000007
RR: 0.91118
DD: 0.013326
DR: 0.28438700000000006
RR: 0.925948
DD: 0.01282
DR: 0.286666
RR: 0.92645
DD: 0.012803
DR: 0.289811
RR: 0.927499
DD: 0.01346
DR: 0.278657
RR: 0.929523
DD: 0.014485999999999999
DR: 0.29264999999999997
RR: 0.929058
DD: 0.012862
DR: 0.2897
RR: 0.921101
DD: 0.01282
DR: 0.284756
RR: 0.917484
DD: 0.012178999999999999
DR: 0.283768
RR: 0.90584
DD: 0.012969999999999999
DR: 0.272048
RR: 0.907254
DD: 0.012577
DR: 0.277954
RR: 0.904673
DD: 0.012820999999999999
DR: 0.275566
RR: 0.915713
DD: 0.012241
DR: 0.282314
RR: 0.908772
DD: 0.012121999999999999
DR: 0.274493
RR: 0.916952
DD: 0.012747999999999999
DR: 0.272247
RR: 0.913705
DD: 0.012367
DR: 0.271792
RR: 0.902706
DD: 0.011959
DR: 0.27486
RR: 0.886722
DD: 0.012631999999999999
DR: 0.27114499999999997
RR: 0.885514
DD: 0.012591999999999999
DR: 0.268965
RR: 0.894531
DD: 0.012672
DR: 0.27223300000000006
RR: 0.885874
DD: 0.012364
DR: 0.273604
RR: 0.897307
DD: 0.0121
DR: 0.27796499999999996
RR: 0.90671
DD: 0.012145999999999999
DR: 0.28582599999999997
RR: 0.899532
DD: 0.012322
DR: 0.284022
RR: 0.909961
DD: 0.012183999999999999
DR: 0.28726599999999997
RR: 0.897842
DD: 0.012374
DR: 0.283081
RR: 0.908169
DD: 0.01232
DR: 0.285249
RR: 0.971087
DD: 0.014287
DR: 0.29167
RR: 0.919097
DD: 0.015283
DR: 0.287384
RR: 0.8886959999999999
DD: 0.013954
DR: 0.285927
RR: 0.907211
DD: 0.014334999999999999
DR: 0.288767
RR: 0.894829
DD: 0.014358
DR: 0.28681
RR: 0.886534
DD: 0.014527
DR: 0.284247
RR: 0.898319
DD: 0.014806
DR: 0.28545
RR: 0.895171
DD: 0.014381
DR: 0.287728
RR: 0.900965
DD: 0.013652
DR: 0.282888
RR: 0.890526
DD: 0.013739999999999999
DR: 0.283669
RR: 0.892446
DD: 0.01349
DR: 0.292774
RR: 0.8962410000000001
DD: 0.015799
DR: 0.29255
RR: 0.90618
DD: 0.012773999999999999
DR: 0.28390800000000005
RR: 0.9038930000000001
DD: 0.012388
DR: 0.290761
RR: 0.905013
saved to _G20.5_rmin0.001_rmax10.0_nbins20_zmin3.0zmax4.6_Lmax-20.0_N50_Planck_MC_b10
Pixels masked by MC but not already by selfunc: 386
G20.5_zmin3.0zmax4.6_Lmax-25.0: 0.01              35945 vs 36458
/home/groups/tabel/mahlet/quaia-env/lib/python3.10/site-packages/Corrfunc/utils.py:918: UserWarning: One or more input array has non-native endianness!  A copy will be made with the correct endianness.
  warnings.warn("One or more input array has non-native endianness!  A copy will"\
DD: 0.012078
DR: 0.282864
RR: 0.89933
DD: 0.012584999999999999
DR: 0.284271
RR: 0.909625
DD: 0.012617
DR: 0.282949
RR: 0.913948
DD: 0.012718
DR: 0.285675
RR: 0.915034
DD: 0.012471
DR: 0.285838
RR: 0.907373
DD: 0.012692
DR: 0.28524299999999997
RR: 0.907741
DD: 0.012738999999999999
DR: 0.287362
RR: 0.890251
DD: 0.012662
DR: 0.29167
RR: 0.900761
DD: 0.013387
DR: 0.278311
RR: 0.926813
DD: 0.012747
DR: 0.28720200000000007
RR: 0.902172
DD: 0.012728
DR: 0.275393
RR: 0.891005
DD: 0.013040999999999999
DR: 0.27582599999999996
RR: 0.903176
DD: 0.012912
DR: 0.28495699999999996
RR: 0.937777
DD: 0.014685
DR: 0.288034
RR: 0.928621
DD: 0.013578999999999999
DR: 0.284078
RR: 0.941743
DD: 0.015052
DR: 0.279088
RR: 0.92938
DD: 0.013458
DR: 0.27652200000000005
RR: 0.913053
DD: 0.014979
DR: 0.2780290000000001
RR: 0.9015070000000001
DD: 0.013179999999999999
DR: 0.27155399999999996
RR: 0.893497
DD: 0.013201
DR: 0.27424499999999996
RR: 0.8951159999999999
DD: 0.013019999999999999
DR: 0.271613
RR: 0.910057
DD: 0.01328
DR: 0.271225
RR: 0.9073599999999999
DD: 0.013038
DR: 0.273243
RR: 0.92115
DD: 0.013373999999999999
DR: 0.2805230000000001
RR: 0.907371
DD: 0.012452
DR: 0.278435
RR: 0.893036
DD: 0.012523999999999999
DR: 0.27581
RR: 0.8968769999999999
DD: 0.013163
DR: 0.27936099999999997
RR: 0.902939
DD: 0.013047999999999999
DR: 0.275685
RR: 0.898849
DD: 0.013299
DR: 0.27787000000000006
RR: 0.881184
DD: 0.012471999999999999
DR: 0.272968
RR: 0.881244
DD: 0.012334999999999999
DR: 0.272823
RR: 0.902673
DD: 0.012407999999999999
DR: 0.278175
RR: 0.888137
DD: 0.012999
DR: 0.270159
RR: 0.887953
DD: 0.012875
DR: 0.278239
RR: 0.914759
DD: 0.012601999999999999
DR: 0.28499700000000006
RR: 0.912389
DD: 0.012631
DR: 0.290777
RR: 0.930767
DD: 0.014844
DR: 0.294967
RR: 0.928529
DD: 0.012771
DR: 0.288122
RR: 0.9068539999999999
DD: 0.012751
DR: 0.288833
RR: 0.950379
DD: 0.012931
DR: 0.299122
RR: 0.947918
DD: 0.012992
DR: 0.291699
RR: 0.9214370000000001
DD: 0.012825
DR: 0.28035
RR: 0.918204
DD: 0.01304
DR: 0.27431400000000006
RR: 0.909766
DD: 0.013210999999999999
DR: 0.276533
RR: 0.907253
DD: 0.012969
DR: 0.272092
RR: 0.9055709999999999
DD: 0.013186999999999999
DR: 0.272738
RR: 0.905608
DD: 0.013116
DR: 0.274014
RR: 0.927068
DD: 0.013555999999999999
DR: 0.274404
RR: 0.92107
DD: 0.013444
DR: 0.27884300000000006
RR: 0.907127
DD: 0.013203
DR: 0.283956
RR: 0.908829
saved to _G20.5_rmin0.001_rmax10.0_nbins20_zmin3.0zmax4.6_Lmax-25.0_N50_Planck_MC_b10
Pixels masked by MC but not already by selfunc: 386
G20.5_zmin3.0zmax4.6_Lmax-26.0: 0.01              35945 vs 36458
/home/groups/tabel/mahlet/quaia-env/lib/python3.10/site-packages/Corrfunc/utils.py:918: UserWarning: One or more input array has non-native endianness!  A copy will be made with the correct endianness.
  warnings.warn("One or more input array has non-native endianness!  A copy will"\
DD: 0.011968999999999999
DR: 0.27560799999999996
RR: 0.872558
DD: 0.01282
DR: 0.274945
RR: 0.874023
DD: 0.012614
DR: 0.277566
RR: 0.893923
DD: 0.012714999999999999
DR: 0.27804799999999996
RR: 0.8749199999999999
DD: 0.01258
DR: 0.284082
RR: 0.887722
DD: 0.012823999999999999
DR: 0.28796
RR: 0.913783
DD: 0.012796
DR: 0.289012
RR: 0.897653
DD: 0.013044
DR: 0.271474
RR: 0.895736
DD: 0.013033
DR: 0.273046
RR: 0.879211
DD: 0.013335
DR: 0.27537
RR: 0.8957769999999999
DD: 0.012742
DR: 0.28024499999999997
RR: 0.904737
DD: 0.012893
DR: 0.284854
RR: 0.92538
DD: 0.01325
DR: 0.27323600000000003
RR: 0.903225
DD: 0.013269999999999999
DR: 0.27526000000000006
RR: 0.943429
DD: 0.013616
DR: 0.28376399999999996
RR: 0.92982
DD: 0.013167
DR: 0.28452099999999997
RR: 0.91011
DD: 0.012870999999999999
DR: 0.282221
RR: 0.904459
DD: 0.013399
DR: 0.27508499999999997
RR: 0.893729
DD: 0.014513
DR: 0.28631599999999996
RR: 0.912712
DD: 0.013533
DR: 0.27307800000000004
RR: 0.887133
DD: 0.012974
DR: 0.269829
RR: 0.88702
DD: 0.013165
DR: 0.269057
RR: 0.901635
DD: 0.013181
DR: 0.270416
RR: 0.885667
DD: 0.012862
DR: 0.270131
RR: 0.870425
DD: 0.012686
DR: 0.2719290000000001
RR: 0.882723
DD: 0.012657999999999999
DR: 0.273845
RR: 0.889466
DD: 0.012731
DR: 0.269787
RR: 0.8790020000000001
DD: 0.012761
DR: 0.281623
RR: 0.894516
DD: 0.012452
DR: 0.279255
RR: 0.895157
DD: 0.012822
DR: 0.270816
RR: 0.897828
DD: 0.01234
DR: 0.281791
RR: 0.899134
DD: 0.013087999999999999
DR: 0.273192
RR: 0.911681
DD: 0.013073999999999999
DR: 0.283431
RR: 0.907192
DD: 0.012732
DR: 0.282213
RR: 0.9236610000000001
DD: 0.013165999999999999
DR: 0.27760399999999996
RR: 0.891775
DD: 0.013356
DR: 0.273343
RR: 0.898691
DD: 0.013323
DR: 0.2806660000000001
RR: 0.903637
DD: 0.012784
DR: 0.288196
RR: 0.92496
DD: 0.013722999999999999
DR: 0.276825
RR: 0.925739
DD: 0.013212
DR: 0.278665
RR: 0.892129
DD: 0.012804999999999999
DR: 0.287368
RR: 0.913757
DD: 0.014787
DR: 0.29251499999999997
RR: 0.937067
DD: 0.013583999999999999
DR: 0.276957
RR: 0.914954
DD: 0.012667999999999999
DR: 0.27466900000000005
RR: 0.908355
DD: 0.012801
DR: 0.28171199999999996
RR: 0.915695
DD: 0.013391
DR: 0.272353
RR: 0.9086829999999999
DD: 0.012412999999999999
DR: 0.288159
RR: 0.922625
DD: 0.012716
DR: 0.278475
RR: 0.912509
DD: 0.01308
DR: 0.277806
RR: 0.91737
DD: 0.012551999999999999
DR: 0.286477
RR: 0.919358
saved to _G20.5_rmin0.001_rmax10.0_nbins20_zmin3.0zmax4.6_Lmax-26.0_N50_Planck_MC_b10
Pixels masked by MC but not already by selfunc: 325
G20.5_zmin3.0zmax4.6_Lmax-27.0: 0.02              28529 vs 28981
/home/groups/tabel/mahlet/quaia-env/lib/python3.10/site-packages/Corrfunc/utils.py:918: UserWarning: One or more input array has non-native endianness!  A copy will be made with the correct endianness.
  warnings.warn("One or more input array has non-native endianness!  A copy will"\
DD: 0.011203
DR: 0.207625
RR: 0.623308
DD: 0.011595999999999999
DR: 0.20409100000000002
RR: 0.603877
DD: 0.010931
DR: 0.213607
RR: 0.6021650000000001
DD: 0.011429
DR: 0.209981
RR: 0.594626
DD: 0.011508
DR: 0.20435800000000004
RR: 0.5979209999999999
DD: 0.011623999999999999
DR: 0.204736
RR: 0.6021920000000001
DD: 0.010986
DR: 0.212227
RR: 0.593933
DD: 0.011491999999999999
DR: 0.20444600000000002
RR: 0.594378
DD: 0.01111
DR: 0.203564
RR: 0.592138
DD: 0.011181
DR: 0.21370499999999998
RR: 0.593744
DD: 0.011474999999999999
DR: 0.20397200000000004
RR: 0.591911
DD: 0.011205999999999999
DR: 0.203286
RR: 0.5894630000000001
DD: 0.011151999999999999
DR: 0.210448
RR: 0.589175
DD: 0.01143
DR: 0.206098
RR: 0.5977399999999999
DD: 0.011099
DR: 0.207725
RR: 0.595056
DD: 0.010941
DR: 0.208812
RR: 0.588338
DD: 0.011378
DR: 0.203368
RR: 0.59943
DD: 0.011146999999999999
DR: 0.210244
RR: 0.59748
DD: 0.011559
DR: 0.204999
RR: 0.6070770000000001
DD: 0.010921
DR: 0.21532199999999999
RR: 0.597924
DD: 0.011606
DR: 0.203363
RR: 0.6226400000000001
DD: 0.011257
DR: 0.21798099999999998
RR: 0.602026
DD: 0.011675999999999999
DR: 0.206775
RR: 0.594611
DD: 0.010969999999999999
DR: 0.209871
RR: 0.5851230000000001
DD: 0.011314999999999999
DR: 0.202796
RR: 0.595745
DD: 0.01095
DR: 0.207254
RR: 0.58382
DD: 0.011349
DR: 0.20612400000000008
RR: 0.612107
DD: 0.010815
DR: 0.203596
RR: 0.590064
DD: 0.011056
DR: 0.209915
RR: 0.604464
DD: 0.010942
DR: 0.20484900000000006
RR: 0.586753
DD: 0.011628999999999999
DR: 0.204513
RR: 0.597948
DD: 0.010964999999999999
DR: 0.21287199999999998
RR: 0.6171409999999999
DD: 0.013626
DR: 0.20565900000000004
RR: 0.5993769999999999
DD: 0.011803
DR: 0.204779
RR: 0.608709
DD: 0.010912999999999999
DR: 0.215116
RR: 0.600694
DD: 0.011104
DR: 0.2056570000000001
RR: 0.589926
DD: 0.011328999999999999
DR: 0.20416199999999998
RR: 0.603305
DD: 0.01099
DR: 0.217936
RR: 0.610732
DD: 0.011731
DR: 0.205646
RR: 0.599331
DD: 0.011569
DR: 0.209002
RR: 0.61035
DD: 0.01102
DR: 0.21558
RR: 0.6118669999999999
DD: 0.011486999999999999
DR: 0.20466700000000004
RR: 0.593527
DD: 0.011061999999999999
DR: 0.208037
RR: 0.595959
DD: 0.011073999999999999
DR: 0.203923
RR: 0.582487
DD: 0.011228
DR: 0.20431
RR: 0.597411
DD: 0.01109
DR: 0.205766
RR: 0.582373
DD: 0.011231999999999999
DR: 0.204896
RR: 0.589043
DD: 0.011314
DR: 0.20480099999999998
RR: 0.601063
DD: 0.011347999999999999
DR: 0.202431
RR: 0.587078
DD: 0.010978
DR: 0.20995999999999998
RR: 0.606839
saved to _G20.5_rmin0.001_rmax10.0_nbins20_zmin3.0zmax4.6_Lmax-27.0_N50_Planck_MC_b10
done!
