Starting batch job

G20.5: computing wtheta in 30 bins from 0.001 to 10.0 on a log scale...

Pixels masked by MC but not already by selfunc: 908
G20.5_zmin0.0zmax1.0_Lmaxsplit4bin0: 0.25              61053 vs 81084
/home/groups/tabel/mahlet/quaia-env/lib/python3.10/site-packages/Corrfunc/utils.py:918: UserWarning: One or more input array has non-native endianness!  A copy will be made with the correct endianness.
  warnings.warn("One or more input array has non-native endianness!  A copy will"\
DD: 0.026609999999999998
DR: 0.664786
RR: 2.875914
saved to _G20.5_rmin0.001_rmax10.0_nbins30_zmin0.0zmax1.0_Lmaxsplit4bin0_Planck_MC_b20
Pixels masked by MC but not already by selfunc: 1703
G20.5_zmin0.0zmax1.0_Lmaxsplit4bin1: 0.20              129574 vs 162168
/home/groups/tabel/mahlet/quaia-env/lib/python3.10/site-packages/Corrfunc/utils.py:918: UserWarning: One or more input array has non-native endianness!  A copy will be made with the correct endianness.
  warnings.warn("One or more input array has non-native endianness!  A copy will"\
DD: 0.053172
DR: 1.921712
RR: 11.524205
saved to _G20.5_rmin0.001_rmax10.0_nbins30_zmin0.0zmax1.0_Lmaxsplit4bin1_Planck_MC_b20
Pixels masked by MC but not already by selfunc: 2488
G20.5_zmin0.0zmax1.0_Lmaxsplit4bin2: 0.17              202001 vs 243252
/home/groups/tabel/mahlet/quaia-env/lib/python3.10/site-packages/Corrfunc/utils.py:918: UserWarning: One or more input array has non-native endianness!  A copy will be made with the correct endianness.
  warnings.warn("One or more input array has non-native endianness!  A copy will"\
DD: 0.09526899999999999
DR: 3.646749
RR: 29.199447
saved to _G20.5_rmin0.001_rmax10.0_nbins30_zmin0.0zmax1.0_Lmaxsplit4bin2_Planck_MC_b20
Pixels masked by MC but not already by selfunc: 3194
G20.5_zmin0.0zmax1.0_Lmaxsplit4bin3: 0.15              275239 vs 324336
/home/groups/tabel/mahlet/quaia-env/lib/python3.10/site-packages/Corrfunc/utils.py:918: UserWarning: One or more input array has non-native endianness!  A copy will be made with the correct endianness.
  warnings.warn("One or more input array has non-native endianness!  A copy will"\
DD: 0.144178
DR: 6.385617
RR: 54.645194
saved to _G20.5_rmin0.001_rmax10.0_nbins30_zmin0.0zmax1.0_Lmaxsplit4bin3_Planck_MC_b20
Pixels masked by MC but not already by selfunc: 1790
G20.5_zmin1.0zmax2.0_Lmaxsplit4bin0: 0.21              128504 vs 162049
/home/groups/tabel/mahlet/quaia-env/lib/python3.10/site-packages/Corrfunc/utils.py:918: UserWarning: One or more input array has non-native endianness!  A copy will be made with the correct endianness.
  warnings.warn("One or more input array has non-native endianness!  A copy will"\
DD: 0.049163
DR: 1.76419
RR: 11.195175
saved to _G20.5_rmin0.001_rmax10.0_nbins30_zmin1.0zmax2.0_Lmaxsplit4bin0_Planck_MC_b20
Pixels masked by MC but not already by selfunc: 3415
G20.5_zmin1.0zmax2.0_Lmaxsplit4bin1: 0.17              268123 vs 324098
/home/groups/tabel/mahlet/quaia-env/lib/python3.10/site-packages/Corrfunc/utils.py:918: UserWarning: One or more input array has non-native endianness!  A copy will be made with the correct endianness.
  warnings.warn("One or more input array has non-native endianness!  A copy will"\
DD: 0.13511399999999998
DR: 5.720763
RR: 50.146796
saved to _G20.5_rmin0.001_rmax10.0_nbins30_zmin1.0zmax2.0_Lmaxsplit4bin1_Planck_MC_b20
Pixels masked by MC but not already by selfunc: 4887
G20.5_zmin1.0zmax2.0_Lmaxsplit4bin2: 0.15              413858 vs 486147
/home/groups/tabel/mahlet/quaia-env/lib/python3.10/site-packages/Corrfunc/utils.py:918: UserWarning: One or more input array has non-native endianness!  A copy will be made with the correct endianness.
  warnings.warn("One or more input array has non-native endianness!  A copy will"\
DD: 0.245894
DR: 12.705616
RR: 124.895438
saved to _G20.5_rmin0.001_rmax10.0_nbins30_zmin1.0zmax2.0_Lmaxsplit4bin2_Planck_MC_b20
Pixels masked by MC but not already by selfunc: 6208
G20.5_zmin1.0zmax2.0_Lmaxsplit4bin3: 0.13              565316 vs 648196
/home/groups/tabel/mahlet/quaia-env/lib/python3.10/site-packages/Corrfunc/utils.py:918: UserWarning: One or more input array has non-native endianness!  A copy will be made with the correct endianness.
  warnings.warn("One or more input array has non-native endianness!  A copy will"\
DD: 0.447686
DR: 23.106431
RR: 239.710962
saved to _G20.5_rmin0.001_rmax10.0_nbins30_zmin1.0zmax2.0_Lmaxsplit4bin3_Planck_MC_b20
Pixels masked by MC but not already by selfunc: 968
G20.5_zmin2.0zmax3.0_Lmaxsplit4bin0: 0.20              57638 vs 71627
/home/groups/tabel/mahlet/quaia-env/lib/python3.10/site-packages/Corrfunc/utils.py:918: UserWarning: One or more input array has non-native endianness!  A copy will be made with the correct endianness.
  warnings.warn("One or more input array has non-native endianness!  A copy will"\
DD: 0.019339
DR: 0.562191
RR: 2.406647
saved to _G20.5_rmin0.001_rmax10.0_nbins30_zmin2.0zmax3.0_Lmaxsplit4bin0_Planck_MC_b20
Pixels masked by MC but not already by selfunc: 1880
G20.5_zmin2.0zmax3.0_Lmaxsplit4bin1: 0.16              120380 vs 143254
/home/groups/tabel/mahlet/quaia-env/lib/python3.10/site-packages/Corrfunc/utils.py:918: UserWarning: One or more input array has non-native endianness!  A copy will be made with the correct endianness.
  warnings.warn("One or more input array has non-native endianness!  A copy will"\
DD: 0.045349999999999994
DR: 1.602772
RR: 9.681901
saved to _G20.5_rmin0.001_rmax10.0_nbins30_zmin2.0zmax3.0_Lmaxsplit4bin1_Planck_MC_b20
Pixels masked by MC but not already by selfunc: 2777
G20.5_zmin2.0zmax3.0_Lmaxsplit4bin2: 0.13              186262 vs 214881
/home/groups/tabel/mahlet/quaia-env/lib/python3.10/site-packages/Corrfunc/utils.py:918: UserWarning: One or more input array has non-native endianness!  A copy will be made with the correct endianness.
  warnings.warn("One or more input array has non-native endianness!  A copy will"\
DD: 0.088211
DR: 3.200049
RR: 24.419321
saved to _G20.5_rmin0.001_rmax10.0_nbins30_zmin2.0zmax3.0_Lmaxsplit4bin2_Planck_MC_b20
Pixels masked by MC but not already by selfunc: 3576
G20.5_zmin2.0zmax3.0_Lmaxsplit4bin3: 0.11              254625 vs 286508
/home/groups/tabel/mahlet/quaia-env/lib/python3.10/site-packages/Corrfunc/utils.py:918: UserWarning: One or more input array has non-native endianness!  A copy will be made with the correct endianness.
  warnings.warn("One or more input array has non-native endianness!  A copy will"\
DD: 0.118432
DR: 5.761712
RR: 45.51475
saved to _G20.5_rmin0.001_rmax10.0_nbins30_zmin2.0zmax3.0_Lmaxsplit4bin3_Planck_MC_b20
Pixels masked by MC but not already by selfunc: 112
G20.5_zmin3.0zmax4.6_Lmaxsplit4bin0: 0.14              7873 vs 9115
/home/groups/tabel/mahlet/quaia-env/lib/python3.10/site-packages/Corrfunc/utils.py:918: UserWarning: One or more input array has non-native endianness!  A copy will be made with the correct endianness.
  warnings.warn("One or more input array has non-native endianness!  A copy will"\
DD: 0.004849
DR: 0.050137999999999995
RR: 0.077759
saved to _G20.5_rmin0.001_rmax10.0_nbins30_zmin3.0zmax4.6_Lmaxsplit4bin0_Planck_MC_b20
Pixels masked by MC but not already by selfunc: 221
G20.5_zmin3.0zmax4.6_Lmaxsplit4bin1: 0.11              16141 vs 18229
/home/groups/tabel/mahlet/quaia-env/lib/python3.10/site-packages/Corrfunc/utils.py:918: UserWarning: One or more input array has non-native endianness!  A copy will be made with the correct endianness.
  warnings.warn("One or more input array has non-native endianness!  A copy will"\
DD: 0.006856
DR: 0.107138
RR: 0.21353899999999998
saved to _G20.5_rmin0.001_rmax10.0_nbins30_zmin3.0zmax4.6_Lmaxsplit4bin1_Planck_MC_b20
Pixels masked by MC but not already by selfunc: 313
G20.5_zmin3.0zmax4.6_Lmaxsplit4bin2: 0.10              24675 vs 27343
/home/groups/tabel/mahlet/quaia-env/lib/python3.10/site-packages/Corrfunc/utils.py:918: UserWarning: One or more input array has non-native endianness!  A copy will be made with the correct endianness.
  warnings.warn("One or more input array has non-native endianness!  A copy will"\
DD: 0.009129
DR: 0.17069500000000004
RR: 0.415871
saved to _G20.5_rmin0.001_rmax10.0_nbins30_zmin3.0zmax4.6_Lmaxsplit4bin2_Planck_MC_b20
Pixels masked by MC but not already by selfunc: 386
G20.5_zmin3.0zmax4.6_Lmaxsplit4bin3: 0.08              33538 vs 36458
/home/groups/tabel/mahlet/quaia-env/lib/python3.10/site-packages/Corrfunc/utils.py:918: UserWarning: One or more input array has non-native endianness!  A copy will be made with the correct endianness.
  warnings.warn("One or more input array has non-native endianness!  A copy will"\
DD: 0.011554
DR: 0.26316800000000007
RR: 0.754356
saved to _G20.5_rmin0.001_rmax10.0_nbins30_zmin3.0zmax4.6_Lmaxsplit4bin3_Planck_MC_b20
done!
