Starting batch job

G20.5: computing wtheta in 20 bins from 0.001 to 10.0 on a log scale for 50 jackknife regions...

Pixels masked by MC but not already by selfunc: 2468
G20.5_zmin0.0zmax1.0_Lmax-20.0: 0.33              218365 vs 324336
[Warning] The CPU supports AVX512F but the compiler does not.  Can you try another compiler?
/home/groups/tabel/mahlet/quaia-env/lib/python3.10/site-packages/Corrfunc/utils.py:918: UserWarning: One or more input array has non-native endianness!  A copy will be made with the correct endianness.
  warnings.warn("One or more input array has non-native endianness!  A copy will"\
DD: 0.23118699999999998
DR: 4.038387
RR: 28.557654
DD: 0.09243499999999999
DR: 3.824472
RR: 27.760248
DD: 0.092081
DR: 3.857066
RR: 28.661622
DD: 0.09419799999999999
DR: 3.973352
RR: 30.23947
DD: 0.09864800000000007
DR: 4.043401
RR: 30.726673
DD: 0.103389
DR: 3.985869
RR: 30.838308
DD: 0.098365
DR: 3.982119
RR: 30.811725
DD: 0.09671199999999999
DR: 3.979277
RR: 29.23674
DD: 0.09186799999999999
DR: 3.893969
RR: 30.294008
DD: 0.096352
DR: 3.96945
RR: 31.246403
DD: 0.098438
DR: 4.092719
RR: 32.112124
DD: 0.10121799999999999
DR: 4.12998
RR: 31.14545
DD: 0.10142700000000004
DR: 3.941962
RR: 30.405294
DD: 0.102908
DR: 4.187272
RR: 32.56399
DD: 0.09522399999999999
DR: 3.959315
RR: 33.05292
DD: 0.102228
DR: 4.296297
RR: 31.123268
DD: 0.094743
DR: 4.207085
RR: 31.786595
DD: 0.09303
DR: 3.725515
RR: 27.790721
DD: 0.08805299999999999
DR: 3.716341
RR: 27.411388
DD: 0.08864699999999999
DR: 3.666278
RR: 27.156725
DD: 0.091898
DR: 3.633781
RR: 27.14666
DD: 0.089415
DR: 3.711024
RR: 27.300403
DD: 0.09487
DR: 3.600981
RR: 28.623216
DD: 0.090569
DR: 3.770007
RR: 28.440666
DD: 0.089915
DR: 3.752269
RR: 28.605481
DD: 0.089722
DR: 3.796043
RR: 28.522408
DD: 0.089692
DR: 3.779514
RR: 28.577565
DD: 0.090761
DR: 3.769218
RR: 28.040043
DD: 0.090954
DR: 3.799885
RR: 28.336129
DD: 0.09060499999999999
DR: 3.82053
RR: 28.711805
DD: 0.090392
DR: 3.662326
RR: 27.375639
DD: 0.089515
DR: 3.747351
RR: 28.193656
DD: 0.09043
DR: 3.7184559999999998
RR: 28.41431
DD: 0.09011900000000006
DR: 3.860672
RR: 29.432292
DD: 0.089637
DR: 3.8904639999999997
RR: 29.380285
DD: 0.09316400000000002
DR: 3.965136
RR: 29.579791
DD: 0.09425299999999999
DR: 3.996461
RR: 29.394841
DD: 0.09510199999999999
DR: 4.032473
RR: 30.220749
DD: 0.094303
DR: 3.937958
RR: 30.259094
DD: 0.09357
DR: 3.948665
RR: 29.977101
DD: 0.09623
DR: 3.969653
RR: 30.048123
DD: 0.09425399999999999
DR: 4.033092
RR: 30.763478
DD: 0.09566899999999999
DR: 3.924663
RR: 30.244745
DD: 0.093327
DR: 3.813456
RR: 29.224912
DD: 0.087501
DR: 3.862943
RR: 28.934919
DD: 0.09169
DR: 3.865093
RR: 28.998565
DD: 0.091207
DR: 3.898642
RR: 28.585801
DD: 0.093112
DR: 3.85204
RR: 28.812823
DD: 0.088685
DR: 3.795483
RR: 28.273359
DD: 0.09008999999999999
DR: 3.803708
RR: 28.969737
saved to _G20.5_rmin0.001_rmax10.0_nbins20_zmin0.0zmax1.0_Lmax-20.0_N50_Planck_MC_b30
Pixels masked by MC but not already by selfunc: 490
G20.5_zmin0.0zmax1.0_Lmax-25.0: 0.46              29985 vs 55261
/home/groups/tabel/mahlet/quaia-env/lib/python3.10/site-packages/Corrfunc/utils.py:918: UserWarning: One or more input array has non-native endianness!  A copy will be made with the correct endianness.
  warnings.warn("One or more input array has non-native endianness!  A copy will"\
DD: 0.009424
DR: 0.22477
RR: 0.6941200000000001
DD: 0.009582
DR: 0.22259299999999999
RR: 0.710793
DD: 0.01021
DR: 0.22457
RR: 0.690898
DD: 0.009424
DR: 0.219804
RR: 0.689907
DD: 0.009361999999999999
DR: 0.219472
RR: 0.697182
DD: 0.00945
DR: 0.220236
RR: 0.700359
DD: 0.009705
DR: 0.21947799999999998
RR: 0.695747
DD: 0.009478
DR: 0.22072900000000006
RR: 0.699427
DD: 0.009344000000000019
DR: 0.222633
RR: 0.7080580000000001
DD: 0.009575
DR: 0.22841599999999998
RR: 0.7500009999999999
DD: 0.01047
DR: 0.22699
RR: 0.711839
DD: 0.00962
DR: 0.226152
RR: 0.7098450000000001
DD: 0.009665
DR: 0.22719999999999999
RR: 0.7254349999999999
DD: 0.00968
DR: 0.227882
RR: 0.723498
DD: 0.009661999999999999
DR: 0.230067
RR: 0.725231
DD: 0.009691
DR: 0.22761200000000004
RR: 0.7421409999999999
DD: 0.009649999999999999
DR: 0.22928199999999999
RR: 0.7210300000000001
DD: 0.0096
DR: 0.226132
RR: 0.717502
DD: 0.009555
DR: 0.224109
RR: 0.7112700000000001
DD: 0.009504
DR: 0.221182
RR: 0.708616
DD: 0.010203
DR: 0.222951
RR: 0.7075359999999999
DD: 0.009715
DR: 0.222357
RR: 0.7447520000000001
DD: 0.009814
DR: 0.220222
RR: 0.688093
DD: 0.009422
DR: 0.22004500000000005
RR: 0.692709
DD: 0.009335
DR: 0.219027
RR: 0.700458
DD: 0.009431
DR: 0.219883
RR: 0.6931029999999999
DD: 0.009387999999999999
DR: 0.21914899999999998
RR: 0.692434
DD: 0.009544
DR: 0.21936999999999998
RR: 0.693152
DD: 0.009377
DR: 0.2205
RR: 0.704015
DD: 0.009422
DR: 0.23343999999999998
RR: 0.6845330000000001
DD: 0.009396
DR: 0.218154
RR: 0.682696
DD: 0.009380999999999999
DR: 0.218712
RR: 0.7003079999999999
DD: 0.009453
DR: 0.220047
RR: 0.704829
DD: 0.00947
DR: 0.22355699999999998
RR: 0.700304
DD: 0.00945
DR: 0.22628000000000004
RR: 0.70614
DD: 0.009532000000000096
DR: 0.22469799999999998
RR: 0.713554
DD: 0.009550999999999999
DR: 0.229534
RR: 0.7596649999999999
DD: 0.009677
DR: 0.230254
RR: 0.733739
DD: 0.009722999999999999
DR: 0.229126
RR: 0.733946
DD: 0.009715999999999999
DR: 0.229147
RR: 0.725635
DD: 0.009658
DR: 0.22825299999999998
RR: 0.7288300000000001
DD: 0.009633
DR: 0.22747599999999998
RR: 0.7276819999999999
DD: 0.009550999999999999
DR: 0.226766
RR: 0.7198370000000001
DD: 0.009542
DR: 0.225736
RR: 0.721936
DD: 0.009597999999999999
DR: 0.22322000000000009
RR: 0.70748
DD: 0.009415999999999999
DR: 0.22231199999999998
RR: 0.707889
DD: 0.009564999999999999
DR: 0.22089199999999998
RR: 0.695227
DD: 0.009412
DR: 0.22084700000000002
RR: 0.69626
DD: 0.00957
DR: 0.221909
RR: 0.693929
DD: 0.009326
DR: 0.221771
RR: 0.7021229999999999
saved to _G20.5_rmin0.001_rmax10.0_nbins20_zmin0.0zmax1.0_Lmax-25.0_N50_Planck_MC_b30
Pixels masked by MC but not already by selfunc: 131
G20.5_zmin0.0zmax1.0_Lmax-26.0: 0.52              6079 vs 12557
/home/groups/tabel/mahlet/quaia-env/lib/python3.10/site-packages/Corrfunc/utils.py:918: UserWarning: One or more input array has non-native endianness!  A copy will be made with the correct endianness.
  warnings.warn("One or more input array has non-native endianness!  A copy will"\
DD: 0.0037089999999999996
DR: 0.044314
RR: 0.07468999999999999
DD: 0.0038699999999999997
DR: 0.043924
RR: 0.074881
DD: 0.003953
DR: 0.042719
RR: 0.07514
DD: 0.0037909999999999997
DR: 0.042970999999999995
RR: 0.074774
DD: 0.003878
DR: 0.043150999999999995
RR: 0.075156
DD: 0.0038859999999999997
DR: 0.044146
RR: 0.0765
DD: 0.003918
DR: 0.043623999999999996
RR: 0.075566
DD: 0.003849
DR: 0.042786
RR: 0.077572
DD: 0.004018
DR: 0.045166
RR: 0.08083599999999999
DD: 0.004134
DR: 0.046623
RR: 0.081044
DD: 0.004079
DR: 0.047396999999999995
RR: 0.078078
DD: 0.003915
DR: 0.043594
RR: 0.076083
DD: 0.003897
DR: 0.043411
RR: 0.077972
DD: 0.003935999999999999
DR: 0.043032999999999995
RR: 0.076527
DD: 0.0038919999999999996
DR: 0.043248000000000064
RR: 0.0757
DD: 0.003815
DR: 0.043479
RR: 0.076514
DD: 0.003859
DR: 0.043103999999999996
RR: 0.07534199999999999
DD: 0.0038659999999999996
DR: 0.042766
RR: 0.076903
DD: 0.003885
DR: 0.043386999999999995
RR: 0.07566000000000006
DD: 0.003862
DR: 0.042523
RR: 0.073318
DD: 0.003901
DR: 0.042356
RR: 0.072951
DD: 0.003701
DR: 0.042287
RR: 0.072562
DD: 0.003751
DR: 0.042047999999999995
RR: 0.072526
DD: 0.003774
DR: 0.04204600000000003
RR: 0.07273199999999999
DD: 0.0036869999999999997
DR: 0.042015
RR: 0.072575
DD: 0.0037809999999999996
DR: 0.042376
RR: 0.072077
DD: 0.003743
DR: 0.041998999999999995
RR: 0.071875
DD: 0.003668
DR: 0.041923999999999996
RR: 0.072503
DD: 0.0037949999999999998
DR: 0.042115
RR: 0.072619
DD: 0.0037459999999999998
DR: 0.041968
RR: 0.071125
DD: 0.003652
DR: 0.041698
RR: 0.070964
DD: 0.0037129999999999997
DR: 0.041978999999999995
RR: 0.071466
DD: 0.0037359999999999997
DR: 0.041761
RR: 0.071799
DD: 0.003679
DR: 0.041842
RR: 0.07270499999999999
DD: 0.003774
DR: 0.042441
RR: 0.073493
DD: 0.003855
DR: 0.042636
RR: 0.075125
DD: 0.00458
DR: 0.043082999999999996
RR: 0.075498
DD: 0.003864
DR: 0.043066
RR: 0.07639499999999999
DD: 0.0038759999999999997
DR: 0.042828
RR: 0.07448199999999999
DD: 0.00381
DR: 0.042963999999999995
RR: 0.074072
DD: 0.003743
DR: 0.043017
RR: 0.075181
DD: 0.0038109999999999997
DR: 0.042963999999999995
RR: 0.07489200000000007
DD: 0.0037289999999999997
DR: 0.042255
RR: 0.07410599999999999
DD: 0.0036959999999999996
DR: 0.041929
RR: 0.07249799999999999
DD: 0.0037449999999999996
DR: 0.041801
RR: 0.072034
DD: 0.003675
DR: 0.042204
RR: 0.07227599999999999
DD: 0.003694
DR: 0.041879
RR: 0.071862
DD: 0.0037229999999999997
DR: 0.041846
RR: 0.072103
DD: 0.0036599999999999996
DR: 0.041919
RR: 0.072208
DD: 0.003666
DR: 0.041822
RR: 0.071923
saved to _G20.5_rmin0.001_rmax10.0_nbins20_zmin0.0zmax1.0_Lmax-26.0_N50_Planck_MC_b30
Pixels masked by MC but not already by selfunc: 40
G20.5_zmin0.0zmax1.0_Lmax-27.0: 0.60              776 vs 1922
/home/groups/tabel/mahlet/quaia-env/lib/python3.10/site-packages/Corrfunc/utils.py:918: UserWarning: One or more input array has non-native endianness!  A copy will be made with the correct endianness.
  warnings.warn("One or more input array has non-native endianness!  A copy will"\
DD: 0.001233
DR: 0.009266
RR: 0.011049
DD: 0.001313
DR: 0.010789
RR: 0.011165999999999999
DD: 0.001287
DR: 0.010452
RR: 0.011231
DD: 0.001339
DR: 0.010657
RR: 0.011299
DD: 0.0013579999999999998
DR: 0.010613
RR: 0.011242
DD: 0.0013469999999999999
DR: 0.010570999999999999
RR: 0.011203999999999999
DD: 0.001338
DR: 0.010554
RR: 0.011174
DD: 0.001351
DR: 0.010617999999999999
RR: 0.010905999999999999
DD: 0.0013449999999999998
DR: 0.010543
RR: 0.011236999999999999
DD: 0.001316
DR: 0.010698
RR: 0.011219
DD: 0.001305
DR: 0.010806
RR: 0.011330999999999999
DD: 0.00131
DR: 0.010823
RR: 0.011056
DD: 0.001414
DR: 0.010974
RR: 0.011398
DD: 0.001305
DR: 0.010992
RR: 0.011415
DD: 0.001282
DR: 0.011007999999999999
RR: 0.011479
DD: 0.001274
DR: 0.01094
RR: 0.011363
DD: 0.0013
DR: 0.010835
RR: 0.011387999999999999
DD: 0.0013059999999999999
DR: 0.010898999999999999
RR: 0.011332
DD: 0.001284
DR: 0.010751
RR: 0.011032
DD: 0.001323
DR: 0.010879999999999999
RR: 0.011197
DD: 0.001287
DR: 0.010706
RR: 0.011172999999999999
DD: 0.001279
DR: 0.010681
RR: 0.011113
DD: 0.001281
DR: 0.010626
RR: 0.011087999999999999
DD: 0.001279
DR: 0.010598999999999999
RR: 0.011120999999999999
DD: 0.001266
DR: 0.010556
RR: 0.011064999999999992
DD: 0.001302
DR: 0.010577999999999999
RR: 0.011037
DD: 0.001264
DR: 0.010700999999999999
RR: 0.01112
DD: 0.001249
DR: 0.010372
RR: 0.011425999999999999
DD: 0.0012649999999999998
DR: 0.010358
RR: 0.011304999999999999
DD: 0.001357
DR: 0.010718
RR: 0.011183
DD: 0.001295
DR: 0.010787999999999999
RR: 0.011434
DD: 0.0013109999999999999
DR: 0.010987
RR: 0.011170999999999999
DD: 0.001384
DR: 0.011031
RR: 0.01112
DD: 0.0013809999999999998
DR: 0.010921
RR: 0.011148
DD: 0.0013859999999999999
DR: 0.010959
RR: 0.011276999999999999
DD: 0.0013189999999999999
DR: 0.010962999999999999
RR: 0.011351
DD: 0.00133
DR: 0.011089
RR: 0.011387999999999999
DD: 0.001321
DR: 0.011092999999999999
RR: 0.011734999999999999
DD: 0.001344
DR: 0.011441
RR: 0.011951999999999999
DD: 0.0013729999999999999
DR: 0.011508
RR: 0.011935
DD: 0.001352
DR: 0.011281
RR: 0.011621999999999999
DD: 0.0013239999999999999
DR: 0.011068
RR: 0.011566
DD: 0.001298
DR: 0.010973
RR: 0.011411
DD: 0.0013009999999999999
DR: 0.010855
RR: 0.011340999999999999
DD: 0.001299
DR: 0.010981
RR: 0.011382
DD: 0.001322
DR: 0.010872999999999999
RR: 0.011380999999999999
DD: 0.001303
DR: 0.010778999999999999
RR: 0.011231
DD: 0.0012879999999999999
DR: 0.010757
RR: 0.011235
DD: 0.001282
DR: 0.010775
RR: 0.011215
DD: 0.001259
DR: 0.010794
RR: 0.011191999999999999
/oak/stanford/orgs/kipac/users/mahlet/quaia_bias/scripts/jackknife.py:218: RuntimeWarning: Mean of empty slice
  cf_mean = np.nanmean(cf_jackknife, axis = 0)  # is it ok to ignore nan values?
saved to _G20.5_rmin0.001_rmax10.0_nbins20_zmin0.0zmax1.0_Lmax-27.0_N50_Planck_MC_b30
Pixels masked by MC but not already by selfunc: 4785
G20.5_zmin1.0zmax2.0_Lmax-20.0: 0.30              453228 vs 648196
/home/groups/tabel/mahlet/quaia-env/lib/python3.10/site-packages/Corrfunc/utils.py:918: UserWarning: One or more input array has non-native endianness!  A copy will be made with the correct endianness.
  warnings.warn("One or more input array has non-native endianness!  A copy will"\
DD: 0.28574900000000003
DR: 13.864542
RR: 132.753559
DD: 0.281819
DR: 13.914622
RR: 131.630618
DD: 0.282201
DR: 13.951759
RR: 133.302657
DD: 0.304471
DR: 14.887377
RR: 147.986817
DD: 0.29936199999999996
DR: 15.03501
RR: 148.988045
DD: 0.32862199999999997
DR: 15.310563
RR: 150.935346
DD: 0.30561400000000005
DR: 15.202715
RR: 145.496533
DD: 0.283263
DR: 14.09602
RR: 133.56152
DD: 0.28643700000000005
DR: 13.969182
RR: 134.111466
DD: 0.28487300000000004
DR: 14.198698
RR: 144.479592
DD: 0.299597
DR: 14.716547
RR: 143.140496
DD: 0.278427
DR: 14.68995
RR: 149.575172
DD: 0.30374500000000004
DR: 15.206781
RR: 148.80277
DD: 0.30863399999999996
DR: 14.826794
RR: 140.71665
DD: 0.292752
DR: 14.712644
RR: 139.526695
DD: 0.292132
DR: 14.102739
RR: 142.842925
DD: 0.293474
DR: 14.841035
RR: 139.293877
DD: 0.290265
DR: 14.593149
RR: 135.705047
DD: 0.289856
DR: 14.186087
RR: 136.046031
DD: 0.28282799999999997
DR: 13.41186
RR: 135.061694
DD: 0.28432999999999997
DR: 13.641864
RR: 133.662793
DD: 0.28107800000000005
DR: 13.511265999999999
RR: 132.198477
DD: 0.278927
DR: 14.012322
RR: 131.578574
DD: 0.275682
DR: 14.050695
RR: 131.313108
DD: 0.28110199999999996
DR: 13.936683
RR: 130.573738
DD: 0.269951
DR: 13.838117
RR: 130.300721
DD: 0.278713
DR: 13.372519
RR: 128.920821
DD: 0.26529100000000005
DR: 13.215976
RR: 130.3605
DD: 0.26783599999999996
DR: 13.67841
RR: 131.377605
DD: 0.272155
DR: 14.058774
RR: 131.950647
DD: 0.28096
DR: 13.792176
RR: 132.291461
DD: 0.301347
DR: 14.216159
RR: 132.248288
DD: 0.293923
DR: 14.488155
RR: 134.433123
DD: 0.289759
DR: 13.914308
RR: 134.692635
DD: 0.28704999999999997
DR: 13.963656
RR: 135.711863
DD: 0.289724
DR: 13.975938
RR: 137.435362
DD: 0.297053
DR: 14.244499
RR: 139.002517
DD: 0.310428
DR: 14.454372
RR: 141.199793
DD: 0.287543
DR: 14.579575
RR: 140.797736
DD: 0.292374
DR: 14.379044
RR: 139.547821
DD: 0.284019
DR: 14.703918
RR: 140.436758
DD: 0.286497
DR: 14.108951
RR: 140.492176
DD: 0.290915
DR: 14.47419
RR: 138.341736
DD: 0.29087999999999997
DR: 14.001293
RR: 136.957971
DD: 0.273169
DR: 14.02671
RR: 136.027828
DD: 0.29153
DR: 14.254177
RR: 133.237191
DD: 0.273898
DR: 13.997228
RR: 132.94884
DD: 0.27341000000000004
DR: 13.859909
RR: 129.843939
DD: 0.281977
DR: 13.955047
RR: 131.905243
DD: 0.282381
DR: 14.206875
RR: 131.934004
saved to _G20.5_rmin0.001_rmax10.0_nbins20_zmin1.0zmax2.0_Lmax-20.0_N50_Planck_MC_b30
Pixels masked by MC but not already by selfunc: 3840
G20.5_zmin1.0zmax2.0_Lmax-25.0: 0.33              336125 vs 502242
/home/groups/tabel/mahlet/quaia-env/lib/python3.10/site-packages/Corrfunc/utils.py:918: UserWarning: One or more input array has non-native endianness!  A copy will be made with the correct endianness.
  warnings.warn("One or more input array has non-native endianness!  A copy will"\
DD: 0.177842
DR: 8.063806
RR: 70.670296
DD: 0.165012
DR: 7.984749
RR: 69.45313
DD: 0.171784
DR: 8.035032
RR: 71.734561
DD: 0.17117800000000005
DR: 7.96164
RR: 69.41906
DD: 0.170811
DR: 8.193951
RR: 69.984291
DD: 0.168367
DR: 8.027171
RR: 69.609257
DD: 0.16542099999999998
DR: 8.649322
RR: 71.511968
DD: 0.173613
DR: 8.081639
RR: 70.742271
DD: 0.169928
DR: 8.08477
RR: 70.29252
DD: 0.17876699999999998
DR: 8.425239
RR: 71.2997
DD: 0.172219
DR: 8.309101
RR: 72.026993
DD: 0.17413199999999998
DR: 8.31344
RR: 73.988688
DD: 0.17622800000000005
DR: 8.391976
RR: 73.883843
DD: 0.17294299999999999
DR: 8.304726
RR: 74.602317
DD: 0.175207
DR: 8.498602
RR: 74.217005
DD: 0.17610399999999998
DR: 8.328776
RR: 73.475497
DD: 0.18068299999999998
DR: 8.293618
RR: 73.57282
DD: 0.172844
DR: 8.257633
RR: 72.62268
DD: 0.171918
DR: 8.113915
RR: 72.950643
DD: 0.17468999999999998
DR: 8.078946
RR: 70.56569
DD: 0.165791
DR: 8.240537
RR: 70.095439
DD: 0.174417
DR: 8.128885
RR: 70.029496
DD: 0.16921799999999998
DR: 7.955903
RR: 69.086273
DD: 0.165407
DR: 7.893264
RR: 68.591681
DD: 0.167131
DR: 7.9196
RR: 69.400442
DD: 0.171936
DR: 7.866456
RR: 69.50514
DD: 0.171322
DR: 7.981339
RR: 68.615583
DD: 0.163514
DR: 8.338591
RR: 68.85126
DD: 0.171657
DR: 8.022067
RR: 70.280095
DD: 0.165761
DR: 7.950576
RR: 68.559372
DD: 0.167128
DR: 7.913877
RR: 68.334149
DD: 0.170714
DR: 8.071154
RR: 69.2985
DD: 0.172721
DR: 8.099082
RR: 72.934713
DD: 0.173621
DR: 8.145045
RR: 69.813308
DD: 0.17418899999999998
DR: 8.129527
RR: 70.366186
DD: 0.176453
DR: 8.229084
RR: 71.660219
DD: 0.169512
DR: 8.298026
RR: 75.352275
DD: 0.173422
DR: 8.412243
RR: 73.947519
DD: 0.18109000000000008
DR: 8.41366
RR: 74.228642
DD: 0.18354499999999999
DR: 8.234665
RR: 74.555842
DD: 0.18078100000000008
DR: 8.408209
RR: 73.676816
DD: 0.178829
DR: 8.41456
RR: 72.744725
DD: 0.18053
DR: 8.242921
RR: 72.385021
DD: 0.17737699999999998
DR: 8.159956
RR: 71.939361
DD: 0.177026
DR: 8.111921
RR: 71.097645
DD: 0.17414
DR: 8.04856
RR: 68.669444
DD: 0.174251
DR: 8.044712
RR: 69.806932
DD: 0.17316299999999998
DR: 8.125508
RR: 69.443181
DD: 0.167105
DR: 7.927167
RR: 69.084952
DD: 0.165993
DR: 7.979763
RR: 70.398576
saved to _G20.5_rmin0.001_rmax10.0_nbins20_zmin1.0zmax2.0_Lmax-25.0_N50_Planck_MC_b30
Pixels masked by MC but not already by selfunc: 1559
G20.5_zmin1.0zmax2.0_Lmax-26.0: 0.40              110789 vs 185134
/home/groups/tabel/mahlet/quaia-env/lib/python3.10/site-packages/Corrfunc/utils.py:918: UserWarning: One or more input array has non-native endianness!  A copy will be made with the correct endianness.
  warnings.warn("One or more input array has non-native endianness!  A copy will"\
DD: 0.036985
DR: 1.2991320000000002
RR: 7.119269
DD: 0.036244
DR: 1.305081
RR: 7.181083
DD: 0.03694
DR: 1.2924090000000001
RR: 7.205209
DD: 0.053883
DR: 1.283992
RR: 7.078091
DD: 0.035703
DR: 1.3005200000000001
RR: 7.198597
DD: 0.037009
DR: 1.296073
RR: 7.13362
DD: 0.036925
DR: 1.3044959999999999
RR: 7.140561
DD: 0.037055
DR: 1.304459
RR: 7.159529
DD: 0.036529
DR: 1.304691
RR: 7.2227879999999995
DD: 0.037167
DR: 1.302837
RR: 7.655584
DD: 0.038969
DR: 1.368025
RR: 7.536591
DD: 0.038056
DR: 1.334995
RR: 7.45873
DD: 0.03689100000000001
DR: 1.347486
RR: 7.33047
DD: 0.036705999999999996
DR: 1.347707
RR: 7.673108
DD: 0.037225999999999995
DR: 1.3651360000000001
RR: 7.777718
DD: 0.038780999999999996
DR: 1.384225
RR: 7.7914010000000005
DD: 0.037667
DR: 1.36039
RR: 7.623187
DD: 0.037731
DR: 1.339652
RR: 7.537983
DD: 0.036753999999999995
DR: 1.314696
RR: 7.531158
DD: 0.036219
DR: 1.338463
RR: 7.771558
DD: 0.037878999999999996
DR: 1.354855
RR: 7.535822
DD: 0.036247999999999996
DR: 1.31461
RR: 7.306782
DD: 0.036316
DR: 1.298497
RR: 6.99911
DD: 0.035108
DR: 1.262025
RR: 7.233643
DD: 0.035786
DR: 1.293594
RR: 7.202973
DD: 0.035581999999999996
DR: 1.287541
RR: 7.242141
DD: 0.037626
DR: 1.286282
RR: 7.182071
DD: 0.036508
DR: 1.2903419999999999
RR: 7.146481
DD: 0.035984999999999996
DR: 1.279698
RR: 7.108045
DD: 0.035675
DR: 1.291973
RR: 7.046921
DD: 0.035886999999999995
DR: 1.263547
RR: 7.11949
DD: 0.036853
DR: 1.294913
RR: 7.097395
DD: 0.035677
DR: 1.288993
RR: 7.116972
DD: 0.035938
DR: 1.301873
RR: 7.189066
DD: 0.035913
DR: 1.310629
RR: 7.204058
DD: 0.036162
DR: 1.321204
RR: 7.328701
DD: 0.036617
DR: 1.334035
RR: 7.481277
DD: 0.03749400000000003
DR: 1.343088
RR: 7.461664
DD: 0.036889
DR: 1.3446500000000001
RR: 7.49298
DD: 0.036913999999999995
DR: 1.339599
RR: 7.474727
DD: 0.036955
DR: 1.3453819999999999
RR: 7.533879
DD: 0.036495
DR: 1.329887
RR: 7.563074
DD: 0.037377
DR: 1.337361
RR: 7.904769
DD: 0.038706
DR: 1.3680340000000002
RR: 7.581167
DD: 0.03648
DR: 1.3183289999999999
RR: 7.240255
DD: 0.036038
DR: 1.286975
RR: 7.227893
DD: 0.037014
DR: 1.274554
RR: 7.290823
DD: 0.03560300000000005
DR: 1.300779
RR: 7.149928
DD: 0.0358710000000001
DR: 1.2854610000000002
RR: 7.184727
DD: 0.03664
DR: 1.2912029999999999
RR: 7.10315
saved to _G20.5_rmin0.001_rmax10.0_nbins20_zmin1.0zmax2.0_Lmax-26.0_N50_Planck_MC_b30
Pixels masked by MC but not already by selfunc: 379
G20.5_zmin1.0zmax2.0_Lmax-27.0: 0.46              20750 vs 38757
/home/groups/tabel/mahlet/quaia-env/lib/python3.10/site-packages/Corrfunc/utils.py:918: UserWarning: One or more input array has non-native endianness!  A copy will be made with the correct endianness.
  warnings.warn("One or more input array has non-native endianness!  A copy will"\
DD: 0.007318
DR: 0.14308099999999999
RR: 0.37879799999999997
DD: 0.0071059999999999995
DR: 0.141168
RR: 0.378059
DD: 0.007084
DR: 0.14132100000000003
RR: 0.377923
DD: 0.007101
DR: 0.140981
RR: 0.374396
DD: 0.007064
DR: 0.139947
RR: 0.3744350000000001
DD: 0.007091
DR: 0.14088599999999998
RR: 0.376074
DD: 0.0070599999999999994
DR: 0.140366
RR: 0.375752
DD: 0.007057
DR: 0.140595
RR: 0.37691399999999997
DD: 0.007057
DR: 0.1417710000000001
RR: 0.379505
DD: 0.007161
DR: 0.142265
RR: 0.38392100000000007
DD: 0.0071519999999999995
DR: 0.144129
RR: 0.389197
DD: 0.0071779999999999995
DR: 0.144334
RR: 0.39235200000000003
DD: 0.007235999999999999
DR: 0.145458
RR: 0.394963
DD: 0.007208999999999999
DR: 0.145456
RR: 0.39436699999999997
DD: 0.007255999999999999
DR: 0.14558800000000005
RR: 0.392688
DD: 0.007305
DR: 0.14589
RR: 0.393839
DD: 0.00726
DR: 0.145246
RR: 0.391787
DD: 0.0071719999999999996
DR: 0.14421599999999998
RR: 0.38802800000000004
DD: 0.0071319999999999995
DR: 0.14246599999999998
RR: 0.384173
DD: 0.007154
DR: 0.14188699999999999
RR: 0.38170299999999996
DD: 0.007141
DR: 0.14249900000000004
RR: 0.382385
DD: 0.007170999999999999
DR: 0.14208199999999999
RR: 0.379125
DD: 0.007039999999999999
DR: 0.141853
RR: 0.37903200000000004
DD: 0.007032999999999999
DR: 0.141298
RR: 0.376545
DD: 0.007057
DR: 0.14091599999999999
RR: 0.376171
DD: 0.007115
DR: 0.14133199999999999
RR: 0.37689
DD: 0.007076
DR: 0.140715
RR: 0.379442
DD: 0.007232
DR: 0.142471
RR: 0.380575
DD: 0.007163
DR: 0.14196599999999998
RR: 0.38132
DD: 0.007163
DR: 0.14260299999999998
RR: 0.379627
DD: 0.00703
DR: 0.14102299999999998
RR: 0.37778
DD: 0.007049
DR: 0.140706
RR: 0.377499
DD: 0.007052
DR: 0.141173
RR: 0.37915
DD: 0.007142
DR: 0.14208099999999999
RR: 0.38121000000000005
DD: 0.0072169999999999995
DR: 0.14371699999999998
RR: 0.38392400000000004
DD: 0.007193
DR: 0.14435499999999998
RR: 0.388754
DD: 0.007228999999999999
DR: 0.144166
RR: 0.393219
DD: 0.007880999999999999
DR: 0.14792500000000008
RR: 0.39558699999999997
DD: 0.007266
DR: 0.145066
RR: 0.39561599999999997
DD: 0.0072109999999999995
DR: 0.14565799999999998
RR: 0.39651500000000006
DD: 0.0072569999999999996
DR: 0.146263
RR: 0.3960600000000001
DD: 0.007189999999999999
DR: 0.144266
RR: 0.39340300000000006
DD: 0.0072109999999999995
DR: 0.143836
RR: 0.388308
DD: 0.007123999999999999
DR: 0.141957
RR: 0.385561
DD: 0.0070929999999999995
DR: 0.140921
RR: 0.38060099999999997
DD: 0.007096
DR: 0.141501
RR: 0.381437
DD: 0.007114
DR: 0.141793
RR: 0.379247
DD: 0.0070999999999999995
DR: 0.141454
RR: 0.379943
DD: 0.007078
DR: 0.141222
RR: 0.379318
DD: 0.00707
DR: 0.14112000000000002
RR: 0.37910099999999997
saved to _G20.5_rmin0.001_rmax10.0_nbins20_zmin1.0zmax2.0_Lmax-27.0_N50_Planck_MC_b30
Pixels masked by MC but not already by selfunc: 2764
G20.5_zmin2.0zmax3.0_Lmax-20.0: 0.28              207602 vs 286508
/home/groups/tabel/mahlet/quaia-env/lib/python3.10/site-packages/Corrfunc/utils.py:918: UserWarning: One or more input array has non-native endianness!  A copy will be made with the correct endianness.
  warnings.warn("One or more input array has non-native endianness!  A copy will"\
DD: 0.08605399999999999
DR: 3.531558
RR: 25.823301
DD: 0.082693
DR: 3.481404
RR: 25.828072
DD: 0.08421999999999999
DR: 3.524376
RR: 25.215651
DD: 0.082359
DR: 3.607493
RR: 26.85167
DD: 0.085175
DR: 3.46497
RR: 25.790758
DD: 0.084183
DR: 3.473998
RR: 26.078644
DD: 0.08349
DR: 3.545011
RR: 26.31633
DD: 0.086421
DR: 3.541236
RR: 25.78676
DD: 0.085467
DR: 3.552161
RR: 26.117209
DD: 0.086798
DR: 3.565616
RR: 26.75204
DD: 0.088756
DR: 3.60202
RR: 26.794432
DD: 0.086656
DR: 3.629894
RR: 27.035688
DD: 0.087713
DR: 3.6493510000000002
RR: 27.910781
DD: 0.08733100000000005
DR: 3.658854
RR: 27.807518
DD: 0.089042
DR: 3.658726
RR: 27.03478
DD: 0.086244
DR: 3.632326
RR: 26.980473
DD: 0.08854999999999999
DR: 3.666964
RR: 27.160317
DD: 0.086806
DR: 3.641788
RR: 26.614789
DD: 0.08629099999999999
DR: 3.589193
RR: 27.219624
DD: 0.08734000000000008
DR: 3.534698
RR: 26.173209
DD: 0.085806
DR: 3.512023
RR: 26.110674
DD: 0.083373
DR: 3.49856
RR: 26.240919
DD: 0.085036
DR: 3.447995
RR: 25.250404
DD: 0.08280699999999999
DR: 3.440896
RR: 25.970183
DD: 0.08542799999999999
DR: 3.473769
RR: 25.578533
DD: 0.08259899999999999
DR: 3.437755
RR: 26.013869
DD: 0.084213
DR: 3.440794
RR: 25.67342
DD: 0.08261099999999999
DR: 3.461885
RR: 25.207673
DD: 0.082818
DR: 3.4638809999999998
RR: 26.915689
DD: 0.087457
DR: 3.459281
RR: 25.586486999999998
DD: 0.08393199999999999
DR: 3.473106
RR: 25.609795
DD: 0.08472299999999999
DR: 3.506992
RR: 25.958312
DD: 0.085613
DR: 3.52471
RR: 25.366466
DD: 0.085551
DR: 3.517161
RR: 25.852025
DD: 0.08530499999999999
DR: 3.566049
RR: 26.524306
DD: 0.08707899999999999
DR: 3.597845
RR: 26.459882
DD: 0.08842799999999999
DR: 3.795629
RR: 27.82682
DD: 0.08574
DR: 3.718299
RR: 28.116763
DD: 0.088461
DR: 3.652759
RR: 27.324908
DD: 0.08743999999999999
DR: 3.632355
RR: 28.166179
DD: 0.089047
DR: 3.651475
RR: 27.779174
DD: 0.089423
DR: 3.62517
RR: 27.474728
DD: 0.087417
DR: 3.585451
RR: 26.97698
DD: 0.08648900000000004
DR: 3.572107
RR: 26.709721
DD: 0.08680199999999999
DR: 3.5711180000000002
RR: 26.694675
DD: 0.08635699999999999
DR: 3.507577
RR: 25.922866
DD: 0.08645600000000009
DR: 3.482385
RR: 26.193285
DD: 0.085334
DR: 3.511654
RR: 25.918058
DD: 0.082387
DR: 3.470876
RR: 25.617227
DD: 0.08561099999999999
DR: 3.4949060000000003
RR: 25.691203
saved to _G20.5_rmin0.001_rmax10.0_nbins20_zmin2.0zmax3.0_Lmax-20.0_N50_Planck_MC_b30
Pixels masked by MC but not already by selfunc: 2764
G20.5_zmin2.0zmax3.0_Lmax-25.0: 0.28              207602 vs 286508
/home/groups/tabel/mahlet/quaia-env/lib/python3.10/site-packages/Corrfunc/utils.py:918: UserWarning: One or more input array has non-native endianness!  A copy will be made with the correct endianness.
  warnings.warn("One or more input array has non-native endianness!  A copy will"\
DD: 0.088265
DR: 3.552648
RR: 26.224532
DD: 0.084271
DR: 3.46569
RR: 25.544248
DD: 0.085217
DR: 3.42783
RR: 25.555373
DD: 0.083825
DR: 3.4642
RR: 25.378736
DD: 0.083715
DR: 3.453468
RR: 25.631315
DD: 0.083774
DR: 3.516155
RR: 25.788588
DD: 0.08573599999999999
DR: 3.490427
RR: 25.90662
DD: 0.08398000000000005
DR: 3.586244
RR: 26.618485
DD: 0.08670499999999999
DR: 3.546415
RR: 26.152331
DD: 0.08530599999999999
DR: 3.532818
RR: 26.545338
DD: 0.08713699999999999
DR: 3.545621
RR: 26.534681
DD: 0.08800999999999999
DR: 3.584376
RR: 27.203834
DD: 0.0889040000000001
DR: 3.620704
RR: 26.944919
DD: 0.089308
DR: 3.639922
RR: 27.346678
DD: 0.087687
DR: 3.648244
RR: 27.254479
DD: 0.08771799999999999
DR: 3.654197
RR: 27.077756
DD: 0.090033
DR: 3.639954
RR: 27.10924
DD: 0.087946
DR: 3.60254
RR: 27.363602
DD: 0.086475
DR: 3.551316
RR: 26.678033
DD: 0.08480599999999999
DR: 3.485845
RR: 25.977155
DD: 0.08552799999999999
DR: 3.4833
RR: 26.02127
DD: 0.084482
DR: 3.475033
RR: 25.334308
DD: 0.084836
DR: 3.439044
RR: 25.680042
DD: 0.08337499999999999
DR: 3.443211
RR: 25.666449
DD: 0.084952
DR: 3.461974
RR: 25.455278
DD: 0.08494399999999999
DR: 3.434933
RR: 25.410373
DD: 0.083525
DR: 3.445208
RR: 25.633161
DD: 0.083409
DR: 3.436925
RR: 25.531666
DD: 0.083643
DR: 3.442356
RR: 25.44679
DD: 0.083588
DR: 3.435915
RR: 25.680534
DD: 0.08658099999999999
DR: 3.486768
RR: 25.429299
DD: 0.084962
DR: 3.464495
RR: 25.911919
DD: 0.086406
DR: 3.489252
RR: 26.105952
DD: 0.08494199999999999
DR: 3.539891
RR: 26.043037
DD: 0.087484
DR: 3.530029
RR: 26.31062
DD: 0.085522
DR: 3.516977
RR: 26.896815
DD: 0.08982899999999999
DR: 3.595748
RR: 27.121702
DD: 0.088667
DR: 3.652306
RR: 27.411929
DD: 0.088962
DR: 3.644496
RR: 27.161175
DD: 0.087536
DR: 3.676493
RR: 27.217107
DD: 0.08894099999999999
DR: 3.677058
RR: 27.343145
DD: 0.087783
DR: 3.6012370000000002
RR: 27.405496
DD: 0.08696899999999999
DR: 3.582173
RR: 27.070918
DD: 0.087619
DR: 3.58211
RR: 26.605046
DD: 0.086381
DR: 3.551544
RR: 26.567658
DD: 0.085661
DR: 3.492769
RR: 26.285451
DD: 0.086409
DR: 3.463974
RR: 26.011193
DD: 0.085559
DR: 3.475081
RR: 25.585033
DD: 0.08634800000000009
DR: 3.457116
RR: 26.62564
DD: 0.08372299999999999
DR: 3.452818
RR: 25.669462
saved to _G20.5_rmin0.001_rmax10.0_nbins20_zmin2.0zmax3.0_Lmax-25.0_N50_Planck_MC_b30
Pixels masked by MC but not already by selfunc: 2573
G20.5_zmin2.0zmax3.0_Lmax-26.0: 0.29              184109 vs 259755
/home/groups/tabel/mahlet/quaia-env/lib/python3.10/site-packages/Corrfunc/utils.py:918: UserWarning: One or more input array has non-native endianness!  A copy will be made with the correct endianness.
  warnings.warn("One or more input array has non-native endianness!  A copy will"\
DD: 0.072085
DR: 2.82041
RR: 19.809719
DD: 0.070899
DR: 2.813425
RR: 19.673389
DD: 0.07155399999999999
DR: 2.815182
RR: 19.534928999999998
DD: 0.071342
DR: 2.851889
RR: 19.716345
DD: 0.06905100000000008
DR: 2.800385
RR: 20.018941
DD: 0.07257
DR: 2.828171
RR: 19.803798
DD: 0.07173399999999999
DR: 2.823261
RR: 19.783049
DD: 0.07236600000000004
DR: 2.850182
RR: 19.891087
DD: 0.071004
DR: 2.91433
RR: 20.109406
DD: 0.07255
DR: 2.859342
RR: 20.148614
DD: 0.072785
DR: 2.900791
RR: 20.43745
DD: 0.073282
DR: 2.940522
RR: 20.566393
DD: 0.074317
DR: 2.964633
RR: 20.592895
DD: 0.072737
DR: 3.01312
RR: 21.005738
DD: 0.07473300000000005
DR: 2.947162
RR: 20.834839
DD: 0.075279
DR: 2.967025
RR: 20.852614
DD: 0.074007
DR: 2.951297
RR: 20.723446
DD: 0.074325
DR: 2.923092
RR: 20.341144
DD: 0.07298099999999999
DR: 2.889711
RR: 20.366923
DD: 0.071565
DR: 2.838539
RR: 19.866801
DD: 0.071875
DR: 2.831226
RR: 19.859973
DD: 0.070878
DR: 2.818181
RR: 19.733948
DD: 0.070142
DR: 2.835697
RR: 19.716909
DD: 0.07116399999999999
DR: 2.768302
RR: 20.101605
DD: 0.070952
DR: 2.818655
RR: 19.344274
DD: 0.07048
DR: 2.798952
RR: 19.633356
DD: 0.075279
DR: 2.812051
RR: 19.508576
DD: 0.070508
DR: 2.8515509999999997
RR: 19.492871
DD: 0.07083099999999999
DR: 2.836353
RR: 19.665866
DD: 0.07082600000000006
DR: 2.811911
RR: 19.438656
DD: 0.071104
DR: 2.838339
RR: 19.725083
DD: 0.071507
DR: 2.844004
RR: 19.785498
DD: 0.072235
DR: 2.825097
RR: 19.806873
DD: 0.07141
DR: 2.859542
RR: 20.047853
DD: 0.072197
DR: 2.890319
RR: 20.236914
DD: 0.07243999999999999
DR: 2.882425
RR: 20.461615
DD: 0.07271999999999999
DR: 2.943167
RR: 20.723563
DD: 0.074899
DR: 2.948919
RR: 20.74891
DD: 0.074807
DR: 2.956248
RR: 20.841326
DD: 0.07432899999999999
DR: 2.97448
RR: 20.937094
DD: 0.072951
DR: 2.916424
RR: 20.966458
DD: 0.07544
DR: 2.946556
RR: 20.847756
DD: 0.073589
DR: 2.912797
RR: 20.608547
DD: 0.072146
DR: 2.898694
RR: 20.170404
DD: 0.07207
DR: 2.953961
RR: 20.392305
DD: 0.07243999999999999
DR: 2.841292
RR: 19.548517
DD: 0.069976
DR: 2.895623
RR: 20.663927
DD: 0.069771
DR: 2.865726
RR: 20.626944
DD: 0.07729699999999999
DR: 3.026382
RR: 21.0981
DD: 0.074487
DR: 2.987374
RR: 20.313615
saved to _G20.5_rmin0.001_rmax10.0_nbins20_zmin2.0zmax3.0_Lmax-26.0_N50_Planck_MC_b30
Pixels masked by MC but not already by selfunc: 1053
G20.5_zmin2.0zmax3.0_Lmax-27.0: 0.37              64747 vs 103123
/home/groups/tabel/mahlet/quaia-env/lib/python3.10/site-packages/Corrfunc/utils.py:918: UserWarning: One or more input array has non-native endianness!  A copy will be made with the correct endianness.
  warnings.warn("One or more input array has non-native endianness!  A copy will"\
DD: 0.020429
DR: 0.586822
RR: 2.423097
DD: 0.01941
DR: 0.569966
RR: 2.446111
DD: 0.019975
DR: 0.580777
RR: 2.421786
DD: 0.019625999999999998
DR: 0.574628
RR: 2.4292860000000003
DD: 0.01945
DR: 0.564686
RR: 2.425869
DD: 0.019384
DR: 0.5708310000000001
RR: 2.391798
DD: 0.019382999999999997
DR: 0.571052
RR: 2.451807
DD: 0.019384
DR: 0.574812
RR: 2.457544
DD: 0.019641
DR: 0.579198
RR: 2.475998
DD: 0.01953
DR: 0.5760379999999999
RR: 2.476939
DD: 0.020137
DR: 0.5867089999999999
RR: 2.485453
DD: 0.019797
DR: 0.5813349999999999
RR: 2.510564
DD: 0.020024
DR: 0.582901
RR: 2.52408
DD: 0.020064
DR: 0.588422
RR: 2.548611
DD: 0.020042
DR: 0.5895589999999999
RR: 2.560921
DD: 0.021081
DR: 0.595977
RR: 2.5375769999999997
DD: 0.01999
DR: 0.581135
RR: 2.5122590000000002
DD: 0.019703
DR: 0.5786749999999999
RR: 2.497797
DD: 0.019511999999999998
DR: 0.573298
RR: 2.466425
DD: 0.019306999999999998
DR: 0.570937
RR: 2.447101
DD: 0.019281
DR: 0.564319
RR: 2.419678
DD: 0.019282
DR: 0.5641750000000001
RR: 2.427372
DD: 0.019367
DR: 0.566903
RR: 2.42179
DD: 0.019174
DR: 0.568195
RR: 2.421239
DD: 0.019264
DR: 0.566112
RR: 2.43844
DD: 0.019327
DR: 0.563832
RR: 2.422371
DD: 0.019355
DR: 0.560653
RR: 2.414052
DD: 0.019187
DR: 0.565645
RR: 2.4296699999999998
DD: 0.019391
DR: 0.5652
RR: 2.416778
DD: 0.019261
DR: 0.565823
RR: 2.399062
DD: 0.019159
DR: 0.563245
RR: 2.404102
DD: 0.019174
DR: 0.563159
RR: 2.407418
DD: 0.019195
DR: 0.567396
RR: 2.436369
DD: 0.019988
DR: 0.575669
RR: 2.456367
DD: 0.01943
DR: 0.5735199999999999
RR: 2.466027
DD: 0.019621
DR: 0.576852
RR: 2.51035
DD: 0.02019
DR: 0.584539
RR: 2.511261
DD: 0.019986
DR: 0.587215
RR: 2.545398
DD: 0.019908
DR: 0.5887150000000001
RR: 2.560696
DD: 0.020204
DR: 0.589294
RR: 2.559357
DD: 0.019958999999999998
DR: 0.591923
RR: 2.5662659999999997
DD: 0.020052
DR: 0.5876319999999999
RR: 2.549086
DD: 0.019670999999999998
DR: 0.582594
RR: 2.529303
DD: 0.019787
DR: 0.57982
RR: 2.470436
DD: 0.019333
DR: 0.56941
RR: 2.442351
DD: 0.019264999999999997
DR: 0.567985
RR: 2.437662
DD: 0.019339
DR: 0.56887
RR: 2.436438
DD: 0.019274
DR: 0.5654520000000001
RR: 2.438306
DD: 0.020163
DR: 0.570979
RR: 2.426171
DD: 0.019367
DR: 0.564427
RR: 2.437926
saved to _G20.5_rmin0.001_rmax10.0_nbins20_zmin2.0zmax3.0_Lmax-27.0_N50_Planck_MC_b30
Pixels masked by MC but not already by selfunc: 307
G20.5_zmin3.0zmax4.6_Lmax-20.0: 0.23              28043 vs 36458
/home/groups/tabel/mahlet/quaia-env/lib/python3.10/site-packages/Corrfunc/utils.py:918: UserWarning: One or more input array has non-native endianness!  A copy will be made with the correct endianness.
  warnings.warn("One or more input array has non-native endianness!  A copy will"\
DD: 0.009113999999999999
DR: 0.16891599999999998
RR: 0.45277600000000007
DD: 0.00904
DR: 0.169149
RR: 0.44976700000000003
DD: 0.009146
DR: 0.169039
RR: 0.452669
DD: 0.009004999999999999
DR: 0.17004999999999998
RR: 0.4519270000000001
DD: 0.009171
DR: 0.16914099999999999
RR: 0.45111199999999996
DD: 0.009167999999999999
DR: 0.17002599999999998
RR: 0.451762
DD: 0.009176
DR: 0.17019199999999998
RR: 0.455105
DD: 0.009067
DR: 0.17080099999999998
RR: 0.45230499999999996
DD: 0.009049999999999999
DR: 0.16969399999999998
RR: 0.455337
DD: 0.009184999999999999
DR: 0.17077699999999998
RR: 0.459877
DD: 0.009205999999999999
DR: 0.17215000000000003
RR: 0.465244
DD: 0.009174
DR: 0.1735190000000001
RR: 0.468534
DD: 0.009273
DR: 0.17380800000000007
RR: 0.470734
DD: 0.009183
DR: 0.17431400000000008
RR: 0.47328099999999995
DD: 0.009302999999999999
DR: 0.17443000000000008
RR: 0.47218299999999996
DD: 0.009141999999999999
DR: 0.17483400000000004
RR: 0.472809
DD: 0.009238
DR: 0.17391500000000004
RR: 0.47542399999999996
DD: 0.009285
DR: 0.17391500000000004
RR: 0.47176999999999997
DD: 0.009318
DR: 0.1737970000000001
RR: 0.46715199999999996
DD: 0.009167999999999999
DR: 0.171624
RR: 0.456573
DD: 0.008969
DR: 0.16864100000000004
RR: 0.454758
DD: 0.009342
DR: 0.16950199999999999
RR: 0.45225
DD: 0.009087999999999999
DR: 0.168041
RR: 0.450936
DD: 0.008927
DR: 0.168531
RR: 0.45241699999999996
DD: 0.009028
DR: 0.169365
RR: 0.451659
DD: 0.009075
DR: 0.168128
RR: 0.44972
DD: 0.009091
DR: 0.168287
RR: 0.448168
DD: 0.009002
DR: 0.167573
RR: 0.448704
DD: 0.009012
DR: 0.16891299999999998
RR: 0.447611
DD: 0.009047
DR: 0.168283
RR: 0.45093000000000005
DD: 0.009082
DR: 0.169017
RR: 0.450616
DD: 0.008945
DR: 0.16897199999999998
RR: 0.452465
DD: 0.00908
DR: 0.169147
RR: 0.453539
DD: 0.009067
DR: 0.17009
RR: 0.45552100000000006
DD: 0.009158
DR: 0.171645
RR: 0.459653
DD: 0.009186
DR: 0.171839
RR: 0.46296000000000004
DD: 0.009212999999999999
DR: 0.174171
RR: 0.46911500000000006
DD: 0.009200999999999999
DR: 0.17468499999999998
RR: 0.474058
DD: 0.009408999999999999
DR: 0.174815
RR: 0.47548500000000005
DD: 0.00928
DR: 0.17521699999999998
RR: 0.47566699999999995
DD: 0.009209
DR: 0.175233
RR: 0.473857
DD: 0.009283
DR: 0.174948
RR: 0.47123
DD: 0.009194000000000035
DR: 0.173406
RR: 0.468229
DD: 0.009152
DR: 0.17335399999999998
RR: 0.46393999999999996
DD: 0.009077
DR: 0.17137
RR: 0.46097899999999997
DD: 0.009103
DR: 0.170047
RR: 0.455364
DD: 0.009067
DR: 0.16863999999999998
RR: 0.452409
DD: 0.009013
DR: 0.168958
RR: 0.45311199999999996
DD: 0.0089
DR: 0.169342
RR: 0.452048
DD: 0.008959
DR: 0.16845200000000005
RR: 0.45258099999999996
saved to _G20.5_rmin0.001_rmax10.0_nbins20_zmin3.0zmax4.6_Lmax-20.0_N50_Planck_MC_b30
Pixels masked by MC but not already by selfunc: 307
G20.5_zmin3.0zmax4.6_Lmax-25.0: 0.23              28043 vs 36458
/home/groups/tabel/mahlet/quaia-env/lib/python3.10/site-packages/Corrfunc/utils.py:918: UserWarning: One or more input array has non-native endianness!  A copy will be made with the correct endianness.
  warnings.warn("One or more input array has non-native endianness!  A copy will"\
DD: 0.009105
DR: 0.16871899999999998
RR: 0.451619
DD: 0.009126
DR: 0.16855599999999998
RR: 0.45078399999999996
DD: 0.009103
DR: 0.169654
RR: 0.451511
DD: 0.00916
DR: 0.168005
RR: 0.448439
DD: 0.009072
DR: 0.168753
RR: 0.450156
DD: 0.009132
DR: 0.168989
RR: 0.455372
DD: 0.009124
DR: 0.170449
RR: 0.456584
DD: 0.009141999999999999
DR: 0.17056500000000008
RR: 0.458059
DD: 0.009138
DR: 0.17201300000000008
RR: 0.46157
DD: 0.009176
DR: 0.17214000000000007
RR: 0.464198
DD: 0.009136
DR: 0.172358
RR: 0.466136
DD: 0.009268
DR: 0.17488800000000004
RR: 0.47142599999999996
DD: 0.009248
DR: 0.1761020000000001
RR: 0.47137599999999996
DD: 0.009158999999999999
DR: 0.175307
RR: 0.471203
DD: 0.00925
DR: 0.17512400000000006
RR: 0.472059
DD: 0.00916
DR: 0.17479500000000003
RR: 0.46956699999999996
DD: 0.009255
DR: 0.1729050000000001
RR: 0.465682
DD: 0.009164
DR: 0.171877
RR: 0.465736
DD: 0.00915
DR: 0.171034
RR: 0.46036299999999997
DD: 0.009145
DR: 0.17082799999999998
RR: 0.461675
DD: 0.009202
DR: 0.171069
RR: 0.458383
DD: 0.009211
DR: 0.17033199999999998
RR: 0.453382
DD: 0.009068
DR: 0.16882999999999998
RR: 0.451324
DD: 0.008983999999999999
DR: 0.166923
RR: 0.44909600000000005
DD: 0.008957
DR: 0.167293
RR: 0.446607
DD: 0.008995999999999999
DR: 0.16722599999999999
RR: 0.4493710000000001
DD: 0.008964999999999999
DR: 0.167813
RR: 0.44881000000000004
DD: 0.009044
DR: 0.167872
RR: 0.450434
DD: 0.009106999999999999
DR: 0.168226
RR: 0.45313100000000006
DD: 0.009783
DR: 0.170104
RR: 0.45182600000000006
DD: 0.009023
DR: 0.16807999999999998
RR: 0.449307
DD: 0.008917
DR: 0.166981
RR: 0.4500120000000001
DD: 0.008990999999999999
DR: 0.167879
RR: 0.45432
DD: 0.009033
DR: 0.16918999999999998
RR: 0.454231
DD: 0.008990999999999999
DR: 0.16955499999999998
RR: 0.458424
DD: 0.009012
DR: 0.17058099999999998
RR: 0.46033799999999997
DD: 0.009079
DR: 0.170588
RR: 0.46498999999999996
DD: 0.009101999999999999
DR: 0.172784
RR: 0.466665
DD: 0.009134999999999999
DR: 0.17788099999999998
RR: 0.48412
DD: 0.009198999999999999
DR: 0.176806
RR: 0.481058
DD: 0.009337
DR: 0.175667
RR: 0.479201
DD: 0.009198
DR: 0.175308
RR: 0.47438199999999997
DD: 0.009245
DR: 0.17287
RR: 0.47144199999999997
DD: 0.009214
DR: 0.172173
RR: 0.465557
DD: 0.009120999999999999
DR: 0.171598
RR: 0.46119099999999996
DD: 0.008933
DR: 0.17002300000000004
RR: 0.45875699999999997
DD: 0.008905999999999999
DR: 0.169964
RR: 0.456609
DD: 0.008943
DR: 0.1693
RR: 0.456065
DD: 0.009124
DR: 0.16856300000000002
RR: 0.45647
DD: 0.00902
DR: 0.16900900000000008
RR: 0.456777
saved to _G20.5_rmin0.001_rmax10.0_nbins20_zmin3.0zmax4.6_Lmax-25.0_N50_Planck_MC_b30
Pixels masked by MC but not already by selfunc: 307
G20.5_zmin3.0zmax4.6_Lmax-26.0: 0.23              28043 vs 36458
/home/groups/tabel/mahlet/quaia-env/lib/python3.10/site-packages/Corrfunc/utils.py:918: UserWarning: One or more input array has non-native endianness!  A copy will be made with the correct endianness.
  warnings.warn("One or more input array has non-native endianness!  A copy will"\
DD: 0.009349
DR: 0.16997099999999998
RR: 0.45835499999999996
DD: 0.009065
DR: 0.169933
RR: 0.455818
DD: 0.009021999999999999
DR: 0.16981
RR: 0.45532
DD: 0.008956
DR: 0.16861199999999998
RR: 0.449681
DD: 0.008964999999999999
DR: 0.168237
RR: 0.454957
DD: 0.009084
DR: 0.168985
RR: 0.455536
DD: 0.009198
DR: 0.16979500000000003
RR: 0.459157
DD: 0.009184999999999999
DR: 0.17201200000000005
RR: 0.460188
DD: 0.009035
DR: 0.1711290000000001
RR: 0.45964
DD: 0.009023999999999999
DR: 0.17219300000000004
RR: 0.461091
DD: 0.009215
DR: 0.17177200000000004
RR: 0.464574
DD: 0.00926
DR: 0.173901
RR: 0.47307899999999997
DD: 0.009216
DR: 0.175035
RR: 0.47555
DD: 0.009216
DR: 0.17513900000000004
RR: 0.473692
DD: 0.009181
DR: 0.17338699999999999
RR: 0.476141
DD: 0.009223
DR: 0.175941
RR: 0.476479
DD: 0.009316999999999999
DR: 0.176088
RR: 0.471595
DD: 0.009082999999999999
DR: 0.173005
RR: 0.46556899999999996
DD: 0.009071
DR: 0.17102099999999998
RR: 0.460955
DD: 0.009023999999999999
DR: 0.17021999999999998
RR: 0.452492
DD: 0.008957999999999999
DR: 0.168005
RR: 0.445104
DD: 0.008872999999999999
DR: 0.165248
RR: 0.42571800000000004
DD: 0.008862
DR: 0.16649899999999998
RR: 0.445685
DD: 0.00882
DR: 0.165371
RR: 0.44602300000000006
DD: 0.008874
DR: 0.165547
RR: 0.444171
DD: 0.008794999999999999
DR: 0.165243
RR: 0.44887200000000005
DD: 0.008863
DR: 0.166689
RR: 0.44898800000000005
DD: 0.00887
DR: 0.166041
RR: 0.44689600000000007
DD: 0.008877
DR: 0.166215
RR: 0.44864100000000007
DD: 0.008793
DR: 0.166233
RR: 0.450662
DD: 0.008902
DR: 0.166965
RR: 0.450694
DD: 0.008857
DR: 0.166514
RR: 0.455945
DD: 0.009037
DR: 0.16888899999999998
RR: 0.456105
DD: 0.008947
DR: 0.171018
RR: 0.454887
DD: 0.009274
DR: 0.17326999999999998
RR: 0.480407
DD: 0.009507999999999999
DR: 0.179945
RR: 0.493869
DD: 0.009498
DR: 0.18096199999999998
RR: 0.498172
DD: 0.009642999999999999
DR: 0.18140799999999999
RR: 0.49420699999999995
DD: 0.009526999999999999
DR: 0.178971
RR: 0.49536
DD: 0.010164999999999999
DR: 0.18007199999999998
RR: 0.49040300000000003
DD: 0.009451
DR: 0.17821099999999998
RR: 0.485421
DD: 0.009368999999999999
DR: 0.177313
RR: 0.478514
DD: 0.009318
DR: 0.176899
RR: 0.484287
DD: 0.009215
DR: 0.17532399999999998
RR: 0.47641200000000006
DD: 0.00923
DR: 0.173754
RR: 0.469391
DD: 0.0091
DR: 0.17258199999999999
RR: 0.466098
DD: 0.009148
DR: 0.171672
RR: 0.465476
DD: 0.009115
DR: 0.17116199999999998
RR: 0.464511
DD: 0.009145
DR: 0.169864
RR: 0.452796
DD: 0.00886
DR: 0.166902
RR: 0.45198499999999997
saved to _G20.5_rmin0.001_rmax10.0_nbins20_zmin3.0zmax4.6_Lmax-26.0_N50_Planck_MC_b30
Pixels masked by MC but not already by selfunc: 259
G20.5_zmin3.0zmax4.6_Lmax-27.0: 0.26              21433 vs 28981
/home/groups/tabel/mahlet/quaia-env/lib/python3.10/site-packages/Corrfunc/utils.py:918: UserWarning: One or more input array has non-native endianness!  A copy will be made with the correct endianness.
  warnings.warn("One or more input array has non-native endianness!  A copy will"\
DD: 0.007627999999999999
DR: 0.12281099999999999
RR: 0.278037
DD: 0.0072829999999999995
DR: 0.119964
RR: 0.28542600000000007
DD: 0.007247
DR: 0.12245199999999999
RR: 0.290325
DD: 0.007221
DR: 0.12093699999999999
RR: 0.293082
DD: 0.007254
DR: 0.12143599999999999
RR: 0.298906
DD: 0.007415
DR: 0.12439599999999999
RR: 0.298432
DD: 0.007462
DR: 0.124404
RR: 0.29858599999999996
DD: 0.007437999999999999
DR: 0.12414399999999999
RR: 0.30007000000000006
DD: 0.0075179999999999995
DR: 0.125269
RR: 0.301377
DD: 0.007562999999999999
DR: 0.12564799999999998
RR: 0.303797
DD: 0.007482
DR: 0.125795
RR: 0.307453
DD: 0.0074979999999999995
DR: 0.127663
RR: 0.30973800000000007
DD: 0.007548999999999999
DR: 0.12816
RR: 0.312077
DD: 0.007548
DR: 0.12804500000000008
RR: 0.30871299999999996
DD: 0.00754
DR: 0.126228
RR: 0.306184
DD: 0.007482
DR: 0.126694
RR: 0.306269
DD: 0.007424
DR: 0.126281
RR: 0.305713
DD: 0.007359
DR: 0.125589
RR: 0.304577
DD: 0.007438999999999999
DR: 0.12361699999999999
RR: 0.299239
DD: 0.007389
DR: 0.12364199999999999
RR: 0.298047
DD: 0.0073349999999999995
DR: 0.123695
RR: 0.29728299999999996
DD: 0.007305
DR: 0.12232699999999999
RR: 0.29461699999999996
DD: 0.007342
DR: 0.12325299999999999
RR: 0.29586999999999997
DD: 0.0074849999999999995
DR: 0.12358999999999999
RR: 0.290417
DD: 0.007545
DR: 0.12464499999999999
RR: 0.298416
DD: 0.007362
DR: 0.124388
RR: 0.30005499999999996
DD: 0.0074659999999999995
DR: 0.12442000000000009
RR: 0.299159
DD: 0.007482
DR: 0.12414599999999999
RR: 0.297705
DD: 0.007481
DR: 0.123801
RR: 0.296658
DD: 0.007274
DR: 0.12151500000000004
RR: 0.286985
DD: 0.007273
DR: 0.120626
RR: 0.28847
DD: 0.0072959999999999995
DR: 0.12074499999999999
RR: 0.287581
DD: 0.0072889999999999995
DR: 0.12096499999999999
RR: 0.28762299999999996
DD: 0.00733
DR: 0.122334
RR: 0.29267300000000007
DD: 0.007371
DR: 0.122085
RR: 0.29397
DD: 0.007352
DR: 0.12313099999999999
RR: 0.296342
DD: 0.007404
DR: 0.12391899999999999
RR: 0.30050699999999997
DD: 0.007451999999999999
DR: 0.124931
RR: 0.30525500000000005
DD: 0.007526
DR: 0.126347
RR: 0.305344
DD: 0.0073939999999999995
DR: 0.12607
RR: 0.290066
DD: 0.007388
DR: 0.123526
RR: 0.3018350000000001
DD: 0.007359999999999999
DR: 0.124486
RR: 0.30194
DD: 0.007338
DR: 0.12400200000000006
RR: 0.300842
DD: 0.007344
DR: 0.123093
RR: 0.296003
DD: 0.007252
DR: 0.12173099999999999
RR: 0.29425799999999996
DD: 0.007238
DR: 0.121977
RR: 0.293417
DD: 0.007415
DR: 0.128832
RR: 0.3150010000000001
DD: 0.0077529999999999995
DR: 0.129903
RR: 0.307417
DD: 0.007566
DR: 0.126578
RR: 0.30394499999999997
DD: 0.007449
DR: 0.1251
RR: 0.301816
saved to _G20.5_rmin0.001_rmax10.0_nbins20_zmin3.0zmax4.6_Lmax-27.0_N50_Planck_MC_b30
done!
