Starting batch job

G20.5: computing wp in 30 bins from 30.0 to 180.0 on a linear scale...

0.6723266479303632
Pixels masked by MC but not already by selfunc: 38
G20.5_zmin0.0zmax1.0_Lmin-32.0Lmax-27.0: 0.49              947 vs 1860
[Warning] The CPU supports AVX512F but the compiler does not.  Can you try another compiler?
/home/groups/tabel/mahlet/quaia-env/lib/python3.10/site-packages/Corrfunc/utils.py:918: UserWarning: One or more input array has non-native endianness!  A copy will be made with the correct endianness.
  warnings.warn("One or more input array has non-native endianness!  A copy will"\
saved to _G20.5_rmin30.0_rmax180.0_nbins30_pimax80_zmin0.0zmax1.0_Lmin-32.0Lmax-27.0_Planck_MC_mask0.7
0.7976634801962402
Pixels masked by MC but not already by selfunc: 56
G20.5_zmin0.0zmax1.0_Lmin-27.0Lmax-26.0: 0.56              4623 vs 10412
/home/groups/tabel/mahlet/quaia-env/lib/python3.10/site-packages/Corrfunc/utils.py:918: UserWarning: One or more input array has non-native endianness!  A copy will be made with the correct endianness.
  warnings.warn("One or more input array has non-native endianness!  A copy will"\
saved to _G20.5_rmin30.0_rmax180.0_nbins30_pimax80_zmin0.0zmax1.0_Lmin-27.0Lmax-26.0_Planck_MC_mask0.7
0.6759869416063661
Pixels masked by MC but not already by selfunc: 374
G20.5_zmin0.0zmax1.0_Lmin-26.0Lmax-25.0: 0.61              16430 vs 41931
/home/groups/tabel/mahlet/quaia-env/lib/python3.10/site-packages/Corrfunc/utils.py:918: UserWarning: One or more input array has non-native endianness!  A copy will be made with the correct endianness.
  warnings.warn("One or more input array has non-native endianness!  A copy will"\
saved to _G20.5_rmin30.0_rmax180.0_nbins30_pimax80_zmin0.0zmax1.0_Lmin-26.0Lmax-25.0_Planck_MC_mask0.7
0.7835501113386409
Pixels masked by MC but not already by selfunc: 366
G20.5_zmin0.0zmax1.0_Lmin-25.0Lmax-20.0: 0.55              122761 vs 270122
/home/groups/tabel/mahlet/quaia-env/lib/python3.10/site-packages/Corrfunc/utils.py:918: UserWarning: One or more input array has non-native endianness!  A copy will be made with the correct endianness.
  warnings.warn("One or more input array has non-native endianness!  A copy will"\
saved to _G20.5_rmin30.0_rmax180.0_nbins30_pimax80_zmin0.0zmax1.0_Lmin-25.0Lmax-20.0_Planck_MC_mask0.7
0.49308959438215205
Pixels masked by MC but not already by selfunc: 320
G20.5_zmin1.0zmax2.0_Lmin-32.0Lmax-27.0: 0.58              16076 vs 38015
/home/groups/tabel/mahlet/quaia-env/lib/python3.10/site-packages/Corrfunc/utils.py:918: UserWarning: One or more input array has non-native endianness!  A copy will be made with the correct endianness.
  warnings.warn("One or more input array has non-native endianness!  A copy will"\
saved to _G20.5_rmin30.0_rmax180.0_nbins30_pimax80_zmin1.0zmax2.0_Lmin-32.0Lmax-27.0_Planck_MC_mask0.7
0.6889990090169356
Pixels masked by MC but not already by selfunc: 1169
G20.5_zmin1.0zmax2.0_Lmin-27.0Lmax-26.0: 0.60              58106 vs 144714
/home/groups/tabel/mahlet/quaia-env/lib/python3.10/site-packages/Corrfunc/utils.py:918: UserWarning: One or more input array has non-native endianness!  A copy will be made with the correct endianness.
  warnings.warn("One or more input array has non-native endianness!  A copy will"\
saved to _G20.5_rmin30.0_rmax180.0_nbins30_pimax80_zmin1.0zmax2.0_Lmin-27.0Lmax-26.0_Planck_MC_mask0.7
0.8305811148714013
Pixels masked by MC but not already by selfunc: 186
G20.5_zmin1.0zmax2.0_Lmin-26.0Lmax-25.0: 0.55              142326 vs 316132
/home/groups/tabel/mahlet/quaia-env/lib/python3.10/site-packages/Corrfunc/utils.py:918: UserWarning: One or more input array has non-native endianness!  A copy will be made with the correct endianness.
  warnings.warn("One or more input array has non-native endianness!  A copy will"\
saved to _G20.5_rmin30.0_rmax180.0_nbins30_pimax80_zmin1.0zmax2.0_Lmin-26.0Lmax-25.0_Planck_MC_mask0.7
0.7270250027084019
Pixels masked by MC but not already by selfunc: 321
G20.5_zmin1.0zmax2.0_Lmin-25.0Lmax-20.0: 0.42              86605 vs 149321
/home/groups/tabel/mahlet/quaia-env/lib/python3.10/site-packages/Corrfunc/utils.py:918: UserWarning: One or more input array has non-native endianness!  A copy will be made with the correct endianness.
  warnings.warn("One or more input array has non-native endianness!  A copy will"\
saved to _G20.5_rmin30.0_rmax180.0_nbins30_pimax80_zmin1.0zmax2.0_Lmin-25.0Lmax-20.0_Planck_MC_mask0.7
0.8001120604139216
Pixels masked by MC but not already by selfunc: 835
G20.5_zmin2.0zmax3.0_Lmin-32.0Lmax-27.0: 0.60              40552 vs 102196
/home/groups/tabel/mahlet/quaia-env/lib/python3.10/site-packages/Corrfunc/utils.py:918: UserWarning: One or more input array has non-native endianness!  A copy will be made with the correct endianness.
  warnings.warn("One or more input array has non-native endianness!  A copy will"\
saved to _G20.5_rmin30.0_rmax180.0_nbins30_pimax80_zmin2.0zmax3.0_Lmin-32.0Lmax-27.0_Planck_MC_mask0.7
0.8275804661833802
Pixels masked by MC but not already by selfunc: 1356
G20.5_zmin2.0zmax3.0_Lmin-27.0Lmax-26.0: 0.49              80740 vs 156795
/home/groups/tabel/mahlet/quaia-env/lib/python3.10/site-packages/Corrfunc/utils.py:918: UserWarning: One or more input array has non-native endianness!  A copy will be made with the correct endianness.
  warnings.warn("One or more input array has non-native endianness!  A copy will"\
saved to _G20.5_rmin30.0_rmax180.0_nbins30_pimax80_zmin2.0zmax3.0_Lmin-27.0Lmax-26.0_Planck_MC_mask0.7
0.7271661493123251
Pixels masked by MC but not already by selfunc: 66
G20.5_zmin2.0zmax3.0_Lmin-26.0Lmax-25.0: 0.37              17240 vs 27504
/home/groups/tabel/mahlet/quaia-env/lib/python3.10/site-packages/Corrfunc/utils.py:918: UserWarning: One or more input array has non-native endianness!  A copy will be made with the correct endianness.
  warnings.warn("One or more input array has non-native endianness!  A copy will"\
saved to _G20.5_rmin30.0_rmax180.0_nbins30_pimax80_zmin2.0zmax3.0_Lmin-26.0Lmax-25.0_Planck_MC_mask0.7
cannot apply a selection function-based mask before computing the selection function in this bin
0.9809540730818339
Pixels masked by MC but not already by selfunc: 2
G20.5_zmin3.0zmax4.6_Lmin-32.0Lmax-27.0: 0.54              13237 vs 28856
/home/groups/tabel/mahlet/quaia-env/lib/python3.10/site-packages/Corrfunc/utils.py:918: UserWarning: One or more input array has non-native endianness!  A copy will be made with the correct endianness.
  warnings.warn("One or more input array has non-native endianness!  A copy will"\
saved to _G20.5_rmin30.0_rmax180.0_nbins30_pimax80_zmin3.0zmax4.6_Lmin-32.0Lmax-27.0_Planck_MC_mask0.7
0.8731218566635738
Pixels masked by MC but not already by selfunc: 5
G20.5_zmin3.0zmax4.6_Lmin-27.0Lmax-26.0: 0.33              5082 vs 7600
/home/groups/tabel/mahlet/quaia-env/lib/python3.10/site-packages/Corrfunc/utils.py:918: UserWarning: One or more input array has non-native endianness!  A copy will be made with the correct endianness.
  warnings.warn("One or more input array has non-native endianness!  A copy will"\
saved to _G20.5_rmin30.0_rmax180.0_nbins30_pimax80_zmin3.0zmax4.6_Lmin-27.0Lmax-26.0_Planck_MC_mask0.7
cannot apply a selection function-based mask before computing the selection function in this bin
cannot apply a selection function-based mask before computing the selection function in this bin
done!
