Starting batch job

G20.5: computing wtheta in 30 bins from 0.001 to 10.0 on a log scale...

Pixels masked by MC but not already by selfunc: 0
G20.5_zmin0.0zmax1.0_Lsplit2bin0: 0.72              45768 vs 162168
/home/groups/tabel/mahlet/quaia-env/lib/python3.10/site-packages/Corrfunc/utils.py:918: UserWarning: One or more input array has non-native endianness!  A copy will be made with the correct endianness.
  warnings.warn("One or more input array has non-native endianness!  A copy will"\
DD: 0.034046
DR: 0.794914
RR: 5.028577
saved to _G20.5_rmin0.001_rmax10.0_nbins30_zmin0.0zmax1.0_Lsplit2bin0_Planck_MC_b50
Pixels masked by MC but not already by selfunc: 0
G20.5_zmin0.0zmax1.0_Lsplit2bin1: 0.61              62555 vs 162168
/home/groups/tabel/mahlet/quaia-env/lib/python3.10/site-packages/Corrfunc/utils.py:918: UserWarning: One or more input array has non-native endianness!  A copy will be made with the correct endianness.
  warnings.warn("One or more input array has non-native endianness!  A copy will"\
DD: 0.037513
DR: 1.3265
RR: 8.936347
saved to _G20.5_rmin0.001_rmax10.0_nbins30_zmin0.0zmax1.0_Lsplit2bin1_Planck_MC_b50
Pixels masked by MC but not already by selfunc: 0
G20.5_zmin1.0zmax2.0_Lsplit2bin0: 0.71              95289 vs 324098
/home/groups/tabel/mahlet/quaia-env/lib/python3.10/site-packages/Corrfunc/utils.py:918: UserWarning: One or more input array has non-native endianness!  A copy will be made with the correct endianness.
  warnings.warn("One or more input array has non-native endianness!  A copy will"\
DD: 0.061017999999999996
DR: 2.753775
RR: 22.735788
saved to _G20.5_rmin0.001_rmax10.0_nbins30_zmin1.0zmax2.0_Lsplit2bin0_Planck_MC_b50
Pixels masked by MC but not already by selfunc: 0
G20.5_zmin1.0zmax2.0_Lsplit2bin1: 0.59              131569 vs 324098
/home/groups/tabel/mahlet/quaia-env/lib/python3.10/site-packages/Corrfunc/utils.py:918: UserWarning: One or more input array has non-native endianness!  A copy will be made with the correct endianness.
  warnings.warn("One or more input array has non-native endianness!  A copy will"\
DD: 0.10277
DR: 4.769287
RR: 42.76444
saved to _G20.5_rmin0.001_rmax10.0_nbins30_zmin1.0zmax2.0_Lsplit2bin1_Planck_MC_b50
Pixels masked by MC but not already by selfunc: 0
G20.5_zmin2.0zmax3.0_Lsplit2bin0: 0.69              44096 vs 143254
/home/groups/tabel/mahlet/quaia-env/lib/python3.10/site-packages/Corrfunc/utils.py:918: UserWarning: One or more input array has non-native endianness!  A copy will be made with the correct endianness.
  warnings.warn("One or more input array has non-native endianness!  A copy will"\
DD: 0.024394
DR: 0.78145
RR: 5.005345
saved to _G20.5_rmin0.001_rmax10.0_nbins30_zmin2.0zmax3.0_Lsplit2bin0_Planck_MC_b50
Pixels masked by MC but not already by selfunc: 0
G20.5_zmin2.0zmax3.0_Lsplit2bin1: 0.56              63338 vs 143254
/home/groups/tabel/mahlet/quaia-env/lib/python3.10/site-packages/Corrfunc/utils.py:918: UserWarning: One or more input array has non-native endianness!  A copy will be made with the correct endianness.
  warnings.warn("One or more input array has non-native endianness!  A copy will"\
DD: 0.03666
DR: 1.211485
RR: 8.183473
saved to _G20.5_rmin0.001_rmax10.0_nbins30_zmin2.0zmax3.0_Lsplit2bin1_Planck_MC_b50
Pixels masked by MC but not already by selfunc: 0
G20.5_zmin3.0zmax4.6_Lsplit2bin0: 0.66              6183 vs 18229
/home/groups/tabel/mahlet/quaia-env/lib/python3.10/site-packages/Corrfunc/utils.py:918: UserWarning: One or more input array has non-native endianness!  A copy will be made with the correct endianness.
  warnings.warn("One or more input array has non-native endianness!  A copy will"\
DD: 0.004543
DR: 0.056438999999999996
RR: 0.11561900000000003
saved to _G20.5_rmin0.001_rmax10.0_nbins30_zmin3.0zmax4.6_Lsplit2bin0_Planck_MC_b50
Pixels masked by MC but not already by selfunc: 0
G20.5_zmin3.0zmax4.6_Lsplit2bin1: 0.53              8523 vs 18229
/home/groups/tabel/mahlet/quaia-env/lib/python3.10/site-packages/Corrfunc/utils.py:918: UserWarning: One or more input array has non-native endianness!  A copy will be made with the correct endianness.
  warnings.warn("One or more input array has non-native endianness!  A copy will"\
DD: 0.005503999999999999
DR: 0.06843099999999999
RR: 0.125795
saved to _G20.5_rmin0.001_rmax10.0_nbins30_zmin3.0zmax4.6_Lsplit2bin1_Planck_MC_b50
done!
