Starting batch job

G20.5: computing wtheta in 30 bins from 0.001 to 10.0 on a log scale for 50 jackknife regions...
--L: maxsplit

z: [0.0, 1.0, 2.0, 3.0, 4.6] minmax None
L: None maxsplit 3
Pixels masked by MC but not already by selfunc: 1178
G20.5_zmin0.0zmax1.0_Lmaxsplit3bin0: 0.23              83165 vs 108112
/home/groups/tabel/mahlet/quaia-env/lib/python3.10/site-packages/Corrfunc/utils.py:918: UserWarning: One or more input array has non-native endianness!  A copy will be made with the correct endianness.
  warnings.warn("One or more input array has non-native endianness!  A copy will"\
DD: 0.031221
DR: 1.4594360000000002
RR: 7.048186
DD: 0.039372
DR: 1.106514
RR: 6.348926
DD: 0.042609999999999995
DR: 1.5179209999999999
RR: 7.36478
DD: 0.040107
DR: 1.3651520000000001
RR: 6.671255
DD: 0.039521
DR: 1.353474
RR: 6.599445
DD: 0.03642
DR: 1.2707709999999999
RR: 6.22157
DD: 0.034262
DR: 1.2266050000000002
RR: 6.067315
DD: 0.033881
DR: 1.226566
RR: 6.014959
DD: 0.033043000000000045
DR: 1.164625
RR: 5.877685
DD: 0.03257
DR: 1.170776
RR: 5.807987
DD: 0.032957
DR: 1.174817
RR: 5.890985
DD: 0.033776
DR: 1.162001
RR: 5.914441
DD: 0.033006
DR: 1.188535
RR: 5.662379
DD: 0.029323
DR: 1.137967
RR: 7.92182
DD: 0.044469999999999996
DR: 1.544794
RR: 6.570379
DD: 0.03141
DR: 1.186261
RR: 8.891226
DD: 0.042692
DR: 1.438296
RR: 7.083267
DD: 0.037850999999999996
DR: 1.356966
RR: 6.492578
DD: 0.035445
DR: 1.256567
RR: 6.056559
DD: 0.033842
DR: 1.20752
RR: 5.969348
DD: 0.032847999999999995
DR: 1.1501190000000001
RR: 5.787529
DD: 0.032403999999999995
DR: 1.153535
RR: 5.754188
DD: 0.032715999999999995
DR: 1.158954
RR: 5.789281
DD: 0.032602
DR: 1.146526
RR: 5.77294
DD: 0.032646
DR: 1.151581
RR: 5.796684
DD: 0.032715
DR: 1.153245
RR: 5.811701
DD: 0.033937999999999996
DR: 1.042192
RR: 5.373632
DD: 0.030226999999999997
DR: 1.517115
RR: 8.427072
DD: 0.040782
DR: 1.150482
RR: 7.245838
DD: 0.043185999999999995
DR: 1.497873
RR: 7.887375
DD: 0.040875
DR: 1.446725
RR: 6.525336
DD: 0.037451
DR: 1.281201
RR: 6.290045
DD: 0.035657
DR: 1.251136
RR: 6.205559
DD: 0.03435
DR: 1.208904
RR: 5.991167
DD: 0.033333
DR: 1.189796
RR: 5.857005
DD: 0.032832
DR: 1.161114
RR: 5.803891
DD: 0.032618999999999995
DR: 1.163246
RR: 5.81188
DD: 0.032681999999999996
DR: 1.182631
RR: 5.939988
DD: 0.033936
DR: 1.17708
RR: 6.002591
DD: 0.032721
DR: 1.1725750000000001
RR: 4.997051
DD: 0.029369
DR: 1.133721
RR: 8.261841
DD: 0.040769
DR: 1.431302
RR: 5.946315
DD: 0.030351
DR: 1.604717
RR: 6.948631
DD: 0.038331
DR: 1.355258
RR: 6.653317
DD: 0.036517
DR: 1.2982550000000002
RR: 6.275584
DD: 0.036809999999999996
DR: 1.248877
RR: 5.894914
DD: 0.034499999999999996
DR: 1.184491
RR: 5.899126
DD: 0.033308
DR: 1.173511
RR: 5.821782
DD: 0.03207
DR: 1.150824
RR: 5.688731
DD: 0.031783
DR: 1.1460219999999999
RR: 5.801287
saved to _G20.5_rmin0.001_rmax10.0_nbins30_zmin0.0zmax1.0_Lmaxsplit3bin0_N50_Planck_MC_b20

Pixels masked by MC but not already by selfunc: 2227
G20.5_zmin0.0zmax1.0_Lmaxsplit3bin1: 0.18              177893 vs 216224
/home/groups/tabel/mahlet/quaia-env/lib/python3.10/site-packages/Corrfunc/utils.py:918: UserWarning: One or more input array has non-native endianness!  A copy will be made with the correct endianness.
  warnings.warn("One or more input array has non-native endianness!  A copy will"\
DD: 0.085019
DR: 3.62692
RR: 29.650106
DD: 0.09507399999999999
DR: 3.761006
RR: 26.452932
DD: 0.085935
DR: 3.5218
RR: 26.23832
DD: 0.08592999999999999
DR: 3.58852
RR: 24.718598
DD: 0.085371
DR: 3.21298
RR: 33.485564
DD: 0.101634
DR: 4.132237
RR: 27.664913
DD: 0.087627
DR: 3.60193
RR: 26.640186
DD: 0.088047
DR: 3.662423
RR: 29.272806
DD: 0.09863799999999999
DR: 4.010262
RR: 27.4803
DD: 0.088597
DR: 3.659853
RR: 26.83211
DD: 0.086799
DR: 3.661275
RR: 25.514669
DD: 0.096784
DR: 3.958219
RR: 32.463244
DD: 0.09711399999999999
DR: 3.915448
RR: 28.12241
DD: 0.08799499999999999
DR: 3.695719
RR: 27.670117
DD: 0.090792
DR: 3.789649
RR: 31.019435
DD: 0.09794
DR: 4.096924
RR: 28.515825
DD: 0.088113
DR: 3.657613
RR: 27.019424
DD: 0.09085100000000002
DR: 3.896327
RR: 25.331965
DD: 0.09027099999999999
DR: 3.775478
RR: 34.539638
DD: 0.091058
DR: 3.8459
RR: 27.771247
DD: 0.087556
DR: 3.727963
RR: 26.758408
DD: 0.09172799999999999
DR: 3.719816
RR: 33.092848
DD: 0.09186899999999999
DR: 3.837883
RR: 27.664108
DD: 0.09117499999999999
DR: 3.7784050000000002
RR: 26.478248
DD: 0.089088
DR: 3.82003
RR: 25.123782
DD: 0.090225
DR: 4.386595
RR: 39.760877
DD: 0.093012
DR: 4.014773
RR: 28.36008
DD: 0.092106
DR: 3.7002699999999997
RR: 26.782096
DD: 0.079229
DR: 3.574499
RR: 33.112598
DD: 0.095832
DR: 3.92563
RR: 27.205002
DD: 0.088929
DR: 3.631269
RR: 27.073118
DD: 0.086517
DR: 3.54452
RR: 24.501758
DD: 0.07724299999999999
DR: 5.289179
RR: 33.03536
DD: 0.094717
DR: 3.867641
RR: 27.601335
DD: 0.086264
DR: 3.648757
RR: 26.327872
DD: 0.08466699999999999
DR: 4.784834
RR: 30.962846
DD: 0.09770200000000007
DR: 4.060301
RR: 29.097657
DD: 0.090845
DR: 3.785208
RR: 27.858484
DD: 0.08884400000000003
DR: 3.820173
RR: 27.109517
DD: 0.092734
DR: 3.773557
RR: 28.083303
DD: 0.088585
DR: 3.764956
RR: 27.910792
DD: 0.087596
DR: 3.774246
RR: 26.123854
DD: 0.08814899999999999
DR: 3.633381
RR: 34.8371
DD: 0.11165900000000006
DR: 4.228726
RR: 28.161862
DD: 0.087186
DR: 3.5935610000000002
RR: 27.282261
DD: 0.088082
DR: 3.683174
RR: 29.486724
DD: 0.09344400000000008
DR: 3.814801
RR: 27.135483
DD: 0.09330999999999999
DR: 3.764917
RR: 26.82127
DD: 0.087229
DR: 3.706396
RR: 25.031608
DD: 0.087014
DR: 3.788791
RR: 36.621794
saved to _G20.5_rmin0.001_rmax10.0_nbins30_zmin0.0zmax1.0_Lmaxsplit3bin1_N50_Planck_MC_b20

Pixels masked by MC but not already by selfunc: 3194
G20.5_zmin0.0zmax1.0_Lmaxsplit3bin2: 0.15              275239 vs 324336
/home/groups/tabel/mahlet/quaia-env/lib/python3.10/site-packages/Corrfunc/utils.py:918: UserWarning: One or more input array has non-native endianness!  A copy will be made with the correct endianness.
  warnings.warn("One or more input array has non-native endianness!  A copy will"\
DD: 0.17118899999999998
DR: 7.589609
RR: 64.442426
DD: 0.169766
DR: 7.59051
RR: 65.869552
DD: 0.166598
DR: 7.5924949999999995
RR: 71.253174
DD: 0.163802
DR: 7.50242
RR: 63.751378
DD: 0.16607
DR: 7.876486
RR: 71.084712
DD: 0.170341
DR: 7.745906
RR: 64.372766
DD: 0.17111600000000005
DR: 7.642437
RR: 68.192516
DD: 0.17030199999999998
DR: 7.213071
RR: 73.936538
DD: 0.1695190000000001
DR: 7.831077
RR: 65.93568
DD: 0.17162
DR: 10.349327
RR: 70.946288
DD: 0.169261
DR: 7.868624
RR: 65.364042
DD: 0.171981
DR: 7.907087
RR: 68.620122
DD: 0.145126
DR: 11.313049
RR: 77.259648
DD: 0.171845
DR: 7.966609
RR: 66.690412
DD: 0.173832
DR: 7.980734
RR: 70.112791
DD: 0.177504
DR: 6.840769
RR: 73.150564
DD: 0.17035
DR: 7.850061
RR: 65.934252
DD: 0.169534
DR: 7.948839
RR: 68.103776
DD: 0.16901
DR: 7.765357
RR: 76.834171
DD: 0.169517
DR: 7.761966
RR: 65.334092
DD: 0.166894
DR: 11.427001
RR: 70.002917
DD: 0.18107499999999999
DR: 7.748066
RR: 64.026293
DD: 0.168511
DR: 7.745458
RR: 65.60886
DD: 0.16981
DR: 6.942275
RR: 72.266125
DD: 0.165961
DR: 7.711691
RR: 57.314935
DD: 0.164454
DR: 9.976781
RR: 59.207601
DD: 0.16389499999999999
DR: 8.801964
RR: 60.90515
DD: 0.180632
DR: 8.747668
RR: 58.773946
DD: 0.13953
DR: 8.374592
RR: 59.091132
DD: 0.177899
DR: 8.956025
RR: 60.138656
DD: 0.137597
DR: 9.588524
RR: 63.115772
DD: 0.167273
DR: 8.849736
RR: 65.041582
DD: 0.145724
DR: 8.194526
RR: 63.19857
DD: 0.170226
DR: 9.714458
RR: 64.900596
DD: 0.14712899999999998
DR: 8.174835999999999
RR: 64.458188
DD: 0.16918600000000006
DR: 10.49673
RR: 66.249321
DD: 0.1852
DR: 8.594084
RR: 63.436564
DD: 0.17403
DR: 9.63557
RR: 62.670723
DD: 0.191222
DR: 9.729194
RR: 70.24149
DD: 0.181003
DR: 8.930025
RR: 64.814804
DD: 0.146001
DR: 10.558276
RR: 68.89747
DD: 0.18759199999999998
DR: 8.532501
RR: 63.944856
DD: 0.1703
DR: 9.780752
RR: 63.376337
DD: 0.176475
DR: 8.163027
RR: 60.323099
DD: 0.141619
DR: 9.030743
RR: 63.216634
DD: 0.174261
DR: 8.282698
RR: 60.966352
DD: 0.171742
DR: 8.588025
RR: 63.611398
DD: 0.1414
DR: 9.543151
RR: 63.436761
DD: 0.17066499999999998
DR: 8.670186
RR: 60.971291
DD: 0.138235
DR: 9.274608
RR: 61.451784
saved to _G20.5_rmin0.001_rmax10.0_nbins30_zmin0.0zmax1.0_Lmaxsplit3bin2_N50_Planck_MC_b20

Pixels masked by MC but not already by selfunc: 2348
G20.5_zmin1.0zmax2.0_Lmaxsplit3bin0: 0.19              174114 vs 216065
/home/groups/tabel/mahlet/quaia-env/lib/python3.10/site-packages/Corrfunc/utils.py:918: UserWarning: One or more input array has non-native endianness!  A copy will be made with the correct endianness.
  warnings.warn("One or more input array has non-native endianness!  A copy will"\
DD: 0.1016
DR: 4.031907
RR: 29.86469
DD: 0.079874
DR: 3.966812
RR: 27.276593
DD: 0.083185
DR: 4.043774
RR: 30.537577
DD: 0.08164199999999999
DR: 3.816577
RR: 26.332741
DD: 0.074433
DR: 3.927672
RR: 27.680051
DD: 0.08277799999999999
DR: 3.847331
RR: 28.677808
DD: 0.082022
DR: 3.780821
RR: 28.655607
DD: 0.082454
DR: 4.710039
RR: 27.274762
DD: 0.08098400000000006
DR: 3.7559009999999997
RR: 26.274583
DD: 0.081691
DR: 4.156804
RR: 28.384922
DD: 0.08035000000000003
DR: 3.7861
RR: 27.138669
DD: 0.086185
DR: 3.955752
RR: 27.912682
DD: 0.08325199999999999
DR: 4.476439
RR: 26.143498
DD: 0.094495
DR: 4.075783
RR: 28.223234
DD: 0.07871500000000009
DR: 3.973249
RR: 25.730577
DD: 0.08384100000000005
DR: 4.054418
RR: 28.063536
DD: 0.08083599999999999
DR: 3.981765
RR: 27.713324
DD: 0.08155599999999999
DR: 4.8724
RR: 25.995426
DD: 0.083949
DR: 4.82231
RR: 27.099617
DD: 0.07858
DR: 3.778917
RR: 24.304663
DD: 0.081983
DR: 4.072916
RR: 25.704916
DD: 0.083589
DR: 3.981062
RR: 25.669768
DD: 0.080401
DR: 3.888283
RR: 26.306314
DD: 0.080551
DR: 4.6929
RR: 25.715815
DD: 0.08120999999999999
DR: 4.697665
RR: 25.664272
DD: 0.080426
DR: 4.723456
RR: 27.497455
DD: 0.08165499999999999
DR: 4.108339
RR: 26.8981
DD: 0.085771
DR: 3.7928319999999998
RR: 28.405175
DD: 0.082005
DR: 3.552567
RR: 26.443152
DD: 0.086001
DR: 4.027687
RR: 26.711368
DD: 0.08287
DR: 4.059076
RR: 26.370441
DD: 0.081736
DR: 4.532661
RR: 26.465458
DD: 0.07969
DR: 4.750222
RR: 27.170544
DD: 0.080078
DR: 4.601229
RR: 25.848141
DD: 0.08442899999999999
DR: 4.480589
RR: 28.370706
DD: 0.083303
DR: 4.188546
RR: 27.234098
DD: 0.078759
DR: 3.850983
RR: 28.998677
DD: 0.082824
DR: 4.868487
RR: 26.630775
DD: 0.07591700000000001
DR: 3.967138
RR: 27.917105
DD: 0.085835
DR: 4.042081
RR: 29.732109
DD: 0.084367
DR: 4.162006
RR: 26.23569
DD: 0.08178400000000008
DR: 3.846706
RR: 27.431837
DD: 0.08333399999999999
DR: 4.730581
RR: 27.174406
DD: 0.08039199999999999
DR: 4.913465
RR: 28.114374
DD: 0.08810699999999999
DR: 4.708129
RR: 26.73342
DD: 0.083328
DR: 4.882483
RR: 27.963567
DD: 0.081027
DR: 4.702179
RR: 25.945
DD: 0.082191
DR: 4.140792
RR: 21.01993
DD: 0.07889399999999999
DR: 4.565389
RR: 24.990863
DD: 0.07414699999999999
DR: 3.086697
RR: 22.482182
saved to _G20.5_rmin0.001_rmax10.0_nbins30_zmin1.0zmax2.0_Lmaxsplit3bin0_N50_Planck_MC_b20

Pixels masked by MC but not already by selfunc: 4410
G20.5_zmin1.0zmax2.0_Lmaxsplit3bin1: 0.16              364853 vs 432130
/home/groups/tabel/mahlet/quaia-env/lib/python3.10/site-packages/Corrfunc/utils.py:918: UserWarning: One or more input array has non-native endianness!  A copy will be made with the correct endianness.
  warnings.warn("One or more input array has non-native endianness!  A copy will"\
DD: 0.22037700000000005
DR: 10.8793
RR: 97.77371
DD: 0.23654699999999998
DR: 11.05146
RR: 96.216922
DD: 0.21831199999999998
DR: 10.869237
RR: 94.454311
DD: 0.21091700000000002
DR: 13.386385
RR: 106.044983
DD: 0.26981299999999997
DR: 13.557575
RR: 100.227734
DD: 0.27965799999999996
DR: 13.503957
RR: 99.249415
DD: 0.278097
DR: 13.268011
RR: 98.414976
DD: 0.276564
DR: 13.186931
RR: 103.777765
DD: 0.270298
DR: 13.695288
RR: 97.138566
DD: 0.312803
DR: 13.706865
RR: 107.136694
DD: 0.27374899999999996
DR: 14.294379
RR: 101.100108
DD: 0.283227
DR: 13.079502
RR: 100.579137
DD: 0.2193400000000001
DR: 13.134671
RR: 101.732178
DD: 0.28905500000000006
DR: 14.130245
RR: 103.583906
DD: 0.29049
DR: 13.661421
RR: 109.24096
DD: 0.29332400000000003
DR: 14.925823
RR: 108.459156
DD: 0.299236
DR: 14.265591
RR: 99.560487
DD: 0.214357
DR: 12.434073
RR: 99.721933
DD: 0.271992
DR: 13.694179
RR: 103.27593
DD: 0.21201699999999998
DR: 14.818502
RR: 103.623751
DD: 0.27684
DR: 13.519274
RR: 97.112865
DD: 0.261975
DR: 13.567492
RR: 101.731426
DD: 0.271076
DR: 13.669653
RR: 99.020319
DD: 0.26839799999999997
DR: 14.467414
RR: 103.442432
DD: 0.29701
DR: 13.381694
RR: 103.917001
DD: 0.21099400000000001
DR: 14.25849
RR: 98.169473
DD: 0.262162
DR: 14.070893
RR: 99.129498
DD: 0.21567500000000006
DR: 14.178719
RR: 102.180181
DD: 0.27022799999999997
DR: 13.538212
RR: 100.541673
DD: 0.265771
DR: 12.824705
RR: 99.363889
DD: 0.22333
DR: 12.831092
RR: 103.186828
DD: 0.21167999999999998
DR: 13.230998
RR: 101.314226
DD: 0.210562
DR: 13.03773
RR: 103.19726
DD: 0.287848
DR: 13.064661000000001
RR: 101.55013
DD: 0.213635
DR: 12.192307
RR: 99.405784
DD: 0.315785
DR: 13.980358
RR: 101.849082
DD: 0.269345
DR: 12.601926
RR: 99.603556
DD: 0.273409
DR: 12.634198
RR: 96.041049
DD: 0.21912900000000002
DR: 10.975004
RR: 96.628803
DD: 0.28068299999999996
DR: 10.96288
RR: 96.518151
DD: 0.271985
DR: 10.967818
RR: 95.655917
DD: 0.317204
DR: 11.134416
RR: 93.776171
DD: 0.246974
DR: 10.460541
RR: 92.458394
DD: 0.24455
DR: 9.987955
RR: 91.140485
DD: 0.21040799999999998
DR: 10.126736
RR: 91.122996
DD: 0.24274600000000002
DR: 10.132506
RR: 90.837625
DD: 0.240325
DR: 9.745978000000001
RR: 90.408347
DD: 0.20683600000000002
DR: 9.977141
RR: 90.503503
DD: 0.242888
DR: 10.294903
RR: 89.530091
DD: 0.20524700000000007
DR: 10.027437
RR: 90.425257
saved to _G20.5_rmin0.001_rmax10.0_nbins30_zmin1.0zmax2.0_Lmaxsplit3bin1_N50_Planck_MC_b20

Pixels masked by MC but not already by selfunc: 6208
G20.5_zmin1.0zmax2.0_Lmaxsplit3bin2: 0.13              565316 vs 648196
/home/groups/tabel/mahlet/quaia-env/lib/python3.10/site-packages/Corrfunc/utils.py:918: UserWarning: One or more input array has non-native endianness!  A copy will be made with the correct endianness.
  warnings.warn("One or more input array has non-native endianness!  A copy will"\
DD: 0.49875800000000003
DR: 21.879324
RR: 225.090644
DD: 0.49929100000000004
DR: 21.785773
RR: 224.794348
DD: 0.5288039999999999
DR: 21.904514
RR: 224.37827
DD: 0.49617599999999995
DR: 22.425001
RR: 224.544171
DD: 0.508876
DR: 22.288124
RR: 223.700607
DD: 0.5112650000000001
DR: 22.891231
RR: 222.521479
DD: 0.49797199999999997
DR: 22.40385
RR: 227.30181
DD: 0.550972
DR: 22.276586
RR: 227.238069
DD: 0.538347
DR: 22.200606
RR: 226.524245
DD: 0.502995
DR: 22.917015
RR: 229.538144
DD: 0.537916
DR: 22.596246999999998
RR: 230.804852
DD: 0.505533
DR: 22.887338
RR: 233.787106
DD: 0.518723
DR: 23.101652
RR: 233.550837
DD: 0.47676799999999997
DR: 22.798202
RR: 236.044009
DD: 0.5137320000000001
DR: 22.920043
RR: 232.766306
DD: 0.507757
DR: 23.423668
RR: 234.527039
DD: 0.501151
DR: 23.374723
RR: 232.736048
DD: 0.509501
DR: 22.471386
RR: 231.9664
DD: 0.567849
DR: 23.177318
RR: 229.187346
DD: 0.496758
DR: 22.251324
RR: 228.087129
DD: 0.500808
DR: 22.275338
RR: 225.331931
DD: 0.551361
DR: 22.071597
RR: 230.33225
DD: 0.546617
DR: 22.779745
RR: 228.028363
DD: 0.521028
DR: 22.940429
RR: 229.994928
DD: 0.5527909999999999
DR: 23.130121
RR: 228.04852
DD: 0.533332
DR: 23.801193
RR: 252.541714
DD: 0.551397
DR: 22.787078
RR: 229.580168
DD: 0.533453
DR: 23.237767
RR: 284.701315
DD: 0.541344
DR: 27.702055
RR: 245.901297
DD: 0.595581
DR: 23.928656
RR: 284.089163
DD: 0.544805
DR: 27.750556
RR: 294.331477
DD: 0.539238
DR: 27.831083
RR: 294.563383
DD: 0.5497650000000001
DR: 28.120734
RR: 296.66136
DD: 0.543676
DR: 28.167657
RR: 296.704698
DD: 0.548602
DR: 27.657519
RR: 295.897198
DD: 0.549809
DR: 28.045494
RR: 299.623156
DD: 0.551821
DR: 28.38126
RR: 301.492691
DD: 0.556705
DR: 28.57052
RR: 301.528232
DD: 0.5575169999999999
DR: 28.633196
RR: 304.326524
DD: 0.56667
DR: 28.81632
RR: 306.284733
DD: 0.559698
DR: 29.012471
RR: 305.878709
DD: 0.552278
DR: 28.635564
RR: 281.109681
DD: 0.509482
DR: 26.413085
RR: 245.341202
DD: 0.471066
DR: 21.6073
RR: 221.326197
DD: 0.489235
DR: 21.353882
RR: 219.967926
DD: 0.476507
DR: 21.496974
RR: 219.676566
DD: 0.468549
DR: 21.565246
RR: 217.852788
DD: 0.46658299999999997
DR: 21.239259
RR: 217.04821
DD: 0.467916
DR: 21.454128
RR: 216.828093
DD: 0.46462699999999996
DR: 21.280594
RR: 217.135134
saved to _G20.5_rmin0.001_rmax10.0_nbins30_zmin1.0zmax2.0_Lmaxsplit3bin2_N50_Planck_MC_b20

Pixels masked by MC but not already by selfunc: 1251
G20.5_zmin2.0zmax3.0_Lmaxsplit3bin0: 0.18              78194 vs 95503
/home/groups/tabel/mahlet/quaia-env/lib/python3.10/site-packages/Corrfunc/utils.py:918: UserWarning: One or more input array has non-native endianness!  A copy will be made with the correct endianness.
  warnings.warn("One or more input array has non-native endianness!  A copy will"\
DD: 0.026300999999999998
DR: 0.8684350000000001
RR: 3.874678
DD: 0.025369
DR: 0.873883
RR: 3.853548
DD: 0.027011
DR: 0.900049
RR: 3.89814
DD: 0.027632
DR: 0.913316
RR: 3.893948
DD: 0.026045
DR: 0.905689
RR: 3.884188
DD: 0.027326999999999997
DR: 0.894218
RR: 3.86855
DD: 0.025709
DR: 0.884796
RR: 3.882772
DD: 0.025935
DR: 0.877715
RR: 3.904047
DD: 0.026046999999999997
DR: 0.892029
RR: 3.927857
DD: 0.026743000000000072
DR: 0.89519
RR: 3.926654
DD: 0.027141
DR: 0.905224
RR: 3.968232
DD: 0.027334999999999998
DR: 0.904363
RR: 3.981104
DD: 0.027419000000000082
DR: 1.010061
RR: 3.996028
DD: 0.028048
DR: 0.9018930000000001
RR: 4.00139
DD: 0.027263
DR: 0.912228
RR: 3.992232
DD: 0.027233
DR: 0.913281
RR: 3.980643
DD: 0.027940000000000076
DR: 0.897967
RR: 3.940849
DD: 0.026421
DR: 0.88345
RR: 3.924072
DD: 0.026077
DR: 0.882664
RR: 3.899783
DD: 0.026088
DR: 0.86855
RR: 3.881951
DD: 0.026371
DR: 0.876668
RR: 3.880399
DD: 0.026933
DR: 0.897419
RR: 3.877114
DD: 0.026078
DR: 0.877768
RR: 3.8598239999999997
DD: 0.02617
DR: 0.872938
RR: 3.841044
DD: 0.025872
DR: 0.86319
RR: 3.85357
DD: 0.025852999999999998
DR: 0.871954
RR: 3.826122
DD: 0.026196
DR: 0.878372
RR: 3.868762
DD: 0.026639
DR: 0.868012
RR: 3.835356
DD: 0.025974999999999998
DR: 0.88106
RR: 3.8284190000000002
DD: 0.025972
DR: 0.876461
RR: 3.838719
DD: 0.026705
DR: 0.892425
RR: 3.8691519999999997
DD: 0.026730999999999998
DR: 0.889574
RR: 3.8739689999999998
DD: 0.026771
DR: 0.887549
RR: 3.884703
DD: 0.027003
DR: 0.891257
RR: 3.881095
DD: 0.027031
DR: 0.896126
RR: 3.898299
DD: 0.027228
DR: 0.892498
RR: 3.9209009999999997
DD: 0.027271
DR: 0.907672
RR: 3.947487
DD: 0.027344999999999998
DR: 0.919662
RR: 3.952087
DD: 0.027075
DR: 0.906043
RR: 3.933404
DD: 0.026483
DR: 0.889169
RR: 3.949526
DD: 0.027153
DR: 0.85214
RR: 4.003625
DD: 0.02746
DR: 0.890965
RR: 3.943603
DD: 0.026017
DR: 0.938929
RR: 3.910878
DD: 0.026668999999999998
DR: 0.87717
RR: 3.87852
DD: 0.025924
DR: 0.877354
RR: 3.8881
DD: 0.025803
DR: 0.874874
RR: 3.889057
DD: 0.025734
DR: 0.886189
RR: 3.826601
DD: 0.026126999999999997
DR: 0.869408
RR: 3.846978
DD: 0.025748
DR: 0.8702570000000001
RR: 3.826633
DD: 0.02583
DR: 0.865561
RR: 3.831106
saved to _G20.5_rmin0.001_rmax10.0_nbins30_zmin2.0zmax3.0_Lmaxsplit3bin0_N50_Planck_MC_b20

Pixels masked by MC but not already by selfunc: 2466
G20.5_zmin2.0zmax3.0_Lmaxsplit3bin1: 0.14              164045 vs 191005
/home/groups/tabel/mahlet/quaia-env/lib/python3.10/site-packages/Corrfunc/utils.py:918: UserWarning: One or more input array has non-native endianness!  A copy will be made with the correct endianness.
  warnings.warn("One or more input array has non-native endianness!  A copy will"\
DD: 0.06971
DR: 2.584091
RR: 16.751969
DD: 0.06701600000000008
DR: 2.590941
RR: 16.699095
DD: 0.069057
DR: 2.57504
RR: 16.692721
DD: 0.06607199999999999
DR: 2.597617
RR: 16.814676
DD: 0.06758
DR: 2.588056
RR: 16.820447
DD: 0.065519
DR: 2.604317
RR: 16.90474
DD: 0.069522
DR: 2.607706
RR: 16.914353
DD: 0.07053
DR: 2.611989
RR: 17.115302
DD: 0.07045599999999999
DR: 2.618353
RR: 17.121524
DD: 0.06364
DR: 2.617537
RR: 17.181957
DD: 0.067026
DR: 2.654792
RR: 17.208164
DD: 0.068591
DR: 2.647599
RR: 17.432497
DD: 0.064687
DR: 2.669242
RR: 17.445839
DD: 0.07024999999999999
DR: 2.634296
RR: 17.535677
DD: 0.06813
DR: 2.673431
RR: 17.60166
DD: 0.068102
DR: 2.682364
RR: 17.413118
DD: 0.069937
DR: 2.658565
RR: 17.286334
DD: 0.069546
DR: 2.642023
RR: 17.131155
DD: 0.067339
DR: 2.619904
RR: 17.055099
DD: 0.065513
DR: 2.591351
RR: 17.004007
DD: 0.07270399999999999
DR: 2.60731
RR: 16.928145
DD: 0.069053
DR: 2.593389
RR: 16.813764
DD: 0.06794399999999999
DR: 2.572628
RR: 16.870034
DD: 0.067269
DR: 2.595068
RR: 16.75802
DD: 0.063318
DR: 2.611126
RR: 16.795289
DD: 0.06593199999999999
DR: 2.584275
RR: 16.780856
DD: 0.06740399999999999
DR: 2.584896
RR: 16.772556
DD: 0.066329
DR: 2.56299
RR: 16.756482
DD: 0.067331
DR: 2.583223
RR: 16.800358
DD: 0.063238
DR: 2.584616
RR: 16.794295
DD: 0.06858299999999999
DR: 2.605149
RR: 16.808909
DD: 0.066825
DR: 2.610191
RR: 16.871924
DD: 0.067941
DR: 2.600771
RR: 16.9439
DD: 0.063184
DR: 2.607935
RR: 16.971088
DD: 0.06303399999999999
DR: 2.605156
RR: 17.131282
DD: 0.06401799999999999
DR: 2.652445
RR: 17.164638
DD: 0.06415
DR: 2.66235
RR: 17.23174
DD: 0.06508599999999999
DR: 2.652288
RR: 17.364571
DD: 0.070186
DR: 2.663748
RR: 17.450371
DD: 0.070238
DR: 2.658099
RR: 17.54822
DD: 0.068428
DR: 2.677256
RR: 17.513747
DD: 0.068496
DR: 2.654629
RR: 17.452363
DD: 0.069392
DR: 2.650154
RR: 17.222762
DD: 0.069994
DR: 2.638696
RR: 17.155103
DD: 0.076628
DR: 2.636508
RR: 17.049208
DD: 0.067843
DR: 2.631919
RR: 17.021839
DD: 0.066925
DR: 2.577353
RR: 16.88674
DD: 0.064897
DR: 2.609612
RR: 16.938952
DD: 0.068587
DR: 2.5988860000000003
RR: 16.875603
DD: 0.06833199999999999
DR: 2.585499
RR: 16.794917
saved to _G20.5_rmin0.001_rmax10.0_nbins30_zmin2.0zmax3.0_Lmaxsplit3bin1_N50_Planck_MC_b20

Pixels masked by MC but not already by selfunc: 3576
G20.5_zmin2.0zmax3.0_Lmaxsplit3bin2: 0.11              254625 vs 286508
/home/groups/tabel/mahlet/quaia-env/lib/python3.10/site-packages/Corrfunc/utils.py:918: UserWarning: One or more input array has non-native endianness!  A copy will be made with the correct endianness.
  warnings.warn("One or more input array has non-native endianness!  A copy will"\
DD: 0.133381
DR: 5.280616
RR: 42.713743
DD: 0.13122599999999998
DR: 5.288372
RR: 42.10345
DD: 0.13228399999999998
DR: 5.244032
RR: 41.791589
DD: 0.130834
DR: 5.230599
RR: 42.344754
DD: 0.135402
DR: 5.396816
RR: 42.572425
DD: 0.13286699999999999
DR: 5.321785
RR: 42.765703
DD: 0.13567099999999999
DR: 5.379336
RR: 43.140561
DD: 0.135719
DR: 5.359931
RR: 43.332132
DD: 0.138411
DR: 5.42052
RR: 43.515984
DD: 0.12233
DR: 5.453861
RR: 43.534935
DD: 0.14060899999999998
DR: 5.459263
RR: 43.676368
DD: 0.139413
DR: 5.503169
RR: 44.133168
DD: 0.122322
DR: 5.520484
RR: 44.412303
DD: 0.14602000000000004
DR: 5.5309539999999995
RR: 44.554465
DD: 0.13655499999999998
DR: 5.512819
RR: 44.538342
DD: 0.134986
DR: 5.537674
RR: 44.411953
DD: 0.137791
DR: 5.486956
RR: 44.074361
DD: 0.154841
DR: 5.461991
RR: 43.694054
DD: 0.13644199999999998
DR: 5.421746
RR: 43.154212
DD: 0.11887299999999999
DR: 5.331655
RR: 42.934088
DD: 0.119062
DR: 5.30981
RR: 42.911192
DD: 0.131771
DR: 5.339693
RR: 42.731314
DD: 0.133666
DR: 5.312194
RR: 42.593942
DD: 0.118229
DR: 5.305498
RR: 42.610843
DD: 0.130548
DR: 5.305071
RR: 42.644931
DD: 0.142899
DR: 5.303026
RR: 42.60718
DD: 0.151943
DR: 5.310477
RR: 42.44364
DD: 0.131381
DR: 5.314745
RR: 42.593169
DD: 0.129856
DR: 5.330061
RR: 42.570705
DD: 0.129912
DR: 5.299983
RR: 42.459039
DD: 0.134151
DR: 5.348408
RR: 42.746426
DD: 0.134024
DR: 5.397829
RR: 42.973228
DD: 0.134576
DR: 5.382963
RR: 43.097352
DD: 0.134184
DR: 5.410253
RR: 43.341981
DD: 0.148026
DR: 5.404473
RR: 43.387533
DD: 0.13572
DR: 5.4553139999999996
RR: 43.814332
DD: 0.15347
DR: 5.483206
RR: 43.9664
DD: 0.136023
DR: 5.496663
RR: 44.286592
DD: 0.137626
DR: 5.516973
RR: 44.534535
DD: 0.13855699999999999
DR: 5.5797930000000004
RR: 44.771154
DD: 0.124288
DR: 5.528368
RR: 44.822551
DD: 0.14037200000000005
DR: 5.505152
RR: 44.446745
DD: 0.139299
DR: 5.486714
RR: 44.135416
DD: 0.13519799999999998
DR: 5.43575
RR: 43.926093
DD: 0.13564099999999998
DR: 5.433653
RR: 43.644786
DD: 0.134155
DR: 5.346773
RR: 43.239272
DD: 0.135563
DR: 5.348525
RR: 43.013105
DD: 0.13368600000000008
DR: 5.460225
RR: 42.857381
DD: 0.136179
DR: 5.342442
RR: 42.747668
DD: 0.133355
DR: 5.342765
RR: 42.720609
saved to _G20.5_rmin0.001_rmax10.0_nbins30_zmin2.0zmax3.0_Lmaxsplit3bin2_N50_Planck_MC_b20

Pixels masked by MC but not already by selfunc: 157
G20.5_zmin3.0zmax4.6_Lmaxsplit3bin0: 0.13              10585 vs 12153
/home/groups/tabel/mahlet/quaia-env/lib/python3.10/site-packages/Corrfunc/utils.py:918: UserWarning: One or more input array has non-native endianness!  A copy will be made with the correct endianness.
  warnings.warn("One or more input array has non-native endianness!  A copy will"\
DD: 0.006645
DR: 0.07398099999999999
RR: 0.129613
DD: 0.005783
DR: 0.072349
RR: 0.127161
DD: 0.005660999999999999
DR: 0.07203999999999999
RR: 0.125285
DD: 0.005627
DR: 0.072083
RR: 0.12535300000000005
DD: 0.0056619999999999995
DR: 0.080367
RR: 0.1252
DD: 0.005971
DR: 0.072486
RR: 0.12496199999999999
DD: 0.005732
DR: 0.072356
RR: 0.126405
DD: 0.00567
DR: 0.078831
RR: 0.12527
DD: 0.005867
DR: 0.072793
RR: 0.12767399999999998
DD: 0.005704
DR: 0.073058
RR: 0.12535
DD: 0.005677
DR: 0.07430099999999999
RR: 0.12947000000000009
DD: 0.005856
DR: 0.07410699999999999
RR: 0.132108
DD: 0.0062699999999999995
DR: 0.07506399999999999
RR: 0.128161
DD: 0.005808
DR: 0.07428799999999999
RR: 0.129711
DD: 0.005778
DR: 0.074945
RR: 0.129941
DD: 0.005732
DR: 0.07478599999999999
RR: 0.130166
DD: 0.005723
DR: 0.074293
RR: 0.127098
DD: 0.005783
DR: 0.074126
RR: 0.12898900000000002
DD: 0.005725
DR: 0.075683
RR: 0.12572999999999998
DD: 0.00566
DR: 0.072736
RR: 0.124719
DD: 0.005724
DR: 0.072284
RR: 0.126449
DD: 0.005696
DR: 0.072175
RR: 0.12472699999999999
DD: 0.0058379999999999994
DR: 0.073373
RR: 0.124829
DD: 0.005631
DR: 0.07196899999999999
RR: 0.12548399999999998
DD: 0.00565
DR: 0.07188699999999999
RR: 0.12485200000000007
DD: 0.005667999999999999
DR: 0.071856
RR: 0.127338
DD: 0.005703
DR: 0.071992
RR: 0.12509199999999998
DD: 0.0056749999999999995
DR: 0.07236000000000009
RR: 0.125391
DD: 0.005592
DR: 0.07223399999999999
RR: 0.128794
DD: 0.006326
DR: 0.072467
RR: 0.12321599999999999
DD: 0.005686
DR: 0.071964
RR: 0.126922
DD: 0.005680999999999999
DR: 0.07202
RR: 0.125239
DD: 0.005804
DR: 0.072354
RR: 0.12520699999999998
DD: 0.005503
DR: 0.071884
RR: 0.12360199999999999
DD: 0.005437
DR: 0.071529
RR: 0.12656699999999999
DD: 0.005476
DR: 0.07446599999999999
RR: 0.128361
DD: 0.005532
DR: 0.07294099999999999
RR: 0.12654100000000001
DD: 0.005698
DR: 0.073168
RR: 0.127644
DD: 0.0055179999999999995
DR: 0.073714
RR: 0.128383
DD: 0.0056229999999999995
DR: 0.07330199999999999
RR: 0.12845499999999999
DD: 0.005549
DR: 0.073709
RR: 0.129018
DD: 0.005516
DR: 0.073083
RR: 0.128852
DD: 0.006333999999999999
DR: 0.07363399999999999
RR: 0.128821
DD: 0.00554
DR: 0.071467
RR: 0.12491700000000006
DD: 0.005503
DR: 0.07192799999999999
RR: 0.125692
DD: 0.005553
DR: 0.071863
RR: 0.12315799999999999
DD: 0.0056879999999999995
DR: 0.072278
RR: 0.12250399999999999
DD: 0.005712
DR: 0.070885
RR: 0.126222
DD: 0.00554
DR: 0.072437
RR: 0.12325
DD: 0.005483
DR: 0.071544
RR: 0.12481199999999999
saved to _G20.5_rmin0.001_rmax10.0_nbins30_zmin3.0zmax4.6_Lmaxsplit3bin0_N50_Planck_MC_b20

Pixels masked by MC but not already by selfunc: 274
G20.5_zmin3.0zmax4.6_Lmaxsplit3bin1: 0.10              21800 vs 24305
/home/groups/tabel/mahlet/quaia-env/lib/python3.10/site-packages/Corrfunc/utils.py:918: UserWarning: One or more input array has non-native endianness!  A copy will be made with the correct endianness.
  warnings.warn("One or more input array has non-native endianness!  A copy will"\
DD: 0.008589
DR: 0.159746
RR: 0.38003200000000004
DD: 0.009705
DR: 0.16080999999999998
RR: 0.37618300000000005
DD: 0.008956
DR: 0.183382
RR: 0.384425
DD: 0.008917999999999999
DR: 0.159778
RR: 0.372652
DD: 0.009033
DR: 0.159559
RR: 0.38155700000000004
DD: 0.009792
DR: 0.161634
RR: 0.3888480000000001
DD: 0.009831
DR: 0.16244699999999998
RR: 0.375142
DD: 0.009108
DR: 0.159745
RR: 0.393428
DD: 0.009441999999999999
DR: 0.160584
RR: 0.3856240000000001
DD: 0.008902
DR: 0.161777
RR: 0.37963900000000006
DD: 0.009063
DR: 0.163122
RR: 0.38457600000000003
DD: 0.009691
DR: 0.166733
RR: 0.38957600000000003
DD: 0.009141999999999999
DR: 0.16516
RR: 0.3831570000000001
DD: 0.009536
DR: 0.163635
RR: 0.40239
DD: 0.010060999999999999
DR: 0.16602899999999998
RR: 0.38372800000000007
DD: 0.009086
DR: 0.16414199999999998
RR: 0.390595
DD: 0.009252999999999999
DR: 0.164991
RR: 0.39077700000000004
DD: 0.009767999999999999
DR: 0.165265
RR: 0.38425
DD: 0.009137
DR: 0.163406
RR: 0.38632900000000003
DD: 0.009120999999999999
DR: 0.16023099999999998
RR: 0.375747
DD: 0.008995999999999999
DR: 0.158862
RR: 0.377313
DD: 0.009544
DR: 0.159384
RR: 0.383245
DD: 0.009618
DR: 0.161052
RR: 0.373577
DD: 0.008973
DR: 0.158179
RR: 0.37901700000000005
DD: 0.009618999999999999
DR: 0.15987099999999999
RR: 0.384631
DD: 0.009297
DR: 0.158529
RR: 0.376201
DD: 0.008664999999999999
DR: 0.15917299999999998
RR: 0.379339
DD: 0.009408
DR: 0.15945099999999998
RR: 0.38370699999999996
DD: 0.009602
DR: 0.16136999999999999
RR: 0.377083
DD: 0.009623
DR: 0.16136799999999998
RR: 0.37564
DD: 0.008713
DR: 0.158776
RR: 0.385496
DD: 0.009500999999999999
DR: 0.165354
RR: 0.374951
DD: 0.008818
DR: 0.171363
RR: 0.37604099999999996
DD: 0.008941
DR: 0.160578
RR: 0.38156999999999996
DD: 0.008975
DR: 0.160357
RR: 0.37990999999999997
DD: 0.009597999999999999
DR: 0.16441
RR: 0.39155599999999996
DD: 0.009025
DR: 0.16805199999999998
RR: 0.384685
DD: 0.009087
DR: 0.16497099999999998
RR: 0.390524
DD: 0.009146999999999999
DR: 0.164011
RR: 0.39122399999999996
DD: 0.009623
DR: 0.164773
RR: 0.38730899999999996
DD: 0.009086
DR: 0.162327
RR: 0.396624
DD: 0.009814
DR: 0.16581
RR: 0.381411
DD: 0.008910999999999999
DR: 0.162682
RR: 0.385107
DD: 0.009699
DR: 0.16253300000000004
RR: 0.386855
DD: 0.00963
DR: 0.16193800000000003
RR: 0.37996599999999997
DD: 0.008846999999999999
DR: 0.1598630000000001
RR: 0.386517
DD: 0.009651
DR: 0.161358
RR: 0.37581899999999996
DD: 0.008957999999999999
DR: 0.15878800000000004
RR: 0.38239999999999996
DD: 0.009465999999999999
DR: 0.15968800000000005
RR: 0.380108
DD: 0.008875
DR: 0.15907300000000002
RR: 0.37743499999999996
saved to _G20.5_rmin0.001_rmax10.0_nbins30_zmin3.0zmax4.6_Lmaxsplit3bin1_N50_Planck_MC_b20

Pixels masked by MC but not already by selfunc: 386
G20.5_zmin3.0zmax4.6_Lmaxsplit3bin2: 0.08              33538 vs 36458
/home/groups/tabel/mahlet/quaia-env/lib/python3.10/site-packages/Corrfunc/utils.py:918: UserWarning: One or more input array has non-native endianness!  A copy will be made with the correct endianness.
  warnings.warn("One or more input array has non-native endianness!  A copy will"\
DD: 0.011963
DR: 0.270959
RR: 0.765339
DD: 0.012485
DR: 0.274815
RR: 0.772641
DD: 0.012669
DR: 0.27035200000000004
RR: 0.764333
DD: 0.01316
DR: 0.272125
RR: 0.75557
DD: 0.012981999999999999
DR: 0.27659
RR: 0.762212
DD: 0.012541
DR: 0.273424
RR: 0.765752
DD: 0.013127
DR: 0.281922
RR: 0.768186
DD: 0.012546
DR: 0.273725
RR: 0.789015
DD: 0.013132
DR: 0.274424
RR: 0.777685
DD: 0.012608999999999999
DR: 0.26873199999999997
RR: 0.762312
DD: 0.012686999999999999
DR: 0.27086200000000005
RR: 0.755783
DD: 0.012817
DR: 0.275111
RR: 0.776396
DD: 0.012549999999999999
DR: 0.275727
RR: 0.785783
DD: 0.012171
DR: 0.27579
RR: 0.791851
DD: 0.012407
DR: 0.275675
RR: 0.79039
DD: 0.012464999999999999
DR: 0.27662200000000003
RR: 0.797249
DD: 0.012596999999999999
DR: 0.275376
RR: 0.790828
DD: 0.012588
DR: 0.272272
RR: 0.7865880000000001
DD: 0.012605
DR: 0.26753
RR: 0.758179
DD: 0.012534
DR: 0.27193900000000004
RR: 0.76657
DD: 0.012570999999999999
DR: 0.27146
RR: 0.764712
DD: 0.012341
DR: 0.27161599999999997
RR: 0.769646
DD: 0.012419
DR: 0.26889199999999996
RR: 0.772929
DD: 0.012475
DR: 0.266973
RR: 0.748742
DD: 0.012594
DR: 0.267686
RR: 0.7622049999999999
DD: 0.012180999999999999
DR: 0.267777
RR: 0.763479
DD: 0.012934
DR: 0.26877000000000006
RR: 0.7688429999999999
DD: 0.012806
DR: 0.271225
RR: 0.7729239999999999
DD: 0.013073
DR: 0.271964
RR: 0.751035
DD: 0.012197
DR: 0.269146
RR: 0.762731
DD: 0.012817
DR: 0.271733
RR: 0.765021
DD: 0.012955999999999999
DR: 0.274837
RR: 0.769163
DD: 0.012398
DR: 0.278258
RR: 0.779878
DD: 0.012523
DR: 0.274024
RR: 0.773704
DD: 0.012983999999999999
DR: 0.271026
RR: 0.759131
DD: 0.013061999999999999
DR: 0.274397
RR: 0.7588630000000001
DD: 0.012601
DR: 0.275499
RR: 0.783605
DD: 0.013295999999999999
DR: 0.27921599999999996
RR: 0.789469
DD: 0.013160999999999999
DR: 0.27810399999999996
RR: 0.786368
DD: 0.01317
DR: 0.27956500000000006
RR: 0.783264
DD: 0.012263999999999999
DR: 0.275661
RR: 0.79289
DD: 0.013295999999999999
DR: 0.280364
RR: 0.7889550000000001
DD: 0.012554
DR: 0.270516
RR: 0.7835380000000001
DD: 0.012966
DR: 0.273026
RR: 0.780884
DD: 0.012553
DR: 0.280918
RR: 0.788069
DD: 0.012662
DR: 0.278988
RR: 0.7852779999999999
DD: 0.012527
DR: 0.27158099999999996
RR: 0.769956
DD: 0.012875
DR: 0.274295
RR: 0.7526
DD: 0.012339
DR: 0.26938400000000007
RR: 0.75764
DD: 0.012783
DR: 0.27308
RR: 0.7628579999999999
saved to _G20.5_rmin0.001_rmax10.0_nbins30_zmin3.0zmax4.6_Lmaxsplit3bin2_N50_Planck_MC_b20

done!
