Starting batch job

G20.5: computing wtheta in 30 bins from 0.001 to 10.0 on a log scale...

Pixels masked by MC but not already by selfunc: 907
G20.5_zsplit4bin0_Lsplit4bin0: 0.06              76283 vs 80949
[Warning] The CPU supports AVX512F but the compiler does not.  Can you try another compiler?
/home/groups/tabel/mahlet/quaia-env/lib/python3.10/site-packages/Corrfunc/utils.py:918: UserWarning: One or more input array has non-native endianness!  A copy will be made with the correct endianness.
  warnings.warn("One or more input array has non-native endianness!  A copy will"\
DD: 0.037128
DR: 0.833513
RR: 3.159516
saved to _G20.5_rmin0.001_rmax10.0_nbins30_zsplit4bin0_Lsplit4bin0_Planck_MC_b10
Pixels masked by MC but not already by selfunc: 798
G20.5_zsplit4bin0_Lsplit4bin1: 0.02              78988 vs 80948
/home/groups/tabel/mahlet/quaia-env/lib/python3.10/site-packages/Corrfunc/utils.py:918: UserWarning: One or more input array has non-native endianness!  A copy will be made with the correct endianness.
  warnings.warn("One or more input array has non-native endianness!  A copy will"\
DD: 0.028697
DR: 0.835445
RR: 3.3467130000000003
saved to _G20.5_rmin0.001_rmax10.0_nbins30_zsplit4bin0_Lsplit4bin1_Planck_MC_b10
Pixels masked by MC but not already by selfunc: 780
G20.5_zsplit4bin0_Lsplit4bin2: 0.02              79480 vs 80949
/home/groups/tabel/mahlet/quaia-env/lib/python3.10/site-packages/Corrfunc/utils.py:918: UserWarning: One or more input array has non-native endianness!  A copy will be made with the correct endianness.
  warnings.warn("One or more input array has non-native endianness!  A copy will"\
DD: 0.029671999999999997
DR: 0.859608
RR: 3.529917
saved to _G20.5_rmin0.001_rmax10.0_nbins30_zsplit4bin0_Lsplit4bin2_Planck_MC_b10
Pixels masked by MC but not already by selfunc: 706
G20.5_zsplit4bin0_Lsplit4bin3: 0.01              79784 vs 80949
/home/groups/tabel/mahlet/quaia-env/lib/python3.10/site-packages/Corrfunc/utils.py:918: UserWarning: One or more input array has non-native endianness!  A copy will be made with the correct endianness.
  warnings.warn("One or more input array has non-native endianness!  A copy will"\
DD: 0.031285
DR: 0.874298
RR: 3.569141
saved to _G20.5_rmin0.001_rmax10.0_nbins30_zsplit4bin0_Lsplit4bin3_Planck_MC_b10
Pixels masked by MC but not already by selfunc: 855
G20.5_zsplit4bin1_Lsplit4bin0: 0.04              77494 vs 80987
/home/groups/tabel/mahlet/quaia-env/lib/python3.10/site-packages/Corrfunc/utils.py:918: UserWarning: One or more input array has non-native endianness!  A copy will be made with the correct endianness.
  warnings.warn("One or more input array has non-native endianness!  A copy will"\
DD: 0.028491
DR: 0.819467
RR: 3.328965
saved to _G20.5_rmin0.001_rmax10.0_nbins30_zsplit4bin1_Lsplit4bin0_Planck_MC_b10
Pixels masked by MC but not already by selfunc: 819
G20.5_zsplit4bin1_Lsplit4bin1: 0.02              79137 vs 80987
/home/groups/tabel/mahlet/quaia-env/lib/python3.10/site-packages/Corrfunc/utils.py:918: UserWarning: One or more input array has non-native endianness!  A copy will be made with the correct endianness.
  warnings.warn("One or more input array has non-native endianness!  A copy will"\
DD: 0.02864
DR: 0.832022
RR: 3.337123
saved to _G20.5_rmin0.001_rmax10.0_nbins30_zsplit4bin1_Lsplit4bin1_Planck_MC_b10
Pixels masked by MC but not already by selfunc: 801
G20.5_zsplit4bin1_Lsplit4bin2: 0.02              79756 vs 80987
/home/groups/tabel/mahlet/quaia-env/lib/python3.10/site-packages/Corrfunc/utils.py:918: UserWarning: One or more input array has non-native endianness!  A copy will be made with the correct endianness.
  warnings.warn("One or more input array has non-native endianness!  A copy will"\
DD: 0.029005999999999997
DR: 0.8637710000000001
RR: 3.488573
saved to _G20.5_rmin0.001_rmax10.0_nbins30_zsplit4bin1_Lsplit4bin2_Planck_MC_b10
Pixels masked by MC but not already by selfunc: 620
G20.5_zsplit4bin1_Lsplit4bin3: 0.01              80245 vs 80988
/home/groups/tabel/mahlet/quaia-env/lib/python3.10/site-packages/Corrfunc/utils.py:918: UserWarning: One or more input array has non-native endianness!  A copy will be made with the correct endianness.
  warnings.warn("One or more input array has non-native endianness!  A copy will"\
DD: 0.030728
DR: 0.873082
RR: 3.705743
saved to _G20.5_rmin0.001_rmax10.0_nbins30_zsplit4bin1_Lsplit4bin3_Planck_MC_b10
Pixels masked by MC but not already by selfunc: 918
G20.5_zsplit4bin2_Lsplit4bin0: 0.04              77975 vs 80952
/home/groups/tabel/mahlet/quaia-env/lib/python3.10/site-packages/Corrfunc/utils.py:918: UserWarning: One or more input array has non-native endianness!  A copy will be made with the correct endianness.
  warnings.warn("One or more input array has non-native endianness!  A copy will"\
DD: 0.028741
DR: 0.830867
RR: 3.268106
saved to _G20.5_rmin0.001_rmax10.0_nbins30_zsplit4bin2_Lsplit4bin0_Planck_MC_b10
Pixels masked by MC but not already by selfunc: 843
G20.5_zsplit4bin2_Lsplit4bin1: 0.02              79335 vs 80952
/home/groups/tabel/mahlet/quaia-env/lib/python3.10/site-packages/Corrfunc/utils.py:918: UserWarning: One or more input array has non-native endianness!  A copy will be made with the correct endianness.
  warnings.warn("One or more input array has non-native endianness!  A copy will"\
DD: 0.029050999999999997
DR: 0.843867
RR: 3.397999
saved to _G20.5_rmin0.001_rmax10.0_nbins30_zsplit4bin2_Lsplit4bin1_Planck_MC_b10
Pixels masked by MC but not already by selfunc: 769
G20.5_zsplit4bin2_Lsplit4bin2: 0.01              79881 vs 80952
/home/groups/tabel/mahlet/quaia-env/lib/python3.10/site-packages/Corrfunc/utils.py:918: UserWarning: One or more input array has non-native endianness!  A copy will be made with the correct endianness.
  warnings.warn("One or more input array has non-native endianness!  A copy will"\
DD: 0.03001
DR: 0.863525
RR: 3.595872
saved to _G20.5_rmin0.001_rmax10.0_nbins30_zsplit4bin2_Lsplit4bin2_Planck_MC_b10
Pixels masked by MC but not already by selfunc: 578
G20.5_zsplit4bin2_Lsplit4bin3: 0.01              80300 vs 80952
/home/groups/tabel/mahlet/quaia-env/lib/python3.10/site-packages/Corrfunc/utils.py:918: UserWarning: One or more input array has non-native endianness!  A copy will be made with the correct endianness.
  warnings.warn("One or more input array has non-native endianness!  A copy will"\
DD: 0.031886
DR: 0.927872
RR: 3.945331
saved to _G20.5_rmin0.001_rmax10.0_nbins30_zsplit4bin2_Lsplit4bin3_Planck_MC_b10
Pixels masked by MC but not already by selfunc: 1075
G20.5_zsplit4bin3_Lsplit4bin0: 0.03              78267 vs 80988
/home/groups/tabel/mahlet/quaia-env/lib/python3.10/site-packages/Corrfunc/utils.py:918: UserWarning: One or more input array has non-native endianness!  A copy will be made with the correct endianness.
  warnings.warn("One or more input array has non-native endianness!  A copy will"\
DD: 0.028936999999999997
DR: 0.828109
RR: 3.316602
saved to _G20.5_rmin0.001_rmax10.0_nbins30_zsplit4bin3_Lsplit4bin0_Planck_MC_b10
Pixels masked by MC but not already by selfunc: 975
G20.5_zsplit4bin3_Lsplit4bin1: 0.02              79468 vs 80987
/home/groups/tabel/mahlet/quaia-env/lib/python3.10/site-packages/Corrfunc/utils.py:918: UserWarning: One or more input array has non-native endianness!  A copy will be made with the correct endianness.
  warnings.warn("One or more input array has non-native endianness!  A copy will"\
DD: 0.029536999999999997
DR: 0.852238
RR: 3.4722660000000003
saved to _G20.5_rmin0.001_rmax10.0_nbins30_zsplit4bin3_Lsplit4bin1_Planck_MC_b10
Pixels masked by MC but not already by selfunc: 1005
G20.5_zsplit4bin3_Lsplit4bin2: 0.02              79732 vs 80987
/home/groups/tabel/mahlet/quaia-env/lib/python3.10/site-packages/Corrfunc/utils.py:918: UserWarning: One or more input array has non-native endianness!  A copy will be made with the correct endianness.
  warnings.warn("One or more input array has non-native endianness!  A copy will"\
DD: 0.030286000000000035
DR: 0.895467
RR: 3.630472
saved to _G20.5_rmin0.001_rmax10.0_nbins30_zsplit4bin3_Lsplit4bin2_Planck_MC_b10
Pixels masked by MC but not already by selfunc: 915
G20.5_zsplit4bin3_Lsplit4bin3: 0.01              80000 vs 80988
/home/groups/tabel/mahlet/quaia-env/lib/python3.10/site-packages/Corrfunc/utils.py:918: UserWarning: One or more input array has non-native endianness!  A copy will be made with the correct endianness.
  warnings.warn("One or more input array has non-native endianness!  A copy will"\
DD: 0.031966
DR: 0.8986810000000001
RR: 3.8324030000000002
saved to _G20.5_rmin0.001_rmax10.0_nbins30_zsplit4bin3_Lsplit4bin3_Planck_MC_b10
done!
