Starting batch job

G20.5: computing wtheta in 30 bins from 0.001 to 10.0 on a log scale...

Pixels masked by MC but not already by selfunc: 1737
G20.5_zsplit3bin0_Lmaxsplit2bin0: 0.39              132572 vs 215881
/home/groups/tabel/mahlet/quaia-env/lib/python3.10/site-packages/Corrfunc/utils.py:918: UserWarning: One or more input array has non-native endianness!  A copy will be made with the correct endianness.
  warnings.warn("One or more input array has non-native endianness!  A copy will"\
DD: 0.092321
DR: 2.43589
RR: 17.939026
saved to _G20.5_rmin0.001_rmax10.0_nbins30_zsplit3bin0_Lmaxsplit2bin0_Planck_MC_b30
Pixels masked by MC but not already by selfunc: 3271
G20.5_zsplit3bin0_Lmaxsplit2bin1: 0.32              292075 vs 431763
/home/groups/tabel/mahlet/quaia-env/lib/python3.10/site-packages/Corrfunc/utils.py:918: UserWarning: One or more input array has non-native endianness!  A copy will be made with the correct endianness.
  warnings.warn("One or more input array has non-native endianness!  A copy will"\
DD: 0.218808
DR: 9.881777
RR: 95.080546
saved to _G20.5_rmin0.001_rmax10.0_nbins30_zsplit3bin0_Lmaxsplit2bin1_Planck_MC_b30
Pixels masked by MC but not already by selfunc: 1695
G20.5_zsplit3bin1_Lmaxsplit2bin0: 0.38              134351 vs 215952
/home/groups/tabel/mahlet/quaia-env/lib/python3.10/site-packages/Corrfunc/utils.py:918: UserWarning: One or more input array has non-native endianness!  A copy will be made with the correct endianness.
  warnings.warn("One or more input array has non-native endianness!  A copy will"\
DD: 0.062351
DR: 2.503297
RR: 18.459227
saved to _G20.5_rmin0.001_rmax10.0_nbins30_zsplit3bin1_Lmaxsplit2bin0_Planck_MC_b30
Pixels masked by MC but not already by selfunc: 3129
G20.5_zsplit3bin1_Lmaxsplit2bin1: 0.30              301888 vs 431905
/home/groups/tabel/mahlet/quaia-env/lib/python3.10/site-packages/Corrfunc/utils.py:918: UserWarning: One or more input array has non-native endianness!  A copy will be made with the correct endianness.
  warnings.warn("One or more input array has non-native endianness!  A copy will"\
DD: 0.19808299999999998
DR: 10.088413
RR: 101.441098
saved to _G20.5_rmin0.001_rmax10.0_nbins30_zsplit3bin1_Lmaxsplit2bin1_Planck_MC_b30
Pixels masked by MC but not already by selfunc: 2091
G20.5_zsplit3bin2_Lmaxsplit2bin0: 0.33              143858 vs 215917
/home/groups/tabel/mahlet/quaia-env/lib/python3.10/site-packages/Corrfunc/utils.py:918: UserWarning: One or more input array has non-native endianness!  A copy will be made with the correct endianness.
  warnings.warn("One or more input array has non-native endianness!  A copy will"\
DD: 0.07016599999999999
DR: 2.793863
RR: 20.580229
saved to _G20.5_rmin0.001_rmax10.0_nbins30_zsplit3bin2_Lmaxsplit2bin0_Planck_MC_b30
Pixels masked by MC but not already by selfunc: 3924
G20.5_zsplit3bin2_Lmaxsplit2bin1: 0.27              313279 vs 431834
/home/groups/tabel/mahlet/quaia-env/lib/python3.10/site-packages/Corrfunc/utils.py:918: UserWarning: One or more input array has non-native endianness!  A copy will be made with the correct endianness.
  warnings.warn("One or more input array has non-native endianness!  A copy will"\
DD: 0.209589
DR: 11.302203
RR: 109.28388
saved to _G20.5_rmin0.001_rmax10.0_nbins30_zsplit3bin2_Lmaxsplit2bin1_Planck_MC_b30
done!
