Starting batch job

G20.5: computing wtheta in 30 bins from 0.001 to 10.0 on a log scale...

Pixels masked by MC but not already by selfunc: 0
G20.5_zsplit4bin0_Lsplit4bin0: 0.86              11724 vs 80949
/home/groups/tabel/mahlet/quaia-env/lib/python3.10/site-packages/Corrfunc/utils.py:918: UserWarning: One or more input array has non-native endianness!  A copy will be made with the correct endianness.
  warnings.warn("One or more input array has non-native endianness!  A copy will"\
DD: 0.014856
DR: 0.128325
RR: 0.5904039999999999
saved to _G20.5_rmin0.001_rmax10.0_nbins30_zsplit4bin0_Lsplit4bin0_Planck_MC_b60
Pixels masked by MC but not already by selfunc: 0
G20.5_zsplit4bin0_Lsplit4bin1: 0.82              14296 vs 80948
/home/groups/tabel/mahlet/quaia-env/lib/python3.10/site-packages/Corrfunc/utils.py:918: UserWarning: One or more input array has non-native endianness!  A copy will be made with the correct endianness.
  warnings.warn("One or more input array has non-native endianness!  A copy will"\
DD: 0.008498
DR: 0.18514999999999998
RR: 0.831405
saved to _G20.5_rmin0.001_rmax10.0_nbins30_zsplit4bin0_Lsplit4bin1_Planck_MC_b60
Pixels masked by MC but not already by selfunc: 0
G20.5_zsplit4bin0_Lsplit4bin2: 0.77              18304 vs 80949
/home/groups/tabel/mahlet/quaia-env/lib/python3.10/site-packages/Corrfunc/utils.py:918: UserWarning: One or more input array has non-native endianness!  A copy will be made with the correct endianness.
  warnings.warn("One or more input array has non-native endianness!  A copy will"\
DD: 0.010445999999999999
DR: 0.22558499999999998
RR: 1.246814
saved to _G20.5_rmin0.001_rmax10.0_nbins30_zsplit4bin0_Lsplit4bin2_Planck_MC_b60
Pixels masked by MC but not already by selfunc: 0
G20.5_zsplit4bin0_Lsplit4bin3: 0.78              18163 vs 80949
/home/groups/tabel/mahlet/quaia-env/lib/python3.10/site-packages/Corrfunc/utils.py:918: UserWarning: One or more input array has non-native endianness!  A copy will be made with the correct endianness.
  warnings.warn("One or more input array has non-native endianness!  A copy will"\
DD: 0.009606
DR: 0.241035
RR: 1.173481
saved to _G20.5_rmin0.001_rmax10.0_nbins30_zsplit4bin0_Lsplit4bin3_Planck_MC_b60
Pixels masked by MC but not already by selfunc: 0
G20.5_zsplit4bin1_Lsplit4bin0: 0.85              11953 vs 80987
/home/groups/tabel/mahlet/quaia-env/lib/python3.10/site-packages/Corrfunc/utils.py:918: UserWarning: One or more input array has non-native endianness!  A copy will be made with the correct endianness.
  warnings.warn("One or more input array has non-native endianness!  A copy will"\
DD: 0.00632
DR: 0.151824
RR: 0.6565650000000001
saved to _G20.5_rmin0.001_rmax10.0_nbins30_zsplit4bin1_Lsplit4bin0_Planck_MC_b60
Pixels masked by MC but not already by selfunc: 0
G20.5_zsplit4bin1_Lsplit4bin1: 0.83              13889 vs 80987
/home/groups/tabel/mahlet/quaia-env/lib/python3.10/site-packages/Corrfunc/utils.py:918: UserWarning: One or more input array has non-native endianness!  A copy will be made with the correct endianness.
  warnings.warn("One or more input array has non-native endianness!  A copy will"\
DD: 0.022316
DR: 0.18692699999999998
RR: 0.8696429999999999
saved to _G20.5_rmin0.001_rmax10.0_nbins30_zsplit4bin1_Lsplit4bin1_Planck_MC_b60
Pixels masked by MC but not already by selfunc: 0
G20.5_zsplit4bin1_Lsplit4bin2: 0.80              16492 vs 80987
/home/groups/tabel/mahlet/quaia-env/lib/python3.10/site-packages/Corrfunc/utils.py:918: UserWarning: One or more input array has non-native endianness!  A copy will be made with the correct endianness.
  warnings.warn("One or more input array has non-native endianness!  A copy will"\
DD: 0.026334999999999997
DR: 0.21209399999999998
RR: 1.030063
saved to _G20.5_rmin0.001_rmax10.0_nbins30_zsplit4bin1_Lsplit4bin2_Planck_MC_b60
Pixels masked by MC but not already by selfunc: 0
G20.5_zsplit4bin1_Lsplit4bin3: 0.72              22648 vs 80988
/home/groups/tabel/mahlet/quaia-env/lib/python3.10/site-packages/Corrfunc/utils.py:918: UserWarning: One or more input array has non-native endianness!  A copy will be made with the correct endianness.
  warnings.warn("One or more input array has non-native endianness!  A copy will"\
DD: 0.01231
DR: 0.289632
RR: 1.3837190000000001
saved to _G20.5_rmin0.001_rmax10.0_nbins30_zsplit4bin1_Lsplit4bin3_Planck_MC_b60
Pixels masked by MC but not already by selfunc: 0
G20.5_zsplit4bin2_Lsplit4bin0: 0.85              12319 vs 80952
/home/groups/tabel/mahlet/quaia-env/lib/python3.10/site-packages/Corrfunc/utils.py:918: UserWarning: One or more input array has non-native endianness!  A copy will be made with the correct endianness.
  warnings.warn("One or more input array has non-native endianness!  A copy will"\
DD: 0.00631
DR: 0.165552
RR: 0.696736
saved to _G20.5_rmin0.001_rmax10.0_nbins30_zsplit4bin2_Lsplit4bin0_Planck_MC_b60
Pixels masked by MC but not already by selfunc: 0
G20.5_zsplit4bin2_Lsplit4bin1: 0.82              14323 vs 80952
/home/groups/tabel/mahlet/quaia-env/lib/python3.10/site-packages/Corrfunc/utils.py:918: UserWarning: One or more input array has non-native endianness!  A copy will be made with the correct endianness.
  warnings.warn("One or more input array has non-native endianness!  A copy will"\
DD: 0.007868
DR: 0.18889499999999998
RR: 0.83734
saved to _G20.5_rmin0.001_rmax10.0_nbins30_zsplit4bin2_Lsplit4bin1_Planck_MC_b60
Pixels masked by MC but not already by selfunc: 0
G20.5_zsplit4bin2_Lsplit4bin2: 0.79              17264 vs 80952
/home/groups/tabel/mahlet/quaia-env/lib/python3.10/site-packages/Corrfunc/utils.py:918: UserWarning: One or more input array has non-native endianness!  A copy will be made with the correct endianness.
  warnings.warn("One or more input array has non-native endianness!  A copy will"\
DD: 0.009803000000000006
DR: 0.243108
RR: 1.157893
saved to _G20.5_rmin0.001_rmax10.0_nbins30_zsplit4bin2_Lsplit4bin2_Planck_MC_b60
Pixels masked by MC but not already by selfunc: 0
G20.5_zsplit4bin2_Lsplit4bin3: 0.72              22691 vs 80952
/home/groups/tabel/mahlet/quaia-env/lib/python3.10/site-packages/Corrfunc/utils.py:918: UserWarning: One or more input array has non-native endianness!  A copy will be made with the correct endianness.
  warnings.warn("One or more input array has non-native endianness!  A copy will"\
DD: 0.010798
DR: 0.305959
RR: 1.621582
saved to _G20.5_rmin0.001_rmax10.0_nbins30_zsplit4bin2_Lsplit4bin3_Planck_MC_b60
Pixels masked by MC but not already by selfunc: 0
G20.5_zsplit4bin3_Lsplit4bin0: 0.84              13273 vs 80988
/home/groups/tabel/mahlet/quaia-env/lib/python3.10/site-packages/Corrfunc/utils.py:918: UserWarning: One or more input array has non-native endianness!  A copy will be made with the correct endianness.
  warnings.warn("One or more input array has non-native endianness!  A copy will"\
DD: 0.0072499999999999995
DR: 0.17160499999999998
RR: 0.836927
saved to _G20.5_rmin0.001_rmax10.0_nbins30_zsplit4bin3_Lsplit4bin0_Planck_MC_b60
Pixels masked by MC but not already by selfunc: 0
G20.5_zsplit4bin3_Lsplit4bin1: 0.80              16137 vs 80987
/home/groups/tabel/mahlet/quaia-env/lib/python3.10/site-packages/Corrfunc/utils.py:918: UserWarning: One or more input array has non-native endianness!  A copy will be made with the correct endianness.
  warnings.warn("One or more input array has non-native endianness!  A copy will"\
DD: 0.0083
DR: 0.242506
RR: 1.190282
saved to _G20.5_rmin0.001_rmax10.0_nbins30_zsplit4bin3_Lsplit4bin1_Planck_MC_b60
Pixels masked by MC but not already by selfunc: 0
G20.5_zsplit4bin3_Lsplit4bin2: 0.77              18781 vs 80987
/home/groups/tabel/mahlet/quaia-env/lib/python3.10/site-packages/Corrfunc/utils.py:918: UserWarning: One or more input array has non-native endianness!  A copy will be made with the correct endianness.
  warnings.warn("One or more input array has non-native endianness!  A copy will"\
DD: 0.008975
DR: 0.26181099999999996
RR: 1.161971
saved to _G20.5_rmin0.001_rmax10.0_nbins30_zsplit4bin3_Lsplit4bin2_Planck_MC_b60
Pixels masked by MC but not already by selfunc: 0
G20.5_zsplit4bin3_Lsplit4bin3: 0.71              23124 vs 80988
/home/groups/tabel/mahlet/quaia-env/lib/python3.10/site-packages/Corrfunc/utils.py:918: UserWarning: One or more input array has non-native endianness!  A copy will be made with the correct endianness.
  warnings.warn("One or more input array has non-native endianness!  A copy will"\
DD: 0.010388999999999999
DR: 0.286825
RR: 1.529974
saved to _G20.5_rmin0.001_rmax10.0_nbins30_zsplit4bin3_Lsplit4bin3_Planck_MC_b60
done!
