Starting batch job

G20.5: computing wtheta in 30 bins from 0.001 to 10.0 on a log scale for 50 jackknife regions...
--L: split

z: [0.0, 1.0, 2.0, 3.0, 4.6] minmax None
L: None split 3
Pixels masked by MC but not already by selfunc: 0
G20.5_zmin0.0zmax1.0_Lsplit3bin0: 0.74              28388 vs 108112
/home/groups/tabel/mahlet/quaia-env/lib/python3.10/site-packages/Corrfunc/utils.py:918: UserWarning: One or more input array has non-native endianness!  A copy will be made with the correct endianness.
  warnings.warn("One or more input array has non-native endianness!  A copy will"\
DD: 0.032806999999999996
DR: 0.310835
RR: 1.640311
DD: 0.010277
DR: 0.30616099999999996
RR: 1.630484
DD: 0.009807999999999999
DR: 0.31094299999999997
RR: 1.6089829999999998
DD: 0.010683
DR: 0.306396
RR: 1.670286
DD: 0.011013
DR: 0.3131590000000001
RR: 1.669252
DD: 0.011019
DR: 0.31484599999999996
RR: 1.66303
DD: 0.011108
DR: 0.307453
RR: 1.690765
DD: 0.010872999999999999
DR: 0.3134140000000001
RR: 1.716857
DD: 0.011191
DR: 0.320634
RR: 1.737117
DD: 0.011389
DR: 0.32697499999999996
RR: 1.799067
DD: 0.011049999999999999
DR: 0.330651
RR: 1.779159
DD: 0.011269999999999999
DR: 0.325445
RR: 1.751788
DD: 0.010962999999999999
DR: 0.327279
RR: 1.806898
DD: 0.011297999999999999
DR: 0.326799
RR: 1.7770299999999999
DD: 0.01134
DR: 0.324019
RR: 1.7215340000000001
DD: 0.010929999999999999
DR: 0.317679
RR: 1.738973
DD: 0.011245999999999999
DR: 0.3229310000000001
RR: 1.767239
DD: 0.011243
DR: 0.3308650000000001
RR: 1.745308
DD: 0.010983
DR: 0.338093
RR: 1.77178
DD: 0.011307
DR: 0.328476
RR: 1.768472
DD: 0.010856
DR: 0.320793
RR: 1.7335720000000001
DD: 0.010886999999999999
DR: 0.312358
RR: 1.688911
DD: 0.010815
DR: 0.30566099999999996
RR: 1.6337380000000001
DD: 0.010551
DR: 0.302498
RR: 1.591162
DD: 0.009772
DR: 0.303358
RR: 1.6153179999999998
DD: 0.009878
DR: 0.30052799999999996
RR: 1.592378
DD: 0.010053
DR: 0.3020630000000001
RR: 1.54848
DD: 0.010026
DR: 0.297475
RR: 1.584877
DD: 0.009825
DR: 0.3134100000000001
RR: 1.857731
DD: 0.01091
DR: 0.352691
RR: 1.858177
DD: 0.010591999999999999
DR: 0.341735
RR: 1.888141
DD: 0.010943999999999999
DR: 0.34179100000000007
RR: 1.877769
DD: 0.01112
DR: 0.338242
RR: 1.883616
DD: 0.011012
DR: 0.347678
RR: 1.92124
DD: 0.010955999999999999
DR: 0.34463699999999997
RR: 1.913363
DD: 0.011778
DR: 0.33361399999999997
RR: 1.867812
DD: 0.011444
DR: 0.33735899999999996
RR: 1.839996
DD: 0.011085999999999999
DR: 0.332571
RR: 1.8067799999999998
DD: 0.011287
DR: 0.33007
RR: 1.814669
DD: 0.011415999999999999
DR: 0.328596
RR: 1.770734
DD: 0.01136
DR: 0.331963
RR: 1.743651
DD: 0.011037
DR: 0.340496
RR: 1.7682470000000001
DD: 0.011087999999999999
DR: 0.32935899999999996
RR: 1.7513489999999998
DD: 0.011295
DR: 0.324545
RR: 1.757769
DD: 0.011120999999999999
DR: 0.32877
RR: 1.765722
DD: 0.011089
DR: 0.320163
RR: 1.7174230000000001
DD: 0.010570999999999999
DR: 0.322079
RR: 1.718674
DD: 0.010922999999999999
DR: 0.32025
RR: 1.6777250000000001
DD: 0.010487999999999999
DR: 0.302373
RR: 1.607836
DD: 0.010546
DR: 0.299983
RR: 1.6512
saved to _G20.5_rmin0.001_rmax10.0_nbins30_zmin0.0zmax1.0_Lsplit3bin0_N50_Planck_MC_b50

Pixels masked by MC but not already by selfunc: 0
G20.5_zmin0.0zmax1.0_Lsplit3bin1: 0.65              38374 vs 108112
/home/groups/tabel/mahlet/quaia-env/lib/python3.10/site-packages/Corrfunc/utils.py:918: UserWarning: One or more input array has non-native endianness!  A copy will be made with the correct endianness.
  warnings.warn("One or more input array has non-native endianness!  A copy will"\
DD: 0.014395
DR: 0.441544
RR: 2.578908
DD: 0.014497999999999999
DR: 0.447779
RR: 2.605604
DD: 0.014511999999999999
DR: 0.45203699999999997
RR: 2.538975
DD: 0.014223999999999999
DR: 0.452854
RR: 2.640195
DD: 0.015236
DR: 0.45684100000000005
RR: 2.527819
DD: 0.01405
DR: 0.44195300000000004
RR: 2.645549
DD: 0.014669999999999999
DR: 0.456644
RR: 2.572283
DD: 0.014076
DR: 0.45093999999999995
RR: 2.705631
DD: 0.014799999999999999
DR: 0.461935
RR: 2.68995
DD: 0.014447999999999999
DR: 0.47424099999999997
RR: 2.854983
DD: 0.014891
DR: 0.47379899999999997
RR: 2.747253
DD: 0.014521
DR: 0.477081
RR: 2.818256
DD: 0.01565
DR: 0.47753
RR: 2.74496
DD: 0.015349999999999999
DR: 0.47682599999999997
RR: 2.793114
DD: 0.015344
DR: 0.47204599999999997
RR: 2.696965
DD: 0.015253
DR: 0.47532399999999997
RR: 2.75724
DD: 0.014830999999999999
DR: 0.468713
RR: 2.722115
DD: 0.014473999999999999
DR: 0.469261
RR: 2.816371
DD: 0.015227999999999998
DR: 0.47221799999999997
RR: 2.724109
DD: 0.014527
DR: 0.473126
RR: 2.782261
DD: 0.014591999999999999
DR: 0.468259
RR: 2.732856
DD: 0.014100999999999999
DR: 0.459259
RR: 2.743169
DD: 0.014435
DR: 0.46057000000000003
RR: 2.647022
DD: 0.014757
DR: 0.440191
RR: 2.65826
DD: 0.014551
DR: 0.44107199999999996
RR: 2.590983
DD: 0.014842999999999999
DR: 0.43808199999999997
RR: 2.599374
DD: 0.014716
DR: 0.439401
RR: 2.5486240000000002
DD: 0.013973
DR: 0.443138
RR: 2.589857
DD: 0.014466
DR: 0.440454
RR: 2.566334
DD: 0.014156
DR: 0.445217
RR: 2.613057
DD: 0.014929999999999999
DR: 0.447839
RR: 2.622729
DD: 0.014705
DR: 0.451874
RR: 2.6667870000000002
DD: 0.014827
DR: 0.46988199999999997
RR: 2.72137
DD: 0.014846
DR: 0.463885
RR: 2.816362
DD: 0.015248999999999999
DR: 0.481352
RR: 2.819626
DD: 0.014927999999999999
DR: 0.474525
RR: 2.777259
DD: 0.014868999999999999
DR: 0.470391
RR: 2.807683
DD: 0.014764
DR: 0.47145899999999996
RR: 2.769752
DD: 0.014832999999999999
DR: 0.466989
RR: 2.750973
DD: 0.014615
DR: 0.467715
RR: 2.826737
DD: 0.015396
DR: 0.47619599999999995
RR: 2.753174
DD: 0.014506999999999999
DR: 0.471972
RR: 2.823014
DD: 0.014896
DR: 0.46766700000000005
RR: 2.774541
DD: 0.014877
DR: 0.47822300000000006
RR: 2.764909
DD: 0.014799999999999999
DR: 0.467584
RR: 2.734898
DD: 0.014598999999999999
DR: 0.456002
RR: 2.76093
DD: 0.014384999999999998
DR: 0.45179
RR: 2.565452
DD: 0.013635999999999999
DR: 0.43369800000000003
RR: 2.580801
DD: 0.013576999999999999
DR: 0.440961
RR: 2.559897
DD: 0.013797
DR: 0.435154
RR: 2.525836
saved to _G20.5_rmin0.001_rmax10.0_nbins30_zmin0.0zmax1.0_Lsplit3bin1_N50_Planck_MC_b50

Pixels masked by MC but not already by selfunc: 0
G20.5_zmin0.0zmax1.0_Lsplit3bin2: 0.62              41561 vs 108112
/home/groups/tabel/mahlet/quaia-env/lib/python3.10/site-packages/Corrfunc/utils.py:918: UserWarning: One or more input array has non-native endianness!  A copy will be made with the correct endianness.
  warnings.warn("One or more input array has non-native endianness!  A copy will"\
DD: 0.015221
DR: 0.49673599999999996
RR: 3.030206
DD: 0.015792
DR: 0.489576
RR: 2.964287
DD: 0.015434999999999999
DR: 0.48396
RR: 2.954275
DD: 0.015937
DR: 0.485078
RR: 2.87861
DD: 0.015989
DR: 0.503765
RR: 2.965127
DD: 0.016406999999999998
DR: 0.5027039999999999
RR: 3.046943
DD: 0.016687
DR: 0.506055
RR: 3.056229
DD: 0.016515
DR: 0.512716
RR: 3.048568
DD: 0.016654
DR: 0.534343
RR: 3.231383
DD: 0.017093999999999998
DR: 0.531131
RR: 3.196537
DD: 0.01673
DR: 0.518555
RR: 3.126786
DD: 0.016666
DR: 0.526543
RR: 3.192655
DD: 0.016687
DR: 0.526175
RR: 3.158755
DD: 0.016555999999999998
DR: 0.518068
RR: 3.1782060000000003
DD: 0.01698
DR: 0.527679
RR: 3.108594
DD: 0.016734
DR: 0.527307
RR: 3.185531
DD: 0.016881
DR: 0.531085
RR: 3.195574
DD: 0.016186
DR: 0.5187269999999999
RR: 3.139326
DD: 0.015754
DR: 0.5307649999999999
RR: 3.231849
DD: 0.016472999999999998
DR: 0.5325500000000001
RR: 3.255907
DD: 0.016135
DR: 0.510747
RR: 3.183986
DD: 0.01599
DR: 0.49690999999999996
RR: 3.001398
DD: 0.015593999999999998
DR: 0.484537
RR: 3.151788
DD: 0.015854999999999998
DR: 0.493935
RR: 3.010479
DD: 0.015664
DR: 0.48441999999999996
RR: 2.933523
DD: 0.015217
DR: 0.484198
RR: 2.873941
DD: 0.015382
DR: 0.462585
RR: 2.927257
DD: 0.015387
DR: 0.478031
RR: 2.870996
DD: 0.015328999999999999
DR: 0.480052
RR: 2.888163
DD: 0.015446999999999999
DR: 0.484849
RR: 2.925177
DD: 0.015802
DR: 0.5022
RR: 2.942546
DD: 0.016534
DR: 0.49549099999999996
RR: 2.970555
DD: 0.016368999999999998
DR: 0.5064660000000001
RR: 3.100031
DD: 0.016933999999999998
DR: 0.525211
RR: 3.170677
DD: 0.016527999999999998
DR: 0.525754
RR: 3.25968
DD: 0.016354999999999998
DR: 0.522534
RR: 3.207754
DD: 0.016281
DR: 0.5181479999999999
RR: 3.179844
DD: 0.016064
DR: 0.5178370000000001
RR: 3.149166
DD: 0.015924
DR: 0.520041
RR: 3.222912
DD: 0.016694999999999998
DR: 0.52337
RR: 3.135037
DD: 0.016177
DR: 0.509117
RR: 3.1422
DD: 0.016996
DR: 0.518682
RR: 3.112501
DD: 0.016595
DR: 0.525853
RR: 3.1486
DD: 0.016578
DR: 0.519332
RR: 3.185455
DD: 0.016523
DR: 0.5151899999999999
RR: 3.186707
DD: 0.017086
DR: 0.515629
RR: 3.097562
DD: 0.015962999999999998
DR: 0.510505
RR: 3.056188
DD: 0.016222999999999998
DR: 0.496097
RR: 2.989687
DD: 0.015828
DR: 0.490512
RR: 2.944172
DD: 0.015837999999999998
DR: 0.48340099999999997
RR: 2.884431
saved to _G20.5_rmin0.001_rmax10.0_nbins30_zmin0.0zmax1.0_Lsplit3bin2_N50_Planck_MC_b50

Pixels masked by MC but not already by selfunc: 0
G20.5_zmin1.0zmax2.0_Lsplit3bin0: 0.72              59781 vs 216065
/home/groups/tabel/mahlet/quaia-env/lib/python3.10/site-packages/Corrfunc/utils.py:918: UserWarning: One or more input array has non-native endianness!  A copy will be made with the correct endianness.
  warnings.warn("One or more input array has non-native endianness!  A copy will"\
DD: 0.023708
DR: 0.91972
RR: 6.779325
DD: 0.025037999999999998
DR: 0.930723
RR: 6.856594
DD: 0.024498
DR: 0.935327
RR: 6.851174
DD: 0.024623
DR: 0.945028
RR: 6.843423
DD: 0.025006999999999998
DR: 0.933824
RR: 6.831715
DD: 0.024864999999999998
DR: 0.936108
RR: 6.99787
DD: 0.024472999999999998
DR: 0.956657
RR: 7.042084
DD: 0.024895
DR: 0.96892
RR: 7.423157
DD: 0.026212
DR: 0.992814
RR: 7.547598
DD: 0.02581
DR: 0.983603
RR: 7.562846
DD: 0.025713
DR: 0.960863
RR: 7.655556
DD: 0.025745999999999998
DR: 0.995156
RR: 7.518365
DD: 0.024752999999999997
DR: 0.987038
RR: 7.567947
DD: 0.025528
DR: 0.987394
RR: 7.596231
DD: 0.025072999999999998
DR: 1.028791
RR: 7.729168
DD: 0.025824999999999997
DR: 1.000549
RR: 7.534903
DD: 0.025942999999999997
DR: 1.008218
RR: 7.576472
DD: 0.025573
DR: 0.987494
RR: 7.532668
DD: 0.025979
DR: 0.987396
RR: 7.539782
DD: 0.025203
DR: 1.020039
RR: 7.901533
DD: 0.026005999999999998
DR: 1.002201
RR: 7.528581
DD: 0.024707
DR: 0.966765
RR: 7.257081
DD: 0.02412
DR: 0.949975
RR: 7.068295
DD: 0.024092
DR: 0.917188
RR: 6.906914
DD: 0.023053999999999998
DR: 0.911625
RR: 7.042341
DD: 0.023941999999999998
DR: 0.929719
RR: 6.867491
DD: 0.024037
DR: 0.915394
RR: 6.92479
DD: 0.024836
DR: 0.92471
RR: 6.823557
DD: 0.023814
DR: 0.919254
RR: 6.914393
DD: 0.024168
DR: 0.913664
RR: 7.079362
DD: 0.024582
DR: 0.949241
RR: 7.083801
DD: 0.024539
DR: 0.952484
RR: 7.450677
DD: 0.025519
DR: 0.986902
RR: 7.379509
DD: 0.026345
DR: 0.978858
RR: 7.634668
DD: 0.025922999999999998
DR: 1.000826
RR: 7.61183
DD: 0.02488
DR: 1.045937
RR: 7.66794
DD: 0.025457
DR: 0.988011
RR: 7.504694
DD: 0.025537999999999998
DR: 0.988492
RR: 7.570281
DD: 0.025797999999999998
DR: 0.989065
RR: 7.49214
DD: 0.027438999999999998
DR: 0.998668
RR: 7.646548
DD: 0.026558
DR: 0.982124
RR: 7.735956
DD: 0.026528
DR: 0.997075
RR: 7.52317
DD: 0.025665
DR: 0.975343
RR: 7.582008
DD: 0.025731
DR: 0.980335
RR: 7.5006070000000005
DD: 0.024919
DR: 1.023003
RR: 7.707909
DD: 0.026506
DR: 0.991251
RR: 7.3494019999999995
DD: 0.025079999999999998
DR: 0.959123
RR: 7.285941
DD: 0.025432999999999997
DR: 0.943686
RR: 7.097486
DD: 0.024638999999999998
DR: 0.939132
RR: 6.95828
DD: 0.023767
DR: 0.930637
RR: 6.848692
saved to _G20.5_rmin0.001_rmax10.0_nbins30_zmin1.0zmax2.0_Lsplit3bin0_N50_Planck_MC_b50

Pixels masked by MC but not already by selfunc: 0
G20.5_zmin1.0zmax2.0_Lsplit3bin1: 0.65              74982 vs 216065
/home/groups/tabel/mahlet/quaia-env/lib/python3.10/site-packages/Corrfunc/utils.py:918: UserWarning: One or more input array has non-native endianness!  A copy will be made with the correct endianness.
  warnings.warn("One or more input array has non-native endianness!  A copy will"\
DD: 0.03414
DR: 1.3217539999999999
RR: 10.946157
DD: 0.045834
DR: 1.356618
RR: 10.356204
DD: 0.033097999999999995
DR: 1.3098809999999999
RR: 10.296158
DD: 0.033403999999999996
DR: 1.319505
RR: 10.369846
DD: 0.032039
DR: 1.2892990000000002
RR: 10.443858
DD: 0.034318
DR: 1.306643
RR: 10.451543
DD: 0.033583999999999996
DR: 1.361153
RR: 10.701262
DD: 0.036247
DR: 1.3806289999999999
RR: 11.017911
DD: 0.035872
DR: 1.376481
RR: 11.280629
DD: 0.03572
DR: 1.336677
RR: 11.332686
DD: 0.035671
DR: 1.411791
RR: 10.971983
DD: 0.03586800000000001
DR: 1.404919
RR: 11.256709
DD: 0.037474
DR: 1.465503
RR: 11.187083
DD: 0.033715999999999996
DR: 1.4712610000000002
RR: 11.334188
DD: 0.036919
DR: 1.4058519999999999
RR: 10.869328
DD: 0.036810999999999997
DR: 1.435499
RR: 11.293126
DD: 0.037639
DR: 1.458278
RR: 11.40413
DD: 0.03870000000000007
DR: 1.54885
RR: 11.679517
DD: 0.036041
DR: 1.452844
RR: 11.634931
DD: 0.037307
DR: 1.4480629999999999
RR: 11.533004
DD: 0.037530999999999995
DR: 1.402314
RR: 11.402753
DD: 0.036174
DR: 1.465301
RR: 11.306508000000001
DD: 0.035803
DR: 1.3619569999999999
RR: 11.005093
DD: 0.03593
DR: 1.341523
RR: 10.87102
DD: 0.035778
DR: 1.33122
RR: 10.881922
DD: 0.035736
DR: 1.326006
RR: 10.676532
DD: 0.034832
DR: 1.322509
RR: 10.645083
DD: 0.036407999999999996
DR: 1.290939
RR: 10.63424
DD: 0.03367
DR: 1.319329
RR: 10.895896
DD: 0.035592
DR: 1.3738489999999999
RR: 10.689892
DD: 0.034945
DR: 1.400192
RR: 10.917227
DD: 0.036619
DR: 1.442295
RR: 11.283059
DD: 0.037378999999999996
DR: 1.381452
RR: 11.634598
DD: 0.037612
DR: 1.493447
RR: 11.859072
DD: 0.038335999999999995
DR: 1.4835639999999999
RR: 11.797944
DD: 0.034841
DR: 1.5235720000000001
RR: 11.998064
DD: 0.037975999999999996
DR: 1.414503
RR: 11.85758
DD: 0.037626
DR: 1.456523
RR: 11.918352
DD: 0.036921999999999996
DR: 1.488324
RR: 11.692542
DD: 0.038349
DR: 1.4821870000000001
RR: 11.825003
DD: 0.035085
DR: 1.484143
RR: 12.096111
DD: 0.037309999999999996
DR: 1.449317
RR: 12.23552
DD: 0.037377
DR: 1.414374
RR: 12.070069
DD: 0.036881
DR: 1.404487
RR: 11.954281
DD: 0.037117
DR: 1.442911
RR: 11.993645
DD: 0.037022
DR: 1.3994849999999999
RR: 11.767215
DD: 0.035553
DR: 1.428534
RR: 11.297924
DD: 0.035290999999999996
DR: 1.4046319999999999
RR: 10.996479
DD: 0.035016
DR: 1.373238
RR: 10.973922
DD: 0.035475
DR: 1.364485
RR: 10.763566
saved to _G20.5_rmin0.001_rmax10.0_nbins30_zmin1.0zmax2.0_Lsplit3bin1_N50_Planck_MC_b50

Pixels masked by MC but not already by selfunc: 0
G20.5_zmin1.0zmax2.0_Lsplit3bin2: 0.57              92095 vs 216066
/home/groups/tabel/mahlet/quaia-env/lib/python3.10/site-packages/Corrfunc/utils.py:918: UserWarning: One or more input array has non-native endianness!  A copy will be made with the correct endianness.
  warnings.warn("One or more input array has non-native endianness!  A copy will"\
DD: 0.047906
DR: 1.881623
RR: 16.024403
DD: 0.045071
DR: 1.929891
RR: 15.676648
DD: 0.046338
DR: 1.902548
RR: 15.929123
DD: 0.047235
DR: 1.8192
RR: 15.706904
DD: 0.04511300000000007
DR: 1.807261
RR: 15.453442
DD: 0.048837
DR: 1.97169
RR: 16.113547
DD: 0.048952999999999997
DR: 2.007131
RR: 16.469733
DD: 0.049741999999999995
DR: 2.021389
RR: 16.913147
DD: 0.050512999999999995
DR: 1.970301
RR: 17.694743
DD: 0.047709999999999995
DR: 2.134446
RR: 17.616364
DD: 0.050872999999999995
DR: 2.104106
RR: 17.478966
DD: 0.050578
DR: 2.115908
RR: 17.580843
DD: 0.05044
DR: 2.119037
RR: 17.54257
DD: 0.050667
DR: 1.93271
RR: 17.332217
DD: 0.047471
DR: 2.026252
RR: 17.254175
DD: 0.047583
DR: 2.138875
RR: 17.289995
DD: 0.050851999999999994
DR: 2.097277
RR: 17.229405
DD: 0.050513999999999996
DR: 2.101124
RR: 17.203695
DD: 0.051279
DR: 2.118797
RR: 17.26417
DD: 0.051275999999999995
DR: 2.107522
RR: 17.574915
DD: 0.050816
DR: 2.000094
RR: 17.282238
DD: 0.045766999999999995
DR: 2.00572
RR: 16.595085
DD: 0.044979
DR: 2.008644
RR: 16.166905
DD: 0.048093
DR: 2.001652
RR: 16.094561
DD: 0.047941
DR: 2.011802
RR: 15.982818
DD: 0.047011
DR: 2.001572
RR: 15.636124
DD: 0.046558999999999996
DR: 1.967213
RR: 15.522679
DD: 0.047569
DR: 1.952903
RR: 15.604711
DD: 0.046336000000000044
DR: 1.9309479999999999
RR: 15.935183
DD: 0.044445
DR: 2.03728
RR: 15.774931
DD: 0.04831
DR: 2.005705
RR: 15.967852
DD: 0.048262
DR: 2.036094
RR: 16.319214
DD: 0.048544
DR: 2.078368
RR: 16.799409
DD: 0.05039
DR: 2.151674
RR: 17.429532
DD: 0.051504999999999995
DR: 2.060905
RR: 17.500637
DD: 0.051278
DR: 2.078896
RR: 17.27504
DD: 0.051465
DR: 2.13854
RR: 17.225446
DD: 0.051532999999999995
DR: 2.126065
RR: 17.280583
DD: 0.051179999999999996
DR: 2.140924
RR: 17.298952
DD: 0.051383
DR: 2.169495
RR: 17.336001
DD: 0.05142
DR: 2.080906
RR: 17.499104
DD: 0.046863999999999996
DR: 2.094906
RR: 17.484354
DD: 0.047139999999999994
DR: 2.176218
RR: 17.394544
DD: 0.051569
DR: 2.146417
RR: 17.278075
DD: 0.050657
DR: 2.1741
RR: 17.284861
DD: 0.050095999999999995
DR: 2.135727
RR: 17.146802
DD: 0.049706
DR: 2.100367
RR: 16.678068
DD: 0.048539
DR: 1.96758
RR: 16.345002
DD: 0.044441999999999995
DR: 1.901561
RR: 15.548007
DD: 0.047334999999999995
DR: 1.958158
RR: 15.564033
saved to _G20.5_rmin0.001_rmax10.0_nbins30_zmin1.0zmax2.0_Lsplit3bin2_N50_Planck_MC_b50

Pixels masked by MC but not already by selfunc: 0
G20.5_zmin2.0zmax3.0_Lsplit3bin0: 0.71              27595 vs 95503
/home/groups/tabel/mahlet/quaia-env/lib/python3.10/site-packages/Corrfunc/utils.py:918: UserWarning: One or more input array has non-native endianness!  A copy will be made with the correct endianness.
  warnings.warn("One or more input array has non-native endianness!  A copy will"\
DD: 0.010650999999999999
DR: 0.28263099999999997
RR: 1.491298
DD: 0.010296
DR: 0.291993
RR: 1.456105
DD: 0.011113999999999999
DR: 0.307716
RR: 1.4503460000000001
DD: 0.010222
DR: 0.299274
RR: 1.477422
DD: 0.012051
DR: 0.28938300000000006
RR: 1.4955370000000001
DD: 0.01091400000000009
DR: 0.293168
RR: 1.4430450000000001
DD: 0.010955
DR: 0.293102
RR: 1.4799120000000001
DD: 0.011153999999999999
DR: 0.30383699999999997
RR: 1.53587
DD: 0.011505
DR: 0.31463599999999997
RR: 1.564137
DD: 0.011219999999999999
DR: 0.31129999999999997
RR: 1.647221
DD: 0.011817
DR: 0.325747
RR: 1.555769
DD: 0.012308999999999999
DR: 0.32952899999999996
RR: 1.5784850000000001
DD: 0.011935999999999999
DR: 0.302168
RR: 1.667589
DD: 0.012688999999999999
DR: 0.30544699999999997
RR: 1.609407
DD: 0.011791999999999999
DR: 0.323781
RR: 1.553326
DD: 0.011731
DR: 0.325345
RR: 1.616479
DD: 0.011149
DR: 0.312541
RR: 1.630954
DD: 0.012374999999999999
DR: 0.327055
RR: 1.530445
DD: 0.011928
DR: 0.329978
RR: 1.6296840000000001
DD: 0.011548
DR: 0.31676099999999996
RR: 1.626803
DD: 0.011722999999999999
DR: 0.32264500000000007
RR: 1.539996
DD: 0.011129
DR: 0.316923
RR: 1.569361
DD: 0.011413
DR: 0.28847500000000004
RR: 1.510241
DD: 0.011536
DR: 0.30583899999999997
RR: 1.449752
DD: 0.010785
DR: 0.283497
RR: 1.484882
DD: 0.010841
DR: 0.2978
RR: 1.396249
DD: 0.010667
DR: 0.303213
RR: 1.487594
DD: 0.011233
DR: 0.287956
RR: 1.46217
DD: 0.011078
DR: 0.304542
RR: 1.455107
DD: 0.01113
DR: 0.28789300000000007
RR: 1.5372219999999999
DD: 0.011016999999999999
DR: 0.309284
RR: 1.4413610000000001
DD: 0.011085
DR: 0.307914
RR: 1.5290629999999998
DD: 0.011077
DR: 0.311017
RR: 1.57149
DD: 0.01218
DR: 0.332028
RR: 1.572251
DD: 0.010615999999999999
DR: 0.331401
RR: 1.619497
DD: 0.011587
DR: 0.301308
RR: 1.579329
DD: 0.012161
DR: 0.323092
RR: 1.570163
DD: 0.01201
DR: 0.309338
RR: 1.627132
DD: 0.011993
DR: 0.315758
RR: 1.5908669999999998
DD: 0.012397
DR: 0.333719
RR: 1.5909
DD: 0.011372
DR: 0.30576800000000004
RR: 1.629064
DD: 0.012365
DR: 0.325723
RR: 1.5687449999999998
DD: 0.01194
DR: 0.332272
RR: 1.60196
DD: 0.011366999999999999
DR: 0.3229930000000001
RR: 1.659471
DD: 0.011845999999999999
DR: 0.332704
RR: 1.599036
DD: 0.011859999999999999
DR: 0.33103099999999996
RR: 1.5812490000000001
DD: 0.011715999999999999
DR: 0.297403
RR: 1.589985
DD: 0.011748
DR: 0.295304
RR: 1.495453
DD: 0.01167
DR: 0.309704
RR: 1.479867
DD: 0.010872999999999999
DR: 0.30097999999999997
RR: 1.526881
saved to _G20.5_rmin0.001_rmax10.0_nbins30_zmin2.0zmax3.0_Lsplit3bin0_N50_Planck_MC_b50

Pixels masked by MC but not already by selfunc: 0
G20.5_zmin2.0zmax3.0_Lsplit3bin1: 0.63              35000 vs 95502
/home/groups/tabel/mahlet/quaia-env/lib/python3.10/site-packages/Corrfunc/utils.py:918: UserWarning: One or more input array has non-native endianness!  A copy will be made with the correct endianness.
  warnings.warn("One or more input array has non-native endianness!  A copy will"\
DD: 0.013508
DR: 0.39232500000000003
RR: 2.061271
DD: 0.01413
DR: 0.393126
RR: 1.975109
DD: 0.014065999999999999
DR: 0.394988
RR: 1.986033
DD: 0.013449
DR: 0.379809
RR: 2.056477
DD: 0.013420999999999999
DR: 0.381513
RR: 2.102633
DD: 0.01398
DR: 0.40498100000000004
RR: 2.079505
DD: 0.013944
DR: 0.40979299999999996
RR: 2.060649
DD: 0.014417999999999999
DR: 0.409489
RR: 2.11897
DD: 0.013642
DR: 0.43081800000000003
RR: 2.281116
DD: 0.014624
DR: 0.407673
RR: 2.34463
DD: 0.015175
DR: 0.412134
RR: 2.374565
DD: 0.01578299999999999
DR: 0.42319799999999996
RR: 2.2795389999999998
DD: 0.015299
DR: 0.427964
RR: 2.249693
DD: 0.014960999999999999
DR: 0.43041599999999997
RR: 2.186564
DD: 0.014709999999999999
DR: 0.417501
RR: 2.162723
DD: 0.013748999999999999
DR: 0.422187
RR: 2.181216
DD: 0.014669
DR: 0.402342
RR: 2.279246
DD: 0.013777999999999999
DR: 0.41587599999999997
RR: 2.309417
DD: 0.014662999999999999
DR: 0.39316300000000004
RR: 2.290263
DD: 0.014123
DR: 0.416338
RR: 2.24579
DD: 0.013982
DR: 0.40952600000000006
RR: 2.17898
DD: 0.014048
DR: 0.402781
RR: 2.133144
DD: 0.013004000000000016
DR: 0.39987
RR: 2.10199
DD: 0.014046999999999999
DR: 0.38167700000000004
RR: 2.109091
DD: 0.012402999999999999
DR: 0.383598
RR: 2.179389
DD: 0.013547
DR: 0.367648
RR: 2.022247
DD: 0.012723
DR: 0.368156
RR: 1.997925
DD: 0.012433
DR: 0.36211099999999996
RR: 1.985245
DD: 0.012551
DR: 0.367332
RR: 2.01759
DD: 0.012532
DR: 0.37232600000000005
RR: 2.032344
DD: 0.012683999999999999
DR: 0.37090900000000004
RR: 2.086181
DD: 0.013427999999999999
DR: 0.39424
RR: 2.15041
DD: 0.013597
DR: 0.40224099999999996
RR: 2.139278
DD: 0.01453
DR: 0.399501
RR: 2.373584
DD: 0.015198000000000045
DR: 0.42822899999999997
RR: 2.3360849999999997
DD: 0.014676999999999999
DR: 0.406231
RR: 2.253193
DD: 0.014603999999999999
DR: 0.42256299999999997
RR: 2.290572
DD: 0.014216
DR: 0.422207
RR: 2.199917
DD: 0.01364
DR: 0.402765
RR: 2.315625
DD: 0.014117999999999999
DR: 0.415272
RR: 2.251374
DD: 0.014499999999999999
DR: 0.40424
RR: 2.320069
DD: 0.015068
DR: 0.432593
RR: 2.368628
DD: 0.014551
DR: 0.42276199999999997
RR: 2.250102
DD: 0.013153999999999999
DR: 0.39432999999999996
RR: 2.292342
DD: 0.013975999999999999
DR: 0.414906
RR: 2.27402
DD: 0.013602999999999999
DR: 0.39913499999999996
RR: 2.1401120000000002
DD: 0.013418999999999999
DR: 0.400348
RR: 2.166009
DD: 0.013084
DR: 0.391076
RR: 2.159841
DD: 0.013202
DR: 0.37384599999999996
RR: 2.049363
DD: 0.013465999999999999
DR: 0.390109
RR: 2.108341
saved to _G20.5_rmin0.001_rmax10.0_nbins30_zmin2.0zmax3.0_Lsplit3bin1_N50_Planck_MC_b50

Pixels masked by MC but not already by selfunc: 0
G20.5_zmin2.0zmax3.0_Lsplit3bin2: 0.53              44839 vs 95503
/home/groups/tabel/mahlet/quaia-env/lib/python3.10/site-packages/Corrfunc/utils.py:918: UserWarning: One or more input array has non-native endianness!  A copy will be made with the correct endianness.
  warnings.warn("One or more input array has non-native endianness!  A copy will"\
DD: 0.018527
DR: 0.558936
RR: 3.092699
DD: 0.018073
DR: 0.541385
RR: 2.925055
DD: 0.016937999999999998
DR: 0.544078
RR: 3.083656
DD: 0.018012
DR: 0.5454559999999999
RR: 3.02523
DD: 0.017152999999999998
DR: 0.537975
RR: 3.094508
DD: 0.018757
DR: 0.55921
RR: 3.109854
DD: 0.018698
DR: 0.5491849999999999
RR: 3.161233
DD: 0.019198
DR: 0.578579
RR: 3.302343
DD: 0.019629
DR: 0.563438
RR: 3.316822
DD: 0.019674999999999998
DR: 0.603953
RR: 3.386269
DD: 0.019677
DR: 0.582979
RR: 3.424894
DD: 0.020142999999999998
DR: 0.6138300000000001
RR: 3.407406
DD: 0.019273
DR: 0.5676460000000001
RR: 3.32834
DD: 0.019046
DR: 0.5977870000000001
RR: 3.367129
DD: 0.018913
DR: 0.5684549999999999
RR: 3.375903
DD: 0.019317
DR: 0.62012
RR: 3.390778
DD: 0.019209999999999998
DR: 0.576282
RR: 3.320812
DD: 0.018976
DR: 0.61135
RR: 3.3506679999999998
DD: 0.01917
DR: 0.5766589999999999
RR: 3.2610580000000002
DD: 0.018959999999999998
DR: 0.6085510000000001
RR: 3.368404
DD: 0.019108999999999998
DR: 0.60387
RR: 3.253724
DD: 0.018276999999999998
DR: 0.5846990000000001
RR: 3.210455
DD: 0.017998
DR: 0.5686359999999999
RR: 3.004093
DD: 0.017795
DR: 0.5668580000000001
RR: 3.094921
DD: 0.018439999999999998
DR: 0.571866
RR: 2.995458
DD: 0.017533
DR: 0.5717540000000001
RR: 3.098996
DD: 0.018758999999999998
DR: 0.5796760000000001
RR: 2.991722
DD: 0.01857
DR: 0.540451
RR: 3.148215
DD: 0.018536
DR: 0.565087
RR: 3.045892
DD: 0.017353999999999998
DR: 0.578566
RR: 3.066487
DD: 0.018497
DR: 0.5820069999999999
RR: 3.164766
DD: 0.017325999999999998
DR: 0.563641
RR: 3.225242
DD: 0.018826
DR: 0.611393
RR: 3.334931
DD: 0.018039
DR: 0.6261599999999999
RR: 3.51846
DD: 0.019986999999999998
DR: 0.642798
RR: 3.451876
DD: 0.019037
DR: 0.613827
RR: 3.563072
DD: 0.020738
DR: 0.650775
RR: 3.314479
DD: 0.019937999999999997
DR: 0.636828
RR: 3.4560779999999998
DD: 0.019951999999999998
DR: 0.590384
RR: 3.406342
DD: 0.019774
DR: 0.634693
RR: 3.433175
DD: 0.017884999999999998
DR: 0.633772
RR: 3.573659
DD: 0.02055
DR: 0.6485650000000001
RR: 3.4426300000000003
DD: 0.018132
DR: 0.6410899999999999
RR: 3.514418
DD: 0.020014
DR: 0.6374850000000001
RR: 3.266149
DD: 0.02005
DR: 0.636144
RR: 3.467637
DD: 0.019454
DR: 0.624105
RR: 3.327611
DD: 0.019149
DR: 0.6133850000000001
RR: 3.355022
DD: 0.018994
DR: 0.608185
RR: 3.104527
DD: 0.018595999999999998
DR: 0.598209
RR: 3.231812
DD: 0.018966999999999998
DR: 0.5946469999999999
RR: 3.003158
saved to _G20.5_rmin0.001_rmax10.0_nbins30_zmin2.0zmax3.0_Lsplit3bin2_N50_Planck_MC_b50

Pixels masked by MC but not already by selfunc: 0
G20.5_zmin3.0zmax4.6_Lsplit3bin0: 0.68              3907 vs 12153
/home/groups/tabel/mahlet/quaia-env/lib/python3.10/site-packages/Corrfunc/utils.py:918: UserWarning: One or more input array has non-native endianness!  A copy will be made with the correct endianness.
  warnings.warn("One or more input array has non-native endianness!  A copy will"\
DD: 0.002417
DR: 0.026032999999999997
RR: 0.047867
DD: 0.002944
DR: 0.027819
RR: 0.04826
DD: 0.002807
DR: 0.027582
RR: 0.047382999999999995
DD: 0.0027919999999999998
DR: 0.027455
RR: 0.047910999999999995
DD: 0.002779
DR: 0.027726999999999998
RR: 0.048096
DD: 0.002851
DR: 0.028058
RR: 0.048401
DD: 0.002822
DR: 0.028376
RR: 0.049018
DD: 0.002869
DR: 0.02903
RR: 0.049676
DD: 0.0029
DR: 0.028884
RR: 0.05096
DD: 0.0029319999999999997
DR: 0.029262
RR: 0.051184
DD: 0.002737
DR: 0.029123999999999997
RR: 0.051342
DD: 0.002741
DR: 0.029085
RR: 0.050427
DD: 0.0027129999999999997
DR: 0.029064
RR: 0.050783999999999996
DD: 0.0027589999999999997
DR: 0.029098
RR: 0.050862
DD: 0.002735
DR: 0.02899
RR: 0.050464999999999996
DD: 0.002737
DR: 0.028995999999999997
RR: 0.050399
DD: 0.002692
DR: 0.028984
RR: 0.050258000000000025
DD: 0.002688
DR: 0.029408
RR: 0.050697
DD: 0.002744
DR: 0.029487
RR: 0.051077
DD: 0.0027519999999999997
DR: 0.028933
RR: 0.051272
DD: 0.0026869999999999997
DR: 0.028456
RR: 0.050505999999999995
DD: 0.0028049999999999998
DR: 0.028218999999999998
RR: 0.049843
DD: 0.002832
DR: 0.027822999999999997
RR: 0.047929
DD: 0.002807
DR: 0.027913
RR: 0.048680999999999995
DD: 0.002815
DR: 0.027646999999999998
RR: 0.047717999999999997
DD: 0.002773
DR: 0.027545
RR: 0.047826
DD: 0.0027749999999999997
DR: 0.027673
RR: 0.046519
DD: 0.0027459999999999997
DR: 0.027322
RR: 0.047334
DD: 0.002778
DR: 0.027667999999999998
RR: 0.047964
DD: 0.0028239999999999997
DR: 0.027379999999999998
RR: 0.048119999999999996
DD: 0.002757
DR: 0.028192
RR: 0.048215
DD: 0.0027719999999999997
DR: 0.028114999999999998
RR: 0.049498
DD: 0.002853
DR: 0.028849999999999997
RR: 0.050129
DD: 0.0029119999999999997
DR: 0.028872
RR: 0.050281
DD: 0.0028
DR: 0.026744999999999998
RR: 0.047410999999999995
DD: 0.0025269999999999997
DR: 0.026853
RR: 0.046701
DD: 0.0025689999999999997
DR: 0.026868
RR: 0.046643
DD: 0.002544
DR: 0.026976
RR: 0.047015
DD: 0.002567
DR: 0.026663
RR: 0.046897
DD: 0.002559
DR: 0.026898
RR: 0.047413
DD: 0.00258
DR: 0.02677
RR: 0.053234000000000004
DD: 0.0028409999999999998
DR: 0.030663
RR: 0.052785
DD: 0.0028049999999999998
DR: 0.030232
RR: 0.053078999999999994
DD: 0.002768
DR: 0.030196999999999998
RR: 0.051043
DD: 0.002559
DR: 0.026912
RR: 0.046973999999999995
DD: 0.002523
DR: 0.026018
RR: 0.046654
DD: 0.0026709999999999998
DR: 0.025894999999999998
RR: 0.046064999999999995
DD: 0.0026939999999999998
DR: 0.025498999999999997
RR: 0.044496
DD: 0.00263
DR: 0.025370999999999998
RR: 0.044226999999999995
DD: 0.002577
DR: 0.025219
RR: 0.047916
saved to _G20.5_rmin0.001_rmax10.0_nbins30_zmin3.0zmax4.6_Lsplit3bin0_N50_Planck_MC_b50

Pixels masked by MC but not already by selfunc: 0
G20.5_zmin3.0zmax4.6_Lsplit3bin1: 0.61              4711 vs 12152
/home/groups/tabel/mahlet/quaia-env/lib/python3.10/site-packages/Corrfunc/utils.py:918: UserWarning: One or more input array has non-native endianness!  A copy will be made with the correct endianness.
  warnings.warn("One or more input array has non-native endianness!  A copy will"\
DD: 0.002817
DR: 0.028346
RR: 0.050711
DD: 0.0031149999999999997
DR: 0.029597
RR: 0.051099
DD: 0.003049
DR: 0.02916
RR: 0.050485999999999996
DD: 0.003012
DR: 0.029759999999999998
RR: 0.051143
DD: 0.003031
DR: 0.029637999999999998
RR: 0.050747999999999995
DD: 0.003013
DR: 0.029953999999999998
RR: 0.051111
DD: 0.0029879999999999998
DR: 0.029821999999999998
RR: 0.051343
DD: 0.003035
DR: 0.029938
RR: 0.05231700000000006
DD: 0.003057
DR: 0.030737999999999998
RR: 0.053984
DD: 0.00312
DR: 0.030508999999999998
RR: 0.05405
DD: 0.003155
DR: 0.030456999999999998
RR: 0.054556999999999994
DD: 0.003133
DR: 0.030674
RR: 0.054303
DD: 0.003133
DR: 0.030032999999999997
RR: 0.053188
DD: 0.0030499999999999998
DR: 0.029490000000000016
RR: 0.052464
DD: 0.003049
DR: 0.029772
RR: 0.052905
DD: 0.0030199999999999997
DR: 0.030303999999999998
RR: 0.053821
DD: 0.0030859999999999998
DR: 0.030369999999999998
RR: 0.053371999999999996
DD: 0.0030859999999999998
DR: 0.030399
RR: 0.05413
DD: 0.003071
DR: 0.030201
RR: 0.053552000000000044
DD: 0.003104
DR: 0.030586
RR: 0.053878999999999996
DD: 0.00307
DR: 0.030244
RR: 0.053412999999999995
DD: 0.003057
DR: 0.029449
RR: 0.051678999999999996
DD: 0.0030459999999999997
DR: 0.029405999999999998
RR: 0.051267
DD: 0.003025
DR: 0.029387999999999997
RR: 0.050598
DD: 0.003012
DR: 0.029116
RR: 0.050429999999999996
DD: 0.002944
DR: 0.02905
RR: 0.050180999999999996
DD: 0.0030299999999999997
DR: 0.029165
RR: 0.049987
DD: 0.003071
DR: 0.029682999999999998
RR: 0.050284999999999996
DD: 0.003006
DR: 0.029321
RR: 0.050567
DD: 0.002933
DR: 0.029523999999999998
RR: 0.050327
DD: 0.003005
DR: 0.029598
RR: 0.05132
DD: 0.003005
DR: 0.02949
RR: 0.051982999999999994
DD: 0.00306
DR: 0.028019
RR: 0.047120999999999996
DD: 0.002816
DR: 0.028484
RR: 0.048346
DD: 0.0028409999999999998
DR: 0.027753
RR: 0.048374
DD: 0.0028369999999999997
DR: 0.027353
RR: 0.048542999999999996
DD: 0.002827
DR: 0.027743999999999998
RR: 0.048861999999999996
DD: 0.0028499999999999997
DR: 0.027632
RR: 0.049019
DD: 0.002875
DR: 0.027495
RR: 0.048877
DD: 0.002869
DR: 0.031083999999999997
RR: 0.054721
DD: 0.003188
DR: 0.030379999999999997
RR: 0.053817
DD: 0.003083
DR: 0.030795999999999997
RR: 0.05328500000000003
DD: 0.003071
DR: 0.027892999999999998
RR: 0.048142
DD: 0.0028109999999999997
DR: 0.027583
RR: 0.04802
DD: 0.002856
DR: 0.027641
RR: 0.048354999999999995
DD: 0.0028
DR: 0.027188999999999998
RR: 0.047524
DD: 0.002887
DR: 0.026534
RR: 0.046664
DD: 0.002891
DR: 0.026952
RR: 0.045151
DD: 0.002766
DR: 0.029460999999999998
RR: 0.050914
DD: 0.002985
DR: 0.029441
RR: 0.050679999999999996
/oak/stanford/orgs/kipac/users/mahlet/quaia_bias/scripts/jackknife.py:226: RuntimeWarning: Mean of empty slice
  cf_mean = np.nanmean(cf_jackknife, axis = 0)  # is it ok to ignore nan values?
saved to _G20.5_rmin0.001_rmax10.0_nbins30_zmin3.0zmax4.6_Lsplit3bin1_N50_Planck_MC_b50

Pixels masked by MC but not already by selfunc: 0
G20.5_zmin3.0zmax4.6_Lsplit3bin2: 0.50              6088 vs 12153
/home/groups/tabel/mahlet/quaia-env/lib/python3.10/site-packages/Corrfunc/utils.py:918: UserWarning: One or more input array has non-native endianness!  A copy will be made with the correct endianness.
  warnings.warn("One or more input array has non-native endianness!  A copy will"\
DD: 0.003254
DR: 0.031901
RR: 0.055195999999999995
DD: 0.0036599999999999996
DR: 0.032829
RR: 0.05575
DD: 0.0037059999999999997
DR: 0.032921
RR: 0.05579
DD: 0.003666
DR: 0.032706
RR: 0.055512
DD: 0.003672
DR: 0.031841999999999995
RR: 0.055062
DD: 0.003368
DR: 0.032628
RR: 0.055289
DD: 0.003539
DR: 0.03278
RR: 0.056624
DD: 0.003544
DR: 0.03308
RR: 0.057088
DD: 0.0035949999999999997
DR: 0.033302
RR: 0.057867999999999996
DD: 0.00356
DR: 0.033472
RR: 0.057802
DD: 0.003609
DR: 0.033303
RR: 0.058303
DD: 0.0035759999999999998
DR: 0.033506999999999995
RR: 0.058289
DD: 0.0035689999999999997
DR: 0.033178
RR: 0.058224
DD: 0.003545
DR: 0.03262700000000007
RR: 0.057976
DD: 0.003571
DR: 0.033118
RR: 0.057675
DD: 0.003583
DR: 0.03309
RR: 0.057801
DD: 0.003564
DR: 0.033173999999999995
RR: 0.057895999999999996
DD: 0.0035789999999999997
DR: 0.033255
RR: 0.057822
DD: 0.003539
DR: 0.03288600000000008
RR: 0.057885
DD: 0.0035619999999999996
DR: 0.033456
RR: 0.058128
DD: 0.004345
DR: 0.034034999999999996
RR: 0.058068999999999996
DD: 0.0035429999999999997
DR: 0.032528999999999995
RR: 0.056140999999999996
DD: 0.003407
DR: 0.031626999999999995
RR: 0.055157
DD: 0.0034159999999999998
DR: 0.032303
RR: 0.053565999999999996
DD: 0.0032779999999999997
DR: 0.031356
RR: 0.053918
DD: 0.003555
DR: 0.03129
RR: 0.053949
DD: 0.0035689999999999997
DR: 0.031793
RR: 0.053495
DD: 0.003542
DR: 0.031758999999999996
RR: 0.053679
DD: 0.003574
DR: 0.029935999999999997
RR: 0.049138
DD: 0.003315000000000068
DR: 0.029922999999999998
RR: 0.05035
DD: 0.00359
DR: 0.029705
RR: 0.049298999999999996
DD: 0.003179
DR: 0.029574
RR: 0.051351999999999995
DD: 0.0032559999999999998
DR: 0.030490999999999997
RR: 0.051871999999999995
DD: 0.0034159999999999998
DR: 0.031935
RR: 0.053223
DD: 0.003368
DR: 0.030452
RR: 0.05963600000000002
DD: 0.003646
DR: 0.033902999999999996
RR: 0.059373999999999996
DD: 0.003609
DR: 0.033856
RR: 0.059372999999999995
DD: 0.0036609999999999998
DR: 0.033812999999999996
RR: 0.053558999999999996
DD: 0.003338
DR: 0.030632
RR: 0.053347
DD: 0.0033629999999999997
DR: 0.030586
RR: 0.053075000000000094
DD: 0.003361
DR: 0.030514999999999997
RR: 0.052757
DD: 0.003348
DR: 0.030542
RR: 0.053322999999999995
DD: 0.0033729999999999997
DR: 0.030448
RR: 0.056341999999999996
DD: 0.003545
DR: 0.033266
RR: 0.058725
DD: 0.003623
DR: 0.033410999999999996
RR: 0.058772
DD: 0.003587
DR: 0.03299200000000002
RR: 0.058455
DD: 0.0035269999999999998
DR: 0.033229999999999996
RR: 0.057227999999999994
DD: 0.0043809999999999995
DR: 0.034082999999999995
RR: 0.056485
DD: 0.0035329999999999997
DR: 0.032521999999999995
RR: 0.055916
DD: 0.003447
DR: 0.031083999999999997
RR: 0.054659
/oak/stanford/orgs/kipac/users/mahlet/quaia_bias/scripts/jackknife.py:226: RuntimeWarning: Mean of empty slice
  cf_mean = np.nanmean(cf_jackknife, axis = 0)  # is it ok to ignore nan values?
saved to _G20.5_rmin0.001_rmax10.0_nbins30_zmin3.0zmax4.6_Lsplit3bin2_N50_Planck_MC_b50

done!
