Starting batch job

G20.5: computing wtheta in 10 bins from 0.1 to 25.0 on a log scale for 14 jackknife regions...

0.7841056549594693
Pixels masked by MC but not already by selfunc: 1105
G20.5_zmin0.0zmax1.0_Lmax-20.0: 0.44              183223 vs 324336
[Warning] The CPU supports AVX512F but the compiler does not.  Can you try another compiler?
/home/groups/tabel/mahlet/quaia-env/lib/python3.10/site-packages/Corrfunc/utils.py:918: UserWarning: One or more input array has non-native endianness!  A copy will be made with the correct endianness.
  warnings.warn("One or more input array has non-native endianness!  A copy will"\
DD: 0.173389
DR: 10.367987
RR: 116.014574
DD: 0.19883299999999998
DR: 11.976894
RR: 121.86883
DD: 0.20556000000000008
DR: 11.60848
RR: 127.489746
DD: 0.22648000000000001
DR: 13.750593
RR: 141.336362
DD: 0.20996400000000004
DR: 12.688051
RR: 140.155551
DD: 0.20815399999999998
DR: 11.519409
RR: 126.866949
DD: 0.183008
DR: 10.367425
RR: 119.921419
DD: 0.193927
DR: 10.952024
RR: 114.599423
DD: 0.190457
DR: 11.14361
RR: 117.038865
DD: 0.20557299999999998
DR: 12.35008
RR: 128.304805
DD: 0.210954
DR: 12.234102
RR: 137.880574
DD: 0.228592
DR: 13.552201
RR: 144.118941
DD: 0.21685600000000005
DR: 13.081361
RR: 138.198044
DD: 0.21128899999999998
DR: 11.630639
RR: 132.45271
saved to _G20.5_rmin0.1_rmax25.0_nbins10_zmin0.0zmax1.0_Lmax-20.0_N14_Planck_MC_mask0.6
0.5671629964786419
Pixels masked by MC but not already by selfunc: 415
G20.5_zmin0.0zmax1.0_Lmax-25.0: 0.50              27857 vs 55261
/home/groups/tabel/mahlet/quaia-env/lib/python3.10/site-packages/Corrfunc/utils.py:918: UserWarning: One or more input array has non-native endianness!  A copy will be made with the correct endianness.
  warnings.warn("One or more input array has non-native endianness!  A copy will"\
DD: 0.010534
DR: 0.36974000000000007
RR: 2.319238
DD: 0.009914
DR: 0.351587
RR: 2.246256
DD: 0.009753
DR: 0.338814
RR: 1.87055
DD: 0.008650999999999999
DR: 0.29630999999999996
RR: 1.807032
DD: 0.008706
DR: 0.292176
RR: 1.754279
DD: 0.008579999999999999
DR: 0.29256099999999996
RR: 1.7414290000000001
DD: 0.008674
DR: 0.2969240000000001
RR: 1.772502
DD: 0.008701
DR: 0.325628
RR: 2.073171
DD: 0.009382
DR: 0.326722
RR: 2.052859
DD: 0.00938
DR: 0.32356300000000005
RR: 1.993111
DD: 0.009209
DR: 0.318858
RR: 1.979454
DD: 0.008728
DR: 0.299377
RR: 1.769764
DD: 0.008296
DR: 0.27968000000000004
RR: 1.7031
DD: 0.008369
DR: 0.290443
RR: 1.789494
saved to _G20.5_rmin0.1_rmax25.0_nbins10_zmin0.0zmax1.0_Lmax-25.0_N14_Planck_MC_mask0.6
0.5885549243892539
Pixels masked by MC but not already by selfunc: 104
G20.5_zmin0.0zmax1.0_Lmax-26.0: 0.44              7029 vs 12557
/home/groups/tabel/mahlet/quaia-env/lib/python3.10/site-packages/Corrfunc/utils.py:918: UserWarning: One or more input array has non-native endianness!  A copy will be made with the correct endianness.
  warnings.warn("One or more input array has non-native endianness!  A copy will"\
DD: 0.002588
DR: 0.043163
RR: 0.12514799999999998
DD: 0.002571
DR: 0.041250999999999996
RR: 0.11977299999999999
DD: 0.002541
DR: 0.040282
RR: 0.11695699999999999
DD: 0.002528
DR: 0.040365000000000095
RR: 0.118195
DD: 0.002603
DR: 0.041282
RR: 0.119947
DD: 0.002561
DR: 0.042327
RR: 0.123029
DD: 0.002588
DR: 0.042289
RR: 0.121982
DD: 0.0025759999999999997
DR: 0.04195400000000005
RR: 0.11859
DD: 0.002547
DR: 0.040875999999999996
RR: 0.11380599999999999
DD: 0.002453
DR: 0.040007
RR: 0.11174999999999999
DD: 0.0024909999999999997
DR: 0.040796
RR: 0.118921
DD: 0.002506
DR: 0.039534
RR: 0.11466399999999999
DD: 0.002526
DR: 0.040715999999999995
RR: 0.133294
DD: 0.002923
DR: 0.049108
RR: 0.144832
saved to _G20.5_rmin0.1_rmax25.0_nbins10_zmin0.0zmax1.0_Lmax-26.0_N14_Planck_MC_mask0.6
0.567686870922675
Pixels masked by MC but not already by selfunc: 45
G20.5_zmin0.0zmax1.0_Lmax-27.0: 0.42              1108 vs 1922
/home/groups/tabel/mahlet/quaia-env/lib/python3.10/site-packages/Corrfunc/utils.py:918: UserWarning: One or more input array has non-native endianness!  A copy will be made with the correct endianness.
  warnings.warn("One or more input array has non-native endianness!  A copy will"\
DD: 0.0008749999999999999
DR: 0.0066489999999999995
RR: 0.009019
DD: 0.000838
DR: 0.0071779999999999995
RR: 0.009061
DD: 0.000869
DR: 0.007071999999999999
RR: 0.009149999999999991
DD: 0.000897
DR: 0.007293999999999999
RR: 0.009486
DD: 0.000824
DR: 0.007345
RR: 0.009535
DD: 0.0009239999999999999
DR: 0.007344
RR: 0.009378
DD: 0.000816
DR: 0.007174
RR: 0.009153999999999999
DD: 0.000923
DR: 0.007076
RR: 0.008903
DD: 0.0009289999999999999
DR: 0.007206
RR: 0.009278999999999999
DD: 0.0008749999999999999
DR: 0.007166
RR: 0.009243999999999999
DD: 0.00094
DR: 0.007443
RR: 0.009746999999999999
DD: 0.000927
DR: 0.0073279999999999994
RR: 0.009656999999999999
DD: 0.000946
DR: 0.007525
RR: 0.00968
DD: 0.000833
DR: 0.006939
RR: 0.009176
saved to _G20.5_rmin0.1_rmax25.0_nbins10_zmin0.0zmax1.0_Lmax-27.0_N14_Planck_MC_mask0.6
0.7568851708255935
Pixels masked by MC but not already by selfunc: 2240
G20.5_zmin1.0zmax2.0_Lmax-20.0: 0.41              380840 vs 648196
/home/groups/tabel/mahlet/quaia-env/lib/python3.10/site-packages/Corrfunc/utils.py:918: UserWarning: One or more input array has non-native endianness!  A copy will be made with the correct endianness.
  warnings.warn("One or more input array has non-native endianness!  A copy will"\
DD: 0.829986
DR: 48.147774
RR: 572.607983
DD: 0.94989
DR: 49.879515
RR: 573.140488
DD: 0.867434
DR: 53.240394
RR: 622.181228
DD: 1.006205
DR: 59.573132
RR: 663.255461
DD: 1.099503
DR: 57.722692
RR: 673.049485
DD: 0.844752
DR: 48.028559
RR: 604.611539
DD: 0.793054
DR: 48.3118
RR: 557.319533
DD: 0.766663
DR: 45.842883
RR: 542.201468
DD: 1.020986
DR: 50.115218
RR: 551.825951
DD: 0.786427
DR: 49.223501
RR: 611.969641
DD: 0.883764
DR: 57.932646
RR: 670.68174
DD: 0.943978
DR: 60.186891
RR: 704.056439
DD: 0.874284
DR: 54.284466
RR: 673.278496
DD: 0.83277
DR: 50.256402
RR: 647.626621
saved to _G20.5_rmin0.1_rmax25.0_nbins10_zmin1.0zmax2.0_Lmax-20.0_N14_Planck_MC_mask0.6
0.7957322554165576
Pixels masked by MC but not already by selfunc: 1498
G20.5_zmin1.0zmax2.0_Lmax-25.0: 0.45              274096 vs 502242
/home/groups/tabel/mahlet/quaia-env/lib/python3.10/site-packages/Corrfunc/utils.py:918: UserWarning: One or more input array has non-native endianness!  A copy will be made with the correct endianness.
  warnings.warn("One or more input array has non-native endianness!  A copy will"\
DD: 0.395208
DR: 26.810669
RR: 287.996825
DD: 0.41286599999999996
DR: 26.6045
RR: 287.831195
DD: 0.421008
DR: 26.576228
RR: 310.426859
DD: 0.5140880000000001
DR: 29.213766
RR: 333.967693
DD: 0.48954
DR: 29.995816
RR: 339.234349
DD: 0.467357
DR: 27.255014
RR: 303.259109
DD: 0.38273500000000005
DR: 25.832055
RR: 289.878105
DD: 0.384811
DR: 23.352286
RR: 276.775064
DD: 0.377407
DR: 25.084042
RR: 272.167152
DD: 0.421747
DR: 27.908461
RR: 305.039267
DD: 0.44492
DR: 30.034858
RR: 339.229968
DD: 0.44002399999999997
DR: 27.252671
RR: 342.469774
DD: 0.470601
DR: 28.483437
RR: 330.780263
DD: 0.422327
DR: 26.771028
RR: 313.723149
saved to _G20.5_rmin0.1_rmax25.0_nbins10_zmin1.0zmax2.0_Lmax-25.0_N14_Planck_MC_mask0.6
0.5646637070882451
Pixels masked by MC but not already by selfunc: 1538
G20.5_zmin1.0zmax2.0_Lmax-26.0: 0.48              96297 vs 185134
/home/groups/tabel/mahlet/quaia-env/lib/python3.10/site-packages/Corrfunc/utils.py:918: UserWarning: One or more input array has non-native endianness!  A copy will be made with the correct endianness.
  warnings.warn("One or more input array has non-native endianness!  A copy will"\
DD: 0.052208
DR: 2.520623
RR: 24.648503
DD: 0.049559
DR: 2.701525
RR: 24.724182
DD: 0.051963999999999996
DR: 2.48952
RR: 22.422383
DD: 0.053224
DR: 2.635716
RR: 25.012282
DD: 0.0532
DR: 2.577942
RR: 24.468233
DD: 0.052565000000000084
DR: 2.521654
RR: 23.29082
DD: 0.051671999999999996
DR: 2.427772
RR: 23.212655
DD: 0.052981
DR: 2.584847
RR: 24.673829
DD: 0.053207
DR: 2.548581
RR: 26.469722
DD: 0.05647
DR: 2.725615
RR: 24.307494
DD: 0.058248999999999995
DR: 2.597117
RR: 28.40692
DD: 0.054086999999999996
DR: 2.586649
RR: 29.077426
DD: 0.050668
DR: 2.440858
RR: 24.132319
DD: 0.051234
DR: 2.4495560000000003
RR: 22.542964
saved to _G20.5_rmin0.1_rmax25.0_nbins10_zmin1.0zmax2.0_Lmax-26.0_N14_Planck_MC_mask0.6
0.48006837394177104
Pixels masked by MC but not already by selfunc: 355
G20.5_zmin1.0zmax2.0_Lmax-27.0: 0.47              20587 vs 38757
/home/groups/tabel/mahlet/quaia-env/lib/python3.10/site-packages/Corrfunc/utils.py:918: UserWarning: One or more input array has non-native endianness!  A copy will be made with the correct endianness.
  warnings.warn("One or more input array has non-native endianness!  A copy will"\
DD: 0.006699999999999999
DR: 0.20099699999999998
RR: 1.040417
DD: 0.006434
DR: 0.189305
RR: 0.973406
DD: 0.006228
DR: 0.183332
RR: 0.942986
DD: 0.006431999999999999
DR: 0.189499
RR: 0.957658
DD: 0.006534
DR: 0.18425100000000005
RR: 0.921624
DD: 0.006372
DR: 0.20893199999999998
RR: 0.951057
DD: 0.006356
DR: 0.21404299999999998
RR: 1.13231
DD: 0.006951
DR: 0.21138099999999999
RR: 1.108379
DD: 0.0065439999999999995
DR: 0.19810000000000005
RR: 1.027514
DD: 0.006326
DR: 0.189392
RR: 1.005605
DD: 0.0065249999999999996
DR: 0.19295099999999998
RR: 1.021903
DD: 0.0062109999999999995
DR: 0.18559699999999998
RR: 0.971766
DD: 0.006196999999999999
DR: 0.18061
RR: 0.94312
DD: 0.006219
DR: 0.185749
RR: 0.938248
saved to _G20.5_rmin0.1_rmax25.0_nbins10_zmin1.0zmax2.0_Lmax-27.0_N14_Planck_MC_mask0.6
0.7726409083643484
Pixels masked by MC but not already by selfunc: 2694
G20.5_zmin2.0zmax3.0_Lmax-20.0: 0.38              177956 vs 286508
/home/groups/tabel/mahlet/quaia-env/lib/python3.10/site-packages/Corrfunc/utils.py:918: UserWarning: One or more input array has non-native endianness!  A copy will be made with the correct endianness.
  warnings.warn("One or more input array has non-native endianness!  A copy will"\
DD: 0.190938
DR: 13.570086
RR: 114.887258
DD: 0.19181099999999998
DR: 11.441489
RR: 122.577428
DD: 0.20463499999999998
DR: 12.405823999999999
RR: 134.481318
DD: 0.24246500000000004
DR: 15.002573
RR: 135.845049
DD: 0.24208200000000002
DR: 12.463767
RR: 144.665176
DD: 0.196465
DR: 12.57373
RR: 128.359381
DD: 0.184366
DR: 12.48066
RR: 112.469646
DD: 0.17310900000000007
DR: 10.213048
RR: 111.65531
DD: 0.19436299999999998
DR: 10.735761
RR: 118.776795
DD: 0.20113599999999998
DR: 11.995973
RR: 125.256132
DD: 0.21569
DR: 13.089941
RR: 141.231849
DD: 0.222972
DR: 12.560046
RR: 147.011783
DD: 0.219685
DR: 12.204861
RR: 130.858452
DD: 0.20265900000000003
DR: 12.171632
RR: 137.284464
saved to _G20.5_rmin0.1_rmax25.0_nbins10_zmin2.0zmax3.0_Lmax-20.0_N14_Planck_MC_mask0.6
0.7726409083643484
Pixels masked by MC but not already by selfunc: 2694
G20.5_zmin2.0zmax3.0_Lmax-25.0: 0.38              177956 vs 286508
/home/groups/tabel/mahlet/quaia-env/lib/python3.10/site-packages/Corrfunc/utils.py:918: UserWarning: One or more input array has non-native endianness!  A copy will be made with the correct endianness.
  warnings.warn("One or more input array has non-native endianness!  A copy will"\
DD: 0.22053399999999998
DR: 11.834972
RR: 126.066723
DD: 0.215388
DR: 11.982315
RR: 115.099139
DD: 0.211441
DR: 11.23552
RR: 132.459825
DD: 0.221444
DR: 15.055505
RR: 143.467576
DD: 0.21609500000000004
DR: 12.546973
RR: 136.771189
DD: 0.20019600000000004
DR: 11.649971
RR: 131.105746
DD: 0.182975
DR: 11.410607
RR: 120.23163
DD: 0.170405
DR: 10.689742
RR: 108.433743
DD: 0.185968
DR: 11.073903
RR: 119.919625
DD: 0.20007
DR: 11.983957
RR: 132.457382
DD: 0.21377500000000005
DR: 13.519393
RR: 134.329891
DD: 0.213641
DR: 12.368015
RR: 136.859221
DD: 0.20585799999999999
DR: 11.915136
RR: 134.791501
DD: 0.21352
DR: 13.121884
RR: 149.040527
saved to _G20.5_rmin0.1_rmax25.0_nbins10_zmin2.0zmax3.0_Lmax-25.0_N14_Planck_MC_mask0.6
0.8395853437983147
Pixels masked by MC but not already by selfunc: 2462
G20.5_zmin2.0zmax3.0_Lmax-26.0: 0.40              155139 vs 259755
/home/groups/tabel/mahlet/quaia-env/lib/python3.10/site-packages/Corrfunc/utils.py:918: UserWarning: One or more input array has non-native endianness!  A copy will be made with the correct endianness.
  warnings.warn("One or more input array has non-native endianness!  A copy will"\
DD: 0.16043
DR: 9.285971
RR: 99.802001
DD: 0.15764999999999998
DR: 9.340353
RR: 98.873716
DD: 0.16984100000000002
DR: 9.88134
RR: 106.868938
DD: 0.182468
DR: 10.735713
RR: 116.503131
DD: 0.180841
DR: 10.780494000000001
RR: 118.100598
DD: 0.163457
DR: 9.489034
RR: 106.467557
DD: 0.1591140000000001
DR: 8.976543
RR: 100.392316
DD: 0.15193399999999999
DR: 8.836139
RR: 95.698153
DD: 0.157722
DR: 9.173752
RR: 99.404336
DD: 0.17907299999999998
DR: 9.847348
RR: 109.327186
DD: 0.180365
DR: 10.620286
RR: 117.932334
DD: 0.188099
DR: 11.056166
RR: 123.282646
DD: 0.180215
DR: 10.749639
RR: 116.871102
DD: 0.16814099999999998
DR: 9.751554
RR: 111.287133
saved to _G20.5_rmin0.1_rmax25.0_nbins10_zmin2.0zmax3.0_Lmax-26.0_N14_Planck_MC_mask0.6
0.7941713380372656
Pixels masked by MC but not already by selfunc: 969
G20.5_zmin2.0zmax3.0_Lmax-27.0: 0.48              53918 vs 103123
/home/groups/tabel/mahlet/quaia-env/lib/python3.10/site-packages/Corrfunc/utils.py:918: UserWarning: One or more input array has non-native endianness!  A copy will be made with the correct endianness.
  warnings.warn("One or more input array has non-native endianness!  A copy will"\
DD: 0.023854
DR: 0.979163
RR: 7.932094
DD: 0.02409
DR: 0.988029
RR: 8.237648
DD: 0.024950999999999997
DR: 1.023891
RR: 8.723705
DD: 0.025847
DR: 1.060475
RR: 8.960963
DD: 0.024787
DR: 1.034248
RR: 8.679629
DD: 0.023902
DR: 0.981445
RR: 8.36014
DD: 0.022864
DR: 0.944869
RR: 7.78825
DD: 0.023606
DR: 0.96809
RR: 8.178272
DD: 0.024114
DR: 0.9936729999999999
RR: 8.322497
DD: 0.025027999999999998
DR: 1.042819
RR: 8.774352
DD: 0.025781
DR: 1.077998
RR: 9.149627
DD: 0.025411
DR: 1.077319
RR: 9.251553
DD: 0.023818
DR: 0.97234
RR: 8.19146
DD: 0.022366
DR: 0.9138580000000001
RR: 7.483919
saved to _G20.5_rmin0.1_rmax25.0_nbins10_zmin2.0zmax3.0_Lmax-27.0_N14_Planck_MC_mask0.6
0.8261063087263367
Pixels masked by MC but not already by selfunc: 198
G20.5_zmin3.0zmax4.6_Lmax-20.0: 0.35              23873 vs 36458
/home/groups/tabel/mahlet/quaia-env/lib/python3.10/site-packages/Corrfunc/utils.py:918: UserWarning: One or more input array has non-native endianness!  A copy will be made with the correct endianness.
  warnings.warn("One or more input array has non-native endianness!  A copy will"\
DD: 0.008324
DR: 0.257926
RR: 1.434494
DD: 0.008505
DR: 0.249334
RR: 1.398091
DD: 0.008968
DR: 0.263386
RR: 1.5294919999999999
DD: 0.009732
DR: 0.289427
RR: 1.672213
DD: 0.009453
DR: 0.282576
RR: 1.67257
DD: 0.008824
DR: 0.260609
RR: 1.516084
DD: 0.008192999999999999
DR: 0.246142
RR: 1.398735
DD: 0.008102999999999999
DR: 0.242231
RR: 1.403302
DD: 0.008520999999999999
DR: 0.256349
RR: 1.4298220000000001
DD: 0.009106
DR: 0.27539199999999997
RR: 1.59424
DD: 0.009651
DR: 0.294558
RR: 1.687629
DD: 0.009682
DR: 0.294308
RR: 1.705473
DD: 0.009378
DR: 0.284534
RR: 1.651233
DD: 0.008811
DR: 0.26734399999999997
RR: 1.5311080000000001
saved to _G20.5_rmin0.1_rmax25.0_nbins10_zmin3.0zmax4.6_Lmax-20.0_N14_Planck_MC_mask0.6
0.8261063087263367
Pixels masked by MC but not already by selfunc: 198
G20.5_zmin3.0zmax4.6_Lmax-25.0: 0.35              23873 vs 36458
/home/groups/tabel/mahlet/quaia-env/lib/python3.10/site-packages/Corrfunc/utils.py:918: UserWarning: One or more input array has non-native endianness!  A copy will be made with the correct endianness.
  warnings.warn("One or more input array has non-native endianness!  A copy will"\
DD: 0.008368
DR: 0.255426
RR: 1.449995
DD: 0.008565999999999999
DR: 0.25351999999999997
RR: 1.413367
DD: 0.00889
DR: 0.265135
RR: 1.5477319999999999
DD: 0.009566
DR: 0.288632
RR: 1.690613
DD: 0.009422
DR: 0.28981
RR: 1.706295
DD: 0.008874
DR: 0.261774
RR: 1.4845320000000002
DD: 0.00819
DR: 0.243891
RR: 1.4072879999999999
DD: 0.0080650000000001
DR: 0.242334
RR: 1.350286
DD: 0.008173
DR: 0.244224
RR: 1.395989
DD: 0.00894
DR: 0.27031700000000003
RR: 1.550489
DD: 0.009433
DR: 0.291288
RR: 1.689168
DD: 0.009668
DR: 0.295326
RR: 1.721196
DD: 0.009330999999999999
DR: 0.27744100000000005
RR: 1.642914
DD: 0.008801999999999999
DR: 0.2693420000000001
RR: 1.5674649999999999
saved to _G20.5_rmin0.1_rmax25.0_nbins10_zmin3.0zmax4.6_Lmax-25.0_N14_Planck_MC_mask0.6
0.8261063087263367
Pixels masked by MC but not already by selfunc: 198
G20.5_zmin3.0zmax4.6_Lmax-26.0: 0.35              23873 vs 36458
/home/groups/tabel/mahlet/quaia-env/lib/python3.10/site-packages/Corrfunc/utils.py:918: UserWarning: One or more input array has non-native endianness!  A copy will be made with the correct endianness.
  warnings.warn("One or more input array has non-native endianness!  A copy will"\
DD: 0.008357999999999999
DR: 0.258382
RR: 1.448947
DD: 0.008504
DR: 0.253816
RR: 1.426113
DD: 0.009068999999999999
DR: 0.270293
RR: 1.527165
DD: 0.009462
DR: 0.280105
RR: 1.665519
DD: 0.009403
DR: 0.284335
RR: 1.63306
DD: 0.008503
DR: 0.25339100000000003
RR: 1.477732
DD: 0.008182
DR: 0.24214900000000006
RR: 1.392561
DD: 0.008024
DR: 0.240954
RR: 1.368296
DD: 0.008258999999999999
DR: 0.246187
RR: 1.405138
DD: 0.009049999999999999
DR: 0.27804
RR: 1.613146
DD: 0.009691
DR: 0.294176
RR: 1.6936179999999998
DD: 0.00985
DR: 0.300834
RR: 1.750008
DD: 0.009287
DR: 0.28005399999999997
RR: 1.658603
DD: 0.008789
DR: 0.270648
RR: 1.542524
saved to _G20.5_rmin0.1_rmax25.0_nbins10_zmin3.0zmax4.6_Lmax-26.0_N14_Planck_MC_mask0.6
0.9617125494495146
Pixels masked by MC but not already by selfunc: 54
G20.5_zmin3.0zmax4.6_Lmax-27.0: 0.39              17602 vs 28981
/home/groups/tabel/mahlet/quaia-env/lib/python3.10/site-packages/Corrfunc/utils.py:918: UserWarning: One or more input array has non-native endianness!  A copy will be made with the correct endianness.
  warnings.warn("One or more input array has non-native endianness!  A copy will"\
DD: 0.005782
DR: 0.160098
RR: 0.780686
DD: 0.005471
DR: 0.154107
RR: 0.7686489999999999
DD: 0.006147
DR: 0.17052100000000003
RR: 0.857959
DD: 0.006639
DR: 0.181642
RR: 0.903503
DD: 0.006229999999999999
DR: 0.17310599999999998
RR: 0.876886
DD: 0.005889
DR: 0.15769
RR: 0.783727
DD: 0.005534
DR: 0.149504
RR: 0.732818
DD: 0.005458999999999992
DR: 0.14643799999999998
RR: 0.724065
DD: 0.005728
DR: 0.153892
RR: 0.774684
DD: 0.006189
DR: 0.172818
RR: 0.873366
DD: 0.006503
DR: 0.180622
RR: 0.912728
DD: 0.006454
DR: 0.179539
RR: 0.907332
DD: 0.006157999999999999
DR: 0.172042
RR: 0.864741
DD: 0.005724
DR: 0.159468
RR: 0.812135
saved to _G20.5_rmin0.1_rmax25.0_nbins10_zmin3.0zmax4.6_Lmax-27.0_N14_Planck_MC_mask0.6
done!
