Starting batch job

G20.5: computing wtheta in 30 bins from 0.001 to 10.0 on a log scale...

Pixels masked by MC but not already by selfunc: 207
G20.5_zmin0.0zmax1.0_Lsplit4bin0: 0.61              31847 vs 81084
/home/groups/tabel/mahlet/quaia-env/lib/python3.10/site-packages/Corrfunc/utils.py:918: UserWarning: One or more input array has non-native endianness!  A copy will be made with the correct endianness.
  warnings.warn("One or more input array has non-native endianness!  A copy will"\
DD: 0.033696
DR: 0.507182
RR: 2.269132
saved to _G20.5_rmin0.001_rmax10.0_nbins30_zmin0.0zmax1.0_Lsplit4bin0_Planck_MC_b40
Pixels masked by MC but not already by selfunc: 248
G20.5_zmin0.0zmax1.0_Lsplit4bin1: 0.52              38716 vs 81084
/home/groups/tabel/mahlet/quaia-env/lib/python3.10/site-packages/Corrfunc/utils.py:918: UserWarning: One or more input array has non-native endianness!  A copy will be made with the correct endianness.
  warnings.warn("One or more input array has non-native endianness!  A copy will"\
DD: 0.022924999999999997
DR: 0.665633
RR: 2.823809
saved to _G20.5_rmin0.001_rmax10.0_nbins30_zmin0.0zmax1.0_Lsplit4bin1_Planck_MC_b40
Pixels masked by MC but not already by selfunc: 243
G20.5_zmin0.0zmax1.0_Lsplit4bin2: 0.44              45422 vs 81084
/home/groups/tabel/mahlet/quaia-env/lib/python3.10/site-packages/Corrfunc/utils.py:918: UserWarning: One or more input array has non-native endianness!  A copy will be made with the correct endianness.
  warnings.warn("One or more input array has non-native endianness!  A copy will"\
DD: 0.022393
DR: 0.68518
RR: 3.091803
saved to _G20.5_rmin0.001_rmax10.0_nbins30_zmin0.0zmax1.0_Lsplit4bin2_Planck_MC_b40
Pixels masked by MC but not already by selfunc: 243
G20.5_zmin0.0zmax1.0_Lsplit4bin3: 0.43              45819 vs 81084
/home/groups/tabel/mahlet/quaia-env/lib/python3.10/site-packages/Corrfunc/utils.py:918: UserWarning: One or more input array has non-native endianness!  A copy will be made with the correct endianness.
  warnings.warn("One or more input array has non-native endianness!  A copy will"\
DD: 0.024613
DR: 0.708569
RR: 3.07795
saved to _G20.5_rmin0.001_rmax10.0_nbins30_zmin0.0zmax1.0_Lsplit4bin3_Planck_MC_b40
Pixels masked by MC but not already by selfunc: 473
G20.5_zmin1.0zmax2.0_Lsplit4bin0: 0.59              67039 vs 162049
/home/groups/tabel/mahlet/quaia-env/lib/python3.10/site-packages/Corrfunc/utils.py:918: UserWarning: One or more input array has non-native endianness!  A copy will be made with the correct endianness.
  warnings.warn("One or more input array has non-native endianness!  A copy will"\
DD: 0.042248999999999995
DR: 1.545308
RR: 8.775655
saved to _G20.5_rmin0.001_rmax10.0_nbins30_zmin1.0zmax2.0_Lsplit4bin0_Planck_MC_b40
Pixels masked by MC but not already by selfunc: 467
G20.5_zmin1.0zmax2.0_Lsplit4bin1: 0.51              79292 vs 162049
/home/groups/tabel/mahlet/quaia-env/lib/python3.10/site-packages/Corrfunc/utils.py:918: UserWarning: One or more input array has non-native endianness!  A copy will be made with the correct endianness.
  warnings.warn("One or more input array has non-native endianness!  A copy will"\
DD: 0.046433999999999996
DR: 1.929442
RR: 11.431694
saved to _G20.5_rmin0.001_rmax10.0_nbins30_zmin1.0zmax2.0_Lsplit4bin1_Planck_MC_b40
Pixels masked by MC but not already by selfunc: 495
G20.5_zmin1.0zmax2.0_Lsplit4bin2: 0.45              89306 vs 162049
/home/groups/tabel/mahlet/quaia-env/lib/python3.10/site-packages/Corrfunc/utils.py:918: UserWarning: One or more input array has non-native endianness!  A copy will be made with the correct endianness.
  warnings.warn("One or more input array has non-native endianness!  A copy will"\
DD: 0.057981
DR: 2.047662
RR: 14.721627
saved to _G20.5_rmin0.001_rmax10.0_nbins30_zmin1.0zmax2.0_Lsplit4bin2_Planck_MC_b40
Pixels masked by MC but not already by selfunc: 509
G20.5_zmin1.0zmax2.0_Lsplit4bin3: 0.38              101252 vs 162049
/home/groups/tabel/mahlet/quaia-env/lib/python3.10/site-packages/Corrfunc/utils.py:918: UserWarning: One or more input array has non-native endianness!  A copy will be made with the correct endianness.
  warnings.warn("One or more input array has non-native endianness!  A copy will"\
DD: 0.070327
DR: 2.646665
RR: 18.126534
saved to _G20.5_rmin0.001_rmax10.0_nbins30_zmin1.0zmax2.0_Lsplit4bin3_Planck_MC_b40
Pixels masked by MC but not already by selfunc: 189
G20.5_zmin2.0zmax3.0_Lsplit4bin0: 0.57              30585 vs 71627
/home/groups/tabel/mahlet/quaia-env/lib/python3.10/site-packages/Corrfunc/utils.py:918: UserWarning: One or more input array has non-native endianness!  A copy will be made with the correct endianness.
  warnings.warn("One or more input array has non-native endianness!  A copy will"\
DD: 0.016461
DR: 0.41886199999999996
RR: 1.7105739999999998
saved to _G20.5_rmin0.001_rmax10.0_nbins30_zmin2.0zmax3.0_Lsplit4bin0_Planck_MC_b40
Pixels masked by MC but not already by selfunc: 231
G20.5_zmin2.0zmax3.0_Lsplit4bin1: 0.49              36343 vs 71627
/home/groups/tabel/mahlet/quaia-env/lib/python3.10/site-packages/Corrfunc/utils.py:918: UserWarning: One or more input array has non-native endianness!  A copy will be made with the correct endianness.
  warnings.warn("One or more input array has non-native endianness!  A copy will"\
DD: 0.020721999999999997
DR: 0.468669
RR: 2.67889
saved to _G20.5_rmin0.001_rmax10.0_nbins30_zmin2.0zmax3.0_Lsplit4bin1_Planck_MC_b40
Pixels masked by MC but not already by selfunc: 236
G20.5_zmin2.0zmax3.0_Lsplit4bin2: 0.42              41558 vs 71627
/home/groups/tabel/mahlet/quaia-env/lib/python3.10/site-packages/Corrfunc/utils.py:918: UserWarning: One or more input array has non-native endianness!  A copy will be made with the correct endianness.
  warnings.warn("One or more input array has non-native endianness!  A copy will"\
DD: 0.023357
DR: 0.532902
RR: 2.437141
saved to _G20.5_rmin0.001_rmax10.0_nbins30_zmin2.0zmax3.0_Lsplit4bin2_Planck_MC_b40
Pixels masked by MC but not already by selfunc: 252
G20.5_zmin2.0zmax3.0_Lsplit4bin3: 0.32              48460 vs 71627
/home/groups/tabel/mahlet/quaia-env/lib/python3.10/site-packages/Corrfunc/utils.py:918: UserWarning: One or more input array has non-native endianness!  A copy will be made with the correct endianness.
  warnings.warn("One or more input array has non-native endianness!  A copy will"\
DD: 0.027080999999999997
DR: 0.723603
RR: 3.355476
saved to _G20.5_rmin0.001_rmax10.0_nbins30_zmin2.0zmax3.0_Lsplit4bin3_Planck_MC_b40
Pixels masked by MC but not already by selfunc: 22
G20.5_zmin3.0zmax4.6_Lsplit4bin0: 0.52              4374 vs 9115
/home/groups/tabel/mahlet/quaia-env/lib/python3.10/site-packages/Corrfunc/utils.py:918: UserWarning: One or more input array has non-native endianness!  A copy will be made with the correct endianness.
  warnings.warn("One or more input array has non-native endianness!  A copy will"\
DD: 0.005156
DR: 0.041661
RR: 0.065485
saved to _G20.5_rmin0.001_rmax10.0_nbins30_zmin3.0zmax4.6_Lsplit4bin0_Planck_MC_b40
Random catalog is not computed, do not use output
Pixels masked by MC but not already by selfunc: 33
G20.5_zmin3.0zmax4.6_Lsplit4bin1: 0.45              4976 vs 9114
/home/groups/tabel/mahlet/quaia-env/lib/python3.10/site-packages/Corrfunc/utils.py:918: UserWarning: One or more input array has non-native endianness!  A copy will be made with the correct endianness.
  warnings.warn("One or more input array has non-native endianness!  A copy will"\
DD: 0.0055509999999999995
DR: 0.010543
RR: 0.005398
saved to _G20.5_rmin0.001_rmax10.0_nbins30_zmin3.0zmax4.6_Lsplit4bin1_Planck_MC_b40
Random catalog is not computed, do not use output
Pixels masked by MC but not already by selfunc: 30
G20.5_zmin3.0zmax4.6_Lsplit4bin2: 0.40              5482 vs 9114
/home/groups/tabel/mahlet/quaia-env/lib/python3.10/site-packages/Corrfunc/utils.py:918: UserWarning: One or more input array has non-native endianness!  A copy will be made with the correct endianness.
  warnings.warn("One or more input array has non-native endianness!  A copy will"\
DD: 0.005574
DR: 0.010513999999999999
RR: 0.005561
saved to _G20.5_rmin0.001_rmax10.0_nbins30_zmin3.0zmax4.6_Lsplit4bin2_Planck_MC_b40
Pixels masked by MC but not already by selfunc: 38
G20.5_zmin3.0zmax4.6_Lsplit4bin3: 0.28              6543 vs 9115
/home/groups/tabel/mahlet/quaia-env/lib/python3.10/site-packages/Corrfunc/utils.py:918: UserWarning: One or more input array has non-native endianness!  A copy will be made with the correct endianness.
  warnings.warn("One or more input array has non-native endianness!  A copy will"\
DD: 0.006056
DR: 0.045225
RR: 0.070708
saved to _G20.5_rmin0.001_rmax10.0_nbins30_zmin3.0zmax4.6_Lsplit4bin3_Planck_MC_b40
done!
