Starting batch job

G20.5: computing wtheta in 30 bins from 0.001 to 10.0 on a log scale...

Pixels masked by MC but not already by selfunc: 1705
G20.5_zsplit4bin0_Lmaxsplit2bin0: 0.04              155271 vs 161897
[Warning] The CPU supports AVX512F but the compiler does not.  Can you try another compiler?
/home/groups/tabel/mahlet/quaia-env/lib/python3.10/site-packages/Corrfunc/utils.py:918: UserWarning: One or more input array has non-native endianness!  A copy will be made with the correct endianness.
  warnings.warn("One or more input array has non-native endianness!  A copy will"\
DD: 0.056998
DR: 2.174685
RR: 12.66766
saved to _G20.5_rmin0.001_rmax10.0_nbins30_zsplit4bin0_Lmaxsplit2bin0_Planck_MC_b10
Pixels masked by MC but not already by selfunc: 3191
G20.5_zsplit4bin0_Lmaxsplit2bin1: 0.03              314535 vs 323795
/home/groups/tabel/mahlet/quaia-env/lib/python3.10/site-packages/Corrfunc/utils.py:918: UserWarning: One or more input array has non-native endianness!  A copy will be made with the correct endianness.
  warnings.warn("One or more input array has non-native endianness!  A copy will"\
DD: 0.16158699999999998
DR: 7.141971
RR: 57.639455
saved to _G20.5_rmin0.001_rmax10.0_nbins30_zsplit4bin0_Lmaxsplit2bin1_Planck_MC_b10
Pixels masked by MC but not already by selfunc: 1674
G20.5_zsplit4bin1_Lmaxsplit2bin0: 0.03              156631 vs 161974
/home/groups/tabel/mahlet/quaia-env/lib/python3.10/site-packages/Corrfunc/utils.py:918: UserWarning: One or more input array has non-native endianness!  A copy will be made with the correct endianness.
  warnings.warn("One or more input array has non-native endianness!  A copy will"\
DD: 0.064971
DR: 2.347978
RR: 12.607629
saved to _G20.5_rmin0.001_rmax10.0_nbins30_zsplit4bin1_Lmaxsplit2bin0_Planck_MC_b10
Pixels masked by MC but not already by selfunc: 3095
G20.5_zsplit4bin1_Lmaxsplit2bin1: 0.02              316632 vs 323949
/home/groups/tabel/mahlet/quaia-env/lib/python3.10/site-packages/Corrfunc/utils.py:918: UserWarning: One or more input array has non-native endianness!  A copy will be made with the correct endianness.
  warnings.warn("One or more input array has non-native endianness!  A copy will"\
DD: 0.168824
DR: 7.359345
RR: 59.494737
saved to _G20.5_rmin0.001_rmax10.0_nbins30_zsplit4bin1_Lmaxsplit2bin1_Planck_MC_b10
Pixels masked by MC but not already by selfunc: 1761
G20.5_zsplit4bin2_Lmaxsplit2bin0: 0.03              157310 vs 161904
/home/groups/tabel/mahlet/quaia-env/lib/python3.10/site-packages/Corrfunc/utils.py:918: UserWarning: One or more input array has non-native endianness!  A copy will be made with the correct endianness.
  warnings.warn("One or more input array has non-native endianness!  A copy will"\
DD: 0.059875
DR: 2.286833
RR: 13.055079
saved to _G20.5_rmin0.001_rmax10.0_nbins30_zsplit4bin2_Lmaxsplit2bin0_Planck_MC_b10
Pixels masked by MC but not already by selfunc: 3108
G20.5_zsplit4bin2_Lmaxsplit2bin1: 0.02              317491 vs 323808
/home/groups/tabel/mahlet/quaia-env/lib/python3.10/site-packages/Corrfunc/utils.py:918: UserWarning: One or more input array has non-native endianness!  A copy will be made with the correct endianness.
  warnings.warn("One or more input array has non-native endianness!  A copy will"\
DD: 0.171214
DR: 7.431732
RR: 61.678744
saved to _G20.5_rmin0.001_rmax10.0_nbins30_zsplit4bin2_Lmaxsplit2bin1_Planck_MC_b10
Pixels masked by MC but not already by selfunc: 2050
G20.5_zsplit4bin3_Lmaxsplit2bin0: 0.03              157735 vs 161975
/home/groups/tabel/mahlet/quaia-env/lib/python3.10/site-packages/Corrfunc/utils.py:918: UserWarning: One or more input array has non-native endianness!  A copy will be made with the correct endianness.
  warnings.warn("One or more input array has non-native endianness!  A copy will"\
DD: 0.058164999999999994
DR: 2.2040319999999998
RR: 13.438362
saved to _G20.5_rmin0.001_rmax10.0_nbins30_zsplit4bin3_Lmaxsplit2bin0_Planck_MC_b10
Pixels masked by MC but not already by selfunc: 3970
G20.5_zsplit4bin3_Lmaxsplit2bin1: 0.02              317467 vs 323950
/home/groups/tabel/mahlet/quaia-env/lib/python3.10/site-packages/Corrfunc/utils.py:918: UserWarning: One or more input array has non-native endianness!  A copy will be made with the correct endianness.
  warnings.warn("One or more input array has non-native endianness!  A copy will"\
DD: 0.168905
DR: 7.781173
RR: 62.879953
saved to _G20.5_rmin0.001_rmax10.0_nbins30_zsplit4bin3_Lmaxsplit2bin1_Planck_MC_b10
done!
