Starting batch job

G20.5: computing wtheta in 30 bins from 0.001 to 10.0 on a log scale for 50 jackknife regions...
--L: split

z: None split 3
L: None split 2
Pixels masked by MC but not already by selfunc: 2251
G20.5_zsplit3bin0_Lsplit2bin0: 0.20              173703 vs 215881
[Warning] The CPU supports AVX512F but the compiler does not.  Can you try another compiler?
/home/groups/tabel/mahlet/quaia-env/lib/python3.10/site-packages/Corrfunc/utils.py:918: UserWarning: One or more input array has non-native endianness!  A copy will be made with the correct endianness.
  warnings.warn("One or more input array has non-native endianness!  A copy will"\
DD: 0.064306
DR: 2.39956
RR: 15.202415
DD: 0.063827
DR: 2.402149
RR: 15.186245
DD: 0.063451
DR: 2.406443
RR: 15.190617
DD: 0.063645
DR: 2.406179
RR: 15.176645
DD: 0.06359
DR: 2.396516
RR: 15.118085
DD: 0.063053
DR: 2.408794
RR: 15.201985
DD: 0.06316
DR: 2.411796
RR: 15.224594
DD: 0.063119
DR: 2.409352
RR: 15.26901
DD: 0.063319
DR: 2.4294320000000003
RR: 15.354188
DD: 0.063621
DR: 2.43617
RR: 15.40677
DD: 0.06382299999999999
DR: 2.439157
RR: 15.469941
DD: 0.064204
DR: 2.4488950000000003
RR: 15.556893
DD: 0.06434999999999999
DR: 2.459609
RR: 15.646272
DD: 0.06462999999999999
DR: 2.469453
RR: 15.716093
DD: 0.065121
DR: 2.471355
RR: 15.718571
DD: 0.063929
DR: 2.457903
RR: 15.663825
DD: 0.06414700000000007
DR: 2.445817
RR: 15.543136
DD: 0.063738
DR: 2.439087
RR: 15.443103
DD: 0.0641520000000001
DR: 2.42341
RR: 15.359151
DD: 0.06342199999999999
DR: 2.413684
RR: 15.293572
DD: 0.062945
DR: 2.406973
RR: 15.238786
DD: 0.062847
DR: 2.3879960000000002
RR: 15.180333
DD: 0.063391
DR: 2.382388
RR: 15.147342
DD: 0.062486
DR: 2.3803520000000002
RR: 15.146474
DD: 0.062654
DR: 2.3840719999999997
RR: 15.131496
DD: 0.06347599999999999
DR: 2.375746
RR: 15.145595
DD: 0.06256199999999999
DR: 2.380718
RR: 15.113816
DD: 0.062457
DR: 2.374504
RR: 15.104192
DD: 0.062632
DR: 2.373005
RR: 15.137038
DD: 0.06282399999999999
DR: 2.378203
RR: 15.123149
DD: 0.062874
DR: 2.378352
RR: 15.125857
DD: 0.062857
DR: 2.378829
RR: 15.146847
DD: 0.06353
DR: 2.3877509999999997
RR: 15.190274
DD: 0.062878
DR: 2.408769
RR: 15.255752
DD: 0.06343499999999999
DR: 2.421427
RR: 15.327227
DD: 0.064148
DR: 2.428229
RR: 15.369284
DD: 0.063872
DR: 2.436073
RR: 15.441945
DD: 0.064341
DR: 2.454648
RR: 15.553335
DD: 0.064868
DR: 2.463832
RR: 15.627972
DD: 0.064445
DR: 2.463292
RR: 15.652588
DD: 0.06447699999999999
DR: 2.459848
RR: 15.612663
DD: 0.063958
DR: 2.446101
RR: 15.505869
DD: 0.063444
DR: 2.441089
RR: 15.387924
DD: 0.063388
DR: 2.422215
RR: 15.303026
DD: 0.06332
DR: 2.408533
RR: 15.233183
DD: 0.06299199999999999
DR: 2.395082
RR: 15.181252
DD: 0.062945
DR: 2.384126
RR: 15.158608000000001
DD: 0.062831
DR: 2.387574
RR: 15.133999
DD: 0.062346
DR: 2.390195
RR: 15.129527
DD: 0.062767
DR: 2.400978
RR: 15.17184
saved to _G20.5_rmin0.001_rmax10.0_nbins30_zsplit3bin0_Lsplit2bin0_N50_Planck_MC_b20

Pixels masked by MC but not already by selfunc: 1966
G20.5_zsplit3bin0_Lsplit2bin1: 0.10              193787 vs 215882
/home/groups/tabel/mahlet/quaia-env/lib/python3.10/site-packages/Corrfunc/utils.py:918: UserWarning: One or more input array has non-native endianness!  A copy will be made with the correct endianness.
  warnings.warn("One or more input array has non-native endianness!  A copy will"\
DD: 0.074739
DR: 2.939272
RR: 19.948538
DD: 0.074103
DR: 2.940856
RR: 19.890964
DD: 0.074804
DR: 2.940839
RR: 19.90402
DD: 0.074726
DR: 2.936302
RR: 19.912935
DD: 0.07438399999999999
DR: 2.943569
RR: 19.97711
DD: 0.07610499999999999
DR: 2.978137
RR: 20.040126
DD: 0.075863
DR: 2.967767
RR: 20.203485
DD: 0.07546499999999999
DR: 2.977034
RR: 20.26813
DD: 0.076725
DR: 2.979525
RR: 20.305788
DD: 0.07600200000000001
DR: 2.986766
RR: 20.339822
DD: 0.076961
DR: 2.999405
RR: 20.441591
DD: 0.07638
DR: 3.008646
RR: 20.604559
DD: 0.077085
DR: 3.029117
RR: 20.718661
DD: 0.07828
DR: 3.0385
RR: 20.819102
DD: 0.07713199999999999
DR: 3.039131
RR: 20.828589
DD: 0.077147
DR: 3.030536
RR: 20.726977
DD: 0.077444
DR: 3.010515
RR: 20.566113
DD: 0.075525
DR: 2.987868
RR: 20.365292
DD: 0.075392
DR: 2.965882
RR: 20.158483
DD: 0.07474000000000003
DR: 2.950788
RR: 20.051953
DD: 0.07504
DR: 2.939884
RR: 19.948984
DD: 0.07464699999999999
DR: 2.933788
RR: 19.940708
DD: 0.074471
DR: 2.931051
RR: 19.879018
DD: 0.07503499999999999
DR: 2.928927
RR: 19.874995
DD: 0.07394099999999999
DR: 2.917614
RR: 19.868812
DD: 0.075274
DR: 2.927815
RR: 19.896685
DD: 0.07406
DR: 2.923887
RR: 19.844435
DD: 0.07385499999999999
DR: 2.919837
RR: 19.83155
DD: 0.073917
DR: 2.924348
RR: 19.853558
DD: 0.07496
DR: 2.930222
RR: 19.900302
DD: 0.074265
DR: 2.938676
RR: 19.974576
DD: 0.074989
DR: 2.948189
RR: 20.133078
DD: 0.076345
DR: 2.96787
RR: 20.189692
DD: 0.075135
DR: 2.971213
RR: 20.228422
DD: 0.075628
DR: 2.981763
RR: 20.307823
DD: 0.077138
DR: 2.99138
RR: 20.423853
DD: 0.07597000000000009
DR: 3.004666
RR: 20.505971
DD: 0.07640899999999999
DR: 3.016718
RR: 20.662333
DD: 0.07710499999999999
DR: 3.036109
RR: 20.776737
DD: 0.076981
DR: 3.038943
RR: 20.824471
DD: 0.076934
DR: 3.041827
RR: 20.832085
DD: 0.077712
DR: 3.043673
RR: 20.736978
DD: 0.076513
DR: 3.007614
RR: 20.613282
DD: 0.07596
DR: 2.993737
RR: 20.462162
DD: 0.07635299999999999
DR: 2.985525
RR: 20.312816
DD: 0.074991
DR: 2.961264
RR: 20.193257
DD: 0.074885
DR: 2.952206
RR: 20.097515
DD: 0.075574
DR: 2.950743
RR: 20.081071
DD: 0.074556
DR: 2.947402
RR: 20.003306
DD: 0.074816
DR: 2.943247
RR: 19.974486
saved to _G20.5_rmin0.001_rmax10.0_nbins30_zsplit3bin0_Lsplit2bin1_N50_Planck_MC_b20

Pixels masked by MC but not already by selfunc: 2226
G20.5_zsplit3bin1_Lsplit2bin0: 0.18              177067 vs 215952
/home/groups/tabel/mahlet/quaia-env/lib/python3.10/site-packages/Corrfunc/utils.py:918: UserWarning: One or more input array has non-native endianness!  A copy will be made with the correct endianness.
  warnings.warn("One or more input array has non-native endianness!  A copy will"\
DD: 0.064095
DR: 2.4675000000000002
RR: 15.623926
DD: 0.06393100000000007
DR: 2.466888
RR: 15.638232
DD: 0.06376699999999999
DR: 2.468919
RR: 15.641076
DD: 0.064762
DR: 2.46903
RR: 15.614208
DD: 0.06369799999999999
DR: 2.466491
RR: 15.609882
DD: 0.063784
DR: 2.47031
RR: 15.595063
DD: 0.063799
DR: 2.470095
RR: 15.616781
DD: 0.06509899999999999
DR: 2.473849
RR: 15.668836
DD: 0.06419899999999999
DR: 2.485745
RR: 15.758956
DD: 0.06457
DR: 2.494621
RR: 15.821973
DD: 0.064566
DR: 2.504189
RR: 15.890766
DD: 0.06596400000000002
DR: 2.512469
RR: 15.995251
DD: 0.065285
DR: 2.525175
RR: 16.094469
DD: 0.065495
DR: 2.533929
RR: 16.17301
DD: 0.06558499999999999
DR: 2.529615
RR: 16.182831
DD: 0.06607199999999999
DR: 2.531273
RR: 16.108024
DD: 0.06514299999999999
DR: 2.519495
RR: 16.01969
DD: 0.064765
DR: 2.503487
RR: 15.910271
DD: 0.064412
DR: 2.48982
RR: 15.807539
DD: 0.06462400000000001
DR: 2.481451
RR: 15.761498
DD: 0.064096
DR: 2.472779
RR: 15.70312
DD: 0.063764
DR: 2.477293
RR: 15.668725
DD: 0.063888
DR: 2.47525
RR: 15.674258
DD: 0.063788
DR: 2.469579
RR: 15.644427
DD: 0.06356099999999999
DR: 2.46526
RR: 15.649098
DD: 0.063832
DR: 2.45602
RR: 15.603718
DD: 0.063452
DR: 2.457559
RR: 15.584494
DD: 0.064661
DR: 2.457509
RR: 15.585374
DD: 0.06355899999999999
DR: 2.459385
RR: 15.598938
DD: 0.06372599999999999
DR: 2.4631
RR: 15.625308
DD: 0.063627
DR: 2.460116
RR: 15.607745
DD: 0.064692
DR: 2.460029
RR: 15.609665
DD: 0.063735
DR: 2.461796
RR: 15.637167999999999
DD: 0.063793
DR: 2.47224
RR: 15.683516000000001
DD: 0.064246
DR: 2.476003
RR: 15.779251
DD: 0.065413
DR: 2.492763
RR: 15.857391
DD: 0.064861
DR: 2.507806
RR: 15.92949
DD: 0.06526799999999999
DR: 2.510605
RR: 16.04105
DD: 0.065526
DR: 2.535199
RR: 16.117022
DD: 0.066226
DR: 2.529001
RR: 16.126705
DD: 0.065441
DR: 2.524838
RR: 16.083197
DD: 0.064896
DR: 2.510043
RR: 15.964587
DD: 0.064619
DR: 2.495616
RR: 15.865644
DD: 0.065089
DR: 2.491253
RR: 15.750654
DD: 0.06396199999999999
DR: 2.471951
RR: 15.686524
DD: 0.06393399999999999
DR: 2.466516
RR: 15.650557
DD: 0.064719
DR: 2.469637
RR: 15.652461
DD: 0.063737
DR: 2.465565
RR: 15.627603
DD: 0.06350599999999999
DR: 2.463413
RR: 15.578454
DD: 0.063467
DR: 2.461507
RR: 15.639909
saved to _G20.5_rmin0.001_rmax10.0_nbins30_zsplit3bin1_Lsplit2bin0_N50_Planck_MC_b20

Pixels masked by MC but not already by selfunc: 1834
G20.5_zsplit3bin1_Lsplit2bin1: 0.07              199960 vs 215953
/home/groups/tabel/mahlet/quaia-env/lib/python3.10/site-packages/Corrfunc/utils.py:918: UserWarning: One or more input array has non-native endianness!  A copy will be made with the correct endianness.
  warnings.warn("One or more input array has non-native endianness!  A copy will"\
DD: 0.079414
DR: 3.130075
RR: 21.764895
DD: 0.0788
DR: 3.128108
RR: 21.665081
DD: 0.078829
DR: 3.127716
RR: 21.694201
DD: 0.07873
DR: 3.128988
RR: 21.712795
DD: 0.079161
DR: 3.143605
RR: 21.803003
DD: 0.07955999999999999
DR: 3.156339
RR: 21.957163
DD: 0.07950499999999999
DR: 3.170663
RR: 22.090882
DD: 0.080423
DR: 3.182752
RR: 22.127263
DD: 0.07989199999999999
DR: 3.185255
RR: 22.180173
DD: 0.080151
DR: 3.195917
RR: 22.248856
DD: 0.08027999999999999
DR: 3.198896
RR: 22.347539
DD: 0.080493
DR: 3.219606
RR: 22.491391
DD: 0.08205799999999999
DR: 3.232184
RR: 22.638086
DD: 0.081509
DR: 3.245272
RR: 22.747816
DD: 0.08158
DR: 3.250651
RR: 22.769545
DD: 0.082317
DR: 3.234792
RR: 22.644293
DD: 0.08088999999999999
DR: 3.205892
RR: 22.445172
DD: 0.080056
DR: 3.1897510000000002
RR: 22.23181
DD: 0.080554
DR: 3.1622339999999998
RR: 21.993276
DD: 0.079084
DR: 3.144611
RR: 21.873672
DD: 0.07875499999999999
DR: 3.133774
RR: 21.751412
DD: 0.07977000000000001
DR: 3.130366
RR: 21.704686
DD: 0.07885099999999999
DR: 3.116928
RR: 21.653567
DD: 0.078609
DR: 3.116586
RR: 21.635919
DD: 0.07921099999999999
DR: 3.132608
RR: 21.655491
DD: 0.07842199999999999
DR: 3.112904
RR: 21.681294
DD: 0.07844799999999999
DR: 3.11199
RR: 21.614461
DD: 0.079437
DR: 3.115736
RR: 21.635712
DD: 0.07850399999999999
DR: 3.111057
RR: 21.642220000000002
DD: 0.078658
DR: 3.125343
RR: 21.716291
DD: 0.07947499999999999
DR: 3.138762
RR: 21.856298
DD: 0.079035
DR: 3.146508
RR: 21.933977
DD: 0.080319
DR: 3.182401
RR: 22.048723
DD: 0.07979499999999999
DR: 3.173307
RR: 22.110651
DD: 0.079745
DR: 3.179827
RR: 22.196194
DD: 0.08062800000000003
DR: 3.193745
RR: 22.306238
DD: 0.080455
DR: 3.208695
RR: 22.432809
DD: 0.08073799999999999
DR: 3.228055
RR: 22.592096
DD: 0.08144499999999999
DR: 3.2504429999999997
RR: 22.72093
DD: 0.081496
DR: 3.250412
RR: 22.786094
DD: 0.082484
DR: 3.252288
RR: 22.782711
DD: 0.08126699999999999
DR: 3.242757
RR: 22.727117
DD: 0.080458
DR: 3.221085
RR: 22.572755
DD: 0.0814410000000001
DR: 3.202484
RR: 22.399747
DD: 0.07985099999999999
DR: 3.186376
RR: 22.240954
DD: 0.079478
DR: 3.166626
RR: 22.089589
DD: 0.080268
DR: 3.163099
RR: 21.982465
DD: 0.07887600000000006
DR: 3.1423740000000002
RR: 21.900337
DD: 0.078723
DR: 3.139027
RR: 21.848831
DD: 0.079899
DR: 3.13794
RR: 21.790846
saved to _G20.5_rmin0.001_rmax10.0_nbins30_zsplit3bin1_Lsplit2bin1_N50_Planck_MC_b20

Pixels masked by MC but not already by selfunc: 2686
G20.5_zsplit3bin2_Lsplit2bin0: 0.15              183772 vs 215917
/home/groups/tabel/mahlet/quaia-env/lib/python3.10/site-packages/Corrfunc/utils.py:918: UserWarning: One or more input array has non-native endianness!  A copy will be made with the correct endianness.
  warnings.warn("One or more input array has non-native endianness!  A copy will"\
DD: 0.067728
DR: 2.607185
RR: 16.844805
DD: 0.06745899999999999
DR: 2.612943
RR: 16.821111
DD: 0.06784699999999999
DR: 2.603377
RR: 16.829334
DD: 0.06766699999999999
DR: 2.606602
RR: 16.838022
DD: 0.06890299999999999
DR: 2.613898
RR: 16.846036
DD: 0.06759500000000007
DR: 2.613218
RR: 16.880199
DD: 0.06791
DR: 2.628323
RR: 16.963956
DD: 0.067843
DR: 2.625376
RR: 17.001658
DD: 0.069242
DR: 2.643485
RR: 17.086415
DD: 0.06827800000000006
DR: 2.638917
RR: 17.122522
DD: 0.068377
DR: 2.651033
RR: 17.174119
DD: 0.06868099999999999
DR: 2.671198
RR: 17.310282
DD: 0.06938699999999999
DR: 2.675993
RR: 17.392523
DD: 0.06948599999999999
DR: 2.688298
RR: 17.461478
DD: 0.069504
DR: 2.68675
RR: 17.488857
DD: 0.070298
DR: 2.682553
RR: 17.416735
DD: 0.06881999999999999
DR: 2.662493
RR: 17.286844
DD: 0.068311
DR: 2.64794
RR: 17.15245
DD: 0.068246
DR: 2.638219
RR: 17.062762
DD: 0.068512
DR: 2.625858
RR: 16.964679
DD: 0.067813
DR: 2.616936
RR: 16.904488
DD: 0.06884799999999999
DR: 2.614325
RR: 16.861788
DD: 0.06712499999999999
DR: 2.6028890000000002
RR: 16.836276
DD: 0.067345
DR: 2.595676
RR: 16.797368
DD: 0.06723799999999999
DR: 2.594963
RR: 16.824485
DD: 0.068133
DR: 2.5948979999999997
RR: 16.765386
DD: 0.067011
DR: 2.589088
RR: 16.737753
DD: 0.06720100000000007
DR: 2.583767
RR: 16.742187
DD: 0.06713900000000006
DR: 2.592002
RR: 16.76602
DD: 0.06786600000000009
DR: 2.593231
RR: 16.77989
DD: 0.06736400000000009
DR: 2.607202
RR: 16.792531
DD: 0.06865
DR: 2.608297
RR: 16.861409
DD: 0.067635
DR: 2.6182819999999998
RR: 16.908967
DD: 0.067693
DR: 2.618608
RR: 16.967028
DD: 0.067746
DR: 2.631695
RR: 17.054143
DD: 0.069067
DR: 2.640694
RR: 17.130613
DD: 0.068525
DR: 2.652002
RR: 17.243011
DD: 0.069039
DR: 2.665803
RR: 17.353228
DD: 0.069121
DR: 2.680408
RR: 17.452246
DD: 0.069959
DR: 2.689648
RR: 17.491291
DD: 0.069298
DR: 2.681483
RR: 17.456817
DD: 0.07009499999999999
DR: 2.673813
RR: 17.379555
DD: 0.068494
DR: 2.6475619999999997
RR: 17.241449
DD: 0.06816799999999999
DR: 2.63625
RR: 17.121616
DD: 0.067742
DR: 2.6246229999999997
RR: 17.030664
DD: 0.06869
DR: 2.6175100000000002
RR: 16.964332
DD: 0.06777799999999999
DR: 2.613031
RR: 16.880852
DD: 0.067353
DR: 2.607508
RR: 16.861267
DD: 0.067476
DR: 2.605924
RR: 16.835138
DD: 0.067717
DR: 2.606258
RR: 16.845104
saved to _G20.5_rmin0.001_rmax10.0_nbins30_zsplit3bin2_Lsplit2bin0_N50_Planck_MC_b20

Pixels masked by MC but not already by selfunc: 2401
G20.5_zsplit3bin2_Lsplit2bin1: 0.07              200433 vs 215917
/home/groups/tabel/mahlet/quaia-env/lib/python3.10/site-packages/Corrfunc/utils.py:918: UserWarning: One or more input array has non-native endianness!  A copy will be made with the correct endianness.
  warnings.warn("One or more input array has non-native endianness!  A copy will"\
DD: 0.079388
DR: 3.141864
RR: 21.864526
DD: 0.08041799999999999
DR: 3.146121
RR: 21.78938
DD: 0.07947499999999999
DR: 3.145638
RR: 21.841472
DD: 0.08059899999999999
DR: 3.1474349999999998
RR: 21.774021
DD: 0.079515
DR: 3.15662
RR: 21.875572
DD: 0.07997699999999999
DR: 3.160751
RR: 22.016972
DD: 0.081479
DR: 3.179745
RR: 22.139354
DD: 0.080492
DR: 3.191878
RR: 22.234396
DD: 0.080695
DR: 3.196324
RR: 22.2715
DD: 0.081967
DR: 3.203702
RR: 22.359492
DD: 0.08104499999999999
DR: 3.210225
RR: 22.430363
DD: 0.081443
DR: 3.225329
RR: 22.625168
DD: 0.082677
DR: 3.251008
RR: 22.783099
DD: 0.082301
DR: 3.260056
RR: 22.871701
DD: 0.082188
DR: 3.265837
RR: 22.91258
DD: 0.08268299999999999
DR: 3.248779
RR: 22.805356
DD: 0.08156999999999999
DR: 3.228451
RR: 22.621103
DD: 0.081852
DR: 3.207761
RR: 22.409339
DD: 0.08039600000000002
DR: 3.178599
RR: 22.167875
DD: 0.081006
DR: 3.16154
RR: 22.017712
DD: 0.079606
DR: 3.142315
RR: 21.868462
DD: 0.07928099999999999
DR: 3.134277
RR: 21.801377
DD: 0.07980799999999999
DR: 3.129686
RR: 21.74034
DD: 0.07908799999999999
DR: 3.122166
RR: 21.669277
DD: 0.079732
DR: 3.124363
RR: 21.741339
DD: 0.07914
DR: 3.122833
RR: 21.746279
DD: 0.07899099999999999
DR: 3.125048
RR: 21.701441
DD: 0.07986399999999999
DR: 3.122742
RR: 21.704635
DD: 0.079062
DR: 3.121422
RR: 21.736867
DD: 0.07909999999999999
DR: 3.130584
RR: 21.770915
DD: 0.080194
DR: 3.161423
RR: 21.900263
DD: 0.079912
DR: 3.157588
RR: 22.031055
DD: 0.08015499999999999
DR: 3.172109
RR: 22.165674
DD: 0.081204
DR: 3.1849790000000002
RR: 22.217137
DD: 0.080542
DR: 3.193274
RR: 22.31567
DD: 0.081637
DR: 3.223805
RR: 22.420347
DD: 0.081125
DR: 3.21739
RR: 22.539488
DD: 0.081492
DR: 3.234689
RR: 22.709754
DD: 0.082589
DR: 3.25217
RR: 22.834139
DD: 0.08209
DR: 3.259711
RR: 22.913089
DD: 0.08290199999999999
DR: 3.264695
RR: 22.920498
DD: 0.08201699999999999
DR: 3.257375
RR: 22.866618
DD: 0.081677
DR: 3.245952
RR: 22.723432
DD: 0.080992
DR: 3.222122
RR: 22.564538
DD: 0.080708
DR: 3.208079
RR: 22.443133
DD: 0.08058699999999999
DR: 3.17863
RR: 22.247557
DD: 0.079926
DR: 3.170877
RR: 22.13251
DD: 0.081091
DR: 3.158967
RR: 22.027581
DD: 0.0798310000000001
DR: 3.151439
RR: 21.938883
DD: 0.07932100000000009
DR: 3.149436
RR: 21.872653
saved to _G20.5_rmin0.001_rmax10.0_nbins30_zsplit3bin2_Lsplit2bin1_N50_Planck_MC_b20

done!
