Starting batch job

G20.5: computing wtheta in 30 bins from 0.001 to 10.0 on a log scale...

Pixels masked by MC but not already by selfunc: 908
G20.5_zmin0.0zmax1.0_Lsplit4bin0: 0.06              76417 vs 81084
[Warning] The CPU supports AVX512F but the compiler does not.  Can you try another compiler?
/home/groups/tabel/mahlet/quaia-env/lib/python3.10/site-packages/Corrfunc/utils.py:918: UserWarning: One or more input array has non-native endianness!  A copy will be made with the correct endianness.
  warnings.warn("One or more input array has non-native endianness!  A copy will"\
DD: 0.033316
DR: 0.75115
RR: 2.947971
saved to _G20.5_rmin0.001_rmax10.0_nbins30_zmin0.0zmax1.0_Lsplit4bin0_Planck_MC_b10
Pixels masked by MC but not already by selfunc: 795
G20.5_zmin0.0zmax1.0_Lsplit4bin1: 0.02              79124 vs 81084
/home/groups/tabel/mahlet/quaia-env/lib/python3.10/site-packages/Corrfunc/utils.py:918: UserWarning: One or more input array has non-native endianness!  A copy will be made with the correct endianness.
  warnings.warn("One or more input array has non-native endianness!  A copy will"\
DD: 0.025684
DR: 0.797
RR: 3.177173
saved to _G20.5_rmin0.001_rmax10.0_nbins30_zmin0.0zmax1.0_Lsplit4bin1_Planck_MC_b10
Pixels masked by MC but not already by selfunc: 785
G20.5_zmin0.0zmax1.0_Lsplit4bin2: 0.02              79609 vs 81084
/home/groups/tabel/mahlet/quaia-env/lib/python3.10/site-packages/Corrfunc/utils.py:918: UserWarning: One or more input array has non-native endianness!  A copy will be made with the correct endianness.
  warnings.warn("One or more input array has non-native endianness!  A copy will"\
DD: 0.027825
DR: 0.801927
RR: 3.266475
saved to _G20.5_rmin0.001_rmax10.0_nbins30_zmin0.0zmax1.0_Lsplit4bin2_Planck_MC_b10
Pixels masked by MC but not already by selfunc: 706
G20.5_zmin0.0zmax1.0_Lsplit4bin3: 0.01              79919 vs 81084
/home/groups/tabel/mahlet/quaia-env/lib/python3.10/site-packages/Corrfunc/utils.py:918: UserWarning: One or more input array has non-native endianness!  A copy will be made with the correct endianness.
  warnings.warn("One or more input array has non-native endianness!  A copy will"\
DD: 0.028704999999999998
DR: 0.82233
RR: 3.342963
saved to _G20.5_rmin0.001_rmax10.0_nbins30_zmin0.0zmax1.0_Lsplit4bin3_Planck_MC_b10
Pixels masked by MC but not already by selfunc: 1790
G20.5_zmin1.0zmax2.0_Lsplit4bin0: 0.04              155903 vs 162049
/home/groups/tabel/mahlet/quaia-env/lib/python3.10/site-packages/Corrfunc/utils.py:918: UserWarning: One or more input array has non-native endianness!  A copy will be made with the correct endianness.
  warnings.warn("One or more input array has non-native endianness!  A copy will"\
DD: 0.056766
DR: 2.144222
RR: 11.755799
saved to _G20.5_rmin0.001_rmax10.0_nbins30_zmin1.0zmax2.0_Lsplit4bin0_Planck_MC_b10
Pixels masked by MC but not already by selfunc: 1625
G20.5_zmin1.0zmax2.0_Lsplit4bin1: 0.02              158708 vs 162049
/home/groups/tabel/mahlet/quaia-env/lib/python3.10/site-packages/Corrfunc/utils.py:918: UserWarning: One or more input array has non-native endianness!  A copy will be made with the correct endianness.
  warnings.warn("One or more input array has non-native endianness!  A copy will"\
DD: 0.059810999999999996
DR: 2.213653
RR: 12.662420000000001
saved to _G20.5_rmin0.001_rmax10.0_nbins30_zmin1.0zmax2.0_Lsplit4bin1_Planck_MC_b10
Pixels masked by MC but not already by selfunc: 1472
G20.5_zmin1.0zmax2.0_Lsplit4bin2: 0.01              159626 vs 162049
/home/groups/tabel/mahlet/quaia-env/lib/python3.10/site-packages/Corrfunc/utils.py:918: UserWarning: One or more input array has non-native endianness!  A copy will be made with the correct endianness.
  warnings.warn("One or more input array has non-native endianness!  A copy will"\
DD: 0.063001
DR: 2.189787
RR: 13.021846
saved to _G20.5_rmin0.001_rmax10.0_nbins30_zmin1.0zmax2.0_Lsplit4bin2_Planck_MC_b10
Pixels masked by MC but not already by selfunc: 1321
G20.5_zmin1.0zmax2.0_Lsplit4bin3: 0.01              160314 vs 162049
/home/groups/tabel/mahlet/quaia-env/lib/python3.10/site-packages/Corrfunc/utils.py:918: UserWarning: One or more input array has non-native endianness!  A copy will be made with the correct endianness.
  warnings.warn("One or more input array has non-native endianness!  A copy will"\
DD: 0.065834
DR: 2.411473
RR: 14.683462
saved to _G20.5_rmin0.001_rmax10.0_nbins30_zmin1.0zmax2.0_Lsplit4bin3_Planck_MC_b10
Pixels masked by MC but not already by selfunc: 968
G20.5_zmin2.0zmax3.0_Lsplit4bin0: 0.04              69013 vs 71627
/home/groups/tabel/mahlet/quaia-env/lib/python3.10/site-packages/Corrfunc/utils.py:918: UserWarning: One or more input array has non-native endianness!  A copy will be made with the correct endianness.
  warnings.warn("One or more input array has non-native endianness!  A copy will"\
DD: 0.022704
DR: 0.622354
RR: 2.353542
saved to _G20.5_rmin0.001_rmax10.0_nbins30_zmin2.0zmax3.0_Lsplit4bin0_Planck_MC_b10
Pixels masked by MC but not already by selfunc: 912
G20.5_zmin2.0zmax3.0_Lsplit4bin1: 0.02              70231 vs 71627
/home/groups/tabel/mahlet/quaia-env/lib/python3.10/site-packages/Corrfunc/utils.py:918: UserWarning: One or more input array has non-native endianness!  A copy will be made with the correct endianness.
  warnings.warn("One or more input array has non-native endianness!  A copy will"\
DD: 0.022247
DR: 0.659416
RR: 2.530415
saved to _G20.5_rmin0.001_rmax10.0_nbins30_zmin2.0zmax3.0_Lsplit4bin1_Planck_MC_b10
Pixels masked by MC but not already by selfunc: 897
G20.5_zmin2.0zmax3.0_Lsplit4bin2: 0.02              70540 vs 71627
/home/groups/tabel/mahlet/quaia-env/lib/python3.10/site-packages/Corrfunc/utils.py:918: UserWarning: One or more input array has non-native endianness!  A copy will be made with the correct endianness.
  warnings.warn("One or more input array has non-native endianness!  A copy will"\
DD: 0.034769999999999995
DR: 0.6995589999999999
RR: 2.667469
saved to _G20.5_rmin0.001_rmax10.0_nbins30_zmin2.0zmax3.0_Lsplit4bin2_Planck_MC_b10
Pixels masked by MC but not already by selfunc: 799
G20.5_zmin2.0zmax3.0_Lsplit4bin3: 0.01              70772 vs 71627
/home/groups/tabel/mahlet/quaia-env/lib/python3.10/site-packages/Corrfunc/utils.py:918: UserWarning: One or more input array has non-native endianness!  A copy will be made with the correct endianness.
  warnings.warn("One or more input array has non-native endianness!  A copy will"\
DD: 0.034665999999999995
DR: 0.71929
RR: 3.100549
saved to _G20.5_rmin0.001_rmax10.0_nbins30_zmin2.0zmax3.0_Lsplit4bin3_Planck_MC_b10
Pixels masked by MC but not already by selfunc: 112
G20.5_zmin3.0zmax4.6_Lsplit4bin0: 0.02              8918 vs 9115
/home/groups/tabel/mahlet/quaia-env/lib/python3.10/site-packages/Corrfunc/utils.py:918: UserWarning: One or more input array has non-native endianness!  A copy will be made with the correct endianness.
  warnings.warn("One or more input array has non-native endianness!  A copy will"\
DD: 0.026278
DR: 0.071312
RR: 0.112871
saved to _G20.5_rmin0.001_rmax10.0_nbins30_zmin3.0zmax4.6_Lsplit4bin0_Planck_MC_b10
Random catalog is not computed, do not use output
Pixels masked by MC but not already by selfunc: 109
G20.5_zmin3.0zmax4.6_Lsplit4bin1: 0.02              8973 vs 9114
/home/groups/tabel/mahlet/quaia-env/lib/python3.10/site-packages/Corrfunc/utils.py:918: UserWarning: One or more input array has non-native endianness!  A copy will be made with the correct endianness.
  warnings.warn("One or more input array has non-native endianness!  A copy will"\
DD: 0.026875999999999997
DR: 0.022539
RR: 0.022567999999999998
saved to _G20.5_rmin0.001_rmax10.0_nbins30_zmin3.0zmax4.6_Lsplit4bin1_Planck_MC_b10
Random catalog is not computed, do not use output
Pixels masked by MC but not already by selfunc: 92
G20.5_zmin3.0zmax4.6_Lsplit4bin2: 0.01              9013 vs 9114
/home/groups/tabel/mahlet/quaia-env/lib/python3.10/site-packages/Corrfunc/utils.py:918: UserWarning: One or more input array has non-native endianness!  A copy will be made with the correct endianness.
  warnings.warn("One or more input array has non-native endianness!  A copy will"\
DD: 0.020071
DR: 0.028110999999999997
RR: 0.021626
saved to _G20.5_rmin0.001_rmax10.0_nbins30_zmin3.0zmax4.6_Lsplit4bin2_Planck_MC_b10
Pixels masked by MC but not already by selfunc: 73
G20.5_zmin3.0zmax4.6_Lsplit4bin3: 0.01              9041 vs 9115
/home/groups/tabel/mahlet/quaia-env/lib/python3.10/site-packages/Corrfunc/utils.py:918: UserWarning: One or more input array has non-native endianness!  A copy will be made with the correct endianness.
  warnings.warn("One or more input array has non-native endianness!  A copy will"\
DD: 0.019837
DR: 0.07620199999999999
RR: 0.11645499999999999
saved to _G20.5_rmin0.001_rmax10.0_nbins30_zmin3.0zmax4.6_Lsplit4bin3_Planck_MC_b10
done!
