Starting batch job

G20.5: computing wtheta in 30 bins from 0.001 to 10.0 on a log scale...

Pixels masked by MC but not already by selfunc: 693
G20.5_zsplit4bin0_Lmaxsplit4bin0: 0.44              45206 vs 80949
/home/groups/tabel/mahlet/quaia-env/lib/python3.10/site-packages/Corrfunc/utils.py:918: UserWarning: One or more input array has non-native endianness!  A copy will be made with the correct endianness.
  warnings.warn("One or more input array has non-native endianness!  A copy will"\
DD: 0.035279
DR: 0.491618
RR: 2.341323
saved to _G20.5_rmin0.001_rmax10.0_nbins30_zsplit4bin0_Lmaxsplit4bin0_Planck_MC_b30
Pixels masked by MC but not already by selfunc: 1315
G20.5_zsplit4bin0_Lmaxsplit4bin1: 0.39              98410 vs 161897
/home/groups/tabel/mahlet/quaia-env/lib/python3.10/site-packages/Corrfunc/utils.py:918: UserWarning: One or more input array has non-native endianness!  A copy will be made with the correct endianness.
  warnings.warn("One or more input array has non-native endianness!  A copy will"\
DD: 0.050252
DR: 1.56205
RR: 10.188602
saved to _G20.5_rmin0.001_rmax10.0_nbins30_zsplit4bin0_Lmaxsplit4bin1_Planck_MC_b30
Pixels masked by MC but not already by selfunc: 1910
G20.5_zsplit4bin0_Lmaxsplit4bin2: 0.35              157838 vs 242846
/home/groups/tabel/mahlet/quaia-env/lib/python3.10/site-packages/Corrfunc/utils.py:918: UserWarning: One or more input array has non-native endianness!  A copy will be made with the correct endianness.
  warnings.warn("One or more input array has non-native endianness!  A copy will"\
DD: 0.069503
DR: 3.417337
RR: 26.452195
saved to _G20.5_rmin0.001_rmax10.0_nbins30_zsplit4bin0_Lmaxsplit4bin2_Planck_MC_b30
Pixels masked by MC but not already by selfunc: 2465
G20.5_zsplit4bin0_Lmaxsplit4bin3: 0.33              218004 vs 323795
/home/groups/tabel/mahlet/quaia-env/lib/python3.10/site-packages/Corrfunc/utils.py:918: UserWarning: One or more input array has non-native endianness!  A copy will be made with the correct endianness.
  warnings.warn("One or more input array has non-native endianness!  A copy will"\
DD: 0.157255
DR: 5.816312
RR: 51.976451
saved to _G20.5_rmin0.001_rmax10.0_nbins30_zsplit4bin0_Lmaxsplit4bin3_Planck_MC_b30
Pixels masked by MC but not already by selfunc: 663
G20.5_zsplit4bin1_Lmaxsplit4bin0: 0.42              46597 vs 80987
/home/groups/tabel/mahlet/quaia-env/lib/python3.10/site-packages/Corrfunc/utils.py:918: UserWarning: One or more input array has non-native endianness!  A copy will be made with the correct endianness.
  warnings.warn("One or more input array has non-native endianness!  A copy will"\
DD: 0.017003
DR: 0.50495
RR: 2.216353
saved to _G20.5_rmin0.001_rmax10.0_nbins30_zsplit4bin1_Lmaxsplit4bin0_Planck_MC_b30
Pixels masked by MC but not already by selfunc: 1262
G20.5_zsplit4bin1_Lmaxsplit4bin1: 0.39              99251 vs 161974
/home/groups/tabel/mahlet/quaia-env/lib/python3.10/site-packages/Corrfunc/utils.py:918: UserWarning: One or more input array has non-native endianness!  A copy will be made with the correct endianness.
  warnings.warn("One or more input array has non-native endianness!  A copy will"\
DD: 0.043862
DR: 1.573123
RR: 10.520223
saved to _G20.5_rmin0.001_rmax10.0_nbins30_zsplit4bin1_Lmaxsplit4bin1_Planck_MC_b30
Pixels masked by MC but not already by selfunc: 1866
G20.5_zsplit4bin1_Lmaxsplit4bin2: 0.35              157449 vs 242961
/home/groups/tabel/mahlet/quaia-env/lib/python3.10/site-packages/Corrfunc/utils.py:918: UserWarning: One or more input array has non-native endianness!  A copy will be made with the correct endianness.
  warnings.warn("One or more input array has non-native endianness!  A copy will"\
DD: 0.076807
DR: 3.386602
RR: 26.282928
saved to _G20.5_rmin0.001_rmax10.0_nbins30_zsplit4bin1_Lmaxsplit4bin2_Planck_MC_b30
Pixels masked by MC but not already by selfunc: 2382
G20.5_zsplit4bin1_Lmaxsplit4bin3: 0.31              224102 vs 323949
/home/groups/tabel/mahlet/quaia-env/lib/python3.10/site-packages/Corrfunc/utils.py:918: UserWarning: One or more input array has non-native endianness!  A copy will be made with the correct endianness.
  warnings.warn("One or more input array has non-native endianness!  A copy will"\
DD: 0.141481
DR: 5.86773
RR: 53.799883
saved to _G20.5_rmin0.001_rmax10.0_nbins30_zsplit4bin1_Lmaxsplit4bin3_Planck_MC_b30
Pixels masked by MC but not already by selfunc: 715
G20.5_zsplit4bin2_Lmaxsplit4bin0: 0.41              47757 vs 80952
/home/groups/tabel/mahlet/quaia-env/lib/python3.10/site-packages/Corrfunc/utils.py:918: UserWarning: One or more input array has non-native endianness!  A copy will be made with the correct endianness.
  warnings.warn("One or more input array has non-native endianness!  A copy will"\
DD: 0.016971999999999998
DR: 0.504144
RR: 2.284638
saved to _G20.5_rmin0.001_rmax10.0_nbins30_zsplit4bin2_Lmaxsplit4bin0_Planck_MC_b30
Pixels masked by MC but not already by selfunc: 1334
G20.5_zsplit4bin2_Lmaxsplit4bin1: 0.37              101631 vs 161904
/home/groups/tabel/mahlet/quaia-env/lib/python3.10/site-packages/Corrfunc/utils.py:918: UserWarning: One or more input array has non-native endianness!  A copy will be made with the correct endianness.
  warnings.warn("One or more input array has non-native endianness!  A copy will"\
DD: 0.04325
DR: 1.484506
RR: 10.24482
saved to _G20.5_rmin0.001_rmax10.0_nbins30_zsplit4bin2_Lmaxsplit4bin1_Planck_MC_b30
Pixels masked by MC but not already by selfunc: 1923
G20.5_zsplit4bin2_Lmaxsplit4bin2: 0.34              161389 vs 242856
/home/groups/tabel/mahlet/quaia-env/lib/python3.10/site-packages/Corrfunc/utils.py:918: UserWarning: One or more input array has non-native endianness!  A copy will be made with the correct endianness.
  warnings.warn("One or more input array has non-native endianness!  A copy will"\
DD: 0.080735
DR: 3.187105
RR: 27.521881
saved to _G20.5_rmin0.001_rmax10.0_nbins30_zsplit4bin2_Lmaxsplit4bin2_Planck_MC_b30
Pixels masked by MC but not already by selfunc: 2401
G20.5_zsplit4bin2_Lmaxsplit4bin3: 0.29              228756 vs 323808
/home/groups/tabel/mahlet/quaia-env/lib/python3.10/site-packages/Corrfunc/utils.py:918: UserWarning: One or more input array has non-native endianness!  A copy will be made with the correct endianness.
  warnings.warn("One or more input array has non-native endianness!  A copy will"\
DD: 0.13898
DR: 6.193255
RR: 56.515944
saved to _G20.5_rmin0.001_rmax10.0_nbins30_zsplit4bin2_Lmaxsplit4bin3_Planck_MC_b30
Pixels masked by MC but not already by selfunc: 870
G20.5_zsplit4bin3_Lmaxsplit4bin0: 0.37              50763 vs 80988
/home/groups/tabel/mahlet/quaia-env/lib/python3.10/site-packages/Corrfunc/utils.py:918: UserWarning: One or more input array has non-native endianness!  A copy will be made with the correct endianness.
  warnings.warn("One or more input array has non-native endianness!  A copy will"\
DD: 0.028920000000000057
DR: 0.518886
RR: 2.725952
saved to _G20.5_rmin0.001_rmax10.0_nbins30_zsplit4bin3_Lmaxsplit4bin0_Planck_MC_b30
Pixels masked by MC but not already by selfunc: 1596
G20.5_zsplit4bin3_Lmaxsplit4bin1: 0.34              107659 vs 161975
/home/groups/tabel/mahlet/quaia-env/lib/python3.10/site-packages/Corrfunc/utils.py:918: UserWarning: One or more input array has non-native endianness!  A copy will be made with the correct endianness.
  warnings.warn("One or more input array has non-native endianness!  A copy will"\
DD: 0.049132999999999996
DR: 1.757625
RR: 11.829967
saved to _G20.5_rmin0.001_rmax10.0_nbins30_zsplit4bin3_Lmaxsplit4bin1_Planck_MC_b30
Pixels masked by MC but not already by selfunc: 2349
G20.5_zsplit4bin3_Lmaxsplit4bin2: 0.30              168998 vs 242962
/home/groups/tabel/mahlet/quaia-env/lib/python3.10/site-packages/Corrfunc/utils.py:918: UserWarning: One or more input array has non-native endianness!  A copy will be made with the correct endianness.
  warnings.warn("One or more input array has non-native endianness!  A copy will"\
DD: 0.11989
DR: 3.7387610000000002
RR: 29.478917
saved to _G20.5_rmin0.001_rmax10.0_nbins30_zsplit4bin3_Lmaxsplit4bin2_Planck_MC_b30
Pixels masked by MC but not already by selfunc: 3076
G20.5_zsplit4bin3_Lmaxsplit4bin3: 0.27              236380 vs 323950
/home/groups/tabel/mahlet/quaia-env/lib/python3.10/site-packages/Corrfunc/utils.py:918: UserWarning: One or more input array has non-native endianness!  A copy will be made with the correct endianness.
  warnings.warn("One or more input array has non-native endianness!  A copy will"\
DD: 0.146816
DR: 6.888573
RR: 55.16555
saved to _G20.5_rmin0.001_rmax10.0_nbins30_zsplit4bin3_Lmaxsplit4bin3_Planck_MC_b30
done!
