Starting batch job

G20.5: computing wtheta in 30 bins from 0.001 to 10.0 on a log scale for 50 jackknife regions...
--L: split

z: [0.0, 1.0, 2.0, 3.0, 4.6] minmax None
L: None split 4
Pixels masked by MC but not already by selfunc: 908
G20.5_zmin0.0zmax1.0_Lsplit4bin0: 0.01              80176 vs 81084
[Warning] The CPU supports AVX512F but the compiler does not.  Can you try another compiler?
/home/groups/tabel/mahlet/quaia-env/lib/python3.10/site-packages/Corrfunc/utils.py:918: UserWarning: One or more input array has non-native endianness!  A copy will be made with the correct endianness.
  warnings.warn("One or more input array has non-native endianness!  A copy will"\
DD: 0.047055
DR: 0.754268
RR: 3.002118
DD: 0.024308
DR: 0.760257
RR: 3.172302
DD: 0.024104
DR: 0.746693
RR: 2.870736
DD: 0.023771000000000098
DR: 0.782938
RR: 3.226998
DD: 0.033194
DR: 0.763576
RR: 2.940112
DD: 0.024435
DR: 0.753322
RR: 2.936919
DD: 0.023955
DR: 0.749161
RR: 2.898384
DD: 0.023396999999999998
DR: 0.751648
RR: 2.833875
DD: 0.024152
DR: 0.733814
RR: 2.831539
DD: 0.023476999999999998
DR: 0.737177
RR: 2.8455399999999997
DD: 0.023603
DR: 0.7431380000000001
RR: 2.862409
DD: 0.024193
DR: 0.746747
RR: 2.869391
DD: 0.023586
DR: 0.7377929999999999
RR: 2.876846
DD: 0.023400999999999998
DR: 0.745615
RR: 2.867023
DD: 0.023549999999999998
DR: 0.745591
RR: 2.85769
DD: 0.023495
DR: 0.743398
RR: 2.844037
DD: 0.024155
DR: 0.7339960000000001
RR: 2.842149
DD: 0.023431
DR: 0.745424
RR: 2.843539
DD: 0.023454
DR: 0.740945
RR: 2.85777
DD: 0.023427999999999997
DR: 0.736916
RR: 2.841242
DD: 0.023580999999999998
DR: 0.727549
RR: 2.943901
DD: 0.023406
DR: 0.76045
RR: 2.856774
DD: 0.023171999999999998
DR: 0.755876
RR: 2.942872
DD: 0.023334
DR: 0.732291
RR: 2.96949
DD: 0.024165
DR: 0.730666
RR: 2.98735
DD: 0.023385
DR: 0.776993
RR: 3.133668
DD: 0.02386
DR: 0.745521
RR: 3.008011
DD: 0.023559999999999998
DR: 0.757189
RR: 2.885756
DD: 0.023431
DR: 0.7436579999999999
RR: 2.856883
DD: 0.023382
DR: 0.72573
RR: 2.816224
DD: 0.023378
DR: 0.738422
RR: 2.8269
DD: 0.023390000000000022
DR: 0.738811
RR: 2.816637
DD: 0.023429
DR: 0.7313419999999999
RR: 2.83954
DD: 0.023526
DR: 0.742992
RR: 2.8855
DD: 0.023372
DR: 0.732897
RR: 2.93961
DD: 0.023486999999999997
DR: 0.740364
RR: 2.855679
DD: 0.023545999999999997
DR: 0.751617
RR: 2.883774
DD: 0.024381
DR: 0.735468
RR: 2.909785
DD: 0.023471
DR: 0.754667
RR: 2.846272
DD: 0.023521999999999998
DR: 0.748198
RR: 2.845154
DD: 0.023524999999999997
DR: 0.732549
RR: 2.834204
DD: 0.023431999999999998
DR: 0.727735
RR: 2.818399
DD: 0.023497
DR: 0.72819
RR: 2.8218199999999998
DD: 0.023333
DR: 0.729609
RR: 2.818151
DD: 0.023302
DR: 0.7270760000000001
RR: 2.812702
DD: 0.023311
DR: 0.72754
RR: 2.814158
DD: 0.023302
DR: 0.727015
RR: 2.805262
DD: 0.023292
DR: 0.728423
RR: 2.80421
DD: 0.023379999999999998
DR: 0.726924
RR: 2.806049
DD: 0.023361
DR: 0.729305
RR: 2.812693
saved to _G20.5_rmin0.001_rmax10.0_nbins30_zmin0.0zmax1.0_Lsplit4bin0_N50_Planck_MC_b0

Pixels masked by MC but not already by selfunc: 795
G20.5_zmin0.0zmax1.0_Lsplit4bin1: 0.01              80289 vs 81084
/home/groups/tabel/mahlet/quaia-env/lib/python3.10/site-packages/Corrfunc/utils.py:918: UserWarning: One or more input array has non-native endianness!  A copy will be made with the correct endianness.
  warnings.warn("One or more input array has non-native endianness!  A copy will"\
DD: 0.023889999999999998
DR: 0.7382230000000001
RR: 2.910483
DD: 0.024007999999999998
DR: 0.7385550000000001
RR: 2.90371
DD: 0.023899
DR: 0.7364339999999999
RR: 2.905132
DD: 0.023714
DR: 0.732307
RR: 2.906684
DD: 0.0248
DR: 0.737318
RR: 2.906276
DD: 0.023837999999999998
DR: 0.7366969999999999
RR: 2.908681
DD: 0.024052999999999998
DR: 0.73742
RR: 2.921873
DD: 0.024029
DR: 0.740651
RR: 2.931698
DD: 0.024191999999999998
DR: 0.742858
RR: 2.939506
DD: 0.024155
DR: 0.741662
RR: 2.943539
DD: 0.023954
DR: 0.7414510000000001
RR: 2.944655
DD: 0.024059999999999998
DR: 0.742872
RR: 2.95234
DD: 0.024279
DR: 0.742826
RR: 2.95343
DD: 0.024007999999999998
DR: 0.741675
RR: 2.949
DD: 0.024
DR: 0.7415240000000001
RR: 2.941955
DD: 0.024109
DR: 0.742588
RR: 2.933726
DD: 0.023946
DR: 0.742101
RR: 2.924118
DD: 0.023992
DR: 0.734354
RR: 2.917413
DD: 0.023809
DR: 0.738136
RR: 2.917851
DD: 0.023918
DR: 0.739583
RR: 2.911772
DD: 0.023854999999999998
DR: 0.7352529999999999
RR: 2.907053
DD: 0.023686
DR: 0.735085
RR: 2.905225
DD: 0.023674999999999998
DR: 0.7339789999999999
RR: 2.901945
DD: 0.023693
DR: 0.733984
RR: 2.906949
DD: 0.023837
DR: 0.733723
RR: 2.903229
DD: 0.023684
DR: 0.732664
RR: 2.900258
DD: 0.023836
DR: 0.734953
RR: 2.899836
DD: 0.02471
DR: 0.73585
RR: 2.898414
DD: 0.023705
DR: 0.734331
RR: 2.899394
DD: 0.023771999999999998
DR: 0.733285
RR: 2.900085
DD: 0.023822
DR: 0.734503
RR: 2.9038
DD: 0.023871999999999997
DR: 0.735986
RR: 2.907568
DD: 0.023998
DR: 0.738279
RR: 2.916494
DD: 0.023910999999999998
DR: 0.7407520000000001
RR: 2.926159
DD: 0.024138999999999997
DR: 0.739081
RR: 2.931884
DD: 0.02403
DR: 0.737741
RR: 2.933909
DD: 0.024062
DR: 0.736009
RR: 2.933105
DD: 0.023969999999999998
DR: 0.74744
RR: 2.943194
DD: 0.024062
DR: 0.744203
RR: 2.952772
DD: 0.024225999999999998
DR: 0.744665
RR: 2.952264
DD: 0.023954
DR: 0.742138
RR: 2.948211
DD: 0.023993999999999998
DR: 0.740016
RR: 2.942147
DD: 0.024100999999999997
DR: 0.739981
RR: 2.933705
DD: 0.024012
DR: 0.739649
RR: 2.923619
DD: 0.023787
DR: 0.7382909999999999
RR: 2.916228
DD: 0.023923999999999997
DR: 0.7377560000000001
RR: 2.907993
DD: 0.024725999999999998
DR: 0.737657
RR: 2.905818
DD: 0.023857000000000017
DR: 0.7372700000000001
RR: 2.903881
DD: 0.023774999999999998
DR: 0.730784
RR: 2.907025
DD: 0.02395
DR: 0.737143
RR: 2.906148
saved to _G20.5_rmin0.001_rmax10.0_nbins30_zmin0.0zmax1.0_Lsplit4bin1_N50_Planck_MC_b0

Pixels masked by MC but not already by selfunc: 785
G20.5_zmin0.0zmax1.0_Lsplit4bin2: 0.01              80299 vs 81084
/home/groups/tabel/mahlet/quaia-env/lib/python3.10/site-packages/Corrfunc/utils.py:918: UserWarning: One or more input array has non-native endianness!  A copy will be made with the correct endianness.
  warnings.warn("One or more input array has non-native endianness!  A copy will"\
DD: 0.024177999999999998
DR: 0.7391380000000001
RR: 3.018197
DD: 0.024277999999999997
DR: 0.745536
RR: 3.008346
DD: 0.024252
DR: 0.742836
RR: 3.011091
DD: 0.024196
DR: 0.74063
RR: 3.013232
DD: 0.024415
DR: 0.742756
RR: 3.010594
DD: 0.024398
DR: 0.749052
RR: 3.018861
DD: 0.024409
DR: 0.7493639999999999
RR: 3.035778
DD: 0.024471
DR: 0.7511049999999999
RR: 3.045329
DD: 0.024475999999999998
DR: 0.751235
RR: 3.050146
DD: 0.02451
DR: 0.7509950000000001
RR: 3.055953
DD: 0.024499999999999997
DR: 0.753356
RR: 3.062606
DD: 0.024627
DR: 0.756071
RR: 3.074186
DD: 0.024685
DR: 0.75576
RR: 3.08155
DD: 0.024728999999999998
DR: 0.773607
RR: 3.085316
DD: 0.024777
DR: 0.764305
RR: 3.070384
DD: 0.024738
DR: 0.756314
RR: 3.062927
DD: 0.034043
DR: 0.751886
RR: 3.035753
DD: 0.024409
DR: 0.749368
RR: 3.02422
DD: 0.024449
DR: 0.749193
RR: 3.016669
DD: 0.024395999999999998
DR: 0.750388
RR: 3.013598
DD: 0.024265
DR: 0.741923
RR: 3.003189
DD: 0.024284999999999998
DR: 0.740235
RR: 2.9985
DD: 0.024267999999999998
DR: 0.745864
RR: 2.993093
DD: 0.024190999999999997
DR: 0.7438889999999999
RR: 2.993912
DD: 0.024215
DR: 0.743637
RR: 2.988351
DD: 0.024086
DR: 0.736046
RR: 2.991583
DD: 0.024270999999999997
DR: 0.740186
RR: 2.990487
DD: 0.024281999999999998
DR: 0.7435849999999999
RR: 2.991626
DD: 0.024217
DR: 0.741708
RR: 2.985159
DD: 0.024248
DR: 0.74269
RR: 2.988348
DD: 0.024253999999999998
DR: 0.744977
RR: 3.002523
DD: 0.024326999999999998
DR: 0.741488
RR: 3.013479
DD: 0.025214999999999998
DR: 0.748011
RR: 3.021347
DD: 0.024508
DR: 0.74814
RR: 3.023933
DD: 0.024503
DR: 0.747988
RR: 3.032975
DD: 0.024589999999999997
DR: 0.751058
RR: 3.039482
DD: 0.024615000000000054
DR: 0.749384
RR: 3.043522
DD: 0.024683
DR: 0.751274
RR: 3.051645
DD: 0.024652
DR: 0.755588
RR: 3.063548
DD: 0.024752999999999997
DR: 0.756146
RR: 3.072341
DD: 0.024863
DR: 0.757477
RR: 3.070727
DD: 0.024745999999999997
DR: 0.754963
RR: 3.069499
DD: 0.024607
DR: 0.75424
RR: 3.055748
DD: 0.024645999999999998
DR: 0.7490760000000001
RR: 3.0422
DD: 0.024503999999999998
DR: 0.751304
RR: 3.031133
DD: 0.024405
DR: 0.745993
RR: 3.010082
DD: 0.024352
DR: 0.745988
RR: 3.008264
DD: 0.024364
DR: 0.7459180000000001
RR: 3.002784
DD: 0.024353999999999997
DR: 0.739628
RR: 3.001889
DD: 0.024378
DR: 0.74577
RR: 3.004161
saved to _G20.5_rmin0.001_rmax10.0_nbins30_zmin0.0zmax1.0_Lsplit4bin2_N50_Planck_MC_b0

Pixels masked by MC but not already by selfunc: 706
G20.5_zmin0.0zmax1.0_Lsplit4bin3: 0.01              80378 vs 81084
/home/groups/tabel/mahlet/quaia-env/lib/python3.10/site-packages/Corrfunc/utils.py:918: UserWarning: One or more input array has non-native endianness!  A copy will be made with the correct endianness.
  warnings.warn("One or more input array has non-native endianness!  A copy will"\
DD: 0.027868999999999998
DR: 0.747765
RR: 3.023381
DD: 0.024544
DR: 0.7450380000000001
RR: 3.01996
DD: 0.024286
DR: 0.7480100000000001
RR: 3.023963
DD: 0.024388
DR: 0.747426
RR: 3.021993
DD: 0.024395999999999998
DR: 0.74773
RR: 3.029794
DD: 0.024416
DR: 0.7515299999999999
RR: 3.042117
DD: 0.024579999999999998
DR: 0.7527269999999999
RR: 3.052706
DD: 0.024631999999999998
DR: 0.753624
RR: 3.062277
DD: 0.024648999999999997
DR: 0.757154
RR: 3.068167
DD: 0.024648
DR: 0.756899
RR: 3.072427
DD: 0.024652999999999998
DR: 0.758199
RR: 3.079827
DD: 0.024777
DR: 0.7725339999999999
RR: 3.0904949999999998
DD: 0.02487
DR: 0.762598
RR: 3.098236
DD: 0.024776
DR: 0.761791
RR: 3.111225
DD: 0.033382
DR: 0.7616299999999999
RR: 3.101419
DD: 0.024828
DR: 0.7593289999999999
RR: 3.091014
DD: 0.024737
DR: 0.7533799999999999
RR: 3.064809
DD: 0.024555
DR: 0.7588039999999999
RR: 3.056061
DD: 0.024420999999999998
DR: 0.7502719999999999
RR: 3.043452
DD: 0.024488
DR: 0.748796
RR: 3.033149
DD: 0.024371
DR: 0.746193
RR: 3.028098
DD: 0.024484
DR: 0.746472
RR: 3.028372
DD: 0.024354999999999998
DR: 0.747224
RR: 3.024737
DD: 0.024332
DR: 0.746998
RR: 3.027801
DD: 0.024409
DR: 0.745421
RR: 3.022037
DD: 0.024274
DR: 0.746136
RR: 3.022208
DD: 0.024238000000000093
DR: 0.745715
RR: 3.017017
DD: 0.024291999999999998
DR: 0.747082
RR: 3.019209
DD: 0.024347999999999998
DR: 0.745044
RR: 3.020217
DD: 0.024339
DR: 0.74624
RR: 3.023995
DD: 0.024433999999999997
DR: 0.747949
RR: 3.030397
DD: 0.024472999999999998
DR: 0.7498199999999999
RR: 3.042051
DD: 0.024523
DR: 0.7499319999999999
RR: 3.054516
DD: 0.024529
DR: 0.7509899999999999
RR: 3.055392
DD: 0.02468
DR: 0.753336
RR: 3.06261
DD: 0.024693
DR: 0.756092
RR: 3.086231
DD: 0.025126
DR: 0.757385
RR: 3.082878
DD: 0.024766
DR: 0.759393
RR: 3.09479
DD: 0.024887
DR: 0.761003
RR: 3.101226
DD: 0.024912999999999998
DR: 0.762566
RR: 3.107586
DD: 0.024957
DR: 0.761895
RR: 3.113568
DD: 0.024867999999999998
DR: 0.76311
RR: 3.108956
DD: 0.024940999999999998
DR: 0.758515
RR: 3.089842
DD: 0.024672
DR: 0.7559400000000001
RR: 3.073629
DD: 0.024593
DR: 0.754847
RR: 3.063708
DD: 0.024408
DR: 0.751765
RR: 3.047983
DD: 0.024506999999999998
DR: 0.7496309999999999
RR: 3.044201
DD: 0.024464
DR: 0.749096
RR: 3.044118
DD: 0.025030999999999998
DR: 0.748989
RR: 3.037943
DD: 0.024446
DR: 0.746961
RR: 3.029206
saved to _G20.5_rmin0.001_rmax10.0_nbins30_zmin0.0zmax1.0_Lsplit4bin3_N50_Planck_MC_b0

Pixels masked by MC but not already by selfunc: 1790
G20.5_zmin1.0zmax2.0_Lsplit4bin0: 0.01              160259 vs 162049
/home/groups/tabel/mahlet/quaia-env/lib/python3.10/site-packages/Corrfunc/utils.py:918: UserWarning: One or more input array has non-native endianness!  A copy will be made with the correct endianness.
  warnings.warn("One or more input array has non-native endianness!  A copy will"\
DD: 0.052246
DR: 1.927084
RR: 10.657784
DD: 0.052518999999999996
DR: 1.924361
RR: 10.647022
DD: 0.060133
DR: 1.93135
RR: 10.662417
DD: 0.05261900000000008
DR: 1.926232
RR: 10.634256
DD: 0.052462999999999996
DR: 1.925271
RR: 10.624766
DD: 0.052458
DR: 1.920905
RR: 10.595342
DD: 0.052461
DR: 1.918401
RR: 10.57327
DD: 0.053300999999999994
DR: 1.923398
RR: 10.593763
DD: 0.052482
DR: 1.926929
RR: 10.641451
DD: 0.052913999999999996
DR: 1.939314
RR: 10.709645
DD: 0.052794999999999995
DR: 1.942073
RR: 10.72898
DD: 0.053128999999999996
DR: 1.944201
RR: 10.749909
DD: 0.052913999999999996
DR: 1.939945
RR: 10.766405
DD: 0.053453999999999995
DR: 1.942233
RR: 10.750056
DD: 0.052933999999999995
DR: 1.938209
RR: 10.734762
DD: 0.052683
DR: 1.927734
RR: 10.698867
DD: 0.052615999999999996
DR: 1.931328
RR: 10.675917
DD: 0.052689
DR: 1.931083
RR: 10.671408
DD: 0.052636999999999996
DR: 1.928966
RR: 10.65231
DD: 0.05306500000000003
DR: 1.925697
RR: 10.650157
DD: 0.05244
DR: 1.9499529999999998
RR: 10.630894
DD: 0.052315
DR: 1.921165
RR: 10.635448
DD: 0.052475999999999995
DR: 1.923974
RR: 10.636632
DD: 0.052629999999999996
DR: 1.922045
RR: 10.643868
DD: 0.052383
DR: 1.925559
RR: 10.653455
DD: 0.052301999999999994
DR: 1.9213
RR: 10.645563
DD: 0.052525999999999996
DR: 1.926194
RR: 10.653119
DD: 0.052377
DR: 1.9217629999999999
RR: 10.648228
DD: 0.052343999999999995
DR: 1.921907
RR: 10.652023
DD: 0.05238300000000007
DR: 1.926333
RR: 10.650452
DD: 0.052946
DR: 1.9218099999999998
RR: 10.641533
DD: 0.052315
DR: 1.919195
RR: 10.627907
DD: 0.052254999999999996
DR: 1.921788
RR: 10.629564
DD: 0.052483999999999996
DR: 1.91934
RR: 10.636535
DD: 0.05341
DR: 1.933471
RR: 10.704774
DD: 0.05282
DR: 1.93842
RR: 10.732839
DD: 0.052894
DR: 1.937805
RR: 10.756652
DD: 0.052960999999999994
DR: 1.938241
RR: 10.76408
DD: 0.053595
DR: 1.943948
RR: 10.772255
DD: 0.052945
DR: 1.943378
RR: 10.777676
DD: 0.052795999999999996
DR: 1.940515
RR: 10.773497
DD: 0.052726999999999996
DR: 1.931442
RR: 10.712159
DD: 0.052606
DR: 1.925997
RR: 10.683713000000001
DD: 0.052475
DR: 1.932011
RR: 10.655302
DD: 0.052608999999999996
DR: 1.925755
RR: 10.637582
DD: 0.052412
DR: 1.924086
RR: 10.654461
DD: 0.052554
DR: 1.920038
RR: 10.611717
DD: 0.052197999999999994
DR: 1.916919
RR: 10.604201
DD: 0.052204999999999994
DR: 1.922498
RR: 10.603528
DD: 0.052641999999999994
DR: 1.9370219999999998
RR: 10.631314
saved to _G20.5_rmin0.001_rmax10.0_nbins30_zmin1.0zmax2.0_Lsplit4bin0_N50_Planck_MC_b0

Pixels masked by MC but not already by selfunc: 1625
G20.5_zmin1.0zmax2.0_Lsplit4bin1: 0.01              160424 vs 162049
/home/groups/tabel/mahlet/quaia-env/lib/python3.10/site-packages/Corrfunc/utils.py:918: UserWarning: One or more input array has non-native endianness!  A copy will be made with the correct endianness.
  warnings.warn("One or more input array has non-native endianness!  A copy will"\
DD: 0.05397
DR: 1.978778
RR: 11.183616
DD: 0.054152
DR: 1.982555
RR: 11.183901
DD: 0.05407600000000001
DR: 1.987795
RR: 11.191761
DD: 0.053999
DR: 1.989858
RR: 11.179027
DD: 0.054039
DR: 1.977083
RR: 11.170007
DD: 0.054158
DR: 1.982832
RR: 11.194774
DD: 0.054231999999999995
DR: 1.986778
RR: 11.259922
DD: 0.054527
DR: 1.992366
RR: 11.305723
DD: 0.054613999999999996
DR: 1.999471
RR: 11.362849
DD: 0.054769
DR: 2.00699
RR: 11.372846
DD: 0.054597
DR: 2.005129
RR: 11.374102
DD: 0.054782
DR: 2.012703
RR: 11.415706
DD: 0.054823
DR: 2.011518
RR: 11.42916
DD: 0.054578999999999996
DR: 2.007614
RR: 11.409364
DD: 0.055254
DR: 2.007431
RR: 11.393124
DD: 0.054638
DR: 2.003334
RR: 11.360619
DD: 0.054558999999999996
DR: 1.993424
RR: 11.296618
DD: 0.054182999999999995
DR: 1.990793
RR: 11.250698
DD: 0.05432800000000004
DR: 2.006441
RR: 11.242789
DD: 0.054491
DR: 1.987211
RR: 11.218859
DD: 0.053874
DR: 1.980232
RR: 11.189351
DD: 0.053773999999999995
DR: 1.97608
RR: 11.165966
DD: 0.053732
DR: 1.975396
RR: 11.168226
DD: 0.053724
DR: 1.972
RR: 11.179023
DD: 0.054445999999999994
DR: 1.976763
RR: 11.176335
DD: 0.053606
DR: 1.992975
RR: 11.156835
DD: 0.053440999999999995
DR: 1.973078
RR: 11.156147
DD: 0.053774999999999996
DR: 1.972896
RR: 11.161494
DD: 0.053734
DR: 1.973656
RR: 11.161615
DD: 0.054587
DR: 1.980338
RR: 11.161206
DD: 0.053822999999999996
DR: 1.979638
RR: 11.215478
DD: 0.053864999999999996
DR: 1.981741
RR: 11.204493
DD: 0.053918
DR: 1.98352
RR: 11.252097
DD: 0.054036999999999995
DR: 1.988265
RR: 11.269989
DD: 0.054171
DR: 1.996998
RR: 11.317317
DD: 0.05439
DR: 2.00175
RR: 11.338726
DD: 0.05447500000000005
DR: 2.002448
RR: 11.357713
DD: 0.054617
DR: 2.002906
RR: 11.369327
DD: 0.054584
DR: 2.010773
RR: 11.413998
DD: 0.05479
DR: 2.017654
RR: 11.454242
DD: 0.054972999999999994
DR: 2.020975
RR: 11.43966
DD: 0.054664
DR: 2.012506
RR: 11.406322
DD: 0.054567
DR: 2.007379
RR: 11.361921
DD: 0.054287999999999996
DR: 1.998831
RR: 11.293365
DD: 0.05404
DR: 1.992034
RR: 11.257185
DD: 0.05463
DR: 1.991212
RR: 11.233762
DD: 0.055886
DR: 1.992019
RR: 11.210545
DD: 0.054120999999999996
DR: 1.999269
RR: 11.195593
DD: 0.054137
DR: 1.983934
RR: 11.188599
DD: 0.054008999999999995
DR: 1.97687
RR: 11.178911
saved to _G20.5_rmin0.001_rmax10.0_nbins30_zmin1.0zmax2.0_Lsplit4bin1_N50_Planck_MC_b0

Pixels masked by MC but not already by selfunc: 1472
G20.5_zmin1.0zmax2.0_Lsplit4bin2: 0.01              160577 vs 162049
/home/groups/tabel/mahlet/quaia-env/lib/python3.10/site-packages/Corrfunc/utils.py:918: UserWarning: One or more input array has non-native endianness!  A copy will be made with the correct endianness.
  warnings.warn("One or more input array has non-native endianness!  A copy will"\
DD: 0.056052
DR: 2.052762
RR: 11.99354
DD: 0.05602800000000008
DR: 2.05755
RR: 12.02771
DD: 0.056922
DR: 2.08232
RR: 12.018241
DD: 0.057631999999999996
DR: 2.064123
RR: 12.052722
DD: 0.057224
DR: 2.082011
RR: 12.061941
DD: 0.057671999999999994
DR: 2.075398
RR: 11.990848
DD: 0.057971999999999996
DR: 2.098562
RR: 12.188899
DD: 0.057728
DR: 2.101123
RR: 12.175642
DD: 0.057391
DR: 2.089596
RR: 12.184566
DD: 0.057541999999999996
DR: 2.086578
RR: 12.195716000000001
DD: 0.057394000000000056
DR: 2.088365
RR: 12.254554
DD: 0.057644
DR: 2.098649
RR: 12.336596
DD: 0.056665
DR: 2.097795
RR: 12.404245
DD: 0.056631
DR: 2.109183
RR: 12.491642
DD: 0.057000999999999996
DR: 2.104234
RR: 12.456471
DD: 0.057343
DR: 2.097476
RR: 12.389991
DD: 0.056206
DR: 2.083237
RR: 12.30471
DD: 0.055777
DR: 2.080393
RR: 12.233722
DD: 0.055873
DR: 2.069788
RR: 12.139741
DD: 0.056357
DR: 2.071489
RR: 12.08486
DD: 0.05638
DR: 2.060046
RR: 12.054046
DD: 0.056506
DR: 2.060528
RR: 12.035049
DD: 0.05629
DR: 2.056153
RR: 12.010514
DD: 0.05524
DR: 2.059341
RR: 12.01427
DD: 0.055126999999999995
DR: 2.048474
RR: 12.023239
DD: 0.056253
DR: 2.059665
RR: 12.030781
DD: 0.056209999999999996
DR: 2.05434
RR: 11.988997
DD: 0.055972999999999995
DR: 2.056556
RR: 11.995303
DD: 0.055213
DR: 2.059792
RR: 11.995952
DD: 0.055492
DR: 2.064022
RR: 12.023419
DD: 0.055373
DR: 2.060671
RR: 12.062633
DD: 0.056694999999999995
DR: 2.0785109999999998
RR: 12.116923
DD: 0.056379
DR: 2.076487
RR: 12.159689
DD: 0.056999999999999995
DR: 2.082062
RR: 12.194413
DD: 0.056069999999999995
DR: 2.085081
RR: 12.232179
DD: 0.056498
DR: 2.09023
RR: 12.264686
DD: 0.056129
DR: 2.099344
RR: 12.30852
DD: 0.05754999999999999
DR: 2.108902
RR: 12.356823
DD: 0.057163
DR: 2.11097
RR: 12.473562
DD: 0.05774
DR: 2.11593
RR: 12.898078
DD: 0.056714999999999995
DR: 2.114358
RR: 12.486463
DD: 0.056561999999999994
DR: 2.107047
RR: 12.424701
DD: 0.05704500000000001
DR: 2.103339
RR: 12.327312
DD: 0.056090999999999995
DR: 2.089982
RR: 12.263188
DD: 0.055841999999999996
DR: 2.079409
RR: 12.20698
DD: 0.055756999999999994
DR: 2.072292
RR: 12.143506
DD: 0.055465
DR: 2.073188
RR: 12.110772
DD: 0.056124
DR: 2.069618
RR: 12.079892
DD: 0.055702999999999996
DR: 2.059868
RR: 12.072229
DD: 0.056341999999999996
DR: 2.062733
RR: 12.03169
saved to _G20.5_rmin0.001_rmax10.0_nbins30_zmin1.0zmax2.0_Lsplit4bin2_N50_Planck_MC_b0

Pixels masked by MC but not already by selfunc: 1321
G20.5_zmin1.0zmax2.0_Lsplit4bin3: 0.01              160728 vs 162049
/home/groups/tabel/mahlet/quaia-env/lib/python3.10/site-packages/Corrfunc/utils.py:918: UserWarning: One or more input array has non-native endianness!  A copy will be made with the correct endianness.
  warnings.warn("One or more input array has non-native endianness!  A copy will"\
DD: 0.057772
DR: 2.143418
RR: 12.982403
DD: 0.058718
DR: 2.143564
RR: 12.922956
DD: 0.05864
DR: 2.1434990000000003
RR: 12.871816
DD: 0.057712
DR: 2.143937
RR: 12.892774
DD: 0.059047999999999996
DR: 2.154915
RR: 12.931117
DD: 0.058155
DR: 2.161896
RR: 12.995859
DD: 0.058262999999999995
DR: 2.163674
RR: 13.103007
DD: 0.059543
DR: 2.181372
RR: 13.139377
DD: 0.058553999999999995
DR: 2.179529
RR: 13.16587
DD: 0.060052999999999995
DR: 2.190793
RR: 13.231048
DD: 0.059735000000000094
DR: 2.202938
RR: 13.283486
DD: 0.060173
DR: 2.231879
RR: 13.372692
DD: 0.059289999999999995
DR: 2.231553
RR: 13.441064
DD: 0.060239999999999995
DR: 2.2051439999999998
RR: 13.410588
DD: 0.059266
DR: 2.230325
RR: 13.471702
DD: 0.059066999999999995
DR: 2.190534
RR: 13.336232
DD: 0.058844
DR: 2.196263
RR: 13.204081
DD: 0.059525999999999996
DR: 2.204634
RR: 13.164602
DD: 0.058287
DR: 2.170914
RR: 13.249367
DD: 0.057905
DR: 2.174706
RR: 12.985243
DD: 0.057759
DR: 2.146907
RR: 12.938676
DD: 0.057983
DR: 2.150198
RR: 12.889246
DD: 0.058289
DR: 2.155141
RR: 12.873313
DD: 0.057657
DR: 2.142535
RR: 12.858944
DD: 0.057524
DR: 2.139639
RR: 12.871384
DD: 0.05762
DR: 2.14535
RR: 12.889104
DD: 0.057242999999999995
DR: 2.145282
RR: 12.840499
DD: 0.05826
DR: 2.14156
RR: 12.876339
DD: 0.057531
DR: 2.1462849999999998
RR: 12.877403
DD: 0.057767
DR: 2.145575
RR: 12.86586
DD: 0.057906
DR: 2.161107
RR: 12.972733
DD: 0.058424
DR: 2.171583
RR: 13.06558
DD: 0.059877
DR: 2.209182
RR: 13.124386
DD: 0.058540999999999996
DR: 2.174716
RR: 13.164866
DD: 0.059696
DR: 2.205461
RR: 13.206981
DD: 0.05887
DR: 2.205812
RR: 13.293943
DD: 0.059985
DR: 2.215407
RR: 13.343818
DD: 0.060112
DR: 2.213366
RR: 13.400544
DD: 0.060405999999999994
DR: 2.220922
RR: 13.427557
DD: 0.060726999999999996
DR: 2.223988
RR: 13.44362
DD: 0.060051
DR: 2.2291819999999998
RR: 13.474904
DD: 0.061172
DR: 2.221831
RR: 13.614962
DD: 0.060138
DR: 2.245869
RR: 13.523652
DD: 0.059990999999999996
DR: 2.206316
RR: 13.39254
DD: 0.059931
DR: 2.199743
RR: 13.303473
DD: 0.059116999999999996
DR: 2.181449
RR: 13.211582
DD: 0.059586999999999994
DR: 2.183496
RR: 13.138694
DD: 0.059040999999999996
DR: 2.1693860000000003
RR: 13.057811
DD: 0.059087
DR: 2.167229
RR: 13.045423
DD: 0.057984999999999995
DR: 2.160996
RR: 13.037148
saved to _G20.5_rmin0.001_rmax10.0_nbins30_zmin1.0zmax2.0_Lsplit4bin3_N50_Planck_MC_b0

Pixels masked by MC but not already by selfunc: 968
G20.5_zmin2.0zmax3.0_Lsplit4bin0: 0.01              70659 vs 71627
/home/groups/tabel/mahlet/quaia-env/lib/python3.10/site-packages/Corrfunc/utils.py:918: UserWarning: One or more input array has non-native endianness!  A copy will be made with the correct endianness.
  warnings.warn("One or more input array has non-native endianness!  A copy will"\
DD: 0.021530999999999998
DR: 0.6096509999999999
RR: 2.287311
DD: 0.020763999999999998
DR: 0.608613
RR: 2.297682
DD: 0.020588
DR: 0.605178
RR: 2.290455
DD: 0.020938
DR: 0.599223
RR: 2.274434
DD: 0.020943
DR: 0.601556
RR: 2.277881
DD: 0.020683
DR: 0.597449
RR: 2.282194
DD: 0.02079
DR: 0.59592
RR: 2.272559
DD: 0.020985999999999998
DR: 0.596957
RR: 2.275725
DD: 0.020943999999999997
DR: 0.599545
RR: 2.286275
DD: 0.02087
DR: 0.6002419999999999
RR: 2.298004
DD: 0.020908
DR: 0.598615
RR: 2.297643
DD: 0.021137
DR: 0.602354
RR: 2.302877
DD: 0.021276
DR: 0.601565
RR: 2.302981
DD: 0.021193999999999998
DR: 0.600678
RR: 2.301735
DD: 0.021100999999999998
DR: 0.600608
RR: 2.318129
DD: 0.021533999999999998
DR: 0.599232
RR: 2.2964130000000003
DD: 0.021152999999999998
DR: 0.598925
RR: 2.2923999999999998
DD: 0.021086
DR: 0.6077440000000001
RR: 2.296431
DD: 0.021504
DR: 0.608212
RR: 2.295385
DD: 0.021193999999999998
DR: 0.600436
RR: 2.286724
DD: 0.021082999999999998
DR: 0.600912
RR: 2.285634
DD: 0.0215
DR: 0.608484
RR: 2.29462
DD: 0.021394999999999997
DR: 0.609104
RR: 2.29054
DD: 0.02145
DR: 0.604684
RR: 2.289704
DD: 0.021365
DR: 0.605525
RR: 2.295264
DD: 0.021463
DR: 0.6076680000000001
RR: 2.287906
DD: 0.021218
DR: 0.604159
RR: 2.284816
DD: 0.020515
DR: 0.594671
RR: 2.281523
DD: 0.021078
DR: 0.5945670000000001
RR: 2.282664
DD: 0.02102500000000007
DR: 0.595156
RR: 2.283087
DD: 0.021529
DR: 0.601718
RR: 2.27904
DD: 0.020672
DR: 0.596379
RR: 2.283352
DD: 0.02114
DR: 0.5960989999999999
RR: 2.377516
DD: 0.032549
DR: 0.6198699999999999
RR: 2.402069
DD: 0.032168999999999996
DR: 0.620772
RR: 2.41844
DD: 0.031928
DR: 0.626305
RR: 2.424952
DD: 0.031943
DR: 0.602586
RR: 2.311311
DD: 0.021027
DR: 0.601838
RR: 2.303493
DD: 0.021105
DR: 0.6021909999999999
RR: 2.2987130000000002
DD: 0.021418
DR: 0.604545
RR: 2.299963
DD: 0.021332999999999998
DR: 0.601118
RR: 2.298296
DD: 0.020981
DR: 0.599168
RR: 2.287438
DD: 0.02105
DR: 0.597921
RR: 2.282901
DD: 0.0211
DR: 0.5967979999999999
RR: 2.279928
DD: 0.020811
DR: 0.59639
RR: 2.271958
DD: 0.020732
DR: 0.597877
RR: 2.274266
DD: 0.021174
DR: 0.5948749999999999
RR: 2.27139
DD: 0.020672
DR: 0.5952069999999999
RR: 2.267479
DD: 0.020818
DR: 0.594971
RR: 2.264764
DD: 0.021057
DR: 0.5951230000000001
RR: 2.268349
saved to _G20.5_rmin0.001_rmax10.0_nbins30_zmin2.0zmax3.0_Lsplit4bin0_N50_Planck_MC_b0

Pixels masked by MC but not already by selfunc: 912
G20.5_zmin2.0zmax3.0_Lsplit4bin1: 0.01              70715 vs 71627
/home/groups/tabel/mahlet/quaia-env/lib/python3.10/site-packages/Corrfunc/utils.py:918: UserWarning: One or more input array has non-native endianness!  A copy will be made with the correct endianness.
  warnings.warn("One or more input array has non-native endianness!  A copy will"\
DD: 0.021238999999999997
DR: 0.606875
RR: 2.331058
DD: 0.021086999999999998
DR: 0.606523
RR: 2.332619
DD: 0.021234
DR: 0.606841
RR: 2.334957
DD: 0.0215
DR: 0.6077790000000001
RR: 2.332185
DD: 0.021233
DR: 0.6089249999999999
RR: 2.3369020000000003
DD: 0.021396
DR: 0.6088020000000001
RR: 2.341934
DD: 0.021499
DR: 0.6085240000000001
RR: 2.349024
DD: 0.021619
DR: 0.613046
RR: 2.355468
DD: 0.021619
DR: 0.612345
RR: 2.36421
DD: 0.021612
DR: 0.611614
RR: 2.366506
DD: 0.022234
DR: 0.6170910000000001
RR: 2.3686439999999997
DD: 0.021828
DR: 0.614445
RR: 2.376314
DD: 0.021894
DR: 0.614715
RR: 2.377811
DD: 0.021849
DR: 0.61548
RR: 2.376844
DD: 0.021266
DR: 0.613301
RR: 2.371912
DD: 0.021752
DR: 0.614715
RR: 2.363172
DD: 0.021637
DR: 0.615073
RR: 2.3754939999999998
DD: 0.021167
DR: 0.617452
RR: 2.37289
DD: 0.020919999999999998
DR: 0.6262719999999999
RR: 2.389732
DD: 0.021283999999999997
DR: 0.615875
RR: 2.363337
DD: 0.021556
DR: 0.615763
RR: 2.336211
DD: 0.020886
DR: 0.606789
RR: 2.337708
DD: 0.021157
DR: 0.604198
RR: 2.34565
DD: 0.021054999999999997
DR: 0.605478
RR: 2.345941
DD: 0.020801999999999998
DR: 0.605611
RR: 2.340493
DD: 0.021764
DR: 0.608893
RR: 2.343002
DD: 0.021046
DR: 0.605119
RR: 2.343006
DD: 0.020921
DR: 0.604418
RR: 2.344515
DD: 0.020895999999999998
DR: 0.604879
RR: 2.335929
DD: 0.020928
DR: 0.603836
RR: 2.3365400000000003
DD: 0.021018
DR: 0.607994
RR: 2.338775
DD: 0.020954
DR: 0.605765
RR: 2.341181
DD: 0.021204
DR: 0.606029
RR: 2.350351
DD: 0.021231999999999997
DR: 0.610585
RR: 2.355328
DD: 0.021131999999999998
DR: 0.60975
RR: 2.3596399999999997
DD: 0.021322999999999998
DR: 0.6100190000000001
RR: 2.367077
DD: 0.021353
DR: 0.6108509999999999
RR: 2.368422
DD: 0.021678
DR: 0.612556
RR: 2.383113
DD: 0.021792
DR: 0.614463
RR: 2.397093
DD: 0.021717
DR: 0.615865
RR: 2.394236
DD: 0.022004
DR: 0.6193409999999999
RR: 2.387961
DD: 0.021537999999999998
DR: 0.612634
RR: 2.388404
DD: 0.021485
DR: 0.61192
RR: 2.37745
DD: 0.021016999999999997
DR: 0.6115389999999999
RR: 2.363516
DD: 0.021237
DR: 0.606406
RR: 2.3532669999999998
DD: 0.021189
DR: 0.611258
RR: 2.348501
DD: 0.020855
DR: 0.607178
RR: 2.344097
DD: 0.021151
DR: 0.6061219999999999
RR: 2.34375
DD: 0.021158
DR: 0.6065929999999999
RR: 2.340028
DD: 0.020723
DR: 0.6055769999999999
RR: 2.335933
saved to _G20.5_rmin0.001_rmax10.0_nbins30_zmin2.0zmax3.0_Lsplit4bin1_N50_Planck_MC_b0

Pixels masked by MC but not already by selfunc: 897
G20.5_zmin2.0zmax3.0_Lsplit4bin2: 0.01              70730 vs 71627
/home/groups/tabel/mahlet/quaia-env/lib/python3.10/site-packages/Corrfunc/utils.py:918: UserWarning: One or more input array has non-native endianness!  A copy will be made with the correct endianness.
  warnings.warn("One or more input array has non-native endianness!  A copy will"\
DD: 0.021603999999999998
DR: 0.638784
RR: 2.414316
DD: 0.021634
DR: 0.636795
RR: 2.405845
DD: 0.021217
DR: 0.637129
RR: 2.408531
DD: 0.021634
DR: 0.6382460000000001
RR: 2.410412
DD: 0.022862999999999998
DR: 0.643175
RR: 2.417213
DD: 0.02156
DR: 0.642255
RR: 2.42179
DD: 0.021946
DR: 0.6434759999999999
RR: 2.433274
DD: 0.021648
DR: 0.644111
RR: 2.446538
DD: 0.021668
DR: 0.645614
RR: 2.4523580000000003
DD: 0.02173
DR: 0.646469
RR: 2.449764
DD: 0.021664
DR: 0.648647
RR: 2.455145
DD: 0.02205
DR: 0.650643
RR: 2.460952
DD: 0.02221
DR: 0.65332
RR: 2.467631
DD: 0.021855
DR: 0.652488
RR: 2.47201
DD: 0.022078999999999998
DR: 0.650614
RR: 2.47272
DD: 0.022942
DR: 0.649978
RR: 2.46106
DD: 0.022182
DR: 0.646225
RR: 2.442921
DD: 0.021571
DR: 0.64218
RR: 2.433532
DD: 0.021693
DR: 0.6402599999999999
RR: 2.426988
DD: 0.021758
DR: 0.640766
RR: 2.420189
DD: 0.021238999999999997
DR: 0.639892
RR: 2.428476
DD: 0.021455
DR: 0.640319
RR: 2.425116
DD: 0.021620999999999998
DR: 0.639483
RR: 2.427409
DD: 0.021623999999999997
DR: 0.6376280000000001
RR: 2.410566
DD: 0.020984
DR: 0.637648
RR: 2.412745
DD: 0.021515
DR: 0.635351
RR: 2.406564
DD: 0.021516999999999998
DR: 0.635362
RR: 2.404296
DD: 0.021107
DR: 0.635478
RR: 2.4079040000000003
DD: 0.021481999999999998
DR: 0.634487
RR: 2.406183
DD: 0.021398999999999998
DR: 0.635553
RR: 2.4170350000000003
DD: 0.021664
DR: 0.6361730000000001
RR: 2.41517
DD: 0.02256
DR: 0.636448
RR: 2.4203
DD: 0.021879
DR: 0.638151
RR: 2.424992
DD: 0.021837
DR: 0.638482
RR: 2.43116
DD: 0.021467999999999998
DR: 0.639527
RR: 2.435263
DD: 0.021547
DR: 0.643645
RR: 2.447757
DD: 0.022033999999999998
DR: 0.643846
RR: 2.457283
DD: 0.022037000000000084
DR: 0.6462600000000001
RR: 2.467364
DD: 0.022181
DR: 0.647783
RR: 2.471156
DD: 0.022029999999999998
DR: 0.649352
RR: 2.477656
DD: 0.022004
DR: 0.64862
RR: 2.479781
DD: 0.022135
DR: 0.649343
RR: 2.472969
DD: 0.021529
DR: 0.6450549999999999
RR: 2.467468
DD: 0.021811999999999998
DR: 0.64247
RR: 2.45476
DD: 0.0218
DR: 0.6433059999999999
RR: 2.440108
DD: 0.021536
DR: 0.6386510000000001
RR: 2.428471
DD: 0.022508999999999998
DR: 0.642547
RR: 2.4269920000000003
DD: 0.021314
DR: 0.6372230000000001
RR: 2.424077
DD: 0.021519
DR: 0.636531
RR: 2.4178
DD: 0.021432
DR: 0.634337
RR: 2.413397
saved to _G20.5_rmin0.001_rmax10.0_nbins30_zmin2.0zmax3.0_Lsplit4bin2_N50_Planck_MC_b0

Pixels masked by MC but not already by selfunc: 799
G20.5_zmin2.0zmax3.0_Lsplit4bin3: 0.01              70828 vs 71627
/home/groups/tabel/mahlet/quaia-env/lib/python3.10/site-packages/Corrfunc/utils.py:918: UserWarning: One or more input array has non-native endianness!  A copy will be made with the correct endianness.
  warnings.warn("One or more input array has non-native endianness!  A copy will"\
DD: 0.02241
DR: 0.650555
RR: 2.539922
DD: 0.022229
DR: 0.6395550000000001
RR: 2.536563
DD: 0.022104
DR: 0.6450640000000001
RR: 2.539716
DD: 0.022369999999999998
DR: 0.642035
RR: 2.5404970000000002
DD: 0.022289999999999997
DR: 0.643778
RR: 2.543787
DD: 0.022272999999999998
DR: 0.6461600000000001
RR: 2.557312
DD: 0.022785
DR: 0.649586
RR: 2.570715
DD: 0.022893
DR: 0.65045
RR: 2.576578
DD: 0.022706
DR: 0.648643
RR: 2.5742089999999997
DD: 0.022713
DR: 0.649455
RR: 2.586705
DD: 0.022928
DR: 0.6525730000000001
RR: 2.594075
DD: 0.022881
DR: 0.6529929999999999
RR: 2.607932
DD: 0.022597
DR: 0.654362
RR: 2.613743
DD: 0.022638
DR: 0.657505
RR: 2.626877
DD: 0.022992
DR: 0.669451
RR: 2.636677
DD: 0.023115
DR: 0.6671830000000001
RR: 2.621719
DD: 0.022886999999999998
DR: 0.657152
RR: 2.608202
DD: 0.023059
DR: 0.651903
RR: 2.590641
DD: 0.022809
DR: 0.645869
RR: 2.576896
DD: 0.022463999999999998
DR: 0.643099
RR: 2.5587590000000002
DD: 0.022053
DR: 0.643377
RR: 2.553905
DD: 0.022498999999999998
DR: 0.643608
RR: 2.544343
DD: 0.022272999999999998
DR: 0.638796
RR: 2.548113
DD: 0.02188
DR: 0.6394470000000001
RR: 2.541829
DD: 0.022341999999999997
DR: 0.638253
RR: 2.541928
DD: 0.022307
DR: 0.638598
RR: 2.545872
DD: 0.022536999999999998
DR: 0.638853
RR: 2.540609
DD: 0.021779
DR: 0.636353
RR: 2.52805
DD: 0.022355999999999997
DR: 0.6373800000000001
RR: 2.528938
DD: 0.022262
DR: 0.6401600000000001
RR: 2.534913
DD: 0.022031
DR: 0.6419410000000001
RR: 2.551939
DD: 0.023292999999999998
DR: 0.6459389999999999
RR: 2.557368
DD: 0.022622999999999997
DR: 0.648687
RR: 2.570041
DD: 0.022713
DR: 0.648677
RR: 2.571424
DD: 0.022439
DR: 0.6482060000000001
RR: 2.578985
DD: 0.023073
DR: 0.650258
RR: 2.5887919999999998
DD: 0.022876
DR: 0.6525679999999999
RR: 2.600318
DD: 0.022599000000000036
DR: 0.653981
RR: 2.62672
DD: 0.023049
DR: 0.66091
RR: 2.640946
DD: 0.023018999999999998
DR: 0.6700269999999999
RR: 2.646528
DD: 0.023079
DR: 0.670547
RR: 2.640032
DD: 0.022708
DR: 0.670992
RR: 2.631697
DD: 0.022865999999999997
DR: 0.6660849999999999
RR: 2.619275
DD: 0.022817999999999998
DR: 0.654487
RR: 2.611549
DD: 0.022761999999999998
DR: 0.6511899999999999
RR: 2.600788
DD: 0.02343
DR: 0.650992
RR: 2.580038
DD: 0.022586
DR: 0.646285
RR: 2.571144
DD: 0.022116999999999998
DR: 0.642956
RR: 2.559005
DD: 0.022543999999999998
DR: 0.6427350000000001
RR: 2.554078
DD: 0.022296
DR: 0.6417790000000001
RR: 2.542455
saved to _G20.5_rmin0.001_rmax10.0_nbins30_zmin2.0zmax3.0_Lsplit4bin3_N50_Planck_MC_b0

Pixels masked by MC but not already by selfunc: 112
G20.5_zmin3.0zmax4.6_Lsplit4bin0: 0.01              9003 vs 9115
/home/groups/tabel/mahlet/quaia-env/lib/python3.10/site-packages/Corrfunc/utils.py:918: UserWarning: One or more input array has non-native endianness!  A copy will be made with the correct endianness.
  warnings.warn("One or more input array has non-native endianness!  A copy will"\
DD: 0.005164
DR: 0.056914
RR: 0.091204
DD: 0.005475
DR: 0.055927
RR: 0.090748
DD: 0.0054069999999999995
DR: 0.055277
RR: 0.09096699999999999
DD: 0.005423
DR: 0.055265999999999996
RR: 0.090517
DD: 0.005418
DR: 0.055089
RR: 0.090463
DD: 0.0054329999999999995
DR: 0.054976
RR: 0.09054
DD: 0.005399999999999999
DR: 0.055116
RR: 0.090543
DD: 0.005418
DR: 0.055317
RR: 0.090528
DD: 0.00546
DR: 0.055233
RR: 0.090903
DD: 0.005435
DR: 0.055803
RR: 0.091211
DD: 0.005431999999999999
DR: 0.055522999999999996
RR: 0.091222
DD: 0.0054529999999999995
DR: 0.055555999999999994
RR: 0.09128
DD: 0.005436
DR: 0.055471
RR: 0.090999
DD: 0.005476
DR: 0.0554
RR: 0.09090799999999999
DD: 0.005391
DR: 0.055396
RR: 0.090608
DD: 0.005442
DR: 0.055269
RR: 0.09071399999999999
DD: 0.005399999999999999
DR: 0.055103
RR: 0.09061799999999999
DD: 0.005392
DR: 0.05506500000000003
RR: 0.09046499999999999
DD: 0.005436
DR: 0.055472999999999995
RR: 0.090719
DD: 0.0054199999999999995
DR: 0.055216999999999995
RR: 0.090669
DD: 0.005424
DR: 0.055345
RR: 0.09085900000000002
DD: 0.00546
DR: 0.055323
RR: 0.090516
DD: 0.005383
DR: 0.055195999999999995
RR: 0.090726
DD: 0.005412
DR: 0.055205
RR: 0.090931
DD: 0.005383
DR: 0.055213
RR: 0.09027099999999999
DD: 0.005378
DR: 0.05518
RR: 0.09027099999999999
DD: 0.005391
DR: 0.055179
RR: 0.090637
DD: 0.005395
DR: 0.055116
RR: 0.09071699999999999
DD: 0.005424
DR: 0.055178
RR: 0.090408
DD: 0.005379999999999999
DR: 0.055189999999999996
RR: 0.090539
DD: 0.005384
DR: 0.055147999999999996
RR: 0.090584
DD: 0.005384
DR: 0.055142
RR: 0.090366
DD: 0.005392
DR: 0.05491
RR: 0.09045399999999999
DD: 0.005365
DR: 0.055139
RR: 0.090705
DD: 0.0053879999999999996
DR: 0.055297
RR: 0.090872
DD: 0.005429
DR: 0.055550999999999996
RR: 0.09105099999999999
DD: 0.005339
DR: 0.055507999999999995
RR: 0.091017
DD: 0.0054459999999999995
DR: 0.055224999999999996
RR: 0.091251
DD: 0.005362
DR: 0.055909999999999994
RR: 0.09128800000000004
DD: 0.00548
DR: 0.055555
RR: 0.091065
DD: 0.005396
DR: 0.055452999999999995
RR: 0.09115799999999999
DD: 0.0054399999999999995
DR: 0.055449
RR: 0.091046
DD: 0.0053739999999999994
DR: 0.05551400000000006
RR: 0.09099199999999999
DD: 0.005464
DR: 0.055372
RR: 0.09106099999999999
DD: 0.0054329999999999995
DR: 0.055473999999999996
RR: 0.09078
DD: 0.005372
DR: 0.055393
RR: 0.090611
DD: 0.005454
DR: 0.055372
RR: 0.09058
DD: 0.0054459999999999995
DR: 0.055339
RR: 0.090707
DD: 0.005434
DR: 0.055222999999999994
RR: 0.09069999999999999
DD: 0.005384
DR: 0.055354
RR: 0.09053
saved to _G20.5_rmin0.001_rmax10.0_nbins30_zmin3.0zmax4.6_Lsplit4bin0_N50_Planck_MC_b0

Random catalog is not computed, do not use output
Pixels masked by MC but not already by selfunc: 109
G20.5_zmin3.0zmax4.6_Lsplit4bin1: 0.01              9005 vs 9114
/home/groups/tabel/mahlet/quaia-env/lib/python3.10/site-packages/Corrfunc/utils.py:918: UserWarning: One or more input array has non-native endianness!  A copy will be made with the correct endianness.
  warnings.warn("One or more input array has non-native endianness!  A copy will"\
DD: 0.004945
DR: 0.010733
RR: 0.005913
DD: 0.006261
DR: 0.011602999999999999
RR: 0.005987999999999999
DD: 0.0062309999999999996
DR: 0.011604999999999999
RR: 0.00596
DD: 0.006209
DR: 0.011476
RR: 0.006012
DD: 0.0062109999999999995
DR: 0.011542
RR: 0.005980999999999999
DD: 0.0062439999999999996
DR: 0.01158
RR: 0.0059689999999999995
DD: 0.006209999999999999
DR: 0.011576
RR: 0.0059299999999999995
DD: 0.0062239999999999995
DR: 0.011588
RR: 0.00598
DD: 0.006271
DR: 0.011731
RR: 0.005986
DD: 0.0062569999999999995
DR: 0.011767
RR: 0.005987999999999999
DD: 0.0062829999999999995
DR: 0.011646
RR: 0.006013
DD: 0.006285
DR: 0.011682999999999999
RR: 0.00599
DD: 0.006312
DR: 0.011647999999999999
RR: 0.006
DD: 0.006292
DR: 0.011680999999999999
RR: 0.00598
DD: 0.006258
DR: 0.011738
RR: 0.005974
DD: 0.006297
DR: 0.011734
RR: 0.0059689999999999995
DD: 0.006268
DR: 0.011719
RR: 0.00597
DD: 0.006259
DR: 0.011602999999999999
RR: 0.005997
DD: 0.00622
DR: 0.011575000000000002
RR: 0.0059689999999999995
DD: 0.00618
DR: 0.01159
RR: 0.005952
DD: 0.006274
DR: 0.011538999999999999
RR: 0.0059629999999999996
DD: 0.0062169999999999994
DR: 0.011578999999999999
RR: 0.005867
DD: 0.006201
DR: 0.011573
RR: 0.005912
DD: 0.0061979999999999995
DR: 0.011626
RR: 0.005959
DD: 0.006167
DR: 0.011377
RR: 0.005944
DD: 0.006144
DR: 0.011443
RR: 0.005921
DD: 0.0062369999999999995
DR: 0.011533
RR: 0.005961
DD: 0.006253
DR: 0.0116
RR: 0.005999
DD: 0.006195
DR: 0.011504
RR: 0.005954
DD: 0.0062039999999999994
DR: 0.011562999999999999
RR: 0.005954
DD: 0.006222999999999999
DR: 0.011594
RR: 0.005954
DD: 0.006253
DR: 0.011556
RR: 0.005965
DD: 0.006205
DR: 0.011524999999999999
RR: 0.005945
DD: 0.006229999999999999
DR: 0.011575
RR: 0.005948999999999999
DD: 0.006259
DR: 0.011564
RR: 0.005987
DD: 0.006258
DR: 0.01158
RR: 0.0059629999999999996
DD: 0.006261999999999999
DR: 0.011656
RR: 0.005974999999999999
DD: 0.006278
DR: 0.011713
RR: 0.005998
DD: 0.0063019999999999994
DR: 0.011656
RR: 0.006000999999999999
DD: 0.006268999999999999
DR: 0.011743
RR: 0.005947
DD: 0.006298
DR: 0.011666
RR: 0.006063
DD: 0.006359999999999999
DR: 0.011646
RR: 0.00601
DD: 0.006279
DR: 0.011561
RR: 0.005972
DD: 0.006258
DR: 0.011656
RR: 0.005952
DD: 0.006219
DR: 0.011633
RR: 0.005951
DD: 0.006196
DR: 0.011531999999999999
RR: 0.005987
DD: 0.0061979999999999995
DR: 0.011525000000000007
RR: 0.005967
DD: 0.006176999999999999
DR: 0.01147
RR: 0.005946
DD: 0.006222999999999999
DR: 0.011592
RR: 0.005902999999999999
DD: 0.006098
DR: 0.01141
RR: 0.005847
/oak/stanford/orgs/kipac/users/mahlet/quaia_bias/scripts/jackknife.py:226: RuntimeWarning: Mean of empty slice
  cf_mean = np.nanmean(cf_jackknife, axis = 0)  # is it ok to ignore nan values?
saved to _G20.5_rmin0.001_rmax10.0_nbins30_zmin3.0zmax4.6_Lsplit4bin1_N50_Planck_MC_b0

Random catalog is not computed, do not use output
Pixels masked by MC but not already by selfunc: 92
G20.5_zmin3.0zmax4.6_Lsplit4bin2: 0.01              9022 vs 9114
/home/groups/tabel/mahlet/quaia-env/lib/python3.10/site-packages/Corrfunc/utils.py:918: UserWarning: One or more input array has non-native endianness!  A copy will be made with the correct endianness.
  warnings.warn("One or more input array has non-native endianness!  A copy will"\
DD: 0.004804
DR: 0.010407
RR: 0.005738999999999999
DD: 0.006042
DR: 0.011252999999999999
RR: 0.005777
DD: 0.005998
DR: 0.011224999999999999
RR: 0.005751
DD: 0.006017
DR: 0.011234
RR: 0.005763
DD: 0.00605
DR: 0.01121
RR: 0.005758
DD: 0.006032999999999999
DR: 0.011231
RR: 0.005751
DD: 0.00607
DR: 0.01124
RR: 0.005763
DD: 0.006046999999999999
DR: 0.011257999999999999
RR: 0.005774
DD: 0.006077
DR: 0.011323999999999999
RR: 0.005813
DD: 0.006059999999999999
DR: 0.011281999999999999
RR: 0.005775
DD: 0.006104
DR: 0.011316999999999999
RR: 0.005817999999999999
DD: 0.006122
DR: 0.011293
RR: 0.005816
DD: 0.0061389999999999995
DR: 0.011269
RR: 0.005791999999999999
DD: 0.006102
DR: 0.011281
RR: 0.005843999999999999
DD: 0.006108
DR: 0.01132
RR: 0.005835
DD: 0.006055
DR: 0.011456
RR: 0.005826
DD: 0.006037
DR: 0.011276999999999999
RR: 0.005754
DD: 0.006091999999999999
DR: 0.011273
RR: 0.005775
DD: 0.006029
DR: 0.011184999999999999
RR: 0.005731
DD: 0.006058
DR: 0.011243000000000003
RR: 0.005783
DD: 0.006038
DR: 0.011278
RR: 0.005732999999999999
DD: 0.005993
DR: 0.011243999999999999
RR: 0.005725999999999999
DD: 0.005992
DR: 0.011231999999999999
RR: 0.005752
DD: 0.006038
DR: 0.011210999999999999
RR: 0.0057859999999999995
DD: 0.006003
DR: 0.011197
RR: 0.005686
DD: 0.005987
DR: 0.011165999999999999
RR: 0.005698
DD: 0.00603
DR: 0.011227
RR: 0.0057599999999999995
DD: 0.005996
DR: 0.011202
RR: 0.005745
DD: 0.006042
DR: 0.011293
RR: 0.005755
DD: 0.005985
DR: 0.011231999999999999
RR: 0.005751
DD: 0.006081
DR: 0.011294
RR: 0.005829
DD: 0.006006
DR: 0.011262
RR: 0.00571
DD: 0.0060479999999999996
DR: 0.011172
RR: 0.005749
DD: 0.006064
DR: 0.01126
RR: 0.0057859999999999995
DD: 0.006088
DR: 0.01128
RR: 0.005817999999999999
DD: 0.006104
DR: 0.011326
RR: 0.005795
DD: 0.006124999999999999
DR: 0.011399999999999999
RR: 0.005801
DD: 0.006163
DR: 0.011271
RR: 0.005778999999999999
DD: 0.006176
DR: 0.011295
RR: 0.005835
DD: 0.006078999999999999
DR: 0.011346
RR: 0.005816
DD: 0.006104
DR: 0.011342999999999999
RR: 0.005836999999999999
DD: 0.006089
DR: 0.011365
RR: 0.0058249999999999994
DD: 0.006026999999999999
DR: 0.011356999999999999
RR: 0.005814
DD: 0.006046
DR: 0.011389
RR: 0.005782
DD: 0.006057
DR: 0.011189
RR: 0.005769
DD: 0.006051
DR: 0.011283
RR: 0.005738999999999999
DD: 0.006018
DR: 0.011264
RR: 0.005758999999999999
DD: 0.006026
DR: 0.011269999999999999
RR: 0.005729000000000095
DD: 0.006031
DR: 0.011276999999999999
RR: 0.0057399999999999994
DD: 0.0059559999999999995
DR: 0.011073
RR: 0.005686999999999999
/oak/stanford/orgs/kipac/users/mahlet/quaia_bias/scripts/jackknife.py:226: RuntimeWarning: Mean of empty slice
  cf_mean = np.nanmean(cf_jackknife, axis = 0)  # is it ok to ignore nan values?
saved to _G20.5_rmin0.001_rmax10.0_nbins30_zmin3.0zmax4.6_Lsplit4bin2_N50_Planck_MC_b0

Pixels masked by MC but not already by selfunc: 73
G20.5_zmin3.0zmax4.6_Lsplit4bin3: 0.01              9042 vs 9115
/home/groups/tabel/mahlet/quaia-env/lib/python3.10/site-packages/Corrfunc/utils.py:918: UserWarning: One or more input array has non-native endianness!  A copy will be made with the correct endianness.
  warnings.warn("One or more input array has non-native endianness!  A copy will"\
DD: 0.004587
DR: 0.054837
RR: 0.09084199999999999
DD: 0.00484
DR: 0.054812
RR: 0.090804
DD: 0.00482
DR: 0.054875
RR: 0.091016
DD: 0.004837
DR: 0.054904999999999995
RR: 0.09091099999999999
DD: 0.00482
DR: 0.054953999999999996
RR: 0.09111899999999999
DD: 0.00484
DR: 0.055042999999999995
RR: 0.091042
DD: 0.004859
DR: 0.055088
RR: 0.091239
DD: 0.00487
DR: 0.055089
RR: 0.09114699999999999
DD: 0.004835
DR: 0.055179
RR: 0.091237
DD: 0.004855
DR: 0.055177
RR: 0.09156
DD: 0.004876999999999999
DR: 0.055165
RR: 0.09191500000000008
DD: 0.004927
DR: 0.055182999999999996
RR: 0.09154899999999999
DD: 0.0049169999999999995
DR: 0.055269
RR: 0.091795
DD: 0.004967
DR: 0.05536
RR: 0.091857
DD: 0.004935999999999999
DR: 0.05540200000000006
RR: 0.09179799999999999
DD: 0.004901
DR: 0.055217999999999996
RR: 0.09143899999999999
DD: 0.004823
DR: 0.055049
RR: 0.09149299999999999
DD: 0.004778999999999999
DR: 0.055082
RR: 0.09139700000000006
DD: 0.004774
DR: 0.054787999999999996
RR: 0.091294
DD: 0.004829
DR: 0.054742
RR: 0.090915
DD: 0.004807
DR: 0.054896999999999994
RR: 0.090959
DD: 0.004849
DR: 0.054708
RR: 0.090738
DD: 0.0048579999999999995
DR: 0.054653
RR: 0.090817
DD: 0.004887
DR: 0.054743999999999994
RR: 0.090907
DD: 0.004795
DR: 0.054737
RR: 0.09063099999999999
DD: 0.004804999999999999
DR: 0.054529999999999995
RR: 0.09070099999999999
DD: 0.004803
DR: 0.054631
RR: 0.09084099999999999
DD: 0.0048119999999999994
DR: 0.054713
RR: 0.090752
DD: 0.004829
DR: 0.05474
RR: 0.09070200000000006
DD: 0.00482
DR: 0.054787999999999996
RR: 0.090849
DD: 0.004784
DR: 0.054687
RR: 0.091073
DD: 0.004837999999999999
DR: 0.055031
RR: 0.091039
DD: 0.0048259999999999996
DR: 0.05484600000000006
RR: 0.09108999999999999
DD: 0.004856
DR: 0.055095
RR: 0.091196
DD: 0.004850999999999999
DR: 0.055138
RR: 0.09139599999999999
DD: 0.004972
DR: 0.055484
RR: 0.09165699999999999
DD: 0.004986
DR: 0.055146
RR: 0.0919
DD: 0.0049629999999999995
DR: 0.055221
RR: 0.091999
DD: 0.00494
DR: 0.055413
RR: 0.091766
DD: 0.004938
DR: 0.055090999999999994
RR: 0.091732
DD: 0.004998
DR: 0.055196999999999996
RR: 0.09160599999999999
DD: 0.0049
DR: 0.054924
RR: 0.091677
DD: 0.004959
DR: 0.055088
RR: 0.09135
DD: 0.004949000000000092
DR: 0.054771
RR: 0.091348
DD: 0.004887
DR: 0.054978
RR: 0.09106099999999999
DD: 0.004797
DR: 0.055096
RR: 0.09104699999999999
DD: 0.004834
DR: 0.054938
RR: 0.090958
DD: 0.004791
DR: 0.054612
RR: 0.090915
DD: 0.004803
DR: 0.054953999999999996
RR: 0.090611
DD: 0.004744
DR: 0.05445
RR: 0.090338
saved to _G20.5_rmin0.001_rmax10.0_nbins30_zmin3.0zmax4.6_Lsplit4bin3_N50_Planck_MC_b0

done!
