Starting batch job

G20.5: computing wtheta in 30 bins from 0.001 to 10.0 on a log scale...

Pixels masked by MC but not already by selfunc: 0
G20.5_zsplit3bin0_Lsplit2bin0: 0.71              61790 vs 215881
[Warning] The CPU supports AVX512F but the compiler does not.  Can you try another compiler?
/home/groups/tabel/mahlet/quaia-env/lib/python3.10/site-packages/Corrfunc/utils.py:918: UserWarning: One or more input array has non-native endianness!  A copy will be made with the correct endianness.
  warnings.warn("One or more input array has non-native endianness!  A copy will"\
DD: 0.041319999999999996
DR: 0.910265
RR: 5.945913
saved to _G20.5_rmin0.001_rmax10.0_nbins30_zsplit3bin0_Lsplit2bin0_Planck_MC_b50
Pixels masked by MC but not already by selfunc: 0
G20.5_zsplit3bin0_Lsplit2bin1: 0.61              83445 vs 215882
/home/groups/tabel/mahlet/quaia-env/lib/python3.10/site-packages/Corrfunc/utils.py:918: UserWarning: One or more input array has non-native endianness!  A copy will be made with the correct endianness.
  warnings.warn("One or more input array has non-native endianness!  A copy will"\
DD: 0.040387
DR: 1.483022
RR: 10.725307
saved to _G20.5_rmin0.001_rmax10.0_nbins30_zsplit3bin0_Lsplit2bin1_Planck_MC_b50
Pixels masked by MC but not already by selfunc: 0
G20.5_zsplit3bin1_Lsplit2bin0: 0.72              61225 vs 215952
/home/groups/tabel/mahlet/quaia-env/lib/python3.10/site-packages/Corrfunc/utils.py:918: UserWarning: One or more input array has non-native endianness!  A copy will be made with the correct endianness.
  warnings.warn("One or more input array has non-native endianness!  A copy will"\
DD: 0.025285
DR: 0.897478
RR: 5.756541
saved to _G20.5_rmin0.001_rmax10.0_nbins30_zsplit3bin1_Lsplit2bin0_Planck_MC_b50
Pixels masked by MC but not already by selfunc: 0
G20.5_zsplit3bin1_Lsplit2bin1: 0.59              89276 vs 215953
/home/groups/tabel/mahlet/quaia-env/lib/python3.10/site-packages/Corrfunc/utils.py:918: UserWarning: One or more input array has non-native endianness!  A copy will be made with the correct endianness.
  warnings.warn("One or more input array has non-native endianness!  A copy will"\
DD: 0.043149
DR: 1.6302249999999998
RR: 12.304443
saved to _G20.5_rmin0.001_rmax10.0_nbins30_zsplit3bin1_Lsplit2bin1_Planck_MC_b50
Pixels masked by MC but not already by selfunc: 0
G20.5_zsplit3bin2_Lsplit2bin0: 0.68              69272 vs 215917
/home/groups/tabel/mahlet/quaia-env/lib/python3.10/site-packages/Corrfunc/utils.py:918: UserWarning: One or more input array has non-native endianness!  A copy will be made with the correct endianness.
  warnings.warn("One or more input array has non-native endianness!  A copy will"\
DD: 0.030265
DR: 1.067201
RR: 7.05992
saved to _G20.5_rmin0.001_rmax10.0_nbins30_zsplit3bin2_Lsplit2bin0_Planck_MC_b50
Pixels masked by MC but not already by selfunc: 0
G20.5_zsplit3bin2_Lsplit2bin1: 0.57              92316 vs 215917
/home/groups/tabel/mahlet/quaia-env/lib/python3.10/site-packages/Corrfunc/utils.py:918: UserWarning: One or more input array has non-native endianness!  A copy will be made with the correct endianness.
  warnings.warn("One or more input array has non-native endianness!  A copy will"\
DD: 0.04557
DR: 1.712227
RR: 12.620703
saved to _G20.5_rmin0.001_rmax10.0_nbins30_zsplit3bin2_Lsplit2bin1_Planck_MC_b50
done!
