Starting batch job

G20.5: computing wtheta in 20 bins from 0.001 to 10.0 on a log scale for 50 jackknife regions...

Pixels masked by MC but not already by selfunc: 0
G20.5_zmin0.0zmax1.0_Lmax-20.0: 0.81              62596 vs 324336
/home/groups/tabel/mahlet/quaia-env/lib/python3.10/site-packages/Corrfunc/utils.py:918: UserWarning: One or more input array has non-native endianness!  A copy will be made with the correct endianness.
  warnings.warn("One or more input array has non-native endianness!  A copy will"\
DD: 0.053475999999999996
DR: 1.301492
RR: 10.645732
DD: 0.032612999999999996
DR: 1.29543
RR: 10.674461
DD: 0.03181
DR: 1.326924
RR: 10.861611
DD: 0.032429
DR: 1.3234219999999999
RR: 10.882522
DD: 0.032021999999999995
DR: 1.337501
RR: 11.064746
DD: 0.036571
DR: 1.4040949999999999
RR: 12.027809
DD: 0.051881
DR: 1.582355
RR: 13.369472
DD: 0.041131999999999995
DR: 1.54626
RR: 12.784314
DD: 0.04133700000000007
DR: 1.5785420000000001
RR: 12.57444
DD: 0.054963
DR: 1.495152
RR: 12.548782
DD: 0.051719999999999995
DR: 1.520155
RR: 12.353858
DD: 0.040327999999999996
DR: 1.523827
RR: 12.310410000000001
DD: 0.035039
DR: 1.4015710000000001
RR: 12.222649
DD: 0.039355999999999995
DR: 1.5285980000000001
RR: 12.167836
DD: 0.03725
DR: 1.503831
RR: 12.353542
DD: 0.036953
DR: 1.50203
RR: 12.383994
DD: 0.039743
DR: 1.5880839999999998
RR: 12.537426
DD: 0.037161
DR: 1.510213
RR: 12.286173
DD: 0.039244999999999995
DR: 1.490084
RR: 12.320167
DD: 0.039189
DR: 1.487654
RR: 12.161737
DD: 0.033033
DR: 1.5130780000000001
RR: 12.242475
DD: 0.03755
DR: 1.510472
RR: 12.235682
DD: 0.033840999999999996
DR: 1.450709
RR: 11.836578
DD: 0.037117
DR: 1.418059
RR: 11.38885
DD: 0.030136
DR: 1.362344
RR: 10.973672
DD: 0.033631
DR: 1.361332
RR: 10.776378
DD: 0.038563
DR: 1.330209
RR: 10.567488
DD: 0.03347
DR: 1.348908
RR: 10.569298
DD: 0.032983
DR: 1.3249680000000001
RR: 10.829379
DD: 0.033816
DR: 1.34593
RR: 11.081936
DD: 0.0321
DR: 1.3266930000000001
RR: 11.406147
DD: 0.038709
DR: 1.380709
RR: 12.115364
DD: 0.040801
DR: 1.543391
RR: 12.792721
DD: 0.03522
DR: 1.404139
RR: 12.397294
DD: 0.040129
DR: 1.413671
RR: 12.209442
DD: 0.037529
DR: 1.429278
RR: 12.635758
DD: 0.035724
DR: 1.437258
RR: 12.597197
DD: 0.037165
DR: 1.436119
RR: 12.731097
DD: 0.031113
DR: 1.4521950000000001
RR: 12.690231
DD: 0.034059
DR: 1.448259
RR: 12.722915
DD: 0.032247
DR: 1.451063
RR: 12.77127
DD: 0.034991
DR: 1.447893
RR: 12.717824
DD: 0.036529
DR: 1.424992
RR: 12.502271
DD: 0.032484
DR: 1.41751
RR: 12.680994
DD: 0.031696
DR: 1.439302
RR: 12.742199
DD: 0.033932
DR: 1.443737
RR: 12.743188
DD: 0.03326
DR: 1.4342519999999999
RR: 12.706716
DD: 0.034762
DR: 1.41368
RR: 12.320291
DD: 0.035976
DR: 1.298289
RR: 11.604499
DD: 0.035218
DR: 1.2854299999999999
RR: 11.470951
saved to _G20.5_rmin0.001_rmax10.0_nbins20_zmin0.0zmax1.0_Lmax-20.0_N50_Planck_MC_b60
Pixels masked by MC but not already by selfunc: 0
G20.5_zmin0.0zmax1.0_Lmax-25.0: 0.86              7771 vs 55261
/home/groups/tabel/mahlet/quaia-env/lib/python3.10/site-packages/Corrfunc/utils.py:918: UserWarning: One or more input array has non-native endianness!  A copy will be made with the correct endianness.
  warnings.warn("One or more input array has non-native endianness!  A copy will"\
DD: 0.018736
DR: 0.084369
RR: 0.22095700000000007
DD: 0.009578999999999999
DR: 0.060239999999999995
RR: 0.20538099999999998
DD: 0.0036969999999999998
DR: 0.067942
RR: 0.21534099999999998
DD: 0.0041069999999999995
DR: 0.06120300000000001
RR: 0.208838
DD: 0.00401
DR: 0.068241
RR: 0.213384
DD: 0.003874
DR: 0.060624
RR: 0.22734300000000007
DD: 0.007951999999999999
DR: 0.08761999999999999
RR: 0.24145
DD: 0.004273
DR: 0.07571399999999999
RR: 0.277788
DD: 0.017223
DR: 0.091124
RR: 0.2246
DD: 0.004445999999999999
DR: 0.071616
RR: 0.240979
DD: 0.01347
DR: 0.064424
RR: 0.23607
DD: 0.004431
DR: 0.067822
RR: 0.23355800000000004
DD: 0.00422
DR: 0.062531
RR: 0.239533
DD: 0.004137
DR: 0.071155
RR: 0.23027200000000003
DD: 0.004347
DR: 0.064946
RR: 0.24073699999999998
DD: 0.006421
DR: 0.067923
RR: 0.23978100000000002
DD: 0.00415
DR: 0.065098
RR: 0.241641
DD: 0.00407
DR: 0.065804
RR: 0.24209500000000006
DD: 0.00397
DR: 0.086313
RR: 0.23475
DD: 0.004627
DR: 0.070884
RR: 0.24479099999999998
DD: 0.003861
DR: 0.06616799999999999
RR: 0.214525
DD: 0.003994
DR: 0.074741
RR: 0.23238699999999998
DD: 0.003675
DR: 0.064633
RR: 0.21664599999999998
DD: 0.0039429999999999995
DR: 0.068783
RR: 0.229655
DD: 0.003825
DR: 0.06283799999999999
RR: 0.208448
DD: 0.003574
DR: 0.057543
RR: 0.22141899999999998
DD: 0.004042
DR: 0.0622
RR: 0.21004
DD: 0.0036539999999999997
DR: 0.055445999999999995
RR: 0.20923
DD: 0.004176
DR: 0.06421
RR: 0.206648
DD: 0.003974
DR: 0.057027999999999995
RR: 0.200013
DD: 0.003839
DR: 0.069838
RR: 0.22000499999999998
DD: 0.004012
DR: 0.069469
RR: 0.218723
DD: 0.004128
DR: 0.069467
RR: 0.23163499999999998
DD: 0.004004
DR: 0.065911
RR: 0.230923
DD: 0.004344
DR: 0.066859
RR: 0.23399699999999998
DD: 0.003534
DR: 0.068464
RR: 0.22826400000000002
DD: 0.003786
DR: 0.070072
RR: 0.230821
DD: 0.003679
DR: 0.069312
RR: 0.22987800000000003
DD: 0.0040669999999999994
DR: 0.065852
RR: 0.231782
DD: 0.004078
DR: 0.064951
RR: 0.236769
DD: 0.004317
DR: 0.06593299999999999
RR: 0.23945
DD: 0.004108
DR: 0.062227
RR: 0.23135499999999998
DD: 0.004201
DR: 0.069627
RR: 0.237724
DD: 0.003633
DR: 0.066809
RR: 0.235362
DD: 0.00424
DR: 0.06805000000000005
RR: 0.230539
DD: 0.0038669999999999998
DR: 0.063526
RR: 0.247297
DD: 0.004194
DR: 0.071586
RR: 0.227534
DD: 0.0036599999999999996
DR: 0.061709999999999994
RR: 0.24027199999999999
DD: 0.004085
DR: 0.062227
RR: 0.22042499999999998
DD: 0.003591
DR: 0.060431
RR: 0.23083299999999998
saved to _G20.5_rmin0.001_rmax10.0_nbins20_zmin0.0zmax1.0_Lmax-25.0_N50_Planck_MC_b60
Pixels masked by MC but not already by selfunc: 0
G20.5_zmin0.0zmax1.0_Lmax-26.0: 0.88              1494 vs 12557
/home/groups/tabel/mahlet/quaia-env/lib/python3.10/site-packages/Corrfunc/utils.py:918: UserWarning: One or more input array has non-native endianness!  A copy will be made with the correct endianness.
  warnings.warn("One or more input array has non-native endianness!  A copy will"\
DD: 0.001383
DR: 0.013918999999999999
RR: 0.020045
DD: 0.001331
DR: 0.012497999999999999
RR: 0.022306
DD: 0.001468
DR: 0.013236999999999999
RR: 0.020641
DD: 0.0013239999999999999
DR: 0.013597999999999999
RR: 0.022768999999999998
DD: 0.001591
DR: 0.014284
RR: 0.022253
DD: 0.001503
DR: 0.014109000000000038
RR: 0.023684999999999998
DD: 0.0014839999999999999
DR: 0.014572
RR: 0.024923999999999998
DD: 0.0015949999999999998
DR: 0.029432999999999997
RR: 0.043283999999999996
DD: 0.005371
DR: 0.014799999999999999
RR: 0.026038
DD: 0.001609
DR: 0.016854
RR: 0.024777999999999998
DD: 0.00158
DR: 0.014275999999999999
RR: 0.021315999999999998
DD: 0.001421
DR: 0.015092999999999999
RR: 0.021879
DD: 0.001508
DR: 0.014626
RR: 0.026605999999999998
DD: 0.001571
DR: 0.015552
RR: 0.023091
DD: 0.001483
DR: 0.02966
RR: 0.023597999999999997
DD: 0.001576
DR: 0.015677
RR: 0.025941
DD: 0.001578
DR: 0.014707
RR: 0.02363100000000007
DD: 0.0015409999999999998
DR: 0.016052
RR: 0.023712999999999998
DD: 0.0015229999999999998
DR: 0.016115
RR: 0.024742
DD: 0.001576
DR: 0.014454
RR: 0.023249
DD: 0.0018989999999999999
DR: 0.01605
RR: 0.022206999999999998
DD: 0.0014919999999999998
DR: 0.015728
RR: 0.023514
DD: 0.001472
DR: 0.013611
RR: 0.025216
DD: 0.001563
DR: 0.014322999999999999
RR: 0.022765
DD: 0.001434
DR: 0.027299
RR: 0.021473
DD: 0.001653
DR: 0.013843999999999999
RR: 0.020746
DD: 0.0013909999999999999
DR: 0.012516999999999999
RR: 0.021949999999999997
DD: 0.001468
DR: 0.012967999999999999
RR: 0.023053
DD: 0.0015
DR: 0.014449
RR: 0.022099999999999998
DD: 0.001426
DR: 0.013607
RR: 0.021422
DD: 0.001843
DR: 0.015215999999999999
RR: 0.023059
DD: 0.0015539999999999998
DR: 0.015465999999999999
RR: 0.021013999999999998
DD: 0.0014249999999999998
DR: 0.014102
RR: 0.025119
DD: 0.0014659999999999999
DR: 0.013909999999999999
RR: 0.025273999999999998
DD: 0.001584
DR: 0.015057
RR: 0.023781999999999998
DD: 0.001542
DR: 0.013916
RR: 0.021625
DD: 0.001511
DR: 0.01465
RR: 0.023611999999999998
DD: 0.0015099999999999998
DR: 0.013909
RR: 0.023395
DD: 0.00153
DR: 0.015051
RR: 0.023076
DD: 0.0014839999999999999
DR: 0.014164999999999999
RR: 0.022900999999999998
DD: 0.0014939999999999999
DR: 0.014164999999999999
RR: 0.022774
DD: 0.001612
DR: 0.014558
RR: 0.024521000000000015
DD: 0.0016439999999999998
DR: 0.016193
RR: 0.023202999999999998
DD: 0.0016049999999999999
DR: 0.016162
RR: 0.022607
DD: 0.0014969999999999998
DR: 0.01566
RR: 0.025175
DD: 0.001518
DR: 0.014433999999999999
RR: 0.020687
DD: 0.001318
DR: 0.013847
RR: 0.020437999999999998
DD: 0.001313
DR: 0.013269999999999999
RR: 0.040355999999999996
DD: 0.01469
DR: 0.030056
RR: 0.02317
DD: 0.0015
DR: 0.013736
RR: 0.021231
/oak/stanford/orgs/kipac/users/mahlet/quaia_bias/scripts/jackknife.py:218: RuntimeWarning: Mean of empty slice
  cf_mean = np.nanmean(cf_jackknife, axis = 0)  # is it ok to ignore nan values?
saved to _G20.5_rmin0.001_rmax10.0_nbins20_zmin0.0zmax1.0_Lmax-26.0_N50_Planck_MC_b60
Pixels masked by MC but not already by selfunc: 0
G20.5_zmin0.0zmax1.0_Lmax-27.0: 0.91              181 vs 1922
/home/groups/tabel/mahlet/quaia-env/lib/python3.10/site-packages/Corrfunc/utils.py:918: UserWarning: One or more input array has non-native endianness!  A copy will be made with the correct endianness.
  warnings.warn("One or more input array has non-native endianness!  A copy will"\
DD: 0.000704
DR: 0.00397
RR: 0.003669
DD: 0.00057
DR: 0.0040609999999999995
RR: 0.004135
DD: 0.00061
DR: 0.003904
RR: 0.003815
DD: 0.000593
DR: 0.003949
RR: 0.0037619999999999997
DD: 0.000549
DR: 0.003741
RR: 0.00357
DD: 0.000532
DR: 0.0034909999999999997
RR: 0.003312
DD: 0.000514
DR: 0.0035009999999999998
RR: 0.003352
DD: 0.00049
DR: 0.0034739999999999997
RR: 0.0034379999999999997
DD: 0.000522
DR: 0.00348
RR: 0.0035369999999999998
DD: 0.000518
DR: 0.003663
RR: 0.0035429999999999997
DD: 0.000518
DR: 0.003614
RR: 0.003506
DD: 0.0005
DR: 0.0034059999999999997
RR: 0.0032909999999999997
DD: 0.00047999999999999996
DR: 0.003385
RR: 0.00329
DD: 0.00048699999999999997
DR: 0.00333
RR: 0.0034709999999999997
DD: 0.0005239999999999999
DR: 0.003655
RR: 0.0036109999999999996
DD: 0.000525
DR: 0.003689
RR: 0.003907
DD: 0.000601
DR: 0.003967
RR: 0.003587
DD: 0.000522
DR: 0.003616
RR: 0.0036409999999999997
DD: 0.000531
DR: 0.003538
RR: 0.0035069999999999997
DD: 0.000526
DR: 0.0036599999999999996
RR: 0.003624
DD: 0.0005279999999999999
DR: 0.003689
RR: 0.0036349999999999998
DD: 0.000529
DR: 0.003695
RR: 0.0035949999999999997
DD: 0.000526
DR: 0.0035949999999999997
RR: 0.003511
DD: 0.0006079999999999999
DR: 0.0035689999999999997
RR: 0.003476
DD: 0.000509
DR: 0.003493
RR: 0.0033529999999999996
DD: 0.000517
DR: 0.003462
RR: 0.003341
DD: 0.000505
DR: 0.003466
RR: 0.003361
DD: 0.0005099999999999999
DR: 0.003486
RR: 0.0033569999999999997
DD: 0.0005059999999999999
DR: 0.003508
RR: 0.0034019999999999996
DD: 0.000513
DR: 0.0035069999999999997
RR: 0.0034029999999999998
DD: 0.000518
DR: 0.003581
RR: 0.00365
DD: 0.0005549999999999999
DR: 0.003773
RR: 0.0036049999999999997
DD: 0.000699
DR: 0.004462
RR: 0.0039629999999999995
DD: 0.00057
DR: 0.003959
RR: 0.003948
DD: 0.0005819999999999999
DR: 0.004112
RR: 0.003997
DD: 0.000587
DR: 0.004046
RR: 0.004
DD: 0.000585
DR: 0.004045
RR: 0.003962
DD: 0.0005769999999999999
DR: 0.004097
RR: 0.003994999999999999
DD: 0.000578
DR: 0.004059
RR: 0.004012
DD: 0.00057
DR: 0.003815
RR: 0.003568
DD: 0.000522
DR: 0.003609
RR: 0.003462
DD: 0.0005059999999999999
DR: 0.003456
RR: 0.0034509999999999996
DD: 0.000511
DR: 0.003565
RR: 0.0035009999999999998
DD: 0.000516
DR: 0.003776
RR: 0.0038569999999999998
DD: 0.0005589999999999999
DR: 0.004
RR: 0.0039429999999999995
DD: 0.000567
DR: 0.003998
RR: 0.003922999999999999
DD: 0.00058
DR: 0.003934
RR: 0.0035849999999999996
DD: 0.000517
DR: 0.003486
RR: 0.003436
DD: 0.0004969999999999999
DR: 0.003434
RR: 0.003328
DD: 0.00048699999999999997
DR: 0.003573
RR: 0.003662
/oak/stanford/orgs/kipac/users/mahlet/quaia_bias/scripts/jackknife.py:218: RuntimeWarning: Mean of empty slice
  cf_mean = np.nanmean(cf_jackknife, axis = 0)  # is it ok to ignore nan values?
saved to _G20.5_rmin0.001_rmax10.0_nbins20_zmin0.0zmax1.0_Lmax-27.0_N50_Planck_MC_b60
Pixels masked by MC but not already by selfunc: 0
G20.5_zmin1.0zmax2.0_Lmax-20.0: 0.80              131671 vs 648196
/home/groups/tabel/mahlet/quaia-env/lib/python3.10/site-packages/Corrfunc/utils.py:918: UserWarning: One or more input array has non-native endianness!  A copy will be made with the correct endianness.
  warnings.warn("One or more input array has non-native endianness!  A copy will"\
DD: 0.12160299999999999
DR: 4.988142
RR: 51.899925
DD: 0.098045
DR: 4.862808
RR: 50.608008
DD: 0.1011
DR: 4.903386
RR: 51.026884
DD: 0.09867
DR: 4.96441
RR: 51.868592
DD: 0.100058
DR: 5.078921
RR: 52.851898
DD: 0.104207
DR: 5.256771
RR: 55.249995
DD: 0.103767
DR: 5.589231
RR: 57.974945
DD: 0.124485
DR: 5.608358
RR: 59.665753
DD: 0.11007399999999999
DR: 5.610067
RR: 58.718482
DD: 0.105556
DR: 5.453029
RR: 58.812289
DD: 0.099881
DR: 5.61785
RR: 58.291528
DD: 0.10509399999999999
DR: 5.510276
RR: 58.57776
DD: 0.112133
DR: 5.642902
RR: 57.519731
DD: 0.112449
DR: 5.422624
RR: 58.327479
DD: 0.115231
DR: 5.495854
RR: 59.068222
DD: 0.12143699999999999
DR: 5.607286
RR: 58.548862
DD: 0.107915
DR: 5.5448509999999995
RR: 58.49957
DD: 0.125169
DR: 5.592252
RR: 58.719918
DD: 0.113881
DR: 5.555039
RR: 58.396739
DD: 0.106232
DR: 5.516104
RR: 58.30999
DD: 0.10167
DR: 5.516735
RR: 58.08508
DD: 0.108085
DR: 5.606448
RR: 58.791445
DD: 0.100155
DR: 5.404001
RR: 56.450098
DD: 0.099017
DR: 5.170401
RR: 53.538747
DD: 0.089323
DR: 4.85645
RR: 52.743154
DD: 0.098298
DR: 4.931649
RR: 51.797604
DD: 0.092248
DR: 4.874235
RR: 50.619415
DD: 0.100341
DR: 4.896296
RR: 50.796155
DD: 0.095118
DR: 4.988887
RR: 52.016916
DD: 0.097234
DR: 5.09453
RR: 53.217443
DD: 0.10359200000000002
DR: 5.323261
RR: 55.643492
DD: 0.114493
DR: 5.538915
RR: 58.406327
DD: 0.114158
DR: 5.581997
RR: 59.081908
DD: 0.113422
DR: 5.592014
RR: 59.389307
DD: 0.10239999999999999
DR: 5.622493
RR: 59.405132
DD: 0.102351
DR: 5.58183
RR: 59.350076
DD: 0.124565
DR: 5.585674
RR: 59.52553
DD: 0.10611799999999999
DR: 5.599883
RR: 59.507884
DD: 0.10349599999999999
DR: 5.59268
RR: 59.290101
DD: 0.11516900000000008
DR: 5.688441
RR: 59.416264
DD: 0.11404099999999999
DR: 5.609747
RR: 59.2826
DD: 0.101772
DR: 5.593208
RR: 59.148284
DD: 0.10915300000000006
DR: 5.597258
RR: 59.177181
DD: 0.102098
DR: 5.58871
RR: 58.91537
DD: 0.107516
DR: 5.582396
RR: 58.582844
DD: 0.106373
DR: 5.538924
RR: 58.870173
DD: 0.112577
DR: 5.725244
RR: 58.134246
DD: 0.105655
DR: 5.351943
RR: 56.073468
DD: 0.097602
DR: 5.264337
RR: 53.764864
DD: 0.09557199999999999
DR: 4.967918
RR: 51.819946
saved to _G20.5_rmin0.001_rmax10.0_nbins20_zmin1.0zmax2.0_Lmax-20.0_N50_Planck_MC_b60
Pixels masked by MC but not already by selfunc: 0
G20.5_zmin1.0zmax2.0_Lmax-25.0: 0.81              93083 vs 502242
/home/groups/tabel/mahlet/quaia-env/lib/python3.10/site-packages/Corrfunc/utils.py:918: UserWarning: One or more input array has non-native endianness!  A copy will be made with the correct endianness.
  warnings.warn("One or more input array has non-native endianness!  A copy will"\
DD: 0.057302
DR: 2.575768
RR: 25.170461
DD: 0.054215
DR: 2.553227
RR: 24.962484
DD: 0.053337999999999997
DR: 2.55322
RR: 24.244043
DD: 0.053565999999999996
DR: 2.480432
RR: 23.377423
DD: 0.070548
DR: 2.696018
RR: 24.181646
DD: 0.056223999999999996
DR: 2.802282
RR: 29.418426
DD: 0.078758
DR: 3.240504
RR: 31.958025
DD: 0.063179
DR: 3.355123
RR: 32.154364
DD: 0.065576
DR: 3.137282
RR: 31.804479
DD: 0.061902
DR: 3.303541
RR: 32.553017
DD: 0.071309
DR: 3.326181
RR: 32.837237
DD: 0.059296999999999996
DR: 3.412883
RR: 33.099786
DD: 0.072478
DR: 3.361047
RR: 32.647062
DD: 0.07264999999999999
DR: 3.315908
RR: 32.950826
DD: 0.07219199999999999
DR: 3.343331
RR: 33.300878
DD: 0.072245
DR: 3.379622
RR: 32.499814
DD: 0.062182999999999995
DR: 3.341459
RR: 32.798622
DD: 0.070501
DR: 3.410656
RR: 32.911878
DD: 0.065189
DR: 3.282325
RR: 32.488
DD: 0.067284
DR: 3.264279
RR: 31.872114
DD: 0.070574
DR: 3.25116
RR: 32.414536
DD: 0.068173
DR: 3.29123
RR: 31.867375
DD: 0.0881
DR: 3.178382
RR: 30.398535
DD: 0.060335999999999994
DR: 2.903277
RR: 28.319765
DD: 0.062633
DR: 2.880963
RR: 29.011639
DD: 0.06257599999999999
DR: 2.811708
RR: 27.396611
DD: 0.06416
DR: 2.737755
RR: 26.464955
DD: 0.054591
DR: 2.796837
RR: 27.151327
DD: 0.060525999999999996
DR: 2.715113
RR: 26.566231
DD: 0.06477999999999999
DR: 2.858615
RR: 28.415127
DD: 0.0786
DR: 3.123015
RR: 29.984898
DD: 0.066764
DR: 3.170383
RR: 30.791868
DD: 0.064109
DR: 3.188824
RR: 31.398848
DD: 0.0644
DR: 3.23707
RR: 31.575784
DD: 0.069848
DR: 3.157037
RR: 31.11696
DD: 0.067069
DR: 3.201034
RR: 31.263316
DD: 0.065819
DR: 3.188322
RR: 31.492728
DD: 0.059691999999999995
DR: 3.212766
RR: 31.314151
DD: 0.063163
DR: 3.171719
RR: 31.303616
DD: 0.059822999999999994
DR: 3.184657
RR: 30.670566
DD: 0.065592
DR: 3.034566
RR: 29.442366
DD: 0.053661
DR: 2.934447
RR: 27.721144
DD: 0.06292299999999999
DR: 2.98797
RR: 27.555982
DD: 0.060370999999999994
DR: 2.834748
RR: 28.59618
DD: 0.060100999999999995
DR: 2.904766
RR: 27.965008
DD: 0.06021
DR: 2.996338
RR: 28.473239
DD: 0.058899999999999994
DR: 3.002365
RR: 27.742192
DD: 0.059882
DR: 2.78275
RR: 26.103487
DD: 0.06262899999999999
DR: 2.717874
RR: 26.124222
DD: 0.064089
DR: 2.56001
RR: 25.008968
saved to _G20.5_rmin0.001_rmax10.0_nbins20_zmin1.0zmax2.0_Lmax-25.0_N50_Planck_MC_b60
Pixels masked by MC but not already by selfunc: 0
G20.5_zmin1.0zmax2.0_Lmax-26.0: 0.85              28650 vs 185134
/home/groups/tabel/mahlet/quaia-env/lib/python3.10/site-packages/Corrfunc/utils.py:918: UserWarning: One or more input array has non-native endianness!  A copy will be made with the correct endianness.
  warnings.warn("One or more input array has non-native endianness!  A copy will"\
DD: 0.011942999999999999
DR: 0.37152799999999997
RR: 2.3963710000000003
DD: 0.011948
DR: 0.362952
RR: 2.277338
DD: 0.013092999999999999
DR: 0.335566
RR: 2.305171
DD: 0.012048
DR: 0.335044
RR: 2.271136
DD: 0.011980999999999999
DR: 0.349364
RR: 2.290108
DD: 0.013680999999999999
DR: 0.372537
RR: 2.466738
DD: 0.012745999999999999
DR: 0.400169
RR: 2.599723
DD: 0.013746
DR: 0.37870400000000004
RR: 2.694568
DD: 0.013042
DR: 0.39637100000000003
RR: 2.661342
DD: 0.012607
DR: 0.414915
RR: 2.670194
DD: 0.012757
DR: 0.39524100000000006
RR: 2.6198
DD: 0.012155
DR: 0.39442299999999997
RR: 2.581399
DD: 0.011595999999999999
DR: 0.360476
RR: 2.528073
DD: 0.010778
DR: 0.375901
RR: 2.445564
DD: 0.010869
DR: 0.3655090000000001
RR: 2.607262
DD: 0.012183999999999999
DR: 0.370033
RR: 2.802639
DD: 0.012053
DR: 0.393036
RR: 2.705283
DD: 0.012204
DR: 0.415227
RR: 2.61687
DD: 0.010908
DR: 0.403789
RR: 2.720617
DD: 0.014462
DR: 0.413644
RR: 2.692448
DD: 0.013514
DR: 0.407355
RR: 2.678936
DD: 0.011117
DR: 0.396331
RR: 2.639313
DD: 0.010662
DR: 0.375904
RR: 2.575248
DD: 0.010700999999999999
DR: 0.36788
RR: 2.534288
DD: 0.011028999999999999
DR: 0.375082
RR: 2.445908
DD: 0.01064
DR: 0.34481799999999996
RR: 2.33954
DD: 0.010008999999999999
DR: 0.354464
RR: 2.319627
DD: 0.01009
DR: 0.336396
RR: 2.324674
DD: 0.010026
DR: 0.370944
RR: 2.467912
DD: 0.012733
DR: 0.366626
RR: 2.471547
DD: 0.012471
DR: 0.368451
RR: 2.584127
DD: 0.012445999999999999
DR: 0.40632100000000004
RR: 2.588625
DD: 0.013585999999999999
DR: 0.404811
RR: 2.633016
DD: 0.014737
DR: 0.389482
RR: 2.715885
DD: 0.012724
DR: 0.40378800000000004
RR: 2.578651
DD: 0.013089
DR: 0.39826999999999996
RR: 2.586965
DD: 0.012525
DR: 0.40671100000000004
RR: 2.645286
DD: 0.014298
DR: 0.400845
RR: 2.648906
DD: 0.012986
DR: 0.413895
RR: 2.689331
DD: 0.013321999999999999
DR: 0.392142
RR: 2.579469
DD: 0.013871999999999999
DR: 0.37416499999999997
RR: 2.566147
DD: 0.012575999999999999
DR: 0.37586300000000006
RR: 2.585654
DD: 0.027993999999999998
DR: 0.412031
RR: 2.600723
DD: 0.01296
DR: 0.37156100000000003
RR: 2.564194
DD: 0.013387999999999999
DR: 0.37671299999999996
RR: 2.60008
DD: 0.012298
DR: 0.386019
RR: 2.604229
DD: 0.011481
DR: 0.385194
RR: 2.558804
DD: 0.012143
DR: 0.350399
RR: 2.489379
DD: 0.011321
DR: 0.358442
RR: 2.401903
DD: 0.027812
DR: 0.372168
RR: 2.318641
saved to _G20.5_rmin0.001_rmax10.0_nbins20_zmin1.0zmax2.0_Lmax-26.0_N50_Planck_MC_b60
Pixels masked by MC but not already by selfunc: 0
G20.5_zmin1.0zmax2.0_Lmax-27.0: 0.87              5151 vs 38757
/home/groups/tabel/mahlet/quaia-env/lib/python3.10/site-packages/Corrfunc/utils.py:918: UserWarning: One or more input array has non-native endianness!  A copy will be made with the correct endianness.
  warnings.warn("One or more input array has non-native endianness!  A copy will"\
DD: 0.002816
DR: 0.042995
RR: 0.110258
DD: 0.0028239999999999997
DR: 0.040068
RR: 0.101765
DD: 0.002373
DR: 0.035826
RR: 0.119002
DD: 0.002887
DR: 0.045578
RR: 0.116947
DD: 0.002683
DR: 0.039893
RR: 0.11330599999999999
DD: 0.002469
DR: 0.03682400000000008
RR: 0.128165
DD: 0.003048
DR: 0.046263
RR: 0.13125499999999998
DD: 0.00306
DR: 0.038599999999999995
RR: 0.131102
DD: 0.002885
DR: 0.038127999999999995
RR: 0.122668
DD: 0.002953
DR: 0.047886
RR: 0.133906
DD: 0.0028929999999999997
DR: 0.040774
RR: 0.126052
DD: 0.002895
DR: 0.038403
RR: 0.12184199999999999
DD: 0.0028669999999999998
DR: 0.04513
RR: 0.12328199999999999
DD: 0.002718
DR: 0.041901
RR: 0.114408
DD: 0.0026899999999999997
DR: 0.039626999999999996
RR: 0.115877
DD: 0.002611
DR: 0.039494999999999995
RR: 0.124332
DD: 0.002763
DR: 0.039137
RR: 0.11707899999999999
DD: 0.002755
DR: 0.038755
RR: 0.117781
DD: 0.0028109999999999997
DR: 0.039692
RR: 0.12429499999999999
DD: 0.002642
DR: 0.039118
RR: 0.12012600000000007
DD: 0.0028409999999999998
DR: 0.041726
RR: 0.11128299999999999
DD: 0.002408
DR: 0.03999
RR: 0.120738
DD: 0.0026179999999999997
DR: 0.03906
RR: 0.115037
DD: 0.00281
DR: 0.03966500000000006
RR: 0.106864
DD: 0.002296
DR: 0.035976999999999995
RR: 0.124844
DD: 0.0029579999999999997
DR: 0.043375
RR: 0.11893999999999999
DD: 0.0027389999999999997
DR: 0.046208
RR: 0.11619299999999999
DD: 0.0024939999999999997
DR: 0.036524999999999995
RR: 0.124385
DD: 0.002793
DR: 0.044666
RR: 0.118945
DD: 0.004693
DR: 0.040309
RR: 0.125377
DD: 0.002806
DR: 0.037911
RR: 0.12925200000000003
DD: 0.002928
DR: 0.045122999999999996
RR: 0.13242199999999998
DD: 0.003103
DR: 0.044883
RR: 0.13515
DD: 0.002705
DR: 0.038711999999999996
RR: 0.119933
DD: 0.002753
DR: 0.04262
RR: 0.124622
DD: 0.002812
DR: 0.039444
RR: 0.12329699999999999
DD: 0.0027389999999999997
DR: 0.038742
RR: 0.11055
DD: 0.0026579999999999998
DR: 0.038166
RR: 0.11836100000000005
DD: 0.004216
DR: 0.042078
RR: 0.11856699999999999
DD: 0.002523
DR: 0.04017
RR: 0.108639
DD: 0.0024059999999999997
DR: 0.038845
RR: 0.125894
DD: 0.002891
DR: 0.043084
RR: 0.11892499999999999
DD: 0.002642
DR: 0.043461
RR: 0.108624
DD: 0.002415
DR: 0.038523
RR: 0.128261
DD: 0.002846
DR: 0.043054999999999996
RR: 0.11775899999999999
DD: 0.0025109999999999998
DR: 0.044127
RR: 0.112076
DD: 0.003773
DR: 0.038938
RR: 0.13222799999999998
DD: 0.002894
DR: 0.042040999999999995
RR: 0.11538799999999999
DD: 0.0028209999999999997
DR: 0.037593999999999995
RR: 0.10542400000000007
DD: 0.002386
DR: 0.035505
RR: 0.112856
saved to _G20.5_rmin0.001_rmax10.0_nbins20_zmin1.0zmax2.0_Lmax-27.0_N50_Planck_MC_b60
Pixels masked by MC but not already by selfunc: 0
G20.5_zmin2.0zmax3.0_Lmax-20.0: 0.78              62547 vs 286508
/home/groups/tabel/mahlet/quaia-env/lib/python3.10/site-packages/Corrfunc/utils.py:918: UserWarning: One or more input array has non-native endianness!  A copy will be made with the correct endianness.
  warnings.warn("One or more input array has non-native endianness!  A copy will"\
DD: 0.032296
DR: 1.344733
RR: 11.150006
DD: 0.031125999999999997
DR: 1.264405
RR: 10.63222
DD: 0.031045
DR: 1.270808
RR: 10.152627
DD: 0.029762
DR: 1.240557
RR: 10.346125
DD: 0.031543
DR: 1.3273519999999999
RR: 10.717622
DD: 0.031543
DR: 1.267009
RR: 11.174474
DD: 0.031998
DR: 1.347576
RR: 11.71473
DD: 0.029807
DR: 1.3662670000000001
RR: 11.732763
DD: 0.030031
DR: 1.4090470000000002
RR: 11.983674
DD: 0.032805
DR: 1.358558
RR: 11.77046
DD: 0.030094
DR: 1.35431
RR: 11.924985
DD: 0.031567
DR: 1.3383180000000001
RR: 11.655294
DD: 0.031156
DR: 1.387578
RR: 11.933182
DD: 0.032579
DR: 1.363915
RR: 11.743395
DD: 0.032826999999999995
DR: 1.358681
RR: 11.801382
DD: 0.029640999999999997
DR: 1.36192
RR: 11.73619
DD: 0.033964999999999995
DR: 1.3395299999999999
RR: 11.976616
DD: 0.02948
DR: 1.35156
RR: 11.911751
DD: 0.031894
DR: 1.424519
RR: 12.078964
DD: 0.031658
DR: 1.525169
RR: 11.836582
DD: 0.030039
DR: 1.39635
RR: 12.262206
DD: 0.02933
DR: 1.418119
RR: 12.12184
DD: 0.028624
DR: 1.333549
RR: 11.394672
DD: 0.03245
DR: 1.2449400000000002
RR: 10.930428
DD: 0.028097999999999998
DR: 1.253026
RR: 10.544955999999999
DD: 0.030847999999999997
DR: 1.197588
RR: 10.310661
DD: 0.029311
DR: 1.201313
RR: 10.219667
DD: 0.027753999999999997
DR: 1.183726
RR: 10.906602
DD: 0.025431
DR: 1.261277
RR: 10.546109
DD: 0.028272
DR: 1.2555209999999999
RR: 10.845367
DD: 0.033222
DR: 1.319354
RR: 11.159821
DD: 0.030444
DR: 1.359357
RR: 11.625929
DD: 0.045073999999999996
DR: 1.351612
RR: 11.906581
DD: 0.031283
DR: 1.375225
RR: 11.854901
DD: 0.033315
DR: 1.371668
RR: 11.91366
DD: 0.034485
DR: 1.357448
RR: 11.92866
DD: 0.033838
DR: 1.408808
RR: 11.909516
DD: 0.032857000000000025
DR: 1.361392
RR: 11.753355
DD: 0.030542999999999997
DR: 1.3928530000000001
RR: 11.849838
DD: 0.032942
DR: 1.3866779999999999
RR: 11.787114
DD: 0.033087
DR: 1.3855620000000002
RR: 12.4119
DD: 0.034172999999999995
DR: 1.380925
RR: 12.177562
DD: 0.035546
DR: 1.344547
RR: 11.854354
DD: 0.029290999999999998
DR: 1.4056760000000001
RR: 12.160896
DD: 0.028517999999999998
DR: 1.418391
RR: 11.932203
DD: 0.033749999999999995
DR: 1.383372
RR: 11.780831
DD: 0.030733999999999997
DR: 1.382696
RR: 11.916192
DD: 0.030324
DR: 1.387044
RR: 11.88926
DD: 0.03304
DR: 1.306505
RR: 10.956786
DD: 0.031733
DR: 1.222156
RR: 10.559978
saved to _G20.5_rmin0.001_rmax10.0_nbins20_zmin2.0zmax3.0_Lmax-20.0_N50_Planck_MC_b60
Pixels masked by MC but not already by selfunc: 0
G20.5_zmin2.0zmax3.0_Lmax-25.0: 0.78              62547 vs 286508
/home/groups/tabel/mahlet/quaia-env/lib/python3.10/site-packages/Corrfunc/utils.py:918: UserWarning: One or more input array has non-native endianness!  A copy will be made with the correct endianness.
  warnings.warn("One or more input array has non-native endianness!  A copy will"\
DD: 0.031215999999999997
DR: 1.282219
RR: 10.78877
DD: 0.030247999999999997
DR: 1.2026780000000001
RR: 10.19621
DD: 0.028801
DR: 1.22618
RR: 10.358612
DD: 0.029705
DR: 1.227669
RR: 10.475856
DD: 0.027174999999999998
DR: 1.251556
RR: 10.651774
DD: 0.029893
DR: 1.284753
RR: 11.166939
DD: 0.030106000000000077
DR: 1.34058
RR: 11.687183
DD: 0.032549
DR: 1.35738
RR: 11.822333
DD: 0.027718
DR: 1.355309
RR: 11.805011
DD: 0.033867999999999995
DR: 1.39368
RR: 11.981909
DD: 0.045732999999999996
DR: 1.411939
RR: 11.898117
DD: 0.032669
DR: 1.337297
RR: 11.809773
DD: 0.041977
DR: 1.3884859999999999
RR: 12.13717
DD: 0.029351
DR: 1.3683049999999999
RR: 12.080863
DD: 0.032352
DR: 1.3796059999999999
RR: 11.867392
DD: 0.035022
DR: 1.375988
RR: 11.937264
DD: 0.029338999999999997
DR: 1.403041
RR: 11.783246
DD: 0.031339
DR: 1.3446259999999999
RR: 11.54641
DD: 0.033916999999999996
DR: 1.370301
RR: 11.987421
DD: 0.033864
DR: 1.360301
RR: 11.838476
DD: 0.030698999999999997
DR: 1.4548299999999998
RR: 11.943147
DD: 0.029984999999999998
DR: 1.408611
RR: 11.892162
DD: 0.030168999999999998
DR: 1.30494
RR: 11.493481
DD: 0.029067
DR: 1.268265
RR: 11.013489
DD: 0.027157999999999998
DR: 1.2778049999999999
RR: 11.075636
DD: 0.029209
DR: 1.253814
RR: 10.614951
DD: 0.028165
DR: 1.213272
RR: 10.226627
DD: 0.025754
DR: 1.231827
RR: 10.290324
DD: 0.029049
DR: 1.238639
RR: 10.511287
DD: 0.026546
DR: 1.283678
RR: 10.957689
DD: 0.02949
DR: 1.313931
RR: 11.119927
DD: 0.029006999999999998
DR: 1.339105
RR: 12.163737
DD: 0.030247999999999997
DR: 1.376938
RR: 11.930428
DD: 0.033548
DR: 1.401595
RR: 11.602167
DD: 0.033604999999999996
DR: 1.309088
RR: 11.559607
DD: 0.034636
DR: 1.354489
RR: 11.574652
DD: 0.031786999999999996
DR: 1.346352
RR: 11.616318
DD: 0.031383
DR: 1.3798300000000001
RR: 11.693204
DD: 0.033398
DR: 1.330985
RR: 11.860348
DD: 0.029181
DR: 1.383422
RR: 11.971748
DD: 0.033132999999999996
DR: 1.3338640000000002
RR: 11.883007
DD: 0.030847
DR: 1.37079
RR: 11.69889
DD: 0.030621
DR: 1.40842
RR: 12.146973
DD: 0.033652
DR: 1.345307
RR: 12.10991
DD: 0.034804
DR: 1.445871
RR: 12.172524
DD: 0.03394600000000003
DR: 1.343391
RR: 12.117143
DD: 0.030997
DR: 1.34741
RR: 11.744991
DD: 0.032299
DR: 1.361421
RR: 11.542803
DD: 0.028641
DR: 1.288409
RR: 11.073957
DD: 0.028092
DR: 1.242871
RR: 10.516313
saved to _G20.5_rmin0.001_rmax10.0_nbins20_zmin2.0zmax3.0_Lmax-25.0_N50_Planck_MC_b60
Pixels masked by MC but not already by selfunc: 0
G20.5_zmin2.0zmax3.0_Lmax-26.0: 0.79              53893 vs 259755
/home/groups/tabel/mahlet/quaia-env/lib/python3.10/site-packages/Corrfunc/utils.py:918: UserWarning: One or more input array has non-native endianness!  A copy will be made with the correct endianness.
  warnings.warn("One or more input array has non-native endianness!  A copy will"\
DD: 0.05005999999999999
DR: 1.024484
RR: 7.956691
DD: 0.023259
DR: 0.936337
RR: 7.679058
DD: 0.021008
DR: 0.931274
RR: 7.58977
DD: 0.020735999999999997
DR: 0.924386
RR: 7.612786
DD: 0.023114
DR: 0.937632
RR: 7.925666
DD: 0.026333
DR: 1.008201
RR: 8.248286
DD: 0.027899
DR: 1.014411
RR: 8.421076
DD: 0.024395
DR: 1.04793
RR: 8.649147
DD: 0.025823
DR: 1.017837
RR: 8.635996
DD: 0.028283
DR: 1.049046
RR: 8.626168
DD: 0.024082000000000048
DR: 1.08755
RR: 8.913284
DD: 0.028825999999999997
DR: 1.06918
RR: 8.704838
DD: 0.026116
DR: 1.055486
RR: 8.555866
DD: 0.024721999999999997
DR: 1.086729
RR: 9.113447
DD: 0.028391
DR: 1.081739
RR: 9.009902
DD: 0.025771
DR: 1.098322
RR: 9.027832
DD: 0.024756
DR: 1.076383
RR: 8.708158
DD: 0.02326
DR: 1.013031
RR: 8.712867
DD: 0.026827999999999998
DR: 1.045246
RR: 8.631341
DD: 0.022380999999999998
DR: 1.043369
RR: 8.540614
DD: 0.025804
DR: 1.032271
RR: 8.572549
DD: 0.027320999999999998
DR: 1.084052
RR: 8.782047
DD: 0.023811
DR: 1.045074
RR: 8.554296
DD: 0.021991999999999998
DR: 0.969065
RR: 8.257334
DD: 0.024366
DR: 0.954422
RR: 8.064228
DD: 0.025228
DR: 0.944821
RR: 7.521274
DD: 0.021027
DR: 0.908174
RR: 7.3834610000000005
DD: 0.024401
DR: 0.9499340000000001
RR: 7.591395
DD: 0.022262
DR: 0.931506
RR: 7.904508
DD: 0.022778
DR: 0.982365
RR: 8.081438
DD: 0.023714
DR: 1.033704
RR: 8.730803
DD: 0.025724
DR: 1.070098
RR: 8.864728
DD: 0.026244999999999997
DR: 1.048294
RR: 8.788073
DD: 0.025089999999999998
DR: 1.064959
RR: 8.810697
DD: 0.025525
DR: 1.066914
RR: 8.872125
DD: 0.027601999999999998
DR: 1.074078
RR: 8.839208
DD: 0.026522
DR: 1.035112
RR: 8.835442
DD: 0.025762999999999998
DR: 1.060831
RR: 8.993228
DD: 0.028735999999999998
DR: 1.094346
RR: 8.944061
DD: 0.027032999999999998
DR: 1.055627
RR: 8.731636
DD: 0.027979999999999998
DR: 1.0572219999999999
RR: 8.87259
DD: 0.025185
DR: 1.039716
RR: 8.88316
DD: 0.024607999999999998
DR: 1.04638
RR: 8.73583
DD: 0.023993
DR: 1.045236
RR: 8.684916
DD: 0.023648000000000002
DR: 1.092263
RR: 9.09422
DD: 0.027124
DR: 1.06576
RR: 8.724279
DD: 0.027317000000000036
DR: 1.069109
RR: 8.837951
DD: 0.023417999999999998
DR: 1.020996
RR: 8.45611
DD: 0.022777
DR: 0.974896
RR: 8.179527
DD: 0.022616
DR: 0.966224
RR: 7.766946
saved to _G20.5_rmin0.001_rmax10.0_nbins20_zmin2.0zmax3.0_Lmax-26.0_N50_Planck_MC_b60
Pixels masked by MC but not already by selfunc: 0
G20.5_zmin2.0zmax3.0_Lmax-27.0: 0.83              17114 vs 103123
/home/groups/tabel/mahlet/quaia-env/lib/python3.10/site-packages/Corrfunc/utils.py:918: UserWarning: One or more input array has non-native endianness!  A copy will be made with the correct endianness.
  warnings.warn("One or more input array has non-native endianness!  A copy will"\
DD: 0.0063089999999999995
DR: 0.168591
RR: 0.827618
DD: 0.006625
DR: 0.173817
RR: 0.797596
DD: 0.008649
DR: 0.15857
RR: 0.796582
DD: 0.008264000000000049
DR: 0.172034
RR: 0.881879
DD: 0.0063679999999999995
DR: 0.189681
RR: 0.899259
DD: 0.007858
DR: 0.18256000000000006
RR: 0.9071480000000001
DD: 0.0069
DR: 0.17707399999999998
RR: 0.916127
DD: 0.007396
DR: 0.17593499999999998
RR: 0.923728
DD: 0.0068579999999999995
DR: 0.17818299999999998
RR: 0.903943
DD: 0.007157999999999999
DR: 0.169868
RR: 0.901028
DD: 0.0068319999999999995
DR: 0.17588700000000002
RR: 0.89189
DD: 0.007215999999999999
DR: 0.168821
RR: 0.915156
DD: 0.006442
DR: 0.18059
RR: 0.8928919999999999
DD: 0.0072039999999999995
DR: 0.164499
RR: 0.902809
DD: 0.007554
DR: 0.16891799999999998
RR: 0.90593
DD: 0.007029
DR: 0.17706700000000009
RR: 0.90354
DD: 0.006868
DR: 0.16247999999999999
RR: 0.884163
DD: 0.006843999999999999
DR: 0.174254
RR: 0.898076
DD: 0.007052999999999999
DR: 0.165358
RR: 0.889445
DD: 0.0064529999999999995
DR: 0.17435499999999998
RR: 0.881376
DD: 0.006784999999999999
DR: 0.17862500000000003
RR: 0.913069
DD: 0.0066949999999999996
DR: 0.172512
RR: 0.87466
DD: 0.006924
DR: 0.158579
RR: 0.841083
DD: 0.006424
DR: 0.15536100000000008
RR: 0.838322
DD: 0.006045
DR: 0.16626
RR: 0.783818
DD: 0.006651
DR: 0.15834499999999999
RR: 0.781571
DD: 0.007156999999999999
DR: 0.14896299999999998
RR: 0.822928
DD: 0.008361
DR: 0.175867
RR: 0.79956
DD: 0.008921
DR: 0.160696
RR: 0.845825
DD: 0.009016999999999999
DR: 0.158419
RR: 0.868952
DD: 0.006268
DR: 0.1866190000000001
RR: 0.885817
DD: 0.008052
DR: 0.185475
RR: 0.975131
DD: 0.008634
DR: 0.19702600000000003
RR: 0.981207
DD: 0.008197
DR: 0.17915799999999998
RR: 0.961544
DD: 0.008912
DR: 0.16993000000000003
RR: 0.945769
DD: 0.008837
DR: 0.187332
RR: 0.959243
DD: 0.009613
DR: 0.187665
RR: 0.957698
DD: 0.008242
DR: 0.19242399999999998
RR: 0.921718
DD: 0.009141
DR: 0.186332
RR: 0.9371879999999999
DD: 0.008764
DR: 0.175701
RR: 0.901816
DD: 0.008475
DR: 0.176203
RR: 0.930719
DD: 0.009307
DR: 0.171796
RR: 0.922133
DD: 0.007502
DR: 0.184359
RR: 0.923658
DD: 0.008378
DR: 0.16625
RR: 0.879519
DD: 0.006893
DR: 0.179618
RR: 0.862223
DD: 0.009059
DR: 0.166243
RR: 0.88871
DD: 0.007081
DR: 0.171582
RR: 0.879659
DD: 0.008664
DR: 0.161078
RR: 0.848656
DD: 0.0066809999999999994
DR: 0.149789
RR: 0.83255
DD: 0.008067
DR: 0.15548000000000006
RR: 0.76439
saved to _G20.5_rmin0.001_rmax10.0_nbins20_zmin2.0zmax3.0_Lmax-27.0_N50_Planck_MC_b60
Pixels masked by MC but not already by selfunc: 0
G20.5_zmin3.0zmax4.6_Lmax-20.0: 0.77              8565 vs 36458
/home/groups/tabel/mahlet/quaia-env/lib/python3.10/site-packages/Corrfunc/utils.py:918: UserWarning: One or more input array has non-native endianness!  A copy will be made with the correct endianness.
  warnings.warn("One or more input array has non-native endianness!  A copy will"\
DD: 0.003459
DR: 0.052409
RR: 0.16591699999999998
DD: 0.005888
DR: 0.053127
RR: 0.157168
DD: 0.003405
DR: 0.048846999999999995
RR: 0.16955300000000006
DD: 0.017176
DR: 0.066161
RR: 0.1765
DD: 0.017004
DR: 0.064093
RR: 0.172472
DD: 0.017852
DR: 0.075573
RR: 0.173016
DD: 0.015253
DR: 0.06897
RR: 0.232958
DD: 0.022376999999999998
DR: 0.093688
RR: 0.263654
DD: 0.028721999999999998
DR: 0.09311499999999999
RR: 0.22466799999999998
DD: 0.022602
DR: 0.089491
RR: 0.247766
DD: 0.018203999999999998
DR: 0.07478499999999999
RR: 0.23896499999999998
DD: 0.026789
DR: 0.071086
RR: 0.215836
DD: 0.019303
DR: 0.07284
RR: 0.188804
DD: 0.019150999999999998
DR: 0.069552
RR: 0.19011
DD: 0.014289999999999999
DR: 0.076954
RR: 0.16172399999999998
DD: 0.0041719999999999995
DR: 0.055899
RR: 0.163425
DD: 0.004056
DR: 0.055172
RR: 0.16383399999999998
DD: 0.0059759999999999995
DR: 0.056853
RR: 0.16417199999999998
DD: 0.003935999999999999
DR: 0.055292999999999995
RR: 0.16882
DD: 0.004304
DR: 0.05252900000000005
RR: 0.16961199999999999
DD: 0.004445
DR: 0.052752
RR: 0.166648
DD: 0.004378
DR: 0.055645999999999994
RR: 0.16252899999999998
DD: 0.0039
DR: 0.058269999999999995
RR: 0.151798
DD: 0.0036999999999999997
DR: 0.052766
RR: 0.15842799999999999
DD: 0.003938
DR: 0.049616999999999994
RR: 0.162407
DD: 0.0062169999999999994
DR: 0.049513999999999996
RR: 0.157471
DD: 0.004399999999999999
DR: 0.052392999999999995
RR: 0.160405
DD: 0.004373
DR: 0.052010999999999995
RR: 0.14851000000000003
DD: 0.0038559999999999996
DR: 0.053481
RR: 0.160689
DD: 0.0043159999999999995
DR: 0.052795999999999996
RR: 0.165274
DD: 0.0045049999999999995
DR: 0.051918
RR: 0.1581720000000001
DD: 0.004686
DR: 0.057253
RR: 0.177012
DD: 0.004764
DR: 0.059392999999999994
RR: 0.167618
DD: 0.006362
DR: 0.053452
RR: 0.16349600000000009
DD: 0.004344
DR: 0.058579
RR: 0.183863
DD: 0.004676
DR: 0.054980999999999995
RR: 0.171649
DD: 0.004101
DR: 0.05352200000000007
RR: 0.172151
DD: 0.004579
DR: 0.063229
RR: 0.17840999999999999
DD: 0.004097
DR: 0.055082
RR: 0.16818300000000008
DD: 0.004274
DR: 0.055618
RR: 0.178862
DD: 0.004117
DR: 0.053864999999999996
RR: 0.170299
DD: 0.004236
DR: 0.052682
RR: 0.16706500000000002
DD: 0.004497999999999999
DR: 0.070106
RR: 0.161719
DD: 0.00405
DR: 0.060995
RR: 0.16033799999999998
DD: 0.003809
DR: 0.057152999999999995
RR: 0.173348
DD: 0.004340999999999999
DR: 0.053243
RR: 0.172766
DD: 0.0038139999999999997
DR: 0.054155999999999996
RR: 0.165315
DD: 0.006055
DR: 0.059463999999999996
RR: 0.165737
DD: 0.003882
DR: 0.052657999999999996
RR: 0.151605
DD: 0.0034649999999999998
DR: 0.051036
RR: 0.164634
saved to _G20.5_rmin0.001_rmax10.0_nbins20_zmin3.0zmax4.6_Lmax-20.0_N50_Planck_MC_b60
Pixels masked by MC but not already by selfunc: 0
G20.5_zmin3.0zmax4.6_Lmax-25.0: 0.77              8565 vs 36458
/home/groups/tabel/mahlet/quaia-env/lib/python3.10/site-packages/Corrfunc/utils.py:918: UserWarning: One or more input array has non-native endianness!  A copy will be made with the correct endianness.
  warnings.warn("One or more input array has non-native endianness!  A copy will"\
DD: 0.003489
DR: 0.048981
RR: 0.145774
DD: 0.004089
DR: 0.055163
RR: 0.1596390000000001
DD: 0.003915
DR: 0.048642
RR: 0.157487
DD: 0.003998
DR: 0.04897
RR: 0.153834
DD: 0.004073
DR: 0.054701
RR: 0.161026
DD: 0.004032
DR: 0.051914999999999996
RR: 0.15697
DD: 0.0038599999999999997
DR: 0.052077
RR: 0.16669599999999998
DD: 0.004012
DR: 0.056215999999999995
RR: 0.176539
DD: 0.004425999999999999
DR: 0.052170999999999995
RR: 0.164959
DD: 0.004056
DR: 0.055804
RR: 0.17768499999999998
DD: 0.0061779999999999995
DR: 0.055437999999999994
RR: 0.16472499999999998
DD: 0.00361
DR: 0.05304
RR: 0.180725
DD: 0.004161
DR: 0.054577
RR: 0.17346699999999998
DD: 0.004188
DR: 0.05179800000000001
RR: 0.173101
DD: 0.004122
DR: 0.059063
RR: 0.168827
DD: 0.003887
DR: 0.059722
RR: 0.16291900000000004
DD: 0.004121
DR: 0.060988
RR: 0.180688
DD: 0.00359
DR: 0.057937999999999996
RR: 0.171878
DD: 0.003846
DR: 0.054263
RR: 0.17405700000000002
DD: 0.003997
DR: 0.058630999999999996
RR: 0.17076
DD: 0.004222
DR: 0.055046
RR: 0.166015
DD: 0.0041259999999999995
DR: 0.058031
RR: 0.173787
DD: 0.00381
DR: 0.053369
RR: 0.159164
DD: 0.003433
DR: 0.048982
RR: 0.165181
DD: 0.003994999999999999
DR: 0.05377799999999999
RR: 0.155441
DD: 0.004036
DR: 0.057467
RR: 0.142804
DD: 0.0035859999999999998
DR: 0.051594
RR: 0.15245899999999998
DD: 0.003564
DR: 0.049641000000000046
RR: 0.153694
DD: 0.00381
DR: 0.048916
RR: 0.146444
DD: 0.003787
DR: 0.050623999999999995
RR: 0.152499
DD: 0.003689
DR: 0.051085
RR: 0.153478
DD: 0.0036569999999999997
DR: 0.056426
RR: 0.17618399999999998
DD: 0.004168
DR: 0.054823
RR: 0.17709999999999998
DD: 0.003849
DR: 0.052132
RR: 0.177171
DD: 0.004116
DR: 0.055186
RR: 0.167156
DD: 0.003665
DR: 0.051986
RR: 0.16677600000000004
DD: 0.003813
DR: 0.057664999999999994
RR: 0.17757699999999998
DD: 0.004084
DR: 0.053887
RR: 0.173011
DD: 0.003859
DR: 0.053456
RR: 0.17275600000000002
DD: 0.0042829999999999995
DR: 0.053343999999999996
RR: 0.16802999999999998
DD: 0.004154
DR: 0.056107
RR: 0.164967
DD: 0.003986
DR: 0.056076999999999995
RR: 0.165428
DD: 0.0037679999999999996
DR: 0.05554
RR: 0.166191
DD: 0.003898
DR: 0.056325
RR: 0.180826
DD: 0.004142
DR: 0.056665
RR: 0.173225
DD: 0.003836
DR: 0.052759999999999994
RR: 0.180113
DD: 0.004201
DR: 0.056159999999999995
RR: 0.17518100000000003
DD: 0.004274
DR: 0.050851999999999994
RR: 0.16287
DD: 0.004271
DR: 0.055368
RR: 0.159102
DD: 0.004007
DR: 0.051531999999999994
RR: 0.148277
saved to _G20.5_rmin0.001_rmax10.0_nbins20_zmin3.0zmax4.6_Lmax-25.0_N50_Planck_MC_b60
Pixels masked by MC but not already by selfunc: 0
G20.5_zmin3.0zmax4.6_Lmax-26.0: 0.77              8565 vs 36458
/home/groups/tabel/mahlet/quaia-env/lib/python3.10/site-packages/Corrfunc/utils.py:918: UserWarning: One or more input array has non-native endianness!  A copy will be made with the correct endianness.
  warnings.warn("One or more input array has non-native endianness!  A copy will"\
DD: 0.003757
DR: 0.053013
RR: 0.15629700000000002
DD: 0.004131
DR: 0.054133999999999995
RR: 0.151809
DD: 0.0037489999999999997
DR: 0.049671
RR: 0.15845199999999998
DD: 0.004161
DR: 0.052057
RR: 0.16211200000000003
DD: 0.004184
DR: 0.051005999999999996
RR: 0.158168
DD: 0.004076
DR: 0.054433999999999996
RR: 0.17130399999999998
DD: 0.004005
DR: 0.056527999999999995
RR: 0.16791899999999998
DD: 0.0038599999999999997
DR: 0.055514
RR: 0.184162
DD: 0.004357
DR: 0.059722
RR: 0.17632
DD: 0.004062
DR: 0.052217
RR: 0.17496599999999998
DD: 0.0044399999999999995
DR: 0.06323
RR: 0.176697
DD: 0.004039
DR: 0.064875
RR: 0.168084
DD: 0.0040149999999999995
DR: 0.062001999999999995
RR: 0.189547
DD: 0.004494
DR: 0.06329599999999999
RR: 0.177885
DD: 0.003998
DR: 0.05432500000000007
RR: 0.186165
DD: 0.004306
DR: 0.06264299999999999
RR: 0.181717
DD: 0.004389
DR: 0.052695
RR: 0.16922000000000004
DD: 0.004337
DR: 0.060534
RR: 0.175509
DD: 0.003613
DR: 0.056452999999999996
RR: 0.15573499999999998
DD: 0.003934
DR: 0.05459
RR: 0.1720170000000001
DD: 0.004163
DR: 0.057666999999999996
RR: 0.159163
DD: 0.003832
DR: 0.052525999999999996
RR: 0.166341
DD: 0.004046
DR: 0.055986999999999995
RR: 0.15617899999999998
DD: 0.003668
DR: 0.051687
RR: 0.148729
DD: 0.003609
DR: 0.050769999999999996
RR: 0.15556399999999998
DD: 0.003685
DR: 0.049527999999999996
RR: 0.14568399999999998
DD: 0.0039369999999999995
DR: 0.051953
RR: 0.139061
DD: 0.00359
DR: 0.054792999999999994
RR: 0.148665
DD: 0.003846
DR: 0.049582
RR: 0.155109
DD: 0.0032879999999999997
DR: 0.048452999999999996
RR: 0.148941
DD: 0.003659
DR: 0.054127999999999996
RR: 0.155
DD: 0.003665
DR: 0.05479
RR: 0.16269999999999998
DD: 0.0036249999999999998
DR: 0.054172
RR: 0.17052299999999998
DD: 0.003931
DR: 0.055392
RR: 0.175645
DD: 0.003957
DR: 0.053009000000000084
RR: 0.165737
DD: 0.003921
DR: 0.054562
RR: 0.17146499999999998
DD: 0.004049
DR: 0.052815
RR: 0.164064
DD: 0.003897
DR: 0.052205999999999995
RR: 0.179281
DD: 0.004161
DR: 0.059232
RR: 0.172728
DD: 0.003737
DR: 0.052516
RR: 0.16352600000000006
DD: 0.004252
DR: 0.059823999999999995
RR: 0.17410299999999998
DD: 0.004162
DR: 0.058573999999999994
RR: 0.156225
DD: 0.003705
DR: 0.057102
RR: 0.18110100000000007
DD: 0.004226
DR: 0.055541999999999994
RR: 0.174166
DD: 0.004038
DR: 0.052638
RR: 0.177579
DD: 0.00415
DR: 0.05971900000000008
RR: 0.17030599999999999
DD: 0.0041919999999999995
DR: 0.057762
RR: 0.17013699999999998
DD: 0.0039019999999999997
DR: 0.054974999999999996
RR: 0.17659200000000008
DD: 0.003833
DR: 0.053371999999999996
RR: 0.166012
DD: 0.003665
DR: 0.050053999999999994
RR: 0.14726
saved to _G20.5_rmin0.001_rmax10.0_nbins20_zmin3.0zmax4.6_Lmax-26.0_N50_Planck_MC_b60
Pixels masked by MC but not already by selfunc: 0
G20.5_zmin3.0zmax4.6_Lmax-27.0: 0.79              6044 vs 28981
/home/groups/tabel/mahlet/quaia-env/lib/python3.10/site-packages/Corrfunc/utils.py:918: UserWarning: One or more input array has non-native endianness!  A copy will be made with the correct endianness.
  warnings.warn("One or more input array has non-native endianness!  A copy will"\
DD: 0.0028499999999999997
DR: 0.036413
RR: 0.08659500000000009
DD: 0.002712
DR: 0.033615
RR: 0.095423
DD: 0.003068
DR: 0.040326999999999995
RR: 0.09749
DD: 0.0030559999999999997
DR: 0.036137999999999997
RR: 0.09295099999999999
DD: 0.0031119999999999997
DR: 0.034412
RR: 0.089824
DD: 0.002825
DR: 0.038963
RR: 0.105977
DD: 0.003025
DR: 0.041779
RR: 0.109994
DD: 0.003126
DR: 0.036122999999999995
RR: 0.114483
DD: 0.019115
DR: 0.036787
RR: 0.10048499999999999
DD: 0.0030329999999999997
DR: 0.036542
RR: 0.109327
DD: 0.0033169999999999996
DR: 0.038244
RR: 0.100182
DD: 0.0030629999999999998
DR: 0.036606
RR: 0.104822
DD: 0.003209
DR: 0.03972
RR: 0.096665
DD: 0.0028369999999999997
DR: 0.037317000000000045
RR: 0.10044199999999999
DD: 0.003072
DR: 0.039353
RR: 0.10776
DD: 0.0028959999999999997
DR: 0.043761
RR: 0.107985
DD: 0.002839
DR: 0.036338999999999996
RR: 0.09794599999999999
DD: 0.003028
DR: 0.039020000000000055
RR: 0.106968
DD: 0.0032069999999999998
DR: 0.041554
RR: 0.102058
DD: 0.002983
DR: 0.040782
RR: 0.09508499999999999
DD: 0.002851
DR: 0.036717
RR: 0.10721
DD: 0.003306
DR: 0.042658999999999996
RR: 0.10247099999999999
DD: 0.002702
DR: 0.035599
RR: 0.10488499999999999
DD: 0.002786
DR: 0.033884
RR: 0.092071
DD: 0.002871
DR: 0.036281
RR: 0.102772
DD: 0.003061
DR: 0.037044
RR: 0.100047
DD: 0.0029749999999999998
DR: 0.033886
RR: 0.087875
DD: 0.0028409999999999998
DR: 0.03705
RR: 0.088215
DD: 0.0027459999999999997
DR: 0.033557
RR: 0.089892
DD: 0.0030529999999999997
DR: 0.038048
RR: 0.092154
DD: 0.002761
DR: 0.037072
RR: 0.100437
DD: 0.0029609999999999997
DR: 0.04319
RR: 0.09328299999999999
DD: 0.002956
DR: 0.036740999999999996
RR: 0.09602999999999999
DD: 0.002995
DR: 0.036809999999999996
RR: 0.10739599999999999
DD: 0.003191
DR: 0.040550000000000086
RR: 0.101958
DD: 0.002815
DR: 0.041301
RR: 0.098343
DD: 0.002802
DR: 0.036067
RR: 0.1018
DD: 0.0031539999999999997
DR: 0.041384
RR: 0.109831
DD: 0.003342
DR: 0.038567
RR: 0.10353599999999999
DD: 0.002937
DR: 0.039165
RR: 0.096525
DD: 0.0029479999999999997
DR: 0.039472
RR: 0.110026
DD: 0.003251
DR: 0.040997
RR: 0.106123
DD: 0.003045
DR: 0.040320999999999996
RR: 0.103572
DD: 0.003071
DR: 0.036164
RR: 0.10133099999999999
DD: 0.003241
DR: 0.042474
RR: 0.10593899999999999
DD: 0.0030559999999999997
DR: 0.043442
RR: 0.09984
DD: 0.0031739999999999997
DR: 0.037867
RR: 0.10412099999999999
DD: 0.0029749999999999998
DR: 0.03537
RR: 0.094525
DD: 0.0026609999999999997
DR: 0.036767999999999995
RR: 0.098734
DD: 0.002835
DR: 0.034508
RR: 0.08714799999999999
saved to _G20.5_rmin0.001_rmax10.0_nbins20_zmin3.0zmax4.6_Lmax-27.0_N50_Planck_MC_b60
done!
