Starting batch job

G20.5: computing wtheta in 30 bins from 0.001 to 10.0 on a log scale for 50 jackknife regions...
--L: maxsplit

z: None split 4
L: None maxsplit 4
Pixels masked by MC but not already by selfunc: 205
G20.5_zsplit4bin0_Lmaxsplit4bin0: 0.61              31802 vs 80949
[Warning] The CPU supports AVX512F but the compiler does not.  Can you try another compiler?
/home/groups/tabel/mahlet/quaia-env/lib/python3.10/site-packages/Corrfunc/utils.py:918: UserWarning: One or more input array has non-native endianness!  A copy will be made with the correct endianness.
  warnings.warn("One or more input array has non-native endianness!  A copy will"\
DD: 0.011046
DR: 0.268213
RR: 0.9858
DD: 0.010504999999999999
DR: 0.268332
RR: 0.986072
DD: 0.012286
DR: 0.268922
RR: 0.985097
DD: 0.010487999999999999
DR: 0.269019
RR: 0.985198
DD: 0.010465
DR: 0.26844999999999997
RR: 0.986294
DD: 0.010445999999999999
DR: 0.269825
RR: 0.990949
DD: 0.012541
DR: 0.270316
RR: 0.992736
DD: 0.010933
DR: 0.270638
RR: 1.00295
DD: 0.012201
DR: 0.2748
RR: 1.016958
DD: 0.010797
DR: 0.277923
RR: 1.037153
DD: 0.012527
DR: 0.282184
RR: 1.049435
DD: 0.011059
DR: 0.280961
RR: 1.048695
DD: 0.010895
DR: 0.288089
RR: 1.046713
DD: 0.011127999999999999
DR: 0.28146299999999996
RR: 1.048174
DD: 0.010917999999999999
DR: 0.28121199999999996
RR: 1.04781
DD: 0.010862
DR: 0.28133300000000006
RR: 1.048893
DD: 0.010898999999999999
DR: 0.281597
RR: 1.047925
DD: 0.010916
DR: 0.28137999999999996
RR: 1.051553
DD: 0.012742
DR: 0.279623
RR: 1.042962
DD: 0.010686
DR: 0.275842
RR: 1.026119
DD: 0.01079
DR: 0.272578
RR: 1.00987
DD: 0.010844
DR: 0.270238
RR: 0.997446
DD: 0.010577
DR: 0.26960999999999996
RR: 0.992678
DD: 0.010426
DR: 0.267629
RR: 0.987359
DD: 0.010301
DR: 0.26788200000000006
RR: 0.98667
DD: 0.010421
DR: 0.266416
RR: 0.980565
DD: 0.010232
DR: 0.26683999999999997
RR: 0.98154
DD: 0.012133999999999999
DR: 0.266556
RR: 0.978939
DD: 0.010532999999999999
DR: 0.267312
RR: 0.981143
DD: 0.01023
DR: 0.26808299999999996
RR: 0.986148
DD: 0.010487
DR: 0.26888900000000004
RR: 0.988629
DD: 0.01066
DR: 0.269725
RR: 0.99405
DD: 0.010674
DR: 0.27111599999999997
RR: 1.00201
DD: 0.01057
DR: 0.273248
RR: 1.015996
DD: 0.010983
DR: 0.2770060000000001
RR: 1.034343
DD: 0.010725
DR: 0.281403
RR: 1.048207
DD: 0.010843
DR: 0.28171799999999997
RR: 1.04811
DD: 0.010643000000000069
DR: 0.280578
RR: 1.049067
DD: 0.010648
DR: 0.280779
RR: 1.048745
DD: 0.010622999999999999
DR: 0.280938
RR: 1.048913
DD: 0.010881
DR: 0.281237
RR: 1.047899
DD: 0.010863
DR: 0.281446
RR: 1.048565
DD: 0.010865
DR: 0.28137
RR: 1.049251
DD: 0.012168
DR: 0.2800290000000001
RR: 1.042192
DD: 0.010551999999999999
DR: 0.275377
RR: 1.026694
DD: 0.010537999999999999
DR: 0.27247099999999996
RR: 1.010147
DD: 0.010535
DR: 0.270079
RR: 0.997813
DD: 0.010237999999999999
DR: 0.26924900000000007
RR: 0.989283
DD: 0.010256999999999999
DR: 0.26833799999999997
RR: 0.986616
DD: 0.010461
DR: 0.268032
RR: 0.985825
saved to _G20.5_rmin0.001_rmax10.0_nbins30_zsplit4bin0_Lmaxsplit4bin0_N50_Planck_MC_b40

Pixels masked by MC but not already by selfunc: 455
G20.5_zsplit4bin0_Lmaxsplit4bin1: 0.56              70443 vs 161897
/home/groups/tabel/mahlet/quaia-env/lib/python3.10/site-packages/Corrfunc/utils.py:918: UserWarning: One or more input array has non-native endianness!  A copy will be made with the correct endianness.
  warnings.warn("One or more input array has non-native endianness!  A copy will"\
DD: 0.023683
DR: 0.783961
RR: 4.115889
DD: 0.023653999999999998
DR: 0.785169
RR: 4.097787
DD: 0.023681
DR: 0.782464
RR: 4.095866
DD: 0.023743999999999998
DR: 0.7830229999999999
RR: 4.096387
DD: 0.02375
DR: 0.783327
RR: 4.099956
DD: 0.024966
DR: 0.786031
RR: 4.109889
DD: 0.023847999999999998
DR: 0.789235
RR: 4.131003
DD: 0.023874
DR: 0.793674
RR: 4.171229
DD: 0.024147
DR: 0.804299
RR: 4.2438400000000005
DD: 0.024378999999999998
DR: 0.815687
RR: 4.316799
DD: 0.024558999999999997
DR: 0.826034
RR: 4.3728
DD: 0.025084
DR: 0.823743
RR: 4.3727789999999995
DD: 0.024755
DR: 0.824542
RR: 4.372562
DD: 0.024744
DR: 0.824535
RR: 4.373492
DD: 0.024641
DR: 0.823114
RR: 4.373683
DD: 0.024721999999999997
DR: 0.823939
RR: 4.372213
DD: 0.024753999999999998
DR: 0.824219
RR: 4.371914
DD: 0.0248
DR: 0.823708
RR: 4.373282
DD: 0.024697999999999998
DR: 0.822906
RR: 4.364917
DD: 0.024256999999999997
DR: 0.8095950000000001
RR: 4.283746
DD: 0.024106
DR: 0.798701
RR: 4.207107
DD: 0.023622999999999998
DR: 0.791342
RR: 4.151585
DD: 0.023400999999999998
DR: 0.786159
RR: 4.126156
DD: 0.023434999999999997
DR: 0.781185
RR: 4.109102
DD: 0.02469
DR: 0.781015
RR: 4.103936
DD: 0.02326
DR: 0.777621
RR: 4.078962
DD: 0.023606
DR: 0.7806949999999999
RR: 4.074251
DD: 0.023514999999999998
DR: 0.780101
RR: 4.077492
DD: 0.023454
DR: 0.77802
RR: 4.081802
DD: 0.023646
DR: 0.781101
RR: 4.103044
DD: 0.023757999999999998
DR: 0.7854099999999999
RR: 4.119433
DD: 0.023762
DR: 0.788574
RR: 4.141866
DD: 0.023951
DR: 0.792501
RR: 4.178087
DD: 0.024092
DR: 0.8037179999999999
RR: 4.240232
DD: 0.024267
DR: 0.815047
RR: 4.319373
DD: 0.025751999999999997
DR: 0.823847
RR: 4.372611
DD: 0.024638999999999998
DR: 0.82344
RR: 4.373962
DD: 0.024645
DR: 0.824522
RR: 4.376957
DD: 0.02464
DR: 0.823761
RR: 4.375934
DD: 0.024673999999999998
DR: 0.825225
RR: 4.373901
DD: 0.024680999999999998
DR: 0.824355
RR: 4.37728
DD: 0.024739999999999998
DR: 0.823986
RR: 4.378844
DD: 0.024787
DR: 0.824296
RR: 4.375815
DD: 0.024666
DR: 0.822707
RR: 4.361805
DD: 0.025325
DR: 0.808863
RR: 4.28312
DD: 0.024079
DR: 0.7965720000000001
RR: 4.196176
DD: 0.023835
DR: 0.789909
RR: 4.148865
DD: 0.023441999999999998
DR: 0.786316
RR: 4.119987
DD: 0.023379
DR: 0.782843
RR: 4.101287
DD: 0.023559
DR: 0.781224
RR: 4.111722
saved to _G20.5_rmin0.001_rmax10.0_nbins30_zsplit4bin0_Lmaxsplit4bin1_N50_Planck_MC_b40

Pixels masked by MC but not already by selfunc: 696
G20.5_zsplit4bin0_Lmaxsplit4bin2: 0.52              115796 vs 242846
/home/groups/tabel/mahlet/quaia-env/lib/python3.10/site-packages/Corrfunc/utils.py:918: UserWarning: One or more input array has non-native endianness!  A copy will be made with the correct endianness.
  warnings.warn("One or more input array has non-native endianness!  A copy will"\
DD: 0.044147
DR: 1.68403
RR: 11.407341
DD: 0.045176999999999995
DR: 1.677312
RR: 11.330819
DD: 0.043986
DR: 1.6779410000000001
RR: 11.352976
DD: 0.044196
DR: 1.678137
RR: 11.33907
DD: 0.044034
DR: 1.677191
RR: 11.348357
DD: 0.044185999999999996
DR: 1.68415
RR: 11.413625
DD: 0.044794999999999995
DR: 1.696815
RR: 11.492126
DD: 0.045620999999999995
DR: 1.7005439999999998
RR: 11.594367
DD: 0.045014
DR: 1.7256909999999999
RR: 11.80061
DD: 0.045808999999999996
DR: 1.75426
RR: 12.010633
DD: 0.046255
DR: 1.774002
RR: 12.164681
DD: 0.046377999999999996
DR: 1.775141
RR: 12.169777
DD: 0.04679
DR: 1.7729840000000001
RR: 12.178791
DD: 0.04623
DR: 1.77441
RR: 12.167201
DD: 0.046433999999999996
DR: 1.777838
RR: 12.185554
DD: 0.04627
DR: 1.775669
RR: 12.165616
DD: 0.047059
DR: 1.781861
RR: 12.181203
DD: 0.046509999999999996
DR: 1.779399
RR: 12.168128
DD: 0.046127
DR: 1.770324
RR: 12.117447
DD: 0.045204
DR: 1.740149
RR: 11.894153
DD: 0.045328
DR: 1.709456
RR: 11.69243
DD: 0.044398
DR: 1.694738
RR: 11.499803
DD: 0.044232
DR: 1.686367
RR: 11.422389
DD: 0.043612
DR: 1.6717279999999999
RR: 11.352687
DD: 0.04468
DR: 1.673338
RR: 11.357243
DD: 0.043560999999999996
DR: 1.66527
RR: 11.303412
DD: 0.043757
DR: 1.668699
RR: 11.268246
DD: 0.043601
DR: 1.666591
RR: 11.276687
DD: 0.044739999999999995
DR: 1.668564
RR: 11.277103
DD: 0.043883
DR: 1.675373
RR: 11.341132
DD: 0.044275999999999996
DR: 1.6886670000000001
RR: 11.401759
DD: 0.044354
DR: 1.6867839999999998
RR: 11.464088
DD: 0.044823999999999996
DR: 1.70916
RR: 11.597178
DD: 0.046153
DR: 1.725492
RR: 11.775027
DD: 0.045906999999999996
DR: 1.756156
RR: 12.005338
DD: 0.046356
DR: 1.777763
RR: 12.176718
DD: 0.047199
DR: 1.779005
RR: 12.174593
DD: 0.046389
DR: 1.778941
RR: 12.173311
DD: 0.046225999999999996
DR: 1.779366
RR: 12.178877
DD: 0.046411999999999995
DR: 1.775018
RR: 12.172994
DD: 0.046139
DR: 1.77701
RR: 12.181982
DD: 0.04717
DR: 1.777222
RR: 12.175365
DD: 0.04624000000000006
DR: 1.78089
RR: 12.179136
DD: 0.046036
DR: 1.771025
RR: 12.128635
DD: 0.045389
DR: 1.7424499999999998
RR: 11.903794
DD: 0.045901
DR: 1.712795
RR: 11.679215
DD: 0.0448
DR: 1.697899
RR: 11.530421
DD: 0.044177
DR: 1.688639
RR: 11.428416
DD: 0.044163
DR: 1.681695
RR: 11.37703
DD: 0.043733999999999995
DR: 1.685116
RR: 11.414577
saved to _G20.5_rmin0.001_rmax10.0_nbins30_zsplit4bin0_Lmaxsplit4bin2_N50_Planck_MC_b40

Pixels masked by MC but not already by selfunc: 939
G20.5_zsplit4bin0_Lmaxsplit4bin3: 0.50              161532 vs 323795
/home/groups/tabel/mahlet/quaia-env/lib/python3.10/site-packages/Corrfunc/utils.py:918: UserWarning: One or more input array has non-native endianness!  A copy will be made with the correct endianness.
  warnings.warn("One or more input array has non-native endianness!  A copy will"\
DD: 0.070557
DR: 2.9336510000000002
RR: 23.425819
DD: 0.069946
DR: 2.914358
RR: 23.258163
DD: 0.07095
DR: 2.928392
RR: 23.239916
DD: 0.070018
DR: 2.917339
RR: 23.217915
DD: 0.07108700000000001
DR: 2.922162
RR: 23.305699
DD: 0.07056
DR: 2.935131
RR: 23.413242
DD: 0.071615
DR: 2.957207
RR: 23.57631
DD: 0.07086800000000004
DR: 2.977776
RR: 23.801952
DD: 0.072465
DR: 3.012214
RR: 24.190517
DD: 0.072947
DR: 3.05759
RR: 24.646464
DD: 0.07460699999999999
DR: 3.102688
RR: 24.998005
DD: 0.074057
DR: 3.102975
RR: 25.032922
DD: 0.074961
DR: 3.10347
RR: 25.040309
DD: 0.073845
DR: 3.100654
RR: 25.033532
DD: 0.075
DR: 3.104611
RR: 25.047417
DD: 0.07394099999999999
DR: 3.100813
RR: 25.027883
DD: 0.074807
DR: 3.106175
RR: 25.040424
DD: 0.07404899999999999
DR: 3.102156
RR: 25.032875
DD: 0.074402
DR: 3.0921000000000003
RR: 24.901474
DD: 0.07253899999999999
DR: 3.035797
RR: 24.377313
DD: 0.07209
DR: 2.984552
RR: 23.923758
DD: 0.07087299999999999
DR: 2.950537
RR: 23.595201
DD: 0.071286
DR: 2.936764
RR: 23.452839
DD: 0.069782
DR: 2.914749
RR: 23.282865
DD: 0.069877
DR: 2.90947
RR: 23.315019
DD: 0.070454
DR: 2.898567
RR: 23.151278
DD: 0.06949500000000008
DR: 2.889919
RR: 23.02987
DD: 0.070031
DR: 2.896442
RR: 23.069411
DD: 0.06916
DR: 2.893265
RR: 23.059521
DD: 0.070534
DR: 2.916239
RR: 23.233671
DD: 0.07015199999999999
DR: 2.928849
RR: 23.318628
DD: 0.070611
DR: 2.938167
RR: 23.471821
DD: 0.070723
DR: 2.952368
RR: 23.766871
DD: 0.07238699999999999
DR: 2.997698
RR: 24.146812
DD: 0.07276000000000005
DR: 3.046568
RR: 24.636269
DD: 0.07441600000000004
DR: 3.096759
RR: 24.998769
DD: 0.07400999999999999
DR: 3.092803
RR: 25.023543
DD: 0.074846
DR: 3.095348
RR: 25.013447
DD: 0.07349699999999999
DR: 3.090515
RR: 25.036719
DD: 0.074673
DR: 3.097992
RR: 25.031045
DD: 0.07396599999999999
DR: 3.09014
RR: 25.030014
DD: 0.074637
DR: 3.097474
RR: 25.014505
DD: 0.074056
DR: 3.091777
RR: 25.027828
DD: 0.074197
DR: 3.09034
RR: 24.897301
DD: 0.073401
DR: 3.0377
RR: 24.447878
DD: 0.071059
DR: 2.980548
RR: 23.97479
DD: 0.07138599999999999
DR: 2.956725
RR: 23.67493
DD: 0.07038799999999999
DR: 2.94341
RR: 23.443806
DD: 0.07105100000000009
DR: 2.926185
RR: 23.362507
DD: 0.069994
DR: 2.925297
RR: 23.503439
saved to _G20.5_rmin0.001_rmax10.0_nbins30_zsplit4bin0_Lmaxsplit4bin3_N50_Planck_MC_b40

Pixels masked by MC but not already by selfunc: 210
G20.5_zsplit4bin1_Lmaxsplit4bin0: 0.60              32479 vs 80987
/home/groups/tabel/mahlet/quaia-env/lib/python3.10/site-packages/Corrfunc/utils.py:918: UserWarning: One or more input array has non-native endianness!  A copy will be made with the correct endianness.
  warnings.warn("One or more input array has non-native endianness!  A copy will"\
DD: 0.01074
DR: 0.26201599999999997
RR: 0.991915
DD: 0.010787999999999999
DR: 0.261172
RR: 0.98973
DD: 0.011009999999999999
DR: 0.26172700000000004
RR: 0.993171
DD: 0.012445999999999999
DR: 0.265184
RR: 0.989113
DD: 0.010633
DR: 0.260619
RR: 0.991149
DD: 0.010761
DR: 0.263493
RR: 0.9923960000000001
DD: 0.01077
DR: 0.26168
RR: 0.997391
DD: 0.010818999999999999
DR: 0.264706
RR: 1.007295
DD: 0.010921
DR: 0.267386
RR: 1.022056
DD: 0.010912999999999999
DR: 0.27131400000000006
RR: 1.039517
DD: 0.011026
DR: 0.274132
RR: 1.052818
DD: 0.010986
DR: 0.273149
RR: 1.05231
DD: 0.010957
DR: 0.273431
RR: 1.053685
DD: 0.010988
DR: 0.273617
RR: 1.053129
DD: 0.011025
DR: 0.27263500000000007
RR: 1.053185
DD: 0.010964999999999999
DR: 0.27218
RR: 1.051706
DD: 0.010974
DR: 0.273094
RR: 1.053192
DD: 0.010987
DR: 0.27352
RR: 1.051921
DD: 0.010971999999999999
DR: 0.27209099999999997
RR: 1.049081
DD: 0.010813
DR: 0.26762300000000006
RR: 1.031028
DD: 0.010836
DR: 0.265578
RR: 1.0152
DD: 0.010846
DR: 0.263662
RR: 1.004777
DD: 0.012362
DR: 0.265055
RR: 0.997888
DD: 0.010731
DR: 0.260424
RR: 0.992984
DD: 0.010735999999999999
DR: 0.25942899999999997
RR: 0.990982
DD: 0.010582999999999999
DR: 0.258753
RR: 0.984791
DD: 0.010634
DR: 0.2593270000000001
RR: 0.98401
DD: 0.010562
DR: 0.25992499999999996
RR: 0.984954
DD: 0.010595
DR: 0.259583
RR: 0.987046
DD: 0.010711
DR: 0.26019800000000004
RR: 0.991348
DD: 0.010787999999999999
DR: 0.261751
RR: 0.995269
DD: 0.010816
DR: 0.262469
RR: 0.999056
DD: 0.010863999999999999
DR: 0.263775
RR: 1.007152
DD: 0.010775999999999999
DR: 0.26646900000000007
RR: 1.020896
DD: 0.011064
DR: 0.27008499999999996
RR: 1.039183
DD: 0.010997
DR: 0.273379
RR: 1.054252
DD: 0.010986
DR: 0.272762
RR: 1.05372
DD: 0.010969
DR: 0.27342900000000003
RR: 1.053505
DD: 0.01095
DR: 0.273294
RR: 1.053003
DD: 0.010961
DR: 0.273266
RR: 1.052244
DD: 0.01098
DR: 0.273207
RR: 1.052392
DD: 0.010946
DR: 0.273205
RR: 1.051794
DD: 0.010964
DR: 0.2728980000000001
RR: 1.052511
DD: 0.011124
DR: 0.272059
RR: 1.048691
DD: 0.010974
DR: 0.26805999999999996
RR: 1.029586
DD: 0.010761999999999999
DR: 0.265903
RR: 1.012768
DD: 0.010683999999999999
DR: 0.26288100000000003
RR: 1.002543
DD: 0.010792999999999999
DR: 0.262092
RR: 0.996257
DD: 0.010586
DR: 0.260096
RR: 0.991178
DD: 0.010659
DR: 0.26120600000000005
RR: 0.991693
saved to _G20.5_rmin0.001_rmax10.0_nbins30_zsplit4bin1_Lmaxsplit4bin0_N50_Planck_MC_b40

Pixels masked by MC but not already by selfunc: 440
G20.5_zsplit4bin1_Lmaxsplit4bin1: 0.57              70080 vs 161974
/home/groups/tabel/mahlet/quaia-env/lib/python3.10/site-packages/Corrfunc/utils.py:918: UserWarning: One or more input array has non-native endianness!  A copy will be made with the correct endianness.
  warnings.warn("One or more input array has non-native endianness!  A copy will"\
DD: 0.023424999999999998
DR: 0.781022
RR: 4.087193
DD: 0.024612
DR: 0.7801480000000001
RR: 4.060408
DD: 0.023495
DR: 0.782356
RR: 4.074819
DD: 0.023641
DR: 0.781111
RR: 4.071735
DD: 0.023422
DR: 0.779844
RR: 4.074502
DD: 0.023364
DR: 0.781637
RR: 4.081892
DD: 0.023461
DR: 0.784956
RR: 4.100167
DD: 0.023719
DR: 0.790736
RR: 4.144158
DD: 0.023889
DR: 0.800094
RR: 4.213136
DD: 0.024041
DR: 0.811546
RR: 4.289461
DD: 0.024321
DR: 0.820231
RR: 4.348177
DD: 0.024422
DR: 0.822388
RR: 4.34733
DD: 0.024288
DR: 0.821306
RR: 4.346675
DD: 0.024413999999999998
DR: 0.820927
RR: 4.346722
DD: 0.02438
DR: 0.8205290000000001
RR: 4.343885
DD: 0.024411
DR: 0.82206
RR: 4.3479659999999996
DD: 0.024541
DR: 0.820146
RR: 4.34452
DD: 0.025817999999999997
DR: 0.8217
RR: 4.347303
DD: 0.024305
DR: 0.818416
RR: 4.325632
DD: 0.02386
DR: 0.804184
RR: 4.255341
DD: 0.023767
DR: 0.793024
RR: 4.178453
DD: 0.023451
DR: 0.78783
RR: 4.131079
DD: 0.023434
DR: 0.783039
RR: 4.104116
DD: 0.023174999999999998
DR: 0.779701
RR: 4.082668
DD: 0.023271
DR: 0.77747
RR: 4.078518
DD: 0.023295
DR: 0.774128
RR: 4.055485
DD: 0.023278999999999998
DR: 0.7746770000000001
RR: 4.047467
DD: 0.023278999999999998
DR: 0.776077
RR: 4.052194
DD: 0.023407999999999998
DR: 0.775818
RR: 4.058897
DD: 0.02344
DR: 0.778173
RR: 4.075633
DD: 0.023406
DR: 0.7803990000000001
RR: 4.094706
DD: 0.023615
DR: 0.784808
RR: 4.111446
DD: 0.023752
DR: 0.792361
RR: 4.148764
DD: 0.024232
DR: 0.799467
RR: 4.214792
DD: 0.024238
DR: 0.811273
RR: 4.290718
DD: 0.024485999999999997
DR: 0.822276
RR: 4.347597
DD: 0.024295999999999998
DR: 0.821439
RR: 4.346012
DD: 0.024546
DR: 0.8226789999999999
RR: 4.348295
DD: 0.024402999999999998
DR: 0.8217300000000001
RR: 4.347735
DD: 0.024468999999999998
DR: 0.821446
RR: 4.34734
DD: 0.024402
DR: 0.82114
RR: 4.347755
DD: 0.024589
DR: 0.822214
RR: 4.3479
DD: 0.025743
DR: 0.821333
RR: 4.347056
DD: 0.024284999999999998
DR: 0.817651
RR: 4.32752
DD: 0.023868
DR: 0.80769
RR: 4.236417
DD: 0.023726
DR: 0.7918620000000001
RR: 4.177848
DD: 0.02354
DR: 0.7855329999999999
RR: 4.129392
DD: 0.023489
DR: 0.782095
RR: 4.095081
DD: 0.023299
DR: 0.7793300000000001
RR: 4.076916
DD: 0.023447
DR: 0.776684
RR: 4.087553
saved to _G20.5_rmin0.001_rmax10.0_nbins30_zsplit4bin1_Lmaxsplit4bin1_N50_Planck_MC_b40

Pixels masked by MC but not already by selfunc: 698
G20.5_zsplit4bin1_Lmaxsplit4bin2: 0.54              112927 vs 242961
/home/groups/tabel/mahlet/quaia-env/lib/python3.10/site-packages/Corrfunc/utils.py:918: UserWarning: One or more input array has non-native endianness!  A copy will be made with the correct endianness.
  warnings.warn("One or more input array has non-native endianness!  A copy will"\
DD: 0.04249
DR: 1.610524
RR: 10.823267
DD: 0.042254
DR: 1.608216
RR: 10.764206
DD: 0.043393
DR: 1.615475
RR: 10.784953999999999
DD: 0.042503
DR: 1.614588
RR: 10.781109
DD: 0.042585
DR: 1.619613
RR: 10.811689
DD: 0.042799
DR: 1.622397
RR: 10.824816
DD: 0.042904
DR: 1.6241940000000001
RR: 10.931047
DD: 0.043074999999999995
DR: 1.636597
RR: 11.006011
DD: 0.043490999999999995
DR: 1.658446
RR: 11.183517
DD: 0.044786
DR: 1.68424
RR: 11.397336
DD: 0.044591
DR: 1.705285
RR: 11.552702
DD: 0.044476999999999996
DR: 1.70533
RR: 11.548191
DD: 0.044368
DR: 1.703412
RR: 11.552372
DD: 0.045472
DR: 1.707141
RR: 11.549963
DD: 0.044407999999999996
DR: 1.705557
RR: 11.554227000000001
DD: 0.044232999999999995
DR: 1.704781
RR: 11.550074
DD: 0.044593
DR: 1.70573
RR: 11.55247
DD: 0.044478
DR: 1.7055690000000001
RR: 11.553823
DD: 0.04521
DR: 1.697997
RR: 11.498089
DD: 0.043752
DR: 1.674644
RR: 11.307649
DD: 0.043364
DR: 1.6478380000000001
RR: 11.091294
DD: 0.042782999999999995
DR: 1.630406
RR: 10.9598
DD: 0.043508
DR: 1.621599
RR: 10.849375
DD: 0.042297
DR: 1.612275
RR: 10.802896
DD: 0.042241999999999995
DR: 1.609221
RR: 10.785651
DD: 0.042157
DR: 1.600357
RR: 10.736557
DD: 0.042318
DR: 1.599643
RR: 10.700061
DD: 0.042873999999999995
DR: 1.604148
RR: 10.718527
DD: 0.042157
DR: 1.60361
RR: 10.720485
DD: 0.042385
DR: 1.615804
RR: 10.77874
DD: 0.042331999999999995
DR: 1.616377
RR: 10.8382
DD: 0.043618
DR: 1.620279
RR: 10.854754
DD: 0.042867999999999996
DR: 1.635162
RR: 10.999649
DD: 0.043445
DR: 1.653301
RR: 11.176961
DD: 0.043830999999999995
DR: 1.679563
RR: 11.39228
DD: 0.045509999999999995
DR: 1.707591
RR: 11.556828
DD: 0.044362
DR: 1.710342
RR: 11.554086999999999
DD: 0.044389
DR: 1.7037399999999998
RR: 11.552468
DD: 0.044697999999999995
DR: 1.705642
RR: 11.556227
DD: 0.045272
DR: 1.7080039999999999
RR: 11.553952
DD: 0.044474
DR: 1.709581
RR: 11.558028
DD: 0.04456500000000008
DR: 1.705421
RR: 11.550909
DD: 0.044517999999999995
DR: 1.705652
RR: 11.557937
DD: 0.045265
DR: 1.696857
RR: 11.494285
DD: 0.043739
DR: 1.672942
RR: 11.310883
DD: 0.043351
DR: 1.646049
RR: 11.089906
DD: 0.042727999999999995
DR: 1.6340620000000001
RR: 10.961597
DD: 0.042665999999999996
DR: 1.623848
RR: 10.844746
DD: 0.042414
DR: 1.613202
RR: 10.797267
DD: 0.042182
DR: 1.6130200000000001
RR: 10.836484
saved to _G20.5_rmin0.001_rmax10.0_nbins30_zsplit4bin1_Lmaxsplit4bin2_N50_Planck_MC_b40

Pixels masked by MC but not already by selfunc: 958
G20.5_zsplit4bin1_Lmaxsplit4bin3: 0.49              166066 vs 323949
/home/groups/tabel/mahlet/quaia-env/lib/python3.10/site-packages/Corrfunc/utils.py:918: UserWarning: One or more input array has non-native endianness!  A copy will be made with the correct endianness.
  warnings.warn("One or more input array has non-native endianness!  A copy will"\
DD: 0.073264
DR: 3.090884
RR: 24.934497
DD: 0.07328100000000004
DR: 3.067421
RR: 24.726626
DD: 0.07280299999999999
DR: 3.068835
RR: 24.760079
DD: 0.074141
DR: 3.075177
RR: 24.760578
DD: 0.073283
DR: 3.077181
RR: 24.816377
DD: 0.073458
DR: 3.090457
RR: 24.96019
DD: 0.07447999999999999
DR: 3.107221
RR: 25.116771
DD: 0.07397999999999999
DR: 3.123333
RR: 25.343714
DD: 0.075845
DR: 3.167695
RR: 25.750207
DD: 0.07622899999999999
DR: 3.217087
RR: 26.243126
DD: 0.07785099999999999
DR: 3.277969
RR: 26.66558
DD: 0.076953
DR: 3.276282
RR: 26.652214999999998
DD: 0.07799099999999999
DR: 3.277394
RR: 26.669773
DD: 0.07697999999999999
DR: 3.277593
RR: 26.659425
DD: 0.077927
DR: 3.2807
RR: 26.650317
DD: 0.07703399999999999
DR: 3.276507
RR: 26.656823
DD: 0.077919
DR: 3.283441
RR: 26.667844
DD: 0.077011
DR: 3.28296
RR: 26.66445
DD: 0.076761
DR: 3.248446
RR: 26.519369
DD: 0.07647899999999999
DR: 3.193382
RR: 26.009453
DD: 0.074431
DR: 3.137029
RR: 25.482219
DD: 0.074191
DR: 3.100637
RR: 25.105844
DD: 0.072864
DR: 3.079285
RR: 24.878469
DD: 0.073657
DR: 3.070657
RR: 24.730681
DD: 0.07249
DR: 3.060328
RR: 24.768055
DD: 0.07299599999999999
DR: 3.04905
RR: 24.583023
DD: 0.072003
DR: 3.029307
RR: 24.561211
DD: 0.07321699999999999
DR: 3.037265
RR: 24.59033
DD: 0.07223199999999999
DR: 3.038432
RR: 24.524762
DD: 0.073498
DR: 3.063703
RR: 24.712047
DD: 0.07289899999999999
DR: 3.0765000000000002
RR: 24.858166
DD: 0.074427
DR: 3.098469
RR: 25.014429
DD: 0.07392499999999999
DR: 3.121198
RR: 25.319979
DD: 0.075366
DR: 3.164686
RR: 25.747421
DD: 0.075844
DR: 3.213855
RR: 26.236978
DD: 0.07797599999999999
DR: 3.274646
RR: 26.636799
DD: 0.07681
DR: 3.277902
RR: 26.659205
DD: 0.077591
DR: 3.276126
RR: 26.642309
DD: 0.077
DR: 3.275481
RR: 26.631863
DD: 0.07809300000000008
DR: 3.276523
RR: 26.63452
DD: 0.076796
DR: 3.276576
RR: 26.648322
DD: 0.077362
DR: 3.278506
RR: 26.641408
DD: 0.076858
DR: 3.274238
RR: 26.635946
DD: 0.077814
DR: 3.248256
RR: 26.527941
DD: 0.075637
DR: 3.201971
RR: 26.070241
DD: 0.074595
DR: 3.145574
RR: 25.551286
DD: 0.073664
DR: 3.114948
RR: 25.221188
DD: 0.073263
DR: 3.087331
RR: 24.974845
DD: 0.073589
DR: 3.083783
RR: 24.711655
DD: 0.07267
DR: 3.072282
RR: 24.948813
saved to _G20.5_rmin0.001_rmax10.0_nbins30_zsplit4bin1_Lmaxsplit4bin3_N50_Planck_MC_b40

Pixels masked by MC but not already by selfunc: 254
G20.5_zsplit4bin2_Lmaxsplit4bin0: 0.59              33299 vs 80952
/home/groups/tabel/mahlet/quaia-env/lib/python3.10/site-packages/Corrfunc/utils.py:918: UserWarning: One or more input array has non-native endianness!  A copy will be made with the correct endianness.
  warnings.warn("One or more input array has non-native endianness!  A copy will"\
DD: 0.010927
DR: 0.268676
RR: 1.022088
DD: 0.010915
DR: 0.266715
RR: 1.019954
DD: 0.010876
DR: 0.267117
RR: 1.019659
DD: 0.010919
DR: 0.26720499999999997
RR: 1.020903
DD: 0.010886999999999999
DR: 0.267262
RR: 1.020992
DD: 0.010883
DR: 0.268025
RR: 1.023454
DD: 0.010924
DR: 0.269129
RR: 1.026583
DD: 0.010950999999999999
DR: 0.270595
RR: 1.037467
DD: 0.011028
DR: 0.273645
RR: 1.053959
DD: 0.011122
DR: 0.27727500000000005
RR: 1.070999
DD: 0.011261
DR: 0.280392
RR: 1.085807
DD: 0.011294
DR: 0.279858
RR: 1.085308
DD: 0.01121900000000009
DR: 0.279502
RR: 1.086
DD: 0.011233
DR: 0.280414
RR: 1.086182
DD: 0.011223
DR: 0.279041
RR: 1.084734
DD: 0.011255
DR: 0.2799400000000001
RR: 1.089131
DD: 0.01275
DR: 0.28320999999999996
RR: 1.085503
DD: 0.011281999999999999
DR: 0.28035
RR: 1.086059
DD: 0.011234
DR: 0.27967
RR: 1.081543
DD: 0.011098
DR: 0.274793
RR: 1.063668
DD: 0.011023999999999999
DR: 0.2712340000000001
RR: 1.046173
DD: 0.010935
DR: 0.269692
RR: 1.034449
DD: 0.010872999999999999
DR: 0.268241
RR: 1.027607
DD: 0.010835
DR: 0.26633999999999997
RR: 1.023154
DD: 0.010801999999999999
DR: 0.26491
RR: 1.021169
DD: 0.010822
DR: 0.26476200000000005
RR: 1.015542
DD: 0.010831
DR: 0.26570699999999997
RR: 1.014741
DD: 0.01082100000000008
DR: 0.266171
RR: 1.01539
DD: 0.010572999999999999
DR: 0.264687
RR: 1.015077
DD: 0.010835
DR: 0.26692899999999997
RR: 1.020265
DD: 0.010874
DR: 0.26769699999999996
RR: 1.023928
DD: 0.010886999999999999
DR: 0.268136
RR: 1.029385
DD: 0.010955999999999999
DR: 0.27064
RR: 1.038399
DD: 0.01107
DR: 0.273077
RR: 1.054109
DD: 0.011098
DR: 0.27656
RR: 1.072618
DD: 0.01129
DR: 0.280097
RR: 1.086037
DD: 0.011229999999999999
DR: 0.279978
RR: 1.087093
DD: 0.011248
DR: 0.279676
RR: 1.085588
DD: 0.011242
DR: 0.28020100000000003
RR: 1.085886
DD: 0.011271
DR: 0.28044900000000006
RR: 1.085771
DD: 0.011231
DR: 0.279697
RR: 1.085562
DD: 0.011238
DR: 0.27985499999999996
RR: 1.08644
DD: 0.011198999999999999
DR: 0.27979699999999996
RR: 1.085802
DD: 0.011167
DR: 0.284516
RR: 1.084801
DD: 0.011406
DR: 0.27488
RR: 1.061167
DD: 0.01099
DR: 0.27208600000000005
RR: 1.045926
DD: 0.010955
DR: 0.268767
RR: 1.033358
DD: 0.010886
DR: 0.26829
RR: 1.027528
DD: 0.010870999999999999
DR: 0.26706399999999997
RR: 1.021838
DD: 0.010791
DR: 0.26638700000000004
RR: 1.020853
saved to _G20.5_rmin0.001_rmax10.0_nbins30_zsplit4bin2_Lmaxsplit4bin0_N50_Planck_MC_b40

Pixels masked by MC but not already by selfunc: 489
G20.5_zsplit4bin2_Lmaxsplit4bin1: 0.55              72112 vs 161904
/home/groups/tabel/mahlet/quaia-env/lib/python3.10/site-packages/Corrfunc/utils.py:918: UserWarning: One or more input array has non-native endianness!  A copy will be made with the correct endianness.
  warnings.warn("One or more input array has non-native endianness!  A copy will"\
DD: 0.024052
DR: 0.803461
RR: 4.247714
DD: 0.024076
DR: 0.78667
RR: 4.230646
DD: 0.024163
DR: 0.791391
RR: 4.232869
DD: 0.023892
DR: 0.788494
RR: 4.239048
DD: 0.024134
DR: 0.787356
RR: 4.238655
DD: 0.024078
DR: 0.788134
RR: 4.250102
DD: 0.024156
DR: 0.79195
RR: 4.266591
DD: 0.024307
DR: 0.798196
RR: 4.313686
DD: 0.024517
DR: 0.806948
RR: 4.39053
DD: 0.024988
DR: 0.831865
RR: 4.469767
DD: 0.025248999999999997
DR: 0.84335
RR: 4.528058
DD: 0.025033999999999997
DR: 0.842244
RR: 4.533924
DD: 0.025183999999999998
DR: 0.8431569999999999
RR: 4.535814
DD: 0.02622
DR: 0.845597
RR: 4.531881
DD: 0.025314
DR: 0.8424119999999999
RR: 4.533504
DD: 0.025227
DR: 0.844815
RR: 4.534463
DD: 0.024967999999999997
DR: 0.843152
RR: 4.533758
DD: 0.025301999999999998
DR: 0.843028
RR: 4.535295
DD: 0.025051999999999998
DR: 0.840685
RR: 4.516324
DD: 0.024464
DR: 0.826681
RR: 4.428945
DD: 0.024241
DR: 0.814055
RR: 4.344731
DD: 0.024111999999999998
DR: 0.7916519999999999
RR: 4.29334
DD: 0.024055
DR: 0.788829
RR: 4.267029
DD: 0.024062999999999998
DR: 0.784172
RR: 4.250385
DD: 0.023878
DR: 0.7831600000000001
RR: 4.2405
DD: 0.023892
DR: 0.781528
RR: 4.216704
DD: 0.023922
DR: 0.781412
RR: 4.219194
DD: 0.023829
DR: 0.778903
RR: 4.223342
DD: 0.025182
DR: 0.7867230000000001
RR: 4.212469
DD: 0.023844999999999998
DR: 0.783577
RR: 4.24328
DD: 0.023941999999999998
DR: 0.78632
RR: 4.260709
DD: 0.024052999999999998
DR: 0.790306
RR: 4.277802
DD: 0.024222999999999998
DR: 0.798355
RR: 4.330223
DD: 0.024716
DR: 0.810741
RR: 4.3859390000000005
DD: 0.024791999999999998
DR: 0.817266
RR: 4.467444
DD: 0.025108
DR: 0.844276
RR: 4.524697
DD: 0.025193999999999998
DR: 0.842628
RR: 4.532519
DD: 0.025103999999999998
DR: 0.84243
RR: 4.532322
DD: 0.025016999999999998
DR: 0.842418
RR: 4.531248
DD: 0.025113
DR: 0.843003
RR: 4.531649
DD: 0.025009999999999998
DR: 0.845018
RR: 4.533462
DD: 0.025078
DR: 0.844122
RR: 4.533377
DD: 0.024946
DR: 0.84257
RR: 4.535261
DD: 0.026373999999999998
DR: 0.843923
RR: 4.508243
DD: 0.024530999999999997
DR: 0.824296
RR: 4.428414
DD: 0.024371
DR: 0.815462
RR: 4.343825
DD: 0.023965
DR: 0.791991
RR: 4.292142
DD: 0.024080999999999998
DR: 0.7891170000000001
RR: 4.2601759999999995
DD: 0.023857999999999997
DR: 0.790396
RR: 4.231902
DD: 0.023712
DR: 0.785221
RR: 4.247285
saved to _G20.5_rmin0.001_rmax10.0_nbins30_zsplit4bin2_Lmaxsplit4bin1_N50_Planck_MC_b40

Pixels masked by MC but not already by selfunc: 736
G20.5_zsplit4bin2_Lmaxsplit4bin2: 0.52              116657 vs 242856
/home/groups/tabel/mahlet/quaia-env/lib/python3.10/site-packages/Corrfunc/utils.py:918: UserWarning: One or more input array has non-native endianness!  A copy will be made with the correct endianness.
  warnings.warn("One or more input array has non-native endianness!  A copy will"\
DD: 0.044017999999999995
DR: 1.6895820000000001
RR: 11.435506
DD: 0.044088999999999996
DR: 1.681443
RR: 11.367315
DD: 0.044202
DR: 1.682883
RR: 11.379573
DD: 0.04498
DR: 1.684234
RR: 11.38044
DD: 0.044213999999999996
DR: 1.688189
RR: 11.410625
DD: 0.044425
DR: 1.6941
RR: 11.435974
DD: 0.044396
DR: 1.700084
RR: 11.502738
DD: 0.044629999999999996
DR: 1.715663
RR: 11.669933
DD: 0.046118
DR: 1.736716
RR: 11.841368
DD: 0.045925
DR: 1.756009
RR: 12.048275
DD: 0.046294999999999996
DR: 1.779128
RR: 12.201767
DD: 0.046445
DR: 1.778842
RR: 12.21217
DD: 0.046276
DR: 1.778623
RR: 12.206654
DD: 0.047070999999999995
DR: 1.778934
RR: 12.214367
DD: 0.046335999999999995
DR: 1.780168
RR: 12.20737
DD: 0.046369
DR: 1.779274
RR: 12.210174
DD: 0.046228
DR: 1.7803740000000001
RR: 12.212992
DD: 0.04717
DR: 1.778257
RR: 12.217186
DD: 0.046284
DR: 1.774908
RR: 12.148263
DD: 0.045547
DR: 1.746905
RR: 11.952935
DD: 0.04487600000000003
DR: 1.720224
RR: 11.715509
DD: 0.045475999999999996
DR: 1.7009210000000001
RR: 11.55917
DD: 0.044195000000000095
DR: 1.690855
RR: 11.472511
DD: 0.044071
DR: 1.682446
RR: 11.40752
DD: 0.04382
DR: 1.677268
RR: 11.396116
DD: 0.044003
DR: 1.674849
RR: 11.357472
DD: 0.044816999999999996
DR: 1.675834
RR: 11.318938
DD: 0.043823999999999995
DR: 1.672439
RR: 11.323911
DD: 0.043871
DR: 1.673831
RR: 11.320184
DD: 0.04389
DR: 1.682548
RR: 11.406043
DD: 0.044735
DR: 1.6868729999999998
RR: 11.438841
DD: 0.044182
DR: 1.694542
RR: 11.486628
DD: 0.04455
DR: 1.712161
RR: 11.658686
DD: 0.045068
DR: 1.73198
RR: 11.80426
DD: 0.046581
DR: 1.757924
RR: 12.032307
DD: 0.046426999999999996
DR: 1.778646
RR: 12.214373
DD: 0.046328999999999995
DR: 1.779
RR: 12.205338
DD: 0.046388000000000096
DR: 1.777625
RR: 12.21379
DD: 0.047177
DR: 1.781463
RR: 12.209531
DD: 0.0464
DR: 1.777914
RR: 12.211476
DD: 0.04613900000000004
DR: 1.777894
RR: 12.209386
DD: 0.046086999999999996
DR: 1.779264
RR: 12.211415
DD: 0.047166
DR: 1.78121
RR: 12.211994
DD: 0.04648300000000005
DR: 1.776079
RR: 12.168304
DD: 0.045349
DR: 1.744049
RR: 11.94138
DD: 0.044792
DR: 1.72005
RR: 11.722618
DD: 0.045255
DR: 1.703897
RR: 11.578875
DD: 0.044441999999999995
DR: 1.689306
RR: 11.475967
DD: 0.044059999999999995
DR: 1.683803
RR: 11.413141
DD: 0.043970999999999996
DR: 1.686571
RR: 11.444511
saved to _G20.5_rmin0.001_rmax10.0_nbins30_zsplit4bin2_Lmaxsplit4bin2_N50_Planck_MC_b40

Pixels masked by MC but not already by selfunc: 985
G20.5_zsplit4bin2_Lmaxsplit4bin3: 0.47              170549 vs 323808
/home/groups/tabel/mahlet/quaia-env/lib/python3.10/site-packages/Corrfunc/utils.py:918: UserWarning: One or more input array has non-native endianness!  A copy will be made with the correct endianness.
  warnings.warn("One or more input array has non-native endianness!  A copy will"\
DD: 0.076065
DR: 3.212502
RR: 26.114687
DD: 0.075668
DR: 3.194626
RR: 25.854566
DD: 0.075898
DR: 3.197263
RR: 25.885651
DD: 0.076684
DR: 3.194072
RR: 25.879531
DD: 0.07597700000000007
DR: 3.201793
RR: 25.949406
DD: 0.077306
DR: 3.21832
RR: 26.124949
DD: 0.076559
DR: 3.236944
RR: 26.267699
DD: 0.077927
DR: 3.252006
RR: 26.51797
DD: 0.077787
DR: 3.293779
RR: 26.907995
DD: 0.07894400000000001
DR: 3.349048
RR: 27.453632
DD: 0.08101499999999999
DR: 3.41405
RR: 27.912158
DD: 0.080069
DR: 3.412333
RR: 27.917921
DD: 0.081076
DR: 3.41402
RR: 27.940655
DD: 0.080078
DR: 3.411908
RR: 27.919391
DD: 0.080937
DR: 3.412335
RR: 27.930512
DD: 0.080121
DR: 3.411867
RR: 27.919523
DD: 0.0809
DR: 3.412938
RR: 27.914126
DD: 0.08003299999999999
DR: 3.41409
RR: 27.915088
DD: 0.079856
DR: 3.3821339999999998
RR: 27.766612
DD: 0.07926899999999999
DR: 3.319895
RR: 27.216718
DD: 0.077253
DR: 3.267967
RR: 26.684073
DD: 0.077571
DR: 3.237994
RR: 26.358695
DD: 0.07600699999999999
DR: 3.210278
RR: 26.100661
DD: 0.076656
DR: 3.19978
RR: 26.009423
DD: 0.075547
DR: 3.18973
RR: 25.973945
DD: 0.076121
DR: 3.182667
RR: 25.817606
DD: 0.075248
DR: 3.17384
RR: 25.65842
DD: 0.076142
DR: 3.172229
RR: 25.728342
DD: 0.075101
DR: 3.173099
RR: 25.72732
DD: 0.076421
DR: 3.188274
RR: 25.869041
DD: 0.075732
DR: 3.20158
RR: 25.998167
DD: 0.07714100000000002
DR: 3.221873
RR: 26.198291
DD: 0.076689
DR: 3.248606
RR: 26.509209
DD: 0.078635
DR: 3.293322
RR: 26.937081
DD: 0.07889399999999999
DR: 3.345
RR: 27.513331
DD: 0.080855
DR: 3.417346
RR: 27.927912
DD: 0.079925
DR: 3.416965
RR: 27.941102
DD: 0.080816
DR: 3.41843
RR: 27.950356
DD: 0.07995
DR: 3.4173299999999998
RR: 27.928632
DD: 0.080008
DR: 3.416026
RR: 27.90472
DD: 0.080967
DR: 3.416726
RR: 27.90864
DD: 0.079987
DR: 3.417878
RR: 27.922467
DD: 0.08083200000000001
DR: 3.418198
RR: 27.924038
DD: 0.079627
DR: 3.385403
RR: 27.791791
DD: 0.07916999999999999
DR: 3.335039
RR: 27.333734
DD: 0.07717
DR: 3.281821
RR: 26.806212
DD: 0.077557
DR: 3.248964
RR: 26.467415
DD: 0.076301
DR: 3.228264
RR: 26.276271
DD: 0.076047
DR: 3.220455
RR: 26.09109
DD: 0.075608
DR: 3.210487
RR: 26.156244
saved to _G20.5_rmin0.001_rmax10.0_nbins30_zsplit4bin2_Lmaxsplit4bin3_N50_Planck_MC_b40

Pixels masked by MC but not already by selfunc: 227
G20.5_zsplit4bin3_Lmaxsplit4bin0: 0.56              35821 vs 80988
/home/groups/tabel/mahlet/quaia-env/lib/python3.10/site-packages/Corrfunc/utils.py:918: UserWarning: One or more input array has non-native endianness!  A copy will be made with the correct endianness.
  warnings.warn("One or more input array has non-native endianness!  A copy will"\
DD: 0.011548
DR: 0.293358
RR: 1.1147580000000001
DD: 0.011627
DR: 0.288481
RR: 1.112186
DD: 0.011652
DR: 0.28826799999999997
RR: 1.115145
DD: 0.011432999999999999
DR: 0.28793799999999997
RR: 1.115892
DD: 0.011621999999999999
DR: 0.288863
RR: 1.113318
DD: 0.011634
DR: 0.289168
RR: 1.115213
DD: 0.011706999999999999
DR: 0.28934000000000004
RR: 1.120028
DD: 0.011726
DR: 0.291364
RR: 1.13455
DD: 0.011800999999999999
DR: 0.295073
RR: 1.151776
DD: 0.011933
DR: 0.298624
RR: 1.1698
DD: 0.011837
DR: 0.303077
RR: 1.185762
DD: 0.012079
DR: 0.301969
RR: 1.1885530000000002
DD: 0.012026
DR: 0.303687
RR: 1.185384
DD: 0.012058
DR: 0.301766
RR: 1.19088
DD: 0.013633
DR: 0.30518
RR: 1.185746
DD: 0.012098999999999999
DR: 0.302612
RR: 1.1876980000000001
DD: 0.012055999999999999
DR: 0.303345
RR: 1.185475
DD: 0.012031
DR: 0.30325199999999997
RR: 1.1882670000000002
DD: 0.012003
DR: 0.301209
RR: 1.180047
DD: 0.011857
DR: 0.296247
RR: 1.161588
DD: 0.011745
DR: 0.29287399999999997
RR: 1.142763
DD: 0.011678
DR: 0.290081
RR: 1.1287
DD: 0.01158
DR: 0.28895
RR: 1.119137
DD: 0.011576999999999999
DR: 0.287413
RR: 1.115382
DD: 0.011517999999999999
DR: 0.286949
RR: 1.114652
DD: 0.011510999999999999
DR: 0.286061
RR: 1.110202
DD: 0.011526
DR: 0.286854
RR: 1.107815
DD: 0.011569999999999999
DR: 0.286404
RR: 1.109434
DD: 0.011574
DR: 0.287142
RR: 1.110744
DD: 0.011582
DR: 0.287111
RR: 1.113067
DD: 0.011564999999999999
DR: 0.28806499999999996
RR: 1.116375
DD: 0.01167
DR: 0.28876799999999997
RR: 1.123967
DD: 0.011672
DR: 0.29114300000000004
RR: 1.133179
DD: 0.011826
DR: 0.294415
RR: 1.149547
DD: 0.011883
DR: 0.2982100000000001
RR: 1.169968
DD: 0.012055999999999999
DR: 0.30192300000000005
RR: 1.19036
DD: 0.013673
DR: 0.30496
RR: 1.185393
DD: 0.012046
DR: 0.302756
RR: 1.188195
DD: 0.012064
DR: 0.302554
RR: 1.185292
DD: 0.012046999999999999
DR: 0.30283000000000004
RR: 1.189442
DD: 0.012044
DR: 0.303127
RR: 1.183628
DD: 0.01206
DR: 0.302506
RR: 1.188695
DD: 0.012025
DR: 0.303434
RR: 1.186066
DD: 0.011961999999999999
DR: 0.30032
RR: 1.180945
DD: 0.011819999999999999
DR: 0.295863
RR: 1.159707
DD: 0.011549
DR: 0.292386
RR: 1.142263
DD: 0.011649
DR: 0.290033
RR: 1.127782
DD: 0.01158
DR: 0.28831
RR: 1.116526
DD: 0.01162
DR: 0.287778
RR: 1.116544
DD: 0.01132
DR: 0.286862
RR: 1.114038
saved to _G20.5_rmin0.001_rmax10.0_nbins30_zsplit4bin3_Lmaxsplit4bin0_N50_Planck_MC_b40

Pixels masked by MC but not already by selfunc: 464
G20.5_zsplit4bin3_Lmaxsplit4bin1: 0.52              77956 vs 161975
/home/groups/tabel/mahlet/quaia-env/lib/python3.10/site-packages/Corrfunc/utils.py:918: UserWarning: One or more input array has non-native endianness!  A copy will be made with the correct endianness.
  warnings.warn("One or more input array has non-native endianness!  A copy will"\
DD: 0.026378
DR: 0.890955
RR: 4.858846
DD: 0.026313999999999997
DR: 0.886934
RR: 4.839713
DD: 0.026521
DR: 0.888169
RR: 4.840016
DD: 0.026376
DR: 0.887618
RR: 4.83766
DD: 0.026331999999999998
DR: 0.890235
RR: 4.850292
DD: 0.027674999999999998
DR: 0.894903
RR: 4.858854
DD: 0.026563
DR: 0.894321
RR: 4.883342
DD: 0.02666
DR: 0.900719
RR: 4.933616
DD: 0.026924999999999998
DR: 0.911792
RR: 5.007489
DD: 0.02717500000000006
DR: 0.925055
RR: 5.106344
DD: 0.027569
DR: 0.937203
RR: 5.166954
DD: 0.027583999999999997
DR: 0.933
RR: 5.170342
DD: 0.027613
DR: 0.93322
RR: 5.167521
DD: 0.027585
DR: 0.933177
RR: 5.170969
DD: 0.028766999999999997
DR: 0.934192
RR: 5.166834
DD: 0.027673
DR: 0.931746
RR: 5.16932
DD: 0.027521
DR: 0.9319459999999999
RR: 5.167251
DD: 0.027607
DR: 0.9325600000000001
RR: 5.170473
DD: 0.027523
DR: 0.931616
RR: 5.14736
DD: 0.027004
DR: 0.915208
RR: 5.058561
DD: 0.026865
DR: 0.90422
RR: 4.966686
DD: 0.02649
DR: 0.894597
RR: 4.905673
DD: 0.026868
DR: 0.889592
RR: 4.867072
DD: 0.026153
DR: 0.885185
RR: 4.836243
DD: 0.026157000000000097
DR: 0.8828940000000001
RR: 4.842019
DD: 0.026081
DR: 0.8813
RR: 4.820001
DD: 0.026102999999999998
DR: 0.8806959999999999
RR: 4.807022
DD: 0.027271999999999998
DR: 0.884482
RR: 4.812634
DD: 0.026369999999999998
DR: 0.883062
RR: 4.81429
DD: 0.026232
DR: 0.883916
RR: 4.8353
DD: 0.026333
DR: 0.888033
RR: 4.85653
DD: 0.026365999999999997
DR: 0.8935420000000001
RR: 4.892844
DD: 0.026636999999999997
DR: 0.899975
RR: 4.925778
DD: 0.027052999999999997
DR: 0.911424
RR: 5.004187
DD: 0.027287
DR: 0.924317
RR: 5.101844
DD: 0.027561000000000058
DR: 0.936896
RR: 5.167971
DD: 0.027531
DR: 0.932913
RR: 5.167508
DD: 0.027641
DR: 0.932694
RR: 5.17049
DD: 0.02752
DR: 0.932824
RR: 5.166211
DD: 0.027509
DR: 0.933381
RR: 5.170642
DD: 0.028707999999999997
DR: 0.934543
RR: 5.166542
DD: 0.027628
DR: 0.932787
RR: 5.170845
DD: 0.027603
DR: 0.933714
RR: 5.166873
DD: 0.027444999999999997
DR: 0.930796
RR: 5.146575
DD: 0.027052999999999997
DR: 0.916666
RR: 5.062576
DD: 0.026847
DR: 0.905173
RR: 4.975299
DD: 0.026524
DR: 0.897154
RR: 4.913447
DD: 0.026404
DR: 0.890375
RR: 4.87304
DD: 0.026324999999999998
DR: 0.888291
RR: 4.85084
DD: 0.026255999999999998
DR: 0.88638
RR: 4.857574
saved to _G20.5_rmin0.001_rmax10.0_nbins30_zsplit4bin3_Lmaxsplit4bin1_N50_Planck_MC_b40

Pixels masked by MC but not already by selfunc: 750
G20.5_zsplit4bin3_Lmaxsplit4bin2: 0.49              124654 vs 242962
/home/groups/tabel/mahlet/quaia-env/lib/python3.10/site-packages/Corrfunc/utils.py:918: UserWarning: One or more input array has non-native endianness!  A copy will be made with the correct endianness.
  warnings.warn("One or more input array has non-native endianness!  A copy will"\
DD: 0.048465
DR: 1.877909
RR: 13.05506
DD: 0.048662
DR: 1.867234
RR: 12.961409
DD: 0.048651
DR: 1.870109
RR: 12.981569
DD: 0.048454
DR: 1.872258
RR: 12.970755
DD: 0.048487999999999996
DR: 1.875793
RR: 13.005559
DD: 0.048676
DR: 1.879635
RR: 13.074515
DD: 0.049596999999999995
DR: 1.889046
RR: 13.164773
DD: 0.04942200000000008
DR: 1.901999
RR: 13.274931
DD: 0.050110999999999996
DR: 1.930541
RR: 13.437682
DD: 0.050192999999999995
DR: 1.953752
RR: 13.749076
DD: 0.051486
DR: 1.979178
RR: 13.942544
DD: 0.050807
DR: 1.978464
RR: 13.942229
DD: 0.050889
DR: 1.97785
RR: 13.938933
DD: 0.050783999999999996
DR: 1.980342
RR: 13.944917
DD: 0.050892
DR: 1.978736
RR: 13.944016
DD: 0.050858
DR: 1.978795
RR: 13.943698
DD: 0.050768999999999995
DR: 1.978914
RR: 13.943429
DD: 0.05142
DR: 1.979553
RR: 13.943909
DD: 0.050636999999999995
DR: 1.969952
RR: 13.872515
DD: 0.050415999999999996
DR: 1.938166
RR: 13.634679
DD: 0.050221999999999996
DR: 1.910054
RR: 13.357311
DD: 0.048961
DR: 1.889962
RR: 13.181505
DD: 0.048443000000000014
DR: 1.876065
RR: 13.0813
DD: 0.048312999999999995
DR: 1.867652
RR: 13.010058
DD: 0.048905
DR: 1.8646989999999999
RR: 12.998561
DD: 0.048070999999999996
DR: 1.858774
RR: 12.919449
DD: 0.047957
DR: 1.8539780000000001
RR: 12.865837
DD: 0.048029999999999996
DR: 1.855497
RR: 12.892147
DD: 0.048673999999999995
DR: 1.8560240000000001
RR: 12.857702
DD: 0.048254
DR: 1.863775
RR: 12.970755
DD: 0.048396999999999996
DR: 1.873279
RR: 13.035949
DD: 0.048698
DR: 1.8823050000000001
RR: 13.082893
DD: 0.049923999999999996
DR: 1.898843
RR: 13.264367
DD: 0.049908999999999995
DR: 1.919672
RR: 13.495965
DD: 0.050249999999999996
DR: 1.953066
RR: 13.736944
DD: 0.050754999999999995
DR: 1.981979
RR: 13.935166
DD: 0.05089900000000003
DR: 1.979145
RR: 13.942959
DD: 0.050917
DR: 1.978548
RR: 13.942466
DD: 0.050773
DR: 1.977097
RR: 13.938767
DD: 0.051419
DR: 1.980208
RR: 13.945488
DD: 0.050883
DR: 1.978093
RR: 13.940928
DD: 0.050894999999999996
DR: 1.980498
RR: 13.944279
DD: 0.050734999999999995
DR: 1.979684
RR: 13.942707
DD: 0.050698
DR: 1.972029
RR: 13.89288
DD: 0.050546
DR: 1.94043
RR: 13.648053
DD: 0.049625999999999997
DR: 1.91415
RR: 13.417477
DD: 0.049719
DR: 1.896734
RR: 13.251052
DD: 0.048754
DR: 1.886644
RR: 13.147574
DD: 0.048537
DR: 1.874976
RR: 13.06447
DD: 0.048374
DR: 1.874152
RR: 13.081429
saved to _G20.5_rmin0.001_rmax10.0_nbins30_zsplit4bin3_Lmaxsplit4bin2_N50_Planck_MC_b40

Pixels masked by MC but not already by selfunc: 1034
G20.5_zsplit4bin3_Lmaxsplit4bin3: 0.45              178871 vs 323950
/home/groups/tabel/mahlet/quaia-env/lib/python3.10/site-packages/Corrfunc/utils.py:918: UserWarning: One or more input array has non-native endianness!  A copy will be made with the correct endianness.
  warnings.warn("One or more input array has non-native endianness!  A copy will"\
DD: 0.08244699999999999
DR: 3.505131
RR: 28.924733
DD: 0.08186199999999999
DR: 3.49203
RR: 28.683088
DD: 0.082595
DR: 3.491751
RR: 28.744125
DD: 0.081981
DR: 3.493613
RR: 28.747766
DD: 0.08267
DR: 3.500253
RR: 28.819265
DD: 0.082746
DR: 3.527793
RR: 29.029377
DD: 0.083575
DR: 3.533844
RR: 29.19612
DD: 0.08337699999999999
DR: 3.565899
RR: 29.461227
DD: 0.084926
DR: 3.606391
RR: 29.954474
DD: 0.08491399999999999
DR: 3.663243
RR: 30.507951
DD: 0.086033
DR: 3.716126
RR: 31.006938
DD: 0.08685
DR: 3.720011
RR: 30.957732
DD: 0.08626400000000001
DR: 3.7222939999999998
RR: 30.981234
DD: 0.08703799999999999
DR: 3.717964
RR: 30.958739
DD: 0.086255
DR: 3.721955
RR: 30.978329
DD: 0.087088
DR: 3.720946
RR: 30.957561
DD: 0.086244
DR: 3.723542
RR: 30.986159
DD: 0.08657899999999999
DR: 3.718971
RR: 30.968059
DD: 0.085894
DR: 3.700557
RR: 30.834559
DD: 0.084951
DR: 3.636904
RR: 30.216457
DD: 0.082858
DR: 3.571924
RR: 29.605238
DD: 0.08330599999999999
DR: 3.541346
RR: 29.222467
DD: 0.08154299999999999
DR: 3.509991
RR: 29.014832
DD: 0.0817
DR: 3.488535
RR: 28.777991
DD: 0.08116999999999999
DR: 3.465068
RR: 28.769095
DD: 0.08230100000000007
DR: 3.454359
RR: 28.578393
DD: 0.080814
DR: 3.446162
RR: 28.361283
DD: 0.082342
DR: 3.45351
RR: 28.495743
DD: 0.080758
DR: 3.446843
RR: 28.446642
DD: 0.082609
DR: 3.48212
RR: 28.677783
DD: 0.08158
DR: 3.502125
RR: 28.861617
DD: 0.082756
DR: 3.5283
RR: 29.058217
DD: 0.08384599999999999
DR: 3.556642
RR: 29.416766
DD: 0.084064
DR: 3.606837
RR: 29.929775
DD: 0.08474000000000004
DR: 3.663891
RR: 30.515857
DD: 0.086417
DR: 3.721696
RR: 30.965293
DD: 0.086174
DR: 3.719199
RR: 30.982446
DD: 0.087097
DR: 3.717095
RR: 31.000068
DD: 0.08625999999999999
DR: 3.719347
RR: 30.984429
DD: 0.087027
DR: 3.714809
RR: 30.995451
DD: 0.08621
DR: 3.718663
RR: 30.979719
DD: 0.08709599999999999
DR: 3.7239240000000002
RR: 31.003735
DD: 0.086157
DR: 3.719567
RR: 30.984554
DD: 0.08663599999999999
DR: 3.717394
RR: 30.908886
DD: 0.084504
DR: 3.652801
RR: 30.382961
DD: 0.084576
DR: 3.59528
RR: 29.829409
DD: 0.082603
DR: 3.559745
RR: 29.434037
DD: 0.082761
DR: 3.538607
RR: 29.164724
DD: 0.08166
DR: 3.511033
RR: 28.996618
DD: 0.082451
DR: 3.501325
RR: 29.023854
saved to _G20.5_rmin0.001_rmax10.0_nbins30_zsplit4bin3_Lmaxsplit4bin3_N50_Planck_MC_b40

done!
