Starting batch job
Running selection function with fn_catalog=../data/quaia_G20.5_zmin1.0zmax2.0_Lmax-24.0.fits, fn_selfunc=../data/maps/selection_function_NSIDE64_G20.5_zmin1.0zmax2.0_Lmax-24.0.fits, fn_parentcat=../data/quaia_G20.5.fits, map_names=['dust', 'stars', 'm10', 'mcs', 'unwise', 'unwisescan', 'mcsunwise', 'zodi1.25', 'zodi3.4', 'zodi4.6']
Loading data
Making QSO map
Map templates: ['dust', 'stars', 'm10', 'mcs', 'unwise', 'unwisescan', 'mcsunwise', 'zodi1.25', 'zodi3.4', 'zodi4.6']
Dustmap already exists, loading from ../data/maps/map_dust_NSIDE64.npy
Star map already exists, loading from ../data/maps/map_stars_NSIDE64.npy
M10 map already exists, loading from ../data/maps/map_m10_NSIDE64.npy
MCs map already exists, loading from ../data/maps/map_mcs_NSIDE64.npy
unWISE map already exists, loading from ../data/maps/map_unwise_NSIDE64.npy
unWISE scan map already exists, loading from ../data/maps/map_unwisescan_NSIDE64.npy
MCs map already exists, loading from ../data/maps/map_mcsunwise_NSIDE64.npy
Zodi map already exists, loading from ../data/maps/map_zodi1.25_NSIDE64.npy
Zodi map already exists, loading from ../data/maps/map_zodi3.4_NSIDE64.npy
Zodi map already exists, loading from ../data/maps/map_zodi4.6_NSIDE64.npy
Constructing X
(10, 49152)
(10, 49152)
Getting indices to fit
err min max: 0.0 6.557438524302
Training fitter
X_train: (41764, 10) y_train: (41764,)
y_train min: 1.0 y_train: 43.0
fit_mean = True
n params: 10
parameter names: ('mean:value', 'kernel:k1:log_constant', 'kernel:k2:metric:log_M_0_0', 'kernel:k2:metric:log_M_1_1', 'kernel:k2:metric:log_M_2_2', 'kernel:k2:metric:log_M_3_3', 'kernel:k2:metric:log_M_4_4', 'kernel:k2:metric:log_M_5_5', 'kernel:k2:metric:log_M_6_6', 'kernel:k2:metric:log_M_7_7', 'kernel:k2:metric:log_M_8_8', 'kernel:k2:metric:log_M_9_9')
paramters init: [ 0.         -3.05044795 -0.5         1.5        -1.          5.
  0.8         0.         10.          1.          1.          1.        ]
y minmax 0.0 3.7612001156935624
yerr: [3.16227766 3.74165739 4.24264069 ... 3.46410162 3.87298335 3.87298335] [0.31622777 0.26726124 0.23570226 ... 0.28867513 0.25819889 0.25819889]
p compute: [ 0.         -3.05044795 -0.5         1.5        -1.          5.
  0.8         0.         10.          1.          1.          1.        ]
lnlike compute: -5950.42785388093
Minimizing
  message: Optimization terminated successfully.
  success: True
   status: 0
      fun: 5863.156039357629
        x: [ 2.026e+00 -2.913e+00 -5.415e-01  1.332e+00 -1.241e+00
             4.749e+00  1.223e+00 -8.785e-01  1.118e+01 -9.855e-01
             1.546e+01 -4.925e-01]
      nit: 46
      jac: [ 1.260e-06 -3.679e-06  1.877e-06 -4.005e-06  7.772e-06
            -9.529e-06  5.841e-06  1.254e-06  2.771e-08 -7.589e-06
            -8.405e-09  5.726e-06]
 hess_inv: [[ 2.750e-02 -8.044e-03 ...  1.463e+01 -8.079e-03]
            [-8.044e-03  2.615e-02 ...  5.873e+01  1.141e-02]
            ...
            [ 1.463e+01  5.873e+01 ...  4.045e+07 -6.891e+01]
            [-8.079e-03  1.141e-02 ... -6.891e+01  4.352e-01]]
     nfev: 49
     njev: 49
p post op: [ 2.02563261 -2.91286027 -0.54151573  1.33209158 -1.24139935  4.74905238
  1.2231025  -0.87853509 11.18132814 -0.98546624 15.46079049 -0.49248859]
lnlike final: -5863.156039357629
Predicting
setting the output map dtype to [dtype('float64')]
predict p: [ 2.02563261 -2.91286027 -0.54151573  1.33209158 -1.24139935  4.74905238
  1.2231025  -0.87853509 11.18132814 -0.98546624 15.46079049 -0.49248859]
Saving ypred map to ../data/maps/y_pred_selection_function_NSIDE64_G20.5_zmin1.0zmax2.0_Lmax-24.0.fits
y_pred_full: [ 8.71657661  9.87944709 12.63829353 ... 13.37637675 13.29786164
 13.20308716]
0
RMSE: 4.107957417216734
Making selection function map
setting the output map dtype to [dtype('float64')]
Number of clean healpixels: 479 (Total: 49152)
Using parent catalog to determine zero-probability pixels
(If i_keep also passed, will be ignored!)
min: 0.0, max: 0.805387860969461
map_prob: [0.28861128 0.32711465 0.41846177 ... 0.44290016 0.44030048 0.43716244]
Saved map to ../data/maps/selection_function_NSIDE64_G20.5_zmin1.0zmax2.0_Lmax-24.0.fits!
Time: 38160.073952913284 s (636.0012325485548 min)
allsky 
../data/randoms/random_G20.5_zmin1.0zmax2.0_Lmax-24.0_25x.fits
Loading data
Number of data sources: 647651
Estimating reduction factor
Sel func min and max: 0.0 0.805387860969461
Subsampling by 0.562 for probability map
Generating random with 25 times N_data
Sel func min and max: 0.0 0.805387860969461
Subsampling by 0.562 for probability map
Number of final random sources: 16187706
Wrote random to ../data/randoms/random_G20.5_zmin1.0zmax2.0_Lmax-24.0_25x.fits!
