Starting batch job

G20.5: computing wtheta in 30 bins from 0.001 to 10.0 on a log scale for 50 jackknife regions...
--L: split

z: [0.0, 1.0, 2.0, 3.0, 4.6] minmax None
L: None split 3
Pixels masked by MC but not already by selfunc: 0
G20.5_zmin0.0zmax1.0_Lsplit3bin0: 0.85              16190 vs 108112
/home/groups/tabel/mahlet/quaia-env/lib/python3.10/site-packages/Corrfunc/utils.py:918: UserWarning: One or more input array has non-native endianness!  A copy will be made with the correct endianness.
  warnings.warn("One or more input array has non-native endianness!  A copy will"\
DD: 0.085732
DR: 0.25332099999999996
RR: 0.989343
DD: 0.032616
DR: 0.20776799999999998
RR: 0.940001
DD: 0.019608999999999998
DR: 0.19924700000000006
RR: 0.879966
DD: 0.00722
DR: 0.18598499999999998
RR: 0.853361
DD: 0.010277999999999999
DR: 0.20433600000000007
RR: 0.94796
DD: 0.008388
DR: 0.209318
RR: 0.984337
DD: 0.018534
DR: 0.211105
RR: 1.01083
DD: 0.010386999999999999
DR: 0.21497
RR: 1.023751
DD: 0.008308
DR: 0.216131
RR: 1.014343
DD: 0.010218
DR: 0.223553
RR: 1.072574
DD: 0.024634
DR: 0.23467900000000008
RR: 1.082976
DD: 0.02146
DR: 0.23093
RR: 1.077549
DD: 0.023143
DR: 0.233446
RR: 1.09074
DD: 0.02131
DR: 0.235559
RR: 1.033631
DD: 0.008654
DR: 0.215133
RR: 1.028716
DD: 0.021339
DR: 0.22941199999999998
RR: 1.095953
DD: 0.024843
DR: 0.234458
RR: 1.107393
DD: 0.021786999999999997
DR: 0.231371
RR: 1.075638
DD: 0.022678999999999998
DR: 0.22883099999999998
RR: 1.049583
DD: 0.021179
DR: 0.22993700000000006
RR: 1.046099
DD: 0.022709999999999998
DR: 0.225321
RR: 1.047534
DD: 0.020877
DR: 0.22871799999999998
RR: 1.145891
DD: 0.023287
DR: 0.24342699999999998
RR: 1.118421
DD: 0.025117999999999998
DR: 0.24062399999999998
RR: 1.06699
DD: 0.025193
DR: 0.23653100000000005
RR: 1.032709
DD: 0.022123
DR: 0.242453
RR: 1.020938
DD: 0.023743999999999998
DR: 0.232954
RR: 0.982842
DD: 0.023207
DR: 0.20247100000000007
RR: 0.876905
DD: 0.020848
DR: 0.19139899999999999
RR: 0.896252
DD: 0.021578
DR: 0.20356000000000007
RR: 0.893337
DD: 0.021762
DR: 0.22474899999999998
RR: 1.040759
DD: 0.008341
DR: 0.224038
RR: 1.04896
DD: 0.023888
DR: 0.233818
RR: 1.066301
DD: 0.021658999999999998
DR: 0.23398
RR: 1.09215
DD: 0.023282999999999998
DR: 0.234757
RR: 1.066095
DD: 0.021535
DR: 0.23260399999999998
RR: 1.036907
DD: 0.009786
DR: 0.216198
RR: 1.040066
DD: 0.00838
DR: 0.215857
RR: 1.04496
DD: 0.023694999999999997
DR: 0.22902999999999998
RR: 1.064367
DD: 0.021405999999999998
DR: 0.232616
RR: 1.077297
DD: 0.023514
DR: 0.236173
RR: 1.079042
DD: 0.021286
DR: 0.22359800000000007
RR: 1.030754
DD: 0.022085
DR: 0.234177
RR: 1.09389
DD: 0.023181999999999998
DR: 0.23188299999999998
RR: 1.069984
DD: 0.023164
DR: 0.23366599999999998
RR: 1.063637
DD: 0.021285
DR: 0.23464800000000008
RR: 1.063957
DD: 0.02173
DR: 0.21146299999999998
RR: 1.000678
DD: 0.010001
DR: 0.20467
RR: 0.94886
DD: 0.00919
DR: 0.2288570000000001
RR: 1.008923
DD: 0.02233
DR: 0.233149
RR: 1.039646
saved to _G20.5_rmin0.001_rmax10.0_nbins30_zmin0.0zmax1.0_Lsplit3bin0_N50_Planck_MC_b60

Pixels masked by MC but not already by selfunc: 0
G20.5_zmin0.0zmax1.0_Lsplit3bin1: 0.80              22110 vs 108112
/home/groups/tabel/mahlet/quaia-env/lib/python3.10/site-packages/Corrfunc/utils.py:918: UserWarning: One or more input array has non-native endianness!  A copy will be made with the correct endianness.
  warnings.warn("One or more input array has non-native endianness!  A copy will"\
DD: 0.025051999999999998
DR: 0.297273
RR: 1.5401120000000001
DD: 0.027545
DR: 0.2995420000000001
RR: 1.428161
DD: 0.012752
DR: 0.281195
RR: 1.4300739999999998
DD: 0.012033
DR: 0.277868
RR: 1.426873
DD: 0.01239
DR: 0.284099
RR: 1.490731
DD: 0.024627
DR: 0.315106
RR: 1.603364
DD: 0.010983999999999999
DR: 0.30446
RR: 1.619864
DD: 0.024873
DR: 0.315373
RR: 1.635702
DD: 0.010698
DR: 0.293781
RR: 1.691602
DD: 0.027840999999999998
DR: 0.327603
RR: 1.699112
DD: 0.02648
DR: 0.324291
RR: 1.681309
DD: 0.026237999999999997
DR: 0.317689
RR: 1.5747200000000001
DD: 0.010504999999999999
DR: 0.298815
RR: 1.575909
DD: 0.011902
DR: 0.330615
RR: 1.806905
DD: 0.039495999999999996
DR: 0.351352
RR: 1.785951
DD: 0.027767
DR: 0.352761
RR: 1.741115
DD: 0.011907
DR: 0.328544
RR: 1.57563
DD: 0.024763999999999998
DR: 0.30138699999999996
RR: 1.536892
DD: 0.011975999999999999
DR: 0.280315
RR: 1.532372
DD: 0.025771
DR: 0.361525
RR: 1.754281
DD: 0.024904
DR: 0.315436
RR: 1.664796
DD: 0.02648
DR: 0.32531699999999997
RR: 1.649708
DD: 0.010619
DR: 0.295111
RR: 1.671375
DD: 0.024748
DR: 0.300809
RR: 1.559197
DD: 0.026039999999999997
DR: 0.29730599999999996
RR: 1.510265
DD: 0.025224
DR: 0.292826
RR: 1.453639
DD: 0.010406
DR: 0.282099
RR: 1.433579
DD: 0.010563
DR: 0.27426000000000006
RR: 1.441794
DD: 0.012044
DR: 0.28840099999999996
RR: 1.4463270000000001
DD: 0.012202
DR: 0.280574
RR: 1.425173
DD: 0.010546
DR: 0.27719499999999997
RR: 1.497089
DD: 0.012244999999999999
DR: 0.2919320000000001
RR: 1.5158559999999999
DD: 0.011679
DR: 0.27735699999999996
RR: 1.6089
DD: 0.013862
DR: 0.327608
RR: 1.724854
DD: 0.014072
DR: 0.334221
RR: 1.720157
DD: 0.013449
DR: 0.334159
RR: 1.742014
DD: 0.013883999999999999
DR: 0.330378
RR: 1.5642239999999998
DD: 0.024971999999999998
DR: 0.312156
RR: 1.59268
DD: 0.025099
DR: 0.30466499999999996
RR: 1.68231
DD: 0.025817999999999997
DR: 0.337161
RR: 1.76013
DD: 0.026476
DR: 0.3320000000000001
RR: 1.67453
DD: 0.010942
DR: 0.300298
RR: 1.637643
DD: 0.026636999999999997
DR: 0.3163830000000001
RR: 1.666022
DD: 0.010834
DR: 0.301267
RR: 1.616472
DD: 0.012601999999999999
DR: 0.30498500000000006
RR: 1.707482
DD: 0.04065
DR: 0.357268
RR: 1.781389
DD: 0.027729
DR: 0.306545
RR: 1.634611
DD: 0.010947
DR: 0.29256899999999997
RR: 1.568174
DD: 0.025421
DR: 0.30619199999999996
RR: 1.631095
DD: 0.032227
DR: 0.29755899999999996
RR: 1.509208
saved to _G20.5_rmin0.001_rmax10.0_nbins30_zmin0.0zmax1.0_Lsplit3bin1_N50_Planck_MC_b60

Pixels masked by MC but not already by selfunc: 0
G20.5_zmin0.0zmax1.0_Lsplit3bin2: 0.78              24296 vs 108112
/home/groups/tabel/mahlet/quaia-env/lib/python3.10/site-packages/Corrfunc/utils.py:918: UserWarning: One or more input array has non-native endianness!  A copy will be made with the correct endianness.
  warnings.warn("One or more input array has non-native endianness!  A copy will"\
DD: 0.026955
DR: 0.367284
RR: 1.8536
DD: 0.026435999999999998
DR: 0.363428
RR: 1.898942
DD: 0.025894
DR: 0.344146
RR: 1.651495
DD: 0.023181
DR: 0.307007
RR: 1.5943260000000001
DD: 0.01241
DR: 0.32492
RR: 1.7949869999999999
DD: 0.027705999999999998
DR: 0.33953500000000003
RR: 1.871165
DD: 0.025883
DR: 0.364124
RR: 1.999381
DD: 0.025788
DR: 0.354306
RR: 1.927545
DD: 0.014339
DR: 0.345327
RR: 1.894403
DD: 0.025442
DR: 0.368901
RR: 2.019209
DD: 0.027495
DR: 0.365251
RR: 1.917925
DD: 0.011783
DR: 0.365365
RR: 1.949758
DD: 0.013625
DR: 0.34332399999999996
RR: 1.844732
DD: 0.013765
DR: 0.334719
RR: 1.855019
DD: 0.025835999999999998
DR: 0.342827
RR: 1.922743
DD: 0.015248999999999999
DR: 0.37426500000000007
RR: 2.014079
DD: 0.015300999999999999
DR: 0.37621800000000005
RR: 2.047992
DD: 0.015195
DR: 0.377553
RR: 1.982389
DD: 0.011198
DR: 0.3262860000000001
RR: 1.824943
DD: 0.013165
DR: 0.327688
RR: 1.802137
DD: 0.027318
DR: 0.372789
RR: 2.055712
DD: 0.013994999999999999
DR: 0.34685499999999997
RR: 1.896072
DD: 0.013907
DR: 0.337063
RR: 1.855465
DD: 0.026993
DR: 0.34626799999999996
RR: 1.873671
DD: 0.025148
DR: 0.3285990000000001
RR: 1.751281
DD: 0.013519
DR: 0.30982299999999996
RR: 1.691679
DD: 0.025677
DR: 0.327192
RR: 1.777471
DD: 0.028103
DR: 0.328808
RR: 1.699804
DD: 0.024701999999999998
DR: 0.326356
RR: 1.6684860000000001
DD: 0.012775
DR: 0.30716099999999996
RR: 1.728022
DD: 0.026227
DR: 0.326061
RR: 1.989922
DD: 0.028596999999999997
DR: 0.3941950000000001
RR: 2.070351
DD: 0.029473
DR: 0.407211
RR: 2.084264
DD: 0.013279
DR: 0.38426800000000005
RR: 1.903351
DD: 0.011538
DR: 0.33528
RR: 1.791239
DD: 0.024165
DR: 0.332799
RR: 2.091874
DD: 0.028609
DR: 0.38299
RR: 1.911231
DD: 0.013587
DR: 0.346597
RR: 1.923755
DD: 0.027749
DR: 0.368365
RR: 1.958912
DD: 0.014207
DR: 0.345365
RR: 1.892199
DD: 0.025255
DR: 0.365935
RR: 2.01323
DD: 0.024481
DR: 0.34995099999999996
RR: 1.996476
DD: 0.027386999999999998
DR: 0.356441
RR: 1.936935
DD: 0.013366999999999999
DR: 0.33791499999999997
RR: 1.872529
DD: 0.026421
DR: 0.352078
RR: 1.861218
DD: 0.025498
DR: 0.35275100000000004
RR: 2.038284
DD: 0.01298
DR: 0.37484300000000004
RR: 2.050749
DD: 0.029963999999999998
DR: 0.401946
RR: 2.062882
DD: 0.014811
DR: 0.360585
RR: 1.704756
DD: 0.013243
DR: 0.301226
RR: 1.6265589999999999
saved to _G20.5_rmin0.001_rmax10.0_nbins30_zmin0.0zmax1.0_Lsplit3bin2_N50_Planck_MC_b60

Pixels masked by MC but not already by selfunc: 0
G20.5_zmin1.0zmax2.0_Lsplit3bin0: 0.84              34061 vs 216065
/home/groups/tabel/mahlet/quaia-env/lib/python3.10/site-packages/Corrfunc/utils.py:918: UserWarning: One or more input array has non-native endianness!  A copy will be made with the correct endianness.
  warnings.warn("One or more input array has non-native endianness!  A copy will"\
DD: 0.015439999999999999
DR: 0.573686
RR: 3.891511
DD: 0.028362
DR: 0.578447
RR: 3.730873
DD: 0.015392999999999999
DR: 0.6411
RR: 4.050312
DD: 0.018848
DR: 0.6417170000000001
RR: 3.992593
DD: 0.01479
DR: 0.550983
RR: 3.721062
DD: 0.016309
DR: 0.616157
RR: 4.165667
DD: 0.028324
DR: 0.6620250000000001
RR: 4.499178
DD: 0.016617
DR: 0.628911
RR: 4.366645
DD: 0.016602
DR: 0.625059
RR: 4.386134
DD: 0.018125
DR: 0.615931
RR: 4.298796
DD: 0.020087
DR: 0.695959
RR: 4.672031
DD: 0.020737
DR: 0.686339
RR: 4.224387
DD: 0.026969999999999997
DR: 0.625475
RR: 4.6148240000000005
DD: 0.03024
DR: 0.6633530000000001
RR: 4.465731
DD: 0.017228
DR: 0.6310450000000001
RR: 4.449492
DD: 0.016864999999999998
DR: 0.62958
RR: 4.402724
DD: 0.028308999999999997
DR: 0.651875
RR: 4.42614
DD: 0.01786
DR: 0.598963
RR: 4.860061
DD: 0.031935
DR: 0.716324
RR: 4.581037
DD: 0.029072999999999998
DR: 0.640695
RR: 4.386801
DD: 0.030567999999999998
DR: 0.67174
RR: 4.57634
DD: 0.030978
DR: 0.668587
RR: 4.502843
DD: 0.023252
DR: 0.6166210000000001
RR: 4.429572
DD: 0.033950999999999995
DR: 0.650463
RR: 4.046018
DD: 0.016104999999999998
DR: 0.560887
RR: 4.124047
DD: 0.029599999999999998
DR: 0.64221
RR: 4.283786
DD: 0.029463
DR: 0.6473869999999999
RR: 3.844486
DD: 0.015056
DR: 0.52873
RR: 4.021392
DD: 0.028453
DR: 0.594093
RR: 4.04433
DD: 0.018653
DR: 0.589955
RR: 4.002846
DD: 0.01842
DR: 0.61386
RR: 4.142792
DD: 0.019651
DR: 0.5886359999999999
RR: 4.216645
DD: 0.019268999999999998
DR: 0.614279
RR: 4.336077
DD: 0.020576
DR: 0.660612
RR: 4.656498
DD: 0.02088
DR: 0.663026
RR: 4.075566
DD: 0.017898
DR: 0.5941460000000001
RR: 4.464164
DD: 0.019259
DR: 0.657923
RR: 4.376161
DD: 0.017221999999999998
DR: 0.6276520000000001
RR: 4.364648
DD: 0.016675
DR: 0.632216
RR: 4.336159
DD: 0.016454
DR: 0.614861
RR: 4.380232
DD: 0.018484
DR: 0.687197
RR: 4.616715
DD: 0.018187
DR: 0.674769
RR: 4.12979
DD: 0.01763
DR: 0.649211
RR: 4.399375
DD: 0.019178999999999998
DR: 0.6327269999999999
RR: 4.384764
DD: 0.019424
DR: 0.6461129999999999
RR: 4.335212
DD: 0.021709
DR: 0.660767
RR: 4.316186
DD: 0.018980999999999998
DR: 0.6120030000000001
RR: 4.502156
DD: 0.019644
DR: 0.6519159999999999
RR: 4.471585
DD: 0.016544
DR: 0.5772520000000001
RR: 3.741323
DD: 0.016028999999999998
DR: 0.584321
RR: 3.93251
saved to _G20.5_rmin0.001_rmax10.0_nbins30_zmin1.0zmax2.0_Lsplit3bin0_N50_Planck_MC_b60

Pixels masked by MC but not already by selfunc: 0
G20.5_zmin1.0zmax2.0_Lsplit3bin1: 0.80              43064 vs 216065
/home/groups/tabel/mahlet/quaia-env/lib/python3.10/site-packages/Corrfunc/utils.py:918: UserWarning: One or more input array has non-native endianness!  A copy will be made with the correct endianness.
  warnings.warn("One or more input array has non-native endianness!  A copy will"\
DD: 0.021535
DR: 0.879131
RR: 6.199118
DD: 0.022364
DR: 0.823637
RR: 5.439068
DD: 0.020981
DR: 0.800009
RR: 5.754204
DD: 0.023073
DR: 0.816812
RR: 5.819322
DD: 0.024256
DR: 0.834951
RR: 5.83886
DD: 0.022241999999999998
DR: 0.849924
RR: 6.630681
DD: 0.026371
DR: 0.955144
RR: 6.143072
DD: 0.023004
DR: 0.811582
RR: 6.189983
DD: 0.024203
DR: 0.822538
RR: 5.344134
DD: 0.022772999999999998
DR: 0.802368
RR: 7.9287849999999995
DD: 0.028401
DR: 1.115218
RR: 7.315455
DD: 0.028405
DR: 0.96803
RR: 7.072486
DD: 0.026716999999999998
DR: 0.954524
RR: 6.841583
DD: 0.025394999999999997
DR: 0.995423
RR: 6.996303
DD: 0.029047999999999997
DR: 0.944237
RR: 7.30774
DD: 0.025710999999999998
DR: 0.914732
RR: 6.807351
DD: 0.024756999999999998
DR: 0.875645
RR: 6.808784
DD: 0.024274999999999998
DR: 0.886095
RR: 6.628674
DD: 0.024527
DR: 0.894195
RR: 6.56206
DD: 0.024836999999999998
DR: 0.899856
RR: 6.621173
DD: 0.024654
DR: 0.9107190000000001
RR: 6.559855
DD: 0.02455
DR: 0.880308
RR: 6.464446
DD: 0.024294
DR: 0.850851
RR: 6.60366
DD: 0.026012999999999998
DR: 0.927233
RR: 6.732333
DD: 0.025581
DR: 0.790154
RR: 5.384625
DD: 0.020420999999999998
DR: 0.710121
RR: 4.880878
DD: 0.020994
DR: 0.6956
RR: 5.170884
DD: 0.020654
DR: 0.822005
RR: 5.803435
DD: 0.023475
DR: 0.794923
RR: 5.844745
DD: 0.025342999999999997
DR: 0.806576
RR: 6.036291
DD: 0.023864999999999997
DR: 0.823787
RR: 6.305086
DD: 0.023437
DR: 0.848325
RR: 6.332562
DD: 0.023821
DR: 0.943338
RR: 7.013019
DD: 0.023372999999999998
DR: 0.845356
RR: 6.134969
DD: 0.022616999999999998
DR: 0.892248
RR: 6.623511
DD: 0.02396
DR: 0.890695
RR: 6.583556
DD: 0.022133
DR: 0.895328
RR: 6.608773
DD: 0.022265
DR: 0.872948
RR: 6.419734
DD: 0.026861
DR: 0.979836
RR: 6.999081
DD: 0.024968999999999998
DR: 0.846449
RR: 6.559564
DD: 0.025283
DR: 0.898025
RR: 6.653577
DD: 0.02431
DR: 0.892603
RR: 6.674949
DD: 0.024114999999999998
DR: 0.888423
RR: 6.629237
DD: 0.024117
DR: 0.857365
RR: 6.847155
DD: 0.026633
DR: 0.981919
RR: 6.474754
DD: 0.02264
DR: 0.8034600000000001
RR: 6.785818
DD: 0.025013999999999998
DR: 0.892416
RR: 6.640006
DD: 0.023676
DR: 0.881408
RR: 6.4375350000000005
DD: 0.023325
DR: 0.813736
RR: 5.994737
DD: 0.022333000000000047
DR: 0.875435
RR: 6.309052
saved to _G20.5_rmin0.001_rmax10.0_nbins30_zmin1.0zmax2.0_Lsplit3bin1_N50_Planck_MC_b60

Pixels masked by MC but not already by selfunc: 0
G20.5_zmin1.0zmax2.0_Lsplit3bin2: 0.75              54546 vs 216066
/home/groups/tabel/mahlet/quaia-env/lib/python3.10/site-packages/Corrfunc/utils.py:918: UserWarning: One or more input array has non-native endianness!  A copy will be made with the correct endianness.
  warnings.warn("One or more input array has non-native endianness!  A copy will"\
DD: 0.028744
DR: 1.133961
RR: 8.970821
DD: 0.027849
DR: 1.095975
RR: 8.813356
DD: 0.029917
DR: 1.198537
RR: 8.739457
DD: 0.02787
DR: 1.21536
RR: 8.997715
DD: 0.030928999999999998
DR: 1.196607
RR: 9.194848
DD: 0.031063999999999998
DR: 1.203026
RR: 9.589127
DD: 0.034629
DR: 1.3825690000000002
RR: 9.919081
DD: 0.033986999999999996
DR: 1.301933
RR: 10.209822
DD: 0.032320999999999996
DR: 1.3015379999999999
RR: 10.12876
DD: 0.032005
DR: 1.316317
RR: 10.584745999999999
DD: 0.030725
DR: 1.205486
RR: 10.366339
DD: 0.03501500000000002
DR: 1.2933970000000001
RR: 10.175073
DD: 0.032657
DR: 1.2646060000000001
RR: 10.406117
DD: 0.033212
DR: 1.391899
RR: 9.889665
DD: 0.031441
DR: 1.288197
RR: 10.234156
DD: 0.033472
DR: 1.280886
RR: 10.056145
DD: 0.031826
DR: 1.174381
RR: 10.708773
DD: 0.030251
DR: 1.202406
RR: 10.096506
DD: 0.031228
DR: 1.284821
RR: 10.114586
DD: 0.034394999999999995
DR: 1.33098
RR: 9.949758
DD: 0.035405
DR: 1.542022
RR: 10.47896
DD: 0.031736
DR: 1.342034
RR: 10.729519
DD: 0.033436
DR: 1.285968
RR: 10.416754
DD: 0.031337
DR: 1.214192
RR: 9.864296
DD: 0.032188999999999995
DR: 1.3203909999999999
RR: 9.630256
DD: 0.028169999999999997
DR: 1.113941
RR: 9.357273
DD: 0.030274
DR: 1.1553740000000001
RR: 9.056467
DD: 0.031048
DR: 1.174349
RR: 8.911296
DD: 0.028853
DR: 1.121474
RR: 9.745493
DD: 0.032512
DR: 1.135524
RR: 9.26239
DD: 0.030525
DR: 1.218966
RR: 9.86572
DD: 0.032139
DR: 1.259228
RR: 10.254285
DD: 0.032913
DR: 1.19515
RR: 11.06614
DD: 0.030868
DR: 1.241058
RR: 10.400613
DD: 0.031149
DR: 1.2838289999999999
RR: 10.554407
DD: 0.0318
DR: 1.292206
RR: 10.317263
DD: 0.031150999999999998
DR: 1.228199
RR: 10.946982
DD: 0.029896
DR: 1.227715
RR: 10.384911
DD: 0.033525
DR: 1.319269
RR: 10.537354
DD: 0.034131
DR: 1.305973
RR: 10.171877
DD: 0.03508
DR: 1.405347
RR: 10.562387
DD: 0.029370999999999998
DR: 1.213981
RR: 10.547837
DD: 0.033017
DR: 1.319399
RR: 10.466205
DD: 0.032136
DR: 1.274573
RR: 10.726423
DD: 0.035289999999999995
DR: 1.398958
RR: 10.245431
DD: 0.032854999999999995
DR: 1.3117079999999999
RR: 10.497227
DD: 0.031738999999999996
DR: 1.295951
RR: 10.334824
DD: 0.032685
DR: 1.356193
RR: 10.124456
DD: 0.028546
DR: 1.244322
RR: 9.71333
DD: 0.030448
DR: 1.159155
RR: 9.300784
saved to _G20.5_rmin0.001_rmax10.0_nbins30_zmin1.0zmax2.0_Lsplit3bin2_N50_Planck_MC_b60

Pixels masked by MC but not already by selfunc: 0
G20.5_zmin2.0zmax3.0_Lsplit3bin0: 0.84              15719 vs 95503
/home/groups/tabel/mahlet/quaia-env/lib/python3.10/site-packages/Corrfunc/utils.py:918: UserWarning: One or more input array has non-native endianness!  A copy will be made with the correct endianness.
  warnings.warn("One or more input array has non-native endianness!  A copy will"\
DD: 0.007769
DR: 0.191677
RR: 0.856511
DD: 0.027032
DR: 0.21291100000000007
RR: 0.893307
DD: 0.010303
DR: 0.178278
RR: 0.8083629999999999
DD: 0.009009
DR: 0.182133
RR: 0.7656
DD: 0.008616
DR: 0.175529
RR: 0.790041
DD: 0.007156999999999999
DR: 0.178871
RR: 0.830221
DD: 0.008059
DR: 0.195971
RR: 0.910624
DD: 0.007832
DR: 0.19580699999999998
RR: 0.922558
DD: 0.008017
DR: 0.19786000000000004
RR: 0.926992
DD: 0.007954
DR: 0.19946
RR: 0.931094
DD: 0.007790999999999999
DR: 0.19909
RR: 0.9233750000000001
DD: 0.007868
DR: 0.20013999999999998
RR: 0.928374
DD: 0.007824
DR: 0.20002499999999998
RR: 0.916797
DD: 0.007716
DR: 0.19983099999999998
RR: 0.9357099999999999
DD: 0.008077
DR: 0.201677
RR: 0.923774
DD: 0.007775
DR: 0.19710799999999998
RR: 0.924192
DD: 0.007829
DR: 0.195897
RR: 0.9269620000000001
DD: 0.007977
DR: 0.19842000000000004
RR: 0.914241
DD: 0.007884
DR: 0.19719299999999998
RR: 0.93655
DD: 0.007847999999999999
DR: 0.19881700000000002
RR: 0.917355
DD: 0.007742
DR: 0.193583
RR: 0.914008
DD: 0.007736
DR: 0.192658
RR: 0.907999
DD: 0.007477999999999999
DR: 0.18692799999999998
RR: 0.879428
DD: 0.00733
DR: 0.17640600000000006
RR: 0.823038
DD: 0.007170999999999999
DR: 0.174513
RR: 0.803725
DD: 0.008636999999999999
DR: 0.171542
RR: 0.7836190000000001
DD: 0.008801999999999999
DR: 0.21299100000000004
RR: 0.857001
DD: 0.008057
DR: 0.20246599999999998
RR: 0.860374
DD: 0.008322999999999999
DR: 0.202009
RR: 0.881478
DD: 0.00974
DR: 0.20308299999999999
RR: 0.889264
DD: 0.009752
DR: 0.215243
RR: 0.95182
DD: 0.010561
DR: 0.223542
RR: 0.976887
DD: 0.008387
DR: 0.219248
RR: 0.967355
DD: 0.009030999999999999
DR: 0.19428
RR: 0.897698
DD: 0.009328999999999999
DR: 0.193714
RR: 0.870153
DD: 0.007789
DR: 0.18484200000000006
RR: 0.840813
DD: 0.007378
DR: 0.214747
RR: 0.941485
DD: 0.009552999999999999
DR: 0.20161099999999998
RR: 0.94076
DD: 0.009479999999999999
DR: 0.202599
RR: 0.921918
DD: 0.009663999999999999
DR: 0.200032
RR: 0.935783
DD: 0.009845
DR: 0.201617
RR: 0.94227
DD: 0.009741
DR: 0.201155
RR: 0.940841
DD: 0.009630999999999999
DR: 0.198794
RR: 0.916456
DD: 0.009677
DR: 0.19716399999999998
RR: 0.919751
DD: 0.01027
DR: 0.20135100000000006
RR: 0.926803
DD: 0.010345
DR: 0.20110499999999998
RR: 0.931901
DD: 0.007958999999999999
DR: 0.20386500000000007
RR: 0.931285
DD: 0.008025
DR: 0.189544
RR: 0.905147
DD: 0.009399
DR: 0.187078
RR: 0.874634
DD: 0.009189
DR: 0.205119
RR: 0.838422
saved to _G20.5_rmin0.001_rmax10.0_nbins30_zmin2.0zmax3.0_Lsplit3bin0_N50_Planck_MC_b60

Pixels masked by MC but not already by selfunc: 0
G20.5_zmin2.0zmax3.0_Lsplit3bin1: 0.79              20230 vs 95502
/home/groups/tabel/mahlet/quaia-env/lib/python3.10/site-packages/Corrfunc/utils.py:918: UserWarning: One or more input array has non-native endianness!  A copy will be made with the correct endianness.
  warnings.warn("One or more input array has non-native endianness!  A copy will"\
DD: 0.009398
DR: 0.253303
RR: 1.218896
DD: 0.010166
DR: 0.251568
RR: 1.214519
DD: 0.009712
DR: 0.25482499999999997
RR: 1.211467
DD: 0.010273
DR: 0.26104
RR: 1.216281
DD: 0.009720999999999999
DR: 0.263753
RR: 1.251196
DD: 0.010247
DR: 0.262301
RR: 1.164482
DD: 0.009729999999999999
DR: 0.245089
RR: 1.197464
DD: 0.009353
DR: 0.24302200000000007
RR: 1.221085
DD: 0.010057
DR: 0.272397
RR: 1.368583
DD: 0.010175
DR: 0.26600399999999996
RR: 1.293108
DD: 0.009751
DR: 0.263162
RR: 1.3137919999999998
DD: 0.011653
DR: 0.265986
RR: 1.304872
DD: 0.011644
DR: 0.26153499999999996
RR: 1.327953
DD: 0.012092
DR: 0.264765
RR: 1.330696
DD: 0.011458999999999999
DR: 0.26233
RR: 1.3314300000000001
DD: 0.012062999999999999
DR: 0.27003
RR: 1.323213
DD: 0.010073
DR: 0.265416
RR: 1.3358189999999999
DD: 0.010066
DR: 0.272144
RR: 1.334887
DD: 0.011734999999999999
DR: 0.26812500000000006
RR: 1.329172
DD: 0.01175
DR: 0.264424
RR: 1.306582
DD: 0.011828
DR: 0.259003
RR: 1.316861
DD: 0.011582
DR: 0.291863
RR: 1.342507
DD: 0.01107
DR: 0.256007
RR: 1.264468
DD: 0.010808
DR: 0.247549
RR: 1.216544
DD: 0.010655999999999999
DR: 0.23879399999999998
RR: 1.175101
DD: 0.010922
DR: 0.23337800000000009
RR: 1.140612
DD: 0.010868
DR: 0.22932600000000003
RR: 1.113744
DD: 0.010896
DR: 0.22627699999999998
RR: 1.049547
DD: 0.010388999999999999
DR: 0.220159
RR: 1.233971
DD: 0.012539
DR: 0.26256399999999996
RR: 1.273914
DD: 0.01261
DR: 0.273899
RR: 1.3011780000000002
DD: 0.010747
DR: 0.282985
RR: 1.371798
DD: 0.012671
DR: 0.288645
RR: 1.407723
DD: 0.012823999999999999
DR: 0.293277
RR: 1.249103
DD: 0.011649999999999999
DR: 0.26047600000000004
RR: 1.237904
DD: 0.009356999999999999
DR: 0.250424
RR: 1.245922
DD: 0.011784
DR: 0.27037100000000003
RR: 1.340876
DD: 0.011599
DR: 0.26673
RR: 1.31764
DD: 0.011699
DR: 0.266789
RR: 1.337539
DD: 0.010152
DR: 0.270497
RR: 1.319872
DD: 0.010142
DR: 0.26417999999999997
RR: 1.334259
DD: 0.011805999999999999
DR: 0.27352499999999996
RR: 1.3235839999999999
DD: 0.011576
DR: 0.26681499999999997
RR: 1.301101
DD: 0.009767999999999999
DR: 0.25931499999999996
RR: 1.303193
DD: 0.011595
DR: 0.26589999999999997
RR: 1.30996
DD: 0.011538
DR: 0.259313
RR: 1.31451
DD: 0.011523
DR: 0.26486499999999996
RR: 1.3072949999999999
DD: 0.010967
DR: 0.250527
RR: 1.256745
DD: 0.00916
DR: 0.238812
RR: 1.200831
DD: 0.008864
DR: 0.234005
RR: 1.147284
saved to _G20.5_rmin0.001_rmax10.0_nbins30_zmin2.0zmax3.0_Lsplit3bin1_N50_Planck_MC_b60

Pixels masked by MC but not already by selfunc: 0
G20.5_zmin2.0zmax3.0_Lsplit3bin2: 0.72              26598 vs 95503
/home/groups/tabel/mahlet/quaia-env/lib/python3.10/site-packages/Corrfunc/utils.py:918: UserWarning: One or more input array has non-native endianness!  A copy will be made with the correct endianness.
  warnings.warn("One or more input array has non-native endianness!  A copy will"\
DD: 0.012688
DR: 0.36293200000000003
RR: 1.854267
DD: 0.012608
DR: 0.320285
RR: 1.635777
DD: 0.011769
DR: 0.30799899999999997
RR: 1.643002
DD: 0.01313
DR: 0.33480899999999997
RR: 1.78389
DD: 0.012293
DR: 0.34133399999999997
RR: 1.819409
DD: 0.014856
DR: 0.349726
RR: 1.887219
DD: 0.014744
DR: 0.359815
RR: 1.974039
DD: 0.014721
DR: 0.372698
RR: 1.977009
DD: 0.015193
DR: 0.3692460000000001
RR: 2.016178
DD: 0.014697
DR: 0.3629220000000001
RR: 2.005462
DD: 0.015905
DR: 0.371568
RR: 2.014154
DD: 0.014877
DR: 0.364328
RR: 1.932266
DD: 0.014438999999999999
DR: 0.35172400000000004
RR: 1.908487
DD: 0.014416
DR: 0.346254
RR: 2.123528
DD: 0.016153
DR: 0.401749
RR: 2.104371
DD: 0.016294
DR: 0.399961
RR: 2.117939
DD: 0.016885999999999998
DR: 0.39810100000000004
RR: 2.060267
DD: 0.014797999999999999
DR: 0.345893
RR: 1.931528
DD: 0.014679999999999999
DR: 0.353556
RR: 1.937187
DD: 0.015851999999999998
DR: 0.37263100000000005
RR: 1.998385
DD: 0.015297999999999999
DR: 0.37193
RR: 1.987154
DD: 0.015179999999999999
DR: 0.37402500000000005
RR: 1.975536
DD: 0.015014
DR: 0.36387900000000006
RR: 1.933528
DD: 0.014351
DR: 0.3440230000000001
RR: 1.860208
DD: 0.012362
DR: 0.339258
RR: 1.769258
DD: 0.011899
DR: 0.32321
RR: 1.7695020000000001
DD: 0.011911999999999999
DR: 0.325029
RR: 1.7089509999999999
DD: 0.01375
DR: 0.33153499999999997
RR: 1.651937
DD: 0.013602999999999999
DR: 0.321832
RR: 1.701609
DD: 0.013595
DR: 0.323435
RR: 1.905571
DD: 0.015453
DR: 0.39119
RR: 1.970436
DD: 0.015728
DR: 0.413027
RR: 2.10787
DD: 0.017082999999999997
DR: 0.40560399999999996
RR: 2.049135
DD: 0.015238999999999999
DR: 0.34705700000000006
RR: 1.890044
DD: 0.014783
DR: 0.351082
RR: 1.940228
DD: 0.015812
DR: 0.37738099999999997
RR: 1.974558
DD: 0.013212
DR: 0.365404
RR: 1.997198
DD: 0.015449999999999998
DR: 0.367585
RR: 1.98446
DD: 0.015467999999999999
DR: 0.367606
RR: 2.001131
DD: 0.015879
DR: 0.369284
RR: 2.003984
DD: 0.014825
DR: 0.37141199999999996
RR: 2.015094
DD: 0.014908999999999999
DR: 0.37479799999999996
RR: 2.015831
DD: 0.014693
DR: 0.366083
RR: 1.965101
DD: 0.015012
DR: 0.35701299999999997
RR: 1.940134
DD: 0.012504999999999999
DR: 0.351481
RR: 1.964898
DD: 0.014079
DR: 0.40096099999999996
RR: 2.084486
DD: 0.013805
DR: 0.401787
RR: 2.104407
DD: 0.013325
DR: 0.39730499999999996
RR: 2.06197
DD: 0.013339
DR: 0.356972
RR: 1.7521049999999998
DD: 0.011427999999999999
DR: 0.31379799999999997
RR: 1.666664
saved to _G20.5_rmin0.001_rmax10.0_nbins30_zmin2.0zmax3.0_Lsplit3bin2_N50_Planck_MC_b60

Pixels masked by MC but not already by selfunc: 0
G20.5_zmin3.0zmax4.6_Lsplit3bin0: 0.82              2212 vs 12153
/home/groups/tabel/mahlet/quaia-env/lib/python3.10/site-packages/Corrfunc/utils.py:918: UserWarning: One or more input array has non-native endianness!  A copy will be made with the correct endianness.
  warnings.warn("One or more input array has non-native endianness!  A copy will"\
DD: 0.0020659999999999997
DR: 0.017581
RR: 0.02695700000000001
DD: 0.0018499999999999999
DR: 0.017020999999999998
RR: 0.026926
DD: 0.0018239999999999999
DR: 0.017292
RR: 0.026889999999999997
DD: 0.001882
DR: 0.017329999999999998
RR: 0.027021999999999997
DD: 0.001867
DR: 0.017214
RR: 0.027524999999999997
DD: 0.00188
DR: 0.017601
RR: 0.027999
DD: 0.001957
DR: 0.017801
RR: 0.029272
DD: 0.0020169999999999997
DR: 0.01803
RR: 0.029304999999999998
DD: 0.00198
DR: 0.01797
RR: 0.029587
DD: 0.001986
DR: 0.017808
RR: 0.029679999999999998
DD: 0.0019529999999999999
DR: 0.017838
RR: 0.029570000000000096
DD: 0.002018
DR: 0.017825999999999998
RR: 0.029321999999999997
DD: 0.001964
DR: 0.017679999999999998
RR: 0.029231
DD: 0.001996
DR: 0.017571
RR: 0.029682
DD: 0.0019529999999999999
DR: 0.017949
RR: 0.029664999999999997
DD: 0.001994
DR: 0.018018
RR: 0.029620999999999998
DD: 0.0020369999999999997
DR: 0.017838
RR: 0.029401999999999998
DD: 0.001981
DR: 0.017946
RR: 0.029747
DD: 0.001971
DR: 0.017918
RR: 0.02971
DD: 0.00197
DR: 0.017953
RR: 0.029782999999999997
DD: 0.001984
DR: 0.018064
RR: 0.029589999999999998
DD: 0.002016
DR: 0.017727
RR: 0.029623999999999998
DD: 0.0019279999999999998
DR: 0.017171
RR: 0.028241
DD: 0.0018449999999999999
DR: 0.016860999999999998
RR: 0.027437999999999997
DD: 0.00182
DR: 0.016465999999999998
RR: 0.027066
DD: 0.0018269999999999998
DR: 0.017006
RR: 0.026872
DD: 0.0018139999999999999
DR: 0.016762
RR: 0.026431999999999997
DD: 0.001843
DR: 0.016631
RR: 0.026438999999999997
DD: 0.001857
DR: 0.016595
RR: 0.026452999999999997
DD: 0.001825
DR: 0.016885
RR: 0.027077
DD: 0.00182
DR: 0.017051
RR: 0.027672
DD: 0.001945
DR: 0.017492999999999998
RR: 0.028624
DD: 0.001892
DR: 0.017747
RR: 0.029226
DD: 0.001857
DR: 0.017456
RR: 0.029325999999999998
DD: 0.0019749999999999998
DR: 0.017620999999999998
RR: 0.029186999999999998
DD: 0.0019749999999999998
DR: 0.017523999999999998
RR: 0.029515999999999997
DD: 0.001984
DR: 0.017854
RR: 0.029113999999999998
DD: 0.001964
DR: 0.01753
RR: 0.029116
DD: 0.0019749999999999998
DR: 0.017515
RR: 0.02965
DD: 0.001986
DR: 0.017596
RR: 0.02912300000000001
DD: 0.001963
DR: 0.017530999999999998
RR: 0.029165
DD: 0.001966
DR: 0.017664
RR: 0.029396
DD: 0.001996
DR: 0.017735
RR: 0.02946
DD: 0.002
DR: 0.017766999999999998
RR: 0.029546
DD: 0.00199
DR: 0.0179
RR: 0.029387
DD: 0.002015
DR: 0.017519
RR: 0.028856
DD: 0.0019279999999999998
DR: 0.017429
RR: 0.028881999999999998
DD: 0.001869
DR: 0.017129
RR: 0.028357999999999998
DD: 0.0018859999999999999
DR: 0.017255
RR: 0.027739999999999997
DD: 0.001875
DR: 0.016916000000000042
RR: 0.026827999999999998
saved to _G20.5_rmin0.001_rmax10.0_nbins30_zmin3.0zmax4.6_Lsplit3bin0_N50_Planck_MC_b60

Pixels masked by MC but not already by selfunc: 0
G20.5_zmin3.0zmax4.6_Lsplit3bin1: 0.78              2671 vs 12152
/home/groups/tabel/mahlet/quaia-env/lib/python3.10/site-packages/Corrfunc/utils.py:918: UserWarning: One or more input array has non-native endianness!  A copy will be made with the correct endianness.
  warnings.warn("One or more input array has non-native endianness!  A copy will"\
DD: 0.002248
DR: 0.018505999999999998
RR: 0.027614999999999997
DD: 0.004847
DR: 0.019337
RR: 0.027448
DD: 0.001989
DR: 0.017644999999999997
RR: 0.027437
DD: 0.002046
DR: 0.018068
RR: 0.028398999999999997
DD: 0.0020629999999999997
DR: 0.017908999999999998
RR: 0.028003
DD: 0.002056
DR: 0.017915
RR: 0.028768
DD: 0.0021119999999999997
DR: 0.018982
RR: 0.029796
DD: 0.002111
DR: 0.018571
RR: 0.030156
DD: 0.0021379999999999997
DR: 0.018885
RR: 0.030716999999999998
DD: 0.0021100000000000563
DR: 0.018826
RR: 0.030660999999999997
DD: 0.002167
DR: 0.018883
RR: 0.029774
DD: 0.002078
DR: 0.018104
RR: 0.02975
DD: 0.001993
DR: 0.01866
RR: 0.030112
DD: 0.002128
DR: 0.01858
RR: 0.030279
DD: 0.00213
DR: 0.018546
RR: 0.030406
DD: 0.002129
DR: 0.018834
RR: 0.029958
DD: 0.002055
DR: 0.01817600000000008
RR: 0.02955
DD: 0.0020629999999999997
DR: 0.018313
RR: 0.031575
DD: 0.0028629999999999997
DR: 0.018611
RR: 0.029977999999999998
DD: 0.002061
DR: 0.018446999999999998
RR: 0.030085999999999998
DD: 0.002068
DR: 0.018498999999999998
RR: 0.029956
DD: 0.00209
DR: 0.01843
RR: 0.030174999999999997
DD: 0.002038
DR: 0.017915999999999998
RR: 0.028912
DD: 0.002033
DR: 0.017438
RR: 0.027891
DD: 0.00202
DR: 0.017256
RR: 0.027398
DD: 0.001999
DR: 0.017297
RR: 0.027339
DD: 0.002005
DR: 0.017188
RR: 0.027576999999999997
DD: 0.001964
DR: 0.017485
RR: 0.02835
DD: 0.00211
DR: 0.017227
RR: 0.02746
DD: 0.001989
DR: 0.017369
RR: 0.027785999999999998
DD: 0.0019979999999999998
DR: 0.017842
RR: 0.028485
DD: 0.002046
DR: 0.018652
RR: 0.029637999999999998
DD: 0.002111
DR: 0.018559
RR: 0.030292999999999997
DD: 0.002133
DR: 0.01852
RR: 0.030292
DD: 0.0020959999999999998
DR: 0.018622
RR: 0.030303
DD: 0.002162
DR: 0.018661
RR: 0.030703000000000036
DD: 0.00216
DR: 0.018344
RR: 0.029623999999999998
DD: 0.002103
DR: 0.018178
RR: 0.029376
DD: 0.002121
DR: 0.018237
RR: 0.029455
DD: 0.002075
DR: 0.018137999999999998
RR: 0.031297
DD: 0.002326
DR: 0.019008
RR: 0.030184
DD: 0.002372
DR: 0.019614
RR: 0.031024999999999997
DD: 0.002473
DR: 0.019639
RR: 0.030799
DD: 0.0024449999999999997
DR: 0.019437
RR: 0.030687
DD: 0.002424
DR: 0.019188
RR: 0.031069000000000013
DD: 0.002451
DR: 0.019462
RR: 0.030216999999999997
DD: 0.002372
DR: 0.019197
RR: 0.030389
DD: 0.002214
DR: 0.017960999999999998
RR: 0.029129
DD: 0.002049
DR: 0.017453
RR: 0.028017999999999998
DD: 0.001969
DR: 0.01737
RR: 0.027694
/oak/stanford/orgs/kipac/users/mahlet/quaia_bias/scripts/jackknife.py:226: RuntimeWarning: Mean of empty slice
  cf_mean = np.nanmean(cf_jackknife, axis = 0)  # is it ok to ignore nan values?
saved to _G20.5_rmin0.001_rmax10.0_nbins30_zmin3.0zmax4.6_Lsplit3bin1_N50_Planck_MC_b60

Pixels masked by MC but not already by selfunc: 0
G20.5_zmin3.0zmax4.6_Lsplit3bin2: 0.70              3682 vs 12153
/home/groups/tabel/mahlet/quaia-env/lib/python3.10/site-packages/Corrfunc/utils.py:918: UserWarning: One or more input array has non-native endianness!  A copy will be made with the correct endianness.
  warnings.warn("One or more input array has non-native endianness!  A copy will"\
DD: 0.002826
DR: 0.020215999999999998
RR: 0.031002
DD: 0.002544
DR: 0.019903
RR: 0.031219999999999998
DD: 0.00281
DR: 0.021655999999999998
RR: 0.032088
DD: 0.002838
DR: 0.021049
RR: 0.032029999999999996
DD: 0.002868
DR: 0.020822999999999998
RR: 0.03223100000000001
DD: 0.002884
DR: 0.021509
RR: 0.033152
DD: 0.003012
DR: 0.022126
RR: 0.034520999999999996
DD: 0.0030069999999999997
DR: 0.022171999999999997
RR: 0.035532999999999995
DD: 0.0030299999999999997
DR: 0.022896
RR: 0.035434
DD: 0.003202
DR: 0.021469
RR: 0.03367
DD: 0.002781
DR: 0.021190999999999998
RR: 0.036476
DD: 0.003809
DR: 0.021785
RR: 0.033436
DD: 0.002551
DR: 0.020796
RR: 0.033985
DD: 0.0026080000000000547
DR: 0.021155999999999998
RR: 0.033985
DD: 0.002659
DR: 0.020898999999999997
RR: 0.033512
DD: 0.002565
DR: 0.020686
RR: 0.033406
DD: 0.0025529999999999997
DR: 0.020487
RR: 0.033338
DD: 0.002561
DR: 0.0206
RR: 0.033257
DD: 0.002499
DR: 0.020565
RR: 0.033549999999999996
DD: 0.0026179999999999997
DR: 0.020926999999999998
RR: 0.033734
DD: 0.002561
DR: 0.020779
RR: 0.033659999999999995
DD: 0.002532
DR: 0.020742999999999998
RR: 0.033735
DD: 0.0025759999999999997
DR: 0.020465999999999998
RR: 0.033047
DD: 0.002499
DR: 0.020307
RR: 0.032246
DD: 0.002528
DR: 0.020116
RR: 0.031654
DD: 0.0025069999999999997
DR: 0.021377999999999998
RR: 0.032688999999999996
DD: 0.002616
DR: 0.019298
RR: 0.030267
DD: 0.0024649999999999997
DR: 0.021861
RR: 0.032742
DD: 0.002673
DR: 0.021186
RR: 0.033048999999999995
DD: 0.002706
DR: 0.021849
RR: 0.033861999999999996
DD: 0.0026479999999999997
DR: 0.022452999999999997
RR: 0.031948
DD: 0.002547
DR: 0.020808999999999998
RR: 0.033382
DD: 0.002631
DR: 0.020853
RR: 0.034113
DD: 0.0026539999999999997
DR: 0.02102
RR: 0.034138
DD: 0.0026669999999999997
DR: 0.021389
RR: 0.036104
DD: 0.002783
DR: 0.023104
RR: 0.036234999999999996
DD: 0.002562
DR: 0.020845
RR: 0.033846999999999995
DD: 0.002585
DR: 0.021053
RR: 0.033863
DD: 0.002594
DR: 0.024329
RR: 0.033782
DD: 0.002711
DR: 0.020685
RR: 0.033356
DD: 0.002526
DR: 0.020828
RR: 0.033936
DD: 0.0026279999999999997
DR: 0.020937
RR: 0.033764999999999996
DD: 0.0025859999999999998
DR: 0.02112
RR: 0.033881999999999995
DD: 0.002564
DR: 0.020929
RR: 0.034025
DD: 0.002631
DR: 0.021026
RR: 0.033455
DD: 0.002606
DR: 0.020496999999999998
RR: 0.03312999999999999
DD: 0.0025
DR: 0.020406999999999998
RR: 0.033339
DD: 0.002508
DR: 0.019964
RR: 0.032256
DD: 0.002427
DR: 0.019537
RR: 0.031156999999999997
DD: 0.0024189999999999997
DR: 0.019705999999999998
RR: 0.030726999999999997
/oak/stanford/orgs/kipac/users/mahlet/quaia_bias/scripts/jackknife.py:226: RuntimeWarning: Mean of empty slice
  cf_mean = np.nanmean(cf_jackknife, axis = 0)  # is it ok to ignore nan values?
saved to _G20.5_rmin0.001_rmax10.0_nbins30_zmin3.0zmax4.6_Lsplit3bin2_N50_Planck_MC_b60

done!
