Starting batch job

G20.5: computing wtheta in 30 bins from 0.001 to 10.0 on a log scale for 50 jackknife regions...
--L: maxsplit

z: [0.0, 1.0, 2.0, 3.0, 4.6] minmax None
L: None maxsplit 4
Pixels masked by MC but not already by selfunc: 0
G20.5_zmin0.0zmax1.0_Lmaxsplit4bin0: 0.86              11740 vs 81084
[Warning] The CPU supports AVX512F but the compiler does not.  Can you try another compiler?
/home/groups/tabel/mahlet/quaia-env/lib/python3.10/site-packages/Corrfunc/utils.py:918: UserWarning: One or more input array has non-native endianness!  A copy will be made with the correct endianness.
  warnings.warn("One or more input array has non-native endianness!  A copy will"\
DD: 0.004606
DR: 0.09023000000000003
RR: 0.318894
DD: 0.004222
DR: 0.086766
RR: 0.31712300000000004
DD: 0.004158
DR: 0.086394
RR: 0.317309
DD: 0.004238
DR: 0.087159
RR: 0.31937000000000004
DD: 0.004193
DR: 0.087833
RR: 0.326727
DD: 0.0043289999999999995
DR: 0.093938
RR: 0.337727
DD: 0.004431
DR: 0.096706
RR: 0.35333899999999996
DD: 0.005918
DR: 0.098075
RR: 0.35600299999999996
DD: 0.004491
DR: 0.098455
RR: 0.35646600000000006
DD: 0.004489
DR: 0.09805
RR: 0.357189
DD: 0.004510999999999999
DR: 0.098176
RR: 0.356784
DD: 0.004467
DR: 0.098092
RR: 0.35667800000000005
DD: 0.004494
DR: 0.10102399999999999
RR: 0.357203
DD: 0.004802
DR: 0.09807700000000008
RR: 0.35636799999999996
DD: 0.004497999999999999
DR: 0.09833
RR: 0.35654300000000005
DD: 0.004502
DR: 0.098218
RR: 0.35706499999999997
DD: 0.004513
DR: 0.098148
RR: 0.3594010000000001
DD: 0.006318
DR: 0.098324
RR: 0.356983
DD: 0.0044729999999999995
DR: 0.098581
RR: 0.35692399999999996
DD: 0.004517
DR: 0.098102
RR: 0.35609500000000005
DD: 0.004496
DR: 0.098285
RR: 0.356927
DD: 0.004536999999999999
DR: 0.09901900000000008
RR: 0.357218
DD: 0.004353
DR: 0.095457
RR: 0.346345
DD: 0.004319
DR: 0.092378
RR: 0.33227
DD: 0.004278
DR: 0.090248
RR: 0.324624
DD: 0.004141
DR: 0.08602699999999999
RR: 0.320227
DD: 0.005604
DR: 0.086982
RR: 0.31662799999999997
DD: 0.0041519999999999994
DR: 0.08570799999999999
RR: 0.317542
DD: 0.004299
DR: 0.08693999999999999
RR: 0.32184399999999996
DD: 0.004259
DR: 0.087655
RR: 0.326511
DD: 0.004352
DR: 0.09400399999999999
RR: 0.33858
DD: 0.0044529999999999995
DR: 0.097131
RR: 0.35226199999999996
DD: 0.004497
DR: 0.098603
RR: 0.357135
DD: 0.004471999999999999
DR: 0.098303
RR: 0.356655
DD: 0.004493
DR: 0.098426
RR: 0.35733800000000004
DD: 0.004504
DR: 0.098595
RR: 0.356805
DD: 0.004475
DR: 0.098617
RR: 0.35720599999999997
DD: 0.004471999999999999
DR: 0.098133
RR: 0.35688700000000007
DD: 0.004497
DR: 0.098798
RR: 0.35695699999999997
DD: 0.004471
DR: 0.09801900000000008
RR: 0.358711
DD: 0.006163
DR: 0.098633
RR: 0.356973
DD: 0.0044789999999999995
DR: 0.098573
RR: 0.356921
DD: 0.00449
DR: 0.098615
RR: 0.35681999999999997
DD: 0.004506
DR: 0.09819399999999999
RR: 0.356709
DD: 0.004514
DR: 0.098382
RR: 0.356448
DD: 0.004504
DR: 0.098179
RR: 0.35718000000000005
DD: 0.004509
DR: 0.098089
RR: 0.356966
DD: 0.004372
DR: 0.09505400000000008
RR: 0.34615199999999996
DD: 0.004333
DR: 0.09235299999999999
RR: 0.33248500000000003
DD: 0.004186
DR: 0.090681
RR: 0.32200599999999996
saved to _G20.5_rmin0.001_rmax10.0_nbins30_zmin0.0zmax1.0_Lmaxsplit4bin0_N50_Planck_MC_b60

Pixels masked by MC but not already by selfunc: 0
G20.5_zmin0.0zmax1.0_Lmaxsplit4bin1: 0.84              26064 vs 162168
/home/groups/tabel/mahlet/quaia-env/lib/python3.10/site-packages/Corrfunc/utils.py:918: UserWarning: One or more input array has non-native endianness!  A copy will be made with the correct endianness.
  warnings.warn("One or more input array has non-native endianness!  A copy will"\
DD: 0.008921
DR: 0.25172700000000003
RR: 1.330622
DD: 0.00912
DR: 0.249836
RR: 1.31938
DD: 0.008834999999999999
DR: 0.250725
RR: 1.324153
DD: 0.009078
DR: 0.252901
RR: 1.3325960000000001
DD: 0.008992
DR: 0.255343
RR: 1.361014
DD: 0.009552
DR: 0.263806
RR: 1.4103370000000002
DD: 0.009446999999999999
DR: 0.273325
RR: 1.4750809999999999
DD: 0.009755999999999999
DR: 0.276954
RR: 1.494353
DD: 0.009505999999999999
DR: 0.2757320000000001
RR: 1.49573
DD: 0.009597999999999999
DR: 0.275536
RR: 1.4945119999999998
DD: 0.009715999999999999
DR: 0.275833
RR: 1.498911
DD: 0.011451999999999999
DR: 0.28027799999999997
RR: 1.495673
DD: 0.009592
DR: 0.275835
RR: 1.4965410000000001
DD: 0.009852999999999999
DR: 0.276188
RR: 1.4958879999999999
DD: 0.009736
DR: 0.276126
RR: 1.496267
DD: 0.009542
DR: 0.27551400000000004
RR: 1.494951
DD: 0.009594
DR: 0.275485
RR: 1.495376
DD: 0.00968
DR: 0.27593799999999996
RR: 1.49574
DD: 0.00967
DR: 0.276431
RR: 1.496078
DD: 0.00967
DR: 0.27560599999999996
RR: 1.4958550000000002
DD: 0.009824
DR: 0.276838
RR: 1.4963359999999999
DD: 0.009665
DR: 0.276321
RR: 1.49634
DD: 0.009330999999999999
DR: 0.26707100000000006
RR: 1.4511319999999999
DD: 0.009035
DR: 0.256846
RR: 1.391924
DD: 0.010721999999999999
DR: 0.2535820000000001
RR: 1.34572
DD: 0.00902
DR: 0.24993100000000001
RR: 1.328666
DD: 0.009164
DR: 0.24969200000000003
RR: 1.314991
DD: 0.008973
DR: 0.24969899999999998
RR: 1.316038
DD: 0.008881
DR: 0.250588
RR: 1.3363049999999999
DD: 0.009124
DR: 0.25473799999999996
RR: 1.363218
DD: 0.009444
DR: 0.261908
RR: 1.4121830000000002
DD: 0.009807
DR: 0.273323
RR: 1.4758900000000001
DD: 0.009531999999999999
DR: 0.275806
RR: 1.495432
DD: 0.009783
DR: 0.2767470000000001
RR: 1.496765
DD: 0.009715
DR: 0.27564200000000005
RR: 1.495974
DD: 0.009715
DR: 0.27590899999999996
RR: 1.495624
DD: 0.009648
DR: 0.276138
RR: 1.495889
DD: 0.009679
DR: 0.275849
RR: 1.4942030000000002
DD: 0.009788
DR: 0.275903
RR: 1.495671
DD: 0.009656999999999999
DR: 0.276217
RR: 1.495349
DD: 0.00971
DR: 0.276239
RR: 1.496245
DD: 0.009537
DR: 0.2753
RR: 1.495456
DD: 0.00966
DR: 0.276071
RR: 1.494764
DD: 0.00967
DR: 0.27565999999999996
RR: 1.495434
DD: 0.009733
DR: 0.275849
RR: 1.495898
DD: 0.009713
DR: 0.276345
RR: 1.49635
DD: 0.009793999999999999
DR: 0.27685899999999997
RR: 1.495632
DD: 0.009436
DR: 0.26686
RR: 1.449417
DD: 0.009158999999999999
DR: 0.256783
RR: 1.382782
DD: 0.008971
DR: 0.25039600000000006
RR: 1.350784
saved to _G20.5_rmin0.001_rmax10.0_nbins30_zmin0.0zmax1.0_Lmaxsplit4bin1_N50_Planck_MC_b60

Pixels masked by MC but not already by selfunc: 0
G20.5_zmin0.0zmax1.0_Lmaxsplit4bin2: 0.82              44396 vs 243252
/home/groups/tabel/mahlet/quaia-env/lib/python3.10/site-packages/Corrfunc/utils.py:918: UserWarning: One or more input array has non-native endianness!  A copy will be made with the correct endianness.
  warnings.warn("One or more input array has non-native endianness!  A copy will"\
DD: 0.016645
DR: 0.579486
RR: 3.870054
DD: 0.016822999999999998
DR: 0.5649029999999999
RR: 3.82388
DD: 0.016822999999999998
DR: 0.56652
RR: 3.830204
DD: 0.016871999999999998
DR: 0.569728
RR: 3.8500199999999998
DD: 0.017167000000000043
DR: 0.579225
RR: 3.944823
DD: 0.017355
DR: 0.607816
RR: 4.112481
DD: 0.017979
DR: 0.631405
RR: 4.310076
DD: 0.018073
DR: 0.640856
RR: 4.366588
DD: 0.018095999999999998
DR: 0.6397889999999999
RR: 4.370183
DD: 0.019289
DR: 0.640277
RR: 4.36505
DD: 0.018210999999999998
DR: 0.640111
RR: 4.369064
DD: 0.018036999999999997
DR: 0.639888
RR: 4.367745
DD: 0.017967999999999998
DR: 0.6399859999999999
RR: 4.369391
DD: 0.018113999999999998
DR: 0.639871
RR: 4.367975
DD: 0.017838
DR: 0.639886
RR: 4.370611
DD: 0.018067
DR: 0.63976
RR: 4.36664
DD: 0.018206
DR: 0.63983
RR: 4.37068
DD: 0.018133
DR: 0.6412059999999999
RR: 4.366181
DD: 0.018134
DR: 0.64018
RR: 4.370764
DD: 0.018196
DR: 0.639569
RR: 4.368845
DD: 0.019493
DR: 0.6409640000000001
RR: 4.372156
DD: 0.01792
DR: 0.639675
RR: 4.369104
DD: 0.017700999999999998
DR: 0.619373
RR: 4.239021
DD: 0.017002
DR: 0.5944229999999999
RR: 4.049459
DD: 0.017078
DR: 0.582853
RR: 3.940812
DD: 0.016704999999999998
DR: 0.575957
RR: 3.857059
DD: 0.016701
DR: 0.562695
RR: 3.799973
DD: 0.016309
DR: 0.5620590000000001
RR: 3.796387
DD: 0.016581
DR: 0.567504
RR: 3.858241
DD: 0.016989
DR: 0.576605
RR: 3.950379
DD: 0.017352
DR: 0.596212
RR: 4.114371
DD: 0.017792
DR: 0.629421
RR: 4.312449
DD: 0.019204
DR: 0.641462
RR: 4.371408
DD: 0.018202
DR: 0.641616
RR: 4.367675
DD: 0.018115
DR: 0.6396280000000001
RR: 4.36819
DD: 0.018057
DR: 0.6402909999999999
RR: 4.368517
DD: 0.018141
DR: 0.6406350000000001
RR: 4.37038
DD: 0.018297
DR: 0.64054
RR: 4.36782
DD: 0.018136
DR: 0.640134
RR: 4.371476
DD: 0.017915
DR: 0.6408020000000001
RR: 4.368353
DD: 0.017847
DR: 0.6397349999999999
RR: 4.372193
DD: 0.018092
DR: 0.638965
RR: 4.371173
DD: 0.01918
DR: 0.6405069999999999
RR: 4.371727
DD: 0.017966
DR: 0.638969
RR: 4.369613
DD: 0.018113999999999998
DR: 0.639355
RR: 4.371428
DD: 0.018226
DR: 0.640188
RR: 4.367764
DD: 0.01817
DR: 0.6411359999999999
RR: 4.369878
DD: 0.017613999999999998
DR: 0.620142
RR: 4.225502
DD: 0.017128
DR: 0.5951989999999999
RR: 4.044961
DD: 0.016582
DR: 0.581839
RR: 3.915995
saved to _G20.5_rmin0.001_rmax10.0_nbins30_zmin0.0zmax1.0_Lmaxsplit4bin2_N50_Planck_MC_b60

Pixels masked by MC but not already by selfunc: 0
G20.5_zmin0.0zmax1.0_Lmaxsplit4bin3: 0.81              62596 vs 324336
/home/groups/tabel/mahlet/quaia-env/lib/python3.10/site-packages/Corrfunc/utils.py:918: UserWarning: One or more input array has non-native endianness!  A copy will be made with the correct endianness.
  warnings.warn("One or more input array has non-native endianness!  A copy will"\
DD: 0.026489
DR: 1.028348
RR: 8.141371
DD: 0.025848
DR: 1.015056
RR: 8.010916
DD: 0.026085999999999998
DR: 1.016578
RR: 8.033929
DD: 0.026268999999999997
DR: 1.024121
RR: 8.089283
DD: 0.026344
DR: 1.041771
RR: 8.291208
DD: 0.027243999999999997
DR: 1.077143
RR: 8.655953
DD: 0.028967999999999997
DR: 1.125746
RR: 9.080191
DD: 0.028579999999999998
DR: 1.13866
RR: 9.196221
DD: 0.028329
DR: 1.137101
RR: 9.195479
DD: 0.028392999999999998
DR: 1.137969
RR: 9.206556
DD: 0.028537
DR: 1.139198
RR: 9.203175
DD: 0.028474
DR: 1.138419
RR: 9.199758
DD: 0.028332999999999997
DR: 1.137308
RR: 9.202631
DD: 0.028558
DR: 1.139404
RR: 9.197561
DD: 0.028457
DR: 1.142045
RR: 9.197244
DD: 0.028571
DR: 1.1379190000000001
RR: 9.199605
DD: 0.028176
DR: 1.138153
RR: 9.198702
DD: 0.028485999999999997
DR: 1.13654
RR: 9.200158
DD: 0.028477
DR: 1.1384699999999999
RR: 9.199176
DD: 0.028568
DR: 1.139415
RR: 9.199353
DD: 0.029244
DR: 1.140077
RR: 9.20129
DD: 0.028510999999999998
DR: 1.138019
RR: 9.198305
DD: 0.027975
DR: 1.107518
RR: 8.942639
DD: 0.026851999999999997
DR: 1.057955
RR: 8.531246
DD: 0.026192999999999998
DR: 1.033293
RR: 8.2979
DD: 0.026099999999999998
DR: 1.020363
RR: 8.117271
DD: 0.025581
DR: 1.012683
RR: 7.945362
DD: 0.025717999999999998
DR: 1.009416
RR: 7.936778
DD: 0.025894999999999998
DR: 1.020584
RR: 8.08949
DD: 0.026380999999999998
DR: 1.036183
RR: 8.299637
DD: 0.027132
DR: 1.07386
RR: 8.671736
DD: 0.028107
DR: 1.123576
RR: 9.077111
DD: 0.028374
DR: 1.137885
RR: 9.199202
DD: 0.028522
DR: 1.13856
RR: 9.20186
DD: 0.029552
DR: 1.1401620000000001
RR: 9.199234
DD: 0.028496999999999998
DR: 1.137367
RR: 9.198466
DD: 0.028585
DR: 1.139778
RR: 9.19628
DD: 0.028555999999999998
DR: 1.138929
RR: 9.20158
DD: 0.028471
DR: 1.139135
RR: 9.197211
DD: 0.028419999999999997
DR: 1.137983
RR: 9.19802
DD: 0.028565999999999998
DR: 1.139399
RR: 9.196477
DD: 0.028481
DR: 1.137676
RR: 9.201297
DD: 0.029328
DR: 1.138519
RR: 9.200964
DD: 0.028510999999999998
DR: 1.138965
RR: 9.200855
DD: 0.028513
DR: 1.13832
RR: 9.200138
DD: 0.028586
DR: 1.13958
RR: 9.196568
DD: 0.028357
DR: 1.140284
RR: 9.202235
DD: 0.028064
DR: 1.103412
RR: 8.926543
DD: 0.026865
DR: 1.060724
RR: 8.535998
DD: 0.026236
DR: 1.035701
RR: 8.282466
saved to _G20.5_rmin0.001_rmax10.0_nbins30_zmin0.0zmax1.0_Lmaxsplit4bin3_N50_Planck_MC_b60

Pixels masked by MC but not already by selfunc: 0
G20.5_zmin1.0zmax2.0_Lmaxsplit4bin0: 0.85              24724 vs 162049
/home/groups/tabel/mahlet/quaia-env/lib/python3.10/site-packages/Corrfunc/utils.py:918: UserWarning: One or more input array has non-native endianness!  A copy will be made with the correct endianness.
  warnings.warn("One or more input array has non-native endianness!  A copy will"\
DD: 0.008757
DR: 0.23793699999999998
RR: 1.203303
DD: 0.008387
DR: 0.23147199999999998
RR: 1.189678
DD: 0.008362
DR: 0.23280399999999998
RR: 1.190448
DD: 0.008412
DR: 0.233634
RR: 1.205279
DD: 0.008679
DR: 0.237089
RR: 1.2316630000000002
DD: 0.008648
DR: 0.243478
RR: 1.275611
DD: 0.009105
DR: 0.253224
RR: 1.330443
DD: 0.0092
DR: 0.256281
RR: 1.352417
DD: 0.009001
DR: 0.255279
RR: 1.3528419999999999
DD: 0.008992
DR: 0.256071
RR: 1.355033
DD: 0.009223
DR: 0.256217
RR: 1.351122
DD: 0.009009999999999999
DR: 0.255687
RR: 1.354749
DD: 0.00921
DR: 0.2555430000000001
RR: 1.352886
DD: 0.009216
DR: 0.255146
RR: 1.355346
DD: 0.009205
DR: 0.25577700000000003
RR: 1.352211
DD: 0.009012
DR: 0.256182
RR: 1.355898
DD: 0.009181
DR: 0.25599700000000003
RR: 1.352134
DD: 0.008997
DR: 0.256066
RR: 1.3551739999999999
DD: 0.008988
DR: 0.254206
RR: 1.3514140000000001
DD: 0.009001
DR: 0.255163
RR: 1.354373
DD: 0.009073
DR: 0.255501
RR: 1.35206
DD: 0.009014
DR: 0.255237
RR: 1.355703
DD: 0.008938
DR: 0.247267
RR: 1.307237
DD: 0.008524
DR: 0.23943799999999998
RR: 1.251973
DD: 0.008594
DR: 0.23440699999999998
RR: 1.221093
DD: 0.008454999999999999
DR: 0.231714
RR: 1.2018469999999999
DD: 0.008313
DR: 0.231394
RR: 1.191207
DD: 0.008317
DR: 0.230798
RR: 1.189695
DD: 0.008331
DR: 0.23246999999999998
RR: 1.209813
DD: 0.010419
DR: 0.23907899999999999
RR: 1.2314479999999999
DD: 0.008872999999999999
DR: 0.24351200000000006
RR: 1.274197
DD: 0.008934
DR: 0.25336800000000004
RR: 1.33588
DD: 0.009073
DR: 0.255127
RR: 1.347705
DD: 0.009026
DR: 0.255104
RR: 1.353025
DD: 0.009025
DR: 0.256094
RR: 1.34695
DD: 0.008988
DR: 0.25554499999999997
RR: 1.35183
DD: 0.009006
DR: 0.25562799999999997
RR: 1.346756
DD: 0.009027
DR: 0.25526899999999997
RR: 1.3525019999999999
DD: 0.009198
DR: 0.25528
RR: 1.347954
DD: 0.009004999999999999
DR: 0.256096
RR: 1.353498
DD: 0.008992
DR: 0.256023
RR: 1.346787
DD: 0.009193
DR: 0.255357
RR: 1.351855
DD: 0.009163
DR: 0.25632299999999997
RR: 1.3476789999999998
DD: 0.008987
DR: 0.25518199999999996
RR: 1.352026
DD: 0.009052
DR: 0.25586
RR: 1.34687
DD: 0.009311
DR: 0.255529
RR: 1.352401
DD: 0.009004999999999999
DR: 0.25542
RR: 1.34747
DD: 0.008787
DR: 0.24742399999999998
RR: 1.309165
DD: 0.00862
DR: 0.238788
RR: 1.252575
DD: 0.008636
DR: 0.23385899999999998
RR: 1.218685
saved to _G20.5_rmin0.001_rmax10.0_nbins30_zmin1.0zmax2.0_Lmaxsplit4bin0_N50_Planck_MC_b60

Pixels masked by MC but not already by selfunc: 0
G20.5_zmin1.0zmax2.0_Lmaxsplit4bin1: 0.83              54297 vs 324098
/home/groups/tabel/mahlet/quaia-env/lib/python3.10/site-packages/Corrfunc/utils.py:918: UserWarning: One or more input array has non-native endianness!  A copy will be made with the correct endianness.
  warnings.warn("One or more input array has non-native endianness!  A copy will"\
DD: 0.021530999999999998
DR: 0.814545
RR: 6.091103
DD: 0.022548
DR: 0.8098270000000001
RR: 6.000452
DD: 0.021487
DR: 0.810121
RR: 6.01005
DD: 0.021702
DR: 0.817681
RR: 6.082049
DD: 0.021834
DR: 0.829281
RR: 6.240487
DD: 0.022546999999999998
DR: 0.856475
RR: 6.49343
DD: 0.023268999999999998
DR: 0.895038
RR: 6.805178
DD: 0.023481
DR: 0.902854
RR: 6.891413
DD: 0.024793
DR: 0.90481
RR: 6.890488
DD: 0.023437
DR: 0.903183
RR: 6.888545
DD: 0.023580999999999998
DR: 0.903739
RR: 6.892856
DD: 0.023593
DR: 0.903083
RR: 6.890707
DD: 0.023312
DR: 0.903618
RR: 6.888594
DD: 0.023604
DR: 0.904145
RR: 6.887861
DD: 0.023493999999999998
DR: 0.903248
RR: 6.890303
DD: 0.024696
DR: 0.904317
RR: 6.892573
DD: 0.023319
DR: 0.903774
RR: 6.888223
DD: 0.023516
DR: 0.904153
RR: 6.889976
DD: 0.023465
DR: 0.904869
RR: 6.88796
DD: 0.02354
DR: 0.903395
RR: 6.88916
DD: 0.023474
DR: 0.9045920000000001
RR: 6.890317
DD: 0.023533
DR: 0.902909
RR: 6.892946
DD: 0.024065
DR: 0.875594
RR: 6.667857
DD: 0.02221
DR: 0.842339
RR: 6.386303
DD: 0.02173
DR: 0.8197760000000001
RR: 6.179978
DD: 0.021349
DR: 0.810676
RR: 6.078118
DD: 0.021252
DR: 0.8070229999999999
RR: 5.979096
DD: 0.021206
DR: 0.806792
RR: 5.976071
DD: 0.021540999999999998
DR: 0.816552
RR: 6.094827
DD: 0.021956
DR: 0.829549
RR: 6.251214
DD: 0.023742
DR: 0.858056
RR: 6.501658
DD: 0.02318
DR: 0.8910480000000001
RR: 6.797018
DD: 0.023561
DR: 0.903995
RR: 6.890624
DD: 0.023509
DR: 0.903349
RR: 6.888802
DD: 0.023284
DR: 0.903223
RR: 6.887202
DD: 0.023393999999999998
DR: 0.903079
RR: 6.88851
DD: 0.023457
DR: 0.903566
RR: 6.891287
DD: 0.024581
DR: 0.903646
RR: 6.894215
DD: 0.023391
DR: 0.905753
RR: 6.894809
DD: 0.023329
DR: 0.907203
RR: 6.893998
DD: 0.023344999999999998
DR: 0.907634
RR: 6.894437
DD: 0.023316
DR: 0.906757
RR: 6.895572
DD: 0.023417999999999998
DR: 0.907829
RR: 6.893618
DD: 0.023256
DR: 0.9071670000000001
RR: 6.894868
DD: 0.024471
DR: 0.907277
RR: 6.892733
DD: 0.023389
DR: 0.906791
RR: 6.891759
DD: 0.023409
DR: 0.906782
RR: 6.889538
DD: 0.022928999999999998
DR: 0.879672
RR: 6.693143
DD: 0.022078
DR: 0.844572
RR: 6.391591
DD: 0.021561999999999998
DR: 0.825326
RR: 6.212114
saved to _G20.5_rmin0.001_rmax10.0_nbins30_zmin1.0zmax2.0_Lmaxsplit4bin1_N50_Planck_MC_b60

Pixels masked by MC but not already by selfunc: 0
G20.5_zmin1.0zmax2.0_Lmaxsplit4bin2: 0.82              89463 vs 486147
/home/groups/tabel/mahlet/quaia-env/lib/python3.10/site-packages/Corrfunc/utils.py:918: UserWarning: One or more input array has non-native endianness!  A copy will be made with the correct endianness.
  warnings.warn("One or more input array has non-native endianness!  A copy will"\
DD: 0.043383
DR: 1.937208
RR: 17.699304
DD: 0.042921999999999995
DR: 1.913793
RR: 17.387395
DD: 0.04283800000000004
DR: 1.915066
RR: 17.450941
DD: 0.043642
DR: 1.933251
RR: 17.581498
DD: 0.043928999999999996
DR: 1.971177
RR: 18.041272
DD: 0.045355
DR: 2.047574
RR: 18.858764
DD: 0.047087
DR: 2.133082
RR: 19.789625
DD: 0.04796900000000004
DR: 2.161476
RR: 20.053353
DD: 0.047394
DR: 2.159289
RR: 20.055623
DD: 0.047422000000000075
DR: 2.158784
RR: 20.059103
DD: 0.047409
DR: 2.158894
RR: 20.074571
DD: 0.048111
DR: 2.159075
RR: 20.071678
DD: 0.047521
DR: 2.159336
RR: 20.068142
DD: 0.047486
DR: 2.159523
RR: 20.060748
DD: 0.047424
DR: 2.157974
RR: 20.050012
DD: 0.047821999999999996
DR: 2.157615
RR: 20.052589
DD: 0.047425999999999996
DR: 2.156651
RR: 20.057633
DD: 0.047451
DR: 2.1606300000000003
RR: 20.049719
DD: 0.048159999999999994
DR: 2.166181
RR: 20.059238
DD: 0.04743
DR: 2.159064
RR: 20.047324
DD: 0.048017
DR: 2.158769
RR: 20.059994
DD: 0.047178
DR: 2.158401
RR: 20.047477
DD: 0.045994
DR: 2.088847
RR: 19.396212
DD: 0.044961999999999995
DR: 2.005014
RR: 18.532009
DD: 0.043332999999999997
DR: 1.955562
RR: 17.940361
DD: 0.042956999999999995
DR: 1.927221
RR: 17.623218
DD: 0.042651
DR: 1.902711
RR: 17.291498
DD: 0.042574
DR: 1.911084
RR: 17.287468
DD: 0.04314
DR: 1.933969
RR: 17.621803
DD: 0.043813
DR: 1.968568
RR: 18.079892
DD: 0.045013
DR: 2.036365
RR: 18.911264
DD: 0.046839
DR: 2.133128
RR: 19.778371
DD: 0.04806
DR: 2.157177
RR: 20.05731
DD: 0.047428
DR: 2.157566
RR: 20.047985
DD: 0.047486
DR: 2.158746
RR: 20.053669
DD: 0.047431999999999995
DR: 2.158397
RR: 20.059397
DD: 0.048075
DR: 2.157392
RR: 20.056001
DD: 0.047394
DR: 2.159638
RR: 20.047166
DD: 0.047503
DR: 2.156612
RR: 20.049864
DD: 0.047323
DR: 2.158858
RR: 20.057185
DD: 0.047258999999999995
DR: 2.156991
RR: 20.052012
DD: 0.047362999999999995
DR: 2.159606
RR: 20.05028
DD: 0.047351
DR: 2.159419
RR: 20.060077
DD: 0.048004
DR: 2.160926
RR: 20.060155
DD: 0.047117
DR: 2.15865
RR: 20.051664
DD: 0.04733
DR: 2.159513
RR: 20.050791
DD: 0.048108
DR: 2.158588
RR: 20.053545
DD: 0.046023999999999995
DR: 2.092044
RR: 19.462841
DD: 0.044675
DR: 2.013486
RR: 18.579162
DD: 0.043181
DR: 1.953983
RR: 18.036983
saved to _G20.5_rmin0.001_rmax10.0_nbins30_zmin1.0zmax2.0_Lmaxsplit4bin2_N50_Planck_MC_b60

Pixels masked by MC but not already by selfunc: 0
G20.5_zmin1.0zmax2.0_Lmaxsplit4bin3: 0.80              131671 vs 648196
/home/groups/tabel/mahlet/quaia-env/lib/python3.10/site-packages/Corrfunc/utils.py:918: UserWarning: One or more input array has non-native endianness!  A copy will be made with the correct endianness.
  warnings.warn("One or more input array has non-native endianness!  A copy will"\
DD: 0.078412
DR: 3.94653
RR: 40.381557
DD: 0.078009
DR: 3.900859
RR: 39.525973
DD: 0.07810099999999999
DR: 3.899817
RR: 39.689554
DD: 0.079009
DR: 3.940106
RR: 40.147766
DD: 0.079896
DR: 4.030718
RR: 41.050973
DD: 0.083115
DR: 4.18512
RR: 43.005866
DD: 0.086452
DR: 4.386438
RR: 45.129251
DD: 0.08685699999999999
DR: 4.433846
RR: 45.899157
DD: 0.087807
DR: 4.438865
RR: 45.719323
DD: 0.087493
DR: 4.431914
RR: 45.892797
DD: 0.08703400000000006
DR: 4.434396
RR: 45.726135
DD: 0.087729
DR: 4.435517
RR: 45.880539
DD: 0.08755199999999999
DR: 4.43748
RR: 45.706605
DD: 0.086423
DR: 4.43094
RR: 45.863863
DD: 0.087446
DR: 4.436285
RR: 45.701325
DD: 0.08741499999999999
DR: 4.431056
RR: 45.860509
DD: 0.08646300000000007
DR: 4.43601
RR: 45.687043
DD: 0.087402
DR: 4.431629
RR: 45.846859
DD: 0.086489
DR: 4.438376
RR: 45.684002
DD: 0.08659
DR: 4.429616
RR: 45.848941
DD: 0.08745499999999999
DR: 4.436667
RR: 45.682337
DD: 0.086551
DR: 4.428362
RR: 45.870387
DD: 0.08492799999999999
DR: 4.288694
RR: 44.348425
DD: 0.081854
DR: 4.121885
RR: 42.363327
DD: 0.078775
DR: 4.003311
RR: 41.109784
DD: 0.078735
DR: 3.931563
RR: 40.160115
DD: 0.077148
DR: 3.887382
RR: 39.334627
DD: 0.07814499999999999
DR: 3.888177
RR: 39.331983
DD: 0.077836
DR: 3.934854
RR: 40.085507
DD: 0.080326
DR: 4.017105
RR: 41.256005
DD: 0.082004
DR: 4.176555
RR: 43.032072
DD: 0.086172
DR: 4.384399
RR: 45.261546
DD: 0.08752599999999999
DR: 4.438965
RR: 45.695797
DD: 0.086458
DR: 4.434045
RR: 45.863867
DD: 0.087517
DR: 4.441455
RR: 45.701544
DD: 0.08742599999999999
DR: 4.436934
RR: 45.866391
DD: 0.086521
DR: 4.440604
RR: 45.702348
DD: 0.08738100000000004
DR: 4.434179
RR: 45.86268
DD: 0.086559
DR: 4.439166
RR: 45.708907
DD: 0.087382
DR: 4.434361
RR: 45.870285
DD: 0.087617
DR: 4.440148
RR: 45.695135
DD: 0.086481
DR: 4.434883
RR: 45.853922
DD: 0.087492
DR: 4.440791
RR: 45.695499
DD: 0.087354
DR: 4.435326
RR: 45.856801
DD: 0.086487
DR: 4.439311
RR: 45.71547
DD: 0.087395
DR: 4.434694
RR: 45.86303
DD: 0.087475
DR: 4.439441
RR: 45.707885
DD: 0.084007
DR: 4.289327
RR: 44.325544
DD: 0.081744
DR: 4.129078
RR: 42.444352
DD: 0.079744
DR: 4.010107
RR: 41.045741
saved to _G20.5_rmin0.001_rmax10.0_nbins30_zmin1.0zmax2.0_Lmaxsplit4bin3_N50_Planck_MC_b60

Pixels masked by MC but not already by selfunc: 0
G20.5_zmin2.0zmax3.0_Lmaxsplit4bin0: 0.84              11272 vs 71627
/home/groups/tabel/mahlet/quaia-env/lib/python3.10/site-packages/Corrfunc/utils.py:918: UserWarning: One or more input array has non-native endianness!  A copy will be made with the correct endianness.
  warnings.warn("One or more input array has non-native endianness!  A copy will"\
DD: 0.004173
DR: 0.08028199999999999
RR: 0.28396
DD: 0.0041069999999999995
DR: 0.079748
RR: 0.281423
DD: 0.004088
DR: 0.08005999999999999
RR: 0.28245700000000007
DD: 0.004127
DR: 0.080568
RR: 0.284163
DD: 0.004164999999999999
DR: 0.081311
RR: 0.289292
DD: 0.004167
DR: 0.08280699999999999
RR: 0.2991
DD: 0.00428
DR: 0.085602
RR: 0.311887
DD: 0.004321
DR: 0.08642999999999999
RR: 0.316081
DD: 0.004306
DR: 0.08638400000000002
RR: 0.315909
DD: 0.004337
DR: 0.086435
RR: 0.316233
DD: 0.004319
DR: 0.086534
RR: 0.315917
DD: 0.0043029999999999995
DR: 0.086313
RR: 0.3158540000000001
DD: 0.004337
DR: 0.086444
RR: 0.315839
DD: 0.00434
DR: 0.086473
RR: 0.316311
DD: 0.004338
DR: 0.08659599999999999
RR: 0.315699
DD: 0.004293
DR: 0.08635699999999999
RR: 0.31604099999999996
DD: 0.004285
DR: 0.086341
RR: 0.316021
DD: 0.004314
DR: 0.086559
RR: 0.315886
DD: 0.004353
DR: 0.08646899999999999
RR: 0.3159700000000001
DD: 0.004308
DR: 0.086494
RR: 0.315623
DD: 0.004345
DR: 0.08641
RR: 0.316238
DD: 0.004337
DR: 0.08631599999999999
RR: 0.316148
DD: 0.00424
DR: 0.08376399999999999
RR: 0.30588299999999996
DD: 0.004164999999999999
DR: 0.081148
RR: 0.293579
DD: 0.004036
DR: 0.07933800000000002
RR: 0.286883
DD: 0.0040539999999999994
DR: 0.079265
RR: 0.282918
DD: 0.004095
DR: 0.07909500000000003
RR: 0.281246
DD: 0.00409
DR: 0.079174
RR: 0.281422
DD: 0.004099
DR: 0.07974900000000007
RR: 0.28435699999999997
DD: 0.004138
DR: 0.080787
RR: 0.288477
DD: 0.004193
DR: 0.082619
RR: 0.298937
DD: 0.004318
DR: 0.085704
RR: 0.31126300000000007
DD: 0.0043619999999999996
DR: 0.086458
RR: 0.315619
DD: 0.004323
DR: 0.08651299999999999
RR: 0.315663
DD: 0.004314999999999999
DR: 0.08655499999999999
RR: 0.315612
DD: 0.004318
DR: 0.08632
RR: 0.315774
DD: 0.0043349999999999994
DR: 0.086339
RR: 0.31617
DD: 0.0043219999999999995
DR: 0.086283
RR: 0.315606
DD: 0.00433
DR: 0.086348
RR: 0.315891
DD: 0.004305
DR: 0.08638799999999999
RR: 0.31562399999999996
DD: 0.004297
DR: 0.086477
RR: 0.31597200000000003
DD: 0.004327
DR: 0.08646
RR: 0.315785
DD: 0.004325
DR: 0.086364
RR: 0.31592300000000006
DD: 0.004318
DR: 0.086411
RR: 0.315851
DD: 0.0043029999999999995
DR: 0.086435
RR: 0.315748
DD: 0.004314999999999999
DR: 0.08642799999999999
RR: 0.315679
DD: 0.004301
DR: 0.086273
RR: 0.315805
DD: 0.004213
DR: 0.083631
RR: 0.30603500000000006
DD: 0.004135
DR: 0.08109999999999999
RR: 0.293196
DD: 0.004069
DR: 0.079162
RR: 0.28503100000000003
saved to _G20.5_rmin0.001_rmax10.0_nbins30_zmin2.0zmax3.0_Lmaxsplit4bin0_N50_Planck_MC_b60

Pixels masked by MC but not already by selfunc: 0
G20.5_zmin2.0zmax3.0_Lmaxsplit4bin1: 0.82              25144 vs 143254
/home/groups/tabel/mahlet/quaia-env/lib/python3.10/site-packages/Corrfunc/utils.py:918: UserWarning: One or more input array has non-native endianness!  A copy will be made with the correct endianness.
  warnings.warn("One or more input array has non-native endianness!  A copy will"\
DD: 0.008577
DR: 0.233977
RR: 1.191241
DD: 0.010041
DR: 0.234707
RR: 1.175808
DD: 0.008629
DR: 0.23358900000000005
RR: 1.178399
DD: 0.008627
DR: 0.234952
RR: 1.1878600000000001
DD: 0.008808
DR: 0.238477
RR: 1.214817
DD: 0.008819
DR: 0.244274
RR: 1.2580149999999999
DD: 0.009108999999999999
DR: 0.25301400000000007
RR: 1.315945
DD: 0.009363
DR: 0.256872
RR: 1.333933
DD: 0.009172999999999999
DR: 0.257008
RR: 1.3335599999999999
DD: 0.009186999999999999
DR: 0.257096
RR: 1.333869
DD: 0.009335999999999999
DR: 0.25737499999999996
RR: 1.334297
DD: 0.009356
DR: 0.257217
RR: 1.3346339999999999
DD: 0.009361999999999999
DR: 0.257924
RR: 1.333889
DD: 0.009179
DR: 0.256969
RR: 1.3344
DD: 0.009344
DR: 0.256998
RR: 1.333863
DD: 0.009184999999999999
DR: 0.257067
RR: 1.333973
DD: 0.009167999999999999
DR: 0.256905
RR: 1.3340990000000001
DD: 0.009191999999999999
DR: 0.256562
RR: 1.333713
DD: 0.009174999999999999
DR: 0.25682099999999997
RR: 1.333988
DD: 0.009196
DR: 0.257
RR: 1.333826
DD: 0.009165
DR: 0.25653
RR: 1.333812
DD: 0.009174
DR: 0.257158
RR: 1.333709
DD: 0.009089
DR: 0.2486710000000001
RR: 1.292456
DD: 0.008837
DR: 0.23981000000000008
RR: 1.237739
DD: 0.00861
DR: 0.23368799999999998
RR: 1.207079
DD: 0.008438
DR: 0.23199299999999998
RR: 1.187865
DD: 0.008489
DR: 0.230841
RR: 1.174908
DD: 0.008489
DR: 0.23132200000000003
RR: 1.17598
DD: 0.008753
DR: 0.23510399999999998
RR: 1.193863
DD: 0.008808
DR: 0.237665
RR: 1.219116
DD: 0.008968
DR: 0.244413
RR: 1.265829
DD: 0.009245
DR: 0.253355
RR: 1.320195
DD: 0.010841
DR: 0.259819
RR: 1.333485
DD: 0.009375
DR: 0.256745
RR: 1.332909
DD: 0.009191999999999999
DR: 0.256725
RR: 1.332746
DD: 0.009205
DR: 0.25729599999999997
RR: 1.332601
DD: 0.009172
DR: 0.256559
RR: 1.333537
DD: 0.009326
DR: 0.25737
RR: 1.332558
DD: 0.009184999999999999
DR: 0.25648499999999996
RR: 1.332581
DD: 0.009172999999999999
DR: 0.256351
RR: 1.3337189999999999
DD: 0.009171
DR: 0.25693
RR: 1.333424
DD: 0.009167999999999999
DR: 0.257089
RR: 1.3327
DD: 0.009319
DR: 0.256961
RR: 1.3335970000000001
DD: 0.009347
DR: 0.25703
RR: 1.333578
DD: 0.009346999999999994
DR: 0.257439
RR: 1.333169
DD: 0.009328
DR: 0.256834
RR: 1.332924
DD: 0.009377
DR: 0.257345
RR: 1.3333279999999998
DD: 0.008950999999999999
DR: 0.24828100000000008
RR: 1.291122
DD: 0.008690999999999999
DR: 0.23919400000000002
RR: 1.236571
DD: 0.008537
DR: 0.233281
RR: 1.202749
saved to _G20.5_rmin0.001_rmax10.0_nbins30_zmin2.0zmax3.0_Lmaxsplit4bin1_N50_Planck_MC_b60

Pixels masked by MC but not already by selfunc: 0
G20.5_zmin2.0zmax3.0_Lmaxsplit4bin2: 0.81              41737 vs 214881
/home/groups/tabel/mahlet/quaia-env/lib/python3.10/site-packages/Corrfunc/utils.py:918: UserWarning: One or more input array has non-native endianness!  A copy will be made with the correct endianness.
  warnings.warn("One or more input array has non-native endianness!  A copy will"\
DD: 0.015243999999999999
DR: 0.504246
RR: 3.291161
DD: 0.015222999999999999
DR: 0.49993699999999996
RR: 3.244202
DD: 0.015274999999999999
DR: 0.500568
RR: 3.252467
DD: 0.015349
DR: 0.503626
RR: 3.289087
DD: 0.015423
DR: 0.512065
RR: 3.355368
DD: 0.015849
DR: 0.527374
RR: 3.493952
DD: 0.016403
DR: 0.549612
RR: 3.665254
DD: 0.016559
DR: 0.557005
RR: 3.715358
DD: 0.017953
DR: 0.561475
RR: 3.709694
DD: 0.016597
DR: 0.556401
RR: 3.709397
DD: 0.016599
DR: 0.5562210000000001
RR: 3.709387
DD: 0.016576999999999998
DR: 0.5563319999999999
RR: 3.713022
DD: 0.016613
DR: 0.55594
RR: 3.708681
DD: 0.016628999999999998
DR: 0.5556639999999999
RR: 3.712937
DD: 0.016574
DR: 0.555483
RR: 3.710521
DD: 0.016603
DR: 0.556026
RR: 3.711047
DD: 0.016583
DR: 0.55488
RR: 3.709733
DD: 0.016589
DR: 0.555215
RR: 3.709787
DD: 0.016573
DR: 0.5555669999999999
RR: 3.71032
DD: 0.016569999999999998
DR: 0.5566369999999999
RR: 3.712514
DD: 0.016619
DR: 0.560834
RR: 3.716307
DD: 0.016842
DR: 0.556867
RR: 3.712732
DD: 0.016092
DR: 0.540003
RR: 3.582741
DD: 0.015609
DR: 0.518137
RR: 3.434278
DD: 0.015304
DR: 0.506009
RR: 3.348788
DD: 0.015269999999999999
DR: 0.5014959999999999
RR: 3.2883620000000002
DD: 0.015160999999999999
DR: 0.497274
RR: 3.243254
DD: 0.015085
DR: 0.497788
RR: 3.237455
DD: 0.015269
DR: 0.503361
RR: 3.288525
DD: 0.015456
DR: 0.5104799999999999
RR: 3.362772
DD: 0.015820999999999998
DR: 0.526254
RR: 3.495489
DD: 0.016412
DR: 0.546811
RR: 3.653772
DD: 0.016572
DR: 0.5552889999999999
RR: 3.7101699999999997
DD: 0.016586999999999998
DR: 0.555725
RR: 3.713401
DD: 0.017914
DR: 0.559934
RR: 3.709945
DD: 0.016597999999999998
DR: 0.555707
RR: 3.712198
DD: 0.016589
DR: 0.5559149999999999
RR: 3.70936
DD: 0.016569
DR: 0.5555840000000001
RR: 3.711193
DD: 0.016606
DR: 0.5560459999999999
RR: 3.710156
DD: 0.016585
DR: 0.555238
RR: 3.712886
DD: 0.016583999999999998
DR: 0.556043
RR: 3.709513
DD: 0.016599
DR: 0.555532
RR: 3.711284
DD: 0.016597
DR: 0.555321
RR: 3.708746
DD: 0.016538999999999998
DR: 0.55484
RR: 3.709868
DD: 0.016576
DR: 0.554882
RR: 3.709302
DD: 0.016590999999999998
DR: 0.556002
RR: 3.715496
DD: 0.017925999999999997
DR: 0.562022
RR: 3.710732
DD: 0.016101999999999998
DR: 0.539596
RR: 3.601712
DD: 0.015623
DR: 0.518096
RR: 3.439972
DD: 0.015281999999999999
DR: 0.505718
RR: 3.346104
saved to _G20.5_rmin0.001_rmax10.0_nbins30_zmin2.0zmax3.0_Lmaxsplit4bin2_N50_Planck_MC_b60

Pixels masked by MC but not already by selfunc: 0
G20.5_zmin2.0zmax3.0_Lmaxsplit4bin3: 0.78              62547 vs 286508
/home/groups/tabel/mahlet/quaia-env/lib/python3.10/site-packages/Corrfunc/utils.py:918: UserWarning: One or more input array has non-native endianness!  A copy will be made with the correct endianness.
  warnings.warn("One or more input array has non-native endianness!  A copy will"\
DD: 0.025757
DR: 1.009295
RR: 7.860793
DD: 0.025544999999999998
DR: 0.998615
RR: 7.737543
DD: 0.025722
DR: 1.001639
RR: 7.745192
DD: 0.026921
DR: 1.009374
RR: 7.831944
DD: 0.026057
DR: 1.026695
RR: 7.990443
DD: 0.027911
DR: 1.062375
RR: 8.371662
DD: 0.027936
DR: 1.105833
RR: 8.759075
DD: 0.028208
DR: 1.118911
RR: 8.875582
DD: 0.028189
DR: 1.119465
RR: 8.867026
DD: 0.028197999999999997
DR: 1.118459
RR: 8.87109
DD: 0.028255
DR: 1.1194709999999999
RR: 8.870226
DD: 0.028225999999999998
DR: 1.116366
RR: 8.875112
DD: 0.028187
DR: 1.120184
RR: 8.867294
DD: 0.028238
DR: 1.118573
RR: 8.873704
DD: 0.029148
DR: 1.119882
RR: 8.866717
DD: 0.028214
DR: 1.118644
RR: 8.8725
DD: 0.028180999999999998
DR: 1.119664
RR: 8.86642
DD: 0.028259
DR: 1.118561
RR: 8.869906
DD: 0.028222999999999998
DR: 1.119104
RR: 8.864902
DD: 0.028184999999999998
DR: 1.118419
RR: 8.867736
DD: 0.028154
DR: 1.119549
RR: 8.866282
DD: 0.028123
DR: 1.118569
RR: 8.872299
DD: 0.027424
DR: 1.082819
RR: 8.59514
DD: 0.026291
DR: 1.040407
RR: 8.23202
DD: 0.026830999999999997
DR: 1.017809
RR: 8.006725
DD: 0.025842999999999998
DR: 1.004254
RR: 7.827506
DD: 0.025474
DR: 0.995609
RR: 7.686532
DD: 0.025308999999999998
DR: 0.991354
RR: 7.657366
DD: 0.025706999999999997
DR: 1.003042
RR: 7.794084
DD: 0.026067
DR: 1.025809
RR: 7.986416
DD: 0.026733
DR: 1.060945
RR: 8.355377
DD: 0.028697
DR: 1.104305
RR: 8.758528
DD: 0.028294999999999997
DR: 1.119103
RR: 8.864459
DD: 0.02811
DR: 1.117815
RR: 8.87127
DD: 0.028201
DR: 1.117918
RR: 8.868188
DD: 0.028204999999999997
DR: 1.118872
RR: 8.875536
DD: 0.028169999999999997
DR: 1.119702
RR: 8.869099
DD: 0.029067000000000065
DR: 1.119213
RR: 8.874296
DD: 0.028217
DR: 1.119708
RR: 8.866572
DD: 0.028197
DR: 1.118483
RR: 8.874679
DD: 0.028197999999999997
DR: 1.1191119999999999
RR: 8.868377
DD: 0.028186
DR: 1.119239
RR: 8.87279
DD: 0.028214999999999997
DR: 1.119308
RR: 8.870121
DD: 0.028221
DR: 1.118979
RR: 8.870374
DD: 0.028172
DR: 1.118943
RR: 8.861998
DD: 0.028169999999999997
DR: 1.1189
RR: 8.877675
DD: 0.029082
DR: 1.118659
RR: 8.863663
DD: 0.027514999999999998
DR: 1.087563
RR: 8.618522
DD: 0.026539999999999998
DR: 1.044747
RR: 8.231912
DD: 0.025831
DR: 1.017815
RR: 7.993253
saved to _G20.5_rmin0.001_rmax10.0_nbins30_zmin2.0zmax3.0_Lmaxsplit4bin3_N50_Planck_MC_b60

Pixels masked by MC but not already by selfunc: 0
G20.5_zmin3.0zmax4.6_Lmaxsplit4bin0: 0.82              1617 vs 9115
/home/groups/tabel/mahlet/quaia-env/lib/python3.10/site-packages/Corrfunc/utils.py:918: UserWarning: One or more input array has non-native endianness!  A copy will be made with the correct endianness.
  warnings.warn("One or more input array has non-native endianness!  A copy will"\
DD: 0.00162
DR: 0.009906
RR: 0.014055999999999999
DD: 0.0013499999999999999
DR: 0.010176
RR: 0.014058
DD: 0.001357
DR: 0.010227
RR: 0.014029
DD: 0.0013089999999999998
DR: 0.010225
RR: 0.014183999999999999
DD: 0.00137
DR: 0.010308999999999999
RR: 0.014273999999999998
DD: 0.0013759999999999998
DR: 0.010421
RR: 0.014593
DD: 0.0013959999999999999
DR: 0.010628
RR: 0.015028999999999999
DD: 0.0014039999999999999
DR: 0.010695
RR: 0.015174
DD: 0.001408
DR: 0.010681
RR: 0.015174
DD: 0.001415
DR: 0.010662999999999999
RR: 0.015184999999999999
DD: 0.0013959999999999999
DR: 0.010718
RR: 0.015247
DD: 0.001406
DR: 0.010726
RR: 0.015198999999999999
DD: 0.001401
DR: 0.010694
RR: 0.015196999999999999
DD: 0.001408
DR: 0.010694
RR: 0.015217999999999999
DD: 0.001413
DR: 0.010728
RR: 0.015201999999999999
DD: 0.001382
DR: 0.010699
RR: 0.015191999999999999
DD: 0.00141
DR: 0.010707
RR: 0.015198
DD: 0.001414
DR: 0.010711
RR: 0.015241
DD: 0.001403
DR: 0.010713
RR: 0.015238999999999999
DD: 0.001398
DR: 0.010735
RR: 0.015186
DD: 0.001405
DR: 0.010747
RR: 0.015243999999999999
DD: 0.001415
DR: 0.010705
RR: 0.015191
DD: 0.001379
DR: 0.010419999999999999
RR: 0.014804
DD: 0.001369
DR: 0.010135
RR: 0.014320999999999999
DD: 0.001316
DR: 0.010059
RR: 0.014107999999999999
DD: 0.001313
DR: 0.010073
RR: 0.014032999999999999
DD: 0.0013369999999999999
DR: 0.010161
RR: 0.014013999999999999
DD: 0.0013289999999999999
DR: 0.010109
RR: 0.01402
DD: 0.001344
DR: 0.010126999999999999
RR: 0.014098
DD: 0.001328
DR: 0.010253
RR: 0.014268
DD: 0.001356
DR: 0.010407999999999999
RR: 0.014511
DD: 0.001392
DR: 0.010584999999999999
RR: 0.015083999999999998
DD: 0.001398
DR: 0.010747999999999999
RR: 0.015156999999999999
DD: 0.00139
DR: 0.010728999999999999
RR: 0.015182
DD: 0.001411
DR: 0.010695
RR: 0.015182
DD: 0.001423
DR: 0.010669
RR: 0.015196
DD: 0.001406
DR: 0.010728
RR: 0.015238999999999999
DD: 0.00142
DR: 0.01074
RR: 0.015182
DD: 0.001403
DR: 0.010692
RR: 0.015205
DD: 0.001395
DR: 0.01068
RR: 0.015175999999999999
DD: 0.001403
DR: 0.010733999999999999
RR: 0.015231
DD: 0.0013859999999999999
DR: 0.010702999999999999
RR: 0.015205
DD: 0.001416
DR: 0.010723
RR: 0.015205
DD: 0.0014069999999999998
DR: 0.010707999999999999
RR: 0.015231
DD: 0.001406
DR: 0.010695
RR: 0.015193
DD: 0.0013959999999999999
DR: 0.010721
RR: 0.015186
DD: 0.001401
DR: 0.010685
RR: 0.015243999999999999
DD: 0.001388
DR: 0.010414999999999999
RR: 0.014750999999999998
DD: 0.001354999999999995
DR: 0.010188
RR: 0.014393999999999999
DD: 0.001302
DR: 0.010107
RR: 0.014039
/oak/stanford/orgs/kipac/users/mahlet/quaia_bias/scripts/jackknife.py:226: RuntimeWarning: Mean of empty slice
  cf_mean = np.nanmean(cf_jackknife, axis = 0)  # is it ok to ignore nan values?
saved to _G20.5_rmin0.001_rmax10.0_nbins30_zmin3.0zmax4.6_Lmaxsplit4bin0_N50_Planck_MC_b60

Pixels masked by MC but not already by selfunc: 0
G20.5_zmin3.0zmax4.6_Lmaxsplit4bin1: 0.81              3513 vs 18229
/home/groups/tabel/mahlet/quaia-env/lib/python3.10/site-packages/Corrfunc/utils.py:918: UserWarning: One or more input array has non-native endianness!  A copy will be made with the correct endianness.
  warnings.warn("One or more input array has non-native endianness!  A copy will"\
DD: 0.001828
DR: 0.018354
RR: 0.03542
DD: 0.0018189999999999999
DR: 0.018986
RR: 0.03521
DD: 0.001794
DR: 0.018890999999999998
RR: 0.035275
DD: 0.001813
DR: 0.019007
RR: 0.035450999999999996
DD: 0.001844
DR: 0.019212999999999997
RR: 0.036037
DD: 0.0018239999999999999
DR: 0.019495
RR: 0.036958
DD: 0.001864
DR: 0.019948999999999998
RR: 0.03823
DD: 0.0018909999999999999
DR: 0.020147000000000026
RR: 0.038616
DD: 0.0019019999999999998
DR: 0.020149999999999998
RR: 0.038509
DD: 0.0019279999999999998
DR: 0.020225999999999997
RR: 0.038589
DD: 0.001898
DR: 0.020177
RR: 0.03866
DD: 0.0019199999999999998
DR: 0.020191999999999998
RR: 0.038639
DD: 0.0018889999999999998
DR: 0.020132999999999998
RR: 0.038724
DD: 0.0019
DR: 0.020149999999999998
RR: 0.038653
DD: 0.001893
DR: 0.020125
RR: 0.038742
DD: 0.001929
DR: 0.020172
RR: 0.038689999999999995
DD: 0.001905
DR: 0.020170999999999998
RR: 0.038714000000000026
DD: 0.001887
DR: 0.020179
RR: 0.03866
DD: 0.001892
DR: 0.020218999999999997
RR: 0.038636
DD: 0.0019199999999999998
DR: 0.020198
RR: 0.038634
DD: 0.001893
DR: 0.020094
RR: 0.038711999999999996
DD: 0.0018969999999999998
DR: 0.020127
RR: 0.038625
DD: 0.001841
DR: 0.019565
RR: 0.037404
DD: 0.0018399999999999998
DR: 0.019091
RR: 0.036254999999999996
DD: 0.001779
DR: 0.018716999999999998
RR: 0.035483
DD: 0.001787
DR: 0.018696
RR: 0.035188
DD: 0.001803
DR: 0.018847
RR: 0.035054999999999996
DD: 0.0017829999999999999
DR: 0.018793999999999998
RR: 0.035036
DD: 0.001798
DR: 0.018886
RR: 0.035366
DD: 0.001815
DR: 0.019045
RR: 0.035886
DD: 0.001831
DR: 0.019207
RR: 0.036747999999999996
DD: 0.0018759999999999998
DR: 0.019905
RR: 0.038162999999999996
DD: 0.0018809999999999999
DR: 0.02013
RR: 0.03868
DD: 0.001905
DR: 0.020212
RR: 0.038661999999999995
DD: 0.001914
DR: 0.0201
RR: 0.038666
DD: 0.001903
DR: 0.020201
RR: 0.038731
DD: 0.001888
DR: 0.020132999999999998
RR: 0.03868
DD: 0.0018989999999999999
DR: 0.020125
RR: 0.038697999999999996
DD: 0.001913
DR: 0.020086
RR: 0.038654
DD: 0.0019089999999999999
DR: 0.020159
RR: 0.038682
DD: 0.0018909999999999999
DR: 0.020189
RR: 0.038605
DD: 0.0019099999999999998
DR: 0.020161
RR: 0.038627999999999996
DD: 0.0019069999999999998
DR: 0.020097999999999998
RR: 0.03866
DD: 0.001903
DR: 0.020090999999999998
RR: 0.038664
DD: 0.001892
DR: 0.020121999999999998
RR: 0.038643
DD: 0.0018969999999999998
DR: 0.020222999999999998
RR: 0.038717999999999995
DD: 0.0019010000000000415
DR: 0.02018
RR: 0.038690999999999996
DD: 0.001877
DR: 0.019511999999999998
RR: 0.037544
DD: 0.001825
DR: 0.019183
RR: 0.036268
DD: 0.001777
DR: 0.018746
RR: 0.035494
saved to _G20.5_rmin0.001_rmax10.0_nbins30_zmin3.0zmax4.6_Lmaxsplit4bin1_N50_Planck_MC_b60

Pixels masked by MC but not already by selfunc: 0
G20.5_zmin3.0zmax4.6_Lmaxsplit4bin2: 0.79              5636 vs 27343
/home/groups/tabel/mahlet/quaia-env/lib/python3.10/site-packages/Corrfunc/utils.py:918: UserWarning: One or more input array has non-native endianness!  A copy will be made with the correct endianness.
  warnings.warn("One or more input array has non-native endianness!  A copy will"\
DD: 0.002379
DR: 0.029619999999999997
RR: 0.06876299999999999
DD: 0.00246
DR: 0.030077
RR: 0.068525
DD: 0.00242
DR: 0.030097
RR: 0.068604
DD: 0.002438
DR: 0.030188
RR: 0.06901399999999999
DD: 0.002451
DR: 0.030500000000000083
RR: 0.07014999999999999
DD: 0.002454
DR: 0.030906
RR: 0.07216
DD: 0.002539
DR: 0.035496
RR: 0.075071
DD: 0.00282
DR: 0.032376
RR: 0.075935
DD: 0.0026769999999999997
DR: 0.032284
RR: 0.076071
DD: 0.0026669999999999997
DR: 0.032325
RR: 0.07600300000000004
DD: 0.002665
DR: 0.032265999999999996
RR: 0.076102
DD: 0.002647
DR: 0.032296
RR: 0.076138
DD: 0.002662
DR: 0.032235
RR: 0.076148
DD: 0.002632
DR: 0.032353
RR: 0.076057
DD: 0.0026579999999999998
DR: 0.032293999999999996
RR: 0.076106
DD: 0.002646
DR: 0.032288
RR: 0.07607599999999999
DD: 0.002644
DR: 0.032223999999999996
RR: 0.07614699999999999
DD: 0.0026349999999999998
DR: 0.032271
RR: 0.076045
DD: 0.00267
DR: 0.032209999999999996
RR: 0.07615
DD: 0.002647
DR: 0.032246
RR: 0.076237
DD: 0.002656
DR: 0.032216999999999996
RR: 0.076094
DD: 0.002636
DR: 0.032275
RR: 0.075989
DD: 0.00251
DR: 0.03138
RR: 0.073679
DD: 0.002447
DR: 0.030376999999999998
RR: 0.071161
DD: 0.0024319999999999997
DR: 0.029897999999999997
RR: 0.069358
DD: 0.0024419999999999997
DR: 0.029918
RR: 0.068811
DD: 0.0024709999999999997
DR: 0.02998
RR: 0.06833600000000006
DD: 0.002423
DR: 0.029858
RR: 0.068283
DD: 0.00243
DR: 0.030004999999999997
RR: 0.06908
DD: 0.0024779999999999997
DR: 0.030275999999999997
RR: 0.069937
DD: 0.002513
DR: 0.030798
RR: 0.07215099999999999
DD: 0.0025369999999999998
DR: 0.031781
RR: 0.075005
DD: 0.002672
DR: 0.032267
RR: 0.07609100000000002
DD: 0.0026219999999999998
DR: 0.032222
RR: 0.076083
DD: 0.002639
DR: 0.03225
RR: 0.076171
DD: 0.002646
DR: 0.032195999999999995
RR: 0.076088
DD: 0.002662
DR: 0.032236
RR: 0.075912
DD: 0.00263
DR: 0.032186
RR: 0.076122
DD: 0.002647
DR: 0.032304
RR: 0.075908
DD: 0.00264
DR: 0.032251999999999996
RR: 0.076068
DD: 0.002637
DR: 0.032209
RR: 0.075948
DD: 0.002611
DR: 0.032189999999999996
RR: 0.075942
DD: 0.002656
DR: 0.032208
RR: 0.075906
DD: 0.002655
DR: 0.032265999999999996
RR: 0.076013
DD: 0.002657
DR: 0.032324
RR: 0.075908
DD: 0.0026409999999999997
DR: 0.032193
RR: 0.075971
DD: 0.0026609999999999997
DR: 0.032186
RR: 0.075947
DD: 0.0025369999999999998
DR: 0.031425999999999996
RR: 0.073804
DD: 0.002496
DR: 0.030494
RR: 0.071129
DD: 0.002431
DR: 0.029837
RR: 0.069137
saved to _G20.5_rmin0.001_rmax10.0_nbins30_zmin3.0zmax4.6_Lmaxsplit4bin2_N50_Planck_MC_b60

Pixels masked by MC but not already by selfunc: 0
G20.5_zmin3.0zmax4.6_Lmaxsplit4bin3: 0.77              8565 vs 36458
/home/groups/tabel/mahlet/quaia-env/lib/python3.10/site-packages/Corrfunc/utils.py:918: UserWarning: One or more input array has non-native endianness!  A copy will be made with the correct endianness.
  warnings.warn("One or more input array has non-native endianness!  A copy will"\
DD: 0.0032819999999999998
DR: 0.046542
RR: 0.12447
DD: 0.003349
DR: 0.046521
RR: 0.12365400000000004
DD: 0.003423
DR: 0.046668999999999995
RR: 0.123528
DD: 0.003444
DR: 0.046928
RR: 0.124695
DD: 0.00348
DR: 0.04745
RR: 0.126846
DD: 0.0034519999999999998
DR: 0.048258999999999996
RR: 0.130517
DD: 0.00356
DR: 0.049769999999999995
RR: 0.136205
DD: 0.0035499999999999998
DR: 0.050586
RR: 0.137561
DD: 0.0035359999999999996
DR: 0.050498999999999995
RR: 0.13754100000000002
DD: 0.00356
DR: 0.050575999999999996
RR: 0.137573
DD: 0.003534
DR: 0.050501
RR: 0.137403
DD: 0.003541
DR: 0.050434
RR: 0.137371
DD: 0.0035429999999999997
DR: 0.050407999999999994
RR: 0.13767
DD: 0.003555
DR: 0.050379
RR: 0.137742
DD: 0.003534
DR: 0.050657
RR: 0.13772099999999998
DD: 0.003565
DR: 0.050508
RR: 0.137621
DD: 0.003548
DR: 0.050584
RR: 0.137453
DD: 0.0035399999999999997
DR: 0.05053
RR: 0.137466
DD: 0.00356
DR: 0.050425
RR: 0.137706
DD: 0.003544
DR: 0.05035300000000009
RR: 0.13771999999999998
DD: 0.003532
DR: 0.050671999999999995
RR: 0.137736
DD: 0.00357
DR: 0.050502
RR: 0.137655
DD: 0.003489
DR: 0.048865
RR: 0.13350400000000007
DD: 0.003456
DR: 0.047432999999999996
RR: 0.128513
DD: 0.003381
DR: 0.046585999999999995
RR: 0.125551
DD: 0.003369
DR: 0.046104
RR: 0.124219
DD: 0.003379
DR: 0.046228
RR: 0.12319000000000002
DD: 0.0034059999999999997
DR: 0.046123
RR: 0.123204
DD: 0.003382
DR: 0.046512
RR: 0.125138
DD: 0.0034319999999999997
DR: 0.046928
RR: 0.126662
DD: 0.0035139999999999998
DR: 0.04792200000000002
RR: 0.13050699999999998
DD: 0.0035949999999999997
DR: 0.04972
RR: 0.135821
DD: 0.003532
DR: 0.050453
RR: 0.13752799999999998
DD: 0.0035459999999999997
DR: 0.050359999999999995
RR: 0.13768400000000003
DD: 0.003519
DR: 0.050537
RR: 0.13747299999999998
DD: 0.003518
DR: 0.050367999999999996
RR: 0.137874
DD: 0.0035499999999999998
DR: 0.050496
RR: 0.137743
DD: 0.003531
DR: 0.05047800000000002
RR: 0.13745
DD: 0.003535
DR: 0.050513999999999996
RR: 0.13771
DD: 0.003561
DR: 0.05058
RR: 0.137618
DD: 0.0035169999999999997
DR: 0.050394999999999995
RR: 0.13777300000000003
DD: 0.003539
DR: 0.05055
RR: 0.137829
DD: 0.003577
DR: 0.050629999999999994
RR: 0.13771899999999998
DD: 0.003531
DR: 0.050443999999999996
RR: 0.137732
DD: 0.003524
DR: 0.05042
RR: 0.137663
DD: 0.00361
DR: 0.050373999999999995
RR: 0.137774
DD: 0.003521
DR: 0.050598
RR: 0.137968
DD: 0.003545
DR: 0.048955
RR: 0.134042
DD: 0.0034869999999999996
DR: 0.047355999999999995
RR: 0.128826
DD: 0.003404
DR: 0.04674
RR: 0.125449
saved to _G20.5_rmin0.001_rmax10.0_nbins30_zmin3.0zmax4.6_Lmaxsplit4bin3_N50_Planck_MC_b60

done!
