Starting batch job

G20.5: computing wtheta in 30 bins from 0.001 to 10.0 on a log scale...

Pixels masked by MC but not already by selfunc: 1178
G20.5_zmin0.0zmax1.0_Lmaxsplit3bin0: 0.23              83165 vs 108112
/home/groups/tabel/mahlet/quaia-env/lib/python3.10/site-packages/Corrfunc/utils.py:918: UserWarning: One or more input array has non-native endianness!  A copy will be made with the correct endianness.
  warnings.warn("One or more input array has non-native endianness!  A copy will"\
DD: 0.037842
DR: 1.149482
RR: 6.252444
saved to _G20.5_rmin0.001_rmax10.0_nbins30_zmin0.0zmax1.0_Lmaxsplit3bin0_Planck_MC_b20
Pixels masked by MC but not already by selfunc: 2227
G20.5_zmin0.0zmax1.0_Lmaxsplit3bin1: 0.18              177893 vs 216224
/home/groups/tabel/mahlet/quaia-env/lib/python3.10/site-packages/Corrfunc/utils.py:918: UserWarning: One or more input array has non-native endianness!  A copy will be made with the correct endianness.
  warnings.warn("One or more input array has non-native endianness!  A copy will"\
DD: 0.087342
DR: 3.7625349999999997
RR: 28.067267
saved to _G20.5_rmin0.001_rmax10.0_nbins30_zmin0.0zmax1.0_Lmaxsplit3bin1_Planck_MC_b20
Pixels masked by MC but not already by selfunc: 3194
G20.5_zmin0.0zmax1.0_Lmaxsplit3bin2: 0.15              275239 vs 324336
/home/groups/tabel/mahlet/quaia-env/lib/python3.10/site-packages/Corrfunc/utils.py:918: UserWarning: One or more input array has non-native endianness!  A copy will be made with the correct endianness.
  warnings.warn("One or more input array has non-native endianness!  A copy will"\
DD: 0.17024699999999998
DR: 7.788167
RR: 63.262185
saved to _G20.5_rmin0.001_rmax10.0_nbins30_zmin0.0zmax1.0_Lmaxsplit3bin2_Planck_MC_b20
Pixels masked by MC but not already by selfunc: 2348
G20.5_zmin1.0zmax2.0_Lmaxsplit3bin0: 0.19              174114 vs 216065
/home/groups/tabel/mahlet/quaia-env/lib/python3.10/site-packages/Corrfunc/utils.py:918: UserWarning: One or more input array has non-native endianness!  A copy will be made with the correct endianness.
  warnings.warn("One or more input array has non-native endianness!  A copy will"\
DD: 0.078294
DR: 3.149309
RR: 23.268667
saved to _G20.5_rmin0.001_rmax10.0_nbins30_zmin1.0zmax2.0_Lmaxsplit3bin0_Planck_MC_b20
Pixels masked by MC but not already by selfunc: 4410
G20.5_zmin1.0zmax2.0_Lmaxsplit3bin1: 0.16              364853 vs 432130
/home/groups/tabel/mahlet/quaia-env/lib/python3.10/site-packages/Corrfunc/utils.py:918: UserWarning: One or more input array has non-native endianness!  A copy will be made with the correct endianness.
  warnings.warn("One or more input array has non-native endianness!  A copy will"\
DD: 0.238257
DR: 10.316702
RR: 94.834941
saved to _G20.5_rmin0.001_rmax10.0_nbins30_zmin1.0zmax2.0_Lmaxsplit3bin1_Planck_MC_b20
Pixels masked by MC but not already by selfunc: 6208
G20.5_zmin1.0zmax2.0_Lmaxsplit3bin2: 0.13              565316 vs 648196
/home/groups/tabel/mahlet/quaia-env/lib/python3.10/site-packages/Corrfunc/utils.py:918: UserWarning: One or more input array has non-native endianness!  A copy will be made with the correct endianness.
  warnings.warn("One or more input array has non-native endianness!  A copy will"\
DD: 0.515093
DR: 25.568093
RR: 245.634725
saved to _G20.5_rmin0.001_rmax10.0_nbins30_zmin1.0zmax2.0_Lmaxsplit3bin2_Planck_MC_b20
Pixels masked by MC but not already by selfunc: 1251
G20.5_zmin2.0zmax3.0_Lmaxsplit3bin0: 0.18              78194 vs 95503
/home/groups/tabel/mahlet/quaia-env/lib/python3.10/site-packages/Corrfunc/utils.py:918: UserWarning: One or more input array has non-native endianness!  A copy will be made with the correct endianness.
  warnings.warn("One or more input array has non-native endianness!  A copy will"\
DD: 0.02933
DR: 1.022092
RR: 4.928196
saved to _G20.5_rmin0.001_rmax10.0_nbins30_zmin2.0zmax3.0_Lmaxsplit3bin0_Planck_MC_b20
Pixels masked by MC but not already by selfunc: 2466
G20.5_zmin2.0zmax3.0_Lmaxsplit3bin1: 0.14              164045 vs 191005
/home/groups/tabel/mahlet/quaia-env/lib/python3.10/site-packages/Corrfunc/utils.py:918: UserWarning: One or more input array has non-native endianness!  A copy will be made with the correct endianness.
  warnings.warn("One or more input array has non-native endianness!  A copy will"\
DD: 0.075142
DR: 2.966291
RR: 21.274179
saved to _G20.5_rmin0.001_rmax10.0_nbins30_zmin2.0zmax3.0_Lmaxsplit3bin1_Planck_MC_b20
Pixels masked by MC but not already by selfunc: 3576
G20.5_zmin2.0zmax3.0_Lmaxsplit3bin2: 0.11              254625 vs 286508
/home/groups/tabel/mahlet/quaia-env/lib/python3.10/site-packages/Corrfunc/utils.py:918: UserWarning: One or more input array has non-native endianness!  A copy will be made with the correct endianness.
  warnings.warn("One or more input array has non-native endianness!  A copy will"\
DD: 0.14520100000000002
DR: 6.38381
RR: 51.600211
saved to _G20.5_rmin0.001_rmax10.0_nbins30_zmin2.0zmax3.0_Lmaxsplit3bin2_Planck_MC_b20
Pixels masked by MC but not already by selfunc: 157
G20.5_zmin3.0zmax4.6_Lmaxsplit3bin0: 0.13              10585 vs 12153
/home/groups/tabel/mahlet/quaia-env/lib/python3.10/site-packages/Corrfunc/utils.py:918: UserWarning: One or more input array has non-native endianness!  A copy will be made with the correct endianness.
  warnings.warn("One or more input array has non-native endianness!  A copy will"\
DD: 0.00677
DR: 0.07863099999999999
RR: 0.140088
saved to _G20.5_rmin0.001_rmax10.0_nbins30_zmin3.0zmax4.6_Lmaxsplit3bin0_Planck_MC_b20
Pixels masked by MC but not already by selfunc: 274
G20.5_zmin3.0zmax4.6_Lmaxsplit3bin1: 0.10              21800 vs 24305
/home/groups/tabel/mahlet/quaia-env/lib/python3.10/site-packages/Corrfunc/utils.py:918: UserWarning: One or more input array has non-native endianness!  A copy will be made with the correct endianness.
  warnings.warn("One or more input array has non-native endianness!  A copy will"\
DD: 0.009427999999999999
DR: 0.171865
RR: 0.435357
saved to _G20.5_rmin0.001_rmax10.0_nbins30_zmin3.0zmax4.6_Lmaxsplit3bin1_Planck_MC_b20
Pixels masked by MC but not already by selfunc: 386
G20.5_zmin3.0zmax4.6_Lmaxsplit3bin2: 0.08              33538 vs 36458
/home/groups/tabel/mahlet/quaia-env/lib/python3.10/site-packages/Corrfunc/utils.py:918: UserWarning: One or more input array has non-native endianness!  A copy will be made with the correct endianness.
  warnings.warn("One or more input array has non-native endianness!  A copy will"\
DD: 0.013306
DR: 0.29649
RR: 0.913269
saved to _G20.5_rmin0.001_rmax10.0_nbins30_zmin3.0zmax4.6_Lmaxsplit3bin2_Planck_MC_b20
done!
