Starting batch job
Running selection function with fn_catalog=../data/quaia_G20.0_zmin1.0zmax2.0_Lmax-27.0.fits, fn_selfunc=../data/maps/selection_function_NSIDE64_G20.0_zmin1.0zmax2.0_Lmax-27.0.fits, fn_parentcat=../data/quaia_G20.0.fits, map_names=['dust', 'stars', 'm10', 'mcs', 'unwise', 'unwisescan', 'mcsunwise', 'zodi1.25', 'zodi3.4', 'zodi4.6']
Loading data
Making QSO map
Map templates: ['dust', 'stars', 'm10', 'mcs', 'unwise', 'unwisescan', 'mcsunwise', 'zodi1.25', 'zodi3.4', 'zodi4.6']
Dustmap already exists, loading from ../data/maps/map_dust_NSIDE64.npy
Star map already exists, loading from ../data/maps/map_stars_NSIDE64.npy
M10 map already exists, loading from ../data/maps/map_m10_NSIDE64.npy
MCs map already exists, loading from ../data/maps/map_mcs_NSIDE64.npy
unWISE map already exists, loading from ../data/maps/map_unwise_NSIDE64.npy
unWISE scan map already exists, loading from ../data/maps/map_unwisescan_NSIDE64.npy
MCs map already exists, loading from ../data/maps/map_mcsunwise_NSIDE64.npy
Zodi map already exists, loading from ../data/maps/map_zodi1.25_NSIDE64.npy
Zodi map already exists, loading from ../data/maps/map_zodi3.4_NSIDE64.npy
Zodi map already exists, loading from ../data/maps/map_zodi4.6_NSIDE64.npy
Constructing X
(10, 49152)
(10, 49152)
Getting indices to fit
err min max: 0.0 3.7416573867739413
Training fitter
X_train: (24213, 10) y_train: (24213,)
y_train min: 1.0 y_train: 14.0
fit_mean = True
n params: 10
parameter names: ('mean:value', 'kernel:k1:log_constant', 'kernel:k2:metric:log_M_0_0', 'kernel:k2:metric:log_M_1_1', 'kernel:k2:metric:log_M_2_2', 'kernel:k2:metric:log_M_3_3', 'kernel:k2:metric:log_M_4_4', 'kernel:k2:metric:log_M_5_5', 'kernel:k2:metric:log_M_6_6', 'kernel:k2:metric:log_M_7_7', 'kernel:k2:metric:log_M_8_8', 'kernel:k2:metric:log_M_9_9')
paramters init: [ 0.         -3.98450678 -0.5         1.5        -1.          5.
  0.8         0.         10.          1.          1.          1.        ]
y minmax 0.0 2.6390573296152584
yerr: [1.73205081 1.41421356 1.41421356 ... 1.         1.73205081 1.        ] [0.57735027 0.70710678 0.70710678 ... 1.         0.57735027 1.        ]
p compute: [ 0.         -3.98450678 -0.5         1.5        -1.          5.
  0.8         0.         10.          1.          1.          1.        ]
lnlike compute: -22653.165001438207
Minimizing
  message: Optimization terminated successfully.
  success: True
   status: 0
      fun: 22618.474836185145
        x: [ 6.964e-01 -3.383e+00 -6.622e-01  7.467e+00  9.052e+01
             5.450e+00  1.479e+00  3.010e+00  3.647e+01  4.196e+01
             1.731e+01  4.319e+00]
      nit: 51
      jac: [-5.550e-06 -1.474e-06 -1.787e-06 -1.127e-07 -2.062e-38
             3.433e-07 -2.855e-07  1.483e-06 -4.178e-14 -1.543e-18
            -7.245e-09 -1.363e-07]
 hess_inv: [[ 4.405e-02 -1.621e-02 ...  1.971e+01 -5.157e-02]
            [-1.621e-02  2.969e-01 ...  4.822e+01  2.172e-01]
            ...
            [ 1.971e+01  4.822e+01 ...  4.777e+07  9.077e+01]
            [-5.157e-02  2.172e-01 ...  9.077e+01  7.795e+00]]
     nfev: 52
     njev: 52
p post op: [ 0.69642774 -3.38276581 -0.66224268  7.46698499 90.5181877   5.44971751
  1.47853456  3.00984549 36.46772566 41.96382496 17.30761125  4.31931672]
lnlike final: -22618.474836185145
Predicting
setting the output map dtype to [dtype('float64')]
predict p: [ 0.69642774 -3.38276581 -0.66224268  7.46698499 90.5181877   5.44971751
  1.47853456  3.00984549 36.46772566 41.96382496 17.30761125  4.31931672]
Saving ypred map to ../data/maps/y_pred_selection_function_NSIDE64_G20.0_zmin1.0zmax2.0_Lmax-27.0.fits
y_pred_full: [2.46931068 2.50208301 2.18198775 ... 1.86781764 1.90609011 1.93138944]
0
RMSE: 0.7916558706368261
Making selection function map
setting the output map dtype to [dtype('float64')]
Number of clean healpixels: 479 (Total: 49152)
Using parent catalog to determine zero-probability pixels
(If i_keep also passed, will be ignored!)
min: 0.0, max: 2.3873938730777393
map_prob: [1.06444925 1.07857647 0.94059255 ... 0.8051628  0.82166096 0.83256678]
Saved map to ../data/maps/selection_function_NSIDE64_G20.0_zmin1.0zmax2.0_Lmax-27.0.fits!
Time: 10733.150453090668 s (178.88584088484447 min)
allsky 
../data/randoms/random_G20.0_zmin1.0zmax2.0_Lmax-27.0_25x.fits
Loading data
Number of data sources: 36950
Estimating reduction factor
Sel func min and max: 0.0 2.3873938730777393
Subsampling by 0.261 for probability map
Generating random with 25 times N_data
Sel func min and max: 0.0 2.3873938730777393
Subsampling by 0.261 for probability map
Number of final random sources: 922291
Wrote random to ../data/randoms/random_G20.0_zmin1.0zmax2.0_Lmax-27.0_25x.fits!
