Starting batch job

G20.5: computing wtheta in 30 bins from 0.001 to 10.0 on a log scale...

Pixels masked by MC but not already by selfunc: 2251
G20.5_zsplit3bin0_Lsplit2bin0: 0.01              213630 vs 215881
/home/groups/tabel/mahlet/quaia-env/lib/python3.10/site-packages/Corrfunc/utils.py:918: UserWarning: One or more input array has non-native endianness!  A copy will be made with the correct endianness.
  warnings.warn("One or more input array has non-native endianness!  A copy will"\
DD: 0.122142
DR: 4.079156
RR: 31.511247
saved to _G20.5_rmin0.001_rmax10.0_nbins30_zsplit3bin0_Lsplit2bin0_Planck_MC_b0
Pixels masked by MC but not already by selfunc: 1966
G20.5_zsplit3bin0_Lsplit2bin1: 0.01              213916 vs 215882
/home/groups/tabel/mahlet/quaia-env/lib/python3.10/site-packages/Corrfunc/utils.py:918: UserWarning: One or more input array has non-native endianness!  A copy will be made with the correct endianness.
  warnings.warn("One or more input array has non-native endianness!  A copy will"\
DD: 0.099494
DR: 4.74908
RR: 35.93101
saved to _G20.5_rmin0.001_rmax10.0_nbins30_zsplit3bin0_Lsplit2bin1_Planck_MC_b0
Pixels masked by MC but not already by selfunc: 2226
G20.5_zsplit3bin1_Lsplit2bin0: 0.01              213726 vs 215952
/home/groups/tabel/mahlet/quaia-env/lib/python3.10/site-packages/Corrfunc/utils.py:918: UserWarning: One or more input array has non-native endianness!  A copy will be made with the correct endianness.
  warnings.warn("One or more input array has non-native endianness!  A copy will"\
DD: 0.12173099999999999
DR: 4.06625
RR: 31.270064
saved to _G20.5_rmin0.001_rmax10.0_nbins30_zsplit3bin1_Lsplit2bin0_Planck_MC_b0
Pixels masked by MC but not already by selfunc: 1834
G20.5_zsplit3bin1_Lsplit2bin1: 0.01              214119 vs 215953
/home/groups/tabel/mahlet/quaia-env/lib/python3.10/site-packages/Corrfunc/utils.py:918: UserWarning: One or more input array has non-native endianness!  A copy will be made with the correct endianness.
  warnings.warn("One or more input array has non-native endianness!  A copy will"\
DD: 0.12440899999999999
DR: 4.888581
RR: 34.19498
saved to _G20.5_rmin0.001_rmax10.0_nbins30_zsplit3bin1_Lsplit2bin1_Planck_MC_b0
Pixels masked by MC but not already by selfunc: 2686
G20.5_zsplit3bin2_Lsplit2bin0: 0.01              213231 vs 215917
/home/groups/tabel/mahlet/quaia-env/lib/python3.10/site-packages/Corrfunc/utils.py:918: UserWarning: One or more input array has non-native endianness!  A copy will be made with the correct endianness.
  warnings.warn("One or more input array has non-native endianness!  A copy will"\
DD: 0.147029
DR: 4.390009
RR: 32.159914
saved to _G20.5_rmin0.001_rmax10.0_nbins30_zsplit3bin2_Lsplit2bin0_Planck_MC_b0
Pixels masked by MC but not already by selfunc: 2401
G20.5_zsplit3bin2_Lsplit2bin1: 0.01              213516 vs 215917
/home/groups/tabel/mahlet/quaia-env/lib/python3.10/site-packages/Corrfunc/utils.py:918: UserWarning: One or more input array has non-native endianness!  A copy will be made with the correct endianness.
  warnings.warn("One or more input array has non-native endianness!  A copy will"\
DD: 0.133189
DR: 4.958615
RR: 37.599087
saved to _G20.5_rmin0.001_rmax10.0_nbins30_zsplit3bin2_Lsplit2bin1_Planck_MC_b0
done!
