Starting batch job

G20.5: computing wp in 30 bins from 30.0 to 180.0 on a linear scale for 50 jackknife regions...

0.6716435037803054
Pixels masked by MC but not already by selfunc: 39
G20.5_zmin0.0zmax1.0_Lmin-32.0Lmax-27.0: 0.42              1070 vs 1860
[Warning] The CPU supports AVX512F but the compiler does not.  Can you try another compiler?
/home/groups/tabel/mahlet/quaia-env/lib/python3.10/site-packages/Corrfunc/utils.py:918: UserWarning: One or more input array has non-native endianness!  A copy will be made with the correct endianness.
  warnings.warn("One or more input array has non-native endianness!  A copy will"\
saved to _G20.5_rmin30.0_rmax180.0_nbins30_pimax80_zmin0.0zmax1.0_Lmin-32.0Lmax-27.0_N50_Planck_MC_mask0.6
0.7904020583648546
Pixels masked by MC but not already by selfunc: 74
G20.5_zmin0.0zmax1.0_Lmin-27.0Lmax-26.0: 0.45              5678 vs 10412
/home/groups/tabel/mahlet/quaia-env/lib/python3.10/site-packages/Corrfunc/utils.py:918: UserWarning: One or more input array has non-native endianness!  A copy will be made with the correct endianness.
  warnings.warn("One or more input array has non-native endianness!  A copy will"\
saved to _G20.5_rmin30.0_rmax180.0_nbins30_pimax80_zmin0.0zmax1.0_Lmin-27.0Lmax-26.0_N50_Planck_MC_mask0.6
0.6694193396498584
Pixels masked by MC but not already by selfunc: 412
G20.5_zmin0.0zmax1.0_Lmin-26.0Lmax-25.0: 0.49              21202 vs 41931
/home/groups/tabel/mahlet/quaia-env/lib/python3.10/site-packages/Corrfunc/utils.py:918: UserWarning: One or more input array has non-native endianness!  A copy will be made with the correct endianness.
  warnings.warn("One or more input array has non-native endianness!  A copy will"\
saved to _G20.5_rmin30.0_rmax180.0_nbins30_pimax80_zmin0.0zmax1.0_Lmin-26.0Lmax-25.0_N50_Planck_MC_mask0.6
0.7480005195989223
Pixels masked by MC but not already by selfunc: 854
G20.5_zmin0.0zmax1.0_Lmin-25.0Lmax-20.0: 0.41              160476 vs 270122
/home/groups/tabel/mahlet/quaia-env/lib/python3.10/site-packages/Corrfunc/utils.py:918: UserWarning: One or more input array has non-native endianness!  A copy will be made with the correct endianness.
  warnings.warn("One or more input array has non-native endianness!  A copy will"\
saved to _G20.5_rmin30.0_rmax180.0_nbins30_pimax80_zmin0.0zmax1.0_Lmin-25.0Lmax-20.0_N50_Planck_MC_mask0.6
0.48222320568471994
Pixels masked by MC but not already by selfunc: 344
G20.5_zmin1.0zmax2.0_Lmin-32.0Lmax-27.0: 0.47              20165 vs 38015
/home/groups/tabel/mahlet/quaia-env/lib/python3.10/site-packages/Corrfunc/utils.py:918: UserWarning: One or more input array has non-native endianness!  A copy will be made with the correct endianness.
  warnings.warn("One or more input array has non-native endianness!  A copy will"\
saved to _G20.5_rmin30.0_rmax180.0_nbins30_pimax80_zmin1.0zmax2.0_Lmin-32.0Lmax-27.0_N50_Planck_MC_mask0.6
0.6772809893083632
Pixels masked by MC but not already by selfunc: 1281
G20.5_zmin1.0zmax2.0_Lmin-27.0Lmax-26.0: 0.48              75865 vs 144714
/home/groups/tabel/mahlet/quaia-env/lib/python3.10/site-packages/Corrfunc/utils.py:918: UserWarning: One or more input array has non-native endianness!  A copy will be made with the correct endianness.
  warnings.warn("One or more input array has non-native endianness!  A copy will"\
saved to _G20.5_rmin30.0_rmax180.0_nbins30_pimax80_zmin1.0zmax2.0_Lmin-27.0Lmax-26.0_N50_Planck_MC_mask0.6
0.8050232468258144
Pixels masked by MC but not already by selfunc: 755
G20.5_zmin1.0zmax2.0_Lmin-26.0Lmax-25.0: 0.41              187294 vs 316132
/home/groups/tabel/mahlet/quaia-env/lib/python3.10/site-packages/Corrfunc/utils.py:918: UserWarning: One or more input array has non-native endianness!  A copy will be made with the correct endianness.
  warnings.warn("One or more input array has non-native endianness!  A copy will"\
saved to _G20.5_rmin30.0_rmax180.0_nbins30_pimax80_zmin1.0zmax2.0_Lmin-26.0Lmax-25.0_N50_Planck_MC_mask0.6
0.6251056907984127
Pixels masked by MC but not already by selfunc: 546
G20.5_zmin1.0zmax2.0_Lmin-25.0Lmax-20.0: 0.27              109404 vs 149321
/home/groups/tabel/mahlet/quaia-env/lib/python3.10/site-packages/Corrfunc/utils.py:918: UserWarning: One or more input array has non-native endianness!  A copy will be made with the correct endianness.
  warnings.warn("One or more input array has non-native endianness!  A copy will"\
saved to _G20.5_rmin30.0_rmax180.0_nbins30_pimax80_zmin1.0zmax2.0_Lmin-25.0Lmax-20.0_N50_Planck_MC_mask0.6
0.7895434936297315
Pixels masked by MC but not already by selfunc: 927
G20.5_zmin2.0zmax3.0_Lmin-32.0Lmax-27.0: 0.48              53419 vs 102196
/home/groups/tabel/mahlet/quaia-env/lib/python3.10/site-packages/Corrfunc/utils.py:918: UserWarning: One or more input array has non-native endianness!  A copy will be made with the correct endianness.
  warnings.warn("One or more input array has non-native endianness!  A copy will"\
saved to _G20.5_rmin30.0_rmax180.0_nbins30_pimax80_zmin2.0zmax3.0_Lmin-32.0Lmax-27.0_N50_Planck_MC_mask0.6
0.762186966169442
Pixels masked by MC but not already by selfunc: 1672
G20.5_zmin2.0zmax3.0_Lmin-27.0Lmax-26.0: 0.33              104290 vs 156795
/home/groups/tabel/mahlet/quaia-env/lib/python3.10/site-packages/Corrfunc/utils.py:918: UserWarning: One or more input array has non-native endianness!  A copy will be made with the correct endianness.
  warnings.warn("One or more input array has non-native endianness!  A copy will"\
saved to _G20.5_rmin30.0_rmax180.0_nbins30_pimax80_zmin2.0zmax3.0_Lmin-27.0Lmax-26.0_N50_Planck_MC_mask0.6
0.671138749365797
Pixels masked by MC but not already by selfunc: 99
G20.5_zmin2.0zmax3.0_Lmin-26.0Lmax-25.0: 0.26              20269 vs 27504
/home/groups/tabel/mahlet/quaia-env/lib/python3.10/site-packages/Corrfunc/utils.py:918: UserWarning: One or more input array has non-native endianness!  A copy will be made with the correct endianness.
  warnings.warn("One or more input array has non-native endianness!  A copy will"\
saved to _G20.5_rmin30.0_rmax180.0_nbins30_pimax80_zmin2.0zmax3.0_Lmin-26.0Lmax-25.0_N50_Planck_MC_mask0.6
G20.5_zmin2.0zmax3.0_Lmin-25.0Lmax-20.0:                   no selection function
cannot apply a selection function-based mask before computing the selection function in this bin
0.9625683236630767
Pixels masked by MC but not already by selfunc: 56
G20.5_zmin3.0zmax4.6_Lmin-32.0Lmax-27.0: 0.39              17514 vs 28856
/home/groups/tabel/mahlet/quaia-env/lib/python3.10/site-packages/Corrfunc/utils.py:918: UserWarning: One or more input array has non-native endianness!  A copy will be made with the correct endianness.
  warnings.warn("One or more input array has non-native endianness!  A copy will"\
saved to _G20.5_rmin30.0_rmax180.0_nbins30_pimax80_zmin3.0zmax4.6_Lmin-32.0Lmax-27.0_N50_Planck_MC_mask0.6
0.8674470699457466
Pixels masked by MC but not already by selfunc: 8
G20.5_zmin3.0zmax4.6_Lmin-27.0Lmax-26.0: 0.31              5230 vs 7600
/home/groups/tabel/mahlet/quaia-env/lib/python3.10/site-packages/Corrfunc/utils.py:918: UserWarning: One or more input array has non-native endianness!  A copy will be made with the correct endianness.
  warnings.warn("One or more input array has non-native endianness!  A copy will"\
saved to _G20.5_rmin30.0_rmax180.0_nbins30_pimax80_zmin3.0zmax4.6_Lmin-27.0Lmax-26.0_N50_Planck_MC_mask0.6
G20.5_zmin3.0zmax4.6_Lmin-26.0Lmax-25.0:                   no selection function
cannot apply a selection function-based mask before computing the selection function in this bin
G20.5_zmin3.0zmax4.6_Lmin-25.0Lmax-20.0:                   no selection function
cannot apply a selection function-based mask before computing the selection function in this bin
done!
