Starting batch job

G20.5: computing wtheta in 30 bins from 0.001 to 10.0 on a log scale...

Pixels masked by MC but not already by selfunc: 0
G20.5_zsplit2bin0_Lsplit2bin0: 0.71              94786 vs 323872
/home/groups/tabel/mahlet/quaia-env/lib/python3.10/site-packages/Corrfunc/utils.py:918: UserWarning: One or more input array has non-native endianness!  A copy will be made with the correct endianness.
  warnings.warn("One or more input array has non-native endianness!  A copy will"\
DD: 0.071514
DR: 2.242611
RR: 18.768153
saved to _G20.5_rmin0.001_rmax10.0_nbins30_zsplit2bin0_Lsplit2bin0_Planck_MC_b50
Pixels masked by MC but not already by selfunc: 0
G20.5_zsplit2bin0_Lsplit2bin1: 0.61              125167 vs 323872
/home/groups/tabel/mahlet/quaia-env/lib/python3.10/site-packages/Corrfunc/utils.py:918: UserWarning: One or more input array has non-native endianness!  A copy will be made with the correct endianness.
  warnings.warn("One or more input array has non-native endianness!  A copy will"\
DD: 0.078859
DR: 3.6776429999999998
RR: 32.9955
saved to _G20.5_rmin0.001_rmax10.0_nbins30_zsplit2bin0_Lsplit2bin1_Planck_MC_b50
Pixels masked by MC but not already by selfunc: 0
G20.5_zsplit2bin1_Lsplit2bin0: 0.68              105254 vs 323879
/home/groups/tabel/mahlet/quaia-env/lib/python3.10/site-packages/Corrfunc/utils.py:918: UserWarning: One or more input array has non-native endianness!  A copy will be made with the correct endianness.
  warnings.warn("One or more input array has non-native endianness!  A copy will"\
DD: 0.060142999999999995
DR: 2.756175
RR: 22.959999
saved to _G20.5_rmin0.001_rmax10.0_nbins30_zsplit2bin1_Lsplit2bin0_Planck_MC_b50
Pixels masked by MC but not already by selfunc: 0
G20.5_zsplit2bin1_Lsplit2bin1: 0.59              132117 vs 323879
/home/groups/tabel/mahlet/quaia-env/lib/python3.10/site-packages/Corrfunc/utils.py:918: UserWarning: One or more input array has non-native endianness!  A copy will be made with the correct endianness.
  warnings.warn("One or more input array has non-native endianness!  A copy will"\
DD: 0.089127
DR: 4.085256
RR: 36.651936
saved to _G20.5_rmin0.001_rmax10.0_nbins30_zsplit2bin1_Lsplit2bin1_Planck_MC_b50
done!
