Starting batch job

G20.5: computing wtheta in 30 bins from 0.001 to 10.0 on a log scale for 50 jackknife regions...
--L: split

z: [0.0, 1.0, 2.0, 3.0, 4.6] minmax None
L: None split 4
Pixels masked by MC but not already by selfunc: 908
G20.5_zmin0.0zmax1.0_Lsplit4bin0: 0.06              76417 vs 81084
/home/groups/tabel/mahlet/quaia-env/lib/python3.10/site-packages/Corrfunc/utils.py:918: UserWarning: One or more input array has non-native endianness!  A copy will be made with the correct endianness.
  warnings.warn("One or more input array has non-native endianness!  A copy will"\
DD: 0.024562999999999998
DR: 0.762881
RR: 3.514797
DD: 0.026511999999999997
DR: 0.7732589999999999
RR: 3.458108
DD: 0.026279999999999998
DR: 0.774036
RR: 3.455965
DD: 0.026343
DR: 0.7761709999999999
RR: 3.494832
DD: 0.026423
DR: 0.7684019999999999
RR: 3.4906
DD: 0.026906
DR: 0.787766
RR: 3.472502
DD: 0.026712
DR: 0.781535
RR: 3.480338
DD: 0.026406
DR: 0.788662
RR: 3.571557
DD: 0.026371
DR: 0.783175
RR: 3.46414
DD: 0.02626
DR: 0.77538
RR: 3.540429
DD: 0.02623
DR: 0.784532
RR: 3.567649
DD: 0.026268
DR: 0.79722
RR: 3.501672
DD: 0.026379
DR: 0.792443
RR: 3.487126
DD: 0.025636
DR: 0.7836529999999999
RR: 3.47339
DD: 0.025221999999999998
DR: 0.792635
RR: 3.525818
DD: 0.025641999999999998
DR: 0.784753
RR: 3.4836869999999998
DD: 0.025456
DR: 0.783763
RR: 3.4671279999999998
DD: 0.025481
DR: 0.778416
RR: 3.45956
DD: 0.025242
DR: 0.769864
RR: 3.475342
DD: 0.025136
DR: 0.781534
RR: 3.4694279999999997
DD: 0.025245999999999998
DR: 0.773706
RR: 3.52665
DD: 0.025547999999999998
DR: 0.781362
RR: 3.4558
DD: 0.025315999999999998
DR: 0.781091
RR: 3.45284
DD: 0.02639
DR: 0.777458
RR: 3.4824859999999997
DD: 0.026432999999999998
DR: 0.777834
RR: 3.490239
DD: 0.026452
DR: 0.7736270000000001
RR: 3.071451
DD: 0.026202
DR: 0.744678
RR: 3.035166
DD: 0.025918
DR: 0.756009
RR: 3.436803
DD: 0.02635
DR: 0.774257
RR: 3.4981999999999998
DD: 0.02609
DR: 0.773037
RR: 3.466268
DD: 0.026479
DR: 0.728227
RR: 3.028316
DD: 0.025606
DR: 0.749179
RR: 3.456776
DD: 0.027021999999999997
DR: 0.771048
RR: 3.436986
DD: 0.026202999999999997
DR: 0.7849999999999999
RR: 3.495412
DD: 0.026726
DR: 0.771891
RR: 3.5326459999999997
DD: 0.026730999999999998
DR: 0.798833
RR: 3.4715059999999998
DD: 0.02614
DR: 0.786878
RR: 3.543472
DD: 0.026171999999999997
DR: 0.780718
RR: 3.500738
DD: 0.026088
DR: 0.800924
RR: 3.47042
DD: 0.025116
DR: 0.7770009999999999
RR: 3.584852
DD: 0.025199
DR: 0.782854
RR: 3.528215
DD: 0.025065
DR: 0.778703
RR: 3.485677
DD: 0.025204999999999998
DR: 0.777928
RR: 3.5026159999999997
DD: 0.02524
DR: 0.7828820000000001
RR: 3.490045
DD: 0.02554
DR: 0.775159
RR: 3.492142
DD: 0.02592
DR: 0.774203
RR: 3.5186
DD: 0.02624
DR: 0.785494
RR: 3.471661
DD: 0.025786
DR: 0.78552
RR: 3.521252
DD: 0.025203999999999997
DR: 0.776993
RR: 3.454973
DD: 0.024957999999999998
DR: 0.774471
RR: 3.483547
saved to _G20.5_rmin0.001_rmax10.0_nbins30_zmin0.0zmax1.0_Lsplit4bin0_N50_Planck_MC_b10

Pixels masked by MC but not already by selfunc: 795
G20.5_zmin0.0zmax1.0_Lsplit4bin1: 0.02              79124 vs 81084
/home/groups/tabel/mahlet/quaia-env/lib/python3.10/site-packages/Corrfunc/utils.py:918: UserWarning: One or more input array has non-native endianness!  A copy will be made with the correct endianness.
  warnings.warn("One or more input array has non-native endianness!  A copy will"\
DD: 0.024959
DR: 0.8034589999999999
RR: 3.72406
DD: 0.026166
DR: 0.81403
RR: 3.759804
DD: 0.027386999999999998
DR: 0.82679
RR: 3.798629
DD: 0.027415
DR: 0.815802
RR: 3.790741
DD: 0.027811
DR: 0.82411
RR: 3.767647
DD: 0.026049
DR: 0.824412
RR: 3.781719
DD: 0.026313999999999997
DR: 0.822919
RR: 3.771867
DD: 0.026549
DR: 0.823582
RR: 3.816325
DD: 0.026144999999999998
DR: 0.824739
RR: 3.829132
DD: 0.026268999999999997
DR: 0.842692
RR: 3.817713
DD: 0.026393999999999997
DR: 0.829674
RR: 3.873051
DD: 0.026685
DR: 0.827395
RR: 3.857202
DD: 0.026203999999999998
DR: 0.826555
RR: 3.865673
DD: 0.026267
DR: 0.830216
RR: 3.890718
DD: 0.026753
DR: 0.829279
RR: 3.854257
DD: 0.026314999999999998
DR: 0.8278650000000001
RR: 3.861384
DD: 0.026567999999999998
DR: 0.7867
RR: 3.266648
DD: 0.026097
DR: 0.788617
RR: 3.534008
DD: 0.027246
DR: 0.81132
RR: 3.686674
DD: 0.025932999999999998
DR: 0.819962
RR: 3.759483
DD: 0.027046999999999998
DR: 0.816922
RR: 3.396426
DD: 0.026045
DR: 0.77618
RR: 3.326349
DD: 0.027084
DR: 0.8084910000000001
RR: 3.665531
DD: 0.025783
DR: 0.8104939999999999
RR: 3.759566
DD: 0.026293
DR: 0.804689
RR: 3.791814
DD: 0.026379
DR: 0.81069
RR: 3.664851
DD: 0.026522999999999998
DR: 0.812263
RR: 3.769945
DD: 0.026365999999999997
DR: 0.810045
RR: 3.661577
DD: 0.025924
DR: 0.807561
RR: 3.654544
DD: 0.025639
DR: 0.8015140000000001
RR: 3.665953
DD: 0.027346
DR: 0.816987
RR: 3.720387
DD: 0.027079
DR: 0.8119569999999999
RR: 3.694001
DD: 0.028023
DR: 0.831376
RR: 3.67072
DD: 0.028366
DR: 0.819725
RR: 3.785972
DD: 0.028134
DR: 0.822182
RR: 3.774356
DD: 0.027896999999999998
DR: 0.829263
RR: 3.7225099999999998
DD: 0.02741
DR: 0.817732
RR: 3.725572
DD: 0.026164
DR: 0.820856
RR: 3.730828
DD: 0.025965
DR: 0.81959
RR: 3.797523
DD: 0.026319
DR: 0.822971
RR: 3.77527
DD: 0.026327999999999997
DR: 0.8265640000000001
RR: 3.724128
DD: 0.027424000000000004
DR: 0.834948
RR: 3.811176
DD: 0.02788
DR: 0.828739
RR: 3.762205
DD: 0.027513
DR: 0.8181579999999999
RR: 3.711437
DD: 0.0264
DR: 0.807939
RR: 3.711831
DD: 0.025869
DR: 0.811972
RR: 3.77901
DD: 0.026035
DR: 0.81352
RR: 3.736323
DD: 0.025841
DR: 0.809289
RR: 3.674152
DD: 0.027611999999999998
DR: 0.818199
RR: 3.787862
DD: 0.025956999999999997
DR: 0.810043
RR: 3.693935
saved to _G20.5_rmin0.001_rmax10.0_nbins30_zmin0.0zmax1.0_Lsplit4bin1_N50_Planck_MC_b10

Pixels masked by MC but not already by selfunc: 785
G20.5_zmin0.0zmax1.0_Lsplit4bin2: 0.02              79609 vs 81084
/home/groups/tabel/mahlet/quaia-env/lib/python3.10/site-packages/Corrfunc/utils.py:918: UserWarning: One or more input array has non-native endianness!  A copy will be made with the correct endianness.
  warnings.warn("One or more input array has non-native endianness!  A copy will"\
DD: 0.025523999999999998
DR: 0.824151
RR: 3.879809
DD: 0.027083
DR: 0.837848
RR: 3.863208
DD: 0.027313
DR: 0.827256
RR: 3.92181
DD: 0.027209999999999998
DR: 0.828617
RR: 3.920681
DD: 0.027653999999999998
DR: 0.828293
RR: 3.957646
DD: 0.027541999999999997
DR: 0.8345899999999999
RR: 3.65791
DD: 0.027985
DR: 0.797643
RR: 3.4099120000000003
DD: 0.027101999999999998
DR: 0.8103269999999999
RR: 3.976264
DD: 0.028568999999999997
DR: 0.840495
RR: 3.916948
DD: 0.028789
DR: 0.838113
RR: 3.943488
DD: 0.02786
DR: 0.811831
RR: 3.446472
DD: 0.026781
DR: 0.796985
RR: 3.98816
DD: 0.028012
DR: 0.839812
RR: 3.988214
DD: 0.027028
DR: 0.849389
RR: 4.016119
DD: 0.027531999999999997
DR: 0.846265
RR: 4.058882
DD: 0.027195
DR: 0.848545
RR: 4.032756
DD: 0.027554
DR: 0.838536
RR: 3.986306
DD: 0.027357999999999993
DR: 0.8346
RR: 3.939017
DD: 0.027174
DR: 0.838673
RR: 3.938859
DD: 0.027496999999999997
DR: 0.829564
RR: 3.906552
DD: 0.027322
DR: 0.8314969999999999
RR: 3.902756
DD: 0.026775999999999998
DR: 0.828956
RR: 3.913274
DD: 0.027295
DR: 0.821822
RR: 3.879083
DD: 0.026674999999999997
DR: 0.828782
RR: 3.940035
DD: 0.028010999999999998
DR: 0.823535
RR: 3.957148
DD: 0.026293
DR: 0.819747
RR: 3.8667249999999997
DD: 0.027410999999999998
DR: 0.813857
RR: 3.874054
DD: 0.026355
DR: 0.825153
RR: 3.901832
DD: 0.027086
DR: 0.821074
RR: 3.850637
DD: 0.026615999999999997
DR: 0.8262929999999999
RR: 3.867825
DD: 0.027219
DR: 0.827893
RR: 3.888419
DD: 0.027295
DR: 0.8227519999999999
RR: 3.914071
DD: 0.027264
DR: 0.8278099999999999
RR: 3.939773
DD: 0.027565
DR: 0.840372
RR: 3.980687
DD: 0.027562999999999997
DR: 0.842571
RR: 4.023856
DD: 0.027276999999999996
DR: 0.837539
RR: 3.99824
DD: 0.027573
DR: 0.84704
RR: 3.99507
DD: 0.027163999999999997
DR: 0.8432489999999999
RR: 4.033399
DD: 0.027787
DR: 0.838788
RR: 4.010813
DD: 0.027689
DR: 0.85139
RR: 4.006344
DD: 0.027785999999999998
DR: 0.84934
RR: 4.014304
DD: 0.027288999999999997
DR: 0.846984
RR: 3.997267
DD: 0.02726
DR: 0.844668
RR: 3.9841
DD: 0.027576
DR: 0.846854
RR: 3.993476
DD: 0.028949
DR: 0.83745
RR: 3.972567
DD: 0.02826
DR: 0.805187
RR: 3.422564
DD: 0.026935999999999998
DR: 0.788178
RR: 3.653862
DD: 0.027738
DR: 0.825863
RR: 3.935329
DD: 0.027284
DR: 0.826289
RR: 3.883757
DD: 0.026541
DR: 0.827428
RR: 3.440309
saved to _G20.5_rmin0.001_rmax10.0_nbins30_zmin0.0zmax1.0_Lsplit4bin2_N50_Planck_MC_b10

Pixels masked by MC but not already by selfunc: 706
G20.5_zmin0.0zmax1.0_Lsplit4bin3: 0.01              79919 vs 81084
/home/groups/tabel/mahlet/quaia-env/lib/python3.10/site-packages/Corrfunc/utils.py:918: UserWarning: One or more input array has non-native endianness!  A copy will be made with the correct endianness.
  warnings.warn("One or more input array has non-native endianness!  A copy will"\
DD: 0.027846
DR: 0.831275
RR: 4.02496
DD: 0.027651
DR: 0.826857
RR: 4.014581
DD: 0.027638
DR: 0.829904
RR: 3.974478
DD: 0.028183
DR: 0.827384
RR: 4.017525
DD: 0.028741
DR: 0.836108
RR: 4.00932
DD: 0.029304
DR: 0.840439
RR: 3.97237
DD: 0.029303
DR: 0.850844
RR: 3.98172
DD: 0.02912
DR: 0.854757
RR: 3.99361
DD: 0.028107
DR: 0.841934
RR: 4.068418
DD: 0.028439
DR: 0.850382
RR: 4.091197
DD: 0.027956000000000092
DR: 0.841446
RR: 4.025018
DD: 0.028218999999999998
DR: 0.843473
RR: 4.028326
DD: 0.028938
DR: 0.852639
RR: 4.013986
DD: 0.028088
DR: 0.847553
RR: 4.023015
DD: 0.027753
DR: 0.850264
RR: 4.032584
DD: 0.02767
DR: 0.844275
RR: 4.024715
DD: 0.027458999999999997
DR: 0.8499030000000001
RR: 4.007838
DD: 0.027777
DR: 0.840964
RR: 3.968324
DD: 0.027566999999999998
DR: 0.839332
RR: 3.964897
DD: 0.02777
DR: 0.833554
RR: 3.993862
DD: 0.027320999999999998
DR: 0.836759
RR: 3.917071
DD: 0.02736
DR: 0.831398
RR: 3.981071
DD: 0.027309
DR: 0.8361000000000001
RR: 3.922138
DD: 0.027431999999999998
DR: 0.839407
RR: 3.998826
DD: 0.027292999999999998
DR: 0.830301
RR: 3.911369
DD: 0.026934999999999997
DR: 0.8408599999999999
RR: 3.909079
DD: 0.027238
DR: 0.829964
RR: 3.9956
DD: 0.028596
DR: 0.82811
RR: 3.990049
DD: 0.027426
DR: 0.834126
RR: 3.930411
DD: 0.027313
DR: 0.84316
RR: 3.92817
DD: 0.027496
DR: 0.837642
RR: 3.964537
DD: 0.027868999999999998
DR: 0.844131
RR: 4.071228
DD: 0.028384
DR: 0.838113
RR: 4.001574
DD: 0.027944999999999998
DR: 0.847818
RR: 3.553172
DD: 0.027097
DR: 0.809658
RR: 3.467157
DD: 0.02735399999999999
DR: 0.896682
RR: 4.074171
DD: 0.027809999999999998
DR: 0.83981
RR: 4.007738
DD: 0.027875
DR: 0.850907
RR: 3.896749
DD: 0.027333999999999997
DR: 0.82397
RR: 3.536122
DD: 0.027423
DR: 0.893421
RR: 4.048285
DD: 0.028138
DR: 0.866662
RR: 4.157399
DD: 0.027881999999999997
DR: 0.85694
RR: 4.060578
DD: 0.027644
DR: 0.847837
RR: 4.043841
DD: 0.027749
DR: 0.844843
RR: 4.023901
DD: 0.027385
DR: 0.8449180000000001
RR: 4.01218
DD: 0.027698
DR: 0.836415
RR: 3.968252
DD: 0.027341999999999998
DR: 0.836621
RR: 4.014371
DD: 0.029057
DR: 0.8435280000000001
RR: 3.957556
DD: 0.028842999999999997
DR: 0.848877
RR: 4.012272
DD: 0.029223
DR: 0.836051
RR: 3.918415
saved to _G20.5_rmin0.001_rmax10.0_nbins30_zmin0.0zmax1.0_Lsplit4bin3_N50_Planck_MC_b10

Pixels masked by MC but not already by selfunc: 1790
G20.5_zmin1.0zmax2.0_Lsplit4bin0: 0.04              155903 vs 162049
/home/groups/tabel/mahlet/quaia-env/lib/python3.10/site-packages/Corrfunc/utils.py:918: UserWarning: One or more input array has non-native endianness!  A copy will be made with the correct endianness.
  warnings.warn("One or more input array has non-native endianness!  A copy will"\
DD: 0.055978
DR: 2.182899
RR: 14.385221
DD: 0.05864800000000003
DR: 2.1750059999999998
RR: 14.351131
DD: 0.056595
DR: 2.1881909999999998
RR: 14.388155
DD: 0.057949999999999995
DR: 2.17059
RR: 14.414385
DD: 0.05814000000000008
DR: 2.168121
RR: 14.420196
DD: 0.056186
DR: 2.164254
RR: 14.392783
DD: 0.058020999999999996
DR: 2.176309
RR: 13.938612
DD: 0.055112999999999995
DR: 2.017521
RR: 14.234516
DD: 0.058048999999999996
DR: 2.189076
RR: 13.306473
DD: 0.057058
DR: 2.168262
RR: 14.494108
DD: 0.057428999999999994
DR: 2.165367
RR: 14.567867
DD: 0.057117999999999995
DR: 2.162907
RR: 14.548149
DD: 0.057583999999999996
DR: 2.200904
RR: 14.430658
DD: 0.057935999999999994
DR: 2.184495
RR: 14.535131
DD: 0.058657
DR: 2.185334
RR: 14.530850000000001
DD: 0.059419
DR: 2.190549
RR: 14.596672
DD: 0.058734999999999996
DR: 2.197927
RR: 14.517805
DD: 0.05773
DR: 2.172948
RR: 14.535802
DD: 0.057907999999999994
DR: 2.173528
RR: 14.459846
DD: 0.058747999999999995
DR: 2.167624
RR: 13.269723
DD: 0.056291999999999995
DR: 2.294799
RR: 14.546004
DD: 0.057252
DR: 2.011618
RR: 14.198966
DD: 0.057032
DR: 2.164592
RR: 14.517782
DD: 0.057206999999999994
DR: 2.160812
RR: 14.448647
DD: 0.057864
DR: 2.166235
RR: 14.431317
DD: 0.059872999999999996
DR: 2.172652
RR: 14.37007
DD: 0.057006
DR: 2.14917
RR: 14.345758
DD: 0.057391
DR: 2.167585
RR: 14.37946
DD: 0.057762
DR: 2.160787
RR: 14.312856
DD: 0.058950999999999996
DR: 2.20758
RR: 14.331265
DD: 0.056660999999999996
DR: 2.15894
RR: 14.541252
DD: 0.058308
DR: 2.167507
RR: 14.516904
DD: 0.058517
DR: 2.169593
RR: 13.001634
DD: 0.05643700000000007
DR: 2.158884
RR: 13.473087
DD: 0.053727
DR: 2.246773
RR: 14.568446
DD: 0.05937300000000001
DR: 2.199164
RR: 14.534428
DD: 0.057415999999999995
DR: 2.177203
RR: 14.485526
DD: 0.057846000000000064
DR: 2.189244
RR: 14.583025
DD: 0.057286
DR: 2.200567
RR: 14.555682000000001
DD: 0.05754999999999999
DR: 2.167727
RR: 14.596452
DD: 0.058385
DR: 2.182737
RR: 14.699435
DD: 0.058539999999999995
DR: 2.184995
RR: 14.515602
DD: 0.057879999999999994
DR: 2.181976
RR: 14.488864
DD: 0.059847
DR: 2.187911
RR: 14.53763
DD: 0.058774999999999994
DR: 2.176255
RR: 13.758007
DD: 0.053604
DR: 2.014335
RR: 14.447953
DD: 0.058482
DR: 2.016717
RR: 13.785729
DD: 0.058369
DR: 2.183293
RR: 14.420707
DD: 0.060183
DR: 2.172613
RR: 14.425181
DD: 0.057177
DR: 2.165551
RR: 14.485002
saved to _G20.5_rmin0.001_rmax10.0_nbins30_zmin1.0zmax2.0_Lsplit4bin0_N50_Planck_MC_b10

Pixels masked by MC but not already by selfunc: 1625
G20.5_zmin1.0zmax2.0_Lsplit4bin1: 0.02              158708 vs 162049
/home/groups/tabel/mahlet/quaia-env/lib/python3.10/site-packages/Corrfunc/utils.py:918: UserWarning: One or more input array has non-native endianness!  A copy will be made with the correct endianness.
  warnings.warn("One or more input array has non-native endianness!  A copy will"\
DD: 0.058720999999999995
DR: 2.277229
RR: 15.398741
DD: 0.060027
DR: 2.293225
RR: 15.451541
DD: 0.064785
DR: 2.325859
RR: 15.393001
DD: 0.059531999999999995
DR: 2.281054
RR: 15.443681
DD: 0.059187
DR: 2.283238
RR: 15.506894
DD: 0.058885999999999994
DR: 2.318255
RR: 15.524514
DD: 0.059535
DR: 2.1203
RR: 14.572749
DD: 0.059614999999999994
DR: 2.300139
RR: 14.308368
DD: 0.059488
DR: 2.313344
RR: 15.815952
DD: 0.060222
DR: 2.348863
RR: 15.714036
DD: 0.060292
DR: 2.32458
RR: 15.810667
DD: 0.059912999999999994
DR: 2.309277
RR: 15.687169
DD: 0.060142999999999995
DR: 2.3116
RR: 15.764348
DD: 0.059982
DR: 2.333521
RR: 15.776284
DD: 0.059898
DR: 2.316249
RR: 15.784732
DD: 0.060153
DR: 2.308057
RR: 15.85512
DD: 0.059864999999999995
DR: 2.300227
RR: 15.697454
DD: 0.059177
DR: 2.312855
RR: 14.182211
DD: 0.057113
DR: 2.31754
RR: 15.005851
DD: 0.056614
DR: 2.129599
RR: 15.521248
DD: 0.061408
DR: 2.288907
RR: 15.363882
DD: 0.058852999999999996
DR: 2.278888
RR: 15.464687
DD: 0.058901999999999996
DR: 2.28168
RR: 15.582394
DD: 0.05975
DR: 2.278582
RR: 15.454349
DD: 0.06042700000000001
DR: 2.293335
RR: 15.520839
DD: 0.059622999999999995
DR: 2.278955
RR: 15.431658
DD: 0.059715
DR: 2.306572
RR: 15.343792
DD: 0.060271
DR: 2.286191
RR: 15.5499
DD: 0.060308999999999995
DR: 2.27356
RR: 15.412574
DD: 0.060906999999999996
DR: 2.186532
RR: 14.769711
DD: 0.060622999999999996
DR: 2.30665
RR: 14.164653
DD: 0.061196
DR: 2.321525
RR: 15.65524
DD: 0.060439
DR: 2.290137
RR: 15.792564
DD: 0.06161
DR: 2.30943
RR: 15.712461
DD: 0.062332
DR: 2.346545
RR: 15.797342
DD: 0.061478
DR: 2.321796
RR: 15.796658
DD: 0.060502
DR: 2.312236
RR: 15.774259
DD: 0.062439999999999996
DR: 2.351244
RR: 15.818233
DD: 0.062226
DR: 2.358634
RR: 15.914192
DD: 0.062632
DR: 2.345346
RR: 16.099509
DD: 0.062122
DR: 2.364502
RR: 14.244078
DD: 0.060188
DR: 2.323381
RR: 14.514171
DD: 0.061565999999999996
DR: 2.323307
RR: 15.878011
DD: 0.061675999999999995
DR: 2.3047269999999997
RR: 15.628109
DD: 0.061345
DR: 2.3148720000000003
RR: 15.736366
DD: 0.061654999999999995
DR: 2.305776
RR: 15.646129
DD: 0.060295999999999995
DR: 2.309253
RR: 15.55285
DD: 0.059905999999999994
DR: 2.320149
RR: 15.517813
DD: 0.059053999999999995
DR: 2.30801
RR: 15.431001
DD: 0.059368
DR: 2.303111
RR: 15.586821
saved to _G20.5_rmin0.001_rmax10.0_nbins30_zmin1.0zmax2.0_Lsplit4bin1_N50_Planck_MC_b10

Pixels masked by MC but not already by selfunc: 1472
G20.5_zmin1.0zmax2.0_Lsplit4bin2: 0.01              159626 vs 162049
/home/groups/tabel/mahlet/quaia-env/lib/python3.10/site-packages/Corrfunc/utils.py:918: UserWarning: One or more input array has non-native endianness!  A copy will be made with the correct endianness.
  warnings.warn("One or more input array has non-native endianness!  A copy will"\
DD: 0.061
DR: 2.417695
RR: 16.682775
DD: 0.06609999999999999
DR: 2.195498
RR: 16.227656
DD: 0.06320100000000006
DR: 2.279489
RR: 16.025718
DD: 0.063562
DR: 2.392174
RR: 16.8406
DD: 0.061874
DR: 2.402337
RR: 16.835839
DD: 0.062403
DR: 2.410043
RR: 16.785256
DD: 0.062726
DR: 2.439134
RR: 16.952188
DD: 0.06271399999999999
DR: 2.44433
RR: 16.90342
DD: 0.062206
DR: 2.446241
RR: 17.005246
DD: 0.064066
DR: 2.4544259999999998
RR: 17.083254
DD: 0.064901
DR: 2.440347
RR: 17.410584
DD: 0.064514
DR: 2.46026
RR: 15.430704
DD: 0.066077
DR: 2.4571
RR: 16.139767
DD: 0.061538999999999996
DR: 2.49254
RR: 17.379413
DD: 0.065375
DR: 2.4549440000000002
RR: 17.494268
DD: 0.064261
DR: 2.447161
RR: 17.240643
DD: 0.06270099999999999
DR: 2.453169
RR: 17.058309
DD: 0.062021
DR: 2.400964
RR: 16.916438
DD: 0.063413
DR: 2.416305
RR: 16.743077
DD: 0.063481
DR: 2.398548
RR: 16.7989
DD: 0.063404
DR: 2.393212
RR: 16.913308
DD: 0.061777
DR: 2.396959
RR: 16.901295
DD: 0.059751
DR: 2.223266
RR: 16.172896
DD: 0.06324099999999999
DR: 2.3806279999999997
RR: 15.80481
DD: 0.061210999999999995
DR: 2.379095
RR: 16.781564
DD: 0.063245
DR: 2.392803
RR: 16.675886
DD: 0.062524
DR: 2.391923
RR: 16.598956
DD: 0.061245999999999995
DR: 2.379465
RR: 16.50482
DD: 0.060705999999999996
DR: 2.376362
RR: 16.559196
DD: 0.061612
DR: 2.374089
RR: 16.556144
DD: 0.063442
DR: 2.389373
RR: 17.496262
DD: 0.06764800000000004
DR: 2.5460409999999998
RR: 18.614424
DD: 0.070267
DR: 2.728586
RR: 17.273883
DD: 0.058808
DR: 2.787354
RR: 17.847303
DD: 0.062021
DR: 2.322204
RR: 18.270081
DD: 0.06899899999999999
DR: 2.552234
RR: 18.13856
DD: 0.067618
DR: 2.558034
RR: 18.063852
DD: 0.068648
DR: 2.554755
RR: 18.12145
DD: 0.068242
DR: 2.590594
RR: 18.333668
DD: 0.06866799999999999
DR: 2.5559529999999997
RR: 18.084065
DD: 0.069164
DR: 2.585916
RR: 18.295332
DD: 0.066504
DR: 2.4548
RR: 17.132784
DD: 0.0638
DR: 2.419963
RR: 17.032529
DD: 0.064391
DR: 2.413254
RR: 15.677334
DD: 0.06268300000000004
DR: 2.407542
RR: 15.591384
DD: 0.061676999999999996
DR: 2.379097
RR: 16.665495
DD: 0.061707
DR: 2.372402
RR: 16.600056
DD: 0.062491
DR: 2.3983920000000003
RR: 16.498311
DD: 0.063108
DR: 2.381772
RR: 16.510509
DD: 0.061586999999999996
DR: 2.365436
RR: 16.418924
saved to _G20.5_rmin0.001_rmax10.0_nbins30_zmin1.0zmax2.0_Lsplit4bin2_N50_Planck_MC_b10

Pixels masked by MC but not already by selfunc: 1321
G20.5_zmin1.0zmax2.0_Lsplit4bin3: 0.01              160314 vs 162049
/home/groups/tabel/mahlet/quaia-env/lib/python3.10/site-packages/Corrfunc/utils.py:918: UserWarning: One or more input array has non-native endianness!  A copy will be made with the correct endianness.
  warnings.warn("One or more input array has non-native endianness!  A copy will"\
DD: 0.065088
DR: 2.488731
RR: 17.645348
DD: 0.06329
DR: 2.503193
RR: 17.724297
DD: 0.065152
DR: 2.544352
RR: 17.75054
DD: 0.065019
DR: 2.518659
RR: 16.468743
DD: 0.064039
DR: 2.521665
RR: 16.588233
DD: 0.065626
DR: 2.519937
RR: 17.904908
DD: 0.067229
DR: 2.5512230000000002
RR: 17.954654
DD: 0.065868
DR: 2.537422
RR: 18.014989
DD: 0.06602999999999999
DR: 2.553989
RR: 18.194527
DD: 0.067074
DR: 2.586331
RR: 18.354686
DD: 0.067468
DR: 2.590027
RR: 18.423445
DD: 0.067172
DR: 2.605322
RR: 18.689472
DD: 0.068366
DR: 2.60381
RR: 18.812737
DD: 0.067354
DR: 2.436316
RR: 17.613777
DD: 0.066041
DR: 2.6067270000000002
RR: 17.774111
DD: 0.06812
DR: 2.606955
RR: 18.642622
DD: 0.067437
DR: 2.573701
RR: 18.404063999999998
DD: 0.06693099999999999
DR: 2.556381
RR: 18.240939
DD: 0.06661400000000006
DR: 2.558907
RR: 18.025258
DD: 0.06548799999999999
DR: 2.525375
RR: 18.046764
DD: 0.065482
DR: 2.518469
RR: 17.920354
DD: 0.065292
DR: 2.507523
RR: 18.001864
DD: 0.064082
DR: 2.553452
RR: 18.105483
DD: 0.06658599999999999
DR: 2.36776
RR: 17.408881
DD: 0.064091
DR: 2.500305
RR: 17.215767
DD: 0.066958
DR: 2.558788
RR: 17.839
DD: 0.064635
DR: 2.501245
RR: 17.838504
DD: 0.066355
DR: 2.498821
RR: 17.747223
DD: 0.065209
DR: 2.509442
RR: 17.848442
DD: 0.065119
DR: 2.503978
RR: 17.827701
DD: 0.066049
DR: 2.520005
RR: 18.077591
DD: 0.066784
DR: 2.551333
RR: 18.175542
DD: 0.067075
DR: 2.554967
RR: 18.312025
DD: 0.067933
DR: 2.572424
RR: 16.977498
DD: 0.064565
DR: 2.558998
RR: 16.979642
DD: 0.066491
DR: 2.578328
RR: 18.40313
DD: 0.06576199999999999
DR: 2.582738
RR: 18.504671
DD: 0.066783
DR: 2.586918
RR: 18.524758
DD: 0.06772399999999999
DR: 2.597222
RR: 18.605878
DD: 0.067982
DR: 2.618471
RR: 18.683221
DD: 0.068275
DR: 2.629511
RR: 18.827587
DD: 0.06884
DR: 2.6291320000000002
RR: 18.80601
DD: 0.066508
DR: 2.587962
RR: 18.746569
DD: 0.06646099999999999
DR: 2.389745
RR: 17.54522
DD: 0.066606
DR: 2.597114
RR: 17.372115
DD: 0.06684799999999999
DR: 2.555504
RR: 18.176774
DD: 0.066166
DR: 2.542759
RR: 18.015394
DD: 0.066066
DR: 2.538119
RR: 18.093162
DD: 0.06376
DR: 2.519732
RR: 17.894456
DD: 0.065702
DR: 2.534322
RR: 17.987098
saved to _G20.5_rmin0.001_rmax10.0_nbins30_zmin1.0zmax2.0_Lsplit4bin3_N50_Planck_MC_b10

Pixels masked by MC but not already by selfunc: 968
G20.5_zmin2.0zmax3.0_Lsplit4bin0: 0.04              69013 vs 71627
/home/groups/tabel/mahlet/quaia-env/lib/python3.10/site-packages/Corrfunc/utils.py:918: UserWarning: One or more input array has non-native endianness!  A copy will be made with the correct endianness.
  warnings.warn("One or more input array has non-native endianness!  A copy will"\
DD: 0.021384999999999998
DR: 0.645829
RR: 2.875482
DD: 0.023913
DR: 0.665784
RR: 2.809857
DD: 0.024487
DR: 0.665778
RR: 2.833924
DD: 0.024006
DR: 0.666129
RR: 2.819318
DD: 0.024391
DR: 0.665767
RR: 2.829737
DD: 0.023888
DR: 0.667258
RR: 2.813442
DD: 0.022591999999999998
DR: 0.6437109999999999
RR: 2.855801
DD: 0.022935
DR: 0.652353
RR: 2.802358
DD: 0.023087999999999997
DR: 0.650009
RR: 2.862102
DD: 0.023184
DR: 0.651297
RR: 2.831096
DD: 0.022954
DR: 0.650081
RR: 2.8515610000000002
DD: 0.023052
DR: 0.657041
RR: 2.869618
DD: 0.023256
DR: 0.661156
RR: 2.888293
DD: 0.024621
DR: 0.6725300000000001
RR: 2.87712
DD: 0.024403000000000064
DR: 0.690436
RR: 2.541979
DD: 0.024378999999999998
DR: 0.649327
RR: 2.45672
DD: 0.023719
DR: 0.6323719999999999
RR: 3.610404
DD: 0.026598999999999998
DR: 0.6689400000000001
RR: 2.810241
DD: 0.02352
DR: 0.656744
RR: 2.805612
DD: 0.022779
DR: 0.652833
RR: 2.787492
DD: 0.022354
DR: 0.626833
RR: 2.446055
DD: 0.022283999999999998
DR: 0.640554
RR: 2.864865
DD: 0.022878
DR: 0.647298
RR: 2.799765
DD: 0.022646
DR: 0.647905
RR: 2.842635
DD: 0.022671999999999998
DR: 0.656218
RR: 2.808721
DD: 0.023587
DR: 0.6674800000000001
RR: 2.857786
DD: 0.024314
DR: 0.666971
RR: 2.805697
DD: 0.024269
DR: 0.664619
RR: 2.824932
DD: 0.024242999999999997
DR: 0.660971
RR: 2.797095
DD: 0.023013
DR: 0.648864
RR: 2.773979
DD: 0.022836
DR: 0.648848
RR: 2.800637
DD: 0.022403
DR: 0.649676
RR: 2.812497
DD: 0.023103
DR: 0.649709
RR: 2.826675
DD: 0.022635
DR: 0.653011
RR: 2.8096259999999997
DD: 0.022806
DR: 0.647535
RR: 2.829011
DD: 0.023861999999999998
DR: 0.667271
RR: 2.844493
DD: 0.024524999999999998
DR: 0.665948
RR: 2.817615
DD: 0.024353999999999997
DR: 0.6629670000000001
RR: 2.858967
DD: 0.024426999999999997
DR: 0.668272
RR: 2.894921
DD: 0.024700999999999997
DR: 0.6639189999999999
RR: 2.823466
DD: 0.024444999999999998
DR: 0.680381
RR: 2.844222
DD: 0.022869
DR: 0.6493960000000001
RR: 2.829891
DD: 0.022595
DR: 0.649578
RR: 2.814
DD: 0.022472
DR: 0.6469469999999999
RR: 2.7971969999999997
DD: 0.022879000000000094
DR: 0.646933
RR: 2.801596
DD: 0.022570999999999997
DR: 0.646242
RR: 2.78688
DD: 0.022267
DR: 0.64632
RR: 2.833237
DD: 0.022494999999999998
DR: 0.656826
RR: 2.8056
DD: 0.023937999999999997
DR: 0.6592819999999999
RR: 2.849835
DD: 0.024256999999999997
DR: 0.666363
RR: 2.862786
saved to _G20.5_rmin0.001_rmax10.0_nbins30_zmin2.0zmax3.0_Lsplit4bin0_N50_Planck_MC_b10

Pixels masked by MC but not already by selfunc: 912
G20.5_zmin2.0zmax3.0_Lsplit4bin1: 0.02              70231 vs 71627
/home/groups/tabel/mahlet/quaia-env/lib/python3.10/site-packages/Corrfunc/utils.py:918: UserWarning: One or more input array has non-native endianness!  A copy will be made with the correct endianness.
  warnings.warn("One or more input array has non-native endianness!  A copy will"\
DD: 0.02209
DR: 0.6573319999999999
RR: 2.927998
DD: 0.023864
DR: 0.678766
RR: 2.929035
DD: 0.02369
DR: 0.668237
RR: 2.964314
DD: 0.023736999999999998
DR: 0.6690240000000001
RR: 2.995477
DD: 0.023916999999999997
DR: 0.668521
RR: 2.957833
DD: 0.023724
DR: 0.670098
RR: 2.974098
DD: 0.024117
DR: 0.674765
RR: 2.967169
DD: 0.024959
DR: 0.679543
RR: 2.963358
DD: 0.025456
DR: 0.6951780000000001
RR: 2.989062
DD: 0.025096
DR: 0.706056
RR: 2.993332
DD: 0.025677
DR: 0.6896960000000001
RR: 3.019296
DD: 0.024613
DR: 0.679547
RR: 2.986507
DD: 0.024631
DR: 0.681863
RR: 2.648401
DD: 0.023898
DR: 0.661838
RR: 2.621718
DD: 0.023920999999999998
DR: 0.65337
RR: 3.045356
DD: 0.024041999999999997
DR: 0.676987
RR: 2.994048
DD: 0.024064
DR: 0.677747
RR: 2.975562
DD: 0.023454
DR: 0.675698
RR: 2.870601
DD: 0.023395
DR: 0.650809
RR: 2.584412
DD: 0.023549
DR: 0.637474
RR: 3.320521
DD: 0.026803999999999998
DR: 0.6762969999999999
RR: 2.94622
DD: 0.024291999999999998
DR: 0.669816
RR: 2.927486
DD: 0.023944999999999998
DR: 0.6702600000000001
RR: 2.984457
DD: 0.025005
DR: 0.677822
RR: 2.931983
DD: 0.023798999999999997
DR: 0.6657820000000001
RR: 2.988639
DD: 0.023826
DR: 0.671853
RR: 2.978809
DD: 0.024274999999999998
DR: 0.6714019999999999
RR: 2.946564
DD: 0.023524999999999997
DR: 0.675258
RR: 2.944
DD: 0.024100999999999997
DR: 0.668311
RR: 2.930884
DD: 0.024044000000000065
DR: 0.6777150000000001
RR: 2.938844
DD: 0.023821
DR: 0.668442
RR: 2.909263
DD: 0.023677
DR: 0.675072
RR: 2.954433
DD: 0.024113
DR: 0.673633
RR: 2.999111
DD: 0.023677
DR: 0.671403
RR: 2.971159
DD: 0.023774999999999998
DR: 0.6757690000000001
RR: 2.951093
DD: 0.023666
DR: 0.6735869999999999
RR: 2.96574
DD: 0.024176
DR: 0.681087
RR: 3.032813
DD: 0.024405
DR: 0.6772
RR: 2.99576
DD: 0.024020999999999997
DR: 0.6837989999999999
RR: 2.99188
DD: 0.024045
DR: 0.681575
RR: 3.022106
DD: 0.024416999999999998
DR: 0.6828510000000001
RR: 3.020687
DD: 0.024079999999999997
DR: 0.676515
RR: 3.002242
DD: 0.024766999999999997
DR: 0.682639
RR: 2.999624
DD: 0.023965
DR: 0.670909
RR: 2.97764
DD: 0.023977
DR: 0.677699
RR: 3.003169
DD: 0.024058
DR: 0.671441
RR: 2.938465
DD: 0.023746999999999997
DR: 0.674396
RR: 3.000923
DD: 0.023500999999999998
DR: 0.669493
RR: 2.929557
DD: 0.024173999999999998
DR: 0.6750039999999999
RR: 2.948346
DD: 0.023830999999999998
DR: 0.6721159999999999
RR: 2.941843
saved to _G20.5_rmin0.001_rmax10.0_nbins30_zmin2.0zmax3.0_Lsplit4bin1_N50_Planck_MC_b10

Pixels masked by MC but not already by selfunc: 897
G20.5_zmin2.0zmax3.0_Lsplit4bin2: 0.02              70540 vs 71627
/home/groups/tabel/mahlet/quaia-env/lib/python3.10/site-packages/Corrfunc/utils.py:918: UserWarning: One or more input array has non-native endianness!  A copy will be made with the correct endianness.
  warnings.warn("One or more input array has non-native endianness!  A copy will"\
DD: 0.022309
DR: 0.687935
RR: 3.053922
DD: 0.023809
DR: 0.708473
RR: 3.051844
DD: 0.02375
DR: 0.7062170000000001
RR: 3.052915
DD: 0.023837999999999998
DR: 0.69931
RR: 3.056516
DD: 0.023886000000000074
DR: 0.7024950000000001
RR: 3.046528
DD: 0.023724
DR: 0.711389
RR: 3.094644
DD: 0.024059000000000053
DR: 0.707741
RR: 3.087829
DD: 0.024548
DR: 0.7050810000000001
RR: 3.111954
DD: 0.024495
DR: 0.7079500000000001
RR: 3.095075
DD: 0.024478
DR: 0.715103
RR: 2.8691709999999997
DD: 0.024045
DR: 0.700192
RR: 2.719261
DD: 0.024005
DR: 0.690514
RR: 3.045784
DD: 0.024003999999999998
DR: 0.7177859999999999
RR: 3.184922
DD: 0.024307
DR: 0.721925
RR: 3.247332
DD: 0.024626
DR: 0.713198
RR: 3.077462
DD: 0.023867
DR: 0.686679
RR: 2.735188
DD: 0.023750999999999998
DR: 0.684275
RR: 3.50202
DD: 0.025370999999999998
DR: 0.707036
RR: 3.091336
DD: 0.023393999999999998
DR: 0.703369
RR: 3.059122
DD: 0.02369
DR: 0.700948
RR: 3.12016
DD: 0.023419
DR: 0.694642
RR: 3.028897
DD: 0.023621
DR: 0.723031
RR: 3.035271
DD: 0.023701999999999997
DR: 0.698849
RR: 3.049039
DD: 0.023552
DR: 0.691926
RR: 3.112043
DD: 0.023202999999999998
DR: 0.697523
RR: 3.050305
DD: 0.023483999999999998
DR: 0.69041
RR: 3.090312
DD: 0.0235
DR: 0.6956789999999999
RR: 3.091285
DD: 0.023625
DR: 0.6998610000000001
RR: 3.059846
DD: 0.023759
DR: 0.696728
RR: 3.049577
DD: 0.023462999999999998
DR: 0.695227
RR: 3.079663
DD: 0.023438999999999998
DR: 0.6987190000000001
RR: 3.099071
DD: 0.023746999999999997
DR: 0.701128
RR: 3.124946
DD: 0.023802999999999998
DR: 0.69789
RR: 3.113496
DD: 0.023764999999999998
DR: 0.711533
RR: 3.149174
DD: 0.024578
DR: 0.704286
RR: 3.097985
DD: 0.024068
DR: 0.708426
RR: 3.10855
DD: 0.023944999999999998
DR: 0.714969
RR: 3.109502
DD: 0.024423
DR: 0.711057
RR: 3.12844
DD: 0.024753999999999998
DR: 0.708727
RR: 3.154819
DD: 0.024333
DR: 0.718082
RR: 3.215605
DD: 0.024283
DR: 0.712326
RR: 3.170745
DD: 0.024388
DR: 0.7109989999999999
RR: 3.149475
DD: 0.024527
DR: 0.709371
RR: 3.129962
DD: 0.024128
DR: 0.697639
RR: 3.172359
DD: 0.023517999999999997
DR: 0.699404
RR: 3.078013
DD: 0.023608
DR: 0.704477
RR: 3.098502
DD: 0.024102
DR: 0.700763
RR: 3.060234
DD: 0.023608
DR: 0.6904710000000001
RR: 3.082662
DD: 0.023802
DR: 0.700626
RR: 3.075566
DD: 0.023308
DR: 0.696613
RR: 3.090514
saved to _G20.5_rmin0.001_rmax10.0_nbins30_zmin2.0zmax3.0_Lsplit4bin2_N50_Planck_MC_b10

Pixels masked by MC but not already by selfunc: 799
G20.5_zmin2.0zmax3.0_Lsplit4bin3: 0.01              70772 vs 71627
/home/groups/tabel/mahlet/quaia-env/lib/python3.10/site-packages/Corrfunc/utils.py:918: UserWarning: One or more input array has non-native endianness!  A copy will be made with the correct endianness.
  warnings.warn("One or more input array has non-native endianness!  A copy will"\
DD: 0.02352
DR: 0.7186939999999999
RR: 3.282226
DD: 0.025033999999999997
DR: 0.723405
RR: 3.283656
DD: 0.025315999999999998
DR: 0.727723
RR: 3.293953
DD: 0.02543300000000004
DR: 0.7270810000000001
RR: 3.275378
DD: 0.025113
DR: 0.731196
RR: 3.271386
DD: 0.025632
DR: 0.7319249999999999
RR: 3.079036
DD: 0.025075999999999998
DR: 0.7213649999999999
RR: 2.864105
DD: 0.02506
DR: 0.71175
RR: 3.286136
DD: 0.025890999999999997
DR: 0.7355999999999999
RR: 3.326218
DD: 0.025337
DR: 0.738659
RR: 3.342151
DD: 0.025584
DR: 0.747063
RR: 3.181994
DD: 0.025689
DR: 0.727128
RR: 2.933322
DD: 0.025849
DR: 0.80782
RR: 3.401188
DD: 0.026001999999999997
DR: 0.750101
RR: 3.400803
DD: 0.025595999999999997
DR: 0.755716
RR: 3.458062
DD: 0.025700999999999998
DR: 0.7496670000000001
RR: 3.396266
DD: 0.026032
DR: 0.744516
RR: 3.3939529999999998
DD: 0.025595999999999997
DR: 0.7372879999999999
RR: 3.333736
DD: 0.025976
DR: 0.742998
RR: 3.299751
DD: 0.025493
DR: 0.7351759999999999
RR: 3.326362
DD: 0.024985
DR: 0.727921
RR: 3.257219
DD: 0.024992999999999998
DR: 0.735587
RR: 3.271243
DD: 0.025567
DR: 0.73357
RR: 3.264941
DD: 0.025251
DR: 0.725686
RR: 3.290199
DD: 0.025099
DR: 0.722951
RR: 3.260862
DD: 0.024864999999999998
DR: 0.7261
RR: 3.299458
DD: 0.025231
DR: 0.723247
RR: 3.254871
DD: 0.024914
DR: 0.7214670000000001
RR: 3.2630660000000002
DD: 0.025036
DR: 0.721444
RR: 3.3033799999999998
DD: 0.02507
DR: 0.7281559999999999
RR: 3.262894
DD: 0.025557
DR: 0.73495
RR: 3.303972
DD: 0.025231
DR: 0.732793
RR: 3.309816
DD: 0.025254
DR: 0.736413
RR: 3.337189
DD: 0.025519999999999998
DR: 0.7331909999999999
RR: 3.3926790000000002
DD: 0.025356999999999998
DR: 0.740834
RR: 3.403108
DD: 0.026416
DR: 0.748144
RR: 3.342763
DD: 0.026631
DR: 0.746536
RR: 3.373262
DD: 0.026071
DR: 0.743007
RR: 3.416048
DD: 0.025951
DR: 0.75205
RR: 3.404189
DD: 0.02566
DR: 0.752698
RR: 3.404033
DD: 0.025710999999999998
DR: 0.752252
RR: 3.428431
DD: 0.025744
DR: 0.75463
RR: 3.47705
DD: 0.027079
DR: 0.758378
RR: 3.4041360000000003
DD: 0.026718
DR: 0.751483
RR: 3.428059
DD: 0.026815
DR: 0.7468429999999999
RR: 3.353481
DD: 0.026558
DR: 0.75535
RR: 3.342421
DD: 0.024843
DR: 0.7408600000000001
RR: 3.333387
DD: 0.025207999999999998
DR: 0.731999
RR: 3.283582
DD: 0.024808
DR: 0.733819
RR: 3.322368
DD: 0.025835000000000052
DR: 0.7290179999999999
RR: 3.303627
saved to _G20.5_rmin0.001_rmax10.0_nbins30_zmin2.0zmax3.0_Lsplit4bin3_N50_Planck_MC_b10

Pixels masked by MC but not already by selfunc: 112
G20.5_zmin3.0zmax4.6_Lsplit4bin0: 0.02              8918 vs 9115
/home/groups/tabel/mahlet/quaia-env/lib/python3.10/site-packages/Corrfunc/utils.py:918: UserWarning: One or more input array has non-native endianness!  A copy will be made with the correct endianness.
  warnings.warn("One or more input array has non-native endianness!  A copy will"\
DD: 0.005259000000000014
DR: 0.055852
RR: 0.098328
DD: 0.006029
DR: 0.061079999999999995
RR: 0.09887299999999999
DD: 0.00581
DR: 0.060092
RR: 0.098073
DD: 0.0058649999999999996
DR: 0.060187
RR: 0.098105
DD: 0.005959
DR: 0.060654
RR: 0.09776499999999999
DD: 0.005867
DR: 0.060328
RR: 0.097965
DD: 0.005984
DR: 0.06048100000000001
RR: 0.098309
DD: 0.006012
DR: 0.060897
RR: 0.101129
DD: 0.007239
DR: 0.06423999999999999
RR: 0.100813
DD: 0.006097
DR: 0.062188999999999994
RR: 0.101087
DD: 0.006052
DR: 0.063945
RR: 0.10263599999999999
DD: 0.006176999999999999
DR: 0.06505899999999999
RR: 0.103402
DD: 0.006091
DR: 0.06296399999999999
RR: 0.10214600000000007
DD: 0.006189
DR: 0.06293699999999999
RR: 0.101967
DD: 0.00614
DR: 0.062649
RR: 0.102601
DD: 0.0061129999999999995
DR: 0.061631
RR: 0.09726299999999999
DD: 0.005763
DR: 0.061286
RR: 0.09627
DD: 0.005815
DR: 0.061239999999999996
RR: 0.09646099999999999
DD: 0.005817
DR: 0.060599999999999994
RR: 0.09568499999999999
DD: 0.005813
DR: 0.060523999999999994
RR: 0.09525199999999999
DD: 0.0057009999999999995
DR: 0.060162
RR: 0.09509999999999999
DD: 0.0058119999999999995
DR: 0.060153
RR: 0.09514299999999999
DD: 0.006791999999999999
DR: 0.06814100000000001
RR: 0.099382
DD: 0.005777
DR: 0.060307
RR: 0.091583
DD: 0.0058449999999999995
DR: 0.060127999999999994
RR: 0.091377
DD: 0.005647999999999999
DR: 0.060658
RR: 0.091587
DD: 0.005678
DR: 0.059925
RR: 0.09138399999999999
DD: 0.005738
DR: 0.059969999999999996
RR: 0.09179999999999999
DD: 0.00573
DR: 0.060342999999999994
RR: 0.09152800000000005
DD: 0.0058709999999999995
DR: 0.060170999999999995
RR: 0.092072
DD: 0.005866
DR: 0.059945
RR: 0.091634
DD: 0.005801
DR: 0.060303999999999996
RR: 0.09188099999999999
DD: 0.00582
DR: 0.060079
RR: 0.092444
DD: 0.005807
DR: 0.060645
RR: 0.092678
DD: 0.005771
DR: 0.060325
RR: 0.09343399999999999
DD: 0.005782
DR: 0.06069200000000008
RR: 0.093555
DD: 0.00571
DR: 0.061716999999999994
RR: 0.094972
DD: 0.0058909999999999995
DR: 0.06164
RR: 0.094659
DD: 0.00568
DR: 0.061729
RR: 0.09525
DD: 0.0059169999999999995
DR: 0.061703999999999995
RR: 0.095108
DD: 0.005706
DR: 0.061572999999999996
RR: 0.094609
DD: 0.005729
DR: 0.061348999999999994
RR: 0.09488400000000008
DD: 0.005809
DR: 0.061487
RR: 0.09441999999999999
DD: 0.005895
DR: 0.06082
RR: 0.092363
DD: 0.0058649999999999996
DR: 0.060714
RR: 0.091958
DD: 0.005781
DR: 0.060661
RR: 0.092055
DD: 0.005745999999999999
DR: 0.060462999999999996
RR: 0.107809
DD: 0.006372999999999999
DR: 0.064691
RR: 0.102141
DD: 0.006004
DR: 0.060833
RR: 0.098489
DD: 0.005889999999999999
DR: 0.060325
RR: 0.09758
saved to _G20.5_rmin0.001_rmax10.0_nbins30_zmin3.0zmax4.6_Lsplit4bin0_N50_Planck_MC_b10

Random catalog is not computed, do not use output
Pixels masked by MC but not already by selfunc: 109
G20.5_zmin3.0zmax4.6_Lsplit4bin1: 0.02              8973 vs 9114
/home/groups/tabel/mahlet/quaia-env/lib/python3.10/site-packages/Corrfunc/utils.py:918: UserWarning: One or more input array has non-native endianness!  A copy will be made with the correct endianness.
  warnings.warn("One or more input array has non-native endianness!  A copy will"\
DD: 0.005088
DR: 0.010412
RR: 0.00554
DD: 0.005638
DR: 0.011344
RR: 0.005352
DD: 0.005763
DR: 0.011071
RR: 0.00549
DD: 0.005621
DR: 0.011183
RR: 0.0055899999999999995
DD: 0.0056879999999999995
DR: 0.011131
RR: 0.005581
DD: 0.005744
DR: 0.011255999999999999
RR: 0.005645
DD: 0.0056949999999999995
DR: 0.011179
RR: 0.005601999999999999
DD: 0.005738
DR: 0.011281
RR: 0.0056359999999999995
DD: 0.005686
DR: 0.011198999999999999
RR: 0.005573
DD: 0.005892
DR: 0.011382
RR: 0.005709
DD: 0.00573
DR: 0.011333
RR: 0.0056289999999999995
DD: 0.005872
DR: 0.011419
RR: 0.005705
DD: 0.005796
DR: 0.011372
RR: 0.005608
DD: 0.0059
DR: 0.011386
RR: 0.00567
DD: 0.005752
DR: 0.011312
RR: 0.005595999999999999
DD: 0.005861
DR: 0.01138
RR: 0.00563
DD: 0.0057139999999999995
DR: 0.011247
RR: 0.005621
DD: 0.005843999999999999
DR: 0.011387
RR: 0.00564
DD: 0.0056879999999999995
DR: 0.011229999999999999
RR: 0.005614
DD: 0.005717
DR: 0.011233
RR: 0.005601
DD: 0.0057729999999999995
DR: 0.011233
RR: 0.00558
DD: 0.00567
DR: 0.011198999999999999
RR: 0.005569
DD: 0.005718
DR: 0.011278
RR: 0.005377
DD: 0.005821
DR: 0.011104
RR: 0.005277
DD: 0.005569
DR: 0.011137
RR: 0.005274
DD: 0.005737
DR: 0.011001
RR: 0.0055119999999999995
DD: 0.005646
DR: 0.011255999999999999
RR: 0.005425
DD: 0.005758999999999999
DR: 0.011071
RR: 0.005508
DD: 0.0058189999999999995
DR: 0.011151
RR: 0.00551
DD: 0.0055899999999999995
DR: 0.011158
RR: 0.005340999999999999
DD: 0.005731
DR: 0.011006
RR: 0.005545
DD: 0.00563
DR: 0.011252
RR: 0.005575
DD: 0.005677
DR: 0.011007
RR: 0.005332
DD: 0.005624
DR: 0.011278
RR: 0.005554
DD: 0.005686
DR: 0.011241
RR: 0.005385
DD: 0.005765999999999999
DR: 0.011368999999999999
RR: 0.00562
DD: 0.005764
DR: 0.011330999999999999
RR: 0.005594
DD: 0.0057209999999999995
DR: 0.01132
RR: 0.005586
DD: 0.0057399999999999994
DR: 0.011346
RR: 0.005601
DD: 0.005699
DR: 0.011361999999999999
RR: 0.005621
DD: 0.005699999999999999
DR: 0.011224
RR: 0.00554
DD: 0.005869999999999999
DR: 0.011216
RR: 0.00533
DD: 0.005625
DR: 0.011229999999999999
RR: 0.005572
DD: 0.005689
DR: 0.011356
RR: 0.005639
DD: 0.005683
DR: 0.011344
RR: 0.005375
DD: 0.0057599999999999995
DR: 0.011045
RR: 0.0055309999999999995
DD: 0.005605
DR: 0.01117
RR: 0.005595
DD: 0.005719
DR: 0.011012
RR: 0.005278
DD: 0.005561
DR: 0.011222
RR: 0.005337
DD: 0.005737
DR: 0.011018
RR: 0.005469
/oak/stanford/orgs/kipac/users/mahlet/quaia_bias/scripts/jackknife.py:226: RuntimeWarning: Mean of empty slice
  cf_mean = np.nanmean(cf_jackknife, axis = 0)  # is it ok to ignore nan values?
saved to _G20.5_rmin0.001_rmax10.0_nbins30_zmin3.0zmax4.6_Lsplit4bin1_N50_Planck_MC_b10

Random catalog is not computed, do not use output
Pixels masked by MC but not already by selfunc: 92
G20.5_zmin3.0zmax4.6_Lsplit4bin2: 0.01              9013 vs 9114
/home/groups/tabel/mahlet/quaia-env/lib/python3.10/site-packages/Corrfunc/utils.py:918: UserWarning: One or more input array has non-native endianness!  A copy will be made with the correct endianness.
  warnings.warn("One or more input array has non-native endianness!  A copy will"\
DD: 0.005063
DR: 0.010265
RR: 0.005222999999999999
DD: 0.005481
DR: 0.011009
RR: 0.005195
DD: 0.005431999999999999
DR: 0.011065
RR: 0.005215
DD: 0.005457
DR: 0.011033999999999999
RR: 0.0051979999999999995
DD: 0.005467
DR: 0.011014999999999999
RR: 0.0052109999999999995
DD: 0.005490999999999999
DR: 0.011054999999999999
RR: 0.005238999999999994
DD: 0.00549
DR: 0.011011
RR: 0.005246
DD: 0.005468
DR: 0.010986
RR: 0.005235
DD: 0.005513
DR: 0.011082
RR: 0.005554
DD: 0.005594
DR: 0.010782
RR: 0.005526
DD: 0.005535
DR: 0.010945
RR: 0.0053089999999999995
DD: 0.005754
DR: 0.010934
RR: 0.005516999999999999
DD: 0.005533
DR: 0.011001
RR: 0.0053549999999999995
DD: 0.005732
DR: 0.010917999999999999
RR: 0.005516999999999999
DD: 0.005503
DR: 0.011077
RR: 0.0056099999999999995
DD: 0.005627
DR: 0.010832999999999999
RR: 0.005494
DD: 0.005493
DR: 0.010938
RR: 0.005345
DD: 0.0056
DR: 0.011012
RR: 0.005473
DD: 0.005508
DR: 0.010903999999999999
RR: 0.0054069999999999995
DD: 0.005462
DR: 0.010997999999999999
RR: 0.005222999999999999
DD: 0.005451
DR: 0.011061
RR: 0.005221
DD: 0.005477999999999999
DR: 0.010969
RR: 0.005225
DD: 0.00546
DR: 0.010877
RR: 0.0054069999999999995
DD: 0.005562
DR: 0.011203
RR: 0.005304
DD: 0.0055179999999999995
DR: 0.011052
RR: 0.005245
DD: 0.005663
DR: 0.011002
RR: 0.00546
DD: 0.005680999999999999
DR: 0.010929999999999999
RR: 0.005434
DD: 0.005484999999999999
DR: 0.011099
RR: 0.005221
DD: 0.005516999999999999
DR: 0.011124
RR: 0.005311
DD: 0.005640999999999999
DR: 0.011066999999999999
RR: 0.005421
DD: 0.005588
DR: 0.011045
RR: 0.005284
DD: 0.005509
DR: 0.011059999999999999
RR: 0.005333999999999999
DD: 0.00579
DR: 0.011059999999999999
RR: 0.00549
DD: 0.0055569999999999994
DR: 0.011123
RR: 0.005324
DD: 0.005745999999999999
DR: 0.011079
RR: 0.005482
DD: 0.005595
DR: 0.011112
RR: 0.005552
DD: 0.005578
DR: 0.011162
RR: 0.005631
DD: 0.0056819999999999996
DR: 0.011148
RR: 0.005569999999999999
DD: 0.005693
DR: 0.011134999999999999
RR: 0.00536
DD: 0.0057469999999999995
DR: 0.011096
RR: 0.00534
DD: 0.00575
DR: 0.01108
RR: 0.005523
DD: 0.005781
DR: 0.011134
RR: 0.005490999999999999
DD: 0.005483
DR: 0.011044
RR: 0.0052829999999999995
DD: 0.005438
DR: 0.011108999999999999
RR: 0.005509
DD: 0.005587
DR: 0.010919
RR: 0.005435
DD: 0.0054859999999999996
DR: 0.010981
RR: 0.005255
DD: 0.005445
DR: 0.010974
RR: 0.00518
DD: 0.005519
DR: 0.010976999999999999
RR: 0.005215
DD: 0.005392999999999999
DR: 0.011068
RR: 0.0051849999999999995
DD: 0.005402
DR: 0.010959
RR: 0.0051329999999999995
/oak/stanford/orgs/kipac/users/mahlet/quaia_bias/scripts/jackknife.py:226: RuntimeWarning: Mean of empty slice
  cf_mean = np.nanmean(cf_jackknife, axis = 0)  # is it ok to ignore nan values?
saved to _G20.5_rmin0.001_rmax10.0_nbins30_zmin3.0zmax4.6_Lsplit4bin2_N50_Planck_MC_b10

Pixels masked by MC but not already by selfunc: 73
G20.5_zmin3.0zmax4.6_Lsplit4bin3: 0.01              9041 vs 9115
/home/groups/tabel/mahlet/quaia-env/lib/python3.10/site-packages/Corrfunc/utils.py:918: UserWarning: One or more input array has non-native endianness!  A copy will be made with the correct endianness.
  warnings.warn("One or more input array has non-native endianness!  A copy will"\
DD: 0.005
DR: 0.055930999999999995
RR: 0.097815
DD: 0.0054069999999999995
DR: 0.059670999999999995
RR: 0.09910300000000005
DD: 0.0053879999999999996
DR: 0.059683999999999994
RR: 0.098164
DD: 0.0055249999999999995
DR: 0.059662
RR: 0.098483
DD: 0.005490999999999999
DR: 0.059149999999999994
RR: 0.09791800000000006
DD: 0.005386999999999999
DR: 0.059648
RR: 0.097258
DD: 0.005391
DR: 0.059656
RR: 0.09730899999999999
DD: 0.0055119999999999995
DR: 0.059968999999999995
RR: 0.096632
DD: 0.005448
DR: 0.060904
RR: 0.09758499999999999
DD: 0.005399
DR: 0.060979
RR: 0.097928
DD: 0.005331
DR: 0.061019
RR: 0.102199
DD: 0.005606
DR: 0.06171100000000007
RR: 0.103086
DD: 0.005718
DR: 0.062154999999999995
RR: 0.102772
DD: 0.005742
DR: 0.061862
RR: 0.103445
DD: 0.005645
DR: 0.061752999999999995
RR: 0.103367
DD: 0.00568
DR: 0.061548
RR: 0.103326
DD: 0.005593
DR: 0.061923
RR: 0.10203799999999999
DD: 0.00551
DR: 0.061502999999999995
RR: 0.10134699999999999
DD: 0.005503999999999999
DR: 0.060150999999999996
RR: 0.09947199999999999
DD: 0.00541
DR: 0.060191999999999996
RR: 0.098978
DD: 0.005496
DR: 0.05987
RR: 0.09936500000000004
DD: 0.005467
DR: 0.059978
RR: 0.098799
DD: 0.0055049999999999995
DR: 0.06016
RR: 0.099497
DD: 0.005447
DR: 0.060201
RR: 0.09870200000000007
DD: 0.0053159999999999995
DR: 0.060133
RR: 0.099215
DD: 0.005554
DR: 0.060106
RR: 0.098744
DD: 0.005382
DR: 0.059888
RR: 0.097754
DD: 0.005412
DR: 0.059753999999999995
RR: 0.09776699999999999
DD: 0.0055839999999999996
DR: 0.059913999999999995
RR: 0.097078
DD: 0.005339
DR: 0.060302999999999995
RR: 0.092002
DD: 0.005267
DR: 0.05969000000000002
RR: 0.091649
DD: 0.005207
DR: 0.059920999999999995
RR: 0.091851
DD: 0.005349
DR: 0.059614999999999994
RR: 0.092002
DD: 0.005415
DR: 0.059606
RR: 0.09259000000000006
DD: 0.005301
DR: 0.06098
RR: 0.094029
DD: 0.005451999999999999
DR: 0.060986
RR: 0.094941
DD: 0.005265
DR: 0.061158
RR: 0.095445
DD: 0.0054139999999999995
DR: 0.060878999999999996
RR: 0.095292
DD: 0.005415
DR: 0.060870999999999995
RR: 0.095265
DD: 0.0052899999999999996
DR: 0.060974999999999994
RR: 0.095244
DD: 0.00546
DR: 0.061265999999999994
RR: 0.095034
DD: 0.00545
DR: 0.06123
RR: 0.094471
DD: 0.005392999999999999
DR: 0.060828999999999994
RR: 0.09429399999999999
DD: 0.005301
DR: 0.06122
RR: 0.09322899999999999
DD: 0.005378
DR: 0.061072999999999995
RR: 0.093026
DD: 0.0052239999999999995
DR: 0.060314
RR: 0.09200799999999999
DD: 0.00535
DR: 0.059892999999999995
RR: 0.09205000000000008
DD: 0.0053
DR: 0.059967
RR: 0.09207399999999999
DD: 0.005288999999999999
DR: 0.059953
RR: 0.097353
DD: 0.006108
DR: 0.060278
RR: 0.093487
saved to _G20.5_rmin0.001_rmax10.0_nbins30_zmin3.0zmax4.6_Lsplit4bin3_N50_Planck_MC_b10

done!
