Starting batch job

G20.5: computing wtheta in 30 bins from 0.001 to 10.0 on a log scale...

Pixels masked by MC but not already by selfunc: 0
G20.5_zmin0.0zmax1.0_Lmaxsplit4bin0: 0.86              11740 vs 81084
/home/groups/tabel/mahlet/quaia-env/lib/python3.10/site-packages/Corrfunc/utils.py:918: UserWarning: One or more input array has non-native endianness!  A copy will be made with the correct endianness.
  warnings.warn("One or more input array has non-native endianness!  A copy will"\
DD: 0.005129
DR: 0.107943
RR: 0.42042599999999997
saved to _G20.5_rmin0.001_rmax10.0_nbins30_zmin0.0zmax1.0_Lmaxsplit4bin0_Planck_MC_b60
Pixels masked by MC but not already by selfunc: 0
G20.5_zmin0.0zmax1.0_Lmaxsplit4bin1: 0.84              26064 vs 162168
/home/groups/tabel/mahlet/quaia-env/lib/python3.10/site-packages/Corrfunc/utils.py:918: UserWarning: One or more input array has non-native endianness!  A copy will be made with the correct endianness.
  warnings.warn("One or more input array has non-native endianness!  A copy will"\
DD: 0.010921
DR: 0.345792
RR: 2.415008
saved to _G20.5_rmin0.001_rmax10.0_nbins30_zmin0.0zmax1.0_Lmaxsplit4bin1_Planck_MC_b60
Pixels masked by MC but not already by selfunc: 0
G20.5_zmin0.0zmax1.0_Lmaxsplit4bin2: 0.82              44396 vs 243252
/home/groups/tabel/mahlet/quaia-env/lib/python3.10/site-packages/Corrfunc/utils.py:918: UserWarning: One or more input array has non-native endianness!  A copy will be made with the correct endianness.
  warnings.warn("One or more input array has non-native endianness!  A copy will"\
DD: 0.020356
DR: 0.741409
RR: 5.558766
saved to _G20.5_rmin0.001_rmax10.0_nbins30_zmin0.0zmax1.0_Lmaxsplit4bin2_Planck_MC_b60
Pixels masked by MC but not already by selfunc: 0
G20.5_zmin0.0zmax1.0_Lmaxsplit4bin3: 0.81              62596 vs 324336
/home/groups/tabel/mahlet/quaia-env/lib/python3.10/site-packages/Corrfunc/utils.py:918: UserWarning: One or more input array has non-native endianness!  A copy will be made with the correct endianness.
  warnings.warn("One or more input array has non-native endianness!  A copy will"\
DD: 0.030014
DR: 1.5246330000000001
RR: 11.725807
saved to _G20.5_rmin0.001_rmax10.0_nbins30_zmin0.0zmax1.0_Lmaxsplit4bin3_Planck_MC_b60
Pixels masked by MC but not already by selfunc: 0
G20.5_zmin1.0zmax2.0_Lmaxsplit4bin0: 0.85              24724 vs 162049
/home/groups/tabel/mahlet/quaia-env/lib/python3.10/site-packages/Corrfunc/utils.py:918: UserWarning: One or more input array has non-native endianness!  A copy will be made with the correct endianness.
  warnings.warn("One or more input array has non-native endianness!  A copy will"\
DD: 0.009533
DR: 0.29428099999999996
RR: 1.98445
saved to _G20.5_rmin0.001_rmax10.0_nbins30_zmin1.0zmax2.0_Lmaxsplit4bin0_Planck_MC_b60
Pixels masked by MC but not already by selfunc: 0
G20.5_zmin1.0zmax2.0_Lmaxsplit4bin1: 0.83              54297 vs 324098
/home/groups/tabel/mahlet/quaia-env/lib/python3.10/site-packages/Corrfunc/utils.py:918: UserWarning: One or more input array has non-native endianness!  A copy will be made with the correct endianness.
  warnings.warn("One or more input array has non-native endianness!  A copy will"\
DD: 0.025185
DR: 1.142372
RR: 8.895144
saved to _G20.5_rmin0.001_rmax10.0_nbins30_zmin1.0zmax2.0_Lmaxsplit4bin1_Planck_MC_b60
Pixels masked by MC but not already by selfunc: 0
G20.5_zmin1.0zmax2.0_Lmaxsplit4bin2: 0.82              89463 vs 486147
/home/groups/tabel/mahlet/quaia-env/lib/python3.10/site-packages/Corrfunc/utils.py:918: UserWarning: One or more input array has non-native endianness!  A copy will be made with the correct endianness.
  warnings.warn("One or more input array has non-native endianness!  A copy will"\
DD: 0.055942
DR: 2.43332
RR: 24.152608
saved to _G20.5_rmin0.001_rmax10.0_nbins30_zmin1.0zmax2.0_Lmaxsplit4bin2_Planck_MC_b60
Pixels masked by MC but not already by selfunc: 0
G20.5_zmin1.0zmax2.0_Lmaxsplit4bin3: 0.80              131671 vs 648196
/home/groups/tabel/mahlet/quaia-env/lib/python3.10/site-packages/Corrfunc/utils.py:918: UserWarning: One or more input array has non-native endianness!  A copy will be made with the correct endianness.
  warnings.warn("One or more input array has non-native endianness!  A copy will"\
DD: 0.114105
DR: 4.94831
RR: 52.943881
saved to _G20.5_rmin0.001_rmax10.0_nbins30_zmin1.0zmax2.0_Lmaxsplit4bin3_Planck_MC_b60
Pixels masked by MC but not already by selfunc: 0
G20.5_zmin2.0zmax3.0_Lmaxsplit4bin0: 0.84              11272 vs 71627
/home/groups/tabel/mahlet/quaia-env/lib/python3.10/site-packages/Corrfunc/utils.py:918: UserWarning: One or more input array has non-native endianness!  A copy will be made with the correct endianness.
  warnings.warn("One or more input array has non-native endianness!  A copy will"\
DD: 0.004454
DR: 0.10317
RR: 0.43232099999999996
saved to _G20.5_rmin0.001_rmax10.0_nbins30_zmin2.0zmax3.0_Lmaxsplit4bin0_Planck_MC_b60
Pixels masked by MC but not already by selfunc: 0
G20.5_zmin2.0zmax3.0_Lmaxsplit4bin1: 0.82              25144 vs 143254
/home/groups/tabel/mahlet/quaia-env/lib/python3.10/site-packages/Corrfunc/utils.py:918: UserWarning: One or more input array has non-native endianness!  A copy will be made with the correct endianness.
  warnings.warn("One or more input array has non-native endianness!  A copy will"\
DD: 0.01019
DR: 0.28279300000000007
RR: 1.797087
saved to _G20.5_rmin0.001_rmax10.0_nbins30_zmin2.0zmax3.0_Lmaxsplit4bin1_Planck_MC_b60
Pixels masked by MC but not already by selfunc: 0
G20.5_zmin2.0zmax3.0_Lmaxsplit4bin2: 0.81              41737 vs 214881
/home/groups/tabel/mahlet/quaia-env/lib/python3.10/site-packages/Corrfunc/utils.py:918: UserWarning: One or more input array has non-native endianness!  A copy will be made with the correct endianness.
  warnings.warn("One or more input array has non-native endianness!  A copy will"\
DD: 0.0173
DR: 0.7536590000000001
RR: 5.035581
saved to _G20.5_rmin0.001_rmax10.0_nbins30_zmin2.0zmax3.0_Lmaxsplit4bin2_Planck_MC_b60
Pixels masked by MC but not already by selfunc: 0
G20.5_zmin2.0zmax3.0_Lmaxsplit4bin3: 0.78              62547 vs 286508
/home/groups/tabel/mahlet/quaia-env/lib/python3.10/site-packages/Corrfunc/utils.py:918: UserWarning: One or more input array has non-native endianness!  A copy will be made with the correct endianness.
  warnings.warn("One or more input array has non-native endianness!  A copy will"\
DD: 0.029998999999999998
DR: 1.380689
RR: 11.083012
saved to _G20.5_rmin0.001_rmax10.0_nbins30_zmin2.0zmax3.0_Lmaxsplit4bin3_Planck_MC_b60
Pixels masked by MC but not already by selfunc: 0
G20.5_zmin3.0zmax4.6_Lmaxsplit4bin0: 0.82              1617 vs 9115
/home/groups/tabel/mahlet/quaia-env/lib/python3.10/site-packages/Corrfunc/utils.py:918: UserWarning: One or more input array has non-native endianness!  A copy will be made with the correct endianness.
  warnings.warn("One or more input array has non-native endianness!  A copy will"\
DD: 0.001313
DR: 0.010798
RR: 0.016943
saved to _G20.5_rmin0.001_rmax10.0_nbins30_zmin3.0zmax4.6_Lmaxsplit4bin0_Planck_MC_b60
Pixels masked by MC but not already by selfunc: 0
G20.5_zmin3.0zmax4.6_Lmaxsplit4bin1: 0.81              3513 vs 18229
/home/groups/tabel/mahlet/quaia-env/lib/python3.10/site-packages/Corrfunc/utils.py:918: UserWarning: One or more input array has non-native endianness!  A copy will be made with the correct endianness.
  warnings.warn("One or more input array has non-native endianness!  A copy will"\
DD: 0.0019089999999999999
DR: 0.022233
RR: 0.041881999999999996
saved to _G20.5_rmin0.001_rmax10.0_nbins30_zmin3.0zmax4.6_Lmaxsplit4bin1_Planck_MC_b60
Pixels masked by MC but not already by selfunc: 0
G20.5_zmin3.0zmax4.6_Lmaxsplit4bin2: 0.79              5636 vs 27343
/home/groups/tabel/mahlet/quaia-env/lib/python3.10/site-packages/Corrfunc/utils.py:918: UserWarning: One or more input array has non-native endianness!  A copy will be made with the correct endianness.
  warnings.warn("One or more input array has non-native endianness!  A copy will"\
DD: 0.002668
DR: 0.038599999999999995
RR: 0.097202
saved to _G20.5_rmin0.001_rmax10.0_nbins30_zmin3.0zmax4.6_Lmaxsplit4bin2_Planck_MC_b60
Pixels masked by MC but not already by selfunc: 0
G20.5_zmin3.0zmax4.6_Lmaxsplit4bin3: 0.77              8565 vs 36458
/home/groups/tabel/mahlet/quaia-env/lib/python3.10/site-packages/Corrfunc/utils.py:918: UserWarning: One or more input array has non-native endianness!  A copy will be made with the correct endianness.
  warnings.warn("One or more input array has non-native endianness!  A copy will"\
DD: 0.003689
DR: 0.056566
RR: 0.163953
saved to _G20.5_rmin0.001_rmax10.0_nbins30_zmin3.0zmax4.6_Lmaxsplit4bin3_Planck_MC_b60
done!
