Starting batch job

G20.5: computing wtheta in 30 bins from 0.001 to 10.0 on a log scale for 50 jackknife regions...
--L: maxsplit

z: [0.0, 1.0, 2.0, 3.0, 4.6] minmax None
L: None maxsplit 4
Pixels masked by MC but not already by selfunc: 908
G20.5_zmin0.0zmax1.0_Lmaxsplit4bin0: 0.01              80176 vs 81084
/home/groups/tabel/mahlet/quaia-env/lib/python3.10/site-packages/Corrfunc/utils.py:918: UserWarning: One or more input array has non-native endianness!  A copy will be made with the correct endianness.
  warnings.warn("One or more input array has non-native endianness!  A copy will"\
DD: 0.029937
DR: 0.972575
RR: 4.294274
DD: 0.028364999999999998
DR: 0.949971
RR: 4.2628129999999995
DD: 0.030639999999999997
DR: 0.944867
RR: 4.231256
DD: 0.028672999999999997
DR: 0.961841
RR: 4.192958
DD: 0.029060000000000086
DR: 0.94758
RR: 4.189032
DD: 0.028713
DR: 0.967996
RR: 4.294509
DD: 0.029557
DR: 0.960393
RR: 4.238414
DD: 0.02879
DR: 0.967159
RR: 4.291449
DD: 0.030475
DR: 0.947782
RR: 4.241118
DD: 0.028926999999999998
DR: 0.964654
RR: 4.293421
DD: 0.028776999999999997
DR: 0.96252
RR: 4.283279
DD: 0.027946
DR: 0.971429
RR: 4.26345
DD: 0.028170999999999998
DR: 0.9551810000000001
RR: 4.249454
DD: 0.028634
DR: 0.971377
RR: 4.333564
DD: 0.028623
DR: 0.971144
RR: 4.338559
DD: 0.029279999999999997
DR: 0.937909
RR: 4.246703
DD: 0.028591
DR: 0.96568
RR: 4.276905
DD: 0.029042000000000012
DR: 0.950198
RR: 4.2235510000000005
DD: 0.0286
DR: 0.94559
RR: 4.216047
DD: 0.027622999999999998
DR: 0.949026
RR: 4.377569
DD: 0.028999999999999998
DR: 0.956156
RR: 4.316414
DD: 0.030365
DR: 0.964869
RR: 4.27293
DD: 0.028496999999999998
DR: 0.97761
RR: 4.314503
DD: 0.028953999999999997
DR: 0.953284
RR: 4.340396
DD: 0.028515
DR: 0.965828
RR: 4.322328
DD: 0.028335
DR: 0.936296
RR: 4.167101
DD: 0.028257000000000088
DR: 0.948212
RR: 4.336795
DD: 0.028964999999999998
DR: 0.949646
RR: 4.38353
DD: 0.028600999999999998
DR: 0.959054
RR: 4.207783
DD: 0.0276
DR: 0.954146
RR: 4.160751
DD: 0.027607
DR: 0.93761
RR: 4.218831
DD: 0.028828
DR: 0.931162
RR: 4.224558
DD: 0.028561999999999997
DR: 0.951355
RR: 4.238353
DD: 0.028686999999999997
DR: 0.950263
RR: 4.358836
DD: 0.028623
DR: 0.962997
RR: 4.337877
DD: 0.028867999999999998
DR: 0.949418
RR: 4.256756
DD: 0.028453
DR: 0.941558
RR: 4.317428
DD: 0.028596999999999997
DR: 0.9415709999999999
RR: 4.331906
DD: 0.028591
DR: 0.938781
RR: 4.254326
DD: 0.028676999999999998
DR: 0.940508
RR: 4.372459
DD: 0.028600999999999998
DR: 0.960009
RR: 4.272119
DD: 0.028385999999999998
DR: 0.96001
RR: 4.37997
DD: 0.029025
DR: 0.981613
RR: 4.302432
DD: 0.027708999999999998
DR: 0.977773
RR: 4.335546
DD: 0.027622999999999998
DR: 0.991804
RR: 4.247145
DD: 0.027364
DR: 0.960786
RR: 4.253785
DD: 0.027673999999999997
DR: 0.970636
RR: 4.255866
DD: 0.027712999999999998
DR: 0.973967
RR: 4.319455
DD: 0.027469999999999998
DR: 0.955825
RR: 4.250413
DD: 0.027674999999999998
DR: 0.958088
RR: 4.308923
saved to _G20.5_rmin0.001_rmax10.0_nbins30_zmin0.0zmax1.0_Lmaxsplit4bin0_N50_Planck_MC_b0

Pixels masked by MC but not already by selfunc: 1703
G20.5_zmin0.0zmax1.0_Lmaxsplit4bin1: 0.01              160465 vs 162168
/home/groups/tabel/mahlet/quaia-env/lib/python3.10/site-packages/Corrfunc/utils.py:918: UserWarning: One or more input array has non-native endianness!  A copy will be made with the correct endianness.
  warnings.warn("One or more input array has non-native endianness!  A copy will"\
DD: 0.068141
DR: 2.56342
RR: 17.223403
DD: 0.062203999999999995
DR: 2.474686
RR: 16.861125
DD: 0.061092
DR: 2.5402810000000002
RR: 16.936776
DD: 0.066966
DR: 2.476208
RR: 16.74844
DD: 0.06512799999999999
DR: 2.501974
RR: 16.990887
DD: 0.065648
DR: 2.443461
RR: 16.664833
DD: 0.062635
DR: 2.4539239999999998
RR: 17.143549
DD: 0.06270099999999999
DR: 2.452385
RR: 16.855836
DD: 0.062983
DR: 2.519853
RR: 17.108381
DD: 0.06356200000000001
DR: 2.575671
RR: 17.410171
DD: 0.06363200000000002
DR: 2.5095650000000003
RR: 17.015694
DD: 0.062484
DR: 2.609779
RR: 17.212443
DD: 0.06572
DR: 2.4829499999999998
RR: 17.195489
DD: 0.062245999999999996
DR: 2.498059
RR: 17.166952
DD: 0.06453199999999999
DR: 2.474624
RR: 16.956974
DD: 0.064748
DR: 2.461247
RR: 16.715743
DD: 0.06458400000000009
DR: 2.43924
RR: 16.868324
DD: 0.063662
DR: 2.420383
RR: 16.775963
DD: 0.066522
DR: 2.458619
RR: 16.897445
DD: 0.06253000000000009
DR: 2.435567
RR: 16.80715
DD: 0.0619
DR: 2.454848
RR: 16.654432
DD: 0.06421199999999999
DR: 2.4321989999999998
RR: 16.678745
DD: 0.065969
DR: 2.479017
RR: 16.832096
DD: 0.066991
DR: 2.49822
RR: 16.767087
DD: 0.0654
DR: 2.457676
RR: 16.96887
DD: 0.06628099999999999
DR: 2.399092
RR: 16.684077
DD: 0.061535
DR: 2.471349
RR: 17.050821
DD: 0.067324
DR: 2.578622
RR: 17.168895
DD: 0.06324099999999999
DR: 2.387924
RR: 16.294137
DD: 0.061911999999999995
DR: 2.437242
RR: 17.104319
DD: 0.064328
DR: 2.402589
RR: 16.854202
DD: 0.062916
DR: 2.415378
RR: 16.611889
DD: 0.062297
DR: 2.415621
RR: 17.378501
DD: 0.067152
DR: 2.530665
RR: 17.405702
DD: 0.06694500000000003
DR: 2.539854
RR: 16.748737
DD: 0.063664
DR: 2.564121
RR: 16.404869
DD: 0.062445999999999995
DR: 2.411909
RR: 16.955663
DD: 0.063011
DR: 2.576654
RR: 17.60187
DD: 0.06848100000000001
DR: 2.556194
RR: 17.727485
DD: 0.063665
DR: 2.412201
RR: 17.218011
DD: 0.069095
DR: 2.569824
RR: 16.587363
DD: 0.063501
DR: 2.445939
RR: 16.890697
DD: 0.064236
DR: 2.630745
RR: 17.68996
DD: 0.068799
DR: 2.5961980000000002
RR: 17.48706
DD: 0.069113
DR: 2.508695
RR: 16.565094
DD: 0.064857
DR: 2.436374
RR: 16.438954
DD: 0.069154
DR: 2.578433
RR: 17.055779
DD: 0.063114
DR: 2.442106
RR: 16.248168
DD: 0.063613
DR: 2.480878
RR: 16.162355
DD: 0.062665
DR: 2.6739379999999997
RR: 16.823895
saved to _G20.5_rmin0.001_rmax10.0_nbins30_zmin0.0zmax1.0_Lmaxsplit4bin1_N50_Planck_MC_b0

Pixels masked by MC but not already by selfunc: 2488
G20.5_zmin0.0zmax1.0_Lmaxsplit4bin2: 0.01              240764 vs 243252
/home/groups/tabel/mahlet/quaia-env/lib/python3.10/site-packages/Corrfunc/utils.py:918: UserWarning: One or more input array has non-native endianness!  A copy will be made with the correct endianness.
  warnings.warn("One or more input array has non-native endianness!  A copy will"\
DD: 0.11749599999999999
DR: 4.994117
RR: 40.294274
DD: 0.11800899999999999
DR: 5.026699
RR: 38.790717
DD: 0.120419
DR: 5.0825
RR: 38.711996
DD: 0.11187599999999999
DR: 4.800664
RR: 40.218163
DD: 0.118783
DR: 5.049722
RR: 40.380095
DD: 0.121058
DR: 5.028199
RR: 40.176467
DD: 0.11200399999999999
DR: 4.86026
RR: 38.848793
DD: 0.111454
DR: 4.966506
RR: 38.444528
DD: 0.109914
DR: 4.872184
RR: 38.130407
DD: 0.108954
DR: 5.060773
RR: 38.476762
DD: 0.11078299999999999
DR: 4.818707
RR: 39.167639
DD: 0.115329
DR: 4.75325
RR: 38.381787
DD: 0.113326
DR: 5.092038
RR: 37.901035
DD: 0.11180600000000007
DR: 4.866323
RR: 39.268443
DD: 0.110249
DR: 4.810086
RR: 38.912666
DD: 0.11186499999999999
DR: 4.809359
RR: 38.770737
DD: 0.12079
DR: 4.757063
RR: 38.349671
DD: 0.118232
DR: 5.103253
RR: 38.797212
DD: 0.12741
DR: 5.031406
RR: 39.417397
DD: 0.11266699999999999
DR: 4.682298
RR: 39.505275
DD: 0.12179999999999999
DR: 5.151828
RR: 39.692132
DD: 0.112008
DR: 4.759312
RR: 39.856962
DD: 0.12564999999999998
DR: 5.296817
RR: 41.931579
DD: 0.12867199999999998
DR: 4.989244
RR: 38.530715
DD: 0.11111199999999999
DR: 5.4032990000000005
RR: 36.707539
DD: 0.111215
DR: 4.768003
RR: 38.262993
DD: 0.120865
DR: 5.144683
RR: 38.681789
DD: 0.12056499999999999
DR: 5.108035
RR: 38.436764
DD: 0.11082499999999999
DR: 4.725178
RR: 40.553669
DD: 0.124079
DR: 5.174105
RR: 40.778044
DD: 0.11240499999999999
DR: 4.808549
RR: 39.120907
DD: 0.110041
DR: 4.85116
RR: 41.25949
DD: 0.12248999999999999
DR: 5.2617899999999995
RR: 40.404285
DD: 0.11100099999999999
DR: 4.810176
RR: 39.152417
DD: 0.111173
DR: 4.81599
RR: 41.626425
DD: 0.12218599999999999
DR: 5.144425
RR: 41.415233
DD: 0.123205
DR: 5.23345
RR: 41.36017
DD: 0.120574
DR: 5.115922
RR: 38.220844
DD: 0.113356
DR: 4.869735
RR: 36.192517
DD: 0.11146099999999999
DR: 4.807382
RR: 41.379526
DD: 0.12061699999999999
DR: 5.13766
RR: 40.914974
DD: 0.119293
DR: 5.163505
RR: 41.157666
DD: 0.11943799999999999
DR: 5.12079
RR: 40.993347
DD: 0.121181
DR: 5.133807
RR: 40.788511
DD: 0.11827599999999999
DR: 5.130977
RR: 40.955444
DD: 0.11883900000000003
DR: 4.838696
RR: 38.815839
DD: 0.10901999999999999
DR: 4.810064
RR: 39.807699
DD: 0.120214
DR: 4.835274
RR: 38.598958
DD: 0.11666900000000002
DR: 5.078044
RR: 40.122827
DD: 0.109677
DR: 4.843561
RR: 38.186233
saved to _G20.5_rmin0.001_rmax10.0_nbins30_zmin0.0zmax1.0_Lmaxsplit4bin2_N50_Planck_MC_b0

Pixels masked by MC but not already by selfunc: 3194
G20.5_zmin0.0zmax1.0_Lmaxsplit4bin3: 0.01              321142 vs 324336
/home/groups/tabel/mahlet/quaia-env/lib/python3.10/site-packages/Corrfunc/utils.py:918: UserWarning: One or more input array has non-native endianness!  A copy will be made with the correct endianness.
  warnings.warn("One or more input array has non-native endianness!  A copy will"\
DD: 0.17606900000000003
DR: 8.579965
RR: 71.52295
DD: 0.177567
DR: 8.291437
RR: 73.133969
DD: 0.191747
DR: 8.513559
RR: 71.849285
DD: 0.179134
DR: 8.556654
RR: 73.114289
DD: 0.17224799999999998
DR: 8.340926
RR: 72.386725
DD: 0.185111
DR: 8.291938
RR: 72.374972
DD: 0.180426
DR: 8.205958
RR: 72.740312
DD: 0.173568
DR: 8.198975
RR: 73.531421
DD: 0.185022
DR: 8.492424
RR: 74.395047
DD: 0.185802
DR: 8.206627
RR: 74.445919
DD: 0.18731399999999998
DR: 8.319458
RR: 74.530817
DD: 0.18834199999999998
DR: 8.286108
RR: 73.567145
DD: 0.187248
DR: 8.532132
RR: 73.955134
DD: 0.17615999999999998
DR: 8.603941
RR: 73.994425
DD: 0.17516199999999998
DR: 8.662865
RR: 73.3634
DD: 0.175114
DR: 8.630506
RR: 73.359598
DD: 0.186657
DR: 8.324128
RR: 72.738402
DD: 0.18223799999999998
DR: 8.070411
RR: 72.159908
DD: 0.1827580000000001
DR: 8.327085
RR: 71.969183
DD: 0.18348
DR: 8.477513
RR: 72.786455
DD: 0.173071
DR: 8.497901
RR: 72.912123
DD: 0.176678
DR: 8.378551
RR: 74.607858
DD: 0.18670899999999999
DR: 8.085075
RR: 74.668865
DD: 0.186248
DR: 8.533255
RR: 74.332872
DD: 0.184444
DR: 8.48694
RR: 73.561324
DD: 0.18364899999999998
DR: 8.533189
RR: 73.854531
DD: 0.170118
DR: 8.695901
RR: 74.282976
DD: 0.18437100000000006
DR: 8.400078
RR: 74.030411
DD: 0.18556999999999998
DR: 8.64584
RR: 74.765232
DD: 0.18736899999999998
DR: 8.54657
RR: 73.840735
DD: 0.187611
DR: 8.600349
RR: 74.007145
DD: 0.173651
DR: 8.383313
RR: 75.082277
DD: 0.188075
DR: 8.426441
RR: 75.881001
DD: 0.1903100000000001
DR: 8.630853
RR: 75.65142
DD: 0.18905
DR: 8.672403
RR: 75.378483
DD: 0.19267099999999998
DR: 8.766455
RR: 76.200434
DD: 0.17983
DR: 9.005026
RR: 76.612939
DD: 0.17976400000000003
DR: 8.806882
RR: 76.746208
DD: 0.192788
DR: 8.53629
RR: 76.753557
DD: 0.18938
DR: 8.308351
RR: 76.764222
DD: 0.191138
DR: 8.7236
RR: 77.160054
DD: 0.18892699999999998
DR: 8.727971
RR: 75.807104
DD: 0.190465
DR: 8.722134
RR: 75.399961
DD: 0.189459
DR: 8.554204
RR: 74.93978
DD: 0.189632
DR: 8.39717
RR: 75.293398
DD: 0.19034299999999998
DR: 8.105728
RR: 74.891673
DD: 0.188632
DR: 8.64605
RR: 74.103693
DD: 0.18995399999999998
DR: 8.689307
RR: 73.512274
DD: 0.171298
DR: 8.087105
RR: 76.360939
DD: 0.195462
DR: 8.504659
RR: 78.279611
saved to _G20.5_rmin0.001_rmax10.0_nbins30_zmin0.0zmax1.0_Lmaxsplit4bin3_N50_Planck_MC_b0

Pixels masked by MC but not already by selfunc: 1790
G20.5_zmin1.0zmax2.0_Lmaxsplit4bin0: 0.01              160259 vs 162049
/home/groups/tabel/mahlet/quaia-env/lib/python3.10/site-packages/Corrfunc/utils.py:918: UserWarning: One or more input array has non-native endianness!  A copy will be made with the correct endianness.
  warnings.warn("One or more input array has non-native endianness!  A copy will"\
DD: 0.071277
DR: 2.590547
RR: 18.033341
DD: 0.06833199999999999
DR: 2.655439
RR: 17.792187
DD: 0.068337
DR: 2.669661
RR: 17.858757
DD: 0.06784500000000004
DR: 2.473251
RR: 17.230822
DD: 0.067905
DR: 2.690907
RR: 17.750326
DD: 0.068408
DR: 2.642307
RR: 17.687906
DD: 0.066602
DR: 2.631353
RR: 17.026399
DD: 0.069634
DR: 2.67841
RR: 17.592972
DD: 0.06898
DR: 2.67003
RR: 17.990198
DD: 0.06903100000000006
DR: 2.692673
RR: 18.08594
DD: 0.069177
DR: 2.619325
RR: 17.590262
DD: 0.06341999999999999
DR: 2.748234
RR: 18.168403
DD: 0.068272
DR: 2.696888
RR: 18.232373
DD: 0.069162
DR: 2.718871
RR: 17.377548
DD: 0.062694
DR: 2.70714
RR: 17.643768
DD: 0.06870699999999999
DR: 2.679153
RR: 18.158545
DD: 0.06870899999999999
DR: 2.703869
RR: 18.046328
DD: 0.06865200000000005
DR: 2.681463
RR: 17.127949
DD: 0.061998
DR: 2.807746
RR: 18.303612
DD: 0.068837
DR: 2.657395
RR: 17.96919
DD: 0.068603
DR: 2.7117
RR: 17.375929
DD: 0.060918999999999994
DR: 2.703531
RR: 17.459808
DD: 0.067785
DR: 2.6526899999999998
RR: 17.909189
DD: 0.069114
DR: 2.66366
RR: 17.975687
DD: 0.067673
DR: 2.672859
RR: 16.95684
DD: 0.060795999999999996
DR: 2.462878
RR: 18.206147
DD: 0.06786
DR: 2.679799
RR: 17.956805
DD: 0.06833299999999999
DR: 2.681378
RR: 17.992811
DD: 0.064593
DR: 2.479399
RR: 17.706048
DD: 0.070084
DR: 2.709008
RR: 18.013959
DD: 0.06758499999999999
DR: 2.657566
RR: 17.941551
DD: 0.06906799999999999
DR: 2.6702
RR: 17.029562
DD: 0.06969299999999999
DR: 2.505808
RR: 18.417251
DD: 0.069649
DR: 2.726835
RR: 18.002797
DD: 0.068226
DR: 2.704049
RR: 18.127009
DD: 0.068774
DR: 2.532047
RR: 17.243192
DD: 0.066782
DR: 2.700672
RR: 18.145823
DD: 0.069087
DR: 2.700295
RR: 18.201189
DD: 0.068617
DR: 2.730227
RR: 17.554547
DD: 0.061264
DR: 2.782432
RR: 17.777584
DD: 0.064832
DR: 2.61887
RR: 18.09669
DD: 0.071575
DR: 2.752393
RR: 18.526351
DD: 0.070244
DR: 2.745466
RR: 17.15862
DD: 0.061543999999999995
DR: 2.6132239999999998
RR: 18.59321
DD: 0.070209
DR: 2.753074
RR: 18.419382
DD: 0.068687
DR: 2.739402
RR: 18.062882
DD: 0.061327
DR: 2.458231
RR: 17.723969
DD: 0.07095
DR: 2.766736
RR: 18.366581
DD: 0.070161
DR: 2.746282
RR: 18.35714
DD: 0.07038799999999999
DR: 2.7632
RR: 17.282685999999998
saved to _G20.5_rmin0.001_rmax10.0_nbins30_zmin1.0zmax2.0_Lmaxsplit4bin0_N50_Planck_MC_b0

Pixels masked by MC but not already by selfunc: 3415
G20.5_zmin1.0zmax2.0_Lmaxsplit4bin1: 0.01              320683 vs 324098
/home/groups/tabel/mahlet/quaia-env/lib/python3.10/site-packages/Corrfunc/utils.py:918: UserWarning: One or more input array has non-native endianness!  A copy will be made with the correct endianness.
  warnings.warn("One or more input array has non-native endianness!  A copy will"\
DD: 0.19218
DR: 8.737728
RR: 74.724624
DD: 0.19175
DR: 8.670346
RR: 74.487914
DD: 0.193598
DR: 8.717045
RR: 74.637699
DD: 0.192575
DR: 8.724713
RR: 74.646616
DD: 0.192937
DR: 8.682187
RR: 74.522394
DD: 0.19324400000000008
DR: 8.718919
RR: 74.445085
DD: 0.19399999999999998
DR: 8.759793
RR: 74.736226
DD: 0.194983
DR: 8.794914
RR: 74.838797
DD: 0.19416699999999998
DR: 8.859178
RR: 75.458971
DD: 0.195595
DR: 8.805355
RR: 75.374633
DD: 0.194652
DR: 8.833467
RR: 75.625831
DD: 0.194654
DR: 8.855999
RR: 76.788579
DD: 0.196436
DR: 8.659578
RR: 77.342177
DD: 0.196823
DR: 8.011294
RR: 76.686065
DD: 0.192635
DR: 8.066756
RR: 76.964529
DD: 0.17055399999999998
DR: 8.614855
RR: 76.898007
DD: 0.169448
DR: 8.452077
RR: 76.584446
DD: 0.174259
DR: 8.061034
RR: 77.179504
DD: 0.20071000000000006
DR: 8.179484
RR: 76.938162
DD: 0.196182
DR: 8.316314
RR: 76.034862
DD: 0.191913
DR: 8.612109
RR: 75.16446
DD: 0.19546000000000008
DR: 8.816071
RR: 75.71577
DD: 0.171491
DR: 8.86589
RR: 75.461988
DD: 0.167374
DR: 8.949782
RR: 75.162757
DD: 0.17402300000000004
DR: 9.116085
RR: 75.356868
DD: 0.167319
DR: 8.780745
RR: 74.184599
DD: 0.169536
DR: 8.730522
RR: 74.053835
DD: 0.170336
DR: 8.622686999999999
RR: 73.91318
DD: 0.193219
DR: 8.601613
RR: 72.871831
DD: 0.1890900000000001
DR: 8.575508
RR: 74.038623
DD: 0.188046
DR: 8.595871
RR: 73.64219
DD: 0.190553
DR: 8.601475
RR: 73.492249
DD: 0.187971
DR: 8.55001
RR: 72.788459
DD: 0.171672
DR: 8.479694
RR: 71.525721
DD: 0.18856599999999998
DR: 8.328177
RR: 72.178036
DD: 0.19225399999999998
DR: 8.488834
RR: 73.01147
DD: 0.190196
DR: 8.509447
RR: 73.164439
DD: 0.175211
DR: 8.061134
RR: 74.959573
DD: 0.17158099999999998
DR: 8.857922
RR: 75.131915
DD: 0.18002800000000008
DR: 9.123441
RR: 75.047486
DD: 0.19748300000000008
DR: 8.536953
RR: 74.590449
DD: 0.19335
DR: 8.282379
RR: 74.140709
DD: 0.189335
DR: 8.552364
RR: 72.867507
DD: 0.198257
DR: 8.88687
RR: 71.697444
DD: 0.187908
DR: 8.290121
RR: 71.415176
DD: 0.19050299999999998
DR: 8.067611
RR: 72.191193
DD: 0.17599600000000004
DR: 8.876
RR: 72.653261
DD: 0.193151
DR: 8.375043
RR: 72.180522
DD: 0.193914
DR: 8.30013
RR: 73.516262
DD: 0.194076
DR: 9.160212
RR: 72.88712
saved to _G20.5_rmin0.001_rmax10.0_nbins30_zmin1.0zmax2.0_Lmaxsplit4bin1_N50_Planck_MC_b0

Pixels masked by MC but not already by selfunc: 4887
G20.5_zmin1.0zmax2.0_Lmaxsplit4bin2: 0.01              481260 vs 486147
/home/groups/tabel/mahlet/quaia-env/lib/python3.10/site-packages/Corrfunc/utils.py:918: UserWarning: One or more input array has non-native endianness!  A copy will be made with the correct endianness.
  warnings.warn("One or more input array has non-native endianness!  A copy will"\
DD: 0.37056
DR: 16.275818
RR: 172.402382
DD: 0.367919
DR: 17.969282
RR: 170.39234
DD: 0.331447
DR: 17.662299
RR: 169.389538
DD: 0.324692
DR: 17.695208
RR: 172.479453
DD: 0.366863
DR: 17.809368
RR: 173.798641
DD: 0.36399500000000007
DR: 17.338309
RR: 174.108778
DD: 0.36571
DR: 16.766684
RR: 175.149404
DD: 0.370498
DR: 16.93781
RR: 176.1063
DD: 0.371303
DR: 17.120792
RR: 176.349511
DD: 0.363265
DR: 17.177682
RR: 175.169847
DD: 0.365218
DR: 17.292146
RR: 176.920006
DD: 0.37197800000000003
DR: 17.691526
RR: 178.042917
DD: 0.375722
DR: 17.544402
RR: 175.905282
DD: 0.345366
DR: 18.224964
RR: 176.906693
DD: 0.374818
DR: 18.271022
RR: 178.309545
DD: 0.367826
DR: 18.229454
RR: 178.530171
DD: 0.368086
DR: 17.248928
RR: 175.977142
DD: 0.325907
DR: 17.678383
RR: 172.854255
DD: 0.35782800000000003
DR: 17.57253
RR: 172.094436
DD: 0.3574
DR: 17.637067
RR: 173.62888
DD: 0.366066
DR: 16.956432
RR: 175.504453
DD: 0.333984
DR: 17.361467
RR: 173.643314
DD: 0.359641
DR: 17.735851
RR: 172.755329
DD: 0.364884
DR: 17.903588
RR: 171.810128
DD: 0.354539
DR: 16.927905
RR: 170.172182
DD: 0.329964
DR: 16.763866
RR: 167.189009
DD: 0.34846900000000003
DR: 17.383575
RR: 159.925481
DD: 0.29579600000000006
DR: 15.630522
RR: 153.531556
DD: 0.351404
DR: 17.380729
RR: 138.336869
DD: 0.301932
DR: 17.383837
RR: 134.307559
DD: 0.28390299999999996
DR: 16.527927
RR: 143.874659
DD: 0.297106
DR: 15.480667
RR: 139.186156
DD: 0.3010550000000001
DR: 15.652457
RR: 141.650907
DD: 0.317087
DR: 15.651239
RR: 140.218564
DD: 0.3132710000000001
DR: 15.936349
RR: 141.467019
DD: 0.31632
DR: 14.116566
RR: 148.783357
DD: 0.301045
DR: 14.573913
RR: 138.147674
DD: 0.28405900000000006
DR: 14.289643
RR: 135.778838
DD: 0.316625
DR: 13.796119
RR: 139.313221
DD: 0.312739
DR: 16.195798
RR: 140.68337
DD: 0.314859
DR: 14.675728
RR: 138.785386
DD: 0.304828
DR: 14.275472
RR: 139.1358
DD: 0.30261099999999996
DR: 14.714059
RR: 139.423767
DD: 0.305072
DR: 16.63032
RR: 137.450868
DD: 0.309466
DR: 14.21045
RR: 138.598555
DD: 0.29903399999999997
DR: 15.311326
RR: 141.719765
DD: 0.31260499999999997
DR: 13.938425
RR: 140.474985
DD: 0.297938
DR: 15.762515
RR: 139.424333
DD: 0.301805
DR: 15.337026
RR: 139.795777
DD: 0.311869
DR: 14.44569
RR: 141.850845
saved to _G20.5_rmin0.001_rmax10.0_nbins30_zmin1.0zmax2.0_Lmaxsplit4bin2_N50_Planck_MC_b0

Pixels masked by MC but not already by selfunc: 6208
G20.5_zmin1.0zmax2.0_Lmaxsplit4bin3: 0.01              641988 vs 648196
/home/groups/tabel/mahlet/quaia-env/lib/python3.10/site-packages/Corrfunc/utils.py:918: UserWarning: One or more input array has non-native endianness!  A copy will be made with the correct endianness.
  warnings.warn("One or more input array has non-native endianness!  A copy will"\
DD: 0.518256
DR: 24.755093
RR: 256.994831
DD: 0.496723
DR: 27.245744
RR: 253.520557
DD: 0.509072
DR: 24.232918
RR: 277.188984
DD: 0.539214
DR: 30.234203
RR: 270.472315
DD: 0.509277
DR: 26.006335
RR: 285.69985
DD: 0.589127
DR: 30.024463
RR: 304.927006
DD: 0.588406
DR: 27.445891
RR: 257.085127
DD: 0.528373
DR: 26.570197
RR: 293.38131
DD: 0.5953649999999999
DR: 30.759579
RR: 313.116696
DD: 0.626501
DR: 29.813829
RR: 311.131131
DD: 0.5334270000000001
DR: 30.01732
RR: 303.28504
DD: 0.587963
DR: 29.972393
RR: 299.885351
DD: 0.595916
DR: 31.824128
RR: 321.726994
DD: 0.619441
DR: 31.137874
RR: 294.078109
DD: 0.545659
DR: 30.351536
RR: 309.992944
DD: 0.57645
DR: 29.149368
RR: 313.507879
DD: 0.617904
DR: 32.282144
RR: 327.411358
DD: 0.5607449999999999
DR: 30.418911
RR: 267.2394
DD: 0.546803
DR: 24.758351
RR: 252.559168
DD: 0.514541
DR: 24.992915
RR: 248.628079
DD: 0.533231
DR: 24.143085
RR: 244.629932
DD: 0.5459160000000001
DR: 26.144609
RR: 247.286128
DD: 0.5493509999999999
DR: 26.296007
RR: 241.935581
DD: 0.47412300000000007
DR: 24.36183
RR: 243.284181
DD: 0.537695
DR: 23.977643
RR: 247.210106
DD: 0.527501
DR: 24.623482
RR: 246.845805
DD: 0.525362
DR: 27.787598
RR: 249.370944
DD: 0.476394
DR: 28.378328
RR: 249.065208
DD: 0.548466
DR: 29.022138
RR: 246.124761
DD: 0.49793299999999996
DR: 28.787953
RR: 239.886117
DD: 0.603565
DR: 28.465234
RR: 245.278276
DD: 0.620351
DR: 24.394981
RR: 245.071975
DD: 0.642228
DR: 23.841416
RR: 243.426735
DD: 0.611352
DR: 24.87829
RR: 254.853818
DD: 0.502667
DR: 31.157869
RR: 249.394918
DD: 0.6096809999999999
DR: 31.071902
RR: 247.748094
DD: 0.6164459999999999
DR: 29.495547
RR: 248.278076
DD: 0.631731
DR: 27.660912
RR: 263.703047
DD: 0.606735
DR: 31.350935
RR: 253.074673
DD: 0.5843389999999999
DR: 31.056468
RR: 248.581582
DD: 0.599707
DR: 30.27824
RR: 252.152982
DD: 0.6154189999999999
DR: 24.039382
RR: 259.405891
DD: 0.503907
DR: 30.522047
RR: 250.745855
DD: 0.574711
DR: 31.477348
RR: 245.219992
DD: 0.63192
DR: 31.394737
RR: 244.623584
DD: 0.629596
DR: 31.977809
RR: 244.586152
DD: 0.609198
DR: 29.59028
RR: 244.276001
DD: 0.623298
DR: 26.71037
RR: 255.945238
DD: 0.524301
DR: 23.072457
RR: 238.282731
DD: 0.5203059999999999
DR: 23.41649
RR: 238.330245
saved to _G20.5_rmin0.001_rmax10.0_nbins30_zmin1.0zmax2.0_Lmaxsplit4bin3_N50_Planck_MC_b0

Pixels masked by MC but not already by selfunc: 968
G20.5_zmin2.0zmax3.0_Lmaxsplit4bin0: 0.01              70659 vs 71627
/home/groups/tabel/mahlet/quaia-env/lib/python3.10/site-packages/Corrfunc/utils.py:918: UserWarning: One or more input array has non-native endianness!  A copy will be made with the correct endianness.
  warnings.warn("One or more input array has non-native endianness!  A copy will"\
DD: 0.023018999999999998
DR: 0.761714
RR: 2.891877
DD: 0.022455
DR: 0.751348
RR: 2.844097
DD: 0.023046
DR: 0.72847
RR: 2.885246
DD: 0.022466
DR: 0.739331
RR: 2.892447
DD: 0.022626999999999998
DR: 0.770997
RR: 2.895074
DD: 0.0224
DR: 0.7762450000000001
RR: 2.832991
DD: 0.022560999999999998
DR: 0.721213
RR: 2.79849
DD: 0.023663999999999998
DR: 0.727058
RR: 2.843639
DD: 0.022921999999999998
DR: 0.769846
RR: 2.859042
DD: 0.023188
DR: 0.773758
RR: 2.92639
DD: 0.023259
DR: 0.757809
RR: 2.941653
DD: 0.023837
DR: 0.7772519999999999
RR: 3.675491
DD: 0.023909
DR: 0.7987679999999999
RR: 2.924031
DD: 0.023637
DR: 0.831596
RR: 3.0809
DD: 0.023750999999999998
DR: 0.727379
RR: 2.726036
DD: 0.022893999999999998
DR: 0.713313
RR: 3.135372
DD: 0.023593
DR: 0.8121659999999999
RR: 2.869893
DD: 0.023947
DR: 0.859864
RR: 3.960885
DD: 0.023816999999999998
DR: 0.809885
RR: 3.104986
DD: 0.023209999999999998
DR: 0.792251
RR: 2.892534
DD: 0.022749
DR: 0.779433
RR: 2.821745
DD: 0.023122999999999998
DR: 0.71498
RR: 2.863997
DD: 0.022552
DR: 0.717244
RR: 3.061857
DD: 0.022612
DR: 0.7799
RR: 2.996276
DD: 0.022764
DR: 0.782647
RR: 2.884894
DD: 0.022951
DR: 0.758297
RR: 2.737251
DD: 0.022496
DR: 0.6823699999999999
RR: 2.922428
DD: 0.022588999999999998
DR: 0.7813760000000001
RR: 2.914003
DD: 0.022607
DR: 0.774541
RR: 2.927618
DD: 0.022543999999999998
DR: 0.782501
RR: 3.419473
DD: 0.024000999999999998
DR: 0.764612
RR: 2.996494
DD: 0.022624
DR: 0.781956
RR: 3.021478
DD: 0.023
DR: 0.771474
RR: 2.857586
DD: 0.022761999999999998
DR: 0.774766
RR: 2.837181
DD: 0.022907999999999998
DR: 0.732224
RR: 2.949002
DD: 0.02298100000000003
DR: 0.7029380000000001
RR: 2.968203
DD: 0.022903
DR: 0.805434
RR: 2.915177
DD: 0.023149
DR: 0.810899
RR: 2.789147
DD: 0.023173
DR: 0.732946
RR: 2.992894
DD: 0.023171
DR: 0.735441
RR: 3.115621
DD: 0.023001
DR: 0.804569
RR: 3.066863
DD: 0.023837
DR: 0.799462
RR: 3.006693
DD: 0.022855999999999998
DR: 0.7402839999999999
RR: 2.7579190000000002
DD: 0.023589
DR: 0.741302
RR: 2.849484
DD: 0.023504999999999998
DR: 0.7423909999999999
RR: 2.784868
DD: 0.022857
DR: 0.7497560000000001
RR: 2.849969
DD: 0.023763
DR: 0.733574
RR: 2.778336
DD: 0.02360899999999999
DR: 0.735765
RR: 3.222589
DD: 0.023842
DR: 0.733025
RR: 2.78269
DD: 0.023565
DR: 0.738904
RR: 2.827353
saved to _G20.5_rmin0.001_rmax10.0_nbins30_zmin2.0zmax3.0_Lmaxsplit4bin0_N50_Planck_MC_b0

Pixels masked by MC but not already by selfunc: 1880
G20.5_zmin2.0zmax3.0_Lmaxsplit4bin1: 0.01              141374 vs 143254
/home/groups/tabel/mahlet/quaia-env/lib/python3.10/site-packages/Corrfunc/utils.py:918: UserWarning: One or more input array has non-native endianness!  A copy will be made with the correct endianness.
  warnings.warn("One or more input array has non-native endianness!  A copy will"\
DD: 0.051296999999999995
DR: 1.855901
RR: 10.562266
DD: 0.048421
DR: 1.921538
RR: 10.586522
DD: 0.048468
DR: 1.929688
RR: 10.565792
DD: 0.050655
DR: 1.939512
RR: 10.628152
DD: 0.049085
DR: 1.9340359999999999
RR: 10.565971
DD: 0.049507999999999996
DR: 1.933781
RR: 10.67922
DD: 0.051363
DR: 1.987758
RR: 10.767302
DD: 0.049576999999999996
DR: 1.957296
RR: 10.794549
DD: 0.049682
DR: 1.973495
RR: 10.884836
DD: 0.048708999999999995
DR: 1.98772
RR: 10.869218
DD: 0.049231
DR: 2.147784
RR: 10.900709
DD: 0.051733999999999995
DR: 1.963144
RR: 10.926909
DD: 0.04993100000000006
DR: 2.178526
RR: 10.956452
DD: 0.050706
DR: 1.955638
RR: 11.063713
DD: 0.051445000000000074
DR: 2.120013
RR: 10.873046
DD: 0.051449999999999996
DR: 2.070017
RR: 11.038316
DD: 0.05197700000000005
DR: 1.992255
RR: 10.779848
DD: 0.049387999999999994
DR: 1.916521
RR: 11.180042
DD: 0.050896
DR: 1.838774
RR: 10.777225
DD: 0.050289
DR: 1.849311
RR: 10.942605
DD: 0.047852
DR: 2.282095
RR: 10.723903
DD: 0.050559
DR: 1.879233
RR: 10.707351
DD: 0.048374999999999994
DR: 1.942836
RR: 10.673735
DD: 0.048628
DR: 1.914237
RR: 10.584821999999999
DD: 0.047765999999999996
DR: 1.842228
RR: 10.589914
DD: 0.04858
DR: 1.951972
RR: 10.596106
DD: 0.048229
DR: 1.9121920000000001
RR: 10.572872
DD: 0.04964
DR: 1.8363909999999999
RR: 10.490399
DD: 0.048701
DR: 1.839383
RR: 10.666313
DD: 0.04835
DR: 2.016997
RR: 10.598165
DD: 0.048146999999999995
DR: 2.067818
RR: 10.611268
DD: 0.048568
DR: 1.973782
RR: 10.753234
DD: 0.052768999999999996
DR: 2.007556
RR: 10.714769
DD: 0.048548999999999995
DR: 1.881023
RR: 10.822489
DD: 0.051114
DR: 1.913659
RR: 10.776529
DD: 0.05045500000000003
DR: 1.972683
RR: 10.741405
DD: 0.048658
DR: 1.777143
RR: 10.489184
DD: 0.050289999999999994
DR: 1.863894
RR: 10.672175
DD: 0.049071
DR: 1.92153
RR: 10.775416
DD: 0.049552
DR: 2.133455
RR: 11.345833
DD: 0.049538
DR: 2.029275
RR: 11.464075
DD: 0.049199
DR: 2.1309
RR: 11.488512
DD: 0.050589999999999996
DR: 2.175098
RR: 11.407233
DD: 0.0501
DR: 2.081887
RR: 11.32303
DD: 0.050706999999999995
DR: 2.1246869999999998
RR: 11.300959
DD: 0.048857
DR: 2.164576
RR: 11.296577
DD: 0.048902
DR: 2.172766
RR: 11.216714
DD: 0.048119999999999996
DR: 1.971672
RR: 11.082091
DD: 0.048952999999999997
DR: 1.912777
RR: 10.972688
DD: 0.050013999999999996
DR: 1.910635
RR: 11.629773
saved to _G20.5_rmin0.001_rmax10.0_nbins30_zmin2.0zmax3.0_Lmaxsplit4bin1_N50_Planck_MC_b0

Pixels masked by MC but not already by selfunc: 2777
G20.5_zmin2.0zmax3.0_Lmaxsplit4bin2: 0.01              212104 vs 214881
/home/groups/tabel/mahlet/quaia-env/lib/python3.10/site-packages/Corrfunc/utils.py:918: UserWarning: One or more input array has non-native endianness!  A copy will be made with the correct endianness.
  warnings.warn("One or more input array has non-native endianness!  A copy will"\
DD: 0.103485
DR: 4.158608
RR: 24.913407
DD: 0.083064
DR: 3.582524
RR: 24.649599
DD: 0.09352000000000005
DR: 4.0363
RR: 24.486163
DD: 0.087905
DR: 3.653638
RR: 28.98693
DD: 0.09292199999999999
DR: 4.500108
RR: 25.149483
DD: 0.09170199999999999
DR: 3.552611
RR: 29.944197
DD: 0.089139
DR: 4.701337
RR: 24.998626
DD: 0.095645
DR: 4.440498
RR: 26.524252
DD: 0.09573
DR: 4.474334
RR: 28.720639
DD: 0.085281
DR: 4.520716
RR: 25.285916
DD: 0.100161
DR: 4.679033
RR: 25.333195
DD: 0.085655
DR: 3.5157920000000003
RR: 30.694474
DD: 0.09014100000000003
DR: 4.645995
RR: 26.926223
DD: 0.09246299999999999
DR: 4.649661
RR: 25.774396
DD: 0.10177
DR: 3.942005
RR: 30.932775
DD: 0.09183999999999999
DR: 4.622297
RR: 26.487338
DD: 0.088419
DR: 4.561852
RR: 25.879334
DD: 0.095041
DR: 3.717705
RR: 30.483835
DD: 0.09354799999999999
DR: 4.682243
RR: 26.657963
DD: 0.094875
DR: 5.202717
RR: 25.522325
DD: 0.094416
DR: 3.611281
RR: 29.874693
DD: 0.10728499999999999
DR: 5.240132
RR: 26.733854
DD: 0.098643
DR: 4.670585
RR: 28.004713
DD: 0.09888799999999999
DR: 4.859042
RR: 28.986002
DD: 0.08373599999999999
DR: 4.6942
RR: 26.152666
DD: 0.086036
DR: 4.727043
RR: 24.852686
DD: 0.091914
DR: 3.605146
RR: 30.234498
DD: 0.091441
DR: 5.195368
RR: 26.414233
DD: 0.096802
DR: 5.330141
RR: 24.934749
DD: 0.089362
DR: 4.075957
RR: 29.03938
DD: 0.09734900000000002
DR: 5.218614
RR: 27.153459
DD: 0.084274
DR: 5.094294
RR: 24.744738
DD: 0.094292
DR: 4.9949770000000004
RR: 25.314403
DD: 0.098018
DR: 3.984392
RR: 30.310529
DD: 0.105029
DR: 4.769445
RR: 26.653395
DD: 0.093709
DR: 4.894543
RR: 25.291116
DD: 0.098338
DR: 3.69836
RR: 31.237464
DD: 0.096977
DR: 4.760135
RR: 26.552063
DD: 0.086919
DR: 4.577131
RR: 25.500387
DD: 0.08648
DR: 3.706722
RR: 30.473788
DD: 0.10396699999999999
DR: 3.74967
RR: 25.737116
DD: 0.09528100000000006
DR: 3.781125
RR: 27.421515
DD: 0.0896
DR: 4.103831
RR: 25.564931
DD: 0.09529
DR: 3.839787
RR: 25.713218
DD: 0.085171
DR: 3.553832
RR: 25.658738
DD: 0.084141
DR: 3.7180619999999998
RR: 26.613652
DD: 0.08777299999999999
DR: 4.026922
RR: 25.014565
DD: 0.09403
DR: 3.530931
RR: 24.763779
DD: 0.08889800000000003
DR: 4.087607
RR: 24.589608
DD: 0.10424599999999999
DR: 3.467501
RR: 24.514777
saved to _G20.5_rmin0.001_rmax10.0_nbins30_zmin2.0zmax3.0_Lmaxsplit4bin2_N50_Planck_MC_b0

Pixels masked by MC but not already by selfunc: 3576
G20.5_zmin2.0zmax3.0_Lmaxsplit4bin3: 0.01              282932 vs 286508
/home/groups/tabel/mahlet/quaia-env/lib/python3.10/site-packages/Corrfunc/utils.py:918: UserWarning: One or more input array has non-native endianness!  A copy will be made with the correct endianness.
  warnings.warn("One or more input array has non-native endianness!  A copy will"\
DD: 0.19003399999999998
DR: 7.077501
RR: 51.476966
DD: 0.139484
DR: 7.853378
RR: 48.064987
DD: 0.14142
DR: 7.975155
RR: 48.209451
DD: 0.159333
DR: 7.594412
RR: 48.856698
DD: 0.16050899999999999
DR: 7.598451
RR: 49.270041
DD: 0.131292
DR: 7.995322
RR: 48.574264
DD: 0.14166199999999998
DR: 7.594454
RR: 49.881046
DD: 0.166824
DR: 7.798068
RR: 48.964334
DD: 0.13397
DR: 7.875308
RR: 48.617553
DD: 0.169701
DR: 7.984232
RR: 48.876807
DD: 0.169546
DR: 8.057326
RR: 48.993519
DD: 0.156533
DR: 8.483884
RR: 48.963011
DD: 0.161602
DR: 7.862562
RR: 53.304927
DD: 0.179227
DR: 8.021154
RR: 49.936656
DD: 0.133316
DR: 8.306535
RR: 49.392036
DD: 0.16965
DR: 8.190659
RR: 49.806888
DD: 0.177447
DR: 7.976817
RR: 50.609754
DD: 0.15642699999999998
DR: 8.339082
RR: 48.056055
DD: 0.148549
DR: 8.344682
RR: 49.689888
DD: 0.150611
DR: 8.361858
RR: 47.957445
DD: 0.128761
DR: 8.216945
RR: 48.611925
DD: 0.137824
DR: 8.35247
RR: 49.027508
DD: 0.154169
DR: 8.116677
RR: 47.124451
DD: 0.127458
DR: 8.13502
RR: 46.477939
DD: 0.12975399999999998
DR: 6.483709
RR: 45.96204
DD: 0.1629750000000001
DR: 6.434173
RR: 46.200737
DD: 0.14368699999999998
DR: 5.965876
RR: 46.486399
DD: 0.152087
DR: 6.343632
RR: 46.576432
DD: 0.16103599999999998
DR: 6.60497
RR: 46.105213
DD: 0.154184
DR: 6.080022
RR: 46.613228
DD: 0.14273800000000003
DR: 6.777344
RR: 46.267221
DD: 0.15696
DR: 7.050269
RR: 52.604388
DD: 0.16894499999999998
DR: 5.907206
RR: 52.490569
DD: 0.15509400000000007
DR: 5.808681
RR: 52.357833
DD: 0.15417
DR: 5.812749
RR: 53.615495
DD: 0.156973
DR: 6.732384
RR: 54.980587
DD: 0.164262
DR: 5.876948
RR: 54.640473
DD: 0.160494
DR: 6.785411
RR: 55.652868
DD: 0.16619599999999998
DR: 7.033649
RR: 54.936518
DD: 0.158458
DR: 5.957847
RR: 54.968081
DD: 0.159996
DR: 6.871427
RR: 54.802773
DD: 0.15731000000000006
DR: 6.842024
RR: 54.696728
DD: 0.160571
DR: 6.528668
RR: 54.177604
DD: 0.162854
DR: 5.718104
RR: 54.638206
DD: 0.15483
DR: 7.465694
RR: 50.539585
DD: 0.154137
DR: 7.927364
RR: 49.402455
DD: 0.135054
DR: 7.389478
RR: 49.956096
DD: 0.141173
DR: 7.0856
RR: 51.459924
DD: 0.15605900000000006
DR: 6.293962
RR: 52.984339
DD: 0.155722
DR: 5.790596
RR: 52.254808
saved to _G20.5_rmin0.001_rmax10.0_nbins30_zmin2.0zmax3.0_Lmaxsplit4bin3_N50_Planck_MC_b0

Pixels masked by MC but not already by selfunc: 112
G20.5_zmin3.0zmax4.6_Lmaxsplit4bin0: 0.01              9003 vs 9115
/home/groups/tabel/mahlet/quaia-env/lib/python3.10/site-packages/Corrfunc/utils.py:918: UserWarning: One or more input array has non-native endianness!  A copy will be made with the correct endianness.
  warnings.warn("One or more input array has non-native endianness!  A copy will"\
DD: 0.007278
DR: 0.075234
RR: 0.129846
DD: 0.0071589999999999996
DR: 0.076545
RR: 0.129389
DD: 0.007056
DR: 0.08547099999999999
RR: 0.128243
DD: 0.007305
DR: 0.07597000000000009
RR: 0.127548
DD: 0.007431999999999999
DR: 0.077351
RR: 0.126796
DD: 0.0072829999999999995
DR: 0.076874
RR: 0.132527
DD: 0.008208
DR: 0.076828
RR: 0.129246
DD: 0.007342
DR: 0.07686
RR: 0.1290300000000001
DD: 0.0075829999999999995
DR: 0.07668599999999999
RR: 0.129719
DD: 0.008557
DR: 0.07807299999999999
RR: 0.129551
DD: 0.0077009999999999995
DR: 0.077225
RR: 0.128058
DD: 0.007528
DR: 0.074822
RR: 0.126217
DD: 0.008423
DR: 0.075401
RR: 0.121849
DD: 0.007525
DR: 0.07471599999999999
RR: 0.11892699999999999
DD: 0.007389
DR: 0.07452299999999999
RR: 0.11443199999999999
DD: 0.007476
DR: 0.07479
RR: 0.11245
DD: 0.007607999999999999
DR: 0.08363999999999999
RR: 0.128571
DD: 0.0077859999999999995
DR: 0.07979900000000006
RR: 0.129413
DD: 0.008836
DR: 0.07724299999999999
RR: 0.12128
DD: 0.007231
DR: 0.074833
RR: 0.12222999999999999
DD: 0.007339
DR: 0.074596
RR: 0.121595
DD: 0.007091
DR: 0.07425
RR: 0.11119699999999999
DD: 0.006979
DR: 0.074027
RR: 0.110248
DD: 0.007009
DR: 0.07389899999999999
RR: 0.11212
DD: 0.007048
DR: 0.07393899999999999
RR: 0.112868
DD: 0.00968
DR: 0.073213
RR: 0.11276599999999999
DD: 0.00716
DR: 0.073361
RR: 0.117973
DD: 0.0069889999999999996
DR: 0.072904
RR: 0.11875799999999999
DD: 0.007084999999999999
DR: 0.073028
RR: 0.120654
DD: 0.007435
DR: 0.07299200000000006
RR: 0.12063099999999999
DD: 0.007278
DR: 0.07302499999999999
RR: 0.12131199999999999
DD: 0.007186
DR: 0.079939
RR: 0.12228
DD: 0.007251
DR: 0.07392399999999999
RR: 0.12204699999999999
DD: 0.0072429999999999994
DR: 0.073943
RR: 0.12181099999999999
DD: 0.007104
DR: 0.07434099999999999
RR: 0.123276
DD: 0.00739
DR: 0.074558
RR: 0.12367099999999999
DD: 0.00794
DR: 0.07508700000000001
RR: 0.123582
DD: 0.0074259999999999994
DR: 0.074917
RR: 0.12370099999999999
DD: 0.007414
DR: 0.074367
RR: 0.12357200000000002
DD: 0.007462
DR: 0.074852
RR: 0.12393
DD: 0.007351
DR: 0.074116
RR: 0.123056
DD: 0.007332999999999999
DR: 0.07402399999999999
RR: 0.12269
DD: 0.008445
DR: 0.08138
RR: 0.12678
DD: 0.007142
DR: 0.076448
RR: 0.127263
DD: 0.0074399999999999996
DR: 0.077441
RR: 0.127331
DD: 0.007342
DR: 0.077807
RR: 0.12703200000000003
DD: 0.0072699999999999996
DR: 0.07717
RR: 0.131944
DD: 0.008860999999999999
DR: 0.077192
RR: 0.126275
DD: 0.007476999999999999
DR: 0.076726
RR: 0.12748299999999999
DD: 0.008092
DR: 0.077795
RR: 0.126857
saved to _G20.5_rmin0.001_rmax10.0_nbins30_zmin3.0zmax4.6_Lmaxsplit4bin0_N50_Planck_MC_b0

Pixels masked by MC but not already by selfunc: 221
G20.5_zmin3.0zmax4.6_Lmaxsplit4bin1: 0.01              18008 vs 18229
/home/groups/tabel/mahlet/quaia-env/lib/python3.10/site-packages/Corrfunc/utils.py:918: UserWarning: One or more input array has non-native endianness!  A copy will be made with the correct endianness.
  warnings.warn("One or more input array has non-native endianness!  A copy will"\
DD: 0.008681999999999999
DR: 0.151881
RR: 0.35280500000000004
DD: 0.009182
DR: 0.161991
RR: 0.35625700000000005
DD: 0.009394999999999999
DR: 0.160514
RR: 0.353583
DD: 0.009155
DR: 0.158114
RR: 0.34937199999999996
DD: 0.009467
DR: 0.158291
RR: 0.349018
DD: 0.009205
DR: 0.157634
RR: 0.35079899999999997
DD: 0.010459999999999999
DR: 0.161826
RR: 0.350717
DD: 0.009053
DR: 0.161769
RR: 0.36385
DD: 0.009992
DR: 0.161039
RR: 0.357006
DD: 0.009137
DR: 0.161659
RR: 0.361739
DD: 0.009713
DR: 0.16303800000000002
RR: 0.359188
DD: 0.009772999999999999
DR: 0.160339
RR: 0.351414
DD: 0.009235
DR: 0.15918
RR: 0.348132
DD: 0.009871999999999999
DR: 0.160351
RR: 0.34826199999999996
DD: 0.009167999999999999
DR: 0.157806
RR: 0.326237
DD: 0.008841
DR: 0.157436
RR: 0.327577
DD: 0.009418
DR: 0.15839999999999999
RR: 0.347789
DD: 0.009561
DR: 0.158195
RR: 0.304412
DD: 0.009101
DR: 0.15446
RR: 0.309883
DD: 0.009492
DR: 0.15670699999999999
RR: 0.3348380000000001
DD: 0.009153999999999999
DR: 0.15786899999999998
RR: 0.34358099999999997
DD: 0.009165
DR: 0.15534499999999998
RR: 0.348563
DD: 0.009441
DR: 0.156774
RR: 0.35522499999999996
DD: 0.010388
DR: 0.15795099999999998
RR: 0.352697
DD: 0.009228
DR: 0.15645699999999998
RR: 0.34587
DD: 0.009146999999999999
DR: 0.15642900000000004
RR: 0.346321
DD: 0.009444
DR: 0.155509
RR: 0.346342
DD: 0.009262
DR: 0.15656899999999999
RR: 0.347305
DD: 0.009127
DR: 0.155913
RR: 0.34674499999999997
DD: 0.00926
DR: 0.158885
RR: 0.345949
DD: 0.009342
DR: 0.158805
RR: 0.350472
DD: 0.009103
DR: 0.158263
RR: 0.34987
DD: 0.009174
DR: 0.158794
RR: 0.35115700000000005
DD: 0.008839
DR: 0.159104
RR: 0.350062
DD: 0.009293
DR: 0.159377
RR: 0.34941200000000006
DD: 0.008886
DR: 0.15939799999999998
RR: 0.35211400000000004
DD: 0.009986
DR: 0.16113
RR: 0.351132
DD: 0.008954
DR: 0.159947
RR: 0.35712
DD: 0.010033
DR: 0.162485
RR: 0.353651
DD: 0.008909
DR: 0.160218
RR: 0.35894299999999996
DD: 0.010078
DR: 0.161264
RR: 0.354168
DD: 0.008921
DR: 0.15982
RR: 0.355321
DD: 0.009847999999999999
DR: 0.160856
RR: 0.348292
DD: 0.008712
DR: 0.158578
RR: 0.35642199999999996
DD: 0.010088999999999999
DR: 0.16015400000000002
RR: 0.345205
DD: 0.008775999999999999
DR: 0.15798200000000007
RR: 0.348361
DD: 0.009783
DR: 0.15872899999999998
RR: 0.327711
DD: 0.008995
DR: 0.156754
RR: 0.323752
DD: 0.009032
DR: 0.157749
RR: 0.337607
DD: 0.009134
DR: 0.15263
RR: 0.29566900000000007
saved to _G20.5_rmin0.001_rmax10.0_nbins30_zmin3.0zmax4.6_Lmaxsplit4bin1_N50_Planck_MC_b0

Pixels masked by MC but not already by selfunc: 313
G20.5_zmin3.0zmax4.6_Lmaxsplit4bin2: 0.01              27030 vs 27343
/home/groups/tabel/mahlet/quaia-env/lib/python3.10/site-packages/Corrfunc/utils.py:918: UserWarning: One or more input array has non-native endianness!  A copy will be made with the correct endianness.
  warnings.warn("One or more input array has non-native endianness!  A copy will"\
DD: 0.010695
DR: 0.233726
RR: 0.653718
DD: 0.011837
DR: 0.248521
RR: 0.6620159999999999
DD: 0.013108
DR: 0.260175
RR: 0.681344
DD: 0.012289999999999999
DR: 0.258885
RR: 0.6654359999999999
DD: 0.012001999999999999
DR: 0.251694
RR: 0.6708149999999999
DD: 0.011703999999999999
DR: 0.2506090000000001
RR: 0.666349
DD: 0.011715999999999999
DR: 0.246436
RR: 0.6602060000000001
DD: 0.011826999999999999
DR: 0.246772
RR: 0.6525540000000001
DD: 0.011769
DR: 0.2442
RR: 0.663287
DD: 0.011751
DR: 0.246934
RR: 0.662317
DD: 0.011689999999999999
DR: 0.24657199999999999
RR: 0.665253
DD: 0.011627
DR: 0.24656999999999998
RR: 0.667045
DD: 0.012032
DR: 0.253239
RR: 0.673184
DD: 0.01171
DR: 0.25305
RR: 0.673897
DD: 0.011812
DR: 0.247556
RR: 0.662185
DD: 0.011649999999999999
DR: 0.246331
RR: 0.64554
DD: 0.011590999999999999
DR: 0.241908
RR: 0.6331869999999999
DD: 0.011548
DR: 0.23657399999999998
RR: 0.548422
DD: 0.011831999999999999
DR: 0.236244
RR: 0.6050099999999999
DD: 0.011565000000000047
DR: 0.242617
RR: 0.64017
DD: 0.011781
DR: 0.24927900000000003
RR: 0.668174
DD: 0.011665
DR: 0.249299
RR: 0.6689940000000001
DD: 0.012806
DR: 0.25576200000000004
RR: 0.674442
DD: 0.012438
DR: 0.251751
RR: 0.680022
DD: 0.012622999999999999
DR: 0.252982
RR: 0.6786490000000001
DD: 0.012248
DR: 0.252227
RR: 0.673392
DD: 0.011907000000000001
DR: 0.255784
RR: 0.676508
DD: 0.011725
DR: 0.256737
RR: 0.667259
DD: 0.011864999999999999
DR: 0.250812
RR: 0.6775639999999999
DD: 0.012376
DR: 0.252554
RR: 0.668359
DD: 0.011774999999999999
DR: 0.250073
RR: 0.668947
DD: 0.012345
DR: 0.247753
RR: 0.660798
DD: 0.011653
DR: 0.24793200000000004
RR: 0.660061
DD: 0.011781
DR: 0.251696
RR: 0.647283
DD: 0.011803
DR: 0.244178
RR: 0.685949
DD: 0.012296
DR: 0.245164
RR: 0.616439
DD: 0.011833999999999999
DR: 0.252796
RR: 0.56066
DD: 0.011956
DR: 0.24254799999999999
RR: 0.58794
DD: 0.011661999999999999
DR: 0.24816700000000003
RR: 0.658723
DD: 0.012445
DR: 0.252674
RR: 0.6772619999999999
DD: 0.012525999999999999
DR: 0.25379199999999996
RR: 0.669118
DD: 0.012528
DR: 0.247412
RR: 0.679954
DD: 0.01189
DR: 0.253705
RR: 0.681343
DD: 0.011623999999999999
DR: 0.2540300000000001
RR: 0.663851
DD: 0.011741999999999999
DR: 0.246887
RR: 0.702419
DD: 0.012614
DR: 0.251012
RR: 0.6817310000000001
DD: 0.011661999999999999
DR: 0.25331899999999996
RR: 0.6554749999999999
DD: 0.011718
DR: 0.248001
RR: 0.656493
DD: 0.01163
DR: 0.248662
RR: 0.6559929999999999
DD: 0.011604
DR: 0.251133
RR: 0.663775
saved to _G20.5_rmin0.001_rmax10.0_nbins30_zmin3.0zmax4.6_Lmaxsplit4bin2_N50_Planck_MC_b0

Pixels masked by MC but not already by selfunc: 386
G20.5_zmin3.0zmax4.6_Lmaxsplit4bin3: 0.01              36072 vs 36458
/home/groups/tabel/mahlet/quaia-env/lib/python3.10/site-packages/Corrfunc/utils.py:918: UserWarning: One or more input array has non-native endianness!  A copy will be made with the correct endianness.
  warnings.warn("One or more input array has non-native endianness!  A copy will"\
DD: 0.01324
DR: 0.339592
RR: 0.955677
DD: 0.014842
DR: 0.323311
RR: 0.910183
DD: 0.015068999999999999
DR: 0.336007
RR: 0.957261
DD: 0.014757
DR: 0.32451399999999997
RR: 0.954727
DD: 0.015130999999999999
DR: 0.342039
RR: 1.050735
DD: 0.015175999999999999
DR: 0.343948
RR: 1.109451
DD: 0.015323999999999999
DR: 0.359521
RR: 1.113035
DD: 0.015196999999999999
DR: 0.358572
RR: 1.100823
DD: 0.015323999999999999
DR: 0.356186
RR: 1.092988
DD: 0.015250999999999999
DR: 0.353522
RR: 1.097839
DD: 0.015243
DR: 0.351387
RR: 1.101594
DD: 0.015349999999999999
DR: 0.352634
RR: 1.100555
DD: 0.015323
DR: 0.35390200000000005
RR: 1.116582
DD: 0.015323999999999999
DR: 0.353997
RR: 1.110454
DD: 0.01526
DR: 0.33591099999999996
RR: 0.907477
DD: 0.015033999999999999
DR: 0.345317
RR: 1.063735
DD: 0.015035999999999999
DR: 0.33970200000000006
RR: 0.942991
DD: 0.014941999999999999
DR: 0.35216800000000004
RR: 1.086142
DD: 0.015149
DR: 0.35503599999999996
RR: 1.095995
DD: 0.015047
DR: 0.354278
RR: 1.092
DD: 0.015061
DR: 0.343549
RR: 1.08022
DD: 0.015002999999999999
DR: 0.343035
RR: 1.096565
DD: 0.015582000000000096
DR: 0.34640299999999996
RR: 1.087951
DD: 0.01513
DR: 0.348217
RR: 1.10222
DD: 0.015057
DR: 0.344614
RR: 1.096454
DD: 0.014920999999999999
DR: 0.34390299999999996
RR: 1.104921
DD: 0.015011
DR: 0.345424
RR: 1.079352
DD: 0.015021
DR: 0.33174400000000004
RR: 0.882802
DD: 0.014832999999999999
DR: 0.330064
RR: 1.024105
DD: 0.014832
DR: 0.32537099999999997
RR: 0.882496
DD: 0.01486
DR: 0.334005
RR: 1.044768
DD: 0.014992
DR: 0.34478
RR: 1.075135
DD: 0.015267
DR: 0.358576
RR: 1.124175
DD: 0.01503
DR: 0.359044
RR: 1.103915
DD: 0.015198
DR: 0.36011099999999996
RR: 1.12968
DD: 0.015349999999999999
DR: 0.35389400000000004
RR: 1.108966
DD: 0.015146999999999999
DR: 0.35308999999999996
RR: 1.137971
DD: 0.015336000000000016
DR: 0.356494
RR: 1.124681
DD: 0.015253999999999998
DR: 0.35213400000000006
RR: 1.102284
DD: 0.015262
DR: 0.35590299999999997
RR: 1.147399
DD: 0.015446999999999999
DR: 0.360581
RR: 1.01263
DD: 0.015104
DR: 0.3368110000000001
RR: 1.03096
DD: 0.015288999999999999
DR: 0.34826100000000004
RR: 0.914632
DD: 0.014910999999999999
DR: 0.348639
RR: 1.076167
DD: 0.015116999999999998
DR: 0.357965
RR: 1.1095679999999999
DD: 0.015134
DR: 0.35619600000000007
RR: 1.095157
DD: 0.015129
DR: 0.355132
RR: 1.12086
DD: 0.015082
DR: 0.347109
RR: 1.092478
DD: 0.01524
DR: 0.35559999999999997
RR: 1.117248
DD: 0.015160999999999999
DR: 0.34931600000000007
RR: 1.071755
saved to _G20.5_rmin0.001_rmax10.0_nbins30_zmin3.0zmax4.6_Lmaxsplit4bin3_N50_Planck_MC_b0

done!
