Starting batch job

G20.5: computing wtheta in 30 bins from 0.001 to 10.0 on a log scale...

Pixels masked by MC but not already by selfunc: 1175
G20.5_zsplit4bin0_Lsplit3bin0: 0.05              102498 vs 107932
/home/groups/tabel/mahlet/quaia-env/lib/python3.10/site-packages/Corrfunc/utils.py:918: UserWarning: One or more input array has non-native endianness!  A copy will be made with the correct endianness.
  warnings.warn("One or more input array has non-native endianness!  A copy will"\
DD: 0.059962999999999995
DR: 1.26508
RR: 7.501697
saved to _G20.5_rmin0.001_rmax10.0_nbins30_zsplit4bin0_Lsplit3bin0_Planck_MC_b10
Pixels masked by MC but not already by selfunc: 1051
G20.5_zsplit4bin0_Lsplit3bin1: 0.02              105762 vs 107931
/home/groups/tabel/mahlet/quaia-env/lib/python3.10/site-packages/Corrfunc/utils.py:918: UserWarning: One or more input array has non-native endianness!  A copy will be made with the correct endianness.
  warnings.warn("One or more input array has non-native endianness!  A copy will"\
DD: 0.036265
DR: 1.4196819999999999
RR: 7.608346
saved to _G20.5_rmin0.001_rmax10.0_nbins30_zsplit4bin0_Lsplit3bin1_Planck_MC_b10
Pixels masked by MC but not already by selfunc: 965
G20.5_zsplit4bin0_Lsplit3bin2: 0.02              106275 vs 107932
/home/groups/tabel/mahlet/quaia-env/lib/python3.10/site-packages/Corrfunc/utils.py:918: UserWarning: One or more input array has non-native endianness!  A copy will be made with the correct endianness.
  warnings.warn("One or more input array has non-native endianness!  A copy will"\
DD: 0.042245
DR: 1.422253
RR: 8.622121
saved to _G20.5_rmin0.001_rmax10.0_nbins30_zsplit4bin0_Lsplit3bin2_Planck_MC_b10
Pixels masked by MC but not already by selfunc: 1138
G20.5_zsplit4bin1_Lsplit3bin0: 0.04              103769 vs 107983
/home/groups/tabel/mahlet/quaia-env/lib/python3.10/site-packages/Corrfunc/utils.py:918: UserWarning: One or more input array has non-native endianness!  A copy will be made with the correct endianness.
  warnings.warn("One or more input array has non-native endianness!  A copy will"\
DD: 0.037318
DR: 1.297027
RR: 7.584202
saved to _G20.5_rmin0.001_rmax10.0_nbins30_zsplit4bin1_Lsplit3bin0_Planck_MC_b10
Pixels masked by MC but not already by selfunc: 1081
G20.5_zsplit4bin1_Lsplit3bin1: 0.02              105980 vs 107983
/home/groups/tabel/mahlet/quaia-env/lib/python3.10/site-packages/Corrfunc/utils.py:918: UserWarning: One or more input array has non-native endianness!  A copy will be made with the correct endianness.
  warnings.warn("One or more input array has non-native endianness!  A copy will"\
DD: 0.041233000000000075
DR: 1.4065379999999998
RR: 7.557406
saved to _G20.5_rmin0.001_rmax10.0_nbins30_zsplit4bin1_Lsplit3bin1_Planck_MC_b10
Pixels masked by MC but not already by selfunc: 876
G20.5_zsplit4bin1_Lsplit3bin2: 0.01              106883 vs 107983
/home/groups/tabel/mahlet/quaia-env/lib/python3.10/site-packages/Corrfunc/utils.py:918: UserWarning: One or more input array has non-native endianness!  A copy will be made with the correct endianness.
  warnings.warn("One or more input array has non-native endianness!  A copy will"\
DD: 0.051101
DR: 1.519583
RR: 9.330386
saved to _G20.5_rmin0.001_rmax10.0_nbins30_zsplit4bin1_Lsplit3bin2_Planck_MC_b10
Pixels masked by MC but not already by selfunc: 1188
G20.5_zsplit4bin2_Lsplit3bin0: 0.03              104307 vs 107936
/home/groups/tabel/mahlet/quaia-env/lib/python3.10/site-packages/Corrfunc/utils.py:918: UserWarning: One or more input array has non-native endianness!  A copy will be made with the correct endianness.
  warnings.warn("One or more input array has non-native endianness!  A copy will"\
DD: 0.038805
DR: 1.340269
RR: 7.631353
saved to _G20.5_rmin0.001_rmax10.0_nbins30_zsplit4bin2_Lsplit3bin0_Planck_MC_b10
Pixels masked by MC but not already by selfunc: 1105
G20.5_zsplit4bin2_Lsplit3bin1: 0.02              106218 vs 107936
/home/groups/tabel/mahlet/quaia-env/lib/python3.10/site-packages/Corrfunc/utils.py:918: UserWarning: One or more input array has non-native endianness!  A copy will be made with the correct endianness.
  warnings.warn("One or more input array has non-native endianness!  A copy will"\
DD: 0.041256
DR: 1.4227910000000001
RR: 8.395964
saved to _G20.5_rmin0.001_rmax10.0_nbins30_zsplit4bin2_Lsplit3bin1_Planck_MC_b10
Pixels masked by MC but not already by selfunc: 815
G20.5_zsplit4bin2_Lsplit3bin2: 0.01              106966 vs 107936
/home/groups/tabel/mahlet/quaia-env/lib/python3.10/site-packages/Corrfunc/utils.py:918: UserWarning: One or more input array has non-native endianness!  A copy will be made with the correct endianness.
  warnings.warn("One or more input array has non-native endianness!  A copy will"\
DD: 0.038475999999999996
DR: 1.350568
RR: 8.752746
saved to _G20.5_rmin0.001_rmax10.0_nbins30_zsplit4bin2_Lsplit3bin2_Planck_MC_b10
Pixels masked by MC but not already by selfunc: 1391
G20.5_zsplit4bin3_Lsplit3bin0: 0.03              104722 vs 107983
/home/groups/tabel/mahlet/quaia-env/lib/python3.10/site-packages/Corrfunc/utils.py:918: UserWarning: One or more input array has non-native endianness!  A copy will be made with the correct endianness.
  warnings.warn("One or more input array has non-native endianness!  A copy will"\
DD: 0.037072
DR: 1.265795
RR: 7.513236
saved to _G20.5_rmin0.001_rmax10.0_nbins30_zsplit4bin3_Lsplit3bin0_Planck_MC_b10
Pixels masked by MC but not already by selfunc: 1325
G20.5_zsplit4bin3_Lsplit3bin1: 0.02              106145 vs 107983
/home/groups/tabel/mahlet/quaia-env/lib/python3.10/site-packages/Corrfunc/utils.py:918: UserWarning: One or more input array has non-native endianness!  A copy will be made with the correct endianness.
  warnings.warn("One or more input array has non-native endianness!  A copy will"\
DD: 0.039723999999999995
DR: 1.37626
RR: 8.51653
saved to _G20.5_rmin0.001_rmax10.0_nbins30_zsplit4bin3_Lsplit3bin1_Planck_MC_b10
Random catalog is not computed, do not use output
Pixels masked by MC but not already by selfunc: 1254
G20.5_zsplit4bin3_Lsplit3bin2: 0.01              106600 vs 107984
/home/groups/tabel/mahlet/quaia-env/lib/python3.10/site-packages/Corrfunc/utils.py:918: UserWarning: One or more input array has non-native endianness!  A copy will be made with the correct endianness.
  warnings.warn("One or more input array has non-native endianness!  A copy will"\
DD: 0.043442999999999996
DR: 0.08899299999999999
RR: 0.044784
saved to _G20.5_rmin0.001_rmax10.0_nbins30_zsplit4bin3_Lsplit3bin2_Planck_MC_b10
done!
