Starting batch job

G20.5: computing wtheta in 10 bins from 0.1 to 25.0 on a log scale...

Pixels masked by MC but not already by selfunc: 3194
G20.5_zmin0.0zmax1.0_Lmax-20.0: 0.01              321142 vs 324336
[Warning] The CPU supports AVX512F but the compiler does not.  Can you try another compiler?
/home/groups/tabel/mahlet/quaia-env/lib/python3.10/site-packages/Corrfunc/utils.py:918: UserWarning: One or more input array has non-native endianness!  A copy will be made with the correct endianness.
  warnings.warn("One or more input array has non-native endianness!  A copy will"\
DD: 0.46921799999999997
DR: 26.152991
RR: 291.129935
saved to _G20.5_rmin0.1_rmax25.0_nbins10_zmin0.0zmax1.0_Lmax-20.0_Planck_MC_b0
Pixels masked by MC but not already by selfunc: 633
G20.5_zmin0.0zmax1.0_Lmax-25.0: 0.01              54628 vs 55261
/home/groups/tabel/mahlet/quaia-env/lib/python3.10/site-packages/Corrfunc/utils.py:918: UserWarning: One or more input array has non-native endianness!  A copy will be made with the correct endianness.
  warnings.warn("One or more input array has non-native endianness!  A copy will"\
DD: 0.021488
DR: 0.846368
RR: 6.154308
saved to _G20.5_rmin0.1_rmax25.0_nbins10_zmin0.0zmax1.0_Lmax-25.0_Planck_MC_b0
Pixels masked by MC but not already by selfunc: 161
G20.5_zmin0.0zmax1.0_Lmax-26.0: 0.01              12396 vs 12557
/home/groups/tabel/mahlet/quaia-env/lib/python3.10/site-packages/Corrfunc/utils.py:918: UserWarning: One or more input array has non-native endianness!  A copy will be made with the correct endianness.
  warnings.warn("One or more input array has non-native endianness!  A copy will"\
DD: 0.004293
DR: 0.100533
RR: 0.373535
saved to _G20.5_rmin0.1_rmax25.0_nbins10_zmin0.0zmax1.0_Lmax-26.0_Planck_MC_b0
Pixels masked by MC but not already by selfunc: 47
G20.5_zmin0.0zmax1.0_Lmax-27.0: 0.02              1875 vs 1922
/home/groups/tabel/mahlet/quaia-env/lib/python3.10/site-packages/Corrfunc/utils.py:918: UserWarning: One or more input array has non-native endianness!  A copy will be made with the correct endianness.
  warnings.warn("One or more input array has non-native endianness!  A copy will"\
DD: 0.001204
DR: 0.012203
RR: 0.021061999999999997
saved to _G20.5_rmin0.1_rmax25.0_nbins10_zmin0.0zmax1.0_Lmax-27.0_Planck_MC_b0
Pixels masked by MC but not already by selfunc: 6208
G20.5_zmin1.0zmax2.0_Lmax-20.0: 0.01              641988 vs 648196
/home/groups/tabel/mahlet/quaia-env/lib/python3.10/site-packages/Corrfunc/utils.py:918: UserWarning: One or more input array has non-native endianness!  A copy will be made with the correct endianness.
  warnings.warn("One or more input array has non-native endianness!  A copy will"\
DD: 1.581545
DR: 102.288595
RR: 1298.500304
saved to _G20.5_rmin0.1_rmax25.0_nbins10_zmin1.0zmax2.0_Lmax-20.0_Planck_MC_b0
Pixels masked by MC but not already by selfunc: 5036
G20.5_zmin1.0zmax2.0_Lmax-25.0: 0.01              497206 vs 502242
/home/groups/tabel/mahlet/quaia-env/lib/python3.10/site-packages/Corrfunc/utils.py:918: UserWarning: One or more input array has non-native endianness!  A copy will be made with the correct endianness.
  warnings.warn("One or more input array has non-native endianness!  A copy will"\
DD: 0.995072
DR: 62.236203
RR: 733.162486
saved to _G20.5_rmin0.1_rmax25.0_nbins10_zmin1.0zmax2.0_Lmax-25.0_Planck_MC_b0
Pixels masked by MC but not already by selfunc: 2041
G20.5_zmin1.0zmax2.0_Lmax-26.0: 0.01              183093 vs 185134
/home/groups/tabel/mahlet/quaia-env/lib/python3.10/site-packages/Corrfunc/utils.py:918: UserWarning: One or more input array has non-native endianness!  A copy will be made with the correct endianness.
  warnings.warn("One or more input array has non-native endianness!  A copy will"\
DD: 0.15500899999999998
DR: 8.090475
RR: 85.81162
saved to _G20.5_rmin0.1_rmax25.0_nbins10_zmin1.0zmax2.0_Lmax-26.0_Planck_MC_b0
Pixels masked by MC but not already by selfunc: 468
G20.5_zmin1.0zmax2.0_Lmax-27.0: 0.01              38289 vs 38757
/home/groups/tabel/mahlet/quaia-env/lib/python3.10/site-packages/Corrfunc/utils.py:918: UserWarning: One or more input array has non-native endianness!  A copy will be made with the correct endianness.
  warnings.warn("One or more input array has non-native endianness!  A copy will"\
DD: 0.013781999999999999
DR: 0.519793
RR: 3.133005
saved to _G20.5_rmin0.1_rmax25.0_nbins10_zmin1.0zmax2.0_Lmax-27.0_Planck_MC_b0
Pixels masked by MC but not already by selfunc: 3576
G20.5_zmin2.0zmax3.0_Lmax-20.0: 0.01              282932 vs 286508
/home/groups/tabel/mahlet/quaia-env/lib/python3.10/site-packages/Corrfunc/utils.py:918: UserWarning: One or more input array has non-native endianness!  A copy will be made with the correct endianness.
  warnings.warn("One or more input array has non-native endianness!  A copy will"\
DD: 0.3828440000000001
DR: 22.535151
RR: 246.598291
saved to _G20.5_rmin0.1_rmax25.0_nbins10_zmin2.0zmax3.0_Lmax-20.0_Planck_MC_b0
Pixels masked by MC but not already by selfunc: 3576
G20.5_zmin2.0zmax3.0_Lmax-25.0: 0.01              282932 vs 286508
/home/groups/tabel/mahlet/quaia-env/lib/python3.10/site-packages/Corrfunc/utils.py:918: UserWarning: One or more input array has non-native endianness!  A copy will be made with the correct endianness.
  warnings.warn("One or more input array has non-native endianness!  A copy will"\
DD: 0.36334500000000003
DR: 21.553112
RR: 241.870929
saved to _G20.5_rmin0.1_rmax25.0_nbins10_zmin2.0zmax3.0_Lmax-25.0_Planck_MC_b0
Pixels masked by MC but not already by selfunc: 3357
G20.5_zmin2.0zmax3.0_Lmax-26.0: 0.01              256398 vs 259755
/home/groups/tabel/mahlet/quaia-env/lib/python3.10/site-packages/Corrfunc/utils.py:918: UserWarning: One or more input array has non-native endianness!  A copy will be made with the correct endianness.
  warnings.warn("One or more input array has non-native endianness!  A copy will"\
DD: 0.30286399999999997
DR: 17.129475
RR: 189.209598
saved to _G20.5_rmin0.1_rmax25.0_nbins10_zmin2.0zmax3.0_Lmax-26.0_Planck_MC_b0
Pixels masked by MC but not already by selfunc: 1333
G20.5_zmin2.0zmax3.0_Lmax-27.0: 0.01              101790 vs 103123
/home/groups/tabel/mahlet/quaia-env/lib/python3.10/site-packages/Corrfunc/utils.py:918: UserWarning: One or more input array has non-native endianness!  A copy will be made with the correct endianness.
  warnings.warn("One or more input array has non-native endianness!  A copy will"\
DD: 0.056832
DR: 2.654747
RR: 24.474295
saved to _G20.5_rmin0.1_rmax25.0_nbins10_zmin2.0zmax3.0_Lmax-27.0_Planck_MC_b0
Pixels masked by MC but not already by selfunc: 386
G20.5_zmin3.0zmax4.6_Lmax-20.0: 0.01              36072 vs 36458
/home/groups/tabel/mahlet/quaia-env/lib/python3.10/site-packages/Corrfunc/utils.py:918: UserWarning: One or more input array has non-native endianness!  A copy will be made with the correct endianness.
  warnings.warn("One or more input array has non-native endianness!  A copy will"\
DD: 0.024879
DR: 0.512822
RR: 2.975854
saved to _G20.5_rmin0.1_rmax25.0_nbins10_zmin3.0zmax4.6_Lmax-20.0_Planck_MC_b0
Pixels masked by MC but not already by selfunc: 386
G20.5_zmin3.0zmax4.6_Lmax-25.0: 0.01              36072 vs 36458
/home/groups/tabel/mahlet/quaia-env/lib/python3.10/site-packages/Corrfunc/utils.py:918: UserWarning: One or more input array has non-native endianness!  A copy will be made with the correct endianness.
  warnings.warn("One or more input array has non-native endianness!  A copy will"\
DD: 0.013732
DR: 0.484538
RR: 2.929819
saved to _G20.5_rmin0.1_rmax25.0_nbins10_zmin3.0zmax4.6_Lmax-25.0_Planck_MC_b0
Pixels masked by MC but not already by selfunc: 386
G20.5_zmin3.0zmax4.6_Lmax-26.0: 0.01              36072 vs 36458
/home/groups/tabel/mahlet/quaia-env/lib/python3.10/site-packages/Corrfunc/utils.py:918: UserWarning: One or more input array has non-native endianness!  A copy will be made with the correct endianness.
  warnings.warn("One or more input array has non-native endianness!  A copy will"\
DD: 0.013810999999999999
DR: 0.49140800000000007
RR: 2.989157
saved to _G20.5_rmin0.1_rmax25.0_nbins10_zmin3.0zmax4.6_Lmax-26.0_Planck_MC_b0
Pixels masked by MC but not already by selfunc: 325
G20.5_zmin3.0zmax4.6_Lmax-27.0: 0.01              28656 vs 28981
/home/groups/tabel/mahlet/quaia-env/lib/python3.10/site-packages/Corrfunc/utils.py:918: UserWarning: One or more input array has non-native endianness!  A copy will be made with the correct endianness.
  warnings.warn("One or more input array has non-native endianness!  A copy will"\
DD: 0.009937999999999999
DR: 0.3330930000000001
RR: 1.805491
saved to _G20.5_rmin0.1_rmax25.0_nbins10_zmin3.0zmax4.6_Lmax-27.0_Planck_MC_b0
done!
