Starting batch job

G20.5: computing wtheta in 30 bins from 0.001 to 10.0 on a log scale for 50 jackknife regions...
--L: split

z: None split 4
L: None split 4
Pixels masked by MC but not already by selfunc: 693
G20.5_zsplit4bin0_Lsplit4bin0: 0.44              45206 vs 80949
[Warning] The CPU supports AVX512F but the compiler does not.  Can you try another compiler?
/home/groups/tabel/mahlet/quaia-env/lib/python3.10/site-packages/Corrfunc/utils.py:918: UserWarning: One or more input array has non-native endianness!  A copy will be made with the correct endianness.
  warnings.warn("One or more input array has non-native endianness!  A copy will"\
DD: 0.015028
DR: 0.4018
RR: 1.471106
DD: 0.01456
DR: 0.407192
RR: 1.46939
DD: 0.014981999999999999
DR: 0.39922799999999997
RR: 1.477282
DD: 0.014846999999999999
DR: 0.399934
RR: 1.471292
DD: 0.016534999999999998
DR: 0.401352
RR: 1.493346
DD: 0.016082
DR: 0.401688
RR: 1.47342
DD: 0.014539
DR: 0.40264099999999997
RR: 1.4848400000000002
DD: 0.016347999999999998
DR: 0.401103
RR: 1.474447
DD: 0.014622999999999999
DR: 0.40619099999999997
RR: 1.511409
DD: 0.016420999999999998
DR: 0.41144500000000006
RR: 1.534001
DD: 0.015026
DR: 0.412128
RR: 1.596797
DD: 0.015064
DR: 0.41414199999999995
RR: 1.529394
DD: 0.014939
DR: 0.4185960000000001
RR: 1.568249
DD: 0.016686
DR: 0.415413
RR: 1.626447
DD: 0.015021999999999999
DR: 0.420099
RR: 1.633213
DD: 0.015198
DR: 0.428206
RR: 1.5939
DD: 0.014877
DR: 0.41585700000000003
RR: 1.542417
DD: 0.014889
DR: 0.40956699999999996
RR: 1.524847
DD: 0.016322
DR: 0.4096810000000001
RR: 1.507111
DD: 0.014924999999999999
DR: 0.404692
RR: 1.4997289999999999
DD: 0.014714999999999999
DR: 0.40113600000000005
RR: 1.52417
DD: 0.014735999999999999
DR: 0.404279
RR: 1.50119
DD: 0.014386
DR: 0.39827199999999996
RR: 1.4817719999999999
DD: 0.014523999999999999
DR: 0.40398500000000004
RR: 1.5191970000000001
DD: 0.014554
DR: 0.40351499999999996
RR: 1.543242
DD: 0.014639
DR: 0.402664
RR: 1.4823300000000001
DD: 0.014438
DR: 0.403392
RR: 1.485644
DD: 0.014424999999999999
DR: 0.40417800000000004
RR: 1.485741
DD: 0.014972
DR: 0.403977
RR: 1.470577
DD: 0.01443
DR: 0.402526
RR: 1.490413
DD: 0.01448
DR: 0.406189
RR: 1.492219
DD: 0.014601
DR: 0.402338
RR: 1.4962840000000002
DD: 0.014740999999999999
DR: 0.406613
RR: 1.489906
DD: 0.014778000000000069
DR: 0.40007299999999996
RR: 1.4830459999999999
DD: 0.014809
DR: 0.406462
RR: 1.505675
DD: 0.014868
DR: 0.413589
RR: 1.529501
DD: 0.014936
DR: 0.417027
RR: 1.541318
DD: 0.015262
DR: 0.4150400000000001
RR: 1.5600209999999999
DD: 0.015207
DR: 0.41825199999999996
RR: 1.556185
DD: 0.015031
DR: 0.419156
RR: 1.5618530000000002
DD: 0.015
DR: 0.417732
RR: 1.55702
DD: 0.015101999999999999
DR: 0.41464999999999996
RR: 1.550002
DD: 0.01663
DR: 0.409212
RR: 1.522582
DD: 0.014728999999999999
DR: 0.411441
RR: 1.512589
DD: 0.014608
DR: 0.404229
RR: 1.491786
DD: 0.014528999999999999
DR: 0.40558000000000005
RR: 1.482857
DD: 0.014492999999999999
DR: 0.407493
RR: 1.510846
DD: 0.014544
DR: 0.4026080000000001
RR: 1.4982950000000002
DD: 0.014476999999999999
DR: 0.399265
RR: 1.55379
DD: 0.014598
DR: 0.402696
RR: 1.506488
saved to _G20.5_rmin0.001_rmax10.0_nbins30_zsplit4bin0_Lsplit4bin0_N50_Planck_MC_b30

Pixels masked by MC but not already by selfunc: 622
G20.5_zsplit4bin0_Lsplit4bin1: 0.34              53204 vs 80948
/home/groups/tabel/mahlet/quaia-env/lib/python3.10/site-packages/Corrfunc/utils.py:918: UserWarning: One or more input array has non-native endianness!  A copy will be made with the correct endianness.
  warnings.warn("One or more input array has non-native endianness!  A copy will"\
DD: 0.016663999999999998
DR: 0.465198
RR: 1.802994
DD: 0.016859
DR: 0.46971799999999997
RR: 1.7825980000000001
DD: 0.016828
DR: 0.462443
RR: 1.76614
DD: 0.016841
DR: 0.468358
RR: 1.77949
DD: 0.016845
DR: 0.468653
RR: 1.786273
DD: 0.016798999999999998
DR: 0.465829
RR: 1.768396
DD: 0.016849
DR: 0.47187799999999996
RR: 1.811907
DD: 0.016836
DR: 0.467176
RR: 1.8626179999999999
DD: 0.016888
DR: 0.477135
RR: 1.828355
DD: 0.016804
DR: 0.47031399999999995
RR: 1.853282
DD: 0.016902999999999998
DR: 0.47994
RR: 1.834396
DD: 0.019053999999999998
DR: 0.47879299999999997
RR: 1.862444
DD: 0.017263999999999998
DR: 0.493314
RR: 1.894094
DD: 0.017457999999999998
DR: 0.48886300000000005
RR: 1.921526
DD: 0.017461
DR: 0.48818700000000004
RR: 1.877307
DD: 0.017527
DR: 0.48068600000000006
RR: 1.920611
DD: 0.017152
DR: 0.485409
RR: 1.842881
DD: 0.017332999999999998
DR: 0.47428699999999996
RR: 1.817744
DD: 0.016821
DR: 0.466966
RR: 1.786657
DD: 0.016746
DR: 0.463119
RR: 1.785892
DD: 0.016895
DR: 0.464199
RR: 1.7707950000000001
DD: 0.016708999999999998
DR: 0.46226500000000004
RR: 1.762024
DD: 0.016727
DR: 0.461788
RR: 1.7558150000000001
DD: 0.016669
DR: 0.457507
RR: 1.74769
DD: 0.016846
DR: 0.468742
RR: 1.758983
DD: 0.017024
DR: 0.46741900000000003
RR: 1.760523
DD: 0.016843999999999998
DR: 0.46756200000000003
RR: 1.752376
DD: 0.017157
DR: 0.462638
RR: 1.779849
DD: 0.01695
DR: 0.4723780000000001
RR: 1.778031
DD: 0.016833
DR: 0.473719
RR: 1.788049
DD: 0.016862
DR: 0.472341
RR: 1.794717
DD: 0.016722
DR: 0.471447
RR: 1.823057
DD: 0.016971999999999998
DR: 0.47416100000000005
RR: 1.806965
DD: 0.018663
DR: 0.47578200000000004
RR: 1.798368
DD: 0.01695
DR: 0.487815
RR: 1.794746
DD: 0.017173
DR: 0.474881
RR: 1.837237
DD: 0.017345
DR: 0.47921
RR: 1.881599
DD: 0.017129
DR: 0.4864740000000001
RR: 1.88372
DD: 0.017398999999999998
DR: 0.48259799999999997
RR: 1.961175
DD: 0.017549
DR: 0.486042
RR: 1.888537
DD: 0.017256
DR: 0.48259799999999997
RR: 1.868112
DD: 0.017362
DR: 0.479962
RR: 1.865405
DD: 0.017058
DR: 0.478749
RR: 1.830734
DD: 0.016853
DR: 0.471447
RR: 1.839576
DD: 0.016767999999999998
DR: 0.467283
RR: 1.80446
DD: 0.016909
DR: 0.466336
RR: 1.78785
DD: 0.016755000000000075
DR: 0.46814799999999995
RR: 1.79576
DD: 0.016725
DR: 0.469641
RR: 1.796403
DD: 0.016808999999999998
DR: 0.46607299999999996
RR: 1.834523
DD: 0.016921
DR: 0.46657299999999996
RR: 1.769165
saved to _G20.5_rmin0.001_rmax10.0_nbins30_zsplit4bin0_Lsplit4bin1_N50_Planck_MC_b30

Pixels masked by MC but not already by selfunc: 595
G20.5_zsplit4bin0_Lsplit4bin2: 0.27              59428 vs 80949
/home/groups/tabel/mahlet/quaia-env/lib/python3.10/site-packages/Corrfunc/utils.py:918: UserWarning: One or more input array has non-native endianness!  A copy will be made with the correct endianness.
  warnings.warn("One or more input array has non-native endianness!  A copy will"\
DD: 0.019031
DR: 0.526327
RR: 2.078691
DD: 0.019001999999999998
DR: 0.5275270000000001
RR: 2.070789
DD: 0.020779
DR: 0.52721
RR: 2.075522
DD: 0.019173
DR: 0.528212
RR: 2.0773099999999998
DD: 0.019146
DR: 0.529172
RR: 2.080863
DD: 0.019041
DR: 0.530648
RR: 2.090176
DD: 0.019249
DR: 0.5300619999999999
RR: 2.101942
DD: 0.019184
DR: 0.531969
RR: 2.102367
DD: 0.01927
DR: 0.53509
RR: 2.117077
DD: 0.019148
DR: 0.5398940000000001
RR: 2.132359
DD: 0.019364
DR: 0.5404129999999999
RR: 2.146658
DD: 0.019653
DR: 0.547031
RR: 2.17363
DD: 0.019660999999999998
DR: 0.5508529999999999
RR: 2.189587
DD: 0.019726
DR: 0.550575
RR: 2.188765
DD: 0.019750999999999998
DR: 0.551033
RR: 2.189615
DD: 0.019806999999999998
DR: 0.543231
RR: 2.22363
DD: 0.019685000000000064
DR: 0.565943
RR: 2.1903259999999998
DD: 0.019392
DR: 0.54773
RR: 2.189996
DD: 0.019398
DR: 0.54521
RR: 2.147718
DD: 0.019132
DR: 0.5332840000000001
RR: 2.127115
DD: 0.020690999999999998
DR: 0.53369
RR: 2.1494429999999998
DD: 0.019135
DR: 0.528214
RR: 2.086479
DD: 0.019087
DR: 0.5298039999999999
RR: 2.083595
DD: 0.019027
DR: 0.5314570000000001
RR: 2.092024
DD: 0.018682999999999998
DR: 0.529249
RR: 2.093633
DD: 0.018847
DR: 0.530456
RR: 2.08884
DD: 0.018935999999999998
DR: 0.5319510000000001
RR: 2.07699
DD: 0.018673
DR: 0.530423
RR: 2.085361
DD: 0.018956
DR: 0.5293540000000001
RR: 2.07188
DD: 0.019037
DR: 0.527682
RR: 2.075234
DD: 0.018952999999999998
DR: 0.527285
RR: 2.0925219999999998
DD: 0.018886999999999998
DR: 0.529306
RR: 2.121555
DD: 0.019235
DR: 0.5354789999999999
RR: 2.194388
DD: 0.019018
DR: 0.534584
RR: 2.205386
DD: 0.019264999999999997
DR: 0.54158
RR: 2.179808
DD: 0.019375999999999997
DR: 0.565796
RR: 2.190815
DD: 0.019426
DR: 0.553377
RR: 2.18438
DD: 0.019462
DR: 0.5585
RR: 2.215207
DD: 0.019726999999999998
DR: 0.5511579999999999
RR: 2.194318
DD: 0.021214
DR: 0.55179
RR: 2.212261
DD: 0.019705
DR: 0.557177
RR: 2.207201
DD: 0.019618999999999998
DR: 0.5650029999999999
RR: 2.225719
DD: 0.019514
DR: 0.557354
RR: 2.229598
DD: 0.01933
DR: 0.5505749999999999
RR: 2.173954
DD: 0.019089
DR: 0.54174
RR: 2.185577
DD: 0.019258
DR: 0.538558
RR: 2.172021
DD: 0.019095
DR: 0.534043
RR: 2.141682
DD: 0.019112999999999998
DR: 0.534129
RR: 2.189177
DD: 0.018911999999999998
DR: 0.533243
RR: 2.122877
DD: 0.0189
DR: 0.540212
RR: 2.118437
saved to _G20.5_rmin0.001_rmax10.0_nbins30_zsplit4bin0_Lsplit4bin2_N50_Planck_MC_b30

Pixels masked by MC but not already by selfunc: 555
G20.5_zsplit4bin0_Lsplit4bin3: 0.26              60166 vs 80949
/home/groups/tabel/mahlet/quaia-env/lib/python3.10/site-packages/Corrfunc/utils.py:918: UserWarning: One or more input array has non-native endianness!  A copy will be made with the correct endianness.
  warnings.warn("One or more input array has non-native endianness!  A copy will"\
DD: 0.019364
DR: 0.5410929999999999
RR: 2.133664
DD: 0.019119999999999998
DR: 0.5348630000000001
RR: 2.122877
DD: 0.019081
DR: 0.535775
RR: 2.115521
DD: 0.019264999999999997
DR: 0.537372
RR: 2.156379
DD: 0.019357
DR: 0.5367339999999999
RR: 2.1455450000000003
DD: 0.021027999999999998
DR: 0.539657
RR: 2.124364
DD: 0.019249
DR: 0.5415019999999999
RR: 2.194527
DD: 0.019375
DR: 0.556738
RR: 2.182897
DD: 0.01954
DR: 0.5427879999999999
RR: 2.234457
DD: 0.019677
DR: 0.547532
RR: 2.179238
DD: 0.019539
DR: 0.545372
RR: 2.255171
DD: 0.020007999999999998
DR: 0.560446
RR: 2.278093
DD: 0.019951999999999998
DR: 0.563991
RR: 2.234315
DD: 0.020097999999999998
DR: 0.561597
RR: 2.241413
DD: 0.019828
DR: 0.555205
RR: 2.234486
DD: 0.019951999999999998
DR: 0.566121
RR: 2.261473
DD: 0.019754
DR: 0.563864
RR: 2.265774
DD: 0.019506
DR: 0.5463169999999999
RR: 2.269681
DD: 0.019431999999999998
DR: 0.5532630000000001
RR: 2.187296
DD: 0.019467000000000012
DR: 0.534831
RR: 2.154746
DD: 0.019155
DR: 0.5446310000000001
RR: 2.165788
DD: 0.019037
DR: 0.537015
RR: 2.139922
DD: 0.020973
DR: 0.5377540000000001
RR: 2.140592
DD: 0.019160999999999997
DR: 0.537169
RR: 2.156889
DD: 0.019167
DR: 0.537561
RR: 2.166319
DD: 0.019150999999999998
DR: 0.532249
RR: 2.119605
DD: 0.01893
DR: 0.530419
RR: 2.108131
DD: 0.019018999999999998
DR: 0.526144
RR: 2.109752
DD: 0.01917100000000005
DR: 0.531899
RR: 2.108433
DD: 0.019117
DR: 0.537461
RR: 2.11978
DD: 0.019239
DR: 0.532009
RR: 2.124393
DD: 0.019209999999999998
DR: 0.534411
RR: 2.227125
DD: 0.019251
DR: 0.557534
RR: 2.202653
DD: 0.019429
DR: 0.5488729999999999
RR: 2.169587
DD: 0.019289999999999998
DR: 0.545459
RR: 2.164469
DD: 0.01966
DR: 0.549752
RR: 2.207418
DD: 0.019531
DR: 0.552177
RR: 2.256145
DD: 0.020044
DR: 0.5592950000000001
RR: 2.244599
DD: 0.019669
DR: 0.560453
RR: 2.251907
DD: 0.021463
DR: 0.560268
RR: 2.268652
DD: 0.019865
DR: 0.5573760000000001
RR: 2.230055
DD: 0.019812
DR: 0.559475
RR: 2.255935
DD: 0.019504
DR: 0.548104
RR: 2.233906
DD: 0.0197210000000001
DR: 0.556617
RR: 2.208398
DD: 0.019337999999999998
DR: 0.539316
RR: 2.2020530000000003
DD: 0.019202999999999998
DR: 0.543287
RR: 2.178184
DD: 0.019152
DR: 0.5414570000000001
RR: 2.1470029999999998
DD: 0.019332
DR: 0.532523
RR: 2.141309
DD: 0.019483999999999998
DR: 0.533074
RR: 2.188484
DD: 0.019164999999999998
DR: 0.534747
RR: 2.140558
saved to _G20.5_rmin0.001_rmax10.0_nbins30_zsplit4bin0_Lsplit4bin3_N50_Planck_MC_b30

Pixels masked by MC but not already by selfunc: 663
G20.5_zsplit4bin1_Lsplit4bin0: 0.42              46597 vs 80987
/home/groups/tabel/mahlet/quaia-env/lib/python3.10/site-packages/Corrfunc/utils.py:918: UserWarning: One or more input array has non-native endianness!  A copy will be made with the correct endianness.
  warnings.warn("One or more input array has non-native endianness!  A copy will"\
DD: 0.014636999999999999
DR: 0.391403
RR: 1.492922
DD: 0.014894999999999999
DR: 0.389268
RR: 1.500265
DD: 0.014894
DR: 0.392434
RR: 1.497921
DD: 0.014542999999999999
DR: 0.388908
RR: 1.4825979999999999
DD: 0.014686999999999999
DR: 0.38738
RR: 1.496295
DD: 0.014539
DR: 0.388457
RR: 1.492384
DD: 0.01462
DR: 0.388205
RR: 1.505498
DD: 0.016513
DR: 0.396422
RR: 1.532912
DD: 0.014754999999999999
DR: 0.39605
RR: 1.5411540000000001
DD: 0.014868999999999999
DR: 0.398099
RR: 1.532872
DD: 0.015118999999999999
DR: 0.40178100000000005
RR: 1.588003
DD: 0.015248999999999999
DR: 0.40483500000000006
RR: 1.6134330000000001
DD: 0.015106
DR: 0.40645499999999996
RR: 1.615215
DD: 0.015314999999999999
DR: 0.400099
RR: 1.5640260000000001
DD: 0.015279999999999998
DR: 0.404182
RR: 1.564844
DD: 0.01512
DR: 0.404344
RR: 1.581153
DD: 0.014915
DR: 0.402907
RR: 1.5861640000000001
DD: 0.015132
DR: 0.402232
RR: 1.576695
DD: 0.014823999999999999
DR: 0.397238
RR: 1.535299
DD: 0.014887
DR: 0.398991
RR: 1.5807579999999999
DD: 0.01498900000000003
DR: 0.394505
RR: 1.5723500000000001
DD: 0.014589999999999999
DR: 0.39449900000000004
RR: 1.509354
DD: 0.014875999999999999
DR: 0.390654
RR: 1.5099049999999998
DD: 0.014601
DR: 0.385824
RR: 1.547441
DD: 0.014749
DR: 0.387708
RR: 1.490759
DD: 0.014553
DR: 0.38723799999999997
RR: 1.4994930000000002
DD: 0.01475
DR: 0.39280000000000004
RR: 1.496205
DD: 0.014547
DR: 0.387156
RR: 1.4919229999999999
DD: 0.014787
DR: 0.387753
RR: 1.490273
DD: 0.014631
DR: 0.38905399999999996
RR: 1.49692
DD: 0.016482999999999998
DR: 0.391628
RR: 1.481727
DD: 0.014797
DR: 0.38791899999999996
RR: 1.5183520000000001
DD: 0.014920999999999999
DR: 0.388151
RR: 1.534112
DD: 0.014613999999999999
DR: 0.38827
RR: 1.496983
DD: 0.015031999999999998
DR: 0.39073
RR: 1.506266
DD: 0.015146999999999999
DR: 0.402223
RR: 1.549747
DD: 0.014936
DR: 0.399395
RR: 1.560173
DD: 0.01526
DR: 0.40826300000000004
RR: 1.55978
DD: 0.015342999999999996
DR: 0.412217
RR: 1.5836679999999999
DD: 0.015016999999999999
DR: 0.4009940000000001
RR: 1.567339
DD: 0.015
DR: 0.40095000000000003
RR: 1.606833
DD: 0.01513
DR: 0.40575
RR: 1.644399
DD: 0.015172999999999999
DR: 0.408937
RR: 1.5577100000000002
DD: 0.014813
DR: 0.393617
RR: 1.525427
DD: 0.014856
DR: 0.405128
RR: 1.509302
DD: 0.014655
DR: 0.39044900000000005
RR: 1.505547
DD: 0.01465
DR: 0.389852
RR: 1.523043
DD: 0.014525
DR: 0.3881490000000001
RR: 1.521315
DD: 0.014636999999999999
DR: 0.38933799999999996
RR: 1.504591
DD: 0.014872999999999999
DR: 0.38922600000000007
RR: 1.504737
saved to _G20.5_rmin0.001_rmax10.0_nbins30_zsplit4bin1_Lsplit4bin0_N50_Planck_MC_b30

Pixels masked by MC but not already by selfunc: 599
G20.5_zsplit4bin1_Lsplit4bin1: 0.35              52654 vs 80987
/home/groups/tabel/mahlet/quaia-env/lib/python3.10/site-packages/Corrfunc/utils.py:918: UserWarning: One or more input array has non-native endianness!  A copy will be made with the correct endianness.
  warnings.warn("One or more input array has non-native endianness!  A copy will"\
DD: 0.016568
DR: 0.445105
RR: 1.720356
DD: 0.018418999999999998
DR: 0.44845999999999997
RR: 1.7362989999999998
DD: 0.016781
DR: 0.438957
RR: 1.7274
DD: 0.016749
DR: 0.43868399999999996
RR: 1.70802
DD: 0.016642
DR: 0.443493
RR: 1.724843
DD: 0.016673999999999998
DR: 0.44457100000000005
RR: 1.706587
DD: 0.016779
DR: 0.442354
RR: 1.725952
DD: 0.016804
DR: 0.440683
RR: 1.724979
DD: 0.016901
DR: 0.442756
RR: 1.7337
DD: 0.016933999999999998
DR: 0.450157
RR: 1.747513
DD: 0.016996
DR: 0.45006199999999996
RR: 1.771582
DD: 0.016991
DR: 0.44838
RR: 1.825008
DD: 0.016909999999999998
DR: 0.45828599999999997
RR: 1.803115
DD: 0.017063
DR: 0.456412
RR: 1.803208
DD: 0.017190999999999998
DR: 0.457609
RR: 1.832508
DD: 0.017352
DR: 0.456237
RR: 1.818768
DD: 0.017034999999999998
DR: 0.457974
RR: 1.809274
DD: 0.016981
DR: 0.456016
RR: 1.823124
DD: 0.016998
DR: 0.451489
RR: 1.802664
DD: 0.016871
DR: 0.44431200000000004
RR: 1.800769
DD: 0.016779
DR: 0.44606500000000004
RR: 1.731222
DD: 0.016704999999999998
DR: 0.43728500000000003
RR: 1.7291210000000001
DD: 0.018172999999999998
DR: 0.4470970000000001
RR: 1.738743
DD: 0.016742
DR: 0.43596500000000005
RR: 1.72637
DD: 0.016604999999999998
DR: 0.433534
RR: 1.702693
DD: 0.016343
DR: 0.436212
RR: 1.724527
DD: 0.016704
DR: 0.43494499999999997
RR: 1.713798
DD: 0.016717
DR: 0.44221699999999997
RR: 1.719743
DD: 0.016713
DR: 0.434592
RR: 1.704004
DD: 0.016731
DR: 0.43489200000000006
RR: 1.701949
DD: 0.016666
DR: 0.434434
RR: 1.69632
DD: 0.016581
DR: 0.436048
RR: 1.70623
DD: 0.016786
DR: 0.4377
RR: 1.7180010000000001
DD: 0.016796
DR: 0.439223
RR: 1.721882
DD: 0.01693
DR: 0.44320400000000004
RR: 1.734047
DD: 0.016989
DR: 0.450469
RR: 1.78375
DD: 0.017005
DR: 0.453569
RR: 1.80384
DD: 0.017169
DR: 0.46155
RR: 1.838528
DD: 0.017182
DR: 0.45948900000000004
RR: 1.835591
DD: 0.017224
DR: 0.45357400000000003
RR: 1.862253
DD: 0.017227
DR: 0.45973300000000006
RR: 1.821258
DD: 0.017039
DR: 0.45491800000000004
RR: 1.837938
DD: 0.017003
DR: 0.477681
RR: 1.811478
DD: 0.017204999999999998
DR: 0.453395
RR: 1.761072
DD: 0.016843999999999998
DR: 0.44621900000000003
RR: 1.754308
DD: 0.016774999999999998
DR: 0.445519
RR: 1.740967
DD: 0.016774999999999998
DR: 0.444459
RR: 1.74628
DD: 0.016737
DR: 0.44667599999999996
RR: 1.742639
DD: 0.016669
DR: 0.43443099999999996
RR: 1.742931
DD: 0.016606
DR: 0.439145
RR: 1.727246
saved to _G20.5_rmin0.001_rmax10.0_nbins30_zsplit4bin1_Lsplit4bin1_N50_Planck_MC_b30

Pixels masked by MC but not already by selfunc: 604
G20.5_zsplit4bin1_Lsplit4bin2: 0.28              58198 vs 80987
/home/groups/tabel/mahlet/quaia-env/lib/python3.10/site-packages/Corrfunc/utils.py:918: UserWarning: One or more input array has non-native endianness!  A copy will be made with the correct endianness.
  warnings.warn("One or more input array has non-native endianness!  A copy will"\
DD: 0.018497
DR: 0.506168
RR: 1.962969
DD: 0.018416
DR: 0.49990599999999996
RR: 2.009379
DD: 0.018455
DR: 0.4925010000000001
RR: 1.99062
DD: 0.018519
DR: 0.49850800000000006
RR: 1.972635
DD: 0.018593
DR: 0.49920899999999996
RR: 1.962931
DD: 0.018351
DR: 0.507369
RR: 1.973551
DD: 0.018635
DR: 0.503357
RR: 1.984185
DD: 0.018609999999999998
DR: 0.49884400000000007
RR: 2.038658
DD: 0.018706
DR: 0.51238
RR: 2.042639
DD: 0.018789999999999998
DR: 0.5188699999999999
RR: 2.0408
DD: 0.020461999999999998
DR: 0.523178
RR: 2.039416
DD: 0.018949
DR: 0.519025
RR: 2.048105
DD: 0.019063
DR: 0.5299499999999999
RR: 2.104993
DD: 0.019157999999999998
DR: 0.533493
RR: 2.082125
DD: 0.019077
DR: 0.524077
RR: 2.114675
DD: 0.019098999999999998
DR: 0.526806
RR: 2.111235
DD: 0.018938
DR: 0.52379
RR: 2.123897
DD: 0.018834
DR: 0.527543
RR: 2.094341
DD: 0.018796
DR: 0.5153080000000001
RR: 2.063458
DD: 0.018592
DR: 0.510308
RR: 2.035309
DD: 0.018604
DR: 0.510564
RR: 1.995094
DD: 0.018564999999999998
DR: 0.515515
RR: 2.002014
DD: 0.018498999999999998
DR: 0.49354499999999996
RR: 1.986
DD: 0.01849
DR: 0.501629
RR: 1.991481
DD: 0.018487999999999997
DR: 0.5035689999999999
RR: 1.996497
DD: 0.018453999999999998
DR: 0.49238100000000007
RR: 2.029141
DD: 0.018496
DR: 0.507649
RR: 2.018718
DD: 0.018512999999999998
DR: 0.496519
RR: 2.032123
DD: 0.020023
DR: 0.49461299999999997
RR: 2.000131
DD: 0.018475
DR: 0.49822299999999997
RR: 2.011428
DD: 0.018477999999999998
DR: 0.49991399999999997
RR: 2.012015
DD: 0.018557000000000046
DR: 0.506454
RR: 1.98334
DD: 0.018645
DR: 0.510853
RR: 2.032336
DD: 0.018674
DR: 0.515661
RR: 2.033316
DD: 0.018646
DR: 0.516381
RR: 2.018911
DD: 0.018739
DR: 0.515433
RR: 2.022787
DD: 0.018831
DR: 0.5152840000000001
RR: 2.043314
DD: 0.019088
DR: 0.527544
RR: 2.055103
DD: 0.019112999999999998
DR: 0.5205040000000001
RR: 2.113573
DD: 0.019412
DR: 0.541512
RR: 2.230714
DD: 0.019587
DR: 0.547635
RR: 2.200594
DD: 0.019152
DR: 0.543812
RR: 2.215913
DD: 0.019226
DR: 0.5471090000000001
RR: 2.140437
DD: 0.018883999999999998
DR: 0.519483
RR: 2.087587
DD: 0.018737
DR: 0.514483
RR: 2.014908
DD: 0.018534
DR: 0.507366
RR: 2.018815
DD: 0.020409999999999998
DR: 0.506853
RR: 2.026269
DD: 0.018619999999999998
DR: 0.5026269999999999
RR: 2.029257
DD: 0.018401
DR: 0.49692899999999995
RR: 1.987669
DD: 0.018386
DR: 0.498174
RR: 1.987593
saved to _G20.5_rmin0.001_rmax10.0_nbins30_zsplit4bin1_Lsplit4bin2_N50_Planck_MC_b30

Pixels masked by MC but not already by selfunc: 516
G20.5_zsplit4bin1_Lsplit4bin3: 0.18              66653 vs 80988
/home/groups/tabel/mahlet/quaia-env/lib/python3.10/site-packages/Corrfunc/utils.py:918: UserWarning: One or more input array has non-native endianness!  A copy will be made with the correct endianness.
  warnings.warn("One or more input array has non-native endianness!  A copy will"\
DD: 0.021911999999999997
DR: 0.5881460000000001
RR: 2.4380100000000002
DD: 0.021797999999999998
DR: 0.5824100000000001
RR: 2.43095
DD: 0.021757
DR: 0.5790649999999999
RR: 2.388988
DD: 0.021744
DR: 0.574197
RR: 2.392615
DD: 0.021955
DR: 0.5795819999999999
RR: 2.394999
DD: 0.021913
DR: 0.5773440000000001
RR: 2.410304
DD: 0.022136
DR: 0.584272
RR: 2.429226
DD: 0.021904
DR: 0.588804
RR: 2.439607
DD: 0.021870999999999998
DR: 0.58114
RR: 2.438385
DD: 0.022026
DR: 0.585132
RR: 2.4565099999999997
DD: 0.022184
DR: 0.58638
RR: 2.4723129999999998
DD: 0.02383
DR: 0.600076
RR: 2.502013
DD: 0.022335999999999998
DR: 0.59697
RR: 2.522596
DD: 0.022345
DR: 0.598638
RR: 2.524499
DD: 0.022418999999999998
DR: 0.599295
RR: 2.525805
DD: 0.022347
DR: 0.597125
RR: 2.525341
DD: 0.022232
DR: 0.595106
RR: 2.511191
DD: 0.022067
DR: 0.588004
RR: 2.488867
DD: 0.02184
DR: 0.583889
RR: 2.461167
DD: 0.021717999999999998
DR: 0.5806169999999999
RR: 2.430322
DD: 0.02204
DR: 0.5756859999999999
RR: 2.406433
DD: 0.021733
DR: 0.5708580000000001
RR: 2.3947320000000003
DD: 0.021596
DR: 0.569723
RR: 2.387548
DD: 0.021615
DR: 0.570748
RR: 2.383337
DD: 0.02163
DR: 0.567608
RR: 2.37872
DD: 0.021474
DR: 0.566176
RR: 2.377203
DD: 0.021345
DR: 0.566693
RR: 2.37526
DD: 0.023212999999999998
DR: 0.571223
RR: 2.376679
DD: 0.021608
DR: 0.568102
RR: 2.376351
DD: 0.021772
DR: 0.5701269999999999
RR: 2.383676
DD: 0.021627999999999998
DR: 0.5713440000000001
RR: 2.3965389999999998
DD: 0.02175
DR: 0.5759730000000001
RR: 2.411798
DD: 0.021619
DR: 0.578566
RR: 2.424257
DD: 0.021759
DR: 0.57821
RR: 2.435563
DD: 0.021967
DR: 0.582357
RR: 2.449386
DD: 0.021921
DR: 0.5885400000000001
RR: 2.472638
DD: 0.022132
DR: 0.592353
RR: 2.496622
DD: 0.022532999999999997
DR: 0.596132
RR: 2.521532
DD: 0.022581999999999998
DR: 0.597187
RR: 2.524995
DD: 0.022335999999999998
DR: 0.59666
RR: 2.523696
DD: 0.022269999999999998
DR: 0.596642
RR: 2.52552
DD: 0.022303999999999997
DR: 0.59528
RR: 2.5170820000000003
DD: 0.022130999999999998
DR: 0.613342
RR: 2.499593
DD: 0.022077000000000013
DR: 0.58812
RR: 2.482197
DD: 0.021887
DR: 0.584519
RR: 2.460404
DD: 0.021783
DR: 0.578739
RR: 2.431666
DD: 0.021644
DR: 0.577242
RR: 2.413835
DD: 0.021841
DR: 0.573007
RR: 2.405566
DD: 0.021724999999999998
DR: 0.572821
RR: 2.398163
DD: 0.021629
DR: 0.5719179999999999
RR: 2.402377
saved to _G20.5_rmin0.001_rmax10.0_nbins30_zsplit4bin1_Lsplit4bin3_N50_Planck_MC_b30

Pixels masked by MC but not already by selfunc: 715
G20.5_zsplit4bin2_Lsplit4bin0: 0.41              47757 vs 80952
/home/groups/tabel/mahlet/quaia-env/lib/python3.10/site-packages/Corrfunc/utils.py:918: UserWarning: One or more input array has non-native endianness!  A copy will be made with the correct endianness.
  warnings.warn("One or more input array has non-native endianness!  A copy will"\
DD: 0.015231
DR: 0.41371800000000003
RR: 1.5480800000000001
DD: 0.015208999999999999
DR: 0.41193900000000006
RR: 1.546793
DD: 0.015146999999999999
DR: 0.413306
RR: 1.547593
DD: 0.015266
DR: 0.41108200000000006
RR: 1.545053
DD: 0.015248999999999999
DR: 0.41318499999999997
RR: 1.543444
DD: 0.014887
DR: 0.411676
RR: 1.544246
DD: 0.01525
DR: 0.41306
RR: 1.542754
DD: 0.015309
DR: 0.413286
RR: 1.547439
DD: 0.015323
DR: 0.4159320000000001
RR: 1.559156
DD: 0.015162
DR: 0.419116
RR: 1.580321
DD: 0.017387
DR: 0.42489099999999996
RR: 1.600755
DD: 0.015425
DR: 0.42583400000000005
RR: 1.613521
DD: 0.01538
DR: 0.42898800000000004
RR: 1.625639
DD: 0.015349
DR: 0.428847
RR: 1.616149
DD: 0.015257999999999999
DR: 0.427701
RR: 1.617631
DD: 0.0155
DR: 0.429314
RR: 1.6172330000000001
DD: 0.015397
DR: 0.42634400000000006
RR: 1.60829
DD: 0.015286
DR: 0.42421899999999996
RR: 1.593059
DD: 0.015375
DR: 0.419739
RR: 1.577307
DD: 0.01524
DR: 0.4173140000000001
RR: 1.564132
DD: 0.015255999999999999
DR: 0.414848
RR: 1.555831
DD: 0.015345999999999999
DR: 0.4152060000000001
RR: 1.5487410000000001
DD: 0.015302999999999999
DR: 0.41247900000000004
RR: 1.5428579999999998
DD: 0.015136
DR: 0.410615
RR: 1.5405250000000001
DD: 0.015005
DR: 0.408899
RR: 1.5384630000000001
DD: 0.014931999999999999
DR: 0.408646
RR: 1.537325
DD: 0.014888
DR: 0.411086
RR: 1.536974
DD: 0.015222
DR: 0.413006
RR: 1.537703
DD: 0.014943
DR: 0.412197
RR: 1.541827
DD: 0.015184
DR: 0.41685700000000003
RR: 1.551582
DD: 0.015241
DR: 0.41745099999999996
RR: 1.547658
DD: 0.015118999999999999
DR: 0.416576
RR: 1.556419
DD: 0.015127999999999999
DR: 0.41925900000000005
RR: 1.550292
DD: 0.015636999999999998
DR: 0.417907
RR: 1.5517729999999998
DD: 0.015295
DR: 0.424875
RR: 1.572938
DD: 0.015378
DR: 0.420836
RR: 1.590141
DD: 0.015552999999999999
DR: 0.427508
RR: 1.632941
DD: 0.015269
DR: 0.429965
RR: 1.66012
DD: 0.015665
DR: 0.43257900000000005
RR: 1.702231
DD: 0.015614
DR: 0.43102300000000004
RR: 1.63062
DD: 0.015356
DR: 0.434052
RR: 1.6378279999999998
DD: 0.015545
DR: 0.428809
RR: 1.698077
DD: 0.015552999999999999
DR: 0.43016
RR: 1.620138
DD: 0.015306
DR: 0.41987700000000006
RR: 1.628749
DD: 0.015161000000000091
DR: 0.418317
RR: 1.5827499999999999
DD: 0.015236999999999999
DR: 0.42108100000000004
RR: 1.563615
DD: 0.015028
DR: 0.419585
RR: 1.570555
DD: 0.015238
DR: 0.417807
RR: 1.571242
DD: 0.015182999999999999
DR: 0.41633600000000004
RR: 1.56919
DD: 0.015135
DR: 0.41545
RR: 1.5469870000000001
saved to _G20.5_rmin0.001_rmax10.0_nbins30_zsplit4bin2_Lsplit4bin0_N50_Planck_MC_b30

Pixels masked by MC but not already by selfunc: 619
G20.5_zsplit4bin2_Lsplit4bin1: 0.33              53874 vs 80952
/home/groups/tabel/mahlet/quaia-env/lib/python3.10/site-packages/Corrfunc/utils.py:918: UserWarning: One or more input array has non-native endianness!  A copy will be made with the correct endianness.
  warnings.warn("One or more input array has non-native endianness!  A copy will"\
DD: 0.017033
DR: 0.462566
RR: 1.765935
DD: 0.017067
DR: 0.46636200000000005
RR: 1.775422
DD: 0.017006999999999998
DR: 0.465245
RR: 1.799924
DD: 0.018626
DR: 0.4666330000000001
RR: 1.805424
DD: 0.017075
DR: 0.463603
RR: 1.77728
DD: 0.016954999999999998
DR: 0.46490300000000007
RR: 1.77429
DD: 0.017107999999999998
DR: 0.47300700000000007
RR: 1.78542
DD: 0.017148
DR: 0.465151
RR: 1.785385
DD: 0.017195
DR: 0.4706290000000001
RR: 1.799597
DD: 0.017192
DR: 0.472402
RR: 1.8119100000000001
DD: 0.017242
DR: 0.47456
RR: 1.845785
DD: 0.017505
DR: 0.487892
RR: 1.90442
DD: 0.017679999999999998
DR: 0.48822600000000005
RR: 1.947965
DD: 0.017625
DR: 0.49091999999999997
RR: 1.918182
DD: 0.017647
DR: 0.485952
RR: 1.942357
DD: 0.017752999999999998
DR: 0.49160299999999996
RR: 1.870288
DD: 0.017481999999999998
DR: 0.490201
RR: 1.8559269999999999
DD: 0.017359
DR: 0.47335
RR: 1.857898
DD: 0.017394
DR: 0.479689
RR: 1.816376
DD: 0.017148999999999998
DR: 0.47341999999999995
RR: 1.813425
DD: 0.017189
DR: 0.473304
RR: 1.868115
DD: 0.017194
DR: 0.471495
RR: 1.874454
DD: 0.017085
DR: 0.47336
RR: 1.852961
DD: 0.018467
DR: 0.468676
RR: 1.830486
DD: 0.0167
DR: 0.46390200000000004
RR: 1.79404
DD: 0.017011
DR: 0.471919
RR: 1.8312140000000001
DD: 0.017152999999999998
DR: 0.468264
RR: 1.805237
DD: 0.01688
DR: 0.4749880000000001
RR: 1.834239
DD: 0.017003
DR: 0.464542
RR: 1.808594
DD: 0.017085
DR: 0.476492
RR: 1.813053
DD: 0.017027
DR: 0.466581
RR: 1.86462
DD: 0.017114
DR: 0.470747
RR: 1.795475
DD: 0.016954999999999998
DR: 0.468109
RR: 1.819243
DD: 0.017213
DR: 0.476379
RR: 1.829718
DD: 0.017245
DR: 0.47679400000000005
RR: 1.8253
DD: 0.017338
DR: 0.48044300000000006
RR: 1.861288
DD: 0.017478999999999998
DR: 0.48374800000000007
RR: 1.894498
DD: 0.017421
DR: 0.49083600000000005
RR: 1.896997
DD: 0.01765
DR: 0.4972190000000001
RR: 1.880486
DD: 0.017429999999999998
DR: 0.48911
RR: 1.876074
DD: 0.017387
DR: 0.491326
RR: 1.876674
DD: 0.017610999999999998
DR: 0.48569599999999996
RR: 1.8716300000000001
DD: 0.017396000000000078
DR: 0.48457999999999996
RR: 1.872256
DD: 0.017412999999999998
DR: 0.48422299999999996
RR: 1.892948
DD: 0.01713
DR: 0.474843
RR: 1.870798
DD: 0.017189
DR: 0.46903300000000003
RR: 1.788247
DD: 0.017015
DR: 0.46717
RR: 1.855175
DD: 0.017136
DR: 0.4647720000000001
RR: 1.800481
DD: 0.016973
DR: 0.47245500000000007
RR: 1.822692
DD: 0.016956
DR: 0.47369700000000003
RR: 1.8480590000000001
saved to _G20.5_rmin0.001_rmax10.0_nbins30_zsplit4bin2_Lsplit4bin1_N50_Planck_MC_b30

Pixels masked by MC but not already by selfunc: 589
G20.5_zsplit4bin2_Lsplit4bin2: 0.26              59758 vs 80952
/home/groups/tabel/mahlet/quaia-env/lib/python3.10/site-packages/Corrfunc/utils.py:918: UserWarning: One or more input array has non-native endianness!  A copy will be made with the correct endianness.
  warnings.warn("One or more input array has non-native endianness!  A copy will"\
DD: 0.01925
DR: 0.534253
RR: 2.108469
DD: 0.019024
DR: 0.5217379999999999
RR: 2.087034
DD: 0.019028
DR: 0.536429
RR: 2.11866
DD: 0.019004999999999998
DR: 0.531098
RR: 2.125454
DD: 0.019037
DR: 0.536036
RR: 2.131559
DD: 0.019181
DR: 0.533652
RR: 2.124486
DD: 0.019253
DR: 0.5367280000000001
RR: 2.189436
DD: 0.019264999999999997
DR: 0.534212
RR: 2.172141
DD: 0.019216999999999998
DR: 0.5525230000000001
RR: 2.200627
DD: 0.019076
DR: 0.5564279999999999
RR: 2.169266
DD: 0.019535999999999998
DR: 0.559292
RR: 2.219296
DD: 0.019558
DR: 0.554639
RR: 2.21287
DD: 0.019653999999999998
DR: 0.54503
RR: 2.290806
DD: 0.019670999999999998
DR: 0.5588420000000001
RR: 2.204924
DD: 0.019382
DR: 0.554515
RR: 2.249009
DD: 0.019698
DR: 0.5550520000000001
RR: 2.239909
DD: 0.019622
DR: 0.549319
RR: 2.18898
DD: 0.019226999999999998
DR: 0.547415
RR: 2.196672
DD: 0.019035
DR: 0.554435
RR: 2.157368
DD: 0.018972
DR: 0.542027
RR: 2.12598
DD: 0.018865
DR: 0.532134
RR: 2.115543
DD: 0.019074
DR: 0.528957
RR: 2.175053
DD: 0.019074999999999998
DR: 0.535086
RR: 2.165596
DD: 0.018989
DR: 0.5309630000000001
RR: 2.166171
DD: 0.01902
DR: 0.525427
RR: 2.12678
DD: 0.018956999999999998
DR: 0.525774
RR: 2.160402
DD: 0.018906
DR: 0.533312
RR: 2.066675
DD: 0.019077
DR: 0.536201
RR: 2.108727
DD: 0.01893
DR: 0.519374
RR: 2.144374
DD: 0.018987
DR: 0.522208
RR: 2.084119
DD: 0.01881
DR: 0.526401
RR: 2.086983
DD: 0.019086
DR: 0.532951
RR: 2.153375
DD: 0.018935999999999998
DR: 0.530357
RR: 2.161686
DD: 0.019145
DR: 0.532635
RR: 2.184013
DD: 0.019181999999999998
DR: 0.539116
RR: 2.206584
DD: 0.019247999999999998
DR: 0.5447179999999999
RR: 2.266322
DD: 0.019549999999999998
DR: 0.559707
RR: 2.209623
DD: 0.019638
DR: 0.559815
RR: 2.214467
DD: 0.019651
DR: 0.557483
RR: 2.21134
DD: 0.019431999999999998
DR: 0.552541
RR: 2.195036
DD: 0.01971
DR: 0.5504789999999999
RR: 2.229926
DD: 0.019556
DR: 0.544583
RR: 2.282196
DD: 0.019209
DR: 0.5512969999999999
RR: 2.209326
DD: 0.019084999999999998
DR: 0.562808
RR: 2.165909
DD: 0.019367
DR: 0.5444640000000001
RR: 2.135344
DD: 0.01899
DR: 0.534438
RR: 2.1171699999999998
DD: 0.018786999999999998
DR: 0.52265
RR: 2.1396
DD: 0.019056
DR: 0.527668
RR: 2.101453
DD: 0.019001
DR: 0.533928
RR: 2.096395
DD: 0.019008
DR: 0.5350060000000001
RR: 2.146697
saved to _G20.5_rmin0.001_rmax10.0_nbins30_zsplit4bin2_Lsplit4bin2_N50_Planck_MC_b30

Pixels masked by MC but not already by selfunc: 478
G20.5_zsplit4bin2_Lsplit4bin3: 0.17              67367 vs 80952
/home/groups/tabel/mahlet/quaia-env/lib/python3.10/site-packages/Corrfunc/utils.py:918: UserWarning: One or more input array has non-native endianness!  A copy will be made with the correct endianness.
  warnings.warn("One or more input array has non-native endianness!  A copy will"\
DD: 0.022019999999999998
DR: 0.607784
RR: 2.579452
DD: 0.021932
DR: 0.601987
RR: 2.637026
DD: 0.022213
DR: 0.620288
RR: 2.6492139999999997
DD: 0.022133999999999997
DR: 0.618953
RR: 2.620265
DD: 0.021939
DR: 0.6189479999999999
RR: 2.574319
DD: 0.022088
DR: 0.608541
RR: 2.585827
DD: 0.022064
DR: 0.611858
RR: 2.597875
DD: 0.022097
DR: 0.619358
RR: 2.734903
DD: 0.023878999999999997
DR: 0.623819
RR: 2.709485
DD: 0.022469
DR: 0.626252
RR: 2.716844
DD: 0.022806
DR: 0.63611
RR: 2.668608
DD: 0.02259
DR: 0.6311
RR: 2.702159
DD: 0.022751999999999998
DR: 0.626208
RR: 2.73559
DD: 0.02269
DR: 0.657127
RR: 2.778911
DD: 0.023253
DR: 0.635176
RR: 2.770013
DD: 0.022838999999999998
DR: 0.634653
RR: 2.762101
DD: 0.022557999999999998
DR: 0.622003
RR: 2.737141
DD: 0.022602
DR: 0.62478
RR: 2.696683
DD: 0.02234
DR: 0.630117
RR: 2.719606
DD: 0.022203
DR: 0.624485
RR: 2.626752
DD: 0.022081
DR: 0.609566
RR: 2.58196
DD: 0.022463
DR: 0.604811
RR: 2.596714
DD: 0.021958
DR: 0.612626
RR: 2.654487
DD: 0.022345999999999998
DR: 0.602973
RR: 2.592084
DD: 0.021904
DR: 0.6060479999999999
RR: 2.6760260000000002
DD: 0.021828
DR: 0.603869
RR: 2.665443
DD: 0.022022999999999997
DR: 0.598228
RR: 2.574439
DD: 0.021875
DR: 0.598819
RR: 2.547562
DD: 0.021745999999999998
DR: 0.600947
RR: 2.555944
DD: 0.021764
DR: 0.60335
RR: 2.634941
DD: 0.022064
DR: 0.621143
RR: 2.651015
DD: 0.022171999999999997
DR: 0.610986
RR: 2.709061
DD: 0.022255999999999998
DR: 0.613537
RR: 2.652638
DD: 0.022400999999999997
DR: 0.6191690000000001
RR: 2.653828
DD: 0.022178
DR: 0.6251129999999999
RR: 2.639129
DD: 0.022292
DR: 0.619961
RR: 2.72707
DD: 0.022529
DR: 0.61763
RR: 2.7308
DD: 0.02436
DR: 0.6299520000000001
RR: 2.761633
DD: 0.022886
DR: 0.643591
RR: 2.731828
DD: 0.022823
DR: 0.6287659999999999
RR: 2.689447
DD: 0.022661999999999998
DR: 0.6271519999999999
RR: 2.698104
DD: 0.02258300000000002
DR: 0.633896
RR: 2.684337
DD: 0.022461
DR: 0.622096
RR: 2.670976
DD: 0.022387999999999998
DR: 0.611191
RR: 2.666554
DD: 0.022307
DR: 0.622082
RR: 2.650268
DD: 0.022069
DR: 0.610687
RR: 2.63699
DD: 0.02206
DR: 0.6097549999999999
RR: 2.656888
DD: 0.022017
DR: 0.60083
RR: 2.629244
DD: 0.021852999999999997
DR: 0.6057739999999999
RR: 2.578265
DD: 0.021818999999999998
DR: 0.596926
RR: 2.576144
saved to _G20.5_rmin0.001_rmax10.0_nbins30_zsplit4bin2_Lsplit4bin3_N50_Planck_MC_b30

Pixels masked by MC but not already by selfunc: 870
G20.5_zsplit4bin3_Lsplit4bin0: 0.37              50763 vs 80988
/home/groups/tabel/mahlet/quaia-env/lib/python3.10/site-packages/Corrfunc/utils.py:918: UserWarning: One or more input array has non-native endianness!  A copy will be made with the correct endianness.
  warnings.warn("One or more input array has non-native endianness!  A copy will"\
DD: 0.016044000000000058
DR: 0.432384
RR: 1.648025
DD: 0.016537
DR: 0.42274999999999996
RR: 1.642848
DD: 0.015864
DR: 0.42745500000000003
RR: 1.6417
DD: 0.016093
DR: 0.42406900000000003
RR: 1.756146
DD: 0.016551
DR: 0.44383
RR: 1.7410169999999998
DD: 0.01644
DR: 0.43565
RR: 1.71187
DD: 0.016269
DR: 0.432079
RR: 1.730855
DD: 0.01621
DR: 0.42924599999999996
RR: 1.702962
DD: 0.016347999999999998
DR: 0.43853700000000007
RR: 1.723116
DD: 0.016361
DR: 0.435721
RR: 1.723991
DD: 0.016166
DR: 0.450122
RR: 1.709463
DD: 0.016576999999999998
DR: 0.445019
RR: 1.724572
DD: 0.016628999999999998
DR: 0.44792499999999996
RR: 1.724462
DD: 0.01663
DR: 0.446998
RR: 1.798041
DD: 0.016493
DR: 0.449553
RR: 1.7525330000000001
DD: 0.016683
DR: 0.4450160000000001
RR: 1.782219
DD: 0.01659
DR: 0.44458200000000003
RR: 1.729757
DD: 0.016566
DR: 0.432095
RR: 1.711492
DD: 0.016387
DR: 0.431932
RR: 1.701511
DD: 0.016229
DR: 0.43635199999999996
RR: 1.6818659999999999
DD: 0.016197
DR: 0.42725599999999997
RR: 1.667174
DD: 0.016064
DR: 0.435353
RR: 1.704119
DD: 0.017592
DR: 0.42829700000000004
RR: 1.6817090000000001
DD: 0.016038
DR: 0.42669500000000005
RR: 1.703079
DD: 0.016076999999999998
DR: 0.427292
RR: 1.690917
DD: 0.016007999999999998
DR: 0.427572
RR: 1.7224979999999999
DD: 0.016101999999999998
DR: 0.42985599999999996
RR: 1.722215
DD: 0.01603
DR: 0.432195
RR: 1.7251940000000001
DD: 0.016104
DR: 0.42915000000000003
RR: 1.75381
DD: 0.016076
DR: 0.41879299999999997
RR: 1.630929
DD: 0.015813
DR: 0.41775399999999996
RR: 1.63598
DD: 0.015965999999999998
DR: 0.42095899999999997
RR: 1.638039
DD: 0.016129
DR: 0.422075
RR: 1.643575
DD: 0.01612
DR: 0.4234260000000001
RR: 1.6537519999999999
DD: 0.016339
DR: 0.426788
RR: 1.665559
DD: 0.016246999999999998
DR: 0.42856099999999997
RR: 1.684628
DD: 0.016208999999999998
DR: 0.4340510000000001
RR: 1.7024270000000001
DD: 0.016531999999999998
DR: 0.43664500000000006
RR: 1.720297
DD: 0.016545
DR: 0.43738699999999997
RR: 1.719926
DD: 0.016521
DR: 0.438382
RR: 1.720913
DD: 0.016545
DR: 0.43756999999999996
RR: 1.721654
DD: 0.016433
DR: 0.435716
RR: 1.713562
DD: 0.016117
DR: 0.43068799999999996
RR: 1.697539
DD: 0.017786
DR: 0.433064
RR: 1.676687
DD: 0.016187
DR: 0.42418500000000003
RR: 1.660442
DD: 0.016156
DR: 0.424039
RR: 1.651652
DD: 0.016115
DR: 0.42241999999999996
RR: 1.64203
DD: 0.015822
DR: 0.418226
RR: 1.637465
DD: 0.016045
DR: 0.418651
RR: 1.632977
DD: 0.01605
DR: 0.421043
RR: 1.653941
saved to _G20.5_rmin0.001_rmax10.0_nbins30_zsplit4bin3_Lsplit4bin0_N50_Planck_MC_b30

Pixels masked by MC but not already by selfunc: 726
G20.5_zsplit4bin3_Lsplit4bin1: 0.30              56896 vs 80987
/home/groups/tabel/mahlet/quaia-env/lib/python3.10/site-packages/Corrfunc/utils.py:918: UserWarning: One or more input array has non-native endianness!  A copy will be made with the correct endianness.
  warnings.warn("One or more input array has non-native endianness!  A copy will"\
DD: 0.01791
DR: 0.47635299999999997
RR: 1.9050099999999999
DD: 0.018122
DR: 0.475574
RR: 1.914109
DD: 0.018083
DR: 0.47883699999999996
RR: 1.905994
DD: 0.01797
DR: 0.48195600000000005
RR: 1.93586
DD: 0.018285
DR: 0.481209
RR: 1.98325
DD: 0.018333
DR: 0.475963
RR: 1.926626
DD: 0.018265999999999998
DR: 0.490104
RR: 1.950562
DD: 0.018241999999999998
DR: 0.490789
RR: 1.964358
DD: 0.01834
DR: 0.48447799999999996
RR: 1.940157
DD: 0.018373
DR: 0.493494
RR: 1.952113
DD: 0.018484
DR: 0.491479
RR: 1.961682
DD: 0.018465
DR: 0.523378
RR: 2.023755
DD: 0.018723999999999998
DR: 0.499764
RR: 2.045921
DD: 0.018761
DR: 0.503574
RR: 2.045869
DD: 0.018363
DR: 0.498142
RR: 2.064749
DD: 0.018733
DR: 0.501975
RR: 2.079029
DD: 0.018347
DR: 0.49838000000000005
RR: 2.074865
DD: 0.018736
DR: 0.499196
RR: 2.007401
DD: 0.018265999999999998
DR: 0.50161
RR: 1.967527
DD: 0.018142
DR: 0.48672699999999997
RR: 1.954578
DD: 0.018035
DR: 0.489445
RR: 1.941108
DD: 0.018220999999999998
DR: 0.486911
RR: 1.915765
DD: 0.018084
DR: 0.4736560000000001
RR: 1.937833
DD: 0.018113999999999998
DR: 0.480828
RR: 1.912933
DD: 0.017979
DR: 0.48361899999999997
RR: 1.919972
DD: 0.017769
DR: 0.482489
RR: 1.913048
DD: 0.018017
DR: 0.482417
RR: 1.903286
DD: 0.018064
DR: 0.47458900000000004
RR: 1.979136
DD: 0.018268
DR: 0.483318
RR: 1.940595
DD: 0.018043999999999998
DR: 0.478101
RR: 1.906051
DD: 0.01954
DR: 0.48946999999999996
RR: 1.977546
DD: 0.018009
DR: 0.487376
RR: 2.003304
DD: 0.018233
DR: 0.491062
RR: 1.985195
DD: 0.018309
DR: 0.48461200000000004
RR: 1.995183
DD: 0.018566
DR: 0.495669
RR: 2.014416
DD: 0.018368
DR: 0.494233
RR: 1.971117
DD: 0.018167
DR: 0.492647
RR: 2.026984
DD: 0.018564
DR: 0.497725
RR: 2.003699
DD: 0.018517
DR: 0.49542600000000003
RR: 1.978801
DD: 0.018682999999999998
DR: 0.500887
RR: 1.9919129999999998
DD: 0.01831
DR: 0.5014959999999999
RR: 2.023952
DD: 0.018663
DR: 0.496112
RR: 1.994055
DD: 0.018347
DR: 0.492649
RR: 1.977384
DD: 0.018130999999999998
DR: 0.485963
RR: 1.960871
DD: 0.018321
DR: 0.482591
RR: 1.924304
DD: 0.017977
DR: 0.485683
RR: 1.903067
DD: 0.017866
DR: 0.47615300000000005
RR: 1.904717
DD: 0.017807
DR: 0.482973
RR: 1.897087
DD: 0.018021
DR: 0.491669
RR: 1.993525
DD: 0.019538
DR: 0.49589999999999995
RR: 1.95789
saved to _G20.5_rmin0.001_rmax10.0_nbins30_zsplit4bin3_Lsplit4bin1_N50_Planck_MC_b30

Pixels masked by MC but not already by selfunc: 753
G20.5_zsplit4bin3_Lsplit4bin2: 0.24              61339 vs 80987
/home/groups/tabel/mahlet/quaia-env/lib/python3.10/site-packages/Corrfunc/utils.py:918: UserWarning: One or more input array has non-native endianness!  A copy will be made with the correct endianness.
  warnings.warn("One or more input array has non-native endianness!  A copy will"\
DD: 0.019537
DR: 0.55174
RR: 2.224688
DD: 0.019645
DR: 0.537364
RR: 2.182928
DD: 0.019469
DR: 0.533509
RR: 2.278339
DD: 0.019742
DR: 0.539222
RR: 2.258814
DD: 0.019684
DR: 0.5357700000000001
RR: 2.302841
DD: 0.019672000000000023
DR: 0.548864
RR: 2.328032
DD: 0.01979
DR: 0.552195
RR: 2.2744340000000003
DD: 0.019798
DR: 0.558522
RR: 2.223489
DD: 0.019875999999999998
DR: 0.533879
RR: 2.238552
DD: 0.019901
DR: 0.557237
RR: 2.327223
DD: 0.02001
DR: 0.5499160000000001
RR: 2.371618
DD: 0.020205
DR: 0.558468
RR: 2.364349
DD: 0.020232
DR: 0.567051
RR: 2.298486
DD: 0.020214
DR: 0.550389
RR: 2.326113
DD: 0.02197
DR: 0.574743
RR: 2.35027
DD: 0.020239
DR: 0.55018
RR: 2.368756
DD: 0.020139999999999998
DR: 0.5539320000000001
RR: 2.371899
DD: 0.020007
DR: 0.555238
RR: 2.38955
DD: 0.020014999999999998
DR: 0.5452699999999999
RR: 2.280522
DD: 0.019538
DR: 0.542228
RR: 2.20163
DD: 0.019738
DR: 0.541093
RR: 2.211057
DD: 0.019445
DR: 0.529027
RR: 2.201013
DD: 0.019532
DR: 0.535299
RR: 2.268189
DD: 0.019568
DR: 0.5366449999999999
RR: 2.246297
DD: 0.019552
DR: 0.5324679999999999
RR: 2.240764
DD: 0.019197
DR: 0.5351
RR: 2.207802
DD: 0.019264
DR: 0.525969
RR: 2.166832
DD: 0.01942900000000003
DR: 0.54721
RR: 2.316864
DD: 0.019374
DR: 0.53062
RR: 2.201433
DD: 0.019601
DR: 0.5335620000000001
RR: 2.262007
DD: 0.019632999999999998
DR: 0.546891
RR: 2.279938
DD: 0.021384999999999998
DR: 0.543386
RR: 2.275543
DD: 0.019739
DR: 0.541646
RR: 2.323654
DD: 0.019983
DR: 0.550951
RR: 2.220907
DD: 0.019561
DR: 0.547053
RR: 2.297394
DD: 0.019736999999999998
DR: 0.545544
RR: 2.310617
DD: 0.019902
DR: 0.5637380000000001
RR: 2.3751889999999998
DD: 0.020537
DR: 0.5597300000000001
RR: 2.367262
DD: 0.020376
DR: 0.555087
RR: 2.385875
DD: 0.020225999999999997
DR: 0.567557
RR: 2.410498
DD: 0.020488
DR: 0.560999
RR: 2.34193
DD: 0.020097999999999998
DR: 0.555067
RR: 2.36297
DD: 0.02001
DR: 0.551972
RR: 2.306258
DD: 0.019872
DR: 0.560611
RR: 2.327786
DD: 0.020035
DR: 0.542816
RR: 2.311339
DD: 0.019679
DR: 0.543408
RR: 2.322411
DD: 0.019783
DR: 0.553168
RR: 2.22907
DD: 0.021331
DR: 0.536012
RR: 2.237838
DD: 0.019459
DR: 0.537837
RR: 2.258894
DD: 0.019566
DR: 0.54545
RR: 2.195036
saved to _G20.5_rmin0.001_rmax10.0_nbins30_zsplit4bin3_Lsplit4bin2_N50_Planck_MC_b30

Pixels masked by MC but not already by selfunc: 727
G20.5_zsplit4bin3_Lsplit4bin3: 0.17              67382 vs 80988
/home/groups/tabel/mahlet/quaia-env/lib/python3.10/site-packages/Corrfunc/utils.py:918: UserWarning: One or more input array has non-native endianness!  A copy will be made with the correct endianness.
  warnings.warn("One or more input array has non-native endianness!  A copy will"\
DD: 0.022056
DR: 0.603316
RR: 2.57614
DD: 0.022014
DR: 0.6037549999999999
RR: 2.48506
DD: 0.022015
DR: 0.60817
RR: 2.570007
DD: 0.021856999999999998
DR: 0.629413
RR: 2.580332
DD: 0.022248999999999998
DR: 0.620155
RR: 2.534601
DD: 0.022060999999999997
DR: 0.631215
RR: 2.69124
DD: 0.022154
DR: 0.6314989999999999
RR: 2.655872
DD: 0.022352
DR: 0.6321410000000001
RR: 2.702284
DD: 0.022438
DR: 0.6347389999999999
RR: 2.573551
DD: 0.02218
DR: 0.642207
RR: 2.541881
DD: 0.022317
DR: 0.6181920000000001
RR: 2.539033
DD: 0.02394
DR: 0.6368370000000001
RR: 2.605928
DD: 0.022702999999999997
DR: 0.6352070000000001
RR: 2.653995
DD: 0.022688999999999997
DR: 0.63293
RR: 2.5930400000000002
DD: 0.022616999999999998
DR: 0.6354299999999999
RR: 2.583598
DD: 0.022895
DR: 0.629251
RR: 2.588856
DD: 0.022786999999999998
DR: 0.629277
RR: 2.605565
DD: 0.022480999999999998
DR: 0.6288619999999999
RR: 2.604103
DD: 0.022265
DR: 0.617212
RR: 2.54462
DD: 0.022042
DR: 0.611725
RR: 2.49409
DD: 0.021901
DR: 0.608323
RR: 2.491361
DD: 0.021922999999999998
DR: 0.613613
RR: 2.510041
DD: 0.021729
DR: 0.610248
RR: 2.451144
DD: 0.021811999999999998
DR: 0.60134
RR: 2.454342
DD: 0.021856
DR: 0.600028
RR: 2.477715
DD: 0.021745
DR: 0.5989800000000001
RR: 2.522287
DD: 0.02336
DR: 0.610977
RR: 2.4783939999999998
DD: 0.021729
DR: 0.601605
RR: 2.509048
DD: 0.0218
DR: 0.605886
RR: 2.514243
DD: 0.022114999999999996
DR: 0.609211
RR: 2.478907
DD: 0.021863
DR: 0.627415
RR: 2.516676
DD: 0.021908
DR: 0.610466
RR: 2.57458
DD: 0.022094
DR: 0.639645
RR: 2.522948
DD: 0.022088999999999998
DR: 0.629007
RR: 2.640588
DD: 0.022605
DR: 0.6339
RR: 2.541241
DD: 0.02225
DR: 0.616727
RR: 2.5607569999999997
DD: 0.022501999999999998
DR: 0.623786
RR: 2.636523
DD: 0.022916
DR: 0.631575
RR: 2.666763
DD: 0.022718
DR: 0.635894
RR: 2.65117
DD: 0.022652
DR: 0.633467
RR: 2.638986
DD: 0.02277
DR: 0.641256
RR: 2.654948
DD: 0.02446
DR: 0.6517459999999999
RR: 2.681199
DD: 0.022879
DR: 0.648233
RR: 2.614865
DD: 0.022376
DR: 0.635073
RR: 2.707924
DD: 0.022326
DR: 0.634687
RR: 2.671167
DD: 0.022314999999999998
DR: 0.623051
RR: 2.648153
DD: 0.022444
DR: 0.6332450000000001
RR: 2.618848
DD: 0.022022
DR: 0.629019
RR: 2.63373
DD: 0.022217
DR: 0.63195
RR: 2.557558
DD: 0.022059
DR: 0.60659
RR: 2.48914
saved to _G20.5_rmin0.001_rmax10.0_nbins30_zsplit4bin3_Lsplit4bin3_N50_Planck_MC_b30

done!
