Starting batch job

G20.5: computing wtheta in 30 bins from 0.001 to 10.0 on a log scale...

Pixels masked by MC but not already by selfunc: 1737
G20.5_zsplit3bin0_Lsplit2bin0: 0.39              132572 vs 215881
/home/groups/tabel/mahlet/quaia-env/lib/python3.10/site-packages/Corrfunc/utils.py:918: UserWarning: One or more input array has non-native endianness!  A copy will be made with the correct endianness.
  warnings.warn("One or more input array has non-native endianness!  A copy will"\
DD: 0.076323
DR: 2.144204
RR: 14.721068
saved to _G20.5_rmin0.001_rmax10.0_nbins30_zsplit3bin0_Lsplit2bin0_Planck_MC_b30
Pixels masked by MC but not already by selfunc: 1534
G20.5_zsplit3bin0_Lsplit2bin1: 0.26              159503 vs 215882
/home/groups/tabel/mahlet/quaia-env/lib/python3.10/site-packages/Corrfunc/utils.py:918: UserWarning: One or more input array has non-native endianness!  A copy will be made with the correct endianness.
  warnings.warn("One or more input array has non-native endianness!  A copy will"\
DD: 0.07519100000000001
DR: 2.932543
RR: 23.71997
saved to _G20.5_rmin0.001_rmax10.0_nbins30_zsplit3bin0_Lsplit2bin1_Planck_MC_b30
Pixels masked by MC but not already by selfunc: 1695
G20.5_zsplit3bin1_Lsplit2bin0: 0.38              134351 vs 215952
/home/groups/tabel/mahlet/quaia-env/lib/python3.10/site-packages/Corrfunc/utils.py:918: UserWarning: One or more input array has non-native endianness!  A copy will be made with the correct endianness.
  warnings.warn("One or more input array has non-native endianness!  A copy will"\
DD: 0.062165
DR: 2.460771
RR: 18.283026
saved to _G20.5_rmin0.001_rmax10.0_nbins30_zsplit3bin1_Lsplit2bin0_Planck_MC_b30
Pixels masked by MC but not already by selfunc: 1434
G20.5_zsplit3bin1_Lsplit2bin1: 0.22              167537 vs 215953
/home/groups/tabel/mahlet/quaia-env/lib/python3.10/site-packages/Corrfunc/utils.py:918: UserWarning: One or more input array has non-native endianness!  A copy will be made with the correct endianness.
  warnings.warn("One or more input array has non-native endianness!  A copy will"\
DD: 0.08868799999999999
DR: 3.553693
RR: 30.637339
saved to _G20.5_rmin0.001_rmax10.0_nbins30_zsplit3bin1_Lsplit2bin1_Planck_MC_b30
Pixels masked by MC but not already by selfunc: 2091
G20.5_zsplit3bin2_Lsplit2bin0: 0.33              143858 vs 215917
/home/groups/tabel/mahlet/quaia-env/lib/python3.10/site-packages/Corrfunc/utils.py:918: UserWarning: One or more input array has non-native endianness!  A copy will be made with the correct endianness.
  warnings.warn("One or more input array has non-native endianness!  A copy will"\
DD: 0.068386
DR: 2.767777
RR: 20.691089
saved to _G20.5_rmin0.001_rmax10.0_nbins30_zsplit3bin2_Lsplit2bin0_Planck_MC_b30
Pixels masked by MC but not already by selfunc: 1833
G20.5_zsplit3bin2_Lsplit2bin1: 0.22              169421 vs 215917
/home/groups/tabel/mahlet/quaia-env/lib/python3.10/site-packages/Corrfunc/utils.py:918: UserWarning: One or more input array has non-native endianness!  A copy will be made with the correct endianness.
  warnings.warn("One or more input array has non-native endianness!  A copy will"\
DD: 0.089144
DR: 3.789356
RR: 30.139773
saved to _G20.5_rmin0.001_rmax10.0_nbins30_zsplit3bin2_Lsplit2bin1_Planck_MC_b30
done!
