Starting batch job
Running selection function with fn_catalog=../data/quaia_G20.5_zmin0.0zmax1.0_Lsplit2bin1.fits, fn_selfunc=../data/maps/selection_function_NSIDE64_G20.5_zmin0.0zmax1.0_Lsplit2bin1.fits, fn_parentcat=../data/quaia_G20.5.fits, map_names=['dust', 'stars', 'm10', 'mcs', 'unwise', 'unwisescan', 'mcsunwise', 'zodi1.25', 'zodi3.4', 'zodi4.6']
Loading data
Making QSO map
Map templates: ['dust', 'stars', 'm10', 'mcs', 'unwise', 'unwisescan', 'mcsunwise', 'zodi1.25', 'zodi3.4', 'zodi4.6']
Dustmap already exists, loading from ../data/maps/map_dust_NSIDE64.npy
Star map already exists, loading from ../data/maps/map_stars_NSIDE64.npy
M10 map already exists, loading from ../data/maps/map_m10_NSIDE64.npy
MCs map already exists, loading from ../data/maps/map_mcs_NSIDE64.npy
unWISE map already exists, loading from ../data/maps/map_unwise_NSIDE64.npy
unWISE scan map already exists, loading from ../data/maps/map_unwisescan_NSIDE64.npy
MCs map already exists, loading from ../data/maps/map_mcsunwise_NSIDE64.npy
Zodi map already exists, loading from ../data/maps/map_zodi1.25_NSIDE64.npy
Zodi map already exists, loading from ../data/maps/map_zodi3.4_NSIDE64.npy
Zodi map already exists, loading from ../data/maps/map_zodi4.6_NSIDE64.npy
Constructing X
(10, 49152)
(10, 49152)
Getting indices to fit
err min max: 0.0 4.123105625617661
Training fitter
X_train: (37102, 10) y_train: (37102,)
y_train min: 1.0 y_train: 17.0
fit_mean = True
n params: 10
parameter names: ('mean:value', 'kernel:k1:log_constant', 'kernel:k2:metric:log_M_0_0', 'kernel:k2:metric:log_M_1_1', 'kernel:k2:metric:log_M_2_2', 'kernel:k2:metric:log_M_3_3', 'kernel:k2:metric:log_M_4_4', 'kernel:k2:metric:log_M_5_5', 'kernel:k2:metric:log_M_6_6', 'kernel:k2:metric:log_M_7_7', 'kernel:k2:metric:log_M_8_8', 'kernel:k2:metric:log_M_9_9')
paramters init: [ 0.         -3.15953664 -0.5         1.5        -1.          5.
  0.8         0.         10.          1.          1.          1.        ]
y minmax 0.0 2.833213344056216
yerr: [1.         1.         1.         ... 2.44948974 1.         1.73205081] [1.         1.         1.         ... 0.40824829 1.         0.57735027]
p compute: [ 0.         -3.15953664 -0.5         1.5        -1.          5.
  0.8         0.         10.          1.          1.          1.        ]
lnlike compute: -25674.81363530304
Minimizing
  message: Optimization terminated successfully.
  success: True
   status: 0
      fun: 25623.171923251248
        x: [ 1.030e+00 -2.926e+00 -1.930e-01  4.203e+00  2.563e-01
             7.766e+00  1.402e+00  2.463e+00  1.189e+02 -2.649e-01
             1.600e+01 -8.424e-01]
      nit: 51
      jac: [ 9.578e-06 -7.297e-06 -5.264e-06  3.398e-06  2.676e-06
             1.893e-06  7.517e-06  3.100e-06 -7.958e-49 -9.043e-07
            -1.337e-09 -9.249e-06]
 hess_inv: [[ 1.154e-01  7.288e-03 ...  4.679e+02 -5.355e-02]
            [ 7.288e-03  2.075e-01 ...  3.554e+02 -8.384e-03]
            ...
            [ 4.679e+02  3.554e+02 ...  2.577e+08 -2.506e+03]
            [-5.355e-02 -8.384e-03 ... -2.506e+03  8.614e-01]]
     nfev: 56
     njev: 56
p post op: [  1.03031513  -2.92645712  -0.19298645   4.20258053   0.25632253
   7.76553448   1.40184426   2.46259032 118.90564146  -0.26486326
  16.00207261  -0.84240946]
lnlike final: -25623.171923251248
Predicting
setting the output map dtype to [dtype('float64')]
predict p: [  1.03031513  -2.92645712  -0.19298645   4.20258053   0.25632253
   7.76553448   1.40184426   2.46259032 118.90564146  -0.26486326
  16.00207261  -0.84240946]
Saving ypred map to ../data/maps/y_pred_selection_function_NSIDE64_G20.5_zmin0.0zmax1.0_Lsplit2bin1.fits
y_pred_full: [1.50229373 1.6838252  2.5111723  ... 2.95627671 3.00184156 2.83012539]
0
RMSE: 2.1254380463268836
Making selection function map
setting the output map dtype to [dtype('float64')]
Number of clean healpixels: 479 (Total: 49152)
Using parent catalog to determine zero-probability pixels
(If i_keep also passed, will be ignored!)
min: 0.0, max: 0.6566816805076258
map_prob: [0.13336332 0.14947844 0.22292463 ... 0.26243795 0.26648288 0.2512391 ]
Saved map to ../data/maps/selection_function_NSIDE64_G20.5_zmin0.0zmax1.0_Lsplit2bin1.fits!
Time: 43709.65541481972 s (728.494256913662 min)
allsky 
../data/randoms/random_G20.5_zmin0.0zmax1.0_Lsplit2bin1_25x.fits
Loading data
Number of data sources: 162168
Estimating reduction factor
Sel func min and max: 0.0 0.6566816805076258
Subsampling by 0.524 for probability map
Generating random with 25 times N_data
Sel func min and max: 0.0 0.6566816805076258
Subsampling by 0.525 for probability map
Number of final random sources: 4054517
Wrote random to ../data/randoms/random_G20.5_zmin0.0zmax1.0_Lsplit2bin1_25x.fits!
