Starting batch job
Running selection function with fn_catalog=../data/quaia_G20.5_zmin1.0zmax2.0_Lsplit3bin0.fits, fn_selfunc=../data/maps/selection_function_NSIDE64_G20.5_zmin1.0zmax2.0_Lsplit3bin0.fits, fn_parentcat=../data/quaia_G20.5.fits, map_names=['dust', 'stars', 'm10', 'mcs', 'unwise', 'unwisescan', 'mcsunwise', 'zodi1.25', 'zodi3.4', 'zodi4.6']
Loading data
Making QSO map
Map templates: ['dust', 'stars', 'm10', 'mcs', 'unwise', 'unwisescan', 'mcsunwise', 'zodi1.25', 'zodi3.4', 'zodi4.6']
Dustmap already exists, loading from ../data/maps/map_dust_NSIDE64.npy
Star map already exists, loading from ../data/maps/map_stars_NSIDE64.npy
M10 map already exists, loading from ../data/maps/map_m10_NSIDE64.npy
MCs map already exists, loading from ../data/maps/map_mcs_NSIDE64.npy
unWISE map already exists, loading from ../data/maps/map_unwise_NSIDE64.npy
unWISE scan map already exists, loading from ../data/maps/map_unwisescan_NSIDE64.npy
MCs map already exists, loading from ../data/maps/map_mcsunwise_NSIDE64.npy
Zodi map already exists, loading from ../data/maps/map_zodi1.25_NSIDE64.npy
Zodi map already exists, loading from ../data/maps/map_zodi3.4_NSIDE64.npy
Zodi map already exists, loading from ../data/maps/map_zodi4.6_NSIDE64.npy
Constructing X
(10, 49152)
(10, 49152)
Getting indices to fit
err min max: 0.0 4.358898943540674
Training fitter
X_train: (41482, 10) y_train: (41482,)
y_train min: 1.0 y_train: 19.0
fit_mean = True
n params: 10
parameter names: ('mean:value', 'kernel:k1:log_constant', 'kernel:k2:metric:log_M_0_0', 'kernel:k2:metric:log_M_1_1', 'kernel:k2:metric:log_M_2_2', 'kernel:k2:metric:log_M_3_3', 'kernel:k2:metric:log_M_4_4', 'kernel:k2:metric:log_M_5_5', 'kernel:k2:metric:log_M_6_6', 'kernel:k2:metric:log_M_7_7', 'kernel:k2:metric:log_M_8_8', 'kernel:k2:metric:log_M_9_9')
paramters init: [ 0.         -3.42983735 -0.5         1.5        -1.          5.
  0.8         0.         10.          1.          1.          1.        ]
y minmax 0.0 2.9444389791664403
yerr: [3.         3.31662479 3.16227766 ... 2.64575131 3.16227766 2.82842712] [0.33333333 0.30151134 0.31622777 ... 0.37796447 0.31622777 0.35355339]
p compute: [ 0.         -3.42983735 -0.5         1.5        -1.          5.
  0.8         0.         10.          1.          1.          1.        ]
lnlike compute: -25379.071126160914
Minimizing
  message: Optimization terminated successfully.
  success: True
   status: 0
      fun: 25329.85677258329
        x: [ 1.420e+00 -3.617e+00 -7.325e-01  1.525e+00 -1.388e+00
             4.090e+00  4.918e-01 -1.061e+00  6.348e+01 -9.567e-01
             1.411e+01  1.678e+02]
      nit: 42
      jac: [-7.704e-06 -7.839e-07  2.072e-06 -5.982e-07 -9.042e-08
             1.166e-06 -1.059e-06 -5.979e-07 -3.583e-25  5.871e-06
            -1.514e-08 -1.511e-73]
 hess_inv: [[ 1.419e-02 -4.583e-03 ... -4.264e+00 -5.282e+01]
            [-4.583e-03  4.234e-02 ...  5.472e+00  6.772e+01]
            ...
            [-4.264e+00  5.472e+00 ...  2.288e+07  2.835e+08]
            [-5.282e+01  6.772e+01 ...  2.835e+08  3.513e+09]]
     nfev: 46
     njev: 46
p post op: [  1.42009435  -3.61741767  -0.73252648   1.52472935  -1.3884815
   4.09048794   0.49182165  -1.0611034   63.47659584  -0.9567397
  14.11374642 167.82669586]
lnlike final: -25329.85677258329
Predicting
setting the output map dtype to [dtype('float64')]
predict p: [  1.42009435  -3.61741767  -0.73252648   1.52472935  -1.3884815
   4.09048794   0.49182165  -1.0611034   63.47659584  -0.9567397
  14.11374642 167.82669586]
Saving ypred map to ../data/maps/y_pred_selection_function_NSIDE64_G20.5_zmin1.0zmax2.0_Lsplit3bin0.fits
y_pred_full: [7.65091197 8.0609345  7.35500446 ... 6.86459519 6.68846554 7.07576536]
0
RMSE: 2.3381165240208586
Making selection function map
setting the output map dtype to [dtype('float64')]
Number of clean healpixels: 479 (Total: 49152)
Using parent catalog to determine zero-probability pixels
(If i_keep also passed, will be ignored!)
min: 0.0, max: 1.6435052021182288
map_prob: [0.8435356  0.88874179 0.81091092 ... 0.75684186 0.73742304 0.78012399]
Saved map to ../data/maps/selection_function_NSIDE64_G20.5_zmin1.0zmax2.0_Lsplit3bin0.fits!
Time: 29471.717895269394 s (491.1952982544899 min)
allsky 
../data/randoms/random_G20.5_zmin1.0zmax2.0_Lsplit3bin0_25x.fits
Loading data
Number of data sources: 216065
Estimating reduction factor
Sel func min and max: 0.0 1.6435052021182288
Subsampling by 0.330 for probability map
Generating random with 25 times N_data
Sel func min and max: 0.0 1.6435052021182288
Subsampling by 0.329 for probability map
Number of final random sources: 5397283
Wrote random to ../data/randoms/random_G20.5_zmin1.0zmax2.0_Lsplit3bin0_25x.fits!
