Starting batch job
Running selection function with fn_catalog=../data/quaia_G20.5_zmin2.0zmax3.0_Lmaxsplit4bin0.fits, fn_selfunc=../data/maps/selection_function_NSIDE64_G20.5_zmin2.0zmax3.0_Lmaxsplit4bin0.fits, fn_parentcat=../data/quaia_G20.5.fits, map_names=['dust', 'stars', 'm10', 'mcs', 'unwise', 'unwisescan', 'mcsunwise', 'zodi1.25', 'zodi3.4', 'zodi4.6']
Loading data
Making QSO map
Map templates: ['dust', 'stars', 'm10', 'mcs', 'unwise', 'unwisescan', 'mcsunwise', 'zodi1.25', 'zodi3.4', 'zodi4.6']
Dustmap already exists, loading from ../data/maps/map_dust_NSIDE64.npy
Star map already exists, loading from ../data/maps/map_stars_NSIDE64.npy
M10 map already exists, loading from ../data/maps/map_m10_NSIDE64.npy
MCs map already exists, loading from ../data/maps/map_mcs_NSIDE64.npy
unWISE map already exists, loading from ../data/maps/map_unwise_NSIDE64.npy
unWISE scan map already exists, loading from ../data/maps/map_unwisescan_NSIDE64.npy
MCs map already exists, loading from ../data/maps/map_mcsunwise_NSIDE64.npy
Zodi map already exists, loading from ../data/maps/map_zodi1.25_NSIDE64.npy
Zodi map already exists, loading from ../data/maps/map_zodi3.4_NSIDE64.npy
Zodi map already exists, loading from ../data/maps/map_zodi4.6_NSIDE64.npy
Constructing X
(10, 49152)
(10, 49152)
Getting indices to fit
err min max: 0.0 4.58257569495584
Training fitter
X_train: (33482, 10) y_train: (33482,)
y_train min: 1.0 y_train: 21.0
fit_mean = True
n params: 10
parameter names: ('mean:value', 'kernel:k1:log_constant', 'kernel:k2:metric:log_M_0_0', 'kernel:k2:metric:log_M_1_1', 'kernel:k2:metric:log_M_2_2', 'kernel:k2:metric:log_M_3_3', 'kernel:k2:metric:log_M_4_4', 'kernel:k2:metric:log_M_5_5', 'kernel:k2:metric:log_M_6_6', 'kernel:k2:metric:log_M_7_7', 'kernel:k2:metric:log_M_8_8', 'kernel:k2:metric:log_M_9_9')
paramters init: [ 0.         -3.53397213 -0.5         1.5        -1.          5.
  0.8         0.         10.          1.          1.          1.        ]
y minmax 0.0 3.044522437723423
yerr: [2.         2.44948974 1.73205081 ... 2.         1.73205081 1.73205081] [0.5        0.40824829 0.57735027 ... 0.5        0.57735027 0.57735027]
p compute: [ 0.         -3.53397213 -0.5         1.5        -1.          5.
  0.8         0.         10.          1.          1.          1.        ]
lnlike compute: -30254.071622270545
Minimizing
  message: Optimization terminated successfully.
  success: True
   status: 0
      fun: 30204.181984404233
        x: [ 8.494e-01 -3.243e+00 -1.164e+00  4.297e+01  2.110e+00
             1.307e+00  1.420e+00  2.961e+00  2.681e+01  6.326e+01
             4.955e+01  5.864e+01]
      nit: 45
      jac: [-7.691e-06 -1.763e-06 -7.045e-06  2.357e-16  2.550e-06
             9.849e-07 -1.109e-06  1.736e-06 -1.801e-09 -1.099e-26
            -1.218e-21 -1.575e-24]
 hess_inv: [[ 3.316e-02  2.360e-04 ...  8.287e+01  9.300e+01]
            [ 2.360e-04  9.095e-02 ... -8.789e+02 -9.864e+02]
            ...
            [ 8.287e+01 -8.789e+02 ...  1.539e+09  1.728e+09]
            [ 9.300e+01 -9.864e+02 ...  1.728e+09  1.939e+09]]
     nfev: 48
     njev: 48
p post op: [ 0.84935246 -3.24323393 -1.16383248 42.97284813  2.10957026  1.3074462
  1.41998021  2.96119938 26.80715012 63.25878467 49.54506187 58.64246698]
lnlike final: -30204.181984404233
Predicting
setting the output map dtype to [dtype('float64')]
predict p: [ 0.84935246 -3.24323393 -1.16383248 42.97284813  2.10957026  1.3074462
  1.41998021  2.96119938 26.80715012 63.25878467 49.54506187 58.64246698]
Saving ypred map to ../data/maps/y_pred_selection_function_NSIDE64_G20.5_zmin2.0zmax3.0_Lmaxsplit4bin0.fits
y_pred_full: [2.8022253  3.11683091 3.17265795 ... 2.7169498  2.85979542 2.81622395]
0
RMSE: 1.229049274217784
Making selection function map
setting the output map dtype to [dtype('float64')]
Number of clean healpixels: 479 (Total: 49152)
Using parent catalog to determine zero-probability pixels
(If i_keep also passed, will be ignored!)
min: 0.0, max: 2.9462873736414523
map_prob: [0.64193379 0.71400364 0.7267925  ... 0.62239888 0.65512195 0.6451406 ]
Saved map to ../data/maps/selection_function_NSIDE64_G20.5_zmin2.0zmax3.0_Lmaxsplit4bin0.fits!
Time: 15389.231191396713 s (256.4871865232786 min)
allsky 
../data/randoms/random_G20.5_zmin2.0zmax3.0_Lmaxsplit4bin0_25x.fits
Loading data
Number of data sources: 71627
Estimating reduction factor
Sel func min and max: 0.0 2.9462873736414523
Subsampling by 0.162 for probability map
Generating random with 25 times N_data
Sel func min and max: 0.0 2.9462873736414523
Subsampling by 0.162 for probability map
Number of final random sources: 1789466
Wrote random to ../data/randoms/random_G20.5_zmin2.0zmax3.0_Lmaxsplit4bin0_25x.fits!
