Starting batch job
Running selection function with fn_catalog=../data/quaia_G20.5_zmin1.0zmax2.0_Lmaxsplit3bin1.fits, fn_selfunc=../data/maps/selection_function_NSIDE64_G20.5_zmin1.0zmax2.0_Lmaxsplit3bin1.fits, fn_parentcat=../data/quaia_G20.5.fits, map_names=['dust', 'stars', 'm10', 'mcs', 'unwise', 'unwisescan', 'mcsunwise', 'zodi1.25', 'zodi3.4', 'zodi4.6']
Loading data
Making QSO map
Map templates: ['dust', 'stars', 'm10', 'mcs', 'unwise', 'unwisescan', 'mcsunwise', 'zodi1.25', 'zodi3.4', 'zodi4.6']
Dustmap already exists, loading from ../data/maps/map_dust_NSIDE64.npy
Star map already exists, loading from ../data/maps/map_stars_NSIDE64.npy
M10 map already exists, loading from ../data/maps/map_m10_NSIDE64.npy
MCs map already exists, loading from ../data/maps/map_mcs_NSIDE64.npy
unWISE map already exists, loading from ../data/maps/map_unwise_NSIDE64.npy
unWISE scan map already exists, loading from ../data/maps/map_unwisescan_NSIDE64.npy
MCs map already exists, loading from ../data/maps/map_mcsunwise_NSIDE64.npy
Zodi map already exists, loading from ../data/maps/map_zodi1.25_NSIDE64.npy
Zodi map already exists, loading from ../data/maps/map_zodi3.4_NSIDE64.npy
Zodi map already exists, loading from ../data/maps/map_zodi4.6_NSIDE64.npy
Constructing X
(10, 49152)
(10, 49152)
Getting indices to fit
err min max: 0.0 5.196152422706632
Training fitter
X_train: (41756, 10) y_train: (41756,)
y_train min: 1.0 y_train: 27.0
fit_mean = True
n params: 10
parameter names: ('mean:value', 'kernel:k1:log_constant', 'kernel:k2:metric:log_M_0_0', 'kernel:k2:metric:log_M_1_1', 'kernel:k2:metric:log_M_2_2', 'kernel:k2:metric:log_M_3_3', 'kernel:k2:metric:log_M_4_4', 'kernel:k2:metric:log_M_5_5', 'kernel:k2:metric:log_M_6_6', 'kernel:k2:metric:log_M_7_7', 'kernel:k2:metric:log_M_8_8', 'kernel:k2:metric:log_M_9_9')
paramters init: [ 0.         -3.36053129 -0.5         1.5        -1.          5.
  0.8         0.         10.          1.          1.          1.        ]
y minmax 0.0 3.295836866004329
yerr: [3.16227766 3.74165739 4.         ... 3.31662479 3.74165739 3.31662479] [0.31622777 0.26726124 0.25       ... 0.30151134 0.26726124 0.30151134]
p compute: [ 0.         -3.36053129 -0.5         1.5        -1.          5.
  0.8         0.         10.          1.          1.          1.        ]
lnlike compute: -13026.481786323304
Minimizing
  message: Optimization terminated successfully.
  success: True
   status: 0
      fun: 12935.315191156824
        x: [ 1.827e+00 -3.302e+00 -5.286e-01  1.285e+00 -1.338e+00
             4.350e+00  9.988e-01 -1.162e+00  1.334e+02 -1.236e+00
             1.827e+01 -5.763e-01]
      nit: 48
      jac: [ 5.010e-07 -6.669e-06  2.051e-06  1.141e-06  5.917e-07
             2.159e-07  4.825e-07  1.184e-06 -5.735e-55 -8.882e-08
            -2.322e-10  2.617e-07]
 hess_inv: [[ 1.913e-02 -3.439e-03 ...  5.306e+01 -6.860e-03]
            [-3.439e-03  2.338e-02 ... -8.947e+02  3.258e-02]
            ...
            [ 5.306e+01 -8.947e+02 ...  1.447e+09  1.255e+03]
            [-6.860e-03  3.258e-02 ...  1.255e+03  9.217e-01]]
     nfev: 53
     njev: 53
p post op: [  1.82736524  -3.30229648  -0.52859866   1.28502631  -1.33761635
   4.34997402   0.99877499  -1.16208982 133.36972606  -1.23600863
  18.27474506  -0.57626574]
lnlike final: -12935.315191156824
Predicting
setting the output map dtype to [dtype('float64')]
predict p: [  1.82736524  -3.30229648  -0.52859866   1.28502631  -1.33761635
   4.34997402   0.99877499  -1.16208982 133.36972606  -1.23600863
  18.27474506  -0.57626574]
Saving ypred map to ../data/maps/y_pred_selection_function_NSIDE64_G20.5_zmin1.0zmax2.0_Lmaxsplit3bin1.fits
y_pred_full: [ 8.66039358  9.65869726 11.18190796 ... 11.353205   11.22570553
 11.4420913 ]
0
RMSE: 3.342921309695319
Making selection function map
setting the output map dtype to [dtype('float64')]
Number of clean healpixels: 479 (Total: 49152)
Using parent catalog to determine zero-probability pixels
(If i_keep also passed, will be ignored!)
min: 0.0, max: 0.8938748586786135
map_prob: [0.4732953  0.52785315 0.61109746 ... 0.62045893 0.61349102 0.62531662]
Saved map to ../data/maps/selection_function_NSIDE64_G20.5_zmin1.0zmax2.0_Lmaxsplit3bin1.fits!
Time: 29706.277702093124 s (495.10462836821875 min)
allsky 
../data/randoms/random_G20.5_zmin1.0zmax2.0_Lmaxsplit3bin1_25x.fits
Loading data
Number of data sources: 432130
Estimating reduction factor
Sel func min and max: 0.0 0.8938748586786135
Subsampling by 0.568 for probability map
Generating random with 25 times N_data
Sel func min and max: 0.0 0.8938748586786135
Subsampling by 0.568 for probability map
Number of final random sources: 10801659
Wrote random to ../data/randoms/random_G20.5_zmin1.0zmax2.0_Lmaxsplit3bin1_25x.fits!
