Starting batch job
Running selection function with fn_catalog=../data/quaia_G20.5_zmin3.0zmax4.6_Lsplit4bin3.fits, fn_selfunc=../data/maps/selection_function_NSIDE64_G20.5_zmin3.0zmax4.6_Lsplit4bin3.fits, fn_parentcat=../data/quaia_G20.5.fits, map_names=['dust', 'stars', 'm10', 'mcs', 'unwise', 'unwisescan', 'mcsunwise', 'zodi1.25', 'zodi3.4', 'zodi4.6']
Loading data
Making QSO map
Map templates: ['dust', 'stars', 'm10', 'mcs', 'unwise', 'unwisescan', 'mcsunwise', 'zodi1.25', 'zodi3.4', 'zodi4.6']
Dustmap already exists, loading from ../data/maps/map_dust_NSIDE64.npy
Star map already exists, loading from ../data/maps/map_stars_NSIDE64.npy
M10 map already exists, loading from ../data/maps/map_m10_NSIDE64.npy
MCs map already exists, loading from ../data/maps/map_mcs_NSIDE64.npy
unWISE map already exists, loading from ../data/maps/map_unwise_NSIDE64.npy
unWISE scan map already exists, loading from ../data/maps/map_unwisescan_NSIDE64.npy
MCs map already exists, loading from ../data/maps/map_mcsunwise_NSIDE64.npy
Zodi map already exists, loading from ../data/maps/map_zodi1.25_NSIDE64.npy
Zodi map already exists, loading from ../data/maps/map_zodi3.4_NSIDE64.npy
Zodi map already exists, loading from ../data/maps/map_zodi4.6_NSIDE64.npy
Constructing X
(10, 49152)
(10, 49152)
Getting indices to fit
err min max: 0.0 2.449489742783178
Training fitter
X_train: (7622, 10) y_train: (7622,)
y_train min: 1.0 y_train: 6.0
fit_mean = True
n params: 10
parameter names: ('mean:value', 'kernel:k1:log_constant', 'kernel:k2:metric:log_M_0_0', 'kernel:k2:metric:log_M_1_1', 'kernel:k2:metric:log_M_2_2', 'kernel:k2:metric:log_M_3_3', 'kernel:k2:metric:log_M_4_4', 'kernel:k2:metric:log_M_5_5', 'kernel:k2:metric:log_M_6_6', 'kernel:k2:metric:log_M_7_7', 'kernel:k2:metric:log_M_8_8', 'kernel:k2:metric:log_M_9_9')
paramters init: [ 0.         -4.78187194 -0.5         1.5        -1.          5.
  0.8         0.         10.          1.          1.          1.        ]
y minmax 0.0 1.791759469228055
yerr: [1. 1. 1. ... 1. 1. 1.] [1. 1. 1. ... 1. 1. 1.]
p compute: [ 0.         -4.78187194 -0.5         1.5        -1.          5.
  0.8         0.         10.          1.          1.          1.        ]
lnlike compute: -7150.392608271559
Minimizing
  message: Optimization terminated successfully.
  success: True
   status: 0
      fun: 7138.0489629887215
        x: [ 2.008e-01 -6.050e+00 -3.433e+00  3.234e+00  2.190e+02
             1.779e+02  2.162e+02  3.153e+02  2.691e+01  1.059e+02
             4.268e+01  1.212e+02]
      nit: 51
      jac: [ 8.784e-06  3.457e-06 -1.286e-06 -8.688e-07 -6.332e-96
            -7.609e-76 -6.112e-94 -9.874e-137 -3.147e-10 -5.232e-47
            -1.918e-20 -1.813e-53]
 hess_inv: [[ 9.828e-03  3.017e-02 ... -2.275e+02 -6.460e+02]
            [ 3.017e-02  1.187e+00 ...  9.575e+03  2.719e+04]
            ...
            [-2.275e+02  9.575e+03 ...  6.284e+09  1.785e+10]
            [-6.460e+02  2.719e+04 ...  1.785e+10  5.068e+10]]
     nfev: 54
     njev: 54
p post op: [ 2.00801267e-01 -6.04953838e+00 -3.43332361e+00  3.23389426e+00
  2.18990983e+02  1.77925859e+02  2.16150171e+02  3.15267973e+02
  2.69058295e+01  1.05924404e+02  4.26772456e+01  1.21230833e+02]
lnlike final: -7138.0489629887215
Predicting
setting the output map dtype to [dtype('float64')]
predict p: [ 2.00801267e-01 -6.04953838e+00 -3.43332361e+00  3.23389426e+00
  2.18990983e+02  1.77925859e+02  2.16150171e+02  3.15267973e+02
  2.69058295e+01  1.05924404e+02  4.26772456e+01  1.21230833e+02]
Saving ypred map to ../data/maps/y_pred_selection_function_NSIDE64_G20.5_zmin3.0zmax4.6_Lsplit4bin3.fits
y_pred_full: [1.22138743 1.21836348 1.1539085  ... 1.08065837 1.07930853 1.09881891]
0
RMSE: 0.46634262179409364
Making selection function map
setting the output map dtype to [dtype('float64')]
Number of clean healpixels: 479 (Total: 49152)
Using parent catalog to determine zero-probability pixels
(If i_keep also passed, will be ignored!)
min: 0.0, max: 0.6902607976595458
map_prob: [0.58771479 0.58625971 0.55524486 ... 0.51999791 0.51934838 0.52873651]
Saved map to ../data/maps/selection_function_NSIDE64_G20.5_zmin3.0zmax4.6_Lsplit4bin3.fits!
Time: 1916.8890361785889 s (31.94815060297648 min)
allsky 
../data/randoms/random_G20.5_zmin3.0zmax4.6_Lsplit4bin3_25x.fits
Loading data
Number of data sources: 9115
Estimating reduction factor
Sel func min and max: 0.0 0.6902607976595458
Subsampling by 0.730 for probability map
Generating random with 25 times N_data
Sel func min and max: 0.0 0.6902607976595458
Subsampling by 0.731 for probability map
Number of final random sources: 228160
Wrote random to ../data/randoms/random_G20.5_zmin3.0zmax4.6_Lsplit4bin3_25x.fits!
