Starting batch job
Running selection function with fn_catalog=../data/quaia_G20.5_zsplit4bin2_Lmaxsplit3bin2.fits, fn_selfunc=../data/maps/selection_function_NSIDE64_G20.5_zsplit4bin2_Lmaxsplit3bin2.fits, fn_parentcat=../data/quaia_G20.5.fits, map_names=['dust', 'stars', 'm10', 'mcs', 'unwise', 'unwisescan', 'mcsunwise', 'zodi1.25', 'zodi3.4', 'zodi4.6']
Loading data
Making QSO map
Map templates: ['dust', 'stars', 'm10', 'mcs', 'unwise', 'unwisescan', 'mcsunwise', 'zodi1.25', 'zodi3.4', 'zodi4.6']
Dustmap already exists, loading from ../data/maps/map_dust_NSIDE64.npy
Star map already exists, loading from ../data/maps/map_stars_NSIDE64.npy
M10 map already exists, loading from ../data/maps/map_m10_NSIDE64.npy
MCs map already exists, loading from ../data/maps/map_mcs_NSIDE64.npy
unWISE map already exists, loading from ../data/maps/map_unwise_NSIDE64.npy
unWISE scan map already exists, loading from ../data/maps/map_unwisescan_NSIDE64.npy
MCs map already exists, loading from ../data/maps/map_mcsunwise_NSIDE64.npy
Zodi map already exists, loading from ../data/maps/map_zodi1.25_NSIDE64.npy
Zodi map already exists, loading from ../data/maps/map_zodi3.4_NSIDE64.npy
Zodi map already exists, loading from ../data/maps/map_zodi4.6_NSIDE64.npy
Constructing X
(10, 49152)
(10, 49152)
Getting indices to fit
err min max: 0.0 4.898979485566356
Training fitter
X_train: (40514, 10) y_train: (40514,)
y_train min: 1.0 y_train: 24.0
fit_mean = True
n params: 10
parameter names: ('mean:value', 'kernel:k1:log_constant', 'kernel:k2:metric:log_M_0_0', 'kernel:k2:metric:log_M_1_1', 'kernel:k2:metric:log_M_2_2', 'kernel:k2:metric:log_M_3_3', 'kernel:k2:metric:log_M_4_4', 'kernel:k2:metric:log_M_5_5', 'kernel:k2:metric:log_M_6_6', 'kernel:k2:metric:log_M_7_7', 'kernel:k2:metric:log_M_8_8', 'kernel:k2:metric:log_M_9_9')
paramters init: [ 0.         -3.19483926 -0.5         1.5        -1.          5.
  0.8         0.         10.          1.          1.          1.        ]
y minmax 0.0 3.1780538303479453
yerr: [2.         2.64575131 3.16227766 ... 2.82842712 3.46410162 2.82842712] [0.5        0.37796447 0.31622777 ... 0.35355339 0.28867513 0.35355339]
p compute: [ 0.         -3.19483926 -0.5         1.5        -1.          5.
  0.8         0.         10.          1.          1.          1.        ]
lnlike compute: -17707.097060918084
Minimizing
  message: Optimization terminated successfully.
  success: True
   status: 0
      fun: 17659.00844582568
        x: [ 1.523e+00 -3.110e+00 -5.804e-01  2.991e+00 -1.923e+00
             5.342e+00  1.165e+00  8.595e-01  1.271e+02 -9.519e-01
             1.842e+01 -5.543e-01]
      nit: 51
      jac: [ 7.230e-06  1.583e-06  9.087e-08  2.808e-06  1.436e-08
            -1.091e-06  6.887e-07  6.391e-07 -2.451e-52  1.691e-07
            -1.665e-10  1.452e-06]
 hess_inv: [[ 3.647e-02 -1.040e-02 ... -4.535e+02 -4.661e-02]
            [-1.040e-02  7.843e-02 ... -6.247e+02  3.937e-02]
            ...
            [-4.535e+02 -6.247e+02 ...  2.046e+09  1.057e+04]
            [-4.661e-02  3.937e-02 ...  1.057e+04  2.062e+00]]
     nfev: 56
     njev: 56
p post op: [  1.52334094  -3.11000635  -0.58036089   2.99084527  -1.92317494
   5.3417215    1.16504724   0.85946929 127.14103406  -0.95186742
  18.42340423  -0.55425986]
lnlike final: -17659.00844582568
Predicting
setting the output map dtype to [dtype('float64')]
predict p: [  1.52334094  -3.11000635  -0.58036089   2.99084527  -1.92317494
   5.3417215    1.16504724   0.85946929 127.14103406  -0.95186742
  18.42340423  -0.55425986]
Saving ypred map to ../data/maps/y_pred_selection_function_NSIDE64_G20.5_zsplit4bin2_Lmaxsplit3bin2.fits
y_pred_full: [4.2323578  5.15194121 7.20336309 ... 6.77554289 6.89622708 6.74897408]
0
RMSE: 2.9477558867287446
Making selection function map
setting the output map dtype to [dtype('float64')]
Number of clean healpixels: 479 (Total: 49152)
Using parent catalog to determine zero-probability pixels
(If i_keep also passed, will be ignored!)
min: 0.0, max: 0.664986178914244
map_prob: [0.24508782 0.29833915 0.4171331  ... 0.39235885 0.39934744 0.3908203 ]
Saved map to ../data/maps/selection_function_NSIDE64_G20.5_zsplit4bin2_Lmaxsplit3bin2.fits!
Time: 45049.78074526787 s (750.8296790877978 min)
allsky 
../data/randoms/random_G20.5_zsplit4bin2_Lmaxsplit3bin2_25x.fits
Loading data
Number of data sources: 323808
Estimating reduction factor
Sel func min and max: 0.0 0.664986178914244
Subsampling by 0.620 for probability map
Generating random with 25 times N_data
Sel func min and max: 0.0 0.664986178914244
Subsampling by 0.620 for probability map
Number of final random sources: 8094785
Wrote random to ../data/randoms/random_G20.5_zsplit4bin2_Lmaxsplit3bin2_25x.fits!
