Starting batch job
Running selection function with fn_catalog=../data/quaia_G20.5_zsplit4bin3_Lmaxsplit4bin2.fits, fn_selfunc=../data/maps/selection_function_NSIDE64_G20.5_zsplit4bin3_Lmaxsplit4bin2.fits, fn_parentcat=../data/quaia_G20.5.fits, map_names=['dust', 'stars', 'm10', 'mcs', 'unwise', 'unwisescan', 'mcsunwise', 'zodi1.25', 'zodi3.4', 'zodi4.6']
Loading data
Making QSO map
Map templates: ['dust', 'stars', 'm10', 'mcs', 'unwise', 'unwisescan', 'mcsunwise', 'zodi1.25', 'zodi3.4', 'zodi4.6']
Dustmap already exists, loading from ../data/maps/map_dust_NSIDE64.npy
Star map already exists, loading from ../data/maps/map_stars_NSIDE64.npy
M10 map already exists, loading from ../data/maps/map_m10_NSIDE64.npy
MCs map already exists, loading from ../data/maps/map_mcs_NSIDE64.npy
unWISE map already exists, loading from ../data/maps/map_unwise_NSIDE64.npy
unWISE scan map already exists, loading from ../data/maps/map_unwisescan_NSIDE64.npy
MCs map already exists, loading from ../data/maps/map_mcsunwise_NSIDE64.npy
Zodi map already exists, loading from ../data/maps/map_zodi1.25_NSIDE64.npy
Zodi map already exists, loading from ../data/maps/map_zodi3.4_NSIDE64.npy
Zodi map already exists, loading from ../data/maps/map_zodi4.6_NSIDE64.npy
Constructing X
(10, 49152)
(10, 49152)
Getting indices to fit
err min max: 0.0 5.0
Training fitter
X_train: (39907, 10) y_train: (39907,)
y_train min: 1.0 y_train: 25.0
fit_mean = True
n params: 10
parameter names: ('mean:value', 'kernel:k1:log_constant', 'kernel:k2:metric:log_M_0_0', 'kernel:k2:metric:log_M_1_1', 'kernel:k2:metric:log_M_2_2', 'kernel:k2:metric:log_M_3_3', 'kernel:k2:metric:log_M_4_4', 'kernel:k2:metric:log_M_5_5', 'kernel:k2:metric:log_M_6_6', 'kernel:k2:metric:log_M_7_7', 'kernel:k2:metric:log_M_8_8', 'kernel:k2:metric:log_M_9_9')
paramters init: [ 0.         -3.28432491 -0.5         1.5        -1.          5.
  0.8         0.         10.          1.          1.          1.        ]
y minmax 0.0 3.2188758248682006
yerr: [2.         2.44948974 2.23606798 ... 2.64575131 2.44948974 2.64575131] [0.5        0.40824829 0.4472136  ... 0.37796447 0.40824829 0.37796447]
p compute: [ 0.         -3.28432491 -0.5         1.5        -1.          5.
  0.8         0.         10.          1.          1.          1.        ]
lnlike compute: -21677.30321064401
Minimizing
  message: Optimization terminated successfully.
  success: True
   status: 0
      fun: 21623.89177391721
        x: [ 1.216e+00 -3.329e+00 -3.131e-01  2.219e+00 -5.378e-02
             3.450e+00  1.566e+00  2.239e+00  5.263e+02 -1.334e+00
             1.317e+01 -3.983e+00]
      nit: 55
      jac: [-4.166e-06  1.982e-06  1.229e-06 -6.701e-06 -1.193e-06
            -5.108e-06 -2.865e-06 -3.017e-06 -6.898e-226  1.516e-06
            -2.387e-09 -3.094e-06]
 hess_inv: [[ 2.853e-02 -1.306e-02 ...  8.082e+01  7.190e-03]
            [-1.306e-02  5.285e-02 ...  8.129e+01  5.564e-03]
            ...
            [ 8.082e+01  8.129e+01 ...  1.420e+08 -1.205e+02]
            [ 7.190e-03  5.564e-03 ... -1.205e+02  1.632e-01]]
     nfev: 60
     njev: 60
p post op: [ 1.21585672e+00 -3.32930735e+00 -3.13117631e-01  2.21889269e+00
 -5.37842805e-02  3.45011010e+00  1.56554524e+00  2.23903917e+00
  5.26263091e+02 -1.33354050e+00  1.31737633e+01 -3.98332622e+00]
lnlike final: -21623.89177391721
Predicting
setting the output map dtype to [dtype('float64')]
predict p: [ 1.21585672e+00 -3.32930735e+00 -3.13117631e-01  2.21889269e+00
 -5.37842805e-02  3.45011010e+00  1.56554524e+00  2.23903917e+00
  5.26263091e+02 -1.33354050e+00  1.31737633e+01 -3.98332622e+00]
Saving ypred map to ../data/maps/y_pred_selection_function_NSIDE64_G20.5_zsplit4bin3_Lmaxsplit4bin2.fits
y_pred_full: [3.41941461 4.10412001 6.10152973 ... 5.71824031 5.70243977 5.68902245]
0
RMSE: 2.526697267744645
Making selection function map
setting the output map dtype to [dtype('float64')]
Number of clean healpixels: 479 (Total: 49152)
Using parent catalog to determine zero-probability pixels
(If i_keep also passed, will be ignored!)
min: 0.0, max: 1.2714392000030474
map_prob: [0.26113427 0.31342393 0.46596236 ... 0.43669127 0.43548461 0.43445995]
Saved map to ../data/maps/selection_function_NSIDE64_G20.5_zsplit4bin3_Lmaxsplit4bin2.fits!
Time: 62163.06270956993 s (1036.051045159499 min)
allsky 
../data/randoms/random_G20.5_zsplit4bin3_Lmaxsplit4bin2_25x.fits
Loading data
Number of data sources: 242962
Estimating reduction factor
Sel func min and max: 0.0 1.2714392000030474
Subsampling by 0.329 for probability map
Generating random with 25 times N_data
Sel func min and max: 0.0 1.2714392000030474
Subsampling by 0.329 for probability map
Number of final random sources: 6068317
Wrote random to ../data/randoms/random_G20.5_zsplit4bin3_Lmaxsplit4bin2_25x.fits!
