Starting batch job
Running selection function with fn_catalog=../data/quaia_G20.5_zsplit4bin2_Lsplit4bin3.fits, fn_selfunc=../data/maps/selection_function_NSIDE64_G20.5_zsplit4bin2_Lsplit4bin3.fits, fn_parentcat=../data/quaia_G20.5.fits, map_names=['dust', 'stars', 'm10', 'mcs', 'unwise', 'unwisescan', 'mcsunwise', 'zodi1.25', 'zodi3.4', 'zodi4.6']
Loading data
Making QSO map
Map templates: ['dust', 'stars', 'm10', 'mcs', 'unwise', 'unwisescan', 'mcsunwise', 'zodi1.25', 'zodi3.4', 'zodi4.6']
Dustmap already exists, loading from ../data/maps/map_dust_NSIDE64.npy
Star map already exists, loading from ../data/maps/map_stars_NSIDE64.npy
M10 map already exists, loading from ../data/maps/map_m10_NSIDE64.npy
MCs map already exists, loading from ../data/maps/map_mcs_NSIDE64.npy
unWISE map already exists, loading from ../data/maps/map_unwise_NSIDE64.npy
unWISE scan map already exists, loading from ../data/maps/map_unwisescan_NSIDE64.npy
MCs map already exists, loading from ../data/maps/map_mcsunwise_NSIDE64.npy
Zodi map already exists, loading from ../data/maps/map_zodi1.25_NSIDE64.npy
Zodi map already exists, loading from ../data/maps/map_zodi3.4_NSIDE64.npy
Zodi map already exists, loading from ../data/maps/map_zodi4.6_NSIDE64.npy
Constructing X
(10, 49152)
(10, 49152)
Getting indices to fit
err min max: 0.0 3.605551275463989
Training fitter
X_train: (28038, 10) y_train: (28038,)
y_train min: 1.0 y_train: 13.0
fit_mean = True
n params: 10
parameter names: ('mean:value', 'kernel:k1:log_constant', 'kernel:k2:metric:log_M_0_0', 'kernel:k2:metric:log_M_1_1', 'kernel:k2:metric:log_M_2_2', 'kernel:k2:metric:log_M_3_3', 'kernel:k2:metric:log_M_4_4', 'kernel:k2:metric:log_M_5_5', 'kernel:k2:metric:log_M_6_6', 'kernel:k2:metric:log_M_7_7', 'kernel:k2:metric:log_M_8_8', 'kernel:k2:metric:log_M_9_9')
paramters init: [ 0.         -3.24698504 -0.5         1.5        -1.          5.
  0.8         0.         10.          1.          1.          1.        ]
y minmax 0.0 2.5649493574615367
yerr: [1. 1. 1. ... 1. 1. 1.] [1. 1. 1. ... 1. 1. 1.]
p compute: [ 0.         -3.24698504 -0.5         1.5        -1.          5.
  0.8         0.         10.          1.          1.          1.        ]
lnlike compute: -23023.28286768697
Minimizing
  message: Optimization terminated successfully.
  success: True
   status: 0
      fun: 22965.08546290439
        x: [ 2.767e-01 -3.327e+00 -1.972e+00  4.569e+00  1.546e-01
             4.052e+01  2.293e+00  3.994e+00  3.078e+01  2.703e+01
             2.212e+01  2.753e+01]
      nit: 47
      jac: [ 4.791e-06  6.865e-06 -4.897e-06  2.669e-07  2.847e-06
            -3.485e-14 -3.304e-07 -5.604e-07 -6.738e-10 -4.989e-11
            -8.222e-10 -4.378e-11]
 hess_inv: [[ 1.286e-01 -9.739e-02 ... -4.234e+02 -4.798e+02]
            [-9.739e-02  2.751e-01 ...  1.231e+03  1.394e+03]
            ...
            [-4.234e+02  1.231e+03 ...  2.107e+08  2.387e+08]
            [-4.798e+02  1.394e+03 ...  2.387e+08  2.704e+08]]
     nfev: 49
     njev: 49
p post op: [ 0.27667331 -3.32658069 -1.9716369   4.56854958  0.15457799 40.52110173
  2.29293825  3.99420429 30.7772426  27.03125701 22.11784509 27.53458086]
lnlike final: -22965.08546290439
Predicting
setting the output map dtype to [dtype('float64')]
predict p: [ 0.27667331 -3.32658069 -1.9716369   4.56854958  0.15457799 40.52110173
  2.29293825  3.99420429 30.7772426  27.03125701 22.11784509 27.53458086]
Saving ypred map to ../data/maps/y_pred_selection_function_NSIDE64_G20.5_zsplit4bin2_Lsplit4bin3.fits
y_pred_full: [1.13671136 1.0582601  1.04260742 ... 1.13956895 1.17438104 1.0886113 ]
0
RMSE: 1.586703433279803
Making selection function map
setting the output map dtype to [dtype('float64')]
Number of clean healpixels: 479 (Total: 49152)
Using parent catalog to determine zero-probability pixels
(If i_keep also passed, will be ignored!)
min: 0.0, max: 0.5879469028493665
map_prob: [0.13591073 0.12653072 0.12465921 ... 0.1362524  0.1404147  0.13015965]
Saved map to ../data/maps/selection_function_NSIDE64_G20.5_zsplit4bin2_Lsplit4bin3.fits!
Time: 19967.42739534378 s (332.790456589063 min)
allsky 
../data/randoms/random_G20.5_zsplit4bin2_Lsplit4bin3_25x.fits
Loading data
Number of data sources: 80952
Estimating reduction factor
Sel func min and max: 0.0 0.5879469028493665
Subsampling by 0.468 for probability map
Generating random with 25 times N_data
Sel func min and max: 0.0 0.5879469028493665
Subsampling by 0.468 for probability map
Number of final random sources: 2021316
Wrote random to ../data/randoms/random_G20.5_zsplit4bin2_Lsplit4bin3_25x.fits!
