Starting batch job
Running selection function with fn_catalog=../data/quaia_G20.5_zsplit3bin2_Lmaxsplit2bin0.fits, fn_selfunc=../data/maps/selection_function_NSIDE64_G20.5_zsplit3bin2_Lmaxsplit2bin0.fits, fn_parentcat=../data/quaia_G20.5.fits, map_names=['dust', 'stars', 'm10', 'mcs', 'unwise', 'unwisescan', 'mcsunwise', 'zodi1.25', 'zodi3.4', 'zodi4.6']
Loading data
Making QSO map
Map templates: ['dust', 'stars', 'm10', 'mcs', 'unwise', 'unwisescan', 'mcsunwise', 'zodi1.25', 'zodi3.4', 'zodi4.6']
Dustmap already exists, loading from ../data/maps/map_dust_NSIDE64.npy
Star map already exists, loading from ../data/maps/map_stars_NSIDE64.npy
M10 map already exists, loading from ../data/maps/map_m10_NSIDE64.npy
MCs map already exists, loading from ../data/maps/map_mcs_NSIDE64.npy
unWISE map already exists, loading from ../data/maps/map_unwise_NSIDE64.npy
unWISE scan map already exists, loading from ../data/maps/map_unwisescan_NSIDE64.npy
MCs map already exists, loading from ../data/maps/map_mcsunwise_NSIDE64.npy
Zodi map already exists, loading from ../data/maps/map_zodi1.25_NSIDE64.npy
Zodi map already exists, loading from ../data/maps/map_zodi3.4_NSIDE64.npy
Zodi map already exists, loading from ../data/maps/map_zodi4.6_NSIDE64.npy
Constructing X
(10, 49152)
(10, 49152)
Getting indices to fit
err min max: 0.0 5.0990195135927845
Training fitter
X_train: (40368, 10) y_train: (40368,)
y_train min: 1.0 y_train: 26.0
fit_mean = True
n params: 10
parameter names: ('mean:value', 'kernel:k1:log_constant', 'kernel:k2:metric:log_M_0_0', 'kernel:k2:metric:log_M_1_1', 'kernel:k2:metric:log_M_2_2', 'kernel:k2:metric:log_M_3_3', 'kernel:k2:metric:log_M_4_4', 'kernel:k2:metric:log_M_5_5', 'kernel:k2:metric:log_M_6_6', 'kernel:k2:metric:log_M_7_7', 'kernel:k2:metric:log_M_8_8', 'kernel:k2:metric:log_M_9_9')
paramters init: [ 0.         -3.36393465 -0.5         1.5        -1.          5.
  0.8         0.         10.          1.          1.          1.        ]
y minmax 0.0 3.2580965380214817
yerr: [2.44948974 2.82842712 2.44948974 ... 2.64575131 2.64575131 2.64575131] [0.40824829 0.35355339 0.40824829 ... 0.37796447 0.37796447 0.37796447]
p compute: [ 0.         -3.36393465 -0.5         1.5        -1.          5.
  0.8         0.         10.          1.          1.          1.        ]
lnlike compute: -24116.056796876954
Minimizing
  message: Optimization terminated successfully.
  success: True
   status: 0
      fun: 24069.117422472897
        x: [ 1.458e+00 -3.437e+00 -4.879e-01  2.286e+00 -6.140e-01
             2.785e+00  1.252e+00 -4.639e-01  1.232e+02 -9.174e-01
             1.549e+01 -1.046e+00]
      nit: 53
      jac: [ 3.784e-06  5.779e-06  3.143e-06  1.271e-06 -2.123e-07
             1.521e-06 -9.308e-08 -1.256e-06 -4.214e-51 -7.777e-08
            -1.199e-09 -4.136e-07]
 hess_inv: [[ 2.138e-02 -9.270e-03 ...  3.067e+01  4.439e-02]
            [-9.270e-03  4.318e-02 ...  4.108e+02  8.807e-02]
            ...
            [ 3.067e+01  4.108e+02 ...  2.797e+08 -2.128e+03]
            [ 4.439e-02  8.807e-02 ... -2.128e+03  5.102e+00]]
     nfev: 56
     njev: 56
p post op: [  1.45828243  -3.43696505  -0.48793455   2.28605904  -0.61402847
   2.7850648    1.25171162  -0.46385482 123.16532405  -0.91744154
  15.48790288  -1.04588724]
lnlike final: -24069.117422472897
Predicting
setting the output map dtype to [dtype('float64')]
predict p: [  1.45828243  -3.43696505  -0.48793455   2.28605904  -0.61402847
   2.7850648    1.25171162  -0.46385482 123.16532405  -0.91744154
  15.48790288  -1.04588724]
Saving ypred map to ../data/maps/y_pred_selection_function_NSIDE64_G20.5_zsplit3bin2_Lmaxsplit2bin0.fits
y_pred_full: [4.67361875 5.52359263 6.77604773 ... 5.79834997 5.79688905 5.92966293]
0
RMSE: 2.36106827332932
Making selection function map
setting the output map dtype to [dtype('float64')]
Number of clean healpixels: 479 (Total: 49152)
Using parent catalog to determine zero-probability pixels
(If i_keep also passed, will be ignored!)
min: 0.0, max: 1.687163970186859
map_prob: [0.41824039 0.49430423 0.60638597 ... 0.51889216 0.51876143 0.53064331]
Saved map to ../data/maps/selection_function_NSIDE64_G20.5_zsplit3bin2_Lmaxsplit2bin0.fits!
Time: 43011.98123693466 s (716.8663539489111 min)
allsky 
../data/randoms/random_G20.5_zsplit3bin2_Lmaxsplit2bin0_25x.fits
Loading data
Number of data sources: 215917
Estimating reduction factor
Sel func min and max: 0.0 1.687163970186859
Subsampling by 0.261 for probability map
Generating random with 25 times N_data
Sel func min and max: 0.0 1.687163970186859
Subsampling by 0.261 for probability map
Number of final random sources: 5394701
Wrote random to ../data/randoms/random_G20.5_zsplit3bin2_Lmaxsplit2bin0_25x.fits!
