Starting batch job
Running selection function with fn_catalog=../data/quaia_G20.5_zsplit4bin1_Lsplit3bin2.fits, fn_selfunc=../data/maps/selection_function_NSIDE64_G20.5_zsplit4bin1_Lsplit3bin2.fits, fn_parentcat=../data/quaia_G20.5.fits, map_names=['dust', 'stars', 'm10', 'mcs', 'unwise', 'unwisescan', 'mcsunwise', 'zodi1.25', 'zodi3.4', 'zodi4.6']
Loading data
Making QSO map
Map templates: ['dust', 'stars', 'm10', 'mcs', 'unwise', 'unwisescan', 'mcsunwise', 'zodi1.25', 'zodi3.4', 'zodi4.6']
Dustmap already exists, loading from ../data/maps/map_dust_NSIDE64.npy
Star map already exists, loading from ../data/maps/map_stars_NSIDE64.npy
M10 map already exists, loading from ../data/maps/map_m10_NSIDE64.npy
MCs map already exists, loading from ../data/maps/map_mcs_NSIDE64.npy
unWISE map already exists, loading from ../data/maps/map_unwise_NSIDE64.npy
unWISE scan map already exists, loading from ../data/maps/map_unwisescan_NSIDE64.npy
MCs map already exists, loading from ../data/maps/map_mcsunwise_NSIDE64.npy
Zodi map already exists, loading from ../data/maps/map_zodi1.25_NSIDE64.npy
Zodi map already exists, loading from ../data/maps/map_zodi3.4_NSIDE64.npy
Zodi map already exists, loading from ../data/maps/map_zodi4.6_NSIDE64.npy
Constructing X
(10, 49152)
(10, 49152)
Getting indices to fit
err min max: 0.0 4.0
Training fitter
X_train: (31138, 10) y_train: (31138,)
y_train min: 1.0 y_train: 16.0
fit_mean = True
n params: 10
parameter names: ('mean:value', 'kernel:k1:log_constant', 'kernel:k2:metric:log_M_0_0', 'kernel:k2:metric:log_M_1_1', 'kernel:k2:metric:log_M_2_2', 'kernel:k2:metric:log_M_3_3', 'kernel:k2:metric:log_M_4_4', 'kernel:k2:metric:log_M_5_5', 'kernel:k2:metric:log_M_6_6', 'kernel:k2:metric:log_M_7_7', 'kernel:k2:metric:log_M_8_8', 'kernel:k2:metric:log_M_9_9')
paramters init: [ 0.        -3.1839059 -0.5        1.5       -1.         5.
  0.8        0.        10.         1.         1.         1.       ]
y minmax 0.0 2.772588722239781
yerr: [1.         1.         1.         ... 1.         1.         1.41421356] [1.         1.         1.         ... 1.         1.         0.70710678]
p compute: [ 0.        -3.1839059 -0.5        1.5       -1.         5.
  0.8        0.        10.         1.         1.         1.       ]
lnlike compute: -23878.02875294866
Minimizing
  message: Optimization terminated successfully.
  success: True
   status: 0
      fun: 23805.204206073337
        x: [ 5.105e-01 -2.998e+00 -2.259e+00  4.073e+00  7.599e+01
             8.459e+01  6.680e+00  2.707e+01  9.818e+00  5.553e+01
             4.470e+01  5.612e+01]
      nit: 59
      jac: [ 1.410e-06  2.693e-06  3.833e-06  6.831e-07 -1.043e-31
            -7.902e-34  2.333e-07 -3.031e-09 -2.246e-06 -7.208e-23
            -4.454e-19 -5.757e-23]
 hess_inv: [[ 3.050e-01 -2.151e-01 ... -1.360e+02 -1.673e+02]
            [-2.151e-01  5.148e-01 ... -6.919e+01 -8.526e+01]
            ...
            [-1.360e+02 -6.919e+01 ...  2.656e+08  3.277e+08]
            [-1.673e+02 -8.526e+01 ...  3.277e+08  4.042e+08]]
     nfev: 62
     njev: 62
p post op: [ 0.51047146 -2.99803975 -2.25921603  4.07279177 75.99450989 84.58906602
  6.68032638 27.06861134  9.81775969 55.52907571 44.70284292 56.11739501]
lnlike final: -23805.204206073337
Predicting
setting the output map dtype to [dtype('float64')]
predict p: [ 0.51047146 -2.99803975 -2.25921603  4.07279177 75.99450989 84.58906602
  6.68032638 27.06861134  9.81775969 55.52907571 44.70284292 56.11739501]
Saving ypred map to ../data/maps/y_pred_selection_function_NSIDE64_G20.5_zsplit4bin1_Lsplit3bin2.fits
y_pred_full: [1.14963615 1.11087732 1.22473322 ... 1.44026617 1.44467807 1.35931704]
0
RMSE: 1.8195550146153254
Making selection function map
setting the output map dtype to [dtype('float64')]
Number of clean healpixels: 479 (Total: 49152)
Using parent catalog to determine zero-probability pixels
(If i_keep also passed, will be ignored!)
min: 0.0, max: 0.6043567651157064
map_prob: [0.1250821  0.12086508 0.13325277 ... 0.15670307 0.15718309 0.14789568]
Saved map to ../data/maps/selection_function_NSIDE64_G20.5_zsplit4bin1_Lsplit3bin2.fits!
Time: 27743.568063020706 s (462.3928010503451 min)
allsky 
../data/randoms/random_G20.5_zsplit4bin1_Lsplit3bin2_25x.fits
Loading data
Number of data sources: 107983
Estimating reduction factor
Sel func min and max: 0.0 0.6043567651157064
Subsampling by 0.513 for probability map
Generating random with 25 times N_data
Sel func min and max: 0.0 0.6043567651157064
Subsampling by 0.513 for probability map
Number of final random sources: 2697009
Wrote random to ../data/randoms/random_G20.5_zsplit4bin1_Lsplit3bin2_25x.fits!
