Starting batch job
Running selection function with fn_catalog=../data/quaia_G20.5_zsplit4bin2_Lmaxsplit4bin0.fits, fn_selfunc=../data/maps/selection_function_NSIDE64_G20.5_zsplit4bin2_Lmaxsplit4bin0.fits, fn_parentcat=../data/quaia_G20.5.fits, map_names=['dust', 'stars', 'm10', 'mcs', 'unwise', 'unwisescan', 'mcsunwise', 'zodi1.25', 'zodi3.4', 'zodi4.6']
Loading data
Making QSO map
Map templates: ['dust', 'stars', 'm10', 'mcs', 'unwise', 'unwisescan', 'mcsunwise', 'zodi1.25', 'zodi3.4', 'zodi4.6']
Dustmap already exists, loading from ../data/maps/map_dust_NSIDE64.npy
Star map already exists, loading from ../data/maps/map_stars_NSIDE64.npy
M10 map already exists, loading from ../data/maps/map_m10_NSIDE64.npy
MCs map already exists, loading from ../data/maps/map_mcs_NSIDE64.npy
unWISE map already exists, loading from ../data/maps/map_unwise_NSIDE64.npy
unWISE scan map already exists, loading from ../data/maps/map_unwisescan_NSIDE64.npy
MCs map already exists, loading from ../data/maps/map_mcsunwise_NSIDE64.npy
Zodi map already exists, loading from ../data/maps/map_zodi1.25_NSIDE64.npy
Zodi map already exists, loading from ../data/maps/map_zodi3.4_NSIDE64.npy
Zodi map already exists, loading from ../data/maps/map_zodi4.6_NSIDE64.npy
Constructing X
(10, 49152)
(10, 49152)
Getting indices to fit
err min max: 0.0 3.3166247903554
Training fitter
X_train: (35103, 10) y_train: (35103,)
y_train min: 1.0 y_train: 11.0
fit_mean = True
n params: 10
parameter names: ('mean:value', 'kernel:k1:log_constant', 'kernel:k2:metric:log_M_0_0', 'kernel:k2:metric:log_M_1_1', 'kernel:k2:metric:log_M_2_2', 'kernel:k2:metric:log_M_3_3', 'kernel:k2:metric:log_M_4_4', 'kernel:k2:metric:log_M_5_5', 'kernel:k2:metric:log_M_6_6', 'kernel:k2:metric:log_M_7_7', 'kernel:k2:metric:log_M_8_8', 'kernel:k2:metric:log_M_9_9')
paramters init: [ 0.         -3.47172304 -0.5         1.5        -1.          5.
  0.8         0.         10.          1.          1.          1.        ]
y minmax 0.0 2.3978952727983707
yerr: [2.         2.         2.44948974 ... 1.         2.44948974 2.        ] [0.5        0.5        0.40824829 ... 1.         0.40824829 0.5       ]
p compute: [ 0.         -3.47172304 -0.5         1.5        -1.          5.
  0.8         0.         10.          1.          1.          1.        ]
lnlike compute: -31181.61665551715
Minimizing
  message: Optimization terminated successfully.
  success: True
   status: 0
      fun: 31151.766126118728
        x: [ 8.021e-01 -3.579e+00 -9.900e-01  5.594e+00 -8.847e-01
             5.196e+00  6.446e-01  1.965e+00  7.492e+00 -3.190e-01
             1.735e+01  2.572e+01]
      nit: 51
      jac: [-3.700e-06 -5.475e-07 -6.773e-06  6.868e-07  9.714e-08
             1.102e-06 -3.543e-07  1.231e-06 -1.757e-07  3.257e-07
            -5.160e-10 -4.750e-12]
 hess_inv: [[ 2.910e-02 -1.997e-02 ...  1.416e+02  1.678e+02]
            [-1.997e-02  1.870e-01 ...  2.079e+02  2.455e+02]
            ...
            [ 1.416e+02  2.079e+02 ...  6.509e+08  7.711e+08]
            [ 1.678e+02  2.455e+02 ...  7.711e+08  9.134e+08]]
     nfev: 58
     njev: 58
p post op: [ 0.80205199 -3.57942934 -0.99004508  5.59442221 -0.88468899  5.19607283
  0.64459778  1.964622    7.49222826 -0.31900021 17.34544529 25.71716484]
lnlike final: -31151.766126118728
Predicting
setting the output map dtype to [dtype('float64')]
predict p: [ 0.80205199 -3.57942934 -0.99004508  5.59442221 -0.88468899  5.19607283
  0.64459778  1.964622    7.49222826 -0.31900021 17.34544529 25.71716484]
Saving ypred map to ../data/maps/y_pred_selection_function_NSIDE64_G20.5_zsplit4bin2_Lmaxsplit4bin0.fits
y_pred_full: [3.67042694 3.96004424 3.61994138 ... 3.0131306  3.04533368 3.12731472]
0
RMSE: 1.3232342839843532
Making selection function map
setting the output map dtype to [dtype('float64')]
Number of clean healpixels: 479 (Total: 49152)
Using parent catalog to determine zero-probability pixels
(If i_keep also passed, will be ignored!)
min: 0.0, max: 1.690807453493279
map_prob: [0.84537112 0.91207565 0.83374331 ... 0.69398292 0.70139992 0.72028175]
Saved map to ../data/maps/selection_function_NSIDE64_G20.5_zsplit4bin2_Lmaxsplit4bin0.fits!
Time: 35110.393429756165 s (585.1732238292694 min)
allsky 
../data/randoms/random_G20.5_zsplit4bin2_Lmaxsplit4bin0_25x.fits
Loading data
Number of data sources: 80952
Estimating reduction factor
Sel func min and max: 0.0 1.690807453493279
Subsampling by 0.308 for probability map
Generating random with 25 times N_data
Sel func min and max: 0.0 1.690807453493279
Subsampling by 0.308 for probability map
Number of final random sources: 2021857
Wrote random to ../data/randoms/random_G20.5_zsplit4bin2_Lmaxsplit4bin0_25x.fits!
