Starting batch job
Running selection function with fn_catalog=../data/quaia_G20.5_zsplit4bin3_Lsplit4bin1.fits, fn_selfunc=../data/maps/selection_function_NSIDE64_G20.5_zsplit4bin3_Lsplit4bin1.fits, fn_parentcat=../data/quaia_G20.5.fits, map_names=['dust', 'stars', 'm10', 'mcs', 'unwise', 'unwisescan', 'mcsunwise', 'zodi1.25', 'zodi3.4', 'zodi4.6']
Loading data
Making QSO map
Map templates: ['dust', 'stars', 'm10', 'mcs', 'unwise', 'unwisescan', 'mcsunwise', 'zodi1.25', 'zodi3.4', 'zodi4.6']
Dustmap already exists, loading from ../data/maps/map_dust_NSIDE64.npy
Star map already exists, loading from ../data/maps/map_stars_NSIDE64.npy
M10 map already exists, loading from ../data/maps/map_m10_NSIDE64.npy
MCs map already exists, loading from ../data/maps/map_mcs_NSIDE64.npy
unWISE map already exists, loading from ../data/maps/map_unwise_NSIDE64.npy
unWISE scan map already exists, loading from ../data/maps/map_unwisescan_NSIDE64.npy
MCs map already exists, loading from ../data/maps/map_mcsunwise_NSIDE64.npy
Zodi map already exists, loading from ../data/maps/map_zodi1.25_NSIDE64.npy
Zodi map already exists, loading from ../data/maps/map_zodi3.4_NSIDE64.npy
Zodi map already exists, loading from ../data/maps/map_zodi4.6_NSIDE64.npy
Constructing X
(10, 49152)
(10, 49152)
Getting indices to fit
err min max: 0.0 3.4641016151377544
Training fitter
X_train: (32928, 10) y_train: (32928,)
y_train min: 1.0 y_train: 12.0
fit_mean = True
n params: 10
parameter names: ('mean:value', 'kernel:k1:log_constant', 'kernel:k2:metric:log_M_0_0', 'kernel:k2:metric:log_M_1_1', 'kernel:k2:metric:log_M_2_2', 'kernel:k2:metric:log_M_3_3', 'kernel:k2:metric:log_M_4_4', 'kernel:k2:metric:log_M_5_5', 'kernel:k2:metric:log_M_6_6', 'kernel:k2:metric:log_M_7_7', 'kernel:k2:metric:log_M_8_8', 'kernel:k2:metric:log_M_9_9')
paramters init: [ 0.         -3.44454827 -0.5         1.5        -1.          5.
  0.8         0.         10.          1.          1.          1.        ]
y minmax 0.0 2.4849066497880004
yerr: [1.         1.73205081 2.         ... 1.41421356 1.41421356 1.        ] [1.         0.57735027 0.5        ... 0.70710678 0.70710678 1.        ]
p compute: [ 0.         -3.44454827 -0.5         1.5        -1.          5.
  0.8         0.         10.          1.          1.          1.        ]
lnlike compute: -28510.98666137057
Minimizing
  message: Optimization terminated successfully.
  success: True
   status: 0
      fun: 28467.83205151178
        x: [ 6.807e-01 -3.634e+00 -1.236e+00  2.599e+00  1.642e+00
             2.809e+00  3.219e+00  3.809e+00  9.796e+00  2.188e+01
             1.784e+01  2.286e+01]
      nit: 40
      jac: [ 3.221e-06  9.897e-07 -7.515e-07 -4.717e-07 -5.038e-07
             5.444e-07  1.437e-08 -3.326e-08 -5.777e-06 -9.116e-09
            -6.127e-08 -4.447e-09]
 hess_inv: [[ 4.757e-02 -4.084e-02 ...  2.007e+01  2.313e+01]
            [-4.084e-02  2.195e-01 ... -4.322e+00 -4.792e+00]
            ...
            [ 2.007e+01 -4.322e+00 ...  1.105e+06  1.276e+06]
            [ 2.313e+01 -4.792e+00 ...  1.276e+06  1.473e+06]]
     nfev: 41
     njev: 41
p post op: [ 0.68070197 -3.6340964  -1.23563804  2.59872608  1.64175818  2.808904
  3.21860508  3.80949157  9.79590025 21.87961089 17.84475001 22.85725124]
lnlike final: -28467.83205151178
Predicting
setting the output map dtype to [dtype('float64')]
predict p: [ 0.68070197 -3.6340964  -1.23563804  2.59872608  1.64175818  2.808904
  3.21860508  3.80949157  9.79590025 21.87961089 17.84475001 22.85725124]
Saving ypred map to ../data/maps/y_pred_selection_function_NSIDE64_G20.5_zsplit4bin3_Lsplit4bin1.fits
y_pred_full: [1.29965858 1.49765444 2.23580774 ... 2.3698158  2.42176669 2.35225545]
0
RMSE: 1.39207471265926
Making selection function map
setting the output map dtype to [dtype('float64')]
Number of clean healpixels: 479 (Total: 49152)
Using parent catalog to determine zero-probability pixels
(If i_keep also passed, will be ignored!)
min: 0.0, max: 1.0550790304599462
map_prob: [0.22504023 0.25932387 0.38713758 ... 0.41034152 0.41933699 0.40730089]
Saved map to ../data/maps/selection_function_NSIDE64_G20.5_zsplit4bin3_Lsplit4bin1.fits!
Time: 23883.42077445984 s (398.057012907664 min)
allsky 
../data/randoms/random_G20.5_zsplit4bin3_Lsplit4bin1_25x.fits
Loading data
Number of data sources: 80987
Estimating reduction factor
Sel func min and max: 0.0 1.0550790304599462
Subsampling by 0.373 for probability map
Generating random with 25 times N_data
Sel func min and max: 0.0 1.0550790304599462
Subsampling by 0.372 for probability map
Number of final random sources: 2020391
Wrote random to ../data/randoms/random_G20.5_zsplit4bin3_Lsplit4bin1_25x.fits!
