Starting batch job
Running selection function with fn_catalog=../data/quaia_G20.5_zsplit3bin2_Lmaxsplit3bin1.fits, fn_selfunc=../data/maps/selection_function_NSIDE64_G20.5_zsplit3bin2_Lmaxsplit3bin1.fits, fn_parentcat=../data/quaia_G20.5.fits, map_names=['dust', 'stars', 'm10', 'mcs', 'unwise', 'unwisescan', 'mcsunwise', 'zodi1.25', 'zodi3.4', 'zodi4.6']
Loading data
Making QSO map
Map templates: ['dust', 'stars', 'm10', 'mcs', 'unwise', 'unwisescan', 'mcsunwise', 'zodi1.25', 'zodi3.4', 'zodi4.6']
Dustmap already exists, loading from ../data/maps/map_dust_NSIDE64.npy
Star map already exists, loading from ../data/maps/map_stars_NSIDE64.npy
M10 map already exists, loading from ../data/maps/map_m10_NSIDE64.npy
MCs map already exists, loading from ../data/maps/map_mcs_NSIDE64.npy
unWISE map already exists, loading from ../data/maps/map_unwise_NSIDE64.npy
unWISE scan map already exists, loading from ../data/maps/map_unwisescan_NSIDE64.npy
MCs map already exists, loading from ../data/maps/map_mcsunwise_NSIDE64.npy
Zodi map already exists, loading from ../data/maps/map_zodi1.25_NSIDE64.npy
Zodi map already exists, loading from ../data/maps/map_zodi3.4_NSIDE64.npy
Zodi map already exists, loading from ../data/maps/map_zodi4.6_NSIDE64.npy
Constructing X
(10, 49152)
(10, 49152)
Getting indices to fit
err min max: 0.0 5.196152422706632
Training fitter
X_train: (40514, 10) y_train: (40514,)
y_train min: 1.0 y_train: 27.0
fit_mean = True
n params: 10
parameter names: ('mean:value', 'kernel:k1:log_constant', 'kernel:k2:metric:log_M_0_0', 'kernel:k2:metric:log_M_1_1', 'kernel:k2:metric:log_M_2_2', 'kernel:k2:metric:log_M_3_3', 'kernel:k2:metric:log_M_4_4', 'kernel:k2:metric:log_M_5_5', 'kernel:k2:metric:log_M_6_6', 'kernel:k2:metric:log_M_7_7', 'kernel:k2:metric:log_M_8_8', 'kernel:k2:metric:log_M_9_9')
paramters init: [ 0.         -3.32062597 -0.5         1.5        -1.          5.
  0.8         0.         10.          1.          1.          1.        ]
y minmax 0.0 3.295836866004329
yerr: [2.44948974 2.82842712 2.82842712 ... 2.64575131 3.         3.        ] [0.40824829 0.35355339 0.35355339 ... 0.37796447 0.33333333 0.33333333]
p compute: [ 0.         -3.32062597 -0.5         1.5        -1.          5.
  0.8         0.         10.          1.          1.          1.        ]
lnlike compute: -19288.316855645946
Minimizing
  message: Optimization terminated successfully.
  success: True
   status: 0
      fun: 19232.322803732546
        x: [ 1.640e+00 -3.326e+00 -3.369e-01  1.777e+00 -9.604e-01
             3.638e+00  1.649e+00 -5.894e-01  1.574e+02 -1.538e-01
             1.486e+01 -1.081e+00]
      nit: 49
      jac: [ 3.994e-06  6.539e-06  1.150e-06  3.127e-07 -2.475e-06
             3.221e-07 -3.452e-06  2.899e-06 -1.349e-65  3.422e-07
            -2.805e-09  2.080e-06]
 hess_inv: [[ 2.327e-02 -9.705e-03 ... -2.485e+01 -1.249e-02]
            [-9.705e-03  3.751e-02 ... -1.312e+02  1.909e-02]
            ...
            [-2.485e+01 -1.312e+02 ...  1.219e+08 -2.880e+02]
            [-1.249e-02  1.909e-02 ... -2.880e+02  8.632e-01]]
     nfev: 55
     njev: 55
p post op: [ 1.63985714e+00 -3.32591137e+00 -3.36850399e-01  1.77665512e+00
 -9.60357297e-01  3.63773578e+00  1.64925738e+00 -5.89358494e-01
  1.57400445e+02 -1.53809750e-01  1.48614114e+01 -1.08071697e+00]
lnlike final: -19232.322803732546
Predicting
setting the output map dtype to [dtype('float64')]
predict p: [ 1.63985714e+00 -3.32591137e+00 -3.36850399e-01  1.77665512e+00
 -9.60357297e-01  3.63773578e+00  1.64925738e+00 -5.89358494e-01
  1.57400445e+02 -1.53809750e-01  1.48614114e+01 -1.08071697e+00]
Saving ypred map to ../data/maps/y_pred_selection_function_NSIDE64_G20.5_zsplit3bin2_Lmaxsplit3bin1.fits
y_pred_full: [4.82131732 5.7786723  7.63633683 ... 6.92135    6.98276045 7.00489741]
0
RMSE: 2.741171035872389
Making selection function map
setting the output map dtype to [dtype('float64')]
Number of clean healpixels: 479 (Total: 49152)
Using parent catalog to determine zero-probability pixels
(If i_keep also passed, will be ignored!)
min: 0.0, max: 1.4122223365604498
map_prob: [0.32951416 0.39494483 0.52190738 ... 0.47304142 0.47723854 0.47875149]
Saved map to ../data/maps/selection_function_NSIDE64_G20.5_zsplit3bin2_Lmaxsplit3bin1.fits!
Time: 28440.236154556274 s (474.00393590927126 min)
allsky 
../data/randoms/random_G20.5_zsplit3bin2_Lmaxsplit3bin1_25x.fits
Loading data
Number of data sources: 287889
Estimating reduction factor
Sel func min and max: 0.0 1.4122223365604498
Subsampling by 0.309 for probability map
Generating random with 25 times N_data
Sel func min and max: 0.0 1.4122223365604498
Subsampling by 0.309 for probability map
Number of final random sources: 7181413
Wrote random to ../data/randoms/random_G20.5_zsplit3bin2_Lmaxsplit3bin1_25x.fits!
