Starting batch job
Running selection function with fn_catalog=../data/quaia_G20.5_zsplit4bin3_Lmaxsplit2bin0.fits, fn_selfunc=../data/maps/selection_function_NSIDE64_G20.5_zsplit4bin3_Lmaxsplit2bin0.fits, fn_parentcat=../data/quaia_G20.5.fits, map_names=['dust', 'stars', 'm10', 'mcs', 'unwise', 'unwisescan', 'mcsunwise', 'zodi1.25', 'zodi3.4', 'zodi4.6']
Loading data
Making QSO map
Map templates: ['dust', 'stars', 'm10', 'mcs', 'unwise', 'unwisescan', 'mcsunwise', 'zodi1.25', 'zodi3.4', 'zodi4.6']
Dustmap already exists, loading from ../data/maps/map_dust_NSIDE64.npy
Star map already exists, loading from ../data/maps/map_stars_NSIDE64.npy
M10 map already exists, loading from ../data/maps/map_m10_NSIDE64.npy
MCs map already exists, loading from ../data/maps/map_mcs_NSIDE64.npy
unWISE map already exists, loading from ../data/maps/map_unwise_NSIDE64.npy
unWISE scan map already exists, loading from ../data/maps/map_unwisescan_NSIDE64.npy
MCs map already exists, loading from ../data/maps/map_mcsunwise_NSIDE64.npy
Zodi map already exists, loading from ../data/maps/map_zodi1.25_NSIDE64.npy
Zodi map already exists, loading from ../data/maps/map_zodi3.4_NSIDE64.npy
Zodi map already exists, loading from ../data/maps/map_zodi4.6_NSIDE64.npy
Constructing X
(10, 49152)
(10, 49152)
Getting indices to fit
err min max: 0.0 5.0
Training fitter
X_train: (39395, 10) y_train: (39395,)
y_train min: 1.0 y_train: 25.0
fit_mean = True
n params: 10
parameter names: ('mean:value', 'kernel:k1:log_constant', 'kernel:k2:metric:log_M_0_0', 'kernel:k2:metric:log_M_1_1', 'kernel:k2:metric:log_M_2_2', 'kernel:k2:metric:log_M_3_3', 'kernel:k2:metric:log_M_4_4', 'kernel:k2:metric:log_M_5_5', 'kernel:k2:metric:log_M_6_6', 'kernel:k2:metric:log_M_7_7', 'kernel:k2:metric:log_M_8_8', 'kernel:k2:metric:log_M_9_9')
paramters init: [ 0.         -3.34511964 -0.5         1.5        -1.          5.
  0.8         0.         10.          1.          1.          1.        ]
y minmax 0.0 3.2188758248682006
yerr: [2.         2.44948974 2.23606798 ... 2.44948974 2.23606798 2.        ] [0.5        0.40824829 0.4472136  ... 0.40824829 0.4472136  0.5       ]
p compute: [ 0.         -3.34511964 -0.5         1.5        -1.          5.
  0.8         0.         10.          1.          1.          1.        ]
lnlike compute: -27762.80025538015
Minimizing
  message: Optimization terminated successfully.
  success: True
   status: 0
      fun: 27721.323697660897
        x: [ 1.161e+00 -3.566e+00 -6.536e-01  2.546e+00 -5.619e-01
             1.866e+00  9.849e-01  2.635e+00  7.394e+01  1.221e+02
             1.594e+01 -1.794e+00]
      nit: 53
      jac: [ 1.788e-07 -4.735e-06 -2.228e-07 -7.116e-07  1.322e-06
             2.005e-06 -6.196e-08 -6.750e-06 -6.404e-30 -6.243e-55
            -1.113e-09 -3.573e-06]
 hess_inv: [[ 2.487e-02 -8.449e-03 ... -1.047e+02  1.264e-02]
            [-8.449e-03  6.341e-02 ... -4.828e+02  1.565e-02]
            ...
            [-1.047e+02 -4.828e+02 ...  3.034e+08 -8.294e-01]
            [ 1.264e-02  1.565e-02 ... -8.294e-01  9.561e-01]]
     nfev: 58
     njev: 58
p post op: [  1.16090711  -3.56597665  -0.65363994   2.54587499  -0.5618969
   1.86626124   0.9848587    2.63487329  73.94128962 122.05802055
  15.94147958  -1.79438448]
lnlike final: -27721.323697660897
Predicting
setting the output map dtype to [dtype('float64')]
predict p: [  1.16090711  -3.56597665  -0.65363994   2.54587499  -0.5618969
   1.86626124   0.9848587    2.63487329  73.94128962 122.05802055
  15.94147958  -1.79438448]
Saving ypred map to ../data/maps/y_pred_selection_function_NSIDE64_G20.5_zsplit4bin3_Lmaxsplit2bin0.fits
y_pred_full: [3.30720617 3.88384445 5.08567895 ... 4.48997074 4.54817616 4.55933547]
0
RMSE: 2.034224048297065
Making selection function map
setting the output map dtype to [dtype('float64')]
Number of clean healpixels: 479 (Total: 49152)
Using parent catalog to determine zero-probability pixels
(If i_keep also passed, will be ignored!)
min: 0.0, max: 1.781899283403388
map_prob: [0.36906044 0.43340912 0.56752521 ... 0.50104846 0.50754377 0.50878906]
Saved map to ../data/maps/selection_function_NSIDE64_G20.5_zsplit4bin3_Lmaxsplit2bin0.fits!
Time: 28234.23623251915 s (470.57060387531914 min)
allsky 
../data/randoms/random_G20.5_zsplit4bin3_Lmaxsplit2bin0_25x.fits
Loading data
Number of data sources: 161975
Estimating reduction factor
Sel func min and max: 0.0 1.781899283403388
Subsampling by 0.241 for probability map
Generating random with 25 times N_data
Sel func min and max: 0.0 1.781899283403388
Subsampling by 0.241 for probability map
Number of final random sources: 4047554
Wrote random to ../data/randoms/random_G20.5_zsplit4bin3_Lmaxsplit2bin0_25x.fits!
