Starting batch job
Running selection function with fn_catalog=../data/quaia_G20.5_zsplit4bin0_Lsplit3bin1.fits, fn_selfunc=../data/maps/selection_function_NSIDE64_G20.5_zsplit4bin0_Lsplit3bin1.fits, fn_parentcat=../data/quaia_G20.5.fits, map_names=['dust', 'stars', 'm10', 'mcs', 'unwise', 'unwisescan', 'mcsunwise', 'zodi1.25', 'zodi3.4', 'zodi4.6']
Loading data
Making QSO map
Map templates: ['dust', 'stars', 'm10', 'mcs', 'unwise', 'unwisescan', 'mcsunwise', 'zodi1.25', 'zodi3.4', 'zodi4.6']
Dustmap already exists, loading from ../data/maps/map_dust_NSIDE64.npy
Star map already exists, loading from ../data/maps/map_stars_NSIDE64.npy
M10 map already exists, loading from ../data/maps/map_m10_NSIDE64.npy
MCs map already exists, loading from ../data/maps/map_mcs_NSIDE64.npy
unWISE map already exists, loading from ../data/maps/map_unwise_NSIDE64.npy
unWISE scan map already exists, loading from ../data/maps/map_unwisescan_NSIDE64.npy
MCs map already exists, loading from ../data/maps/map_mcsunwise_NSIDE64.npy
Zodi map already exists, loading from ../data/maps/map_zodi1.25_NSIDE64.npy
Zodi map already exists, loading from ../data/maps/map_zodi3.4_NSIDE64.npy
Zodi map already exists, loading from ../data/maps/map_zodi4.6_NSIDE64.npy
Constructing X
(10, 49152)
(10, 49152)
Getting indices to fit
err min max: 0.0 3.605551275463989
Training fitter
X_train: (35748, 10) y_train: (35748,)
y_train min: 1.0 y_train: 13.0
fit_mean = True
n params: 10
parameter names: ('mean:value', 'kernel:k1:log_constant', 'kernel:k2:metric:log_M_0_0', 'kernel:k2:metric:log_M_1_1', 'kernel:k2:metric:log_M_2_2', 'kernel:k2:metric:log_M_3_3', 'kernel:k2:metric:log_M_4_4', 'kernel:k2:metric:log_M_5_5', 'kernel:k2:metric:log_M_6_6', 'kernel:k2:metric:log_M_7_7', 'kernel:k2:metric:log_M_8_8', 'kernel:k2:metric:log_M_9_9')
paramters init: [ 0.         -3.32263016 -0.5         1.5        -1.          5.
  0.8         0.         10.          1.          1.          1.        ]
y minmax 0.0 2.5649493574615367
yerr: [2.23606798 1.         1.         ... 1.         1.41421356 1.        ] [0.4472136  1.         1.         ... 1.         0.70710678 1.        ]
p compute: [ 0.         -3.32263016 -0.5         1.5        -1.          5.
  0.8         0.         10.          1.          1.          1.        ]
lnlike compute: -28939.864790633022
Minimizing
  message: Optimization terminated successfully.
  success: True
   status: 0
      fun: 28895.902382627828
        x: [ 5.354e-01 -4.020e+00 -1.136e+00  5.365e+00  4.550e-01
             6.445e+00 -5.978e-02  3.262e+00  4.798e+02  3.518e+02
             1.482e+01  1.084e+00]
      nit: 61
      jac: [-1.681e-06 -7.718e-06  1.228e-06  4.135e-06 -5.930e-06
            -2.297e-06  7.299e-07  5.977e-06 -3.811e-206 -3.900e-154
            -4.089e-09  6.938e-08]
 hess_inv: [[ 4.041e-02 -2.452e-02 ... -1.267e+00 -3.643e-02]
            [-2.452e-02  1.298e-01 ... -1.600e+02  1.758e-01]
            ...
            [-1.267e+00 -1.600e+02 ...  7.977e+07 -1.876e+02]
            [-3.643e-02  1.758e-01 ... -1.876e+02  3.299e+00]]
     nfev: 64
     njev: 64
p post op: [ 5.35402624e-01 -4.01953147e+00 -1.13608468e+00  5.36455670e+00
  4.55005182e-01  6.44469407e+00 -5.97835346e-02  3.26205541e+00
  4.79791475e+02  3.51849748e+02  1.48230917e+01  1.08424079e+00]
lnlike final: -28895.902382627828
Predicting
setting the output map dtype to [dtype('float64')]
predict p: [ 5.35402624e-01 -4.01953147e+00 -1.13608468e+00  5.36455670e+00
  4.55005182e-01  6.44469407e+00 -5.97835346e-02  3.26205541e+00
  4.79791475e+02  3.51849748e+02  1.48230917e+01  1.08424079e+00]
Saving ypred map to ../data/maps/y_pred_selection_function_NSIDE64_G20.5_zsplit4bin0_Lsplit3bin1.fits
y_pred_full: [1.45435383 1.57661022 2.18992305 ... 2.54738578 2.55872883 2.44481327]
0
RMSE: 1.6483791684774827
Making selection function map
setting the output map dtype to [dtype('float64')]
Number of clean healpixels: 479 (Total: 49152)
Using parent catalog to determine zero-probability pixels
(If i_keep also passed, will be ignored!)
min: 0.0, max: 0.6105906323855311
map_prob: [0.20390931 0.2210504  0.30704062 ... 0.35715908 0.35874945 0.34277779]
Saved map to ../data/maps/selection_function_NSIDE64_G20.5_zsplit4bin0_Lsplit3bin1.fits!
Time: 43151.694481134415 s (719.1949080189069 min)
allsky 
../data/randoms/random_G20.5_zsplit4bin0_Lsplit3bin1_25x.fits
Loading data
Number of data sources: 107931
Estimating reduction factor
Sel func min and max: 0.0 0.6105906323855311
Subsampling by 0.640 for probability map
Generating random with 25 times N_data
Sel func min and max: 0.0 0.6105906323855311
Subsampling by 0.640 for probability map
Number of final random sources: 2696953
Wrote random to ../data/randoms/random_G20.5_zsplit4bin0_Lsplit3bin1_25x.fits!
