Starting batch job
Running selection function with fn_catalog=../data/quaia_G20.5_zsplit4bin2_Lmaxsplit3bin1.fits, fn_selfunc=../data/maps/selection_function_NSIDE64_G20.5_zsplit4bin2_Lmaxsplit3bin1.fits, fn_parentcat=../data/quaia_G20.5.fits, map_names=['dust', 'stars', 'm10', 'mcs', 'unwise', 'unwisescan', 'mcsunwise', 'zodi1.25', 'zodi3.4', 'zodi4.6']
Loading data
Making QSO map
Map templates: ['dust', 'stars', 'm10', 'mcs', 'unwise', 'unwisescan', 'mcsunwise', 'zodi1.25', 'zodi3.4', 'zodi4.6']
Dustmap already exists, loading from ../data/maps/map_dust_NSIDE64.npy
Star map already exists, loading from ../data/maps/map_stars_NSIDE64.npy
M10 map already exists, loading from ../data/maps/map_m10_NSIDE64.npy
MCs map already exists, loading from ../data/maps/map_mcs_NSIDE64.npy
unWISE map already exists, loading from ../data/maps/map_unwise_NSIDE64.npy
unWISE scan map already exists, loading from ../data/maps/map_unwisescan_NSIDE64.npy
MCs map already exists, loading from ../data/maps/map_mcsunwise_NSIDE64.npy
Zodi map already exists, loading from ../data/maps/map_zodi1.25_NSIDE64.npy
Zodi map already exists, loading from ../data/maps/map_zodi3.4_NSIDE64.npy
Zodi map already exists, loading from ../data/maps/map_zodi4.6_NSIDE64.npy
Constructing X
(10, 49152)
(10, 49152)
Getting indices to fit
err min max: 0.0 4.242640687119285
Training fitter
X_train: (40395, 10) y_train: (40395,)
y_train min: 1.0 y_train: 18.0
fit_mean = True
n params: 10
parameter names: ('mean:value', 'kernel:k1:log_constant', 'kernel:k2:metric:log_M_0_0', 'kernel:k2:metric:log_M_1_1', 'kernel:k2:metric:log_M_2_2', 'kernel:k2:metric:log_M_3_3', 'kernel:k2:metric:log_M_4_4', 'kernel:k2:metric:log_M_5_5', 'kernel:k2:metric:log_M_6_6', 'kernel:k2:metric:log_M_7_7', 'kernel:k2:metric:log_M_8_8', 'kernel:k2:metric:log_M_9_9')
paramters init: [ 0.         -3.36317494 -0.5         1.5        -1.          5.
  0.8         0.         10.          1.          1.          1.        ]
y minmax 0.0 2.8903717578961645
yerr: [2.         2.64575131 3.16227766 ... 2.64575131 3.46410162 2.82842712] [0.5        0.37796447 0.31622777 ... 0.37796447 0.28867513 0.35355339]
p compute: [ 0.         -3.36317494 -0.5         1.5        -1.          5.
  0.8         0.         10.          1.          1.          1.        ]
lnlike compute: -24482.943077956086
Minimizing
  message: Optimization terminated successfully.
  success: True
   status: 0
      fun: 24442.174721294556
        x: [ 1.154e+00 -3.524e+00 -7.383e-01  3.375e+00 -2.340e+00
             4.996e+00  6.575e-01  2.023e+00  6.389e+01 -5.437e-01
             1.645e+01  1.167e+02]
      nit: 45
      jac: [-6.334e-06 -9.277e-06  6.185e-06 -4.952e-06 -1.004e-06
             3.324e-06 -1.070e-06 -2.280e-06 -3.374e-25  8.701e-07
            -2.057e-09 -2.650e-51]
 hess_inv: [[ 3.130e-02 -1.348e-02 ...  3.030e+01  2.202e+02]
            [-1.348e-02  7.332e-02 ...  6.927e+01  5.037e+02]
            ...
            [ 3.030e+01  6.927e+01 ...  1.644e+08  1.194e+09]
            [ 2.202e+02  5.037e+02 ...  1.194e+09  8.679e+09]]
     nfev: 50
     njev: 50
p post op: [  1.15402527  -3.52359772  -0.7382762    3.37507104  -2.33958479
   4.99646221   0.65747565   2.0232966   63.89113289  -0.54369828
  16.45095483 116.74057278]
lnlike final: -24442.174721294556
Predicting
setting the output map dtype to [dtype('float64')]
predict p: [  1.15402527  -3.52359772  -0.7382762    3.37507104  -2.33958479
   4.99646221   0.65747565   2.0232966   63.89113289  -0.54369828
  16.45095483 116.74057278]
Saving ypred map to ../data/maps/y_pred_selection_function_NSIDE64_G20.5_zsplit4bin2_Lmaxsplit3bin1.fits
y_pred_full: [4.17429063 5.08749695 6.82804917 ... 6.15190804 6.28833427 6.26428895]
0
RMSE: 2.395330652656397
Making selection function map
setting the output map dtype to [dtype('float64')]
Number of clean healpixels: 479 (Total: 49152)
Using parent catalog to determine zero-probability pixels
(If i_keep also passed, will be ignored!)
min: 0.0, max: 0.7488846562513568
map_prob: [0.40812266 0.49740733 0.66758207 ... 0.60147538 0.61481385 0.61246293]
Saved map to ../data/maps/selection_function_NSIDE64_G20.5_zsplit4bin2_Lmaxsplit3bin1.fits!
Time: 37128.736184597015 s (618.8122697432835 min)
allsky 
../data/randoms/random_G20.5_zsplit4bin2_Lmaxsplit3bin1_25x.fits
Loading data
Number of data sources: 215872
Estimating reduction factor
Sel func min and max: 0.0 0.7488846562513568
Subsampling by 0.643 for probability map
Generating random with 25 times N_data
Sel func min and max: 0.0 0.7488846562513568
Subsampling by 0.643 for probability map
Number of final random sources: 5395043
Wrote random to ../data/randoms/random_G20.5_zsplit4bin2_Lmaxsplit3bin1_25x.fits!
