Starting batch job
Running selection function with fn_catalog=../data/quaia_G20.5_zsplit4bin2_Lsplit4bin2.fits, fn_selfunc=../data/maps/selection_function_NSIDE64_G20.5_zsplit4bin2_Lsplit4bin2.fits, fn_parentcat=../data/quaia_G20.5.fits, map_names=['dust', 'stars', 'm10', 'mcs', 'unwise', 'unwisescan', 'mcsunwise', 'zodi1.25', 'zodi3.4', 'zodi4.6']
Loading data
Making QSO map
Map templates: ['dust', 'stars', 'm10', 'mcs', 'unwise', 'unwisescan', 'mcsunwise', 'zodi1.25', 'zodi3.4', 'zodi4.6']
Dustmap already exists, loading from ../data/maps/map_dust_NSIDE64.npy
Star map already exists, loading from ../data/maps/map_stars_NSIDE64.npy
M10 map already exists, loading from ../data/maps/map_m10_NSIDE64.npy
MCs map already exists, loading from ../data/maps/map_mcs_NSIDE64.npy
unWISE map already exists, loading from ../data/maps/map_unwise_NSIDE64.npy
unWISE scan map already exists, loading from ../data/maps/map_unwisescan_NSIDE64.npy
MCs map already exists, loading from ../data/maps/map_mcsunwise_NSIDE64.npy
Zodi map already exists, loading from ../data/maps/map_zodi1.25_NSIDE64.npy
Zodi map already exists, loading from ../data/maps/map_zodi3.4_NSIDE64.npy
Zodi map already exists, loading from ../data/maps/map_zodi4.6_NSIDE64.npy
Constructing X
(10, 49152)
(10, 49152)
Getting indices to fit
err min max: 0.0 3.4641016151377544
Training fitter
X_train: (31537, 10) y_train: (31537,)
y_train min: 1.0 y_train: 12.0
fit_mean = True
n params: 10
parameter names: ('mean:value', 'kernel:k1:log_constant', 'kernel:k2:metric:log_M_0_0', 'kernel:k2:metric:log_M_1_1', 'kernel:k2:metric:log_M_2_2', 'kernel:k2:metric:log_M_3_3', 'kernel:k2:metric:log_M_4_4', 'kernel:k2:metric:log_M_5_5', 'kernel:k2:metric:log_M_6_6', 'kernel:k2:metric:log_M_7_7', 'kernel:k2:metric:log_M_8_8', 'kernel:k2:metric:log_M_9_9')
paramters init: [ 0.         -3.41247318 -0.5         1.5        -1.          5.
  0.8         0.         10.          1.          1.          1.        ]
y minmax 0.0 2.4849066497880004
yerr: [1.73205081 2.23606798 1.41421356 ... 1.41421356 1.41421356 1.        ] [0.57735027 0.4472136  0.70710678 ... 0.70710678 0.70710678 1.        ]
p compute: [ 0.         -3.41247318 -0.5         1.5        -1.          5.
  0.8         0.         10.          1.          1.          1.        ]
lnlike compute: -26949.27283990328
Minimizing
  message: Optimization terminated successfully.
  success: True
   status: 0
      fun: 26903.269269262135
        x: [ 2.762e-01 -3.857e+00 -1.738e+00  4.705e+00  2.128e+00
             9.373e+02  1.108e+00  3.199e+00  8.141e+02  5.181e+02
             1.547e+01 -3.374e-01]
      nit: 62
      jac: [-7.629e-06 -1.250e-07 -7.702e-06 -7.553e-07  8.077e-09
            -0.000e+00 -4.069e-06 -8.897e-06 -0.000e+00 -1.752e-226
            -1.732e-09 -3.447e-07]
 hess_inv: [[ 9.260e-02 -1.044e-01 ...  6.352e+02 -5.240e-02]
            [-1.044e-01  3.090e-01 ... -8.605e+02  1.230e-01]
            ...
            [ 6.352e+02 -8.605e+02 ...  1.952e+08 -7.040e+02]
            [-5.240e-02  1.230e-01 ... -7.040e+02  1.018e+00]]
     nfev: 65
     njev: 65
p post op: [ 2.76234706e-01 -3.85722901e+00 -1.73784080e+00  4.70514863e+00
  2.12811303e+00  9.37254839e+02  1.10803949e+00  3.19892416e+00
  8.14059567e+02  5.18056888e+02  1.54672439e+01 -3.37362061e-01]
lnlike final: -26903.269269262135
Predicting
setting the output map dtype to [dtype('float64')]
predict p: [ 2.76234706e-01 -3.85722901e+00 -1.73784080e+00  4.70514863e+00
  2.12811303e+00  9.37254839e+02  1.10803949e+00  3.19892416e+00
  8.14059567e+02  5.18056888e+02  1.54672439e+01 -3.37362061e-01]
Saving ypred map to ../data/maps/y_pred_selection_function_NSIDE64_G20.5_zsplit4bin2_Lsplit4bin2.fits
y_pred_full: [0.84044632 0.94316761 1.72423506 ... 2.01482133 2.13235202 1.9354237 ]
0
RMSE: 1.4440438028625684
Making selection function map
setting the output map dtype to [dtype('float64')]
Number of clean healpixels: 479 (Total: 49152)
Using parent catalog to determine zero-probability pixels
(If i_keep also passed, will be ignored!)
min: 0.0, max: 0.6259746600195516
map_prob: [0.14811727 0.16622051 0.30387306 ... 0.35508496 0.37579815 0.3410922 ]
Saved map to ../data/maps/selection_function_NSIDE64_G20.5_zsplit4bin2_Lsplit4bin2.fits!
Time: 31764.317725658417 s (529.4052954276402 min)
allsky 
../data/randoms/random_G20.5_zsplit4bin2_Lsplit4bin2_25x.fits
Loading data
Number of data sources: 80952
Estimating reduction factor
Sel func min and max: 0.0 0.6259746600195516
Subsampling by 0.638 for probability map
Generating random with 25 times N_data
Sel func min and max: 0.0 0.6259746600195516
Subsampling by 0.637 for probability map
Number of final random sources: 2022578
Wrote random to ../data/randoms/random_G20.5_zsplit4bin2_Lsplit4bin2_25x.fits!
