Starting batch job

G20.5: computing wtheta in 20 bins from 0.001 to 10.0 on a log scale for 50 jackknife regions...

Pixels masked by MC but not already by selfunc: 2468
G20.5_zmin0.0zmax1.0_Lmax-20.0: 0.33              218365 vs 324336
[Warning] The CPU supports AVX512F but the compiler does not.  Can you try another compiler?
/home/groups/tabel/mahlet/pyccl-env/lib/python3.12/site-packages/Corrfunc/utils.py:918: UserWarning: One or more input array has non-native endianness!  A copy will be made with the correct endianness.
  warnings.warn("One or more input array has non-native endianness!  A copy will"\
DD: 0.19919199999999998
DR: 5.998392
RR: 43.389571
DD: 0.153143
DR: 5.105404
RR: 39.388541000000004
DD: 0.114394
DR: 4.701728
RR: 40.185407
DD: 0.11905299999999999
DR: 4.919528
RR: 40.913661
DD: 0.12399099999999999
DR: 4.811563
RR: 39.429434
DD: 0.11598199999999999
DR: 4.7324269999999995
RR: 39.141717
DD: 0.113317
DR: 4.765645
RR: 37.555096
DD: 0.110676
DR: 4.57727
RR: 37.372511
DD: 0.11438799999999999
DR: 4.637338
RR: 37.877999
DD: 0.109968
DR: 4.650445
RR: 37.587749
DD: 0.114035
DR: 4.7637599999999996
RR: 38.971996
DD: 0.113631
DR: 4.965787
RR: 39.087277
DD: 0.11595200000000006
DR: 5.050828
RR: 41.182537
DD: 0.11320699999999999
DR: 4.693805
RR: 38.511323
DD: 0.115375
DR: 4.855437
RR: 39.848034
DD: 0.11651700000000009
DR: 4.833667
RR: 39.862102
DD: 0.12319200000000008
DR: 4.821392
RR: 39.359393
DD: 0.11372
DR: 4.780628
RR: 39.093778
DD: 0.11084
DR: 4.83153
RR: 38.333539
DD: 0.110106
DR: 4.632479
RR: 38.77307
DD: 0.110123
DR: 4.76599
RR: 39.023805
DD: 0.11162599999999999
DR: 4.676366
RR: 39.43702
DD: 0.117642
DR: 4.911857
RR: 38.210405
DD: 0.10799299999999999
DR: 4.617191
RR: 37.354727
DD: 0.109371
DR: 4.958361
RR: 38.848465
DD: 0.11091899999999999
DR: 4.60964
RR: 38.147237
DD: 0.114893
DR: 4.745635
RR: 37.254386
DD: 0.11254399999999999
DR: 4.589206
RR: 37.046719
DD: 0.111371
DR: 4.665243
RR: 37.702433
DD: 0.111083
DR: 4.548027
RR: 37.359439
DD: 0.110382
DR: 4.547928
RR: 37.529203
DD: 0.110802
DR: 4.688667
RR: 37.009832
DD: 0.113844
DR: 4.637354
RR: 39.24286
DD: 0.11362399999999999
DR: 4.717834
RR: 38.470211
DD: 0.12369699999999999
DR: 4.800531
RR: 39.917634
DD: 0.11096100000000009
DR: 4.64957
RR: 39.148384
DD: 0.116173
DR: 4.819692
RR: 38.968038
DD: 0.115212
DR: 4.797407
RR: 38.581135
DD: 0.132127
DR: 4.865438
RR: 38.903864
DD: 0.11902599999999999
DR: 4.928956
RR: 40.401665
DD: 0.116391
DR: 4.87717
RR: 41.133751
DD: 0.11572099999999999
DR: 4.787966
RR: 40.691654
DD: 0.120876
DR: 4.995505
RR: 40.46773
DD: 0.12453199999999999
DR: 5.101161
RR: 39.385848
DD: 0.112317
DR: 4.6117159999999995
RR: 38.412514
DD: 0.112731
DR: 4.711968
RR: 39.294563
DD: 0.11125
DR: 4.679227
RR: 38.532481
DD: 0.11137799999999999
DR: 4.63383
RR: 39.00486
DD: 0.11118499999999999
DR: 4.621774
RR: 38.767458
DD: 0.11622300000000008
DR: 4.770868
RR: 37.820025
saved to _G20.5_rmin0.001_rmax10.0_nbins20_zmin0.0zmax1.0_Lmax-20.0_N50_Planck_MC_b30
Pixels masked by MC but not already by selfunc: 490
G20.5_zmin0.0zmax1.0_Lmax-25.0: 0.46              29985 vs 55261
/home/groups/tabel/mahlet/pyccl-env/lib/python3.12/site-packages/Corrfunc/utils.py:918: UserWarning: One or more input array has non-native endianness!  A copy will be made with the correct endianness.
  warnings.warn("One or more input array has non-native endianness!  A copy will"\
DD: 0.013127999999999999
DR: 0.26624
RR: 0.943625
DD: 0.018219
DR: 0.27458
RR: 0.947984
DD: 0.028276
DR: 0.26049
RR: 0.913163
DD: 0.01638
DR: 0.263689
RR: 0.963515
DD: 0.017086999999999998
DR: 0.26711999999999997
RR: 0.956845
DD: 0.016125
DR: 0.273206
RR: 0.964725
DD: 0.017674
DR: 0.277668
RR: 0.941913
DD: 0.016749999999999998
DR: 0.257896
RR: 0.939598
DD: 0.016162
DR: 0.27527199999999996
RR: 0.973506
DD: 0.016083
DR: 0.26385900000000007
RR: 0.968957
DD: 0.017053
DR: 0.26888999999999996
RR: 0.956212
DD: 0.016399
DR: 0.274074
RR: 1.011112
DD: 0.015319
DR: 0.27537900000000004
RR: 0.977376
DD: 0.012501
DR: 0.264581
RR: 0.963107
DD: 0.016382
DR: 0.26850599999999997
RR: 0.968328
DD: 0.016131
DR: 0.26221
RR: 0.971243
DD: 0.013843999999999999
DR: 0.271356
RR: 0.973448
DD: 0.016753999999999998
DR: 0.269487
RR: 0.957111
DD: 0.017733
DR: 0.270934
RR: 0.956447
DD: 0.012744
DR: 0.254004
RR: 0.920694
DD: 0.012388
DR: 0.250699
RR: 0.920593
DD: 0.016586
DR: 0.256578
RR: 0.919061
DD: 0.015763
DR: 0.259365
RR: 0.900357
DD: 0.012249
DR: 0.24803499999999998
RR: 0.914804
DD: 0.012889999999999999
DR: 0.26066
RR: 0.933875
DD: 0.012121999999999999
DR: 0.25293899999999997
RR: 0.926534
DD: 0.012459
DR: 0.257895
RR: 0.927432
DD: 0.012218999999999999
DR: 0.24972599999999998
RR: 0.88853
DD: 0.012159
DR: 0.257293
RR: 0.9109970000000001
DD: 0.012229
DR: 0.25451200000000007
RR: 0.920194
DD: 0.012988
DR: 0.26193
RR: 0.939517
DD: 0.012891
DR: 0.252822
RR: 0.927238
DD: 0.012542999999999999
DR: 0.26379700000000006
RR: 0.934454
DD: 0.012404
DR: 0.257466
RR: 0.946443
DD: 0.012627
DR: 0.267943
RR: 0.963078
DD: 0.012561
DR: 0.262837
RR: 0.958505
DD: 0.012752999999999999
DR: 0.26751199999999997
RR: 0.969344
DD: 0.012475
DR: 0.260835
RR: 0.970633
DD: 0.0126
DR: 0.26718700000000006
RR: 0.953624
DD: 0.012407999999999999
DR: 0.261109
RR: 0.961281
DD: 0.017703999999999998
DR: 0.269582
RR: 0.945669
DD: 0.012917
DR: 0.26713700000000007
RR: 0.964304
DD: 0.01702
DR: 0.266464
RR: 0.9430499999999999
DD: 0.015917
DR: 0.25304299999999996
RR: 0.919176
DD: 0.016562999999999998
DR: 0.258411
RR: 0.908585
DD: 0.016391
DR: 0.25362
RR: 0.906893
DD: 0.016544
DR: 0.24977700000000003
RR: 0.892472
DD: 0.015764
DR: 0.258307
RR: 0.908601
DD: 0.01711
DR: 0.26076099999999997
RR: 0.899938
DD: 0.015474
DR: 0.255165
RR: 0.872818
saved to _G20.5_rmin0.001_rmax10.0_nbins20_zmin0.0zmax1.0_Lmax-25.0_N50_Planck_MC_b30
Pixels masked by MC but not already by selfunc: 131
G20.5_zmin0.0zmax1.0_Lmax-26.0: 0.52              6079 vs 12557
/home/groups/tabel/mahlet/pyccl-env/lib/python3.12/site-packages/Corrfunc/utils.py:918: UserWarning: One or more input array has non-native endianness!  A copy will be made with the correct endianness.
  warnings.warn("One or more input array has non-native endianness!  A copy will"\
DD: 0.005624
DR: 0.047498
RR: 0.08589800000000003
DD: 0.005523
DR: 0.054372
RR: 0.087568
DD: 0.0056419999999999994
DR: 0.048000999999999995
RR: 0.086729
DD: 0.005456
DR: 0.04752
RR: 0.087195
DD: 0.005534
DR: 0.048604999999999995
RR: 0.08806599999999999
DD: 0.005461
DR: 0.048373
RR: 0.09014
DD: 0.0055899999999999995
DR: 0.048618999999999996
RR: 0.08792
DD: 0.005464
DR: 0.049818999999999995
RR: 0.090505
DD: 0.008128
DR: 0.049096999999999995
RR: 0.088849
DD: 0.005614999999999999
DR: 0.049707999999999995
RR: 0.09008999999999999
DD: 0.005663
DR: 0.049092
RR: 0.090254
DD: 0.005598
DR: 0.04928
RR: 0.090972
DD: 0.005665
DR: 0.049590999999999996
RR: 0.091598
DD: 0.005569999999999999
DR: 0.048608000000000096
RR: 0.088556
DD: 0.008312
DR: 0.048864
RR: 0.087534
DD: 0.005519
DR: 0.048265999999999996
RR: 0.08820499999999999
DD: 0.005575
DR: 0.047903999999999995
RR: 0.08810899999999999
DD: 0.005529
DR: 0.04813300000000009
RR: 0.087105
DD: 0.005514
DR: 0.047986999999999995
RR: 0.086544
DD: 0.005333
DR: 0.047542
RR: 0.085797
DD: 0.005448
DR: 0.047811
RR: 0.085646
DD: 0.005418
DR: 0.047826
RR: 0.0855450000000001
DD: 0.005402
DR: 0.047069
RR: 0.086461
DD: 0.008322999999999999
DR: 0.048992999999999995
RR: 0.087267
DD: 0.005582
DR: 0.048003
RR: 0.087353
DD: 0.0055379999999999995
DR: 0.047668999999999996
RR: 0.0879040000000001
DD: 0.005599
DR: 0.048074
RR: 0.087505
DD: 0.005405999999999999
DR: 0.047377999999999997
RR: 0.08665099999999999
DD: 0.005637
DR: 0.047209999999999995
RR: 0.086793
DD: 0.005514
DR: 0.04709
RR: 0.08626299999999999
DD: 0.0055439999999999994
DR: 0.053172
RR: 0.085658
DD: 0.005565
DR: 0.04757
RR: 0.08726199999999999
DD: 0.005643
DR: 0.047139
RR: 0.08677599999999999
DD: 0.00558
DR: 0.046710999999999996
RR: 0.089186
DD: 0.0057669999999999996
DR: 0.056028999999999995
RR: 0.090055
DD: 0.005659
DR: 0.048513999999999995
RR: 0.090984
DD: 0.005749
DR: 0.048644
RR: 0.09214699999999999
DD: 0.005717
DR: 0.048572
RR: 0.090695
DD: 0.005817999999999999
DR: 0.051391
RR: 0.09675099999999999
DD: 0.005921999999999999
DR: 0.052308
RR: 0.095249
DD: 0.005869
DR: 0.051475
RR: 0.098899
DD: 0.014709
DR: 0.052523
RR: 0.09501100000000007
DD: 0.005934
DR: 0.05017
RR: 0.093757
DD: 0.005834
DR: 0.049774
RR: 0.09365599999999999
DD: 0.005778
DR: 0.049975
RR: 0.092635
DD: 0.005736
DR: 0.049622
RR: 0.09572000000000003
DD: 0.007998
DR: 0.050939
RR: 0.09059099999999999
DD: 0.005987999999999999
DR: 0.048895
RR: 0.094443
DD: 0.007265
DR: 0.055081
RR: 0.094799
DD: 0.0059229999999999994
DR: 0.051999
RR: 0.10168500000000003
saved to _G20.5_rmin0.001_rmax10.0_nbins20_zmin0.0zmax1.0_Lmax-26.0_N50_Planck_MC_b30
Pixels masked by MC but not already by selfunc: 40
G20.5_zmin0.0zmax1.0_Lmax-27.0: 0.60              776 vs 1922
/home/groups/tabel/mahlet/pyccl-env/lib/python3.12/site-packages/Corrfunc/utils.py:918: UserWarning: One or more input array has non-native endianness!  A copy will be made with the correct endianness.
  warnings.warn("One or more input array has non-native endianness!  A copy will"\
DD: 0.0029679999999999997
DR: 0.017532
RR: 0.013923
DD: 0.001803
DR: 0.013630999999999999
RR: 0.014065
DD: 0.001808
DR: 0.013306
RR: 0.014011
DD: 0.0018349999999999998
DR: 0.013793999999999999
RR: 0.014058999999999999
DD: 0.001834
DR: 0.013696999999999999
RR: 0.013857999999999999
DD: 0.001792
DR: 0.013451
RR: 0.013678
DD: 0.001785
DR: 0.013449
RR: 0.013762
DD: 0.0017989999999999998
DR: 0.015085
RR: 0.014055
DD: 0.001784
DR: 0.013552
RR: 0.013739999999999999
DD: 0.0017699999999999999
DR: 0.013533
RR: 0.014008
DD: 0.001785
DR: 0.013621999999999999
RR: 0.014058999999999999
DD: 0.00181
DR: 0.013663999999999999
RR: 0.014211
DD: 0.0017749999999999999
DR: 0.013552
RR: 0.014142
DD: 0.0017809999999999998
DR: 0.013734
RR: 0.014058
DD: 0.0017439999999999999
DR: 0.013645
RR: 0.014374999999999999
DD: 0.001751
DR: 0.013630999999999999
RR: 0.014326000000000061
DD: 0.0017649999999999999
DR: 0.013528
RR: 0.014197999999999999
DD: 0.0017519999999999999
DR: 0.013382999999999999
RR: 0.014025
DD: 0.00172
DR: 0.013552
RR: 0.014003
DD: 0.0017389999999999999
DR: 0.025679
RR: 0.014306999999999999
DD: 0.001759
DR: 0.013488
RR: 0.013906
DD: 0.0017079999999999999
DR: 0.013312
RR: 0.013918999999999999
DD: 0.001754
DR: 0.013227
RR: 0.013764
DD: 0.0017369999999999998
DR: 0.013347
RR: 0.013947
DD: 0.0017079999999999999
DR: 0.013033999999999999
RR: 0.013666999999999999
DD: 0.0017369999999999998
DR: 0.013229999999999999
RR: 0.013534
DD: 0.0017469999999999999
DR: 0.013222
RR: 0.013918
DD: 0.0017
DR: 0.013287
RR: 0.013685999999999999
DD: 0.001681
DR: 0.013160999999999999
RR: 0.013746
DD: 0.0016799999999999999
DR: 0.013382999999999999
RR: 0.013625
DD: 0.001715
DR: 0.013037
RR: 0.013708999999999999
DD: 0.001753
DR: 0.013063
RR: 0.013606
DD: 0.001731
DR: 0.013094999999999999
RR: 0.013571999999999999
DD: 0.00172
DR: 0.013016999999999999
RR: 0.013741
DD: 0.0017079999999999999
DR: 0.01317
RR: 0.013656999999999999
DD: 0.001713
DR: 0.013091
RR: 0.013838999999999999
DD: 0.001713
DR: 0.01304700000000003
RR: 0.013699999999999999
DD: 0.00173
DR: 0.013306
RR: 0.013883
DD: 0.001709
DR: 0.01317
RR: 0.01379
DD: 0.001709
DR: 0.014627999999999999
RR: 0.014353999999999999
DD: 0.0017779999999999998
DR: 0.013264
RR: 0.01407
DD: 0.0017469999999999999
DR: 0.013165
RR: 0.013595999999999999
DD: 0.001713
DR: 0.01317
RR: 0.013543
DD: 0.001645
DR: 0.013080999999999999
RR: 0.013675
DD: 0.0017239999999999998
DR: 0.013233
RR: 0.013907
DD: 0.0017369999999999998
DR: 0.013115
RR: 0.013668999999999999
DD: 0.001722
DR: 0.013262
RR: 0.013864999999999999
DD: 0.001686
DR: 0.013000999999999999
RR: 0.013607999999999999
DD: 0.0016929999999999998
DR: 0.013101
RR: 0.01363
DD: 0.001704
DR: 0.013120999999999999
RR: 0.013758
/oak/stanford/orgs/kipac/users/mahlet/quaia_bias/scripts/jackknife.py:218: RuntimeWarning: Mean of empty slice
  cf_mean = np.nanmean(cf_jackknife, axis = 0)  # is it ok to ignore nan values?
saved to _G20.5_rmin0.001_rmax10.0_nbins20_zmin0.0zmax1.0_Lmax-27.0_N50_Planck_MC_b30
Pixels masked by MC but not already by selfunc: 4785
G20.5_zmin1.0zmax2.0_Lmax-20.0: 0.30              453228 vs 648196
/home/groups/tabel/mahlet/pyccl-env/lib/python3.12/site-packages/Corrfunc/utils.py:918: UserWarning: One or more input array has non-native endianness!  A copy will be made with the correct endianness.
  warnings.warn("One or more input array has non-native endianness!  A copy will"\
DD: 0.386772
DR: 17.913657
RR: 184.27326
DD: 0.351414
DR: 17.575203
RR: 182.772138
DD: 0.371458
DR: 17.8805
RR: 179.145532
DD: 0.362705
DR: 17.352032
RR: 180.621034
DD: 0.34869700000000003
DR: 17.144436
RR: 183.415378
DD: 0.358747
DR: 17.689399
RR: 181.737617
DD: 0.41336799999999996
DR: 17.946305
RR: 184.454432
DD: 0.364413
DR: 18.116878
RR: 184.395069
DD: 0.370726
DR: 18.005647
RR: 185.107902
DD: 0.365695
DR: 17.961221
RR: 187.130405
DD: 0.37174199999999996
DR: 18.565186
RR: 188.210199
DD: 0.3673080000000001
DR: 18.611011
RR: 190.927533
DD: 0.374391
DR: 19.143118
RR: 197.883899
DD: 0.413402
DR: 19.554942
RR: 196.09075
DD: 0.388101
DR: 19.183189
RR: 194.061612
DD: 0.38717200000000007
DR: 19.303248
RR: 199.218103
DD: 0.38879600000000003
DR: 19.106064
RR: 197.462949
DD: 0.376316
DR: 18.97272
RR: 195.100938
DD: 0.3807170000000001
DR: 18.540992
RR: 191.334712
DD: 0.373205
DR: 18.305547
RR: 188.55941
DD: 0.384325
DR: 18.426013
RR: 188.289464
DD: 0.370423
DR: 18.481944
RR: 187.687378
DD: 0.37494800000000006
DR: 18.038321
RR: 187.311823
DD: 0.35711899999999996
DR: 17.69552
RR: 184.748626
DD: 0.378555
DR: 18.750686
RR: 187.227702
DD: 0.377587
DR: 17.770105
RR: 185.905781
DD: 0.367334
DR: 18.264694
RR: 187.6296
DD: 0.37651399999999996
DR: 18.460097
RR: 188.075116
DD: 0.372884
DR: 18.378445
RR: 186.75139
DD: 0.38029199999999996
DR: 18.156441
RR: 188.479822
DD: 0.382001
DR: 18.254465
RR: 186.765881
DD: 0.362921
DR: 18.288701
RR: 187.571535
DD: 0.371218
DR: 18.607445
RR: 190.098331
DD: 0.3785240000000001
DR: 18.399924
RR: 191.798991
DD: 0.38183799999999996
DR: 18.576073
RR: 192.601568
DD: 0.38272799999999996
DR: 18.602741
RR: 195.614262
DD: 0.387726
DR: 19.256956
RR: 194.668466
DD: 0.387428
DR: 19.381337
RR: 199.328063
DD: 0.393207
DR: 19.418257
RR: 197.831778
DD: 0.387553
DR: 19.320886
RR: 200.60766
DD: 0.39474200000000004
DR: 19.321652
RR: 198.42472
DD: 0.39376900000000004
DR: 19.325187
RR: 196.634126
DD: 0.371637
DR: 18.748935
RR: 197.540834
DD: 0.37751199999999996
DR: 18.881519
RR: 191.470548
DD: 0.377491
DR: 18.447171
RR: 191.074811
DD: 0.374619
DR: 18.29002
RR: 189.676064
DD: 0.368577
DR: 18.524489
RR: 188.032228
DD: 0.367896
DR: 17.866594
RR: 190.460558
DD: 0.3629
DR: 18.132818
RR: 186.095761
DD: 0.385019
DR: 17.833229
RR: 184.934321
saved to _G20.5_rmin0.001_rmax10.0_nbins20_zmin1.0zmax2.0_Lmax-20.0_N50_Planck_MC_b30
Pixels masked by MC but not already by selfunc: 3840
G20.5_zmin1.0zmax2.0_Lmax-25.0: 0.33              336125 vs 502242
/home/groups/tabel/mahlet/pyccl-env/lib/python3.12/site-packages/Corrfunc/utils.py:918: UserWarning: One or more input array has non-native endianness!  A copy will be made with the correct endianness.
  warnings.warn("One or more input array has non-native endianness!  A copy will"\
DD: 0.21864299999999998
DR: 10.369926
RR: 96.572098
DD: 0.223872
DR: 10.252018
RR: 96.209895
DD: 0.22096
DR: 10.221513999999999
RR: 97.279168
DD: 0.2190040000000001
DR: 10.197305
RR: 97.080231
DD: 0.226091
DR: 10.085142
RR: 97.567346
DD: 0.216634
DR: 10.146879
RR: 95.525585
DD: 0.22597699999999998
DR: 10.399487
RR: 99.448534
DD: 0.22653800000000002
DR: 10.393505
RR: 98.135509
DD: 0.23124999999999998
DR: 10.463009
RR: 99.705523
DD: 0.230631
DR: 10.568695
RR: 100.22723
DD: 0.235056
DR: 10.804482
RR: 101.86129
DD: 0.229783
DR: 10.601025
RR: 106.00392
DD: 0.23133000000000004
DR: 11.021937
RR: 104.143875
DD: 0.233534
DR: 10.746167
RR: 103.143025
DD: 0.23221399999999998
DR: 10.652421
RR: 103.22183
DD: 0.2347
DR: 10.818858
RR: 103.881695
DD: 0.236529
DR: 10.646895
RR: 103.179272
DD: 0.22728199999999998
DR: 10.514344
RR: 100.29741
DD: 0.224243
DR: 10.367917
RR: 100.24573
DD: 0.22858199999999998
DR: 10.428747
RR: 99.122652
DD: 0.216572
DR: 10.51354
RR: 98.738354
DD: 0.22813700000000003
DR: 10.179625
RR: 98.496204
DD: 0.22415200000000002
DR: 10.24744
RR: 98.256762
DD: 0.22194
DR: 10.163368
RR: 98.324217
DD: 0.232038
DR: 10.517459
RR: 97.384436
DD: 0.22209099999999998
DR: 10.24745
RR: 99.075452
DD: 0.226625
DR: 10.26124
RR: 98.160082
DD: 0.228351
DR: 10.359191
RR: 96.686327
DD: 0.223494
DR: 10.185809
RR: 97.63739
DD: 0.224775
DR: 10.229648
RR: 97.253107
DD: 0.224544
DR: 10.261045
RR: 97.227054
DD: 0.218746
DR: 10.354621
RR: 97.439688
DD: 0.22608000000000006
DR: 10.094071
RR: 98.051235
DD: 0.22563999999999998
DR: 10.299827
RR: 98.677464
DD: 0.22011
DR: 10.371909
RR: 100.197025
DD: 0.22605899999999998
DR: 10.27505
RR: 102.601942
DD: 0.234058
DR: 10.793833
RR: 103.104383
DD: 0.23138199999999998
DR: 11.060022
RR: 103.315365
DD: 0.242276
DR: 10.939054
RR: 103.949712
DD: 0.23599499999999998
DR: 10.644328
RR: 104.8677
DD: 0.23624599999999998
DR: 10.769993
RR: 104.786503
DD: 0.238346
DR: 10.791315
RR: 103.171737
DD: 0.258866
DR: 10.759478
RR: 101.715104
DD: 0.231759
DR: 10.634172
RR: 99.283242
DD: 0.231708
DR: 10.586262
RR: 101.791204
DD: 0.24045700000000003
DR: 10.668223
RR: 101.811233
DD: 0.233209
DR: 10.561714
RR: 101.323599
DD: 0.233479
DR: 10.675054
RR: 102.246236
DD: 0.234363
DR: 10.674517
RR: 99.051738
DD: 0.227797
DR: 10.180019
RR: 100.812993
saved to _G20.5_rmin0.001_rmax10.0_nbins20_zmin1.0zmax2.0_Lmax-25.0_N50_Planck_MC_b30
Pixels masked by MC but not already by selfunc: 1559
G20.5_zmin1.0zmax2.0_Lmax-26.0: 0.40              110789 vs 185134
/home/groups/tabel/mahlet/pyccl-env/lib/python3.12/site-packages/Corrfunc/utils.py:918: UserWarning: One or more input array has non-native endianness!  A copy will be made with the correct endianness.
  warnings.warn("One or more input array has non-native endianness!  A copy will"\
DD: 0.046107999999999996
DR: 1.616979
RR: 10.000794
DD: 0.046097
DR: 1.72239
RR: 10.377365
DD: 0.04683
DR: 1.622135
RR: 10.083449
DD: 0.046224999999999995
DR: 1.593492
RR: 10.130468
DD: 0.04631300000000005
DR: 1.644978
RR: 10.153456
DD: 0.053574
DR: 1.665405
RR: 9.881754
DD: 0.045727
DR: 1.619834
RR: 10.128909
DD: 0.044951
DR: 1.62698
RR: 10.228511
DD: 0.045538999999999996
DR: 1.599264
RR: 9.937143
DD: 0.046623
DR: 1.6469230000000001
RR: 10.313226
DD: 0.045679
DR: 1.6303109999999998
RR: 10.579643
DD: 0.047321999999999996
DR: 1.692918
RR: 10.699948
DD: 0.046325
DR: 1.679884
RR: 10.520774
DD: 0.04597
DR: 1.683043
RR: 10.649436
DD: 0.048996
DR: 1.7098550000000001
RR: 10.792266
DD: 0.046325
DR: 1.690451
RR: 10.511859
DD: 0.044864999999999995
DR: 1.6209289999999998
RR: 10.542772
DD: 0.04667399999999999
DR: 1.6730420000000001
RR: 10.598737
DD: 0.048605999999999996
DR: 1.67004
RR: 10.349667
DD: 0.044358999999999996
DR: 1.6061830000000001
RR: 10.264414
DD: 0.044695
DR: 1.613493
RR: 10.099254
DD: 0.04627
DR: 1.607949
RR: 10.219791
DD: 0.047012
DR: 1.617387
RR: 9.99141
DD: 0.043933
DR: 1.5626799999999998
RR: 10.074105
DD: 0.047881
DR: 1.64143
RR: 10.33679
DD: 0.047347
DR: 1.64066
RR: 10.184878
DD: 0.045117
DR: 1.5729090000000001
RR: 10.072973
DD: 0.045079
DR: 1.6089470000000001
RR: 10.027828
DD: 0.044900999999999996
DR: 1.581051
RR: 10.123233
DD: 0.053807999999999995
DR: 1.6357140000000001
RR: 10.146524
DD: 0.046265999999999995
DR: 1.562481
RR: 9.932259
DD: 0.044954999999999995
DR: 1.582217
RR: 10.274863
DD: 0.045531999999999996
DR: 1.620367
RR: 10.202272
DD: 0.045085
DR: 1.610321
RR: 10.12056
DD: 0.046083
DR: 1.632794
RR: 10.216402
DD: 0.055908
DR: 1.664446
RR: 10.591567
DD: 0.048007
DR: 1.668706
RR: 10.543767
DD: 0.046973
DR: 1.648005
RR: 10.401965
DD: 0.047147999999999995
DR: 1.669551
RR: 10.75266
DD: 0.048421
DR: 1.700695
RR: 10.727547
DD: 0.046473999999999994
DR: 1.6507830000000001
RR: 10.561022
DD: 0.047344
DR: 1.668155
RR: 10.561322
DD: 0.048547
DR: 1.676781
RR: 10.603417
DD: 0.045561
DR: 1.6635
RR: 10.163581
DD: 0.043344999999999995
DR: 1.640329
RR: 10.408721
DD: 0.045582
DR: 1.649683
RR: 10.338807
DD: 0.045537999999999995
DR: 1.634975
RR: 10.060094
DD: 0.054966
DR: 1.591239
RR: 9.879878
DD: 0.04400400000000004
DR: 1.578453
RR: 10.000153
DD: 0.045952
DR: 1.592215
RR: 10.333595
saved to _G20.5_rmin0.001_rmax10.0_nbins20_zmin1.0zmax2.0_Lmax-26.0_N50_Planck_MC_b30
Pixels masked by MC but not already by selfunc: 379
G20.5_zmin1.0zmax2.0_Lmax-27.0: 0.46              20750 vs 38757
/home/groups/tabel/mahlet/pyccl-env/lib/python3.12/site-packages/Corrfunc/utils.py:918: UserWarning: One or more input array has non-native endianness!  A copy will be made with the correct endianness.
  warnings.warn("One or more input array has non-native endianness!  A copy will"\
DD: 0.011278
DR: 0.16356199999999999
RR: 0.5131789999999999
DD: 0.009401999999999999
DR: 0.1648630000000001
RR: 0.514736
DD: 0.009293
DR: 0.16525900000000004
RR: 0.514676
DD: 0.009275
DR: 0.16549100000000005
RR: 0.513463
DD: 0.009191
DR: 0.16547600000000007
RR: 0.514334
DD: 0.009245
DR: 0.16606300000000007
RR: 0.516215
DD: 0.009215
DR: 0.16547800000000001
RR: 0.503365
DD: 0.009569
DR: 0.17084200000000005
RR: 0.530068
DD: 0.009575
DR: 0.17145300000000008
RR: 0.5344479999999999
DD: 0.009698
DR: 0.17207899999999998
RR: 0.5378879999999999
DD: 0.009628
DR: 0.173455
RR: 0.542343
DD: 0.009719
DR: 0.173613
RR: 0.54819
DD: 0.009715
DR: 0.175595
RR: 0.557934
DD: 0.009862
DR: 0.177259
RR: 0.564989
DD: 0.009967
DR: 0.179762
RR: 0.5653980000000001
DD: 0.00985
DR: 0.180528
RR: 0.564315
DD: 0.01001
DR: 0.177724
RR: 0.55306
DD: 0.00971
DR: 0.17399199999999998
RR: 0.5533129999999999
DD: 0.00984
DR: 0.176136
RR: 0.548645
DD: 0.009542
DR: 0.17374799999999999
RR: 0.544651
DD: 0.009547
DR: 0.172117
RR: 0.5308660000000001
DD: 0.009387999999999999
DR: 0.169033
RR: 0.526381
DD: 0.009457
DR: 0.168565
RR: 0.522461
DD: 0.009328999999999999
DR: 0.165992
RR: 0.516581
DD: 0.009217
DR: 0.16619
RR: 0.515823
DD: 0.009358
DR: 0.17408099999999999
RR: 0.525179
DD: 0.009498
DR: 0.173319
RR: 0.528913
DD: 0.009621
DR: 0.17235999999999999
RR: 0.519745
DD: 0.009311
DR: 0.168873
RR: 0.518457
DD: 0.009413
DR: 0.169947
RR: 0.523798
DD: 0.009536
DR: 0.170338
RR: 0.523986
DD: 0.009557999999999999
DR: 0.169964
RR: 0.519686
DD: 0.009441999999999999
DR: 0.16789600000000005
RR: 0.510709
DD: 0.00957
DR: 0.16832100000000005
RR: 0.528057
DD: 0.013040999999999999
DR: 0.16981500000000005
RR: 0.528096
DD: 0.013328
DR: 0.17356300000000002
RR: 0.530876
DD: 0.009777
DR: 0.17306100000000002
RR: 0.5360119999999999
DD: 0.012822
DR: 0.1728240000000001
RR: 0.536531
DD: 0.009535
DR: 0.171319
RR: 0.5389269999999999
DD: 0.009295
DR: 0.17091099999999998
RR: 0.5382049999999999
DD: 0.009306
DR: 0.180638
RR: 0.53545
DD: 0.009566
DR: 0.16885999999999998
RR: 0.527764
DD: 0.009248000000000034
DR: 0.16766899999999998
RR: 0.524322
DD: 0.0092
DR: 0.16524
RR: 0.518195
DD: 0.009052
DR: 0.164875
RR: 0.512016
DD: 0.009048000000000056
DR: 0.165014
RR: 0.522004
DD: 0.012456
DR: 0.164989
RR: 0.511726
DD: 0.009389999999999999
DR: 0.164044
RR: 0.506962
DD: 0.02329800000000004
DR: 0.19009399999999999
RR: 0.532069
DD: 0.023288
DR: 0.182688
RR: 0.52613
saved to _G20.5_rmin0.001_rmax10.0_nbins20_zmin1.0zmax2.0_Lmax-27.0_N50_Planck_MC_b30
Pixels masked by MC but not already by selfunc: 2764
G20.5_zmin2.0zmax3.0_Lmax-20.0: 0.28              207602 vs 286508
/home/groups/tabel/mahlet/pyccl-env/lib/python3.12/site-packages/Corrfunc/utils.py:918: UserWarning: One or more input array has non-native endianness!  A copy will be made with the correct endianness.
  warnings.warn("One or more input array has non-native endianness!  A copy will"\
DD: 0.112354
DR: 4.627665
RR: 35.741922
DD: 0.107676
DR: 4.444254
RR: 36.401921
DD: 0.11743999999999999
DR: 4.887757
RR: 37.090342
DD: 0.110847
DR: 4.544472
RR: 37.078875
DD: 0.106916
DR: 4.4108979999999995
RR: 36.000091
DD: 0.108974
DR: 4.457302
RR: 36.638001
DD: 0.11021399999999999
DR: 4.591881
RR: 36.534269
DD: 0.109289
DR: 4.462029
RR: 36.213749
DD: 0.108176
DR: 4.516005
RR: 37.378542
DD: 0.11155999999999999
DR: 4.6320879999999995
RR: 38.697188
DD: 0.11483099999999999
DR: 4.772322
RR: 39.616216
DD: 0.131221
DR: 4.811078
RR: 38.515153
DD: 0.11573699999999999
DR: 4.746387
RR: 38.937141
DD: 0.119796
DR: 4.892717
RR: 39.082105
DD: 0.116065
DR: 4.759514
RR: 38.824677
DD: 0.11591
DR: 4.763899
RR: 39.131504
DD: 0.117085
DR: 4.797162
RR: 38.610208
DD: 0.117574
DR: 4.783532
RR: 38.27148
DD: 0.113856
DR: 4.689204
RR: 37.737954
DD: 0.115391
DR: 4.735448
RR: 37.973496
DD: 0.11284799999999999
DR: 4.646585
RR: 36.704585
DD: 0.11105999999999999
DR: 4.576406
RR: 37.235418
DD: 0.114671
DR: 4.54393
RR: 37.282555
DD: 0.112881
DR: 4.605704
RR: 36.771464
DD: 0.12985800000000003
DR: 4.54226
RR: 36.809496
DD: 0.112399
DR: 4.466718
RR: 36.158208
DD: 0.110889
DR: 4.560011
RR: 38.0684
DD: 0.113149
DR: 4.539237
RR: 36.644998
DD: 0.11277699999999999
DR: 4.596651
RR: 36.862103
DD: 0.111842
DR: 4.613047
RR: 37.017587
DD: 0.111055
DR: 4.600369
RR: 37.040398
DD: 0.11387
DR: 4.604032
RR: 35.896614
DD: 0.11221099999999999
DR: 4.624836
RR: 37.406744
DD: 0.110095
DR: 4.637505
RR: 38.233611
DD: 0.13100299999999998
DR: 4.6462900000000005
RR: 37.614951
DD: 0.11487
DR: 4.660755
RR: 38.398877
DD: 0.11462299999999999
DR: 4.725516
RR: 38.306606
DD: 0.11494299999999999
DR: 4.72814
RR: 39.296018
DD: 0.116754
DR: 4.790731
RR: 38.958531
DD: 0.11991199999999999
DR: 4.883284
RR: 39.521123
DD: 0.118268
DR: 4.802194
RR: 38.837993
DD: 0.116959
DR: 4.891758
RR: 38.861503
DD: 0.11619499999999999
DR: 4.815748
RR: 38.638324
DD: 0.113921
DR: 4.728089
RR: 38.315588
DD: 0.11648599999999999
DR: 4.711674
RR: 37.867972
DD: 0.11327899999999999
DR: 4.6746289999999995
RR: 37.827402
DD: 0.112249
DR: 4.681525
RR: 37.271763
DD: 0.112173
DR: 4.664627
RR: 36.844714
DD: 0.11379099999999999
DR: 4.663264
RR: 37.109006
DD: 0.11345
DR: 4.661166
RR: 36.754771
saved to _G20.5_rmin0.001_rmax10.0_nbins20_zmin2.0zmax3.0_Lmax-20.0_N50_Planck_MC_b30
Pixels masked by MC but not already by selfunc: 2764
G20.5_zmin2.0zmax3.0_Lmax-25.0: 0.28              207602 vs 286508
/home/groups/tabel/mahlet/pyccl-env/lib/python3.12/site-packages/Corrfunc/utils.py:918: UserWarning: One or more input array has non-native endianness!  A copy will be made with the correct endianness.
  warnings.warn("One or more input array has non-native endianness!  A copy will"\
DD: 0.111564
DR: 4.547407
RR: 36.977448
DD: 0.10900500000000002
DR: 4.522215
RR: 36.787846
DD: 0.110107
DR: 4.488908
RR: 36.497638
DD: 0.112967
DR: 4.518588
RR: 36.768886
DD: 0.111966
DR: 4.511003
RR: 36.900166
DD: 0.116363
DR: 4.697363
RR: 37.279347
DD: 0.111289
DR: 4.564818
RR: 36.884231
DD: 0.111456
DR: 4.680682
RR: 37.687147
DD: 0.120596
DR: 4.951151
RR: 39.507373
DD: 0.136314
DR: 4.944104
RR: 38.799222
DD: 0.114951
DR: 4.765679
RR: 38.84256
DD: 0.11876199999999999
DR: 4.870893
RR: 39.093549
DD: 0.118252
DR: 4.853049
RR: 38.794178
DD: 0.11622299999999999
DR: 4.784919
RR: 38.778417
DD: 0.116936
DR: 4.711659
RR: 39.612835
DD: 0.11791599999999999
DR: 4.881592
RR: 39.160271
DD: 0.115246
DR: 4.737689
RR: 38.79407
DD: 0.116992
DR: 4.771609
RR: 38.773179999999996
DD: 0.11245799999999999
DR: 4.692654
RR: 37.92025
DD: 0.11628800000000006
DR: 4.649765
RR: 36.47299
DD: 0.12251999999999999
DR: 4.718249
RR: 38.032429
DD: 0.112094
DR: 4.527628
RR: 36.795731
DD: 0.108459
DR: 4.495448
RR: 37.924395
DD: 0.130456
DR: 4.584377
RR: 36.961105
DD: 0.132075
DR: 4.825006
RR: 37.341198
DD: 0.114311
DR: 4.750657
RR: 37.186578
DD: 0.12033100000000008
DR: 4.536981
RR: 37.522434
DD: 0.128273
DR: 4.648042
RR: 37.041591
DD: 0.109884
DR: 4.568375
RR: 37.017724
DD: 0.111273
DR: 4.565583
RR: 37.381151
DD: 0.112929
DR: 4.628393
RR: 37.171743
DD: 0.11403999999999999
DR: 4.545467
RR: 36.858606
DD: 0.13300099999999998
DR: 4.63325
RR: 37.075498
DD: 0.11794299999999999
DR: 4.702581
RR: 37.375538
DD: 0.1378560000000001
DR: 4.955685
RR: 37.990746
DD: 0.11721799999999999
DR: 4.797236
RR: 38.124724
DD: 0.113872
DR: 4.820423
RR: 38.698661
DD: 0.11981399999999999
DR: 4.815646
RR: 38.908384
DD: 0.11617899999999999
DR: 4.775999
RR: 39.084124
DD: 0.115591
DR: 4.749079
RR: 38.437363
DD: 0.123889
DR: 5.150338
RR: 41.841799
DD: 0.118699
DR: 4.799951
RR: 39.070819
DD: 0.11352799999999999
DR: 4.74415
RR: 39.130464
DD: 0.115392
DR: 4.745523
RR: 38.615862
DD: 0.11324899999999999
DR: 4.659649
RR: 37.716777
DD: 0.10815899999999999
DR: 4.562744
RR: 36.674577
DD: 0.11201799999999999
DR: 4.585142
RR: 37.394481999999996
DD: 0.11262799999999999
DR: 4.677575
RR: 36.576698
DD: 0.111786
DR: 4.551615
RR: 36.534789
DD: 0.10752199999999999
DR: 4.562778
RR: 37.168027
saved to _G20.5_rmin0.001_rmax10.0_nbins20_zmin2.0zmax3.0_Lmax-25.0_N50_Planck_MC_b30
Pixels masked by MC but not already by selfunc: 2573
G20.5_zmin2.0zmax3.0_Lmax-26.0: 0.29              184109 vs 259755
/home/groups/tabel/mahlet/pyccl-env/lib/python3.12/site-packages/Corrfunc/utils.py:918: UserWarning: One or more input array has non-native endianness!  A copy will be made with the correct endianness.
  warnings.warn("One or more input array has non-native endianness!  A copy will"\
DD: 0.092425
DR: 3.66939
RR: 27.815314
DD: 0.091373
DR: 3.7253410000000002
RR: 27.777165
DD: 0.09153
DR: 3.745342
RR: 28.188201
DD: 0.09214499999999999
DR: 3.68323
RR: 27.838095
DD: 0.09547499999999999
DR: 3.778802
RR: 28.123778
DD: 0.09396299999999999
DR: 3.7354760000000002
RR: 29.056847
DD: 0.094113
DR: 3.701404
RR: 28.440363
DD: 0.09673
DR: 3.870514
RR: 28.9788
DD: 0.09397
DR: 3.81669
RR: 29.124853
DD: 0.095631
DR: 3.751161
RR: 28.974629
DD: 0.097573
DR: 3.872594
RR: 29.149072
DD: 0.096496
DR: 3.876137
RR: 29.634812
DD: 0.094342
DR: 3.770575
RR: 30.158756
DD: 0.09856
DR: 3.860504
RR: 29.968903
DD: 0.097671
DR: 3.916088
RR: 29.852062
DD: 0.09504699999999999
DR: 3.805932
RR: 30.483929
DD: 0.092053
DR: 3.851608
RR: 30.269885
DD: 0.09703099999999999
DR: 3.850732
RR: 29.308676
DD: 0.09653
DR: 3.899208
RR: 29.133026
DD: 0.094918
DR: 3.801483
RR: 29.002257
DD: 0.092652
DR: 3.688141
RR: 28.844605
DD: 0.095451
DR: 3.721237
RR: 28.398246
DD: 0.09329
DR: 3.738603
RR: 28.299315
DD: 0.09014599999999999
DR: 3.657003
RR: 28.536782
DD: 0.094542
DR: 3.704585
RR: 28.340881
DD: 0.09270199999999999
DR: 3.68542
RR: 28.013446
DD: 0.092873
DR: 3.634716
RR: 28.338107
DD: 0.090696
DR: 3.603554
RR: 28.208128
DD: 0.091666
DR: 3.668711
RR: 28.243896
DD: 0.08932600000000002
DR: 3.711458
RR: 28.210504
DD: 0.09795799999999999
DR: 3.71716
RR: 28.398224
DD: 0.09459800000000007
DR: 3.74731
RR: 28.064523
DD: 0.09089699999999999
DR: 3.578526
RR: 29.442635
DD: 0.100051
DR: 3.933524
RR: 29.264975
DD: 0.09518399999999999
DR: 3.842838
RR: 30.014823
DD: 0.097188
DR: 3.78423
RR: 30.752063
DD: 0.11356200000000005
DR: 3.921799
RR: 30.407442
DD: 0.116147
DR: 3.960305
RR: 29.932272
DD: 0.09648
DR: 3.983101
RR: 30.141688
DD: 0.093274
DR: 3.78898
RR: 29.660339
DD: 0.09765299999999999
DR: 3.904784
RR: 31.228231
DD: 0.097005
DR: 3.8275449999999998
RR: 29.514768
DD: 0.09293200000000001
DR: 3.76492
RR: 29.282276
DD: 0.09490699999999999
DR: 3.830405
RR: 28.660506
DD: 0.09429699999999999
DR: 3.759492
RR: 28.912081
DD: 0.08981199999999999
DR: 3.695901
RR: 28.745202
DD: 0.095052
DR: 3.7257569999999998
RR: 27.996954
DD: 0.090532
DR: 3.651383
RR: 28.954695
DD: 0.093302
DR: 3.731986
RR: 28.510101
DD: 0.089609
DR: 3.609253
RR: 27.923922
saved to _G20.5_rmin0.001_rmax10.0_nbins20_zmin2.0zmax3.0_Lmax-26.0_N50_Planck_MC_b30
Pixels masked by MC but not already by selfunc: 1053
G20.5_zmin2.0zmax3.0_Lmax-27.0: 0.37              64747 vs 103123
/home/groups/tabel/mahlet/pyccl-env/lib/python3.12/site-packages/Corrfunc/utils.py:918: UserWarning: One or more input array has non-native endianness!  A copy will be made with the correct endianness.
  warnings.warn("One or more input array has non-native endianness!  A copy will"\
DD: 0.025634999999999998
DR: 0.702214
RR: 3.483939
DD: 0.024628
DR: 0.6950590000000001
RR: 3.513229
DD: 0.027281999999999997
DR: 0.711563
RR: 3.523964
DD: 0.02451
DR: 0.693242
RR: 3.46272
DD: 0.024103
DR: 0.696079
RR: 3.48153
DD: 0.024544999999999997
DR: 0.6979759999999999
RR: 3.505814
DD: 0.024978
DR: 0.722691
RR: 3.6064030000000002
DD: 0.024907
DR: 0.709184
RR: 3.553117
DD: 0.024768
DR: 0.7198960000000001
RR: 3.614808
DD: 0.025304
DR: 0.71848
RR: 3.610254
DD: 0.025009
DR: 0.70373
RR: 3.576663
DD: 0.024693999999999997
DR: 0.707682
RR: 3.624215
DD: 0.025526999999999998
DR: 0.743719
RR: 3.706615
DD: 0.025033
DR: 0.7394029999999999
RR: 3.745646
DD: 0.025377999999999998
DR: 0.743314
RR: 3.730426
DD: 0.025109
DR: 0.772316
RR: 3.96858
DD: 0.034531
DR: 0.7362770000000001
RR: 3.712398
DD: 0.027811
DR: 0.7306849999999999
RR: 3.626145
DD: 0.025182
DR: 0.72045
RR: 3.607085
DD: 0.024766
DR: 0.70821
RR: 3.529055
DD: 0.024534
DR: 0.7008719999999999
RR: 3.498079
DD: 0.039105999999999995
DR: 0.6976559999999999
RR: 3.438346
DD: 0.023936
DR: 0.691773
RR: 3.5034549999999998
DD: 0.02468
DR: 0.724932
RR: 3.59785
DD: 0.024745
DR: 0.723151
RR: 3.622954
DD: 0.025235
DR: 0.725266
RR: 3.649701
DD: 0.025223
DR: 0.730065
RR: 3.49712
DD: 0.024263999999999997
DR: 0.7007289999999999
RR: 3.444226
DD: 0.024315999999999997
DR: 0.689523
RR: 3.366488
DD: 0.023677
DR: 0.674732
RR: 3.440228
DD: 0.024412
DR: 0.68896
RR: 3.421718
DD: 0.023979
DR: 0.6951320000000001
RR: 3.501385
DD: 0.024621999999999998
DR: 0.69946
RR: 3.488635
DD: 0.024866
DR: 0.706834
RR: 3.525
DD: 0.024839999999999997
DR: 0.716553
RR: 3.598293
DD: 0.025025
DR: 0.722093
RR: 3.656773
DD: 0.025398
DR: 0.761514
RR: 3.779456
DD: 0.02801
DR: 0.72495
RR: 3.642832
DD: 0.024783
DR: 0.715208
RR: 3.678275
DD: 0.034844
DR: 0.7327760000000001
RR: 3.799733
DD: 0.025792
DR: 0.743095
RR: 3.742764
DD: 0.026106999999999998
DR: 0.736048
RR: 3.7457190000000002
DD: 0.025955
DR: 0.738306
RR: 3.706229
DD: 0.025162
DR: 0.735366
RR: 3.548672
DD: 0.024409
DR: 0.706233
RR: 3.495354
DD: 0.024159
DR: 0.693093
RR: 3.47327
DD: 0.024321
DR: 0.692987
RR: 3.533445
DD: 0.024019
DR: 0.690003
RR: 3.3598879999999998
DD: 0.023944
DR: 0.678537
RR: 3.42981
DD: 0.024905
DR: 0.704421
RR: 3.471086
saved to _G20.5_rmin0.001_rmax10.0_nbins20_zmin2.0zmax3.0_Lmax-27.0_N50_Planck_MC_b30
Pixels masked by MC but not already by selfunc: 307
G20.5_zmin3.0zmax4.6_Lmax-20.0: 0.23              28043 vs 36458
/home/groups/tabel/mahlet/pyccl-env/lib/python3.12/site-packages/Corrfunc/utils.py:918: UserWarning: One or more input array has non-native endianness!  A copy will be made with the correct endianness.
  warnings.warn("One or more input array has non-native endianness!  A copy will"\
DD: 0.011883999999999999
DR: 0.20260999999999998
RR: 0.628663
DD: 0.011543999999999999
DR: 0.19984000000000002
RR: 0.611412
DD: 0.01125
DR: 0.19655599999999998
RR: 0.609416
DD: 0.011231
DR: 0.195091
RR: 0.609893
DD: 0.011269999999999999
DR: 0.19899499999999998
RR: 0.6154280000000001
DD: 0.011326
DR: 0.18703499999999998
RR: 0.603092
DD: 0.011325
DR: 0.198431
RR: 0.615771
DD: 0.011406
DR: 0.19689500000000004
RR: 0.614198
DD: 0.011427999999999999
DR: 0.19871500000000009
RR: 0.620772
DD: 0.011316999999999999
DR: 0.200619
RR: 0.6353759999999999
DD: 0.011496
DR: 0.203042
RR: 0.639648
DD: 0.011668
DR: 0.20457399999999998
RR: 0.641257
DD: 0.011538
DR: 0.204263
RR: 0.6455639999999999
DD: 0.011677
DR: 0.20579800000000004
RR: 0.652103
DD: 0.011680999999999999
DR: 0.20513399999999998
RR: 0.6449860000000001
DD: 0.011609999999999999
DR: 0.205145
RR: 0.6479010000000001
DD: 0.011626
DR: 0.203231
RR: 0.644278
DD: 0.011529
DR: 0.21046600000000004
RR: 0.639852
DD: 0.011646
DR: 0.201016
RR: 0.634333
DD: 0.011436
DR: 0.198451
RR: 0.6225890000000001
DD: 0.011465999999999999
DR: 0.197323
RR: 0.617309
DD: 0.011474
DR: 0.196821
RR: 0.621203
DD: 0.011309999999999999
DR: 0.19777
RR: 0.621269
DD: 0.011262999999999999
DR: 0.19741200000000003
RR: 0.6164
DD: 0.011266
DR: 0.196404
RR: 0.61939
DD: 0.011325
DR: 0.19625099999999998
RR: 0.618645
DD: 0.011363
DR: 0.193953
RR: 0.6518470000000001
DD: 0.012579
DR: 0.213027
RR: 0.653331
DD: 0.012251
DR: 0.212963
RR: 0.653671
DD: 0.012399
DR: 0.214447
RR: 0.6755610000000001
DD: 0.012914
DR: 0.224524
RR: 0.685401
DD: 0.013297999999999999
DR: 0.22541499999999998
RR: 0.6856249999999999
DD: 0.01325
DR: 0.22501900000000008
RR: 0.6807650000000001
DD: 0.013137
DR: 0.22877599999999998
RR: 0.6866030000000001
DD: 0.013845999999999999
DR: 0.234587
RR: 0.690164
DD: 0.013762
DR: 0.23450900000000008
RR: 0.69405
DD: 0.013408999999999999
DR: 0.236346
RR: 0.702771
DD: 0.013881999999999999
DR: 0.23565699999999998
RR: 0.6996070000000001
DD: 0.013561
DR: 0.23469000000000007
RR: 0.692171
DD: 0.013685
DR: 0.23548
RR: 0.6996439999999999
DD: 0.013746999999999999
DR: 0.236308
RR: 0.691654
DD: 0.013479999999999999
DR: 0.24067899999999998
RR: 0.701831
DD: 0.013647
DR: 0.233948
RR: 0.693868
DD: 0.013472999999999999
DR: 0.232508
RR: 0.689046
DD: 0.01338
DR: 0.233863
RR: 0.687164
DD: 0.013278
DR: 0.23071700000000006
RR: 0.6759120000000001
DD: 0.013175
DR: 0.22608299999999998
RR: 0.661876
DD: 0.013000999999999999
DR: 0.225592
RR: 0.671501
DD: 0.012791
DR: 0.22261599999999998
RR: 0.660481
DD: 0.012451
DR: 0.21853699999999998
RR: 0.653292
saved to _G20.5_rmin0.001_rmax10.0_nbins20_zmin3.0zmax4.6_Lmax-20.0_N50_Planck_MC_b30
Pixels masked by MC but not already by selfunc: 307
G20.5_zmin3.0zmax4.6_Lmax-25.0: 0.23              28043 vs 36458
/home/groups/tabel/mahlet/pyccl-env/lib/python3.12/site-packages/Corrfunc/utils.py:918: UserWarning: One or more input array has non-native endianness!  A copy will be made with the correct endianness.
  warnings.warn("One or more input array has non-native endianness!  A copy will"\
DD: 0.012518999999999999
DR: 0.213697
RR: 0.6534770000000001
DD: 0.012468
DR: 0.209939
RR: 0.643471
DD: 0.012117
DR: 0.20964900000000009
RR: 0.6461169999999999
DD: 0.01214
DR: 0.210221
RR: 0.646239
DD: 0.012331
DR: 0.213136
RR: 0.654282
DD: 0.012273
DR: 0.21212399999999998
RR: 0.654331
DD: 0.012201
DR: 0.211174
RR: 0.652249
DD: 0.011923999999999999
DR: 0.20665
RR: 0.646094
DD: 0.011803
DR: 0.20299199999999998
RR: 0.635594
DD: 0.011915
DR: 0.206201
RR: 0.64007
DD: 0.011715999999999999
DR: 0.20390999999999998
RR: 0.6402909999999999
DD: 0.01159
DR: 0.20357000000000003
RR: 0.636524
DD: 0.01163
DR: 0.20183399999999999
RR: 0.6304160000000001
DD: 0.012078
DR: 0.209672
RR: 0.664929
DD: 0.015653
DR: 0.21070699999999998
RR: 0.6641600000000001
DD: 0.012161
DR: 0.211008
RR: 0.664748
DD: 0.011904999999999999
DR: 0.209214
RR: 0.664292
DD: 0.01189
DR: 0.20846699999999999
RR: 0.658838
DD: 0.011816
DR: 0.20654599999999998
RR: 0.6465000000000001
DD: 0.011618999999999999
DR: 0.203651
RR: 0.64986
DD: 0.011727
DR: 0.20518500000000006
RR: 0.645272
DD: 0.011701999999999999
DR: 0.202624
RR: 0.63854
DD: 0.011689999999999999
DR: 0.20377699999999999
RR: 0.6443369999999999
DD: 0.011703
DR: 0.20557399999999998
RR: 0.645714
DD: 0.011845
DR: 0.205249
RR: 0.6418119999999999
DD: 0.011559
DR: 0.20177900000000004
RR: 0.624077
DD: 0.011491999999999999
DR: 0.197909
RR: 0.618028
DD: 0.011451999999999999
DR: 0.19749799999999998
RR: 0.621677
DD: 0.011673999999999999
DR: 0.20038499999999998
RR: 0.623874
DD: 0.011578999999999999
DR: 0.199851
RR: 0.621823
DD: 0.01154
DR: 0.20029200000000003
RR: 0.626012
DD: 0.011590999999999999
DR: 0.20071999999999998
RR: 0.628142
DD: 0.011673
DR: 0.20235799999999998
RR: 0.6306579999999999
DD: 0.011601
DR: 0.203113
RR: 0.633154
DD: 0.011675999999999999
DR: 0.203482
RR: 0.6387480000000001
DD: 0.0116
DR: 0.20432700000000004
RR: 0.644826
DD: 0.011928
DR: 0.208389
RR: 0.658829
DD: 0.011899999999999999
DR: 0.210081
RR: 0.66037
DD: 0.011876999999999999
DR: 0.20810199999999998
RR: 0.6588350000000001
DD: 0.011873
DR: 0.208008
RR: 0.6562209999999999
DD: 0.011861
DR: 0.20802700000000007
RR: 0.6651640000000001
DD: 0.011824
DR: 0.209151
RR: 0.659861
DD: 0.011852
DR: 0.208012
RR: 0.65314
DD: 0.011675999999999999
DR: 0.20471899999999998
RR: 0.6429929999999999
DD: 0.011724
DR: 0.20486400000000005
RR: 0.642369
DD: 0.011701999999999999
DR: 0.20355099999999998
RR: 0.637195
DD: 0.011644999999999999
DR: 0.201991
RR: 0.633013
DD: 0.011627
DR: 0.20155599999999999
RR: 0.630772
DD: 0.011526999999999999
DR: 0.202621
RR: 0.633783
DD: 0.011609999999999999
DR: 0.204009
RR: 0.638876
saved to _G20.5_rmin0.001_rmax10.0_nbins20_zmin3.0zmax4.6_Lmax-25.0_N50_Planck_MC_b30
Pixels masked by MC but not already by selfunc: 307
G20.5_zmin3.0zmax4.6_Lmax-26.0: 0.23              28043 vs 36458
/home/groups/tabel/mahlet/pyccl-env/lib/python3.12/site-packages/Corrfunc/utils.py:918: UserWarning: One or more input array has non-native endianness!  A copy will be made with the correct endianness.
  warnings.warn("One or more input array has non-native endianness!  A copy will"\
DD: 0.011798
DR: 0.20262
RR: 0.633591
DD: 0.011739999999999999
DR: 0.203959
RR: 0.6374040000000001
DD: 0.011724
DR: 0.20553
RR: 0.636823
DD: 0.011661
DR: 0.204239
RR: 0.626906
DD: 0.01154
DR: 0.20069100000000006
RR: 0.626379
DD: 0.011614
DR: 0.20229799999999998
RR: 0.629838
DD: 0.011675999999999999
DR: 0.20327099999999998
RR: 0.6296269999999999
DD: 0.011583
DR: 0.202624
RR: 0.626482
DD: 0.011585
DR: 0.201991
RR: 0.630826
DD: 0.011696999999999999
DR: 0.20306500000000005
RR: 0.635571
DD: 0.011737
DR: 0.204012
RR: 0.640808
DD: 0.011738
DR: 0.205372
RR: 0.650795
DD: 0.011778
DR: 0.215363
RR: 0.65317
DD: 0.012020999999999999
DR: 0.20818199999999998
RR: 0.657272
DD: 0.012020999999999999
DR: 0.209318
RR: 0.663092
DD: 0.01192
DR: 0.208503
RR: 0.658005
DD: 0.011776
DR: 0.20943799999999999
RR: 0.668204
DD: 0.011857999999999999
DR: 0.210012
RR: 0.660949
DD: 0.011776
DR: 0.207499
RR: 0.643019
DD: 0.011635000000000062
DR: 0.202741
RR: 0.63059
DD: 0.01155
DR: 0.200928
RR: 0.6279680000000001
DD: 0.011542
DR: 0.200561
RR: 0.6248100000000001
DD: 0.011536
DR: 0.20052599999999998
RR: 0.623885
DD: 0.011491
DR: 0.19864900000000008
RR: 0.621302
DD: 0.011460999999999999
DR: 0.19877699999999998
RR: 0.6116630000000001
DD: 0.011278
DR: 0.196238
RR: 0.609071
DD: 0.011391
DR: 0.19599899999999998
RR: 0.611291
DD: 0.011361999999999999
DR: 0.196352
RR: 0.616471
DD: 0.011504
DR: 0.199485
RR: 0.623922
DD: 0.011755
DR: 0.20295200000000002
RR: 0.633042
DD: 0.011548
DR: 0.203794
RR: 0.634592
DD: 0.011776
DR: 0.2045
RR: 0.6418360000000001
DD: 0.011738
DR: 0.20657899999999998
RR: 0.646957
DD: 0.011852999999999999
DR: 0.207316
RR: 0.649214
DD: 0.011824
DR: 0.20692700000000008
RR: 0.649049
DD: 0.011871999999999999
DR: 0.208263
RR: 0.657891
DD: 0.011944999999999999
DR: 0.21073699999999998
RR: 0.665862
DD: 0.012135
DR: 0.211968
RR: 0.667582
DD: 0.012041
DR: 0.21218400000000004
RR: 0.668374
DD: 0.012135
DR: 0.21187799999999998
RR: 0.6694990000000001
DD: 0.012185
DR: 0.213108
RR: 0.675117
DD: 0.012199
DR: 0.214091
RR: 0.67441
DD: 0.012065
DR: 0.21146299999999998
RR: 0.66142
DD: 0.011869999999999999
DR: 0.209191
RR: 0.662655
DD: 0.011958
DR: 0.210217
RR: 0.65556
DD: 0.011892999999999999
DR: 0.20765399999999998
RR: 0.645436
DD: 0.011687999999999999
DR: 0.20548100000000002
RR: 0.637876
DD: 0.011606
DR: 0.20529599999999998
RR: 0.641949
DD: 0.011725
DR: 0.205693
RR: 0.633778
DD: 0.01143
DR: 0.201045
RR: 0.6305350000000001
saved to _G20.5_rmin0.001_rmax10.0_nbins20_zmin3.0zmax4.6_Lmax-26.0_N50_Planck_MC_b30
Pixels masked by MC but not already by selfunc: 259
G20.5_zmin3.0zmax4.6_Lmax-27.0: 0.26              21433 vs 28981
/home/groups/tabel/mahlet/pyccl-env/lib/python3.12/site-packages/Corrfunc/utils.py:918: UserWarning: One or more input array has non-native endianness!  A copy will be made with the correct endianness.
  warnings.warn("One or more input array has non-native endianness!  A copy will"\
DD: 0.009393
DR: 0.141924
RR: 0.387906
DD: 0.009233
DR: 0.14141199999999998
RR: 0.390169
DD: 0.009396999999999999
DR: 0.142474
RR: 0.394611
DD: 0.009431
DR: 0.142225
RR: 0.39057300000000006
DD: 0.00943
DR: 0.142953
RR: 0.3912300000000001
DD: 0.009351
DR: 0.142489
RR: 0.388901
DD: 0.009179
DR: 0.141428
RR: 0.388752
DD: 0.009321
DR: 0.14260300000000004
RR: 0.393642
DD: 0.009283999999999999
DR: 0.14304799999999998
RR: 0.39581500000000003
DD: 0.009348
DR: 0.14224699999999998
RR: 0.391397
DD: 0.009623999999999999
DR: 0.14979099999999998
RR: 0.420044
DD: 0.009863
DR: 0.151774
RR: 0.42281799999999997
DD: 0.009804
DR: 0.151356
RR: 0.42489099999999996
DD: 0.009838
DR: 0.150621
RR: 0.42046
DD: 0.009696999999999999
DR: 0.150037
RR: 0.419402
DD: 0.009651
DR: 0.15689599999999998
RR: 0.41796900000000003
DD: 0.009831
DR: 0.148858
RR: 0.41922100000000007
DD: 0.009736999999999999
DR: 0.149897
RR: 0.416497
DD: 0.009555
DR: 0.14638099999999998
RR: 0.411468
DD: 0.009642
DR: 0.146901
RR: 0.404937
DD: 0.009568
DR: 0.14439400000000002
RR: 0.3973
DD: 0.009374
DR: 0.143841
RR: 0.395007
DD: 0.009341
DR: 0.14277399999999998
RR: 0.394919
DD: 0.009405
DR: 0.14318
RR: 0.39411199999999996
DD: 0.009433000000000025
DR: 0.143124
RR: 0.39381299999999997
DD: 0.00938
DR: 0.14399700000000004
RR: 0.39530299999999996
DD: 0.009472
DR: 0.142432
RR: 0.3893
DD: 0.009335
DR: 0.141951
RR: 0.388775
DD: 0.0093
DR: 0.14215899999999998
RR: 0.39104800000000006
DD: 0.009448999999999999
DR: 0.14282899999999998
RR: 0.392542
DD: 0.009377
DR: 0.14298300000000008
RR: 0.397267
DD: 0.009349999999999999
DR: 0.145404
RR: 0.402781
DD: 0.009703
DR: 0.146401
RR: 0.40308200000000005
DD: 0.009512999999999999
DR: 0.145231
RR: 0.402405
DD: 0.009524
DR: 0.144068
RR: 0.406254
DD: 0.009604999999999999
DR: 0.14636
RR: 0.410115
DD: 0.009601
DR: 0.14851400000000003
RR: 0.414667
DD: 0.009623999999999999
DR: 0.148955
RR: 0.41435
DD: 0.009606
DR: 0.147883
RR: 0.41368800000000006
DD: 0.009427
DR: 0.147605
RR: 0.41791900000000004
DD: 0.009672
DR: 0.14928
RR: 0.419512
DD: 0.009616999999999999
DR: 0.148951
RR: 0.417547
DD: 0.009682
DR: 0.148119
RR: 0.410375
DD: 0.009441
DR: 0.14442900000000003
RR: 0.405481
DD: 0.009384
DR: 0.144475
RR: 0.40122
DD: 0.009396999999999999
DR: 0.144427
RR: 0.398848
DD: 0.009385
DR: 0.143598
RR: 0.396014
DD: 0.009318
DR: 0.14177399999999998
RR: 0.392061
DD: 0.009401999999999999
DR: 0.14245200000000002
RR: 0.394522
DD: 0.009304
DR: 0.142185
RR: 0.39246899999999996
saved to _G20.5_rmin0.001_rmax10.0_nbins20_zmin3.0zmax4.6_Lmax-27.0_N50_Planck_MC_b30
done!
Exception ignored in: <function Cosmology.__del__ at 0x7f24f32d6ac0>
Traceback (most recent call last):
  File "/home/groups/tabel/mahlet/pyccl-env/lib/python3.12/site-packages/pyccl/cosmology.py", line 464, in __del__
TypeError: 'NoneType' object is not callable
