z_bins: [0.0, 1.0, 2.0, 3.0, 4.6], setting n_zbins=4
L_bins: [-32.0, -27.0, -26.0, -25.0, -20.0], setting n_Lbins=4
zbins: [0.0, 1.0, 2.0, 3.0, 4.6]
n_zbins: 4
Lbins: [-32.0, -27.0, -26.0, -25.0, -20.0]
n_Lbins: 4
zmin: 0.1983145931170656
zmax: 0.9998786430025466
Lmin: -31.675270210307247
Lmax: -27.00007331170561
Wrote table with 1860 objects to ../data/quaia_G20.5_zmin0.0zmax1.0_Lmin-32.0Lmax-27.0.fits
Lbins: [-32.0, -27.0, -26.0, -25.0, -20.0]
n_Lbins: 4
zmin: 0.2204434722661972
zmax: 0.9999824166297913
Lmin: -26.99970145290969
Lmax: -26.00001501155969
Wrote table with 10412 objects to ../data/quaia_G20.5_zmin0.0zmax1.0_Lmin-27.0Lmax-26.0.fits
Lbins: [-32.0, -27.0, -26.0, -25.0, -20.0]
n_Lbins: 4
zmin: 0.1903323233127594
zmax: 0.9999887943267822
Lmin: -25.999948504224996
Lmax: -25.000030734513786
Wrote table with 41931 objects to ../data/quaia_G20.5_zmin0.0zmax1.0_Lmin-26.0Lmax-25.0.fits
Lbins: [-32.0, -27.0, -26.0, -25.0, -20.0]
n_Lbins: 4
zmin: 0.08634503930807114
zmax: 0.9999972581863403
Lmin: -24.999986936059887
Lmax: -20.05062846457238
Wrote table with 270122 objects to ../data/quaia_G20.5_zmin0.0zmax1.0_Lmin-25.0Lmax-20.0.fits
Lbins: [-32.0, -27.0, -26.0, -25.0, -20.0]
n_Lbins: 4
zmin: 1.0000604391098022
zmax: 1.999976634979248
Lmin: -31.54479340124725
Lmax: -27.000000271590377
Wrote table with 38015 objects to ../data/quaia_G20.5_zmin1.0zmax2.0_Lmin-32.0Lmax-27.0.fits
Lbins: [-32.0, -27.0, -26.0, -25.0, -20.0]
n_Lbins: 4
zmin: 1.0000265836715698
zmax: 1.9999983310699463
Lmin: -26.999986656761745
Lmax: -26.00000598249098
Wrote table with 144714 objects to ../data/quaia_G20.5_zmin1.0zmax2.0_Lmin-27.0Lmax-26.0.fits
Lbins: [-32.0, -27.0, -26.0, -25.0, -20.0]
n_Lbins: 4
zmin: 1.0
zmax: 1.9999878406524658
Lmin: -25.999999052479133
Lmax: -25.00000064941606
Wrote table with 316132 objects to ../data/quaia_G20.5_zmin1.0zmax2.0_Lmin-26.0Lmax-25.0.fits
Lbins: [-32.0, -27.0, -26.0, -25.0, -20.0]
n_Lbins: 4
zmin: 1.0
zmax: 1.7317389249801636
Lmin: -24.999998529903515
Lmax: -23.864039922729955
Wrote table with 149321 objects to ../data/quaia_G20.5_zmin1.0zmax2.0_Lmin-25.0Lmax-20.0.fits
Lbins: [-32.0, -27.0, -26.0, -25.0, -20.0]
n_Lbins: 4
zmin: 2.0
zmax: 2.999978542327881
Lmin: -31.674853970010595
Lmax: -27.000000844438105
Wrote table with 102196 objects to ../data/quaia_G20.5_zmin2.0zmax3.0_Lmin-32.0Lmax-27.0.fits
Lbins: [-32.0, -27.0, -26.0, -25.0, -20.0]
n_Lbins: 4
zmin: 2.0
zmax: 2.99997878074646
Lmin: -26.99998520116769
Lmax: -26.000010149076253
Wrote table with 156795 objects to ../data/quaia_G20.5_zmin2.0zmax3.0_Lmin-27.0Lmax-26.0.fits
Lbins: [-32.0, -27.0, -26.0, -25.0, -20.0]
n_Lbins: 4
zmin: 2.0
zmax: 2.464125394821167
Lmin: -25.999987984396522
Lmax: -25.423171101314836
Wrote table with 27504 objects to ../data/quaia_G20.5_zmin2.0zmax3.0_Lmin-26.0Lmax-25.0.fits
Lbins: [-32.0, -27.0, -26.0, -25.0, -20.0]
n_Lbins: 4
Wrote table with 0 objects to ../data/quaia_G20.5_zmin2.0zmax3.0_Lmin-25.0Lmax-20.0.fits
Lbins: [-32.0, -27.0, -26.0, -25.0, -20.0]
n_Lbins: 4
zmin: 3.0
zmax: 4.589638869034753
Lmin: -31.7001596964481
Lmax: -27.000101422431896
Wrote table with 28856 objects to ../data/quaia_G20.5_zmin3.0zmax4.6_Lmin-32.0Lmax-27.0.fits
Lbins: [-32.0, -27.0, -26.0, -25.0, -20.0]
n_Lbins: 4
zmin: 3.0
zmax: 3.840955972671509
Lmin: -26.999997397815505
Lmax: -26.423326214818566
Wrote table with 7600 objects to ../data/quaia_G20.5_zmin3.0zmax4.6_Lmin-27.0Lmax-26.0.fits
Lbins: [-32.0, -27.0, -26.0, -25.0, -20.0]
n_Lbins: 4
Wrote table with 0 objects to ../data/quaia_G20.5_zmin3.0zmax4.6_Lmin-26.0Lmax-25.0.fits
Lbins: [-32.0, -27.0, -26.0, -25.0, -20.0]
n_Lbins: 4
Wrote table with 0 objects to ../data/quaia_G20.5_zmin3.0zmax4.6_Lmin-25.0Lmax-20.0.fits
Submitted batch job 6220866
Submitted batch job 6220868
Submitted batch job 6220869
Submitted batch job 6220871
Submitted batch job 6220872
Submitted batch job 6220874
Submitted batch job 6220876
Submitted batch job 6220878
Submitted batch job 6220880
Submitted batch job 6220882
Submitted batch job 6220884
Submitted batch job 6220886
Submitted batch job 6220887
Submitted batch job 6220889
Submitted batch job 6220890
Submitted batch job 6220892
z_bins: [0.0, 1.0, 2.0, 3.0, 4.6], setting n_zbins=4
L_bins: [-32.0, -27.0, -26.0, -25.0, -20.0], setting n_Lbins=4
zbins: [0.0, 1.0, 2.0, 3.0, 4.6]
n_zbins: 4
Lbins: [-32.0, -27.0, -26.0, -25.0, -20.0]
n_Lbins: 4
zmin: 0.1983145931170656
zmax: 0.9998786430025466
Lmin: -31.661861549418575
Lmax: -27.000099310117594
Wrote table with 1730 objects to ../data/quaia_G20.0_zmin0.0zmax1.0_Lmin-32.0Lmax-27.0.fits
Lbins: [-32.0, -27.0, -26.0, -25.0, -20.0]
n_Lbins: 4
zmin: 0.2204434722661972
zmax: 0.9999824166297913
Lmin: -26.999467513266566
Lmax: -26.00001768678184
Wrote table with 9911 objects to ../data/quaia_G20.0_zmin0.0zmax1.0_Lmin-27.0Lmax-26.0.fits
Lbins: [-32.0, -27.0, -26.0, -25.0, -20.0]
n_Lbins: 4
zmin: 0.1903323233127594
zmax: 0.9999538660049438
Lmin: -25.999934153877888
Lmax: -25.000033974302095
Wrote table with 39167 objects to ../data/quaia_G20.0_zmin0.0zmax1.0_Lmin-26.0Lmax-25.0.fits
Lbins: [-32.0, -27.0, -26.0, -25.0, -20.0]
n_Lbins: 4
zmin: 0.08634503930807114
zmax: 0.9999972581863403
Lmin: -24.999983939582695
Lmax: -20.253611104942834
Wrote table with 149969 objects to ../data/quaia_G20.0_zmin0.0zmax1.0_Lmin-25.0Lmax-20.0.fits
Lbins: [-32.0, -27.0, -26.0, -25.0, -20.0]
n_Lbins: 4
zmin: 1.0000604391098022
zmax: 1.999976634979248
Lmin: -31.53138474035858
Lmax: -27.000003373450088
Wrote table with 36311 objects to ../data/quaia_G20.0_zmin1.0zmax2.0_Lmin-32.0Lmax-27.0.fits
Lbins: [-32.0, -27.0, -26.0, -25.0, -20.0]
n_Lbins: 4
zmin: 1.0000265836715698
zmax: 1.9999983310699463
Lmin: -26.999997154423163
Lmax: -26.00000095413457
Wrote table with 132662 objects to ../data/quaia_G20.0_zmin1.0zmax2.0_Lmin-27.0Lmax-26.0.fits
Lbins: [-32.0, -27.0, -26.0, -25.0, -20.0]
n_Lbins: 4
zmin: 1.0
zmax: 1.999912142753601
Lmin: -25.99999824906886
Lmax: -25.000001425058738
Wrote table with 173186 objects to ../data/quaia_G20.0_zmin1.0zmax2.0_Lmin-26.0Lmax-25.0.fits
Lbins: [-32.0, -27.0, -26.0, -25.0, -20.0]
n_Lbins: 4
zmin: 1.0
zmax: 1.3882290124893188
Lmin: -24.999985328698383
Lmax: -24.35028622669489
Wrote table with 27165 objects to ../data/quaia_G20.0_zmin1.0zmax2.0_Lmin-25.0Lmax-20.0.fits
Lbins: [-32.0, -27.0, -26.0, -25.0, -20.0]
n_Lbins: 4
zmin: 2.0
zmax: 2.999978542327881
Lmin: -31.661445309121923
Lmax: -27.000008877341898
Wrote table with 95423 objects to ../data/quaia_G20.0_zmin2.0zmax3.0_Lmin-32.0Lmax-27.0.fits
Lbins: [-32.0, -27.0, -26.0, -25.0, -20.0]
n_Lbins: 4
zmin: 2.0
zmax: 2.9991462230682373
Lmin: -26.99999684523117
Lmax: -26.000026345525917
Wrote table with 69636 objects to ../data/quaia_G20.0_zmin2.0zmax3.0_Lmin-27.0Lmax-26.0.fits
Lbins: [-32.0, -27.0, -26.0, -25.0, -20.0]
n_Lbins: 4
zmin: 2.0
zmax: 2.067
Lmin: -25.999723660929433
Lmax: -25.901332827411643
Wrote table with 211 objects to ../data/quaia_G20.0_zmin2.0zmax3.0_Lmin-26.0Lmax-25.0.fits
Lbins: [-32.0, -27.0, -26.0, -25.0, -20.0]
n_Lbins: 4
Wrote table with 0 objects to ../data/quaia_G20.0_zmin2.0zmax3.0_Lmin-25.0Lmax-20.0.fits
Lbins: [-32.0, -27.0, -26.0, -25.0, -20.0]
n_Lbins: 4
zmin: 3.000002861022949
zmax: 4.589638869034753
Lmin: -31.149413306582783
Lmax: -27.00039612410102
Wrote table with 20368 objects to ../data/quaia_G20.0_zmin3.0zmax4.6_Lmin-32.0Lmax-27.0.fits
Lbins: [-32.0, -27.0, -26.0, -25.0, -20.0]
n_Lbins: 4
zmin: 3.00009822845459
zmax: 3.1382389068603516
Lmin: -26.999969534248567
Lmax: -26.896977636615663
Wrote table with 83 objects to ../data/quaia_G20.0_zmin3.0zmax4.6_Lmin-27.0Lmax-26.0.fits
Lbins: [-32.0, -27.0, -26.0, -25.0, -20.0]
n_Lbins: 4
Wrote table with 0 objects to ../data/quaia_G20.0_zmin3.0zmax4.6_Lmin-26.0Lmax-25.0.fits
Lbins: [-32.0, -27.0, -26.0, -25.0, -20.0]
n_Lbins: 4
Wrote table with 0 objects to ../data/quaia_G20.0_zmin3.0zmax4.6_Lmin-25.0Lmax-20.0.fits
Submitted batch job 6220911
Submitted batch job 6220915
Submitted batch job 6220917
Submitted batch job 6220918
Submitted batch job 6220919
Submitted batch job 6220921
Submitted batch job 6220923
Submitted batch job 6220924
Submitted batch job 6220926
Submitted batch job 6220928
Submitted batch job 6220929
Submitted batch job 6220931
Submitted batch job 6220933
Submitted batch job 6220934
Submitted batch job 6220936
Submitted batch job 6220938
