
CommandNotFoundError: Your shell has not been properly configured to use 'conda activate'.
To initialize your shell, run

    $ conda init <SHELL_NAME>

Currently supported shells are:
  - bash
  - fish
  - tcsh
  - xonsh
  - zsh
  - powershell

See 'conda init --help' for more information and options.

IMPORTANT: You may need to close and restart your shell after running 'conda init'.


Submitted batch job 5740646
Submitted batch job 5740647
Submitted batch job 5740648
Submitted batch job 5740650
Submitted batch job 5740651
Submitted batch job 5740653
Submitted batch job 5740655
Submitted batch job 5740656
