
CommandNotFoundError: Your shell has not been properly configured to use 'conda activate'.
To initialize your shell, run

    $ conda init <SHELL_NAME>

Currently supported shells are:
  - bash
  - fish
  - tcsh
  - xonsh
  - zsh
  - powershell

See 'conda init --help' for more information and options.

IMPORTANT: You may need to close and restart your shell after running 'conda init'.


Leaving tab_gcat_catalog unbinned
_G20.0
Traceback (most recent call last):
  File "/oak/stanford/orgs/kipac/users/mahlet/quaia_bias/scripts/mocks_all.py", line 29, in <module>
    main()
  File "/oak/stanford/orgs/kipac/users/mahlet/quaia_bias/scripts/mocks_all.py", line 19, in main
    tab_datahi_mask_zbin0, tab_randhi_mask_zbin0, key_zbin0, _, _ = quaia.make_bins(G, 0, True, 'z', tab_gcat_type = 'mocks', fac_rand = 25, i = i+1)
  File "/oak/stanford/orgs/kipac/users/mahlet/quaia_bias/scripts/quaia.py", line 371, in make_bins
    raise Exception('Only data catalogs are prebinned currently')
Exception: Only data catalogs are prebinned currently
