Starting batch job
/oak/stanford/orgs/kipac/users/mahlet/quaia_bias/scripts/sample.py:443: SyntaxWarning: invalid escape sequence '\g'
  fig.suptitle('$M_i\geq{}, {:.1f}<z \leq{:.1f}$'.format(args.Lmax, args.zmin, args.zmax), fontsize = 20, y = 0.975, x = 0.575)
/oak/stanford/orgs/kipac/users/mahlet/quaia_bias/scripts/sample.py:454: SyntaxWarning: invalid escape sequence '\g'
  fig.suptitle('$M_i\geq{}, {:.1f}<z \leq{:.1f}$'.format(args.Lmax, args.zmin, args.zmax), fontsize = 20, y = 1, x = 0.375)
/home/groups/tabel/mahlet/pyccl-env/lib/python3.12/site-packages/mcfit/kernels.py:10: SyntaxWarning: invalid escape sequence '\l'
  """Real deriv is wrt :math:`t`, complex deriv is wrt :math:`\ln t`"""
Pixels masked by MC but not already by selfunc: 259
G20.5_zmin3.0zmax4.6_Lmax-27.0: 0.26              21433 vs 28981
running new sampler
/oak/stanford/orgs/kipac/users/mahlet/quaia_bias/scripts/sample.py:443: SyntaxWarning: invalid escape sequence '\g'
  fig.suptitle('$M_i\geq{}, {:.1f}<z \leq{:.1f}$'.format(args.Lmax, args.zmin, args.zmax), fontsize = 20, y = 0.975, x = 0.575)
/oak/stanford/orgs/kipac/users/mahlet/quaia_bias/scripts/sample.py:454: SyntaxWarning: invalid escape sequence '\g'
  fig.suptitle('$M_i\geq{}, {:.1f}<z \leq{:.1f}$'.format(args.Lmax, args.zmin, args.zmax), fontsize = 20, y = 1, x = 0.375)
/oak/stanford/orgs/kipac/users/mahlet/quaia_bias/scripts/sample.py:443: SyntaxWarning: invalid escape sequence '\g'
  fig.suptitle('$M_i\geq{}, {:.1f}<z \leq{:.1f}$'.format(args.Lmax, args.zmin, args.zmax), fontsize = 20, y = 0.975, x = 0.575)
/oak/stanford/orgs/kipac/users/mahlet/quaia_bias/scripts/sample.py:454: SyntaxWarning: invalid escape sequence '\g'
  fig.suptitle('$M_i\geq{}, {:.1f}<z \leq{:.1f}$'.format(args.Lmax, args.zmin, args.zmax), fontsize = 20, y = 1, x = 0.375)
/oak/stanford/orgs/kipac/users/mahlet/quaia_bias/scripts/sample.py:443: SyntaxWarning: invalid escape sequence '\g'
  fig.suptitle('$M_i\geq{}, {:.1f}<z \leq{:.1f}$'.format(args.Lmax, args.zmin, args.zmax), fontsize = 20, y = 0.975, x = 0.575)
/oak/stanford/orgs/kipac/users/mahlet/quaia_bias/scripts/sample.py:454: SyntaxWarning: invalid escape sequence '\g'
  fig.suptitle('$M_i\geq{}, {:.1f}<z \leq{:.1f}$'.format(args.Lmax, args.zmin, args.zmax), fontsize = 20, y = 1, x = 0.375)
/oak/stanford/orgs/kipac/users/mahlet/quaia_bias/scripts/sample.py:443: SyntaxWarning: invalid escape sequence '\g'
  fig.suptitle('$M_i\geq{}, {:.1f}<z \leq{:.1f}$'.format(args.Lmax, args.zmin, args.zmax), fontsize = 20, y = 0.975, x = 0.575)
/oak/stanford/orgs/kipac/users/mahlet/quaia_bias/scripts/sample.py:454: SyntaxWarning: invalid escape sequence '\g'
  fig.suptitle('$M_i\geq{}, {:.1f}<z \leq{:.1f}$'.format(args.Lmax, args.zmin, args.zmax), fontsize = 20, y = 1, x = 0.375)
/oak/stanford/orgs/kipac/users/mahlet/quaia_bias/scripts/sample.py:443: SyntaxWarning: invalid escape sequence '\g'
  fig.suptitle('$M_i\geq{}, {:.1f}<z \leq{:.1f}$'.format(args.Lmax, args.zmin, args.zmax), fontsize = 20, y = 0.975, x = 0.575)
/oak/stanford/orgs/kipac/users/mahlet/quaia_bias/scripts/sample.py:454: SyntaxWarning: invalid escape sequence '\g'
  fig.suptitle('$M_i\geq{}, {:.1f}<z \leq{:.1f}$'.format(args.Lmax, args.zmin, args.zmax), fontsize = 20, y = 1, x = 0.375)
/oak/stanford/orgs/kipac/users/mahlet/quaia_bias/scripts/sample.py:443: SyntaxWarning: invalid escape sequence '\g'
  fig.suptitle('$M_i\geq{}, {:.1f}<z \leq{:.1f}$'.format(args.Lmax, args.zmin, args.zmax), fontsize = 20, y = 0.975, x = 0.575)
/oak/stanford/orgs/kipac/users/mahlet/quaia_bias/scripts/sample.py:454: SyntaxWarning: invalid escape sequence '\g'
  fig.suptitle('$M_i\geq{}, {:.1f}<z \leq{:.1f}$'.format(args.Lmax, args.zmin, args.zmax), fontsize = 20, y = 1, x = 0.375)
/oak/stanford/orgs/kipac/users/mahlet/quaia_bias/scripts/sample.py:443: SyntaxWarning: invalid escape sequence '\g'
  fig.suptitle('$M_i\geq{}, {:.1f}<z \leq{:.1f}$'.format(args.Lmax, args.zmin, args.zmax), fontsize = 20, y = 0.975, x = 0.575)
/oak/stanford/orgs/kipac/users/mahlet/quaia_bias/scripts/sample.py:454: SyntaxWarning: invalid escape sequence '\g'
  fig.suptitle('$M_i\geq{}, {:.1f}<z \leq{:.1f}$'.format(args.Lmax, args.zmin, args.zmax), fontsize = 20, y = 1, x = 0.375)
/oak/stanford/orgs/kipac/users/mahlet/quaia_bias/scripts/sample.py:443: SyntaxWarning: invalid escape sequence '\g'
  fig.suptitle('$M_i\geq{}, {:.1f}<z \leq{:.1f}$'.format(args.Lmax, args.zmin, args.zmax), fontsize = 20, y = 0.975, x = 0.575)
/oak/stanford/orgs/kipac/users/mahlet/quaia_bias/scripts/sample.py:454: SyntaxWarning: invalid escape sequence '\g'
  fig.suptitle('$M_i\geq{}, {:.1f}<z \leq{:.1f}$'.format(args.Lmax, args.zmin, args.zmax), fontsize = 20, y = 1, x = 0.375)
/oak/stanford/orgs/kipac/users/mahlet/quaia_bias/scripts/sample.py:443: SyntaxWarning: invalid escape sequence '\g'
  fig.suptitle('$M_i\geq{}, {:.1f}<z \leq{:.1f}$'.format(args.Lmax, args.zmin, args.zmax), fontsize = 20, y = 0.975, x = 0.575)
/oak/stanford/orgs/kipac/users/mahlet/quaia_bias/scripts/sample.py:454: SyntaxWarning: invalid escape sequence '\g'
  fig.suptitle('$M_i\geq{}, {:.1f}<z \leq{:.1f}$'.format(args.Lmax, args.zmin, args.zmax), fontsize = 20, y = 1, x = 0.375)
/oak/stanford/orgs/kipac/users/mahlet/quaia_bias/scripts/sample.py:443: SyntaxWarning: invalid escape sequence '\g'
  fig.suptitle('$M_i\geq{}, {:.1f}<z \leq{:.1f}$'.format(args.Lmax, args.zmin, args.zmax), fontsize = 20, y = 0.975, x = 0.575)
/oak/stanford/orgs/kipac/users/mahlet/quaia_bias/scripts/sample.py:454: SyntaxWarning: invalid escape sequence '\g'
  fig.suptitle('$M_i\geq{}, {:.1f}<z \leq{:.1f}$'.format(args.Lmax, args.zmin, args.zmax), fontsize = 20, y = 1, x = 0.375)
/oak/stanford/orgs/kipac/users/mahlet/quaia_bias/scripts/sample.py:443: SyntaxWarning: invalid escape sequence '\g'
  fig.suptitle('$M_i\geq{}, {:.1f}<z \leq{:.1f}$'.format(args.Lmax, args.zmin, args.zmax), fontsize = 20, y = 0.975, x = 0.575)
/oak/stanford/orgs/kipac/users/mahlet/quaia_bias/scripts/sample.py:454: SyntaxWarning: invalid escape sequence '\g'
  fig.suptitle('$M_i\geq{}, {:.1f}<z \leq{:.1f}$'.format(args.Lmax, args.zmin, args.zmax), fontsize = 20, y = 1, x = 0.375)
/oak/stanford/orgs/kipac/users/mahlet/quaia_bias/scripts/sample.py:443: SyntaxWarning: invalid escape sequence '\g'
  fig.suptitle('$M_i\geq{}, {:.1f}<z \leq{:.1f}$'.format(args.Lmax, args.zmin, args.zmax), fontsize = 20, y = 0.975, x = 0.575)
/oak/stanford/orgs/kipac/users/mahlet/quaia_bias/scripts/sample.py:454: SyntaxWarning: invalid escape sequence '\g'
  fig.suptitle('$M_i\geq{}, {:.1f}<z \leq{:.1f}$'.format(args.Lmax, args.zmin, args.zmax), fontsize = 20, y = 1, x = 0.375)
/oak/stanford/orgs/kipac/users/mahlet/quaia_bias/scripts/sample.py:443: SyntaxWarning: invalid escape sequence '\g'
  fig.suptitle('$M_i\geq{}, {:.1f}<z \leq{:.1f}$'.format(args.Lmax, args.zmin, args.zmax), fontsize = 20, y = 0.975, x = 0.575)
/oak/stanford/orgs/kipac/users/mahlet/quaia_bias/scripts/sample.py:454: SyntaxWarning: invalid escape sequence '\g'
  fig.suptitle('$M_i\geq{}, {:.1f}<z \leq{:.1f}$'.format(args.Lmax, args.zmin, args.zmax), fontsize = 20, y = 1, x = 0.375)
/oak/stanford/orgs/kipac/users/mahlet/quaia_bias/scripts/sample.py:443: SyntaxWarning: invalid escape sequence '\g'
  fig.suptitle('$M_i\geq{}, {:.1f}<z \leq{:.1f}$'.format(args.Lmax, args.zmin, args.zmax), fontsize = 20, y = 0.975, x = 0.575)
/oak/stanford/orgs/kipac/users/mahlet/quaia_bias/scripts/sample.py:454: SyntaxWarning: invalid escape sequence '\g'
  fig.suptitle('$M_i\geq{}, {:.1f}<z \leq{:.1f}$'.format(args.Lmax, args.zmin, args.zmax), fontsize = 20, y = 1, x = 0.375)
/oak/stanford/orgs/kipac/users/mahlet/quaia_bias/scripts/sample.py:443: SyntaxWarning: invalid escape sequence '\g'
  fig.suptitle('$M_i\geq{}, {:.1f}<z \leq{:.1f}$'.format(args.Lmax, args.zmin, args.zmax), fontsize = 20, y = 0.975, x = 0.575)
/oak/stanford/orgs/kipac/users/mahlet/quaia_bias/scripts/sample.py:454: SyntaxWarning: invalid escape sequence '\g'
  fig.suptitle('$M_i\geq{}, {:.1f}<z \leq{:.1f}$'.format(args.Lmax, args.zmin, args.zmax), fontsize = 20, y = 1, x = 0.375)
/oak/stanford/orgs/kipac/users/mahlet/quaia_bias/scripts/sample.py:443: SyntaxWarning: invalid escape sequence '\g'
  fig.suptitle('$M_i\geq{}, {:.1f}<z \leq{:.1f}$'.format(args.Lmax, args.zmin, args.zmax), fontsize = 20, y = 0.975, x = 0.575)
/oak/stanford/orgs/kipac/users/mahlet/quaia_bias/scripts/sample.py:454: SyntaxWarning: invalid escape sequence '\g'
  fig.suptitle('$M_i\geq{}, {:.1f}<z \leq{:.1f}$'.format(args.Lmax, args.zmin, args.zmax), fontsize = 20, y = 1, x = 0.375)
/oak/stanford/orgs/kipac/users/mahlet/quaia_bias/scripts/sample.py:443: SyntaxWarning: invalid escape sequence '\g'
  fig.suptitle('$M_i\geq{}, {:.1f}<z \leq{:.1f}$'.format(args.Lmax, args.zmin, args.zmax), fontsize = 20, y = 0.975, x = 0.575)
/oak/stanford/orgs/kipac/users/mahlet/quaia_bias/scripts/sample.py:454: SyntaxWarning: invalid escape sequence '\g'
  fig.suptitle('$M_i\geq{}, {:.1f}<z \leq{:.1f}$'.format(args.Lmax, args.zmin, args.zmax), fontsize = 20, y = 1, x = 0.375)
/oak/stanford/orgs/kipac/users/mahlet/quaia_bias/scripts/sample.py:443: SyntaxWarning: invalid escape sequence '\g'
  fig.suptitle('$M_i\geq{}, {:.1f}<z \leq{:.1f}$'.format(args.Lmax, args.zmin, args.zmax), fontsize = 20, y = 0.975, x = 0.575)
/oak/stanford/orgs/kipac/users/mahlet/quaia_bias/scripts/sample.py:454: SyntaxWarning: invalid escape sequence '\g'
  fig.suptitle('$M_i\geq{}, {:.1f}<z \leq{:.1f}$'.format(args.Lmax, args.zmin, args.zmax), fontsize = 20, y = 1, x = 0.375)
/oak/stanford/orgs/kipac/users/mahlet/quaia_bias/scripts/sample.py:443: SyntaxWarning: invalid escape sequence '\g'
  fig.suptitle('$M_i\geq{}, {:.1f}<z \leq{:.1f}$'.format(args.Lmax, args.zmin, args.zmax), fontsize = 20, y = 0.975, x = 0.575)
/oak/stanford/orgs/kipac/users/mahlet/quaia_bias/scripts/sample.py:454: SyntaxWarning: invalid escape sequence '\g'
  fig.suptitle('$M_i\geq{}, {:.1f}<z \leq{:.1f}$'.format(args.Lmax, args.zmin, args.zmax), fontsize = 20, y = 1, x = 0.375)
/oak/stanford/orgs/kipac/users/mahlet/quaia_bias/scripts/sample.py:443: SyntaxWarning: invalid escape sequence '\g'
  fig.suptitle('$M_i\geq{}, {:.1f}<z \leq{:.1f}$'.format(args.Lmax, args.zmin, args.zmax), fontsize = 20, y = 0.975, x = 0.575)
/oak/stanford/orgs/kipac/users/mahlet/quaia_bias/scripts/sample.py:454: SyntaxWarning: invalid escape sequence '\g'
  fig.suptitle('$M_i\geq{}, {:.1f}<z \leq{:.1f}$'.format(args.Lmax, args.zmin, args.zmax), fontsize = 20, y = 1, x = 0.375)
/oak/stanford/orgs/kipac/users/mahlet/quaia_bias/scripts/sample.py:443: SyntaxWarning: invalid escape sequence '\g'
  fig.suptitle('$M_i\geq{}, {:.1f}<z \leq{:.1f}$'.format(args.Lmax, args.zmin, args.zmax), fontsize = 20, y = 0.975, x = 0.575)
/oak/stanford/orgs/kipac/users/mahlet/quaia_bias/scripts/sample.py:454: SyntaxWarning: invalid escape sequence '\g'
  fig.suptitle('$M_i\geq{}, {:.1f}<z \leq{:.1f}$'.format(args.Lmax, args.zmin, args.zmax), fontsize = 20, y = 1, x = 0.375)
/oak/stanford/orgs/kipac/users/mahlet/quaia_bias/scripts/sample.py:443: SyntaxWarning: invalid escape sequence '\g'
  fig.suptitle('$M_i\geq{}, {:.1f}<z \leq{:.1f}$'.format(args.Lmax, args.zmin, args.zmax), fontsize = 20, y = 0.975, x = 0.575)
/oak/stanford/orgs/kipac/users/mahlet/quaia_bias/scripts/sample.py:454: SyntaxWarning: invalid escape sequence '\g'
  fig.suptitle('$M_i\geq{}, {:.1f}<z \leq{:.1f}$'.format(args.Lmax, args.zmin, args.zmax), fontsize = 20, y = 1, x = 0.375)
/oak/stanford/orgs/kipac/users/mahlet/quaia_bias/scripts/sample.py:443: SyntaxWarning: invalid escape sequence '\g'
  fig.suptitle('$M_i\geq{}, {:.1f}<z \leq{:.1f}$'.format(args.Lmax, args.zmin, args.zmax), fontsize = 20, y = 0.975, x = 0.575)
/oak/stanford/orgs/kipac/users/mahlet/quaia_bias/scripts/sample.py:454: SyntaxWarning: invalid escape sequence '\g'
  fig.suptitle('$M_i\geq{}, {:.1f}<z \leq{:.1f}$'.format(args.Lmax, args.zmin, args.zmax), fontsize = 20, y = 1, x = 0.375)
/oak/stanford/orgs/kipac/users/mahlet/quaia_bias/scripts/sample.py:443: SyntaxWarning: invalid escape sequence '\g'
  fig.suptitle('$M_i\geq{}, {:.1f}<z \leq{:.1f}$'.format(args.Lmax, args.zmin, args.zmax), fontsize = 20, y = 0.975, x = 0.575)
/oak/stanford/orgs/kipac/users/mahlet/quaia_bias/scripts/sample.py:454: SyntaxWarning: invalid escape sequence '\g'
  fig.suptitle('$M_i\geq{}, {:.1f}<z \leq{:.1f}$'.format(args.Lmax, args.zmin, args.zmax), fontsize = 20, y = 1, x = 0.375)
/oak/stanford/orgs/kipac/users/mahlet/quaia_bias/scripts/sample.py:443: SyntaxWarning: invalid escape sequence '\g'
  fig.suptitle('$M_i\geq{}, {:.1f}<z \leq{:.1f}$'.format(args.Lmax, args.zmin, args.zmax), fontsize = 20, y = 0.975, x = 0.575)
/oak/stanford/orgs/kipac/users/mahlet/quaia_bias/scripts/sample.py:454: SyntaxWarning: invalid escape sequence '\g'
  fig.suptitle('$M_i\geq{}, {:.1f}<z \leq{:.1f}$'.format(args.Lmax, args.zmin, args.zmax), fontsize = 20, y = 1, x = 0.375)
/oak/stanford/orgs/kipac/users/mahlet/quaia_bias/scripts/sample.py:443: SyntaxWarning: invalid escape sequence '\g'
  fig.suptitle('$M_i\geq{}, {:.1f}<z \leq{:.1f}$'.format(args.Lmax, args.zmin, args.zmax), fontsize = 20, y = 0.975, x = 0.575)
/oak/stanford/orgs/kipac/users/mahlet/quaia_bias/scripts/sample.py:454: SyntaxWarning: invalid escape sequence '\g'
  fig.suptitle('$M_i\geq{}, {:.1f}<z \leq{:.1f}$'.format(args.Lmax, args.zmin, args.zmax), fontsize = 20, y = 1, x = 0.375)
/oak/stanford/orgs/kipac/users/mahlet/quaia_bias/scripts/sample.py:443: SyntaxWarning: invalid escape sequence '\g'
  fig.suptitle('$M_i\geq{}, {:.1f}<z \leq{:.1f}$'.format(args.Lmax, args.zmin, args.zmax), fontsize = 20, y = 0.975, x = 0.575)
/oak/stanford/orgs/kipac/users/mahlet/quaia_bias/scripts/sample.py:454: SyntaxWarning: invalid escape sequence '\g'
  fig.suptitle('$M_i\geq{}, {:.1f}<z \leq{:.1f}$'.format(args.Lmax, args.zmin, args.zmax), fontsize = 20, y = 1, x = 0.375)
/oak/stanford/orgs/kipac/users/mahlet/quaia_bias/scripts/sample.py:443: SyntaxWarning: invalid escape sequence '\g'
  fig.suptitle('$M_i\geq{}, {:.1f}<z \leq{:.1f}$'.format(args.Lmax, args.zmin, args.zmax), fontsize = 20, y = 0.975, x = 0.575)
/oak/stanford/orgs/kipac/users/mahlet/quaia_bias/scripts/sample.py:454: SyntaxWarning: invalid escape sequence '\g'
  fig.suptitle('$M_i\geq{}, {:.1f}<z \leq{:.1f}$'.format(args.Lmax, args.zmin, args.zmax), fontsize = 20, y = 1, x = 0.375)
/oak/stanford/orgs/kipac/users/mahlet/quaia_bias/scripts/sample.py:443: SyntaxWarning: invalid escape sequence '\g'
  fig.suptitle('$M_i\geq{}, {:.1f}<z \leq{:.1f}$'.format(args.Lmax, args.zmin, args.zmax), fontsize = 20, y = 0.975, x = 0.575)
/oak/stanford/orgs/kipac/users/mahlet/quaia_bias/scripts/sample.py:454: SyntaxWarning: invalid escape sequence '\g'
  fig.suptitle('$M_i\geq{}, {:.1f}<z \leq{:.1f}$'.format(args.Lmax, args.zmin, args.zmax), fontsize = 20, y = 1, x = 0.375)
/oak/stanford/orgs/kipac/users/mahlet/quaia_bias/scripts/sample.py:443: SyntaxWarning: invalid escape sequence '\g'
  fig.suptitle('$M_i\geq{}, {:.1f}<z \leq{:.1f}$'.format(args.Lmax, args.zmin, args.zmax), fontsize = 20, y = 0.975, x = 0.575)
/oak/stanford/orgs/kipac/users/mahlet/quaia_bias/scripts/sample.py:454: SyntaxWarning: invalid escape sequence '\g'
  fig.suptitle('$M_i\geq{}, {:.1f}<z \leq{:.1f}$'.format(args.Lmax, args.zmin, args.zmax), fontsize = 20, y = 1, x = 0.375)
/oak/stanford/orgs/kipac/users/mahlet/quaia_bias/scripts/sample.py:443: SyntaxWarning: invalid escape sequence '\g'
  fig.suptitle('$M_i\geq{}, {:.1f}<z \leq{:.1f}$'.format(args.Lmax, args.zmin, args.zmax), fontsize = 20, y = 0.975, x = 0.575)
/oak/stanford/orgs/kipac/users/mahlet/quaia_bias/scripts/sample.py:454: SyntaxWarning: invalid escape sequence '\g'
  fig.suptitle('$M_i\geq{}, {:.1f}<z \leq{:.1f}$'.format(args.Lmax, args.zmin, args.zmax), fontsize = 20, y = 1, x = 0.375)
/oak/stanford/orgs/kipac/users/mahlet/quaia_bias/scripts/sample.py:443: SyntaxWarning: invalid escape sequence '\g'
  fig.suptitle('$M_i\geq{}, {:.1f}<z \leq{:.1f}$'.format(args.Lmax, args.zmin, args.zmax), fontsize = 20, y = 0.975, x = 0.575)
/oak/stanford/orgs/kipac/users/mahlet/quaia_bias/scripts/sample.py:454: SyntaxWarning: invalid escape sequence '\g'
  fig.suptitle('$M_i\geq{}, {:.1f}<z \leq{:.1f}$'.format(args.Lmax, args.zmin, args.zmax), fontsize = 20, y = 1, x = 0.375)
/oak/stanford/orgs/kipac/users/mahlet/quaia_bias/scripts/sample.py:443: SyntaxWarning: invalid escape sequence '\g'
  fig.suptitle('$M_i\geq{}, {:.1f}<z \leq{:.1f}$'.format(args.Lmax, args.zmin, args.zmax), fontsize = 20, y = 0.975, x = 0.575)
/oak/stanford/orgs/kipac/users/mahlet/quaia_bias/scripts/sample.py:454: SyntaxWarning: invalid escape sequence '\g'
  fig.suptitle('$M_i\geq{}, {:.1f}<z \leq{:.1f}$'.format(args.Lmax, args.zmin, args.zmax), fontsize = 20, y = 1, x = 0.375)
/oak/stanford/orgs/kipac/users/mahlet/quaia_bias/scripts/sample.py:443: SyntaxWarning: invalid escape sequence '\g'
  fig.suptitle('$M_i\geq{}, {:.1f}<z \leq{:.1f}$'.format(args.Lmax, args.zmin, args.zmax), fontsize = 20, y = 0.975, x = 0.575)
/oak/stanford/orgs/kipac/users/mahlet/quaia_bias/scripts/sample.py:454: SyntaxWarning: invalid escape sequence '\g'
  fig.suptitle('$M_i\geq{}, {:.1f}<z \leq{:.1f}$'.format(args.Lmax, args.zmin, args.zmax), fontsize = 20, y = 1, x = 0.375)
/oak/stanford/orgs/kipac/users/mahlet/quaia_bias/scripts/sample.py:443: SyntaxWarning: invalid escape sequence '\g'
  fig.suptitle('$M_i\geq{}, {:.1f}<z \leq{:.1f}$'.format(args.Lmax, args.zmin, args.zmax), fontsize = 20, y = 0.975, x = 0.575)
/oak/stanford/orgs/kipac/users/mahlet/quaia_bias/scripts/sample.py:454: SyntaxWarning: invalid escape sequence '\g'
  fig.suptitle('$M_i\geq{}, {:.1f}<z \leq{:.1f}$'.format(args.Lmax, args.zmin, args.zmax), fontsize = 20, y = 1, x = 0.375)
/oak/stanford/orgs/kipac/users/mahlet/quaia_bias/scripts/sample.py:443: SyntaxWarning: invalid escape sequence '\g'
  fig.suptitle('$M_i\geq{}, {:.1f}<z \leq{:.1f}$'.format(args.Lmax, args.zmin, args.zmax), fontsize = 20, y = 0.975, x = 0.575)
/oak/stanford/orgs/kipac/users/mahlet/quaia_bias/scripts/sample.py:454: SyntaxWarning: invalid escape sequence '\g'
  fig.suptitle('$M_i\geq{}, {:.1f}<z \leq{:.1f}$'.format(args.Lmax, args.zmin, args.zmax), fontsize = 20, y = 1, x = 0.375)
/oak/stanford/orgs/kipac/users/mahlet/quaia_bias/scripts/sample.py:443: SyntaxWarning: invalid escape sequence '\g'
  fig.suptitle('$M_i\geq{}, {:.1f}<z \leq{:.1f}$'.format(args.Lmax, args.zmin, args.zmax), fontsize = 20, y = 0.975, x = 0.575)
/oak/stanford/orgs/kipac/users/mahlet/quaia_bias/scripts/sample.py:454: SyntaxWarning: invalid escape sequence '\g'
  fig.suptitle('$M_i\geq{}, {:.1f}<z \leq{:.1f}$'.format(args.Lmax, args.zmin, args.zmax), fontsize = 20, y = 1, x = 0.375)
/oak/stanford/orgs/kipac/users/mahlet/quaia_bias/scripts/sample.py:443: SyntaxWarning: invalid escape sequence '\g'
  fig.suptitle('$M_i\geq{}, {:.1f}<z \leq{:.1f}$'.format(args.Lmax, args.zmin, args.zmax), fontsize = 20, y = 0.975, x = 0.575)
/oak/stanford/orgs/kipac/users/mahlet/quaia_bias/scripts/sample.py:454: SyntaxWarning: invalid escape sequence '\g'
  fig.suptitle('$M_i\geq{}, {:.1f}<z \leq{:.1f}$'.format(args.Lmax, args.zmin, args.zmax), fontsize = 20, y = 1, x = 0.375)
/oak/stanford/orgs/kipac/users/mahlet/quaia_bias/scripts/sample.py:443: SyntaxWarning: invalid escape sequence '\g'
  fig.suptitle('$M_i\geq{}, {:.1f}<z \leq{:.1f}$'.format(args.Lmax, args.zmin, args.zmax), fontsize = 20, y = 0.975, x = 0.575)
/oak/stanford/orgs/kipac/users/mahlet/quaia_bias/scripts/sample.py:454: SyntaxWarning: invalid escape sequence '\g'
  fig.suptitle('$M_i\geq{}, {:.1f}<z \leq{:.1f}$'.format(args.Lmax, args.zmin, args.zmax), fontsize = 20, y = 1, x = 0.375)
/oak/stanford/orgs/kipac/users/mahlet/quaia_bias/scripts/sample.py:443: SyntaxWarning: invalid escape sequence '\g'
  fig.suptitle('$M_i\geq{}, {:.1f}<z \leq{:.1f}$'.format(args.Lmax, args.zmin, args.zmax), fontsize = 20, y = 0.975, x = 0.575)
/oak/stanford/orgs/kipac/users/mahlet/quaia_bias/scripts/sample.py:454: SyntaxWarning: invalid escape sequence '\g'
  fig.suptitle('$M_i\geq{}, {:.1f}<z \leq{:.1f}$'.format(args.Lmax, args.zmin, args.zmax), fontsize = 20, y = 1, x = 0.375)
/oak/stanford/orgs/kipac/users/mahlet/quaia_bias/scripts/sample.py:443: SyntaxWarning: invalid escape sequence '\g'
  fig.suptitle('$M_i\geq{}, {:.1f}<z \leq{:.1f}$'.format(args.Lmax, args.zmin, args.zmax), fontsize = 20, y = 0.975, x = 0.575)
/oak/stanford/orgs/kipac/users/mahlet/quaia_bias/scripts/sample.py:454: SyntaxWarning: invalid escape sequence '\g'
  fig.suptitle('$M_i\geq{}, {:.1f}<z \leq{:.1f}$'.format(args.Lmax, args.zmin, args.zmax), fontsize = 20, y = 1, x = 0.375)
/oak/stanford/orgs/kipac/users/mahlet/quaia_bias/scripts/sample.py:443: SyntaxWarning: invalid escape sequence '\g'
  fig.suptitle('$M_i\geq{}, {:.1f}<z \leq{:.1f}$'.format(args.Lmax, args.zmin, args.zmax), fontsize = 20, y = 0.975, x = 0.575)
/oak/stanford/orgs/kipac/users/mahlet/quaia_bias/scripts/sample.py:454: SyntaxWarning: invalid escape sequence '\g'
  fig.suptitle('$M_i\geq{}, {:.1f}<z \leq{:.1f}$'.format(args.Lmax, args.zmin, args.zmax), fontsize = 20, y = 1, x = 0.375)
/oak/stanford/orgs/kipac/users/mahlet/quaia_bias/scripts/sample.py:443: SyntaxWarning: invalid escape sequence '\g'
  fig.suptitle('$M_i\geq{}, {:.1f}<z \leq{:.1f}$'.format(args.Lmax, args.zmin, args.zmax), fontsize = 20, y = 0.975, x = 0.575)
/oak/stanford/orgs/kipac/users/mahlet/quaia_bias/scripts/sample.py:454: SyntaxWarning: invalid escape sequence '\g'
  fig.suptitle('$M_i\geq{}, {:.1f}<z \leq{:.1f}$'.format(args.Lmax, args.zmin, args.zmax), fontsize = 20, y = 1, x = 0.375)
/oak/stanford/orgs/kipac/users/mahlet/quaia_bias/scripts/sample.py:443: SyntaxWarning: invalid escape sequence '\g'
  fig.suptitle('$M_i\geq{}, {:.1f}<z \leq{:.1f}$'.format(args.Lmax, args.zmin, args.zmax), fontsize = 20, y = 0.975, x = 0.575)
/oak/stanford/orgs/kipac/users/mahlet/quaia_bias/scripts/sample.py:454: SyntaxWarning: invalid escape sequence '\g'
  fig.suptitle('$M_i\geq{}, {:.1f}<z \leq{:.1f}$'.format(args.Lmax, args.zmin, args.zmax), fontsize = 20, y = 1, x = 0.375)
/oak/stanford/orgs/kipac/users/mahlet/quaia_bias/scripts/sample.py:443: SyntaxWarning: invalid escape sequence '\g'
  fig.suptitle('$M_i\geq{}, {:.1f}<z \leq{:.1f}$'.format(args.Lmax, args.zmin, args.zmax), fontsize = 20, y = 0.975, x = 0.575)
/oak/stanford/orgs/kipac/users/mahlet/quaia_bias/scripts/sample.py:454: SyntaxWarning: invalid escape sequence '\g'
  fig.suptitle('$M_i\geq{}, {:.1f}<z \leq{:.1f}$'.format(args.Lmax, args.zmin, args.zmax), fontsize = 20, y = 1, x = 0.375)
/oak/stanford/orgs/kipac/users/mahlet/quaia_bias/scripts/sample.py:443: SyntaxWarning: invalid escape sequence '\g'
  fig.suptitle('$M_i\geq{}, {:.1f}<z \leq{:.1f}$'.format(args.Lmax, args.zmin, args.zmax), fontsize = 20, y = 0.975, x = 0.575)
/oak/stanford/orgs/kipac/users/mahlet/quaia_bias/scripts/sample.py:454: SyntaxWarning: invalid escape sequence '\g'
  fig.suptitle('$M_i\geq{}, {:.1f}<z \leq{:.1f}$'.format(args.Lmax, args.zmin, args.zmax), fontsize = 20, y = 1, x = 0.375)
/oak/stanford/orgs/kipac/users/mahlet/quaia_bias/scripts/sample.py:443: SyntaxWarning: invalid escape sequence '\g'
  fig.suptitle('$M_i\geq{}, {:.1f}<z \leq{:.1f}$'.format(args.Lmax, args.zmin, args.zmax), fontsize = 20, y = 0.975, x = 0.575)
/oak/stanford/orgs/kipac/users/mahlet/quaia_bias/scripts/sample.py:454: SyntaxWarning: invalid escape sequence '\g'
  fig.suptitle('$M_i\geq{}, {:.1f}<z \leq{:.1f}$'.format(args.Lmax, args.zmin, args.zmax), fontsize = 20, y = 1, x = 0.375)
/oak/stanford/orgs/kipac/users/mahlet/quaia_bias/scripts/sample.py:443: SyntaxWarning: invalid escape sequence '\g'
  fig.suptitle('$M_i\geq{}, {:.1f}<z \leq{:.1f}$'.format(args.Lmax, args.zmin, args.zmax), fontsize = 20, y = 0.975, x = 0.575)
/oak/stanford/orgs/kipac/users/mahlet/quaia_bias/scripts/sample.py:454: SyntaxWarning: invalid escape sequence '\g'
  fig.suptitle('$M_i\geq{}, {:.1f}<z \leq{:.1f}$'.format(args.Lmax, args.zmin, args.zmax), fontsize = 20, y = 1, x = 0.375)
[2026-08-02T21:26:07.452] error: *** JOB 37301918 ON sh04-08n16 CANCELLED AT 2026-08-02T21:26:07 DUE to SIGNAL Terminated ***
