Starting batch job
usage: sample.py [-h] [--plot | --no-plot] [--nlive NLIVE] ndim zmin zmax Lmax
sample.py: error: unrecognized arguments: -20.0
Exception ignored in: <function Cosmology.__del__ at 0x7f8bf5db5f80>
Traceback (most recent call last):
  File "/home/groups/tabel/mahlet/pyccl-env/lib/python3.12/site-packages/pyccl/cosmology.py", line 464, in __del__
TypeError: 'NoneType' object is not callable
Exception ignored in: <function Pk2D.__del__ at 0x7f8bf6b86c00>
Traceback (most recent call last):
  File "/home/groups/tabel/mahlet/pyccl-env/lib/python3.12/site-packages/pyccl/pk2d.py", line 345, in __del__
TypeError: 'NoneType' object is not callable
usage: sample.py [-h] [--plot | --no-plot] [--nlive NLIVE] ndim zmin zmax Lmax
sample.py: error: unrecognized arguments: -20.0
Exception ignored in: <function Cosmology.__del__ at 0x7fc4af2adf80>
Traceback (most recent call last):
  File "/home/groups/tabel/mahlet/pyccl-env/lib/python3.12/site-packages/pyccl/cosmology.py", line 464, in __del__
TypeError: 'NoneType' object is not callable
Exception ignored in: <function Pk2D.__del__ at 0x7fc4b007ec00>
Traceback (most recent call last):
  File "/home/groups/tabel/mahlet/pyccl-env/lib/python3.12/site-packages/pyccl/pk2d.py", line 345, in __del__
TypeError: 'NoneType' object is not callable
