Starting batch job
/oak/stanford/orgs/kipac/users/mahlet/quaia_bias/scripts/sample.py:442: SyntaxWarning: invalid escape sequence '\g'
  fig.suptitle('$M_i\geq{}, {:.1f}<z \leq{:.1f}$'.format(args.Lmax, args.zmin, args.zmax), fontsize = 20, y = 0.975, x = 0.575)
/oak/stanford/orgs/kipac/users/mahlet/quaia_bias/scripts/sample.py:453: SyntaxWarning: invalid escape sequence '\g'
  fig.suptitle('$M_i\geq{}, {:.1f}<z \leq{:.1f}$'.format(args.Lmax, args.zmin, args.zmax), fontsize = 20, y = 1, x = 0.375)
/home/groups/tabel/mahlet/pyccl-env/lib/python3.12/site-packages/mcfit/kernels.py:10: SyntaxWarning: invalid escape sequence '\l'
  """Real deriv is wrt :math:`t`, complex deriv is wrt :math:`\ln t`"""
Pixels masked by MC but not already by selfunc: 4785
G20.5_zmin1.0zmax2.0_Lmax-20.0: 0.30              453228 vs 648196
running new sampler
/oak/stanford/orgs/kipac/users/mahlet/quaia_bias/scripts/sample.py:442: SyntaxWarning: invalid escape sequence '\g'
  fig.suptitle('$M_i\geq{}, {:.1f}<z \leq{:.1f}$'.format(args.Lmax, args.zmin, args.zmax), fontsize = 20, y = 0.975, x = 0.575)
/oak/stanford/orgs/kipac/users/mahlet/quaia_bias/scripts/sample.py:453: SyntaxWarning: invalid escape sequence '\g'
  fig.suptitle('$M_i\geq{}, {:.1f}<z \leq{:.1f}$'.format(args.Lmax, args.zmin, args.zmax), fontsize = 20, y = 1, x = 0.375)
/oak/stanford/orgs/kipac/users/mahlet/quaia_bias/scripts/sample.py:442: SyntaxWarning: invalid escape sequence '\g'
  fig.suptitle('$M_i\geq{}, {:.1f}<z \leq{:.1f}$'.format(args.Lmax, args.zmin, args.zmax), fontsize = 20, y = 0.975, x = 0.575)
/oak/stanford/orgs/kipac/users/mahlet/quaia_bias/scripts/sample.py:453: SyntaxWarning: invalid escape sequence '\g'
  fig.suptitle('$M_i\geq{}, {:.1f}<z \leq{:.1f}$'.format(args.Lmax, args.zmin, args.zmax), fontsize = 20, y = 1, x = 0.375)
/oak/stanford/orgs/kipac/users/mahlet/quaia_bias/scripts/sample.py:442: SyntaxWarning: invalid escape sequence '\g'
  fig.suptitle('$M_i\geq{}, {:.1f}<z \leq{:.1f}$'.format(args.Lmax, args.zmin, args.zmax), fontsize = 20, y = 0.975, x = 0.575)
/oak/stanford/orgs/kipac/users/mahlet/quaia_bias/scripts/sample.py:453: SyntaxWarning: invalid escape sequence '\g'
  fig.suptitle('$M_i\geq{}, {:.1f}<z \leq{:.1f}$'.format(args.Lmax, args.zmin, args.zmax), fontsize = 20, y = 1, x = 0.375)
/oak/stanford/orgs/kipac/users/mahlet/quaia_bias/scripts/sample.py:442: SyntaxWarning: invalid escape sequence '\g'
  fig.suptitle('$M_i\geq{}, {:.1f}<z \leq{:.1f}$'.format(args.Lmax, args.zmin, args.zmax), fontsize = 20, y = 0.975, x = 0.575)
/oak/stanford/orgs/kipac/users/mahlet/quaia_bias/scripts/sample.py:453: SyntaxWarning: invalid escape sequence '\g'
  fig.suptitle('$M_i\geq{}, {:.1f}<z \leq{:.1f}$'.format(args.Lmax, args.zmin, args.zmax), fontsize = 20, y = 1, x = 0.375)
/oak/stanford/orgs/kipac/users/mahlet/quaia_bias/scripts/sample.py:442: SyntaxWarning: invalid escape sequence '\g'
  fig.suptitle('$M_i\geq{}, {:.1f}<z \leq{:.1f}$'.format(args.Lmax, args.zmin, args.zmax), fontsize = 20, y = 0.975, x = 0.575)
/oak/stanford/orgs/kipac/users/mahlet/quaia_bias/scripts/sample.py:453: SyntaxWarning: invalid escape sequence '\g'
  fig.suptitle('$M_i\geq{}, {:.1f}<z \leq{:.1f}$'.format(args.Lmax, args.zmin, args.zmax), fontsize = 20, y = 1, x = 0.375)
/oak/stanford/orgs/kipac/users/mahlet/quaia_bias/scripts/sample.py:442: SyntaxWarning: invalid escape sequence '\g'
  fig.suptitle('$M_i\geq{}, {:.1f}<z \leq{:.1f}$'.format(args.Lmax, args.zmin, args.zmax), fontsize = 20, y = 0.975, x = 0.575)
/oak/stanford/orgs/kipac/users/mahlet/quaia_bias/scripts/sample.py:453: SyntaxWarning: invalid escape sequence '\g'
  fig.suptitle('$M_i\geq{}, {:.1f}<z \leq{:.1f}$'.format(args.Lmax, args.zmin, args.zmax), fontsize = 20, y = 1, x = 0.375)
/oak/stanford/orgs/kipac/users/mahlet/quaia_bias/scripts/sample.py:442: SyntaxWarning: invalid escape sequence '\g'
  fig.suptitle('$M_i\geq{}, {:.1f}<z \leq{:.1f}$'.format(args.Lmax, args.zmin, args.zmax), fontsize = 20, y = 0.975, x = 0.575)
/oak/stanford/orgs/kipac/users/mahlet/quaia_bias/scripts/sample.py:453: SyntaxWarning: invalid escape sequence '\g'
  fig.suptitle('$M_i\geq{}, {:.1f}<z \leq{:.1f}$'.format(args.Lmax, args.zmin, args.zmax), fontsize = 20, y = 1, x = 0.375)
/oak/stanford/orgs/kipac/users/mahlet/quaia_bias/scripts/sample.py:442: SyntaxWarning: invalid escape sequence '\g'
  fig.suptitle('$M_i\geq{}, {:.1f}<z \leq{:.1f}$'.format(args.Lmax, args.zmin, args.zmax), fontsize = 20, y = 0.975, x = 0.575)
/oak/stanford/orgs/kipac/users/mahlet/quaia_bias/scripts/sample.py:453: SyntaxWarning: invalid escape sequence '\g'
  fig.suptitle('$M_i\geq{}, {:.1f}<z \leq{:.1f}$'.format(args.Lmax, args.zmin, args.zmax), fontsize = 20, y = 1, x = 0.375)
/oak/stanford/orgs/kipac/users/mahlet/quaia_bias/scripts/sample.py:442: SyntaxWarning: invalid escape sequence '\g'
  fig.suptitle('$M_i\geq{}, {:.1f}<z \leq{:.1f}$'.format(args.Lmax, args.zmin, args.zmax), fontsize = 20, y = 0.975, x = 0.575)
/oak/stanford/orgs/kipac/users/mahlet/quaia_bias/scripts/sample.py:453: SyntaxWarning: invalid escape sequence '\g'
  fig.suptitle('$M_i\geq{}, {:.1f}<z \leq{:.1f}$'.format(args.Lmax, args.zmin, args.zmax), fontsize = 20, y = 1, x = 0.375)
/oak/stanford/orgs/kipac/users/mahlet/quaia_bias/scripts/sample.py:442: SyntaxWarning: invalid escape sequence '\g'
  fig.suptitle('$M_i\geq{}, {:.1f}<z \leq{:.1f}$'.format(args.Lmax, args.zmin, args.zmax), fontsize = 20, y = 0.975, x = 0.575)
/oak/stanford/orgs/kipac/users/mahlet/quaia_bias/scripts/sample.py:453: SyntaxWarning: invalid escape sequence '\g'
  fig.suptitle('$M_i\geq{}, {:.1f}<z \leq{:.1f}$'.format(args.Lmax, args.zmin, args.zmax), fontsize = 20, y = 1, x = 0.375)
/oak/stanford/orgs/kipac/users/mahlet/quaia_bias/scripts/sample.py:442: SyntaxWarning: invalid escape sequence '\g'
  fig.suptitle('$M_i\geq{}, {:.1f}<z \leq{:.1f}$'.format(args.Lmax, args.zmin, args.zmax), fontsize = 20, y = 0.975, x = 0.575)
/oak/stanford/orgs/kipac/users/mahlet/quaia_bias/scripts/sample.py:453: SyntaxWarning: invalid escape sequence '\g'
  fig.suptitle('$M_i\geq{}, {:.1f}<z \leq{:.1f}$'.format(args.Lmax, args.zmin, args.zmax), fontsize = 20, y = 1, x = 0.375)
/oak/stanford/orgs/kipac/users/mahlet/quaia_bias/scripts/sample.py:442: SyntaxWarning: invalid escape sequence '\g'
  fig.suptitle('$M_i\geq{}, {:.1f}<z \leq{:.1f}$'.format(args.Lmax, args.zmin, args.zmax), fontsize = 20, y = 0.975, x = 0.575)
/oak/stanford/orgs/kipac/users/mahlet/quaia_bias/scripts/sample.py:453: SyntaxWarning: invalid escape sequence '\g'
  fig.suptitle('$M_i\geq{}, {:.1f}<z \leq{:.1f}$'.format(args.Lmax, args.zmin, args.zmax), fontsize = 20, y = 1, x = 0.375)
/oak/stanford/orgs/kipac/users/mahlet/quaia_bias/scripts/sample.py:442: SyntaxWarning: invalid escape sequence '\g'
  fig.suptitle('$M_i\geq{}, {:.1f}<z \leq{:.1f}$'.format(args.Lmax, args.zmin, args.zmax), fontsize = 20, y = 0.975, x = 0.575)
/oak/stanford/orgs/kipac/users/mahlet/quaia_bias/scripts/sample.py:453: SyntaxWarning: invalid escape sequence '\g'
  fig.suptitle('$M_i\geq{}, {:.1f}<z \leq{:.1f}$'.format(args.Lmax, args.zmin, args.zmax), fontsize = 20, y = 1, x = 0.375)
/oak/stanford/orgs/kipac/users/mahlet/quaia_bias/scripts/sample.py:442: SyntaxWarning: invalid escape sequence '\g'
  fig.suptitle('$M_i\geq{}, {:.1f}<z \leq{:.1f}$'.format(args.Lmax, args.zmin, args.zmax), fontsize = 20, y = 0.975, x = 0.575)
/oak/stanford/orgs/kipac/users/mahlet/quaia_bias/scripts/sample.py:453: SyntaxWarning: invalid escape sequence '\g'
  fig.suptitle('$M_i\geq{}, {:.1f}<z \leq{:.1f}$'.format(args.Lmax, args.zmin, args.zmax), fontsize = 20, y = 1, x = 0.375)
/oak/stanford/orgs/kipac/users/mahlet/quaia_bias/scripts/sample.py:442: SyntaxWarning: invalid escape sequence '\g'
  fig.suptitle('$M_i\geq{}, {:.1f}<z \leq{:.1f}$'.format(args.Lmax, args.zmin, args.zmax), fontsize = 20, y = 0.975, x = 0.575)
/oak/stanford/orgs/kipac/users/mahlet/quaia_bias/scripts/sample.py:453: SyntaxWarning: invalid escape sequence '\g'
  fig.suptitle('$M_i\geq{}, {:.1f}<z \leq{:.1f}$'.format(args.Lmax, args.zmin, args.zmax), fontsize = 20, y = 1, x = 0.375)
/oak/stanford/orgs/kipac/users/mahlet/quaia_bias/scripts/sample.py:442: SyntaxWarning: invalid escape sequence '\g'
  fig.suptitle('$M_i\geq{}, {:.1f}<z \leq{:.1f}$'.format(args.Lmax, args.zmin, args.zmax), fontsize = 20, y = 0.975, x = 0.575)
/oak/stanford/orgs/kipac/users/mahlet/quaia_bias/scripts/sample.py:453: SyntaxWarning: invalid escape sequence '\g'
  fig.suptitle('$M_i\geq{}, {:.1f}<z \leq{:.1f}$'.format(args.Lmax, args.zmin, args.zmax), fontsize = 20, y = 1, x = 0.375)
/oak/stanford/orgs/kipac/users/mahlet/quaia_bias/scripts/sample.py:442: SyntaxWarning: invalid escape sequence '\g'
  fig.suptitle('$M_i\geq{}, {:.1f}<z \leq{:.1f}$'.format(args.Lmax, args.zmin, args.zmax), fontsize = 20, y = 0.975, x = 0.575)
/oak/stanford/orgs/kipac/users/mahlet/quaia_bias/scripts/sample.py:453: SyntaxWarning: invalid escape sequence '\g'
  fig.suptitle('$M_i\geq{}, {:.1f}<z \leq{:.1f}$'.format(args.Lmax, args.zmin, args.zmax), fontsize = 20, y = 1, x = 0.375)
/oak/stanford/orgs/kipac/users/mahlet/quaia_bias/scripts/sample.py:442: SyntaxWarning: invalid escape sequence '\g'
  fig.suptitle('$M_i\geq{}, {:.1f}<z \leq{:.1f}$'.format(args.Lmax, args.zmin, args.zmax), fontsize = 20, y = 0.975, x = 0.575)
/oak/stanford/orgs/kipac/users/mahlet/quaia_bias/scripts/sample.py:453: SyntaxWarning: invalid escape sequence '\g'
  fig.suptitle('$M_i\geq{}, {:.1f}<z \leq{:.1f}$'.format(args.Lmax, args.zmin, args.zmax), fontsize = 20, y = 1, x = 0.375)
/oak/stanford/orgs/kipac/users/mahlet/quaia_bias/scripts/sample.py:442: SyntaxWarning: invalid escape sequence '\g'
  fig.suptitle('$M_i\geq{}, {:.1f}<z \leq{:.1f}$'.format(args.Lmax, args.zmin, args.zmax), fontsize = 20, y = 0.975, x = 0.575)
/oak/stanford/orgs/kipac/users/mahlet/quaia_bias/scripts/sample.py:453: SyntaxWarning: invalid escape sequence '\g'
  fig.suptitle('$M_i\geq{}, {:.1f}<z \leq{:.1f}$'.format(args.Lmax, args.zmin, args.zmax), fontsize = 20, y = 1, x = 0.375)
/oak/stanford/orgs/kipac/users/mahlet/quaia_bias/scripts/sample.py:442: SyntaxWarning: invalid escape sequence '\g'
  fig.suptitle('$M_i\geq{}, {:.1f}<z \leq{:.1f}$'.format(args.Lmax, args.zmin, args.zmax), fontsize = 20, y = 0.975, x = 0.575)
/oak/stanford/orgs/kipac/users/mahlet/quaia_bias/scripts/sample.py:453: SyntaxWarning: invalid escape sequence '\g'
  fig.suptitle('$M_i\geq{}, {:.1f}<z \leq{:.1f}$'.format(args.Lmax, args.zmin, args.zmax), fontsize = 20, y = 1, x = 0.375)
/oak/stanford/orgs/kipac/users/mahlet/quaia_bias/scripts/sample.py:442: SyntaxWarning: invalid escape sequence '\g'
  fig.suptitle('$M_i\geq{}, {:.1f}<z \leq{:.1f}$'.format(args.Lmax, args.zmin, args.zmax), fontsize = 20, y = 0.975, x = 0.575)
/oak/stanford/orgs/kipac/users/mahlet/quaia_bias/scripts/sample.py:453: SyntaxWarning: invalid escape sequence '\g'
  fig.suptitle('$M_i\geq{}, {:.1f}<z \leq{:.1f}$'.format(args.Lmax, args.zmin, args.zmax), fontsize = 20, y = 1, x = 0.375)
/oak/stanford/orgs/kipac/users/mahlet/quaia_bias/scripts/sample.py:442: SyntaxWarning: invalid escape sequence '\g'
  fig.suptitle('$M_i\geq{}, {:.1f}<z \leq{:.1f}$'.format(args.Lmax, args.zmin, args.zmax), fontsize = 20, y = 0.975, x = 0.575)
/oak/stanford/orgs/kipac/users/mahlet/quaia_bias/scripts/sample.py:453: SyntaxWarning: invalid escape sequence '\g'
  fig.suptitle('$M_i\geq{}, {:.1f}<z \leq{:.1f}$'.format(args.Lmax, args.zmin, args.zmax), fontsize = 20, y = 1, x = 0.375)
/oak/stanford/orgs/kipac/users/mahlet/quaia_bias/scripts/sample.py:442: SyntaxWarning: invalid escape sequence '\g'
  fig.suptitle('$M_i\geq{}, {:.1f}<z \leq{:.1f}$'.format(args.Lmax, args.zmin, args.zmax), fontsize = 20, y = 0.975, x = 0.575)
/oak/stanford/orgs/kipac/users/mahlet/quaia_bias/scripts/sample.py:453: SyntaxWarning: invalid escape sequence '\g'
  fig.suptitle('$M_i\geq{}, {:.1f}<z \leq{:.1f}$'.format(args.Lmax, args.zmin, args.zmax), fontsize = 20, y = 1, x = 0.375)
/oak/stanford/orgs/kipac/users/mahlet/quaia_bias/scripts/sample.py:442: SyntaxWarning: invalid escape sequence '\g'
  fig.suptitle('$M_i\geq{}, {:.1f}<z \leq{:.1f}$'.format(args.Lmax, args.zmin, args.zmax), fontsize = 20, y = 0.975, x = 0.575)
/oak/stanford/orgs/kipac/users/mahlet/quaia_bias/scripts/sample.py:453: SyntaxWarning: invalid escape sequence '\g'
  fig.suptitle('$M_i\geq{}, {:.1f}<z \leq{:.1f}$'.format(args.Lmax, args.zmin, args.zmax), fontsize = 20, y = 1, x = 0.375)
/oak/stanford/orgs/kipac/users/mahlet/quaia_bias/scripts/sample.py:442: SyntaxWarning: invalid escape sequence '\g'
  fig.suptitle('$M_i\geq{}, {:.1f}<z \leq{:.1f}$'.format(args.Lmax, args.zmin, args.zmax), fontsize = 20, y = 0.975, x = 0.575)
/oak/stanford/orgs/kipac/users/mahlet/quaia_bias/scripts/sample.py:453: SyntaxWarning: invalid escape sequence '\g'
  fig.suptitle('$M_i\geq{}, {:.1f}<z \leq{:.1f}$'.format(args.Lmax, args.zmin, args.zmax), fontsize = 20, y = 1, x = 0.375)
/oak/stanford/orgs/kipac/users/mahlet/quaia_bias/scripts/sample.py:442: SyntaxWarning: invalid escape sequence '\g'
  fig.suptitle('$M_i\geq{}, {:.1f}<z \leq{:.1f}$'.format(args.Lmax, args.zmin, args.zmax), fontsize = 20, y = 0.975, x = 0.575)
/oak/stanford/orgs/kipac/users/mahlet/quaia_bias/scripts/sample.py:453: SyntaxWarning: invalid escape sequence '\g'
  fig.suptitle('$M_i\geq{}, {:.1f}<z \leq{:.1f}$'.format(args.Lmax, args.zmin, args.zmax), fontsize = 20, y = 1, x = 0.375)
/oak/stanford/orgs/kipac/users/mahlet/quaia_bias/scripts/sample.py:442: SyntaxWarning: invalid escape sequence '\g'
  fig.suptitle('$M_i\geq{}, {:.1f}<z \leq{:.1f}$'.format(args.Lmax, args.zmin, args.zmax), fontsize = 20, y = 0.975, x = 0.575)
/oak/stanford/orgs/kipac/users/mahlet/quaia_bias/scripts/sample.py:453: SyntaxWarning: invalid escape sequence '\g'
  fig.suptitle('$M_i\geq{}, {:.1f}<z \leq{:.1f}$'.format(args.Lmax, args.zmin, args.zmax), fontsize = 20, y = 1, x = 0.375)
/oak/stanford/orgs/kipac/users/mahlet/quaia_bias/scripts/sample.py:442: SyntaxWarning: invalid escape sequence '\g'
  fig.suptitle('$M_i\geq{}, {:.1f}<z \leq{:.1f}$'.format(args.Lmax, args.zmin, args.zmax), fontsize = 20, y = 0.975, x = 0.575)
/oak/stanford/orgs/kipac/users/mahlet/quaia_bias/scripts/sample.py:453: SyntaxWarning: invalid escape sequence '\g'
  fig.suptitle('$M_i\geq{}, {:.1f}<z \leq{:.1f}$'.format(args.Lmax, args.zmin, args.zmax), fontsize = 20, y = 1, x = 0.375)
/oak/stanford/orgs/kipac/users/mahlet/quaia_bias/scripts/sample.py:442: SyntaxWarning: invalid escape sequence '\g'
  fig.suptitle('$M_i\geq{}, {:.1f}<z \leq{:.1f}$'.format(args.Lmax, args.zmin, args.zmax), fontsize = 20, y = 0.975, x = 0.575)
/oak/stanford/orgs/kipac/users/mahlet/quaia_bias/scripts/sample.py:453: SyntaxWarning: invalid escape sequence '\g'
  fig.suptitle('$M_i\geq{}, {:.1f}<z \leq{:.1f}$'.format(args.Lmax, args.zmin, args.zmax), fontsize = 20, y = 1, x = 0.375)
/oak/stanford/orgs/kipac/users/mahlet/quaia_bias/scripts/sample.py:442: SyntaxWarning: invalid escape sequence '\g'
  fig.suptitle('$M_i\geq{}, {:.1f}<z \leq{:.1f}$'.format(args.Lmax, args.zmin, args.zmax), fontsize = 20, y = 0.975, x = 0.575)
/oak/stanford/orgs/kipac/users/mahlet/quaia_bias/scripts/sample.py:453: SyntaxWarning: invalid escape sequence '\g'
  fig.suptitle('$M_i\geq{}, {:.1f}<z \leq{:.1f}$'.format(args.Lmax, args.zmin, args.zmax), fontsize = 20, y = 1, x = 0.375)
/oak/stanford/orgs/kipac/users/mahlet/quaia_bias/scripts/sample.py:442: SyntaxWarning: invalid escape sequence '\g'
  fig.suptitle('$M_i\geq{}, {:.1f}<z \leq{:.1f}$'.format(args.Lmax, args.zmin, args.zmax), fontsize = 20, y = 0.975, x = 0.575)
/oak/stanford/orgs/kipac/users/mahlet/quaia_bias/scripts/sample.py:453: SyntaxWarning: invalid escape sequence '\g'
  fig.suptitle('$M_i\geq{}, {:.1f}<z \leq{:.1f}$'.format(args.Lmax, args.zmin, args.zmax), fontsize = 20, y = 1, x = 0.375)
/oak/stanford/orgs/kipac/users/mahlet/quaia_bias/scripts/sample.py:442: SyntaxWarning: invalid escape sequence '\g'
  fig.suptitle('$M_i\geq{}, {:.1f}<z \leq{:.1f}$'.format(args.Lmax, args.zmin, args.zmax), fontsize = 20, y = 0.975, x = 0.575)
/oak/stanford/orgs/kipac/users/mahlet/quaia_bias/scripts/sample.py:453: SyntaxWarning: invalid escape sequence '\g'
  fig.suptitle('$M_i\geq{}, {:.1f}<z \leq{:.1f}$'.format(args.Lmax, args.zmin, args.zmax), fontsize = 20, y = 1, x = 0.375)
/oak/stanford/orgs/kipac/users/mahlet/quaia_bias/scripts/sample.py:442: SyntaxWarning: invalid escape sequence '\g'
  fig.suptitle('$M_i\geq{}, {:.1f}<z \leq{:.1f}$'.format(args.Lmax, args.zmin, args.zmax), fontsize = 20, y = 0.975, x = 0.575)
/oak/stanford/orgs/kipac/users/mahlet/quaia_bias/scripts/sample.py:453: SyntaxWarning: invalid escape sequence '\g'
  fig.suptitle('$M_i\geq{}, {:.1f}<z \leq{:.1f}$'.format(args.Lmax, args.zmin, args.zmax), fontsize = 20, y = 1, x = 0.375)
/oak/stanford/orgs/kipac/users/mahlet/quaia_bias/scripts/sample.py:442: SyntaxWarning: invalid escape sequence '\g'
  fig.suptitle('$M_i\geq{}, {:.1f}<z \leq{:.1f}$'.format(args.Lmax, args.zmin, args.zmax), fontsize = 20, y = 0.975, x = 0.575)
/oak/stanford/orgs/kipac/users/mahlet/quaia_bias/scripts/sample.py:453: SyntaxWarning: invalid escape sequence '\g'
  fig.suptitle('$M_i\geq{}, {:.1f}<z \leq{:.1f}$'.format(args.Lmax, args.zmin, args.zmax), fontsize = 20, y = 1, x = 0.375)
/oak/stanford/orgs/kipac/users/mahlet/quaia_bias/scripts/sample.py:442: SyntaxWarning: invalid escape sequence '\g'
  fig.suptitle('$M_i\geq{}, {:.1f}<z \leq{:.1f}$'.format(args.Lmax, args.zmin, args.zmax), fontsize = 20, y = 0.975, x = 0.575)
/oak/stanford/orgs/kipac/users/mahlet/quaia_bias/scripts/sample.py:453: SyntaxWarning: invalid escape sequence '\g'
  fig.suptitle('$M_i\geq{}, {:.1f}<z \leq{:.1f}$'.format(args.Lmax, args.zmin, args.zmax), fontsize = 20, y = 1, x = 0.375)
/oak/stanford/orgs/kipac/users/mahlet/quaia_bias/scripts/sample.py:442: SyntaxWarning: invalid escape sequence '\g'
  fig.suptitle('$M_i\geq{}, {:.1f}<z \leq{:.1f}$'.format(args.Lmax, args.zmin, args.zmax), fontsize = 20, y = 0.975, x = 0.575)
/oak/stanford/orgs/kipac/users/mahlet/quaia_bias/scripts/sample.py:453: SyntaxWarning: invalid escape sequence '\g'
  fig.suptitle('$M_i\geq{}, {:.1f}<z \leq{:.1f}$'.format(args.Lmax, args.zmin, args.zmax), fontsize = 20, y = 1, x = 0.375)
/oak/stanford/orgs/kipac/users/mahlet/quaia_bias/scripts/sample.py:442: SyntaxWarning: invalid escape sequence '\g'
  fig.suptitle('$M_i\geq{}, {:.1f}<z \leq{:.1f}$'.format(args.Lmax, args.zmin, args.zmax), fontsize = 20, y = 0.975, x = 0.575)
/oak/stanford/orgs/kipac/users/mahlet/quaia_bias/scripts/sample.py:453: SyntaxWarning: invalid escape sequence '\g'
  fig.suptitle('$M_i\geq{}, {:.1f}<z \leq{:.1f}$'.format(args.Lmax, args.zmin, args.zmax), fontsize = 20, y = 1, x = 0.375)
/oak/stanford/orgs/kipac/users/mahlet/quaia_bias/scripts/sample.py:442: SyntaxWarning: invalid escape sequence '\g'
  fig.suptitle('$M_i\geq{}, {:.1f}<z \leq{:.1f}$'.format(args.Lmax, args.zmin, args.zmax), fontsize = 20, y = 0.975, x = 0.575)
/oak/stanford/orgs/kipac/users/mahlet/quaia_bias/scripts/sample.py:453: SyntaxWarning: invalid escape sequence '\g'
  fig.suptitle('$M_i\geq{}, {:.1f}<z \leq{:.1f}$'.format(args.Lmax, args.zmin, args.zmax), fontsize = 20, y = 1, x = 0.375)
/oak/stanford/orgs/kipac/users/mahlet/quaia_bias/scripts/sample.py:442: SyntaxWarning: invalid escape sequence '\g'
  fig.suptitle('$M_i\geq{}, {:.1f}<z \leq{:.1f}$'.format(args.Lmax, args.zmin, args.zmax), fontsize = 20, y = 0.975, x = 0.575)
/oak/stanford/orgs/kipac/users/mahlet/quaia_bias/scripts/sample.py:453: SyntaxWarning: invalid escape sequence '\g'
  fig.suptitle('$M_i\geq{}, {:.1f}<z \leq{:.1f}$'.format(args.Lmax, args.zmin, args.zmax), fontsize = 20, y = 1, x = 0.375)
/oak/stanford/orgs/kipac/users/mahlet/quaia_bias/scripts/sample.py:442: SyntaxWarning: invalid escape sequence '\g'
  fig.suptitle('$M_i\geq{}, {:.1f}<z \leq{:.1f}$'.format(args.Lmax, args.zmin, args.zmax), fontsize = 20, y = 0.975, x = 0.575)
/oak/stanford/orgs/kipac/users/mahlet/quaia_bias/scripts/sample.py:453: SyntaxWarning: invalid escape sequence '\g'
  fig.suptitle('$M_i\geq{}, {:.1f}<z \leq{:.1f}$'.format(args.Lmax, args.zmin, args.zmax), fontsize = 20, y = 1, x = 0.375)
/oak/stanford/orgs/kipac/users/mahlet/quaia_bias/scripts/sample.py:442: SyntaxWarning: invalid escape sequence '\g'
  fig.suptitle('$M_i\geq{}, {:.1f}<z \leq{:.1f}$'.format(args.Lmax, args.zmin, args.zmax), fontsize = 20, y = 0.975, x = 0.575)
/oak/stanford/orgs/kipac/users/mahlet/quaia_bias/scripts/sample.py:453: SyntaxWarning: invalid escape sequence '\g'
  fig.suptitle('$M_i\geq{}, {:.1f}<z \leq{:.1f}$'.format(args.Lmax, args.zmin, args.zmax), fontsize = 20, y = 1, x = 0.375)
/oak/stanford/orgs/kipac/users/mahlet/quaia_bias/scripts/sample.py:442: SyntaxWarning: invalid escape sequence '\g'
  fig.suptitle('$M_i\geq{}, {:.1f}<z \leq{:.1f}$'.format(args.Lmax, args.zmin, args.zmax), fontsize = 20, y = 0.975, x = 0.575)
/oak/stanford/orgs/kipac/users/mahlet/quaia_bias/scripts/sample.py:453: SyntaxWarning: invalid escape sequence '\g'
  fig.suptitle('$M_i\geq{}, {:.1f}<z \leq{:.1f}$'.format(args.Lmax, args.zmin, args.zmax), fontsize = 20, y = 1, x = 0.375)
/oak/stanford/orgs/kipac/users/mahlet/quaia_bias/scripts/sample.py:442: SyntaxWarning: invalid escape sequence '\g'
  fig.suptitle('$M_i\geq{}, {:.1f}<z \leq{:.1f}$'.format(args.Lmax, args.zmin, args.zmax), fontsize = 20, y = 0.975, x = 0.575)
/oak/stanford/orgs/kipac/users/mahlet/quaia_bias/scripts/sample.py:453: SyntaxWarning: invalid escape sequence '\g'
  fig.suptitle('$M_i\geq{}, {:.1f}<z \leq{:.1f}$'.format(args.Lmax, args.zmin, args.zmax), fontsize = 20, y = 1, x = 0.375)
/oak/stanford/orgs/kipac/users/mahlet/quaia_bias/scripts/sample.py:442: SyntaxWarning: invalid escape sequence '\g'
  fig.suptitle('$M_i\geq{}, {:.1f}<z \leq{:.1f}$'.format(args.Lmax, args.zmin, args.zmax), fontsize = 20, y = 0.975, x = 0.575)
/oak/stanford/orgs/kipac/users/mahlet/quaia_bias/scripts/sample.py:453: SyntaxWarning: invalid escape sequence '\g'
  fig.suptitle('$M_i\geq{}, {:.1f}<z \leq{:.1f}$'.format(args.Lmax, args.zmin, args.zmax), fontsize = 20, y = 1, x = 0.375)
/oak/stanford/orgs/kipac/users/mahlet/quaia_bias/scripts/sample.py:442: SyntaxWarning: invalid escape sequence '\g'
  fig.suptitle('$M_i\geq{}, {:.1f}<z \leq{:.1f}$'.format(args.Lmax, args.zmin, args.zmax), fontsize = 20, y = 0.975, x = 0.575)
/oak/stanford/orgs/kipac/users/mahlet/quaia_bias/scripts/sample.py:453: SyntaxWarning: invalid escape sequence '\g'
  fig.suptitle('$M_i\geq{}, {:.1f}<z \leq{:.1f}$'.format(args.Lmax, args.zmin, args.zmax), fontsize = 20, y = 1, x = 0.375)
/oak/stanford/orgs/kipac/users/mahlet/quaia_bias/scripts/sample.py:442: SyntaxWarning: invalid escape sequence '\g'
  fig.suptitle('$M_i\geq{}, {:.1f}<z \leq{:.1f}$'.format(args.Lmax, args.zmin, args.zmax), fontsize = 20, y = 0.975, x = 0.575)
/oak/stanford/orgs/kipac/users/mahlet/quaia_bias/scripts/sample.py:453: SyntaxWarning: invalid escape sequence '\g'
  fig.suptitle('$M_i\geq{}, {:.1f}<z \leq{:.1f}$'.format(args.Lmax, args.zmin, args.zmax), fontsize = 20, y = 1, x = 0.375)
/oak/stanford/orgs/kipac/users/mahlet/quaia_bias/scripts/sample.py:442: SyntaxWarning: invalid escape sequence '\g'
  fig.suptitle('$M_i\geq{}, {:.1f}<z \leq{:.1f}$'.format(args.Lmax, args.zmin, args.zmax), fontsize = 20, y = 0.975, x = 0.575)
/oak/stanford/orgs/kipac/users/mahlet/quaia_bias/scripts/sample.py:453: SyntaxWarning: invalid escape sequence '\g'
  fig.suptitle('$M_i\geq{}, {:.1f}<z \leq{:.1f}$'.format(args.Lmax, args.zmin, args.zmax), fontsize = 20, y = 1, x = 0.375)
/oak/stanford/orgs/kipac/users/mahlet/quaia_bias/scripts/sample.py:442: SyntaxWarning: invalid escape sequence '\g'
  fig.suptitle('$M_i\geq{}, {:.1f}<z \leq{:.1f}$'.format(args.Lmax, args.zmin, args.zmax), fontsize = 20, y = 0.975, x = 0.575)
/oak/stanford/orgs/kipac/users/mahlet/quaia_bias/scripts/sample.py:453: SyntaxWarning: invalid escape sequence '\g'
  fig.suptitle('$M_i\geq{}, {:.1f}<z \leq{:.1f}$'.format(args.Lmax, args.zmin, args.zmax), fontsize = 20, y = 1, x = 0.375)
/oak/stanford/orgs/kipac/users/mahlet/quaia_bias/scripts/sample.py:148: RuntimeWarning: divide by zero encountered in divide
  return fduty/2*special.erfc(np.log(10**M_min/bins)/(np.sqrt(2)*np.log(10)*sigma))
/oak/stanford/orgs/kipac/users/mahlet/quaia_bias/scripts/sample.py:148: RuntimeWarning: divide by zero encountered in divide
  return fduty/2*special.erfc(np.log(10**M_min/bins)/(np.sqrt(2)*np.log(10)*sigma))
/oak/stanford/orgs/kipac/users/mahlet/quaia_bias/scripts/sample.py:168: RuntimeWarning: invalid value encountered in power
  n_m = fduty*((bins_m-M0)/M1)**alpha
/oak/stanford/orgs/kipac/users/mahlet/quaia_bias/scripts/sample.py:148: RuntimeWarning: divide by zero encountered in divide
  return fduty/2*special.erfc(np.log(10**M_min/bins)/(np.sqrt(2)*np.log(10)*sigma))
/oak/stanford/orgs/kipac/users/mahlet/quaia_bias/scripts/sample.py:168: RuntimeWarning: invalid value encountered in power
  n_m = fduty*((bins_m-M0)/M1)**alpha
/oak/stanford/orgs/kipac/users/mahlet/quaia_bias/scripts/sample.py:168: RuntimeWarning: invalid value encountered in power
  n_m = fduty*((bins_m-M0)/M1)**alpha
/oak/stanford/orgs/kipac/users/mahlet/quaia_bias/scripts/sample.py:148: RuntimeWarning: divide by zero encountered in divide
  return fduty/2*special.erfc(np.log(10**M_min/bins)/(np.sqrt(2)*np.log(10)*sigma))
/oak/stanford/orgs/kipac/users/mahlet/quaia_bias/scripts/sample.py:168: RuntimeWarning: invalid value encountered in power
  n_m = fduty*((bins_m-M0)/M1)**alpha
/oak/stanford/orgs/kipac/users/mahlet/quaia_bias/scripts/sample.py:148: RuntimeWarning: divide by zero encountered in divide
  return fduty/2*special.erfc(np.log(10**M_min/bins)/(np.sqrt(2)*np.log(10)*sigma))
/oak/stanford/orgs/kipac/users/mahlet/quaia_bias/scripts/sample.py:168: RuntimeWarning: invalid value encountered in power
  n_m = fduty*((bins_m-M0)/M1)**alpha
/oak/stanford/orgs/kipac/users/mahlet/quaia_bias/scripts/sample.py:148: RuntimeWarning: divide by zero encountered in divide
  return fduty/2*special.erfc(np.log(10**M_min/bins)/(np.sqrt(2)*np.log(10)*sigma))
/oak/stanford/orgs/kipac/users/mahlet/quaia_bias/scripts/sample.py:168: RuntimeWarning: invalid value encountered in power
  n_m = fduty*((bins_m-M0)/M1)**alpha
/oak/stanford/orgs/kipac/users/mahlet/quaia_bias/scripts/sample.py:148: RuntimeWarning: divide by zero encountered in divide
  return fduty/2*special.erfc(np.log(10**M_min/bins)/(np.sqrt(2)*np.log(10)*sigma))
/oak/stanford/orgs/kipac/users/mahlet/quaia_bias/scripts/sample.py:168: RuntimeWarning: invalid value encountered in power
  n_m = fduty*((bins_m-M0)/M1)**alpha
/oak/stanford/orgs/kipac/users/mahlet/quaia_bias/scripts/sample.py:148: RuntimeWarning: divide by zero encountered in divide
  return fduty/2*special.erfc(np.log(10**M_min/bins)/(np.sqrt(2)*np.log(10)*sigma))
/oak/stanford/orgs/kipac/users/mahlet/quaia_bias/scripts/sample.py:168: RuntimeWarning: invalid value encountered in power
  n_m = fduty*((bins_m-M0)/M1)**alpha
/oak/stanford/orgs/kipac/users/mahlet/quaia_bias/scripts/sample.py:148: RuntimeWarning: divide by zero encountered in divide
  return fduty/2*special.erfc(np.log(10**M_min/bins)/(np.sqrt(2)*np.log(10)*sigma))
/oak/stanford/orgs/kipac/users/mahlet/quaia_bias/scripts/sample.py:168: RuntimeWarning: invalid value encountered in power
  n_m = fduty*((bins_m-M0)/M1)**alpha
/oak/stanford/orgs/kipac/users/mahlet/quaia_bias/scripts/sample.py:148: RuntimeWarning: divide by zero encountered in divide
  return fduty/2*special.erfc(np.log(10**M_min/bins)/(np.sqrt(2)*np.log(10)*sigma))
/oak/stanford/orgs/kipac/users/mahlet/quaia_bias/scripts/sample.py:168: RuntimeWarning: invalid value encountered in power
  n_m = fduty*((bins_m-M0)/M1)**alpha
/oak/stanford/orgs/kipac/users/mahlet/quaia_bias/scripts/sample.py:148: RuntimeWarning: divide by zero encountered in divide
  return fduty/2*special.erfc(np.log(10**M_min/bins)/(np.sqrt(2)*np.log(10)*sigma))
/oak/stanford/orgs/kipac/users/mahlet/quaia_bias/scripts/sample.py:168: RuntimeWarning: invalid value encountered in power
  n_m = fduty*((bins_m-M0)/M1)**alpha
/oak/stanford/orgs/kipac/users/mahlet/quaia_bias/scripts/sample.py:148: RuntimeWarning: divide by zero encountered in divide
  return fduty/2*special.erfc(np.log(10**M_min/bins)/(np.sqrt(2)*np.log(10)*sigma))
/oak/stanford/orgs/kipac/users/mahlet/quaia_bias/scripts/sample.py:168: RuntimeWarning: invalid value encountered in power
  n_m = fduty*((bins_m-M0)/M1)**alpha
/oak/stanford/orgs/kipac/users/mahlet/quaia_bias/scripts/sample.py:148: RuntimeWarning: divide by zero encountered in divide
  return fduty/2*special.erfc(np.log(10**M_min/bins)/(np.sqrt(2)*np.log(10)*sigma))
/oak/stanford/orgs/kipac/users/mahlet/quaia_bias/scripts/sample.py:168: RuntimeWarning: invalid value encountered in power
  n_m = fduty*((bins_m-M0)/M1)**alpha
/oak/stanford/orgs/kipac/users/mahlet/quaia_bias/scripts/sample.py:148: RuntimeWarning: divide by zero encountered in divide
  return fduty/2*special.erfc(np.log(10**M_min/bins)/(np.sqrt(2)*np.log(10)*sigma))
/oak/stanford/orgs/kipac/users/mahlet/quaia_bias/scripts/sample.py:168: RuntimeWarning: invalid value encountered in power
  n_m = fduty*((bins_m-M0)/M1)**alpha
/oak/stanford/orgs/kipac/users/mahlet/quaia_bias/scripts/sample.py:148: RuntimeWarning: divide by zero encountered in divide
  return fduty/2*special.erfc(np.log(10**M_min/bins)/(np.sqrt(2)*np.log(10)*sigma))
/oak/stanford/orgs/kipac/users/mahlet/quaia_bias/scripts/sample.py:168: RuntimeWarning: invalid value encountered in power
  n_m = fduty*((bins_m-M0)/M1)**alpha
/oak/stanford/orgs/kipac/users/mahlet/quaia_bias/scripts/sample.py:148: RuntimeWarning: divide by zero encountered in divide
  return fduty/2*special.erfc(np.log(10**M_min/bins)/(np.sqrt(2)*np.log(10)*sigma))
/oak/stanford/orgs/kipac/users/mahlet/quaia_bias/scripts/sample.py:168: RuntimeWarning: invalid value encountered in power
  n_m = fduty*((bins_m-M0)/M1)**alpha
/oak/stanford/orgs/kipac/users/mahlet/quaia_bias/scripts/sample.py:148: RuntimeWarning: divide by zero encountered in divide
  return fduty/2*special.erfc(np.log(10**M_min/bins)/(np.sqrt(2)*np.log(10)*sigma))
/oak/stanford/orgs/kipac/users/mahlet/quaia_bias/scripts/sample.py:168: RuntimeWarning: invalid value encountered in power
  n_m = fduty*((bins_m-M0)/M1)**alpha
/oak/stanford/orgs/kipac/users/mahlet/quaia_bias/scripts/sample.py:148: RuntimeWarning: divide by zero encountered in divide
  return fduty/2*special.erfc(np.log(10**M_min/bins)/(np.sqrt(2)*np.log(10)*sigma))
/oak/stanford/orgs/kipac/users/mahlet/quaia_bias/scripts/sample.py:168: RuntimeWarning: invalid value encountered in power
  n_m = fduty*((bins_m-M0)/M1)**alpha
/oak/stanford/orgs/kipac/users/mahlet/quaia_bias/scripts/sample.py:148: RuntimeWarning: divide by zero encountered in divide
  return fduty/2*special.erfc(np.log(10**M_min/bins)/(np.sqrt(2)*np.log(10)*sigma))
/oak/stanford/orgs/kipac/users/mahlet/quaia_bias/scripts/sample.py:168: RuntimeWarning: invalid value encountered in power
  n_m = fduty*((bins_m-M0)/M1)**alpha
/oak/stanford/orgs/kipac/users/mahlet/quaia_bias/scripts/sample.py:148: RuntimeWarning: divide by zero encountered in divide
  return fduty/2*special.erfc(np.log(10**M_min/bins)/(np.sqrt(2)*np.log(10)*sigma))
/oak/stanford/orgs/kipac/users/mahlet/quaia_bias/scripts/sample.py:168: RuntimeWarning: invalid value encountered in power
  n_m = fduty*((bins_m-M0)/M1)**alpha
/oak/stanford/orgs/kipac/users/mahlet/quaia_bias/scripts/sample.py:148: RuntimeWarning: divide by zero encountered in divide
  return fduty/2*special.erfc(np.log(10**M_min/bins)/(np.sqrt(2)*np.log(10)*sigma))
/oak/stanford/orgs/kipac/users/mahlet/quaia_bias/scripts/sample.py:168: RuntimeWarning: invalid value encountered in power
  n_m = fduty*((bins_m-M0)/M1)**alpha
/oak/stanford/orgs/kipac/users/mahlet/quaia_bias/scripts/sample.py:148: RuntimeWarning: divide by zero encountered in divide
  return fduty/2*special.erfc(np.log(10**M_min/bins)/(np.sqrt(2)*np.log(10)*sigma))
/oak/stanford/orgs/kipac/users/mahlet/quaia_bias/scripts/sample.py:168: RuntimeWarning: invalid value encountered in power
  n_m = fduty*((bins_m-M0)/M1)**alpha
/oak/stanford/orgs/kipac/users/mahlet/quaia_bias/scripts/sample.py:148: RuntimeWarning: divide by zero encountered in divide
  return fduty/2*special.erfc(np.log(10**M_min/bins)/(np.sqrt(2)*np.log(10)*sigma))
/oak/stanford/orgs/kipac/users/mahlet/quaia_bias/scripts/sample.py:168: RuntimeWarning: invalid value encountered in power
  n_m = fduty*((bins_m-M0)/M1)**alpha
/oak/stanford/orgs/kipac/users/mahlet/quaia_bias/scripts/sample.py:148: RuntimeWarning: divide by zero encountered in divide
  return fduty/2*special.erfc(np.log(10**M_min/bins)/(np.sqrt(2)*np.log(10)*sigma))
/oak/stanford/orgs/kipac/users/mahlet/quaia_bias/scripts/sample.py:168: RuntimeWarning: invalid value encountered in power
  n_m = fduty*((bins_m-M0)/M1)**alpha
/oak/stanford/orgs/kipac/users/mahlet/quaia_bias/scripts/sample.py:148: RuntimeWarning: divide by zero encountered in divide
  return fduty/2*special.erfc(np.log(10**M_min/bins)/(np.sqrt(2)*np.log(10)*sigma))
/oak/stanford/orgs/kipac/users/mahlet/quaia_bias/scripts/sample.py:168: RuntimeWarning: invalid value encountered in power
  n_m = fduty*((bins_m-M0)/M1)**alpha
/oak/stanford/orgs/kipac/users/mahlet/quaia_bias/scripts/sample.py:148: RuntimeWarning: divide by zero encountered in divide
  return fduty/2*special.erfc(np.log(10**M_min/bins)/(np.sqrt(2)*np.log(10)*sigma))
/oak/stanford/orgs/kipac/users/mahlet/quaia_bias/scripts/sample.py:168: RuntimeWarning: invalid value encountered in power
  n_m = fduty*((bins_m-M0)/M1)**alpha
/oak/stanford/orgs/kipac/users/mahlet/quaia_bias/scripts/sample.py:148: RuntimeWarning: divide by zero encountered in divide
  return fduty/2*special.erfc(np.log(10**M_min/bins)/(np.sqrt(2)*np.log(10)*sigma))
/oak/stanford/orgs/kipac/users/mahlet/quaia_bias/scripts/sample.py:168: RuntimeWarning: invalid value encountered in power
  n_m = fduty*((bins_m-M0)/M1)**alpha
/oak/stanford/orgs/kipac/users/mahlet/quaia_bias/scripts/sample.py:148: RuntimeWarning: divide by zero encountered in divide
  return fduty/2*special.erfc(np.log(10**M_min/bins)/(np.sqrt(2)*np.log(10)*sigma))
/oak/stanford/orgs/kipac/users/mahlet/quaia_bias/scripts/sample.py:168: RuntimeWarning: invalid value encountered in power
  n_m = fduty*((bins_m-M0)/M1)**alpha
/oak/stanford/orgs/kipac/users/mahlet/quaia_bias/scripts/sample.py:148: RuntimeWarning: divide by zero encountered in divide
  return fduty/2*special.erfc(np.log(10**M_min/bins)/(np.sqrt(2)*np.log(10)*sigma))
/oak/stanford/orgs/kipac/users/mahlet/quaia_bias/scripts/sample.py:168: RuntimeWarning: invalid value encountered in power
  n_m = fduty*((bins_m-M0)/M1)**alpha
/oak/stanford/orgs/kipac/users/mahlet/quaia_bias/scripts/sample.py:148: RuntimeWarning: divide by zero encountered in divide
  return fduty/2*special.erfc(np.log(10**M_min/bins)/(np.sqrt(2)*np.log(10)*sigma))
/oak/stanford/orgs/kipac/users/mahlet/quaia_bias/scripts/sample.py:168: RuntimeWarning: invalid value encountered in power
  n_m = fduty*((bins_m-M0)/M1)**alpha
/oak/stanford/orgs/kipac/users/mahlet/quaia_bias/scripts/sample.py:148: RuntimeWarning: divide by zero encountered in divide
  return fduty/2*special.erfc(np.log(10**M_min/bins)/(np.sqrt(2)*np.log(10)*sigma))
/oak/stanford/orgs/kipac/users/mahlet/quaia_bias/scripts/sample.py:168: RuntimeWarning: invalid value encountered in power
  n_m = fduty*((bins_m-M0)/M1)**alpha
/oak/stanford/orgs/kipac/users/mahlet/quaia_bias/scripts/sample.py:148: RuntimeWarning: divide by zero encountered in divide
  return fduty/2*special.erfc(np.log(10**M_min/bins)/(np.sqrt(2)*np.log(10)*sigma))
/oak/stanford/orgs/kipac/users/mahlet/quaia_bias/scripts/sample.py:168: RuntimeWarning: invalid value encountered in power
  n_m = fduty*((bins_m-M0)/M1)**alpha
/oak/stanford/orgs/kipac/users/mahlet/quaia_bias/scripts/sample.py:148: RuntimeWarning: divide by zero encountered in divide
  return fduty/2*special.erfc(np.log(10**M_min/bins)/(np.sqrt(2)*np.log(10)*sigma))
/oak/stanford/orgs/kipac/users/mahlet/quaia_bias/scripts/sample.py:168: RuntimeWarning: invalid value encountered in power
  n_m = fduty*((bins_m-M0)/M1)**alpha
/oak/stanford/orgs/kipac/users/mahlet/quaia_bias/scripts/sample.py:148: RuntimeWarning: divide by zero encountered in divide
  return fduty/2*special.erfc(np.log(10**M_min/bins)/(np.sqrt(2)*np.log(10)*sigma))
/oak/stanford/orgs/kipac/users/mahlet/quaia_bias/scripts/sample.py:168: RuntimeWarning: invalid value encountered in power
  n_m = fduty*((bins_m-M0)/M1)**alpha
/oak/stanford/orgs/kipac/users/mahlet/quaia_bias/scripts/sample.py:148: RuntimeWarning: divide by zero encountered in divide
  return fduty/2*special.erfc(np.log(10**M_min/bins)/(np.sqrt(2)*np.log(10)*sigma))
/oak/stanford/orgs/kipac/users/mahlet/quaia_bias/scripts/sample.py:168: RuntimeWarning: invalid value encountered in power
  n_m = fduty*((bins_m-M0)/M1)**alpha
/oak/stanford/orgs/kipac/users/mahlet/quaia_bias/scripts/sample.py:148: RuntimeWarning: divide by zero encountered in divide
  return fduty/2*special.erfc(np.log(10**M_min/bins)/(np.sqrt(2)*np.log(10)*sigma))
/oak/stanford/orgs/kipac/users/mahlet/quaia_bias/scripts/sample.py:168: RuntimeWarning: invalid value encountered in power
  n_m = fduty*((bins_m-M0)/M1)**alpha
/oak/stanford/orgs/kipac/users/mahlet/quaia_bias/scripts/sample.py:148: RuntimeWarning: divide by zero encountered in divide
  return fduty/2*special.erfc(np.log(10**M_min/bins)/(np.sqrt(2)*np.log(10)*sigma))
/oak/stanford/orgs/kipac/users/mahlet/quaia_bias/scripts/sample.py:168: RuntimeWarning: invalid value encountered in power
  n_m = fduty*((bins_m-M0)/M1)**alpha
/oak/stanford/orgs/kipac/users/mahlet/quaia_bias/scripts/sample.py:148: RuntimeWarning: divide by zero encountered in divide
  return fduty/2*special.erfc(np.log(10**M_min/bins)/(np.sqrt(2)*np.log(10)*sigma))
/oak/stanford/orgs/kipac/users/mahlet/quaia_bias/scripts/sample.py:168: RuntimeWarning: invalid value encountered in power
  n_m = fduty*((bins_m-M0)/M1)**alpha
/oak/stanford/orgs/kipac/users/mahlet/quaia_bias/scripts/sample.py:148: RuntimeWarning: divide by zero encountered in divide
  return fduty/2*special.erfc(np.log(10**M_min/bins)/(np.sqrt(2)*np.log(10)*sigma))
/oak/stanford/orgs/kipac/users/mahlet/quaia_bias/scripts/sample.py:168: RuntimeWarning: invalid value encountered in power
  n_m = fduty*((bins_m-M0)/M1)**alpha
/oak/stanford/orgs/kipac/users/mahlet/quaia_bias/scripts/sample.py:148: RuntimeWarning: divide by zero encountered in divide
  return fduty/2*special.erfc(np.log(10**M_min/bins)/(np.sqrt(2)*np.log(10)*sigma))
/oak/stanford/orgs/kipac/users/mahlet/quaia_bias/scripts/sample.py:168: RuntimeWarning: invalid value encountered in power
  n_m = fduty*((bins_m-M0)/M1)**alpha
/oak/stanford/orgs/kipac/users/mahlet/quaia_bias/scripts/sample.py:148: RuntimeWarning: divide by zero encountered in divide
  return fduty/2*special.erfc(np.log(10**M_min/bins)/(np.sqrt(2)*np.log(10)*sigma))
/oak/stanford/orgs/kipac/users/mahlet/quaia_bias/scripts/sample.py:168: RuntimeWarning: invalid value encountered in power
  n_m = fduty*((bins_m-M0)/M1)**alpha
/oak/stanford/orgs/kipac/users/mahlet/quaia_bias/scripts/sample.py:148: RuntimeWarning: divide by zero encountered in divide
  return fduty/2*special.erfc(np.log(10**M_min/bins)/(np.sqrt(2)*np.log(10)*sigma))
/oak/stanford/orgs/kipac/users/mahlet/quaia_bias/scripts/sample.py:168: RuntimeWarning: invalid value encountered in power
  n_m = fduty*((bins_m-M0)/M1)**alpha
/oak/stanford/orgs/kipac/users/mahlet/quaia_bias/scripts/sample.py:148: RuntimeWarning: divide by zero encountered in divide
  return fduty/2*special.erfc(np.log(10**M_min/bins)/(np.sqrt(2)*np.log(10)*sigma))
/oak/stanford/orgs/kipac/users/mahlet/quaia_bias/scripts/sample.py:168: RuntimeWarning: invalid value encountered in power
  n_m = fduty*((bins_m-M0)/M1)**alpha
/oak/stanford/orgs/kipac/users/mahlet/quaia_bias/scripts/sample.py:148: RuntimeWarning: divide by zero encountered in divide
  return fduty/2*special.erfc(np.log(10**M_min/bins)/(np.sqrt(2)*np.log(10)*sigma))
/oak/stanford/orgs/kipac/users/mahlet/quaia_bias/scripts/sample.py:168: RuntimeWarning: invalid value encountered in power
  n_m = fduty*((bins_m-M0)/M1)**alpha
/oak/stanford/orgs/kipac/users/mahlet/quaia_bias/scripts/sample.py:148: RuntimeWarning: divide by zero encountered in divide
  return fduty/2*special.erfc(np.log(10**M_min/bins)/(np.sqrt(2)*np.log(10)*sigma))
/oak/stanford/orgs/kipac/users/mahlet/quaia_bias/scripts/sample.py:168: RuntimeWarning: invalid value encountered in power
  n_m = fduty*((bins_m-M0)/M1)**alpha
0it [00:00, ?it/s]/oak/stanford/orgs/kipac/users/mahlet/quaia_bias/scripts/sample.py:148: RuntimeWarning: divide by zero encountered in divide
  return fduty/2*special.erfc(np.log(10**M_min/bins)/(np.sqrt(2)*np.log(10)*sigma))
/oak/stanford/orgs/kipac/users/mahlet/quaia_bias/scripts/sample.py:168: RuntimeWarning: invalid value encountered in power
  n_m = fduty*((bins_m-M0)/M1)**alpha
1it [00:00,  5.67it/s, bound: 0 | nc: 1 | ncall: 501 | eff(%):  0.200 | loglstar:   -inf < -11605.212 <    inf | logz: -11612.122 +/-  0.117 | dlogz:    inf >  0.010]/oak/stanford/orgs/kipac/users/mahlet/quaia_bias/scripts/sample.py:148: RuntimeWarning: divide by zero encountered in divide
  return fduty/2*special.erfc(np.log(10**M_min/bins)/(np.sqrt(2)*np.log(10)*sigma))
/oak/stanford/orgs/kipac/users/mahlet/quaia_bias/scripts/sample.py:168: RuntimeWarning: invalid value encountered in power
  n_m = fduty*((bins_m-M0)/M1)**alpha
/oak/stanford/orgs/kipac/users/mahlet/quaia_bias/scripts/sample.py:148: RuntimeWarning: divide by zero encountered in divide
  return fduty/2*special.erfc(np.log(10**M_min/bins)/(np.sqrt(2)*np.log(10)*sigma))
/oak/stanford/orgs/kipac/users/mahlet/quaia_bias/scripts/sample.py:168: RuntimeWarning: invalid value encountered in power
  n_m = fduty*((bins_m-M0)/M1)**alpha
47it [00:00, 120.99it/s, bound: 0 | nc: 2 | ncall: 549 | eff(%):  8.561 | loglstar:   -inf < -3798.828 <    inf | logz: -3805.830 +/-  0.118 | dlogz: 3989.254 >  0.010]92it [00:00, 156.19it/s, bound: 0 | nc: 1 | ncall: 603 | eff(%): 15.257 | loglstar:   -inf < -834.227 <    inf | logz: -841.318 +/-  0.119 | dlogz: 986.500 >  0.010]   137it [00:00, 152.81it/s, bound: 0 | nc: 3 | ncall: 659 | eff(%): 20.789 | loglstar:   -inf < -402.275 <    inf | logz: -409.439 +/-  0.119 | dlogz: 477.902 >  0.010]181it [00:01, 134.72it/s, bound: 0 | nc: 1 | ncall: 729 | eff(%): 24.829 | loglstar:   -inf < -330.840 <    inf | logz: -337.208 +/-  0.103 | dlogz: 402.069 >  0.010]227it [00:01, 118.17it/s, bound: 0 | nc: 1 | ncall: 801 | eff(%): 28.340 | loglstar:   -inf < -270.106 <    inf | logz: -276.740 +/-  0.107 | dlogz: 341.643 >  0.010]273it [00:02, 93.91it/s, bound: 0 | nc: 3 | ncall: 881 | eff(%): 30.988 | loglstar:   -inf < -204.798 <    inf | logz: -211.889 +/-  0.113 | dlogz: 277.256 >  0.010] 319it [00:02, 95.76it/s, bound: 0 | nc: 1 | ncall: 980 | eff(%): 32.551 | loglstar:   -inf < -150.881 <    inf | logz: -157.766 +/-  0.113 | dlogz: 222.922 >  0.010]364it [00:03, 79.60it/s, bound: 0 | nc: 3 | ncall: 1078 | eff(%): 33.766 | loglstar:   -inf < -113.134 <    inf | logz: -118.966 +/-  0.102 | dlogz: 183.099 >  0.010]411it [00:04, 75.48it/s, bound: 0 | nc: 3 | ncall: 1195 | eff(%): 34.393 | loglstar:   -inf < -87.992 <    inf | logz: -93.692 +/-  0.102 | dlogz: 157.669 >  0.010]  455it [00:05, 62.13it/s, bound: 0 | nc: 5 | ncall: 1320 | eff(%): 34.470 | loglstar:   -inf < -62.961 <    inf | logz: -69.923 +/-  0.106 | dlogz: 134.309 >  0.010]502it [00:05, 68.76it/s, bound: 0 | nc: 1 | ncall: 1462 | eff(%): 34.337 | loglstar:   -inf < -43.328 <    inf | logz: -49.455 +/-  0.105 | dlogz: 113.363 >  0.010]546it [00:06, 65.22it/s, bound: 0 | nc: 1 | ncall: 1583 | eff(%): 34.491 | loglstar:   -inf < -30.708 <    inf | logz: -36.388 +/-  0.099 | dlogz: 100.030 >  0.010]593it [00:08, 46.87it/s, bound: 0 | nc: 1 | ncall: 1714 | eff(%): 34.597 | loglstar:   -inf < -14.885 <    inf | logz: -20.871 +/-  0.103 | dlogz: 84.477 >  0.010] 638it [00:09, 40.93it/s, bound: 0 | nc: 6 | ncall: 1924 | eff(%): 33.160 | loglstar:   -inf <  0.537 <    inf | logz: -5.236 +/-  0.103 | dlogz: 68.692 >  0.010]  684it [00:11, 38.65it/s, bound: 0 | nc: 7 | ncall: 2082 | eff(%): 32.853 | loglstar:   -inf < 14.136 <    inf | logz:  8.083 +/-  0.102 | dlogz: 55.320 >  0.010]732it [00:12, 34.99it/s, bound: 0 | nc: 3 | ncall: 2319 | eff(%): 31.565 | loglstar:   -inf < 22.820 <    inf | logz: 18.128 +/-  0.093 | dlogz: 44.994 >  0.010]779it [00:15, 28.80it/s, bound: 0 | nc: 9 | ncall: 2525 | eff(%): 30.851 | loglstar:   -inf < 24.446 <    inf | logz: 19.882 +/-  0.085 | dlogz: 43.135 >  0.010]826it [00:17, 27.15it/s, bound: 0 | nc: 4 | ncall: 2796 | eff(%): 29.542 | loglstar:   -inf < 26.334 <    inf | logz: 21.705 +/-  0.085 | dlogz: 41.217 >  0.010]874it [00:18, 29.61it/s, bound: 0 | nc: 2 | ncall: 3111 | eff(%): 28.094 | loglstar:   -inf < 28.091 <    inf | logz: 23.469 +/-  0.085 | dlogz: 39.352 >  0.010]921it [00:20, 25.95it/s, bound: 0 | nc: 5 | ncall: 3365 | eff(%): 27.370 | loglstar:   -inf < 30.411 <    inf | logz: 25.324 +/-  0.087 | dlogz: 37.419 >  0.010]966it [00:23, 21.18it/s, bound: 0 | nc: 7 | ncall: 3692 | eff(%): 26.165 | loglstar:   -inf < 32.506 <    inf | logz: 27.699 +/-  0.090 | dlogz: 34.940 >  0.010]1012it [00:25, 23.30it/s, bound: 0 | nc: 2 | ncall: 4010 | eff(%): 25.237 | loglstar:   -inf < 34.690 <    inf | logz: 29.615 +/-  0.090 | dlogz: 32.937 >  0.010]1059it [00:28, 19.35it/s, bound: 0 | nc: 7 | ncall: 4313 | eff(%): 24.554 | loglstar:   -inf < 36.778 <    inf | logz: 31.486 +/-  0.090 | dlogz: 30.978 >  0.010]1106it [00:30, 19.94it/s, bound: 0 | nc: 3 | ncall: 4752 | eff(%): 23.274 | loglstar:   -inf < 37.844 <    inf | logz: 33.061 +/-  0.089 | dlogz: 29.289 >  0.010]1153it [00:34, 16.17it/s, bound: 0 | nc: 8 | ncall: 5128 | eff(%): 22.484 | loglstar:   -inf < 39.614 <    inf | logz: 34.481 +/-  0.089 | dlogz: 27.781 >  0.010]1200it [00:38, 15.58it/s, bound: 0 | nc: 21 | ncall: 5657 | eff(%): 21.213 | loglstar:   -inf < 41.618 <    inf | logz: 36.312 +/-  0.093 | dlogz: 25.861 >  0.010]1247it [00:40, 16.35it/s, bound: 0 | nc: 5 | ncall: 6195 | eff(%): 20.129 | loglstar:   -inf < 42.972 <    inf | logz: 37.813 +/-  0.092 | dlogz: 24.257 >  0.010] 1295it [00:44, 15.36it/s, bound: 0 | nc: 2 | ncall: 6692 | eff(%): 19.351 | loglstar:   -inf < 44.104 <    inf | logz: 39.027 +/-  0.091 | dlogz: 22.942 >  0.010]1339it [00:48, 14.21it/s, bound: 0 | nc: 17 | ncall: 7218 | eff(%): 18.551 | loglstar:   -inf < 46.059 <    inf | logz: 40.501 +/-  0.094 | dlogz: 21.393 >  0.010]1385it [00:53, 11.76it/s, bound: 0 | nc: 1 | ncall: 7790 | eff(%): 17.779 | loglstar:   -inf < 47.316 <    inf | logz: 41.942 +/-  0.094 | dlogz: 19.926 >  0.010] 1433it [00:59, 10.35it/s, bound: 0 | nc: 18 | ncall: 8356 | eff(%): 17.149 | loglstar:   -inf < 48.354 <    inf | logz: 43.091 +/-  0.093 | dlogz: 18.677 >  0.010]1479it [01:06,  9.00it/s, bound: 0 | nc: 8 | ncall: 9113 | eff(%): 16.230 | loglstar:   -inf < 49.910 <    inf | logz: 44.306 +/-  0.094 | dlogz: 17.375 >  0.010] 1526it [01:12,  8.28it/s, bound: 0 | nc: 2 | ncall: 10028 | eff(%): 15.217 | loglstar:   -inf < 50.972 <    inf | logz: 45.473 +/-  0.095 | dlogz: 16.109 >  0.010]1570it [01:18,  8.19it/s, bound: 0 | nc: 30 | ncall: 10869 | eff(%): 14.445 | loglstar:   -inf < 52.656 <    inf | logz: 46.767 +/-  0.097 | dlogz: 14.751 >  0.010]1614it [01:25,  7.47it/s, bound: 0 | nc: 15 | ncall: 11766 | eff(%): 13.717 | loglstar:   -inf < 54.073 <    inf | logz: 48.214 +/-  0.099 | dlogz: 13.214 >  0.010]1661it [01:39,  5.43it/s, bound: 0 | nc: 10 | ncall: 12594 | eff(%): 13.189 | loglstar:   -inf < 55.185 <    inf | logz: 49.396 +/-  0.098 | dlogz: 11.933 >  0.010]1707it [01:50,  5.05it/s, bound: 0 | nc: 19 | ncall: 13961 | eff(%): 12.227 | loglstar:   -inf < 56.437 <    inf | logz: 50.522 +/-  0.099 | dlogz: 10.716 >  0.010]1754it [02:02,  4.60it/s, bound: 0 | nc: 19 | ncall: 15464 | eff(%): 11.342 | loglstar:   -inf < 57.415 <    inf | logz: 51.588 +/-  0.099 | dlogz:  9.552 >  0.010]1799it [02:15,  4.22it/s, bound: 0 | nc: 82 | ncall: 17399 | eff(%): 10.340 | loglstar:   -inf < 58.597 <    inf | logz: 52.576 +/-  0.099 | dlogz:  8.477 >  0.010]/oak/stanford/orgs/kipac/users/mahlet/quaia_bias/scripts/sample.py:148: RuntimeWarning: divide by zero encountered in divide
  return fduty/2*special.erfc(np.log(10**M_min/bins)/(np.sqrt(2)*np.log(10)*sigma))
/oak/stanford/orgs/kipac/users/mahlet/quaia_bias/scripts/sample.py:168: RuntimeWarning: invalid value encountered in power
  n_m = fduty*((bins_m-M0)/M1)**alpha
/oak/stanford/orgs/kipac/users/mahlet/quaia_bias/scripts/sample.py:148: RuntimeWarning: divide by zero encountered in divide
  return fduty/2*special.erfc(np.log(10**M_min/bins)/(np.sqrt(2)*np.log(10)*sigma))
/oak/stanford/orgs/kipac/users/mahlet/quaia_bias/scripts/sample.py:148: RuntimeWarning: divide by zero encountered in divide
  return fduty/2*special.erfc(np.log(10**M_min/bins)/(np.sqrt(2)*np.log(10)*sigma))
/oak/stanford/orgs/kipac/users/mahlet/quaia_bias/scripts/sample.py:168: RuntimeWarning: invalid value encountered in power
  n_m = fduty*((bins_m-M0)/M1)**alpha
/oak/stanford/orgs/kipac/users/mahlet/quaia_bias/scripts/sample.py:168: RuntimeWarning: invalid value encountered in power
  n_m = fduty*((bins_m-M0)/M1)**alpha
/oak/stanford/orgs/kipac/users/mahlet/quaia_bias/scripts/sample.py:148: RuntimeWarning: divide by zero encountered in divide
  return fduty/2*special.erfc(np.log(10**M_min/bins)/(np.sqrt(2)*np.log(10)*sigma))
/oak/stanford/orgs/kipac/users/mahlet/quaia_bias/scripts/sample.py:168: RuntimeWarning: invalid value encountered in power
  n_m = fduty*((bins_m-M0)/M1)**alpha
/oak/stanford/orgs/kipac/users/mahlet/quaia_bias/scripts/sample.py:148: RuntimeWarning: divide by zero encountered in divide
  return fduty/2*special.erfc(np.log(10**M_min/bins)/(np.sqrt(2)*np.log(10)*sigma))
/oak/stanford/orgs/kipac/users/mahlet/quaia_bias/scripts/sample.py:168: RuntimeWarning: invalid value encountered in power
  n_m = fduty*((bins_m-M0)/M1)**alpha
1844it [02:15,  5.87it/s, bound: 1 | nc: 1 | ncall: 18819 | eff(%):  9.799 | loglstar:   -inf < 59.364 <    inf | logz: 53.525 +/-  0.100 | dlogz:  7.491 >  0.010] 1886it [02:16,  7.90it/s, bound: 1 | nc: 1 | ncall: 18900 | eff(%):  9.979 | loglstar:   -inf < 60.024 <    inf | logz: 54.223 +/-  0.099 | dlogz:  6.707 >  0.010]1932it [02:17, 10.41it/s, bound: 1 | nc: 2 | ncall: 18995 | eff(%): 10.171 | loglstar:   -inf < 60.570 <    inf | logz: 54.871 +/-  0.098 | dlogz:  5.966 >  0.010]1976it [02:18, 13.00it/s, bound: 1 | nc: 7 | ncall: 19131 | eff(%): 10.329 | loglstar:   -inf < 61.213 <    inf | logz: 55.450 +/-  0.098 | dlogz:  5.302 >  0.010]2021it [02:19, 16.90it/s, bound: 1 | nc: 8 | ncall: 19267 | eff(%): 10.489 | loglstar:   -inf < 61.672 <    inf | logz: 55.972 +/-  0.098 | dlogz:  4.693 >  0.010]/oak/stanford/orgs/kipac/users/mahlet/quaia_bias/scripts/sample.py:148: RuntimeWarning: divide by zero encountered in divide
  return fduty/2*special.erfc(np.log(10**M_min/bins)/(np.sqrt(2)*np.log(10)*sigma))
/oak/stanford/orgs/kipac/users/mahlet/quaia_bias/scripts/sample.py:148: RuntimeWarning: divide by zero encountered in divide
  return fduty/2*special.erfc(np.log(10**M_min/bins)/(np.sqrt(2)*np.log(10)*sigma))
/oak/stanford/orgs/kipac/users/mahlet/quaia_bias/scripts/sample.py:168: RuntimeWarning: invalid value encountered in power
  n_m = fduty*((bins_m-M0)/M1)**alpha
/oak/stanford/orgs/kipac/users/mahlet/quaia_bias/scripts/sample.py:168: RuntimeWarning: invalid value encountered in power
  n_m = fduty*((bins_m-M0)/M1)**alpha
/oak/stanford/orgs/kipac/users/mahlet/quaia_bias/scripts/sample.py:148: RuntimeWarning: divide by zero encountered in divide
  return fduty/2*special.erfc(np.log(10**M_min/bins)/(np.sqrt(2)*np.log(10)*sigma))
/oak/stanford/orgs/kipac/users/mahlet/quaia_bias/scripts/sample.py:148: RuntimeWarning: divide by zero encountered in divide
  return fduty/2*special.erfc(np.log(10**M_min/bins)/(np.sqrt(2)*np.log(10)*sigma))
/oak/stanford/orgs/kipac/users/mahlet/quaia_bias/scripts/sample.py:148: RuntimeWarning: divide by zero encountered in divide
  return fduty/2*special.erfc(np.log(10**M_min/bins)/(np.sqrt(2)*np.log(10)*sigma))
/oak/stanford/orgs/kipac/users/mahlet/quaia_bias/scripts/sample.py:168: RuntimeWarning: invalid value encountered in power
  n_m = fduty*((bins_m-M0)/M1)**alpha
/oak/stanford/orgs/kipac/users/mahlet/quaia_bias/scripts/sample.py:168: RuntimeWarning: invalid value encountered in power
  n_m = fduty*((bins_m-M0)/M1)**alpha
/oak/stanford/orgs/kipac/users/mahlet/quaia_bias/scripts/sample.py:168: RuntimeWarning: invalid value encountered in power
  n_m = fduty*((bins_m-M0)/M1)**alpha
2068it [02:20, 21.28it/s, bound: 2 | nc: 5 | ncall: 19405 | eff(%): 10.657 | loglstar:   -inf < 62.005 <    inf | logz: 56.423 +/-  0.097 | dlogz:  4.152 >  0.010]2113it [02:21, 26.19it/s, bound: 2 | nc: 1 | ncall: 19495 | eff(%): 10.839 | loglstar:   -inf < 62.368 <    inf | logz: 56.796 +/-  0.097 | dlogz:  3.697 >  0.010]2159it [02:22, 32.64it/s, bound: 2 | nc: 3 | ncall: 19608 | eff(%): 11.011 | loglstar:   -inf < 62.699 <    inf | logz: 57.134 +/-  0.096 | dlogz:  3.280 >  0.010]2204it [02:23, 36.12it/s, bound: 2 | nc: 4 | ncall: 19717 | eff(%): 11.178 | loglstar:   -inf < 63.032 <    inf | logz: 57.437 +/-  0.096 | dlogz:  2.905 >  0.010]2249it [02:23, 41.62it/s, bound: 2 | nc: 3 | ncall: 19847 | eff(%): 11.332 | loglstar:   -inf < 63.270 <    inf | logz: 57.717 +/-  0.096 | dlogz:  2.558 >  0.010]/oak/stanford/orgs/kipac/users/mahlet/quaia_bias/scripts/sample.py:148: RuntimeWarning: divide by zero encountered in divide
  return fduty/2*special.erfc(np.log(10**M_min/bins)/(np.sqrt(2)*np.log(10)*sigma))
/oak/stanford/orgs/kipac/users/mahlet/quaia_bias/scripts/sample.py:148: RuntimeWarning: divide by zero encountered in divide
  return fduty/2*special.erfc(np.log(10**M_min/bins)/(np.sqrt(2)*np.log(10)*sigma))
/oak/stanford/orgs/kipac/users/mahlet/quaia_bias/scripts/sample.py:148: RuntimeWarning: divide by zero encountered in divide
  return fduty/2*special.erfc(np.log(10**M_min/bins)/(np.sqrt(2)*np.log(10)*sigma))
/oak/stanford/orgs/kipac/users/mahlet/quaia_bias/scripts/sample.py:168: RuntimeWarning: invalid value encountered in power
  n_m = fduty*((bins_m-M0)/M1)**alpha
/oak/stanford/orgs/kipac/users/mahlet/quaia_bias/scripts/sample.py:168: RuntimeWarning: invalid value encountered in power
  n_m = fduty*((bins_m-M0)/M1)**alpha
/oak/stanford/orgs/kipac/users/mahlet/quaia_bias/scripts/sample.py:168: RuntimeWarning: invalid value encountered in power
  n_m = fduty*((bins_m-M0)/M1)**alpha
/oak/stanford/orgs/kipac/users/mahlet/quaia_bias/scripts/sample.py:148: RuntimeWarning: divide by zero encountered in divide
  return fduty/2*special.erfc(np.log(10**M_min/bins)/(np.sqrt(2)*np.log(10)*sigma))
/oak/stanford/orgs/kipac/users/mahlet/quaia_bias/scripts/sample.py:148: RuntimeWarning: divide by zero encountered in divide
  return fduty/2*special.erfc(np.log(10**M_min/bins)/(np.sqrt(2)*np.log(10)*sigma))
/oak/stanford/orgs/kipac/users/mahlet/quaia_bias/scripts/sample.py:168: RuntimeWarning: invalid value encountered in power
  n_m = fduty*((bins_m-M0)/M1)**alpha
/oak/stanford/orgs/kipac/users/mahlet/quaia_bias/scripts/sample.py:168: RuntimeWarning: invalid value encountered in power
  n_m = fduty*((bins_m-M0)/M1)**alpha
2295it [02:24, 43.85it/s, bound: 3 | nc: 1 | ncall: 19977 | eff(%): 11.488 | loglstar:   -inf < 63.452 <    inf | logz: 57.965 +/-  0.096 | dlogz:  2.248 >  0.010]2341it [02:25, 43.14it/s, bound: 3 | nc: 6 | ncall: 20111 | eff(%): 11.640 | loglstar:   -inf < 63.604 <    inf | logz: 58.174 +/-  0.096 | dlogz:  1.983 >  0.010]2386it [02:26, 40.94it/s, bound: 3 | nc: 1 | ncall: 20260 | eff(%): 11.777 | loglstar:   -inf < 63.779 <    inf | logz: 58.358 +/-  0.095 | dlogz:  1.751 >  0.010]2430it [02:27, 45.24it/s, bound: 3 | nc: 2 | ncall: 20402 | eff(%): 11.911 | loglstar:   -inf < 63.914 <    inf | logz: 58.518 +/-  0.095 | dlogz:  1.551 >  0.010]/oak/stanford/orgs/kipac/users/mahlet/quaia_bias/scripts/sample.py:148: RuntimeWarning: divide by zero encountered in divide
  return fduty/2*special.erfc(np.log(10**M_min/bins)/(np.sqrt(2)*np.log(10)*sigma))
/oak/stanford/orgs/kipac/users/mahlet/quaia_bias/scripts/sample.py:168: RuntimeWarning: invalid value encountered in power
  n_m = fduty*((bins_m-M0)/M1)**alpha
/oak/stanford/orgs/kipac/users/mahlet/quaia_bias/scripts/sample.py:148: RuntimeWarning: divide by zero encountered in divide
  return fduty/2*special.erfc(np.log(10**M_min/bins)/(np.sqrt(2)*np.log(10)*sigma))
/oak/stanford/orgs/kipac/users/mahlet/quaia_bias/scripts/sample.py:148: RuntimeWarning: divide by zero encountered in divide
  return fduty/2*special.erfc(np.log(10**M_min/bins)/(np.sqrt(2)*np.log(10)*sigma))
/oak/stanford/orgs/kipac/users/mahlet/quaia_bias/scripts/sample.py:148: RuntimeWarning: divide by zero encountered in divide
  return fduty/2*special.erfc(np.log(10**M_min/bins)/(np.sqrt(2)*np.log(10)*sigma))
/oak/stanford/orgs/kipac/users/mahlet/quaia_bias/scripts/sample.py:168: RuntimeWarning: invalid value encountered in power
  n_m = fduty*((bins_m-M0)/M1)**alpha
/oak/stanford/orgs/kipac/users/mahlet/quaia_bias/scripts/sample.py:148: RuntimeWarning: divide by zero encountered in divide
  return fduty/2*special.erfc(np.log(10**M_min/bins)/(np.sqrt(2)*np.log(10)*sigma))
/oak/stanford/orgs/kipac/users/mahlet/quaia_bias/scripts/sample.py:168: RuntimeWarning: invalid value encountered in power
  n_m = fduty*((bins_m-M0)/M1)**alpha
/oak/stanford/orgs/kipac/users/mahlet/quaia_bias/scripts/sample.py:168: RuntimeWarning: invalid value encountered in power
  n_m = fduty*((bins_m-M0)/M1)**alpha
/oak/stanford/orgs/kipac/users/mahlet/quaia_bias/scripts/sample.py:168: RuntimeWarning: invalid value encountered in power
  n_m = fduty*((bins_m-M0)/M1)**alpha
2475it [02:28, 43.04it/s, bound: 4 | nc: 6 | ncall: 20534 | eff(%): 12.053 | loglstar:   -inf < 64.027 <    inf | logz: 58.662 +/-  0.095 | dlogz:  1.374 >  0.010]2520it [02:30, 40.45it/s, bound: 4 | nc: 1 | ncall: 20711 | eff(%): 12.167 | loglstar:   -inf < 64.087 <    inf | logz: 58.788 +/-  0.095 | dlogz:  1.216 >  0.010]2566it [02:31, 36.41it/s, bound: 4 | nc: 3 | ncall: 20876 | eff(%): 12.292 | loglstar:   -inf < 64.155 <    inf | logz: 58.901 +/-  0.094 | dlogz:  1.077 >  0.010]/oak/stanford/orgs/kipac/users/mahlet/quaia_bias/scripts/sample.py:148: RuntimeWarning: divide by zero encountered in divide
  return fduty/2*special.erfc(np.log(10**M_min/bins)/(np.sqrt(2)*np.log(10)*sigma))
/oak/stanford/orgs/kipac/users/mahlet/quaia_bias/scripts/sample.py:148: RuntimeWarning: divide by zero encountered in divide
  return fduty/2*special.erfc(np.log(10**M_min/bins)/(np.sqrt(2)*np.log(10)*sigma))
/oak/stanford/orgs/kipac/users/mahlet/quaia_bias/scripts/sample.py:168: RuntimeWarning: invalid value encountered in power
  n_m = fduty*((bins_m-M0)/M1)**alpha
/oak/stanford/orgs/kipac/users/mahlet/quaia_bias/scripts/sample.py:168: RuntimeWarning: invalid value encountered in power
  n_m = fduty*((bins_m-M0)/M1)**alpha
/oak/stanford/orgs/kipac/users/mahlet/quaia_bias/scripts/sample.py:148: RuntimeWarning: divide by zero encountered in divide
  return fduty/2*special.erfc(np.log(10**M_min/bins)/(np.sqrt(2)*np.log(10)*sigma))
/oak/stanford/orgs/kipac/users/mahlet/quaia_bias/scripts/sample.py:148: RuntimeWarning: divide by zero encountered in divide
  return fduty/2*special.erfc(np.log(10**M_min/bins)/(np.sqrt(2)*np.log(10)*sigma))
/oak/stanford/orgs/kipac/users/mahlet/quaia_bias/scripts/sample.py:168: RuntimeWarning: invalid value encountered in power
  n_m = fduty*((bins_m-M0)/M1)**alpha
/oak/stanford/orgs/kipac/users/mahlet/quaia_bias/scripts/sample.py:148: RuntimeWarning: divide by zero encountered in divide
  return fduty/2*special.erfc(np.log(10**M_min/bins)/(np.sqrt(2)*np.log(10)*sigma))
/oak/stanford/orgs/kipac/users/mahlet/quaia_bias/scripts/sample.py:168: RuntimeWarning: invalid value encountered in power
  n_m = fduty*((bins_m-M0)/M1)**alpha
/oak/stanford/orgs/kipac/users/mahlet/quaia_bias/scripts/sample.py:168: RuntimeWarning: invalid value encountered in power
  n_m = fduty*((bins_m-M0)/M1)**alpha
2614it [02:32, 43.60it/s, bound: 5 | nc: 1 | ncall: 21120 | eff(%): 12.377 | loglstar:   -inf < 64.193 <    inf | logz: 59.001 +/-  0.094 | dlogz:  0.951 >  0.010]2661it [02:32, 53.23it/s, bound: 5 | nc: 1 | ncall: 21217 | eff(%): 12.542 | loglstar:   -inf < 64.237 <    inf | logz: 59.087 +/-  0.094 | dlogz:  0.845 >  0.010]2705it [02:33, 59.58it/s, bound: 5 | nc: 1 | ncall: 21292 | eff(%): 12.704 | loglstar:   -inf < 64.273 <    inf | logz: 59.157 +/-  0.094 | dlogz:  0.758 >  0.010]2752it [02:33, 66.62it/s, bound: 5 | nc: 1 | ncall: 21379 | eff(%): 12.872 | loglstar:   -inf < 64.304 <    inf | logz: 59.223 +/-  0.094 | dlogz:  0.676 >  0.010]2799it [02:34, 57.78it/s, bound: 5 | nc: 5 | ncall: 21488 | eff(%): 13.026 | loglstar:   -inf < 64.333 <    inf | logz: 59.281 +/-  0.093 | dlogz:  0.604 >  0.010]/oak/stanford/orgs/kipac/users/mahlet/quaia_bias/scripts/sample.py:148: RuntimeWarning: divide by zero encountered in divide
  return fduty/2*special.erfc(np.log(10**M_min/bins)/(np.sqrt(2)*np.log(10)*sigma))
/oak/stanford/orgs/kipac/users/mahlet/quaia_bias/scripts/sample.py:148: RuntimeWarning: divide by zero encountered in divide
  return fduty/2*special.erfc(np.log(10**M_min/bins)/(np.sqrt(2)*np.log(10)*sigma))
/oak/stanford/orgs/kipac/users/mahlet/quaia_bias/scripts/sample.py:148: RuntimeWarning: divide by zero encountered in divide
  return fduty/2*special.erfc(np.log(10**M_min/bins)/(np.sqrt(2)*np.log(10)*sigma))
/oak/stanford/orgs/kipac/users/mahlet/quaia_bias/scripts/sample.py:148: RuntimeWarning: divide by zero encountered in divide
  return fduty/2*special.erfc(np.log(10**M_min/bins)/(np.sqrt(2)*np.log(10)*sigma))
/oak/stanford/orgs/kipac/users/mahlet/quaia_bias/scripts/sample.py:168: RuntimeWarning: invalid value encountered in power
  n_m = fduty*((bins_m-M0)/M1)**alpha
/oak/stanford/orgs/kipac/users/mahlet/quaia_bias/scripts/sample.py:168: RuntimeWarning: invalid value encountered in power
  n_m = fduty*((bins_m-M0)/M1)**alpha
/oak/stanford/orgs/kipac/users/mahlet/quaia_bias/scripts/sample.py:168: RuntimeWarning: invalid value encountered in power
  n_m = fduty*((bins_m-M0)/M1)**alpha
/oak/stanford/orgs/kipac/users/mahlet/quaia_bias/scripts/sample.py:168: RuntimeWarning: invalid value encountered in power
  n_m = fduty*((bins_m-M0)/M1)**alpha
/oak/stanford/orgs/kipac/users/mahlet/quaia_bias/scripts/sample.py:148: RuntimeWarning: divide by zero encountered in divide
  return fduty/2*special.erfc(np.log(10**M_min/bins)/(np.sqrt(2)*np.log(10)*sigma))
/oak/stanford/orgs/kipac/users/mahlet/quaia_bias/scripts/sample.py:168: RuntimeWarning: invalid value encountered in power
  n_m = fduty*((bins_m-M0)/M1)**alpha
2844it [02:35, 62.14it/s, bound: 6 | nc: 2 | ncall: 21647 | eff(%): 13.138 | loglstar:   -inf < 64.357 <    inf | logz: 59.330 +/-  0.093 | dlogz:  0.543 >  0.010]2892it [02:36, 60.39it/s, bound: 6 | nc: 2 | ncall: 21747 | eff(%): 13.298 | loglstar:   -inf < 64.377 <    inf | logz: 59.377 +/-  0.093 | dlogz:  0.486 >  0.010]2936it [02:36, 63.71it/s, bound: 6 | nc: 1 | ncall: 21869 | eff(%): 13.425 | loglstar:   -inf < 64.393 <    inf | logz: 59.416 +/-  0.093 | dlogz:  0.439 >  0.010]2981it [02:37, 56.25it/s, bound: 6 | nc: 6 | ncall: 21991 | eff(%): 13.556 | loglstar:   -inf < 64.411 <    inf | logz: 59.451 +/-  0.093 | dlogz:  0.396 >  0.010]/oak/stanford/orgs/kipac/users/mahlet/quaia_bias/scripts/sample.py:148: RuntimeWarning: divide by zero encountered in divide
  return fduty/2*special.erfc(np.log(10**M_min/bins)/(np.sqrt(2)*np.log(10)*sigma))
/oak/stanford/orgs/kipac/users/mahlet/quaia_bias/scripts/sample.py:148: RuntimeWarning: divide by zero encountered in divide
  return fduty/2*special.erfc(np.log(10**M_min/bins)/(np.sqrt(2)*np.log(10)*sigma))
/oak/stanford/orgs/kipac/users/mahlet/quaia_bias/scripts/sample.py:148: RuntimeWarning: divide by zero encountered in divide
  return fduty/2*special.erfc(np.log(10**M_min/bins)/(np.sqrt(2)*np.log(10)*sigma))
/oak/stanford/orgs/kipac/users/mahlet/quaia_bias/scripts/sample.py:148: RuntimeWarning: divide by zero encountered in divide
  return fduty/2*special.erfc(np.log(10**M_min/bins)/(np.sqrt(2)*np.log(10)*sigma))
/oak/stanford/orgs/kipac/users/mahlet/quaia_bias/scripts/sample.py:168: RuntimeWarning: invalid value encountered in power
  n_m = fduty*((bins_m-M0)/M1)**alpha
/oak/stanford/orgs/kipac/users/mahlet/quaia_bias/scripts/sample.py:168: RuntimeWarning: invalid value encountered in power
  n_m = fduty*((bins_m-M0)/M1)**alpha
/oak/stanford/orgs/kipac/users/mahlet/quaia_bias/scripts/sample.py:168: RuntimeWarning: invalid value encountered in power
  n_m = fduty*((bins_m-M0)/M1)**alpha
/oak/stanford/orgs/kipac/users/mahlet/quaia_bias/scripts/sample.py:148: RuntimeWarning: divide by zero encountered in divide
  return fduty/2*special.erfc(np.log(10**M_min/bins)/(np.sqrt(2)*np.log(10)*sigma))
/oak/stanford/orgs/kipac/users/mahlet/quaia_bias/scripts/sample.py:168: RuntimeWarning: invalid value encountered in power
  n_m = fduty*((bins_m-M0)/M1)**alpha
/oak/stanford/orgs/kipac/users/mahlet/quaia_bias/scripts/sample.py:168: RuntimeWarning: invalid value encountered in power
  n_m = fduty*((bins_m-M0)/M1)**alpha
3028it [02:38, 60.88it/s, bound: 7 | nc: 3 | ncall: 22156 | eff(%): 13.667 | loglstar:   -inf < 64.423 <    inf | logz: 59.483 +/-  0.093 | dlogz:  0.357 >  0.010]3074it [02:39, 62.45it/s, bound: 7 | nc: 1 | ncall: 22260 | eff(%): 13.810 | loglstar:   -inf < 64.440 <    inf | logz: 59.512 +/-  0.093 | dlogz:  0.322 >  0.010]3118it [02:40, 58.47it/s, bound: 7 | nc: 1 | ncall: 22366 | eff(%): 13.941 | loglstar:   -inf < 64.461 <    inf | logz: 59.537 +/-  0.092 | dlogz:  0.292 >  0.010]3165it [02:40, 56.41it/s, bound: 7 | nc: 3 | ncall: 22493 | eff(%): 14.071 | loglstar:   -inf < 64.471 <    inf | logz: 59.561 +/-  0.092 | dlogz:  0.264 >  0.010]3211it [02:42, 47.94it/s, bound: 7 | nc: 5 | ncall: 22637 | eff(%): 14.185 | loglstar:   -inf < 64.480 <    inf | logz: 59.582 +/-  0.092 | dlogz:  0.238 >  0.010]/oak/stanford/orgs/kipac/users/mahlet/quaia_bias/scripts/sample.py:148: RuntimeWarning: divide by zero encountered in divide
  return fduty/2*special.erfc(np.log(10**M_min/bins)/(np.sqrt(2)*np.log(10)*sigma))
/oak/stanford/orgs/kipac/users/mahlet/quaia_bias/scripts/sample.py:148: RuntimeWarning: divide by zero encountered in divide
  return fduty/2*special.erfc(np.log(10**M_min/bins)/(np.sqrt(2)*np.log(10)*sigma))
/oak/stanford/orgs/kipac/users/mahlet/quaia_bias/scripts/sample.py:168: RuntimeWarning: invalid value encountered in power
  n_m = fduty*((bins_m-M0)/M1)**alpha
/oak/stanford/orgs/kipac/users/mahlet/quaia_bias/scripts/sample.py:148: RuntimeWarning: divide by zero encountered in divide
  return fduty/2*special.erfc(np.log(10**M_min/bins)/(np.sqrt(2)*np.log(10)*sigma))
/oak/stanford/orgs/kipac/users/mahlet/quaia_bias/scripts/sample.py:168: RuntimeWarning: invalid value encountered in power
  n_m = fduty*((bins_m-M0)/M1)**alpha
/oak/stanford/orgs/kipac/users/mahlet/quaia_bias/scripts/sample.py:168: RuntimeWarning: invalid value encountered in power
  n_m = fduty*((bins_m-M0)/M1)**alpha
/oak/stanford/orgs/kipac/users/mahlet/quaia_bias/scripts/sample.py:148: RuntimeWarning: divide by zero encountered in divide
  return fduty/2*special.erfc(np.log(10**M_min/bins)/(np.sqrt(2)*np.log(10)*sigma))
/oak/stanford/orgs/kipac/users/mahlet/quaia_bias/scripts/sample.py:148: RuntimeWarning: divide by zero encountered in divide
  return fduty/2*special.erfc(np.log(10**M_min/bins)/(np.sqrt(2)*np.log(10)*sigma))
/oak/stanford/orgs/kipac/users/mahlet/quaia_bias/scripts/sample.py:168: RuntimeWarning: invalid value encountered in power
  n_m = fduty*((bins_m-M0)/M1)**alpha
/oak/stanford/orgs/kipac/users/mahlet/quaia_bias/scripts/sample.py:168: RuntimeWarning: invalid value encountered in power
  n_m = fduty*((bins_m-M0)/M1)**alpha
3256it [02:42, 56.43it/s, bound: 8 | nc: 1 | ncall: 22794 | eff(%): 14.284 | loglstar:   -inf < 64.487 <    inf | logz: 59.601 +/-  0.092 | dlogz:  0.216 >  0.010]3302it [02:43, 63.35it/s, bound: 8 | nc: 2 | ncall: 22864 | eff(%): 14.442 | loglstar:   -inf < 64.495 <    inf | logz: 59.618 +/-  0.092 | dlogz:  0.196 >  0.010]3347it [02:43, 66.22it/s, bound: 8 | nc: 1 | ncall: 22950 | eff(%): 14.584 | loglstar:   -inf < 64.501 <    inf | logz: 59.634 +/-  0.092 | dlogz:  0.178 >  0.010]3395it [02:44, 69.87it/s, bound: 8 | nc: 3 | ncall: 23041 | eff(%): 14.735 | loglstar:   -inf < 64.506 <    inf | logz: 59.648 +/-  0.092 | dlogz:  0.161 >  0.010]3443it [02:45, 71.96it/s, bound: 8 | nc: 1 | ncall: 23129 | eff(%): 14.886 | loglstar:   -inf < 64.512 <    inf | logz: 59.662 +/-  0.092 | dlogz:  0.145 >  0.010]3487it [02:46, 62.27it/s, bound: 8 | nc: 1 | ncall: 23242 | eff(%): 15.003 | loglstar:   -inf < 64.519 <    inf | logz: 59.673 +/-  0.092 | dlogz:  0.132 >  0.010]/oak/stanford/orgs/kipac/users/mahlet/quaia_bias/scripts/sample.py:148: RuntimeWarning: divide by zero encountered in divide
  return fduty/2*special.erfc(np.log(10**M_min/bins)/(np.sqrt(2)*np.log(10)*sigma))
/oak/stanford/orgs/kipac/users/mahlet/quaia_bias/scripts/sample.py:148: RuntimeWarning: divide by zero encountered in divide
  return fduty/2*special.erfc(np.log(10**M_min/bins)/(np.sqrt(2)*np.log(10)*sigma))
/oak/stanford/orgs/kipac/users/mahlet/quaia_bias/scripts/sample.py:148: RuntimeWarning: divide by zero encountered in divide
  return fduty/2*special.erfc(np.log(10**M_min/bins)/(np.sqrt(2)*np.log(10)*sigma))
/oak/stanford/orgs/kipac/users/mahlet/quaia_bias/scripts/sample.py:168: RuntimeWarning: invalid value encountered in power
  n_m = fduty*((bins_m-M0)/M1)**alpha
/oak/stanford/orgs/kipac/users/mahlet/quaia_bias/scripts/sample.py:168: RuntimeWarning: invalid value encountered in power
  n_m = fduty*((bins_m-M0)/M1)**alpha
/oak/stanford/orgs/kipac/users/mahlet/quaia_bias/scripts/sample.py:168: RuntimeWarning: invalid value encountered in power
  n_m = fduty*((bins_m-M0)/M1)**alpha
/oak/stanford/orgs/kipac/users/mahlet/quaia_bias/scripts/sample.py:148: RuntimeWarning: divide by zero encountered in divide
  return fduty/2*special.erfc(np.log(10**M_min/bins)/(np.sqrt(2)*np.log(10)*sigma))
/oak/stanford/orgs/kipac/users/mahlet/quaia_bias/scripts/sample.py:148: RuntimeWarning: divide by zero encountered in divide
  return fduty/2*special.erfc(np.log(10**M_min/bins)/(np.sqrt(2)*np.log(10)*sigma))
/oak/stanford/orgs/kipac/users/mahlet/quaia_bias/scripts/sample.py:168: RuntimeWarning: invalid value encountered in power
  n_m = fduty*((bins_m-M0)/M1)**alpha
/oak/stanford/orgs/kipac/users/mahlet/quaia_bias/scripts/sample.py:168: RuntimeWarning: invalid value encountered in power
  n_m = fduty*((bins_m-M0)/M1)**alpha
3534it [02:46, 66.49it/s, bound: 9 | nc: 4 | ncall: 23370 | eff(%): 15.122 | loglstar:   -inf < 64.527 <    inf | logz: 59.684 +/-  0.092 | dlogz:  0.120 >  0.010]3579it [02:47, 60.33it/s, bound: 9 | nc: 2 | ncall: 23474 | eff(%): 15.247 | loglstar:   -inf < 64.533 <    inf | logz: 59.693 +/-  0.092 | dlogz:  0.109 >  0.010]3626it [02:48, 52.98it/s, bound: 9 | nc: 5 | ncall: 23630 | eff(%): 15.345 | loglstar:   -inf < 64.541 <    inf | logz: 59.702 +/-  0.092 | dlogz:  0.099 >  0.010]3672it [02:50, 38.16it/s, bound: 9 | nc: 1 | ncall: 23789 | eff(%): 15.436 | loglstar:   -inf < 64.553 <    inf | logz: 59.710 +/-  0.092 | dlogz:  0.090 >  0.010]/oak/stanford/orgs/kipac/users/mahlet/quaia_bias/scripts/sample.py:148: RuntimeWarning: divide by zero encountered in divide
  return fduty/2*special.erfc(np.log(10**M_min/bins)/(np.sqrt(2)*np.log(10)*sigma))
/oak/stanford/orgs/kipac/users/mahlet/quaia_bias/scripts/sample.py:168: RuntimeWarning: invalid value encountered in power
  n_m = fduty*((bins_m-M0)/M1)**alpha
/oak/stanford/orgs/kipac/users/mahlet/quaia_bias/scripts/sample.py:148: RuntimeWarning: divide by zero encountered in divide
  return fduty/2*special.erfc(np.log(10**M_min/bins)/(np.sqrt(2)*np.log(10)*sigma))
/oak/stanford/orgs/kipac/users/mahlet/quaia_bias/scripts/sample.py:148: RuntimeWarning: divide by zero encountered in divide
  return fduty/2*special.erfc(np.log(10**M_min/bins)/(np.sqrt(2)*np.log(10)*sigma))
/oak/stanford/orgs/kipac/users/mahlet/quaia_bias/scripts/sample.py:148: RuntimeWarning: divide by zero encountered in divide
  return fduty/2*special.erfc(np.log(10**M_min/bins)/(np.sqrt(2)*np.log(10)*sigma))
/oak/stanford/orgs/kipac/users/mahlet/quaia_bias/scripts/sample.py:168: RuntimeWarning: invalid value encountered in power
  n_m = fduty*((bins_m-M0)/M1)**alpha
/oak/stanford/orgs/kipac/users/mahlet/quaia_bias/scripts/sample.py:148: RuntimeWarning: divide by zero encountered in divide
  return fduty/2*special.erfc(np.log(10**M_min/bins)/(np.sqrt(2)*np.log(10)*sigma))
/oak/stanford/orgs/kipac/users/mahlet/quaia_bias/scripts/sample.py:168: RuntimeWarning: invalid value encountered in power
  n_m = fduty*((bins_m-M0)/M1)**alpha
/oak/stanford/orgs/kipac/users/mahlet/quaia_bias/scripts/sample.py:168: RuntimeWarning: invalid value encountered in power
  n_m = fduty*((bins_m-M0)/M1)**alpha
/oak/stanford/orgs/kipac/users/mahlet/quaia_bias/scripts/sample.py:168: RuntimeWarning: invalid value encountered in power
  n_m = fduty*((bins_m-M0)/M1)**alpha
3714it [02:51, 45.03it/s, bound: 10 | nc: 3 | ncall: 23982 | eff(%): 15.487 | loglstar:   -inf < 64.564 <    inf | logz: 59.716 +/-  0.092 | dlogz:  0.083 >  0.010]3760it [02:51, 51.32it/s, bound: 10 | nc: 1 | ncall: 24061 | eff(%): 15.627 | loglstar:   -inf < 64.575 <    inf | logz: 59.723 +/-  0.092 | dlogz:  0.075 >  0.010]3804it [02:52, 56.24it/s, bound: 10 | nc: 4 | ncall: 24157 | eff(%): 15.747 | loglstar:   -inf < 64.584 <    inf | logz: 59.729 +/-  0.092 | dlogz:  0.069 >  0.010]3849it [02:53, 60.51it/s, bound: 10 | nc: 1 | ncall: 24258 | eff(%): 15.867 | loglstar:   -inf < 64.589 <    inf | logz: 59.735 +/-  0.092 | dlogz:  0.063 >  0.010]3896it [02:53, 62.38it/s, bound: 10 | nc: 2 | ncall: 24369 | eff(%): 15.988 | loglstar:   -inf < 64.595 <    inf | logz: 59.740 +/-  0.092 | dlogz:  0.057 >  0.010]/oak/stanford/orgs/kipac/users/mahlet/quaia_bias/scripts/sample.py:148: RuntimeWarning: divide by zero encountered in divide
  return fduty/2*special.erfc(np.log(10**M_min/bins)/(np.sqrt(2)*np.log(10)*sigma))
/oak/stanford/orgs/kipac/users/mahlet/quaia_bias/scripts/sample.py:168: RuntimeWarning: invalid value encountered in power
  n_m = fduty*((bins_m-M0)/M1)**alpha
/oak/stanford/orgs/kipac/users/mahlet/quaia_bias/scripts/sample.py:148: RuntimeWarning: divide by zero encountered in divide
  return fduty/2*special.erfc(np.log(10**M_min/bins)/(np.sqrt(2)*np.log(10)*sigma))
/oak/stanford/orgs/kipac/users/mahlet/quaia_bias/scripts/sample.py:148: RuntimeWarning: divide by zero encountered in divide
  return fduty/2*special.erfc(np.log(10**M_min/bins)/(np.sqrt(2)*np.log(10)*sigma))
/oak/stanford/orgs/kipac/users/mahlet/quaia_bias/scripts/sample.py:168: RuntimeWarning: invalid value encountered in power
  n_m = fduty*((bins_m-M0)/M1)**alpha
/oak/stanford/orgs/kipac/users/mahlet/quaia_bias/scripts/sample.py:168: RuntimeWarning: invalid value encountered in power
  n_m = fduty*((bins_m-M0)/M1)**alpha
/oak/stanford/orgs/kipac/users/mahlet/quaia_bias/scripts/sample.py:148: RuntimeWarning: divide by zero encountered in divide
  return fduty/2*special.erfc(np.log(10**M_min/bins)/(np.sqrt(2)*np.log(10)*sigma))
/oak/stanford/orgs/kipac/users/mahlet/quaia_bias/scripts/sample.py:148: RuntimeWarning: divide by zero encountered in divide
  return fduty/2*special.erfc(np.log(10**M_min/bins)/(np.sqrt(2)*np.log(10)*sigma))
/oak/stanford/orgs/kipac/users/mahlet/quaia_bias/scripts/sample.py:168: RuntimeWarning: invalid value encountered in power
  n_m = fduty*((bins_m-M0)/M1)**alpha
/oak/stanford/orgs/kipac/users/mahlet/quaia_bias/scripts/sample.py:168: RuntimeWarning: invalid value encountered in power
  n_m = fduty*((bins_m-M0)/M1)**alpha
3940it [02:54, 52.56it/s, bound: 11 | nc: 4 | ncall: 24498 | eff(%): 16.083 | loglstar:   -inf < 64.600 <    inf | logz: 59.744 +/-  0.092 | dlogz:  0.052 >  0.010]3987it [02:55, 48.85it/s, bound: 11 | nc: 3 | ncall: 24652 | eff(%): 16.173 | loglstar:   -inf < 64.605 <    inf | logz: 59.749 +/-  0.092 | dlogz:  0.047 >  0.010]4032it [02:57, 45.09it/s, bound: 11 | nc: 5 | ncall: 24801 | eff(%): 16.257 | loglstar:   -inf < 64.609 <    inf | logz: 59.753 +/-  0.092 | dlogz:  0.043 >  0.010]4078it [02:58, 44.60it/s, bound: 11 | nc: 5 | ncall: 24972 | eff(%): 16.330 | loglstar:   -inf < 64.613 <    inf | logz: 59.756 +/-  0.092 | dlogz:  0.039 >  0.010]/oak/stanford/orgs/kipac/users/mahlet/quaia_bias/scripts/sample.py:148: RuntimeWarning: divide by zero encountered in divide
  return fduty/2*special.erfc(np.log(10**M_min/bins)/(np.sqrt(2)*np.log(10)*sigma))
/oak/stanford/orgs/kipac/users/mahlet/quaia_bias/scripts/sample.py:148: RuntimeWarning: divide by zero encountered in divide
  return fduty/2*special.erfc(np.log(10**M_min/bins)/(np.sqrt(2)*np.log(10)*sigma))
/oak/stanford/orgs/kipac/users/mahlet/quaia_bias/scripts/sample.py:168: RuntimeWarning: invalid value encountered in power
  n_m = fduty*((bins_m-M0)/M1)**alpha
/oak/stanford/orgs/kipac/users/mahlet/quaia_bias/scripts/sample.py:168: RuntimeWarning: invalid value encountered in power
  n_m = fduty*((bins_m-M0)/M1)**alpha
/oak/stanford/orgs/kipac/users/mahlet/quaia_bias/scripts/sample.py:148: RuntimeWarning: divide by zero encountered in divide
  return fduty/2*special.erfc(np.log(10**M_min/bins)/(np.sqrt(2)*np.log(10)*sigma))
/oak/stanford/orgs/kipac/users/mahlet/quaia_bias/scripts/sample.py:148: RuntimeWarning: divide by zero encountered in divide
  return fduty/2*special.erfc(np.log(10**M_min/bins)/(np.sqrt(2)*np.log(10)*sigma))
/oak/stanford/orgs/kipac/users/mahlet/quaia_bias/scripts/sample.py:168: RuntimeWarning: invalid value encountered in power
  n_m = fduty*((bins_m-M0)/M1)**alpha
/oak/stanford/orgs/kipac/users/mahlet/quaia_bias/scripts/sample.py:168: RuntimeWarning: invalid value encountered in power
  n_m = fduty*((bins_m-M0)/M1)**alpha
/oak/stanford/orgs/kipac/users/mahlet/quaia_bias/scripts/sample.py:148: RuntimeWarning: divide by zero encountered in divide
  return fduty/2*special.erfc(np.log(10**M_min/bins)/(np.sqrt(2)*np.log(10)*sigma))
/oak/stanford/orgs/kipac/users/mahlet/quaia_bias/scripts/sample.py:168: RuntimeWarning: invalid value encountered in power
  n_m = fduty*((bins_m-M0)/M1)**alpha
4123it [02:58, 50.94it/s, bound: 12 | nc: 2 | ncall: 25130 | eff(%): 16.407 | loglstar:   -inf < 64.617 <    inf | logz: 59.759 +/-  0.092 | dlogz:  0.036 >  0.010]4168it [02:59, 50.51it/s, bound: 12 | nc: 1 | ncall: 25228 | eff(%): 16.521 | loglstar:   -inf < 64.619 <    inf | logz: 59.762 +/-  0.092 | dlogz:  0.033 >  0.010]4215it [03:00, 52.70it/s, bound: 12 | nc: 2 | ncall: 25331 | eff(%): 16.640 | loglstar:   -inf < 64.622 <    inf | logz: 59.765 +/-  0.092 | dlogz:  0.030 >  0.010]4259it [03:01, 53.52it/s, bound: 12 | nc: 4 | ncall: 25443 | eff(%): 16.739 | loglstar:   -inf < 64.624 <    inf | logz: 59.767 +/-  0.092 | dlogz:  0.027 >  0.010]4304it [03:02, 52.12it/s, bound: 12 | nc: 4 | ncall: 25559 | eff(%): 16.839 | loglstar:   -inf < 64.627 <    inf | logz: 59.770 +/-  0.092 | dlogz:  0.025 >  0.010]/oak/stanford/orgs/kipac/users/mahlet/quaia_bias/scripts/sample.py:148: RuntimeWarning: divide by zero encountered in divide
  return fduty/2*special.erfc(np.log(10**M_min/bins)/(np.sqrt(2)*np.log(10)*sigma))
/oak/stanford/orgs/kipac/users/mahlet/quaia_bias/scripts/sample.py:148: RuntimeWarning: divide by zero encountered in divide
  return fduty/2*special.erfc(np.log(10**M_min/bins)/(np.sqrt(2)*np.log(10)*sigma))
/oak/stanford/orgs/kipac/users/mahlet/quaia_bias/scripts/sample.py:168: RuntimeWarning: invalid value encountered in power
  n_m = fduty*((bins_m-M0)/M1)**alpha
/oak/stanford/orgs/kipac/users/mahlet/quaia_bias/scripts/sample.py:168: RuntimeWarning: invalid value encountered in power
  n_m = fduty*((bins_m-M0)/M1)**alpha
/oak/stanford/orgs/kipac/users/mahlet/quaia_bias/scripts/sample.py:148: RuntimeWarning: divide by zero encountered in divide
  return fduty/2*special.erfc(np.log(10**M_min/bins)/(np.sqrt(2)*np.log(10)*sigma))
/oak/stanford/orgs/kipac/users/mahlet/quaia_bias/scripts/sample.py:148: RuntimeWarning: divide by zero encountered in divide
  return fduty/2*special.erfc(np.log(10**M_min/bins)/(np.sqrt(2)*np.log(10)*sigma))
/oak/stanford/orgs/kipac/users/mahlet/quaia_bias/scripts/sample.py:168: RuntimeWarning: invalid value encountered in power
  n_m = fduty*((bins_m-M0)/M1)**alpha
/oak/stanford/orgs/kipac/users/mahlet/quaia_bias/scripts/sample.py:168: RuntimeWarning: invalid value encountered in power
  n_m = fduty*((bins_m-M0)/M1)**alpha
/oak/stanford/orgs/kipac/users/mahlet/quaia_bias/scripts/sample.py:148: RuntimeWarning: divide by zero encountered in divide
  return fduty/2*special.erfc(np.log(10**M_min/bins)/(np.sqrt(2)*np.log(10)*sigma))
/oak/stanford/orgs/kipac/users/mahlet/quaia_bias/scripts/sample.py:168: RuntimeWarning: invalid value encountered in power
  n_m = fduty*((bins_m-M0)/M1)**alpha
4350it [03:03, 50.44it/s, bound: 13 | nc: 2 | ncall: 25691 | eff(%): 16.932 | loglstar:   -inf < 64.630 <    inf | logz: 59.772 +/-  0.092 | dlogz:  0.023 >  0.010]4397it [03:04, 46.16it/s, bound: 13 | nc: 1 | ncall: 25817 | eff(%): 17.031 | loglstar:   -inf < 64.631 <    inf | logz: 59.774 +/-  0.092 | dlogz:  0.021 >  0.010]4442it [03:05, 49.76it/s, bound: 13 | nc: 2 | ncall: 25936 | eff(%): 17.127 | loglstar:   -inf < 64.634 <    inf | logz: 59.775 +/-  0.092 | dlogz:  0.019 >  0.010]4489it [03:06, 43.41it/s, bound: 13 | nc: 3 | ncall: 26056 | eff(%): 17.228 | loglstar:   -inf < 64.636 <    inf | logz: 59.777 +/-  0.091 | dlogz:  0.017 >  0.010]/oak/stanford/orgs/kipac/users/mahlet/quaia_bias/scripts/sample.py:148: RuntimeWarning: divide by zero encountered in divide
  return fduty/2*special.erfc(np.log(10**M_min/bins)/(np.sqrt(2)*np.log(10)*sigma))
/oak/stanford/orgs/kipac/users/mahlet/quaia_bias/scripts/sample.py:168: RuntimeWarning: invalid value encountered in power
  n_m = fduty*((bins_m-M0)/M1)**alpha
/oak/stanford/orgs/kipac/users/mahlet/quaia_bias/scripts/sample.py:148: RuntimeWarning: divide by zero encountered in divide
  return fduty/2*special.erfc(np.log(10**M_min/bins)/(np.sqrt(2)*np.log(10)*sigma))
/oak/stanford/orgs/kipac/users/mahlet/quaia_bias/scripts/sample.py:148: RuntimeWarning: divide by zero encountered in divide
  return fduty/2*special.erfc(np.log(10**M_min/bins)/(np.sqrt(2)*np.log(10)*sigma))
/oak/stanford/orgs/kipac/users/mahlet/quaia_bias/scripts/sample.py:148: RuntimeWarning: divide by zero encountered in divide
  return fduty/2*special.erfc(np.log(10**M_min/bins)/(np.sqrt(2)*np.log(10)*sigma))
/oak/stanford/orgs/kipac/users/mahlet/quaia_bias/scripts/sample.py:168: RuntimeWarning: invalid value encountered in power
  n_m = fduty*((bins_m-M0)/M1)**alpha
/oak/stanford/orgs/kipac/users/mahlet/quaia_bias/scripts/sample.py:168: RuntimeWarning: invalid value encountered in power
  n_m = fduty*((bins_m-M0)/M1)**alpha
/oak/stanford/orgs/kipac/users/mahlet/quaia_bias/scripts/sample.py:168: RuntimeWarning: invalid value encountered in power
  n_m = fduty*((bins_m-M0)/M1)**alpha
/oak/stanford/orgs/kipac/users/mahlet/quaia_bias/scripts/sample.py:148: RuntimeWarning: divide by zero encountered in divide
  return fduty/2*special.erfc(np.log(10**M_min/bins)/(np.sqrt(2)*np.log(10)*sigma))
/oak/stanford/orgs/kipac/users/mahlet/quaia_bias/scripts/sample.py:168: RuntimeWarning: invalid value encountered in power
  n_m = fduty*((bins_m-M0)/M1)**alpha
4535it [03:07, 49.37it/s, bound: 14 | nc: 4 | ncall: 26230 | eff(%): 17.289 | loglstar:   -inf < 64.639 <    inf | logz: 59.778 +/-  0.091 | dlogz:  0.016 >  0.010]4578it [03:07, 52.45it/s, bound: 14 | nc: 6 | ncall: 26339 | eff(%): 17.381 | loglstar:   -inf < 64.642 <    inf | logz: 59.780 +/-  0.091 | dlogz:  0.014 >  0.010]4622it [03:08, 52.21it/s, bound: 14 | nc: 3 | ncall: 26472 | eff(%): 17.460 | loglstar:   -inf < 64.644 <    inf | logz: 59.781 +/-  0.091 | dlogz:  0.013 >  0.010]4668it [03:10, 37.93it/s, bound: 14 | nc: 5 | ncall: 26616 | eff(%): 17.538 | loglstar:   -inf < 64.647 <    inf | logz: 59.782 +/-  0.091 | dlogz:  0.012 >  0.010]/oak/stanford/orgs/kipac/users/mahlet/quaia_bias/scripts/sample.py:148: RuntimeWarning: divide by zero encountered in divide
  return fduty/2*special.erfc(np.log(10**M_min/bins)/(np.sqrt(2)*np.log(10)*sigma))
/oak/stanford/orgs/kipac/users/mahlet/quaia_bias/scripts/sample.py:168: RuntimeWarning: invalid value encountered in power
  n_m = fduty*((bins_m-M0)/M1)**alpha
/oak/stanford/orgs/kipac/users/mahlet/quaia_bias/scripts/sample.py:148: RuntimeWarning: divide by zero encountered in divide
  return fduty/2*special.erfc(np.log(10**M_min/bins)/(np.sqrt(2)*np.log(10)*sigma))
/oak/stanford/orgs/kipac/users/mahlet/quaia_bias/scripts/sample.py:148: RuntimeWarning: divide by zero encountered in divide
  return fduty/2*special.erfc(np.log(10**M_min/bins)/(np.sqrt(2)*np.log(10)*sigma))
/oak/stanford/orgs/kipac/users/mahlet/quaia_bias/scripts/sample.py:168: RuntimeWarning: invalid value encountered in power
  n_m = fduty*((bins_m-M0)/M1)**alpha
/oak/stanford/orgs/kipac/users/mahlet/quaia_bias/scripts/sample.py:168: RuntimeWarning: invalid value encountered in power
  n_m = fduty*((bins_m-M0)/M1)**alpha
/oak/stanford/orgs/kipac/users/mahlet/quaia_bias/scripts/sample.py:148: RuntimeWarning: divide by zero encountered in divide
  return fduty/2*special.erfc(np.log(10**M_min/bins)/(np.sqrt(2)*np.log(10)*sigma))
/oak/stanford/orgs/kipac/users/mahlet/quaia_bias/scripts/sample.py:148: RuntimeWarning: divide by zero encountered in divide
  return fduty/2*special.erfc(np.log(10**M_min/bins)/(np.sqrt(2)*np.log(10)*sigma))
/oak/stanford/orgs/kipac/users/mahlet/quaia_bias/scripts/sample.py:168: RuntimeWarning: invalid value encountered in power
  n_m = fduty*((bins_m-M0)/M1)**alpha
/oak/stanford/orgs/kipac/users/mahlet/quaia_bias/scripts/sample.py:168: RuntimeWarning: invalid value encountered in power
  n_m = fduty*((bins_m-M0)/M1)**alpha
4711it [03:11, 40.04it/s, bound: 15 | nc: 2 | ncall: 26796 | eff(%): 17.581 | loglstar:   -inf < 64.648 <    inf | logz: 59.783 +/-  0.091 | dlogz:  0.011 >  0.010]4755it [03:11, 24.81it/s, +500 | bound: 15 | nc: 1 | ncall: 27418 | eff(%): 19.522 | loglstar:   -inf < 64.683 <    inf | logz: 59.794 +/-  0.091 | dlogz:  0.000 >  0.010]
Summary
=======
nlive: 500
niter: 4755
ncall: 26918
eff(%): 19.522
logz: 59.794 +/-  0.094
plotting
Traceback (most recent call last):
  File "/oak/stanford/orgs/kipac/users/mahlet/quaia_bias/scripts/sample.py", line 379, in main
    sample[err_label] = np.load('../results/samples_{}{}_ndim{}_dlogz{}_nlive{}.npy'.format(err_label,
                        ^^^^^^^^^^^^^^^^^^^^^^^^^^^^^^^^^^^^^^^^^^^^^^^^^^^^^^^^^^^^^^^^^^^^^^^^^^^^^^
  File "/home/groups/tabel/mahlet/pyccl-env/lib/python3.12/site-packages/numpy/lib/npyio.py", line 427, in load
    fid = stack.enter_context(open(os_fspath(file), "rb"))
                              ^^^^^^^^^^^^^^^^^^^^^^^^^^^
FileNotFoundError: [Errno 2] No such file or directory: '../results/samples_log10(M_min)_G20.5_rmin0.01_rmax1_nbins16_zmin1.0zmax2.0_Lmax-20.0_N50_Planck_MC_b30_ndim2_dlogz0.01_nlive500.npy'

During handling of the above exception, another exception occurred:

Traceback (most recent call last):
  File "/oak/stanford/orgs/kipac/users/mahlet/quaia_bias/scripts/sample.py", line 498, in <module>
    main()
  File "/oak/stanford/orgs/kipac/users/mahlet/quaia_bias/scripts/sample.py", line 450, in main
    fg, ax = dyplot.cornerplot(results, color=cmap_theta[list(L_bins).index(args.Lmax)], hist2d_kwargs = {'contourf_kwargs': contourf_kwargs}, quantiles_2d = quantile_2d, title_quantiles = quantile, #'blue' #truths=np.zeros(args.ndim)
             ^^^^^^^^^^^^^^^^^^^^^^^^^^^^^^^^^^^^^^^^^^^^^^^^^^^^^^^^^^^^^^^^^^^^^^^^^^^^^^^^^^^^^^^^^^^^^^^^^^^^^^^^^^^^^^^^^^^^^^^^^^^^^^^^^^^^^^^^^^^^^^^^^^^^^^^^^^^^^^^^^^^^^^^^^^^^^^^^^^^^^^^^^^^^^^^^^^^^^^^^^^^^^^^^^^^^^^^^^^^^^
  File "/home/groups/tabel/mahlet/pyccl-env/lib/python3.12/site-packages/dynesty/plotting.py", line 1451, in cornerplot
    _hist2d(y,
  File "/home/groups/tabel/mahlet/pyccl-env/lib/python3.12/site-packages/dynesty/plotting.py", line 2392, in _hist2d
    ax.contour(X2, Y2, H2.T, V, **contour_kwargs)
  File "/home/groups/tabel/mahlet/pyccl-env/lib/python3.12/site-packages/matplotlib/__init__.py", line 1465, in inner
    return func(ax, *map(sanitize_sequence, args), **kwargs)
           ^^^^^^^^^^^^^^^^^^^^^^^^^^^^^^^^^^^^^^^^^^^^^^^^^
  File "/home/groups/tabel/mahlet/pyccl-env/lib/python3.12/site-packages/matplotlib/axes/_axes.py", line 6517, in contour
    contours = mcontour.QuadContourSet(self, *args, **kwargs)
               ^^^^^^^^^^^^^^^^^^^^^^^^^^^^^^^^^^^^^^^^^^^^^^
  File "/home/groups/tabel/mahlet/pyccl-env/lib/python3.12/site-packages/matplotlib/contour.py", line 898, in __init__
    self.set_cmap(cmap)
  File "/home/groups/tabel/mahlet/pyccl-env/lib/python3.12/site-packages/matplotlib/cm.py", line 607, in set_cmap
    self.changed()  # Things are not set up properly yet.
    ^^^^^^^^^^^^^^
  File "/home/groups/tabel/mahlet/pyccl-env/lib/python3.12/site-packages/matplotlib/contour.py", line 1158, in changed
    self._process_colors()  # Sets cvalues.
    ^^^^^^^^^^^^^^^^^^^^^^
  File "/home/groups/tabel/mahlet/pyccl-env/lib/python3.12/site-packages/matplotlib/contour.py", line 1312, in _process_colors
    self.set_norm(mcolors.NoNorm())
  File "/home/groups/tabel/mahlet/pyccl-env/lib/python3.12/site-packages/matplotlib/cm.py", line 656, in set_norm
    self.norm = norm
    ^^^^^^^^^
  File "/home/groups/tabel/mahlet/pyccl-env/lib/python3.12/site-packages/matplotlib/cm.py", line 640, in norm
    self.changed()
  File "/home/groups/tabel/mahlet/pyccl-env/lib/python3.12/site-packages/matplotlib/contour.py", line 1163, in changed
    self.norm.autoscale_None(self.levels)
  File "/home/groups/tabel/mahlet/pyccl-env/lib/python3.12/site-packages/matplotlib/colors.py", line 1408, in autoscale_None
    self.vmin = A.min()
    ^^^^^^^^^
  File "/home/groups/tabel/mahlet/pyccl-env/lib/python3.12/site-packages/matplotlib/colors.py", line 1264, in vmin
    self._changed()
  File "/home/groups/tabel/mahlet/pyccl-env/lib/python3.12/site-packages/matplotlib/colors.py", line 1292, in _changed
    self.callbacks.process('changed')
  File "/home/groups/tabel/mahlet/pyccl-env/lib/python3.12/site-packages/matplotlib/cbook.py", line 303, in process
    self.exception_handler(exc)
  File "/home/groups/tabel/mahlet/pyccl-env/lib/python3.12/site-packages/matplotlib/cbook.py", line 87, in _exception_printer
    raise exc
  File "/home/groups/tabel/mahlet/pyccl-env/lib/python3.12/site-packages/matplotlib/cbook.py", line 298, in process
    func(*args, **kwargs)
  File "/home/groups/tabel/mahlet/pyccl-env/lib/python3.12/site-packages/matplotlib/contour.py", line 1163, in changed
    self.norm.autoscale_None(self.levels)
  File "/home/groups/tabel/mahlet/pyccl-env/lib/python3.12/site-packages/matplotlib/colors.py", line 1410, in autoscale_None
    self.vmax = A.max()
    ^^^^^^^^^
  File "/home/groups/tabel/mahlet/pyccl-env/lib/python3.12/site-packages/matplotlib/colors.py", line 1275, in vmax
    self._changed()
  File "/home/groups/tabel/mahlet/pyccl-env/lib/python3.12/site-packages/matplotlib/colors.py", line 1292, in _changed
    self.callbacks.process('changed')
  File "/home/groups/tabel/mahlet/pyccl-env/lib/python3.12/site-packages/matplotlib/cbook.py", line 303, in process
    self.exception_handler(exc)
  File "/home/groups/tabel/mahlet/pyccl-env/lib/python3.12/site-packages/matplotlib/cbook.py", line 87, in _exception_printer
    raise exc
  File "/home/groups/tabel/mahlet/pyccl-env/lib/python3.12/site-packages/matplotlib/cbook.py", line 298, in process
    func(*args, **kwargs)
  File "/home/groups/tabel/mahlet/pyccl-env/lib/python3.12/site-packages/matplotlib/contour.py", line 1165, in changed
    self.update_scalarmappable()
  File "/home/groups/tabel/mahlet/pyccl-env/lib/python3.12/site-packages/matplotlib/collections.py", line 920, in update_scalarmappable
    self._mapped_colors = self.to_rgba(self._A, self._alpha)
                          ^^^^^^^^^^^^^^^^^^^^^^^^^^^^^^^^^^
  File "/home/groups/tabel/mahlet/pyccl-env/lib/python3.12/site-packages/matplotlib/cm.py", line 514, in to_rgba
    rgba = self.cmap(x, alpha=alpha, bytes=bytes)
           ^^^^^^^^^^^^^^^^^^^^^^^^^^^^^^^^^^^^^^
  File "/home/groups/tabel/mahlet/pyccl-env/lib/python3.12/site-packages/matplotlib/colors.py", line 725, in __call__
    self._init()
  File "/home/groups/tabel/mahlet/pyccl-env/lib/python3.12/site-packages/matplotlib/colors.py", line 1175, in _init
    self._lut[:-3] = to_rgba_array(self.colors)
                     ^^^^^^^^^^^^^^^^^^^^^^^^^^
  File "/home/groups/tabel/mahlet/pyccl-env/lib/python3.12/site-packages/matplotlib/colors.py", line 503, in to_rgba_array
    rgba = np.array([to_rgba(cc) for cc in c])
                     ^^^^^^^^^^^
  File "/home/groups/tabel/mahlet/pyccl-env/lib/python3.12/site-packages/matplotlib/colors.py", line 302, in to_rgba
    rgba = _to_rgba_no_colorcycle(c, alpha)
           ^^^^^^^^^^^^^^^^^^^^^^^^^^^^^^^^
  File "/home/groups/tabel/mahlet/pyccl-env/lib/python3.12/site-packages/matplotlib/colors.py", line 391, in _to_rgba_no_colorcycle
    raise ValueError(f"Invalid RGBA argument: {orig_c!r}")
ValueError: Invalid RGBA argument: 0.47936222
Exception ignored in: <function Cosmology.__del__ at 0x7fb6bb5c3ce0>
Traceback (most recent call last):
  File "/home/groups/tabel/mahlet/pyccl-env/lib/python3.12/site-packages/pyccl/cosmology.py", line 464, in __del__
TypeError: 'NoneType' object is not callable
Exception ignored in: <function Pk2D.__del__ at 0x7fb6bb708720>
Traceback (most recent call last):
  File "/home/groups/tabel/mahlet/pyccl-env/lib/python3.12/site-packages/pyccl/pk2d.py", line 345, in __del__
TypeError: 'NoneType' object is not callable
