Starting batch job
Starting batch job
usage: sample.py [-h] [--plot | --no-plot] [--nlive NLIVE] ndim zmin zmax Lmax
sample.py: error: unrecognized arguments: -26.0
Exception ignored in: <function Cosmology.__del__ at 0x7f431ab95f80>
Traceback (most recent call last):
  File "/home/groups/tabel/mahlet/pyccl-env/lib/python3.12/site-packages/pyccl/cosmology.py", line 464, in __del__
TypeError: 'NoneType' object is not callable
Exception ignored in: <function Pk2D.__del__ at 0x7f431b966c00>
Traceback (most recent call last):
  File "/home/groups/tabel/mahlet/pyccl-env/lib/python3.12/site-packages/pyccl/pk2d.py", line 345, in __del__
TypeError: 'NoneType' object is not callable
usage: sample.py [-h] [--plot | --no-plot] [--nlive NLIVE] ndim zmin zmax Lmax
sample.py: error: unrecognized arguments: -26.0
Exception ignored in: <function Cosmology.__del__ at 0x7efe22b400e0>
Traceback (most recent call last):
  File "/home/groups/tabel/mahlet/pyccl-env/lib/python3.12/site-packages/pyccl/cosmology.py", line 464, in __del__
TypeError: 'NoneType' object is not callable
Exception ignored in: <function Pk2D.__del__ at 0x7efe22a94d60>
Traceback (most recent call last):
  File "/home/groups/tabel/mahlet/pyccl-env/lib/python3.12/site-packages/pyccl/pk2d.py", line 345, in __del__
TypeError: 'NoneType' object is not callable
