
CommandNotFoundError: Your shell has not been properly configured to use 'conda activate'.
To initialize your shell, run

    $ conda init <SHELL_NAME>

Currently supported shells are:
  - bash
  - fish
  - tcsh
  - xonsh
  - zsh
  - powershell

See 'conda init --help' for more information and options.

IMPORTANT: You may need to close and restart your shell after running 'conda init'.


Loading data
Number of data sources: 200785
Estimating reduction factor
Sel func min and max: 0.0 0.6640735997736479
Subsampling by 0.622 for probability map
Generating random with 100 times N_data
Sel func min and max: 0.0 0.6640735997736479
Subsampling by 0.622 for probability map
Number of final random sources: 20074685
Wrote random to ../data/randoms/random_G20.0_zmin0.0zmax1.0_100x.fits!
Loading data
Number of data sources: 369335
Estimating reduction factor
Sel func min and max: 0.0 0.6930112714204136
Subsampling by 0.616 for probability map
Generating random with 100 times N_data
Sel func min and max: 0.0 0.6930112714204136
Subsampling by 0.616 for probability map
Number of final random sources: 36931801
Wrote random to ../data/randoms/random_G20.0_zmin1.0zmax2.0_100x.fits!
Loading data
Number of data sources: 165277
Estimating reduction factor
Sel func min and max: 0.0 0.6002519161631639
Subsampling by 0.611 for probability map
Generating random with 100 times N_data
Sel func min and max: 0.0 0.6002519161631639
Subsampling by 0.611 for probability map
Number of final random sources: 16526788
Wrote random to ../data/randoms/random_G20.0_zmin2.0zmax3.0_100x.fits!
Loading data
Number of data sources: 20035
Estimating reduction factor
Sel func min and max: 0.0 0.6393355978244327
Subsampling by 0.739 for probability map
Generating random with 100 times N_data
Sel func min and max: 0.0 0.6393355978244327
Subsampling by 0.739 for probability map
Number of final random sources: 2002931
Wrote random to ../data/randoms/random_G20.0_zmin3.0zmax4.0_100x.fits!
Loading data
Number of data sources: 324336
Estimating reduction factor
Sel func min and max: 0.0 0.7735255789265651
Subsampling by 0.561 for probability map
Generating random with 100 times N_data
Sel func min and max: 0.0 0.7735255789265651
Subsampling by 0.561 for probability map
Number of final random sources: 32422710
Wrote random to ../data/randoms/random_G20.5_zmin0.0zmax1.0_100x.fits!
Loading data
Number of data sources: 648196
Estimating reduction factor
Sel func min and max: 0.0 0.8029652278706577
Subsampling by 0.562 for probability map
Generating random with 100 times N_data
Sel func min and max: 0.0 0.8029652278706577
Subsampling by 0.562 for probability map
Number of final random sources: 64819525
Wrote random to ../data/randoms/random_G20.5_zmin1.0zmax2.0_100x.fits!
Loading data
Number of data sources: 286508
Estimating reduction factor
Sel func min and max: 0.0 1.0705880135820203
Subsampling by 0.348 for probability map
Generating random with 100 times N_data
Sel func min and max: 0.0 1.0705880135820203
Subsampling by 0.348 for probability map
Number of final random sources: 28610183
Wrote random to ../data/randoms/random_G20.5_zmin2.0zmax3.0_100x.fits!
Loading data
Number of data sources: 35630
Estimating reduction factor
Sel func min and max: 0.0 0.566234418771567
Subsampling by 0.685 for probability map
Generating random with 100 times N_data
Sel func min and max: 0.0 0.566234418771567
Subsampling by 0.684 for probability map
Number of final random sources: 3561520
Wrote random to ../data/randoms/random_G20.5_zmin3.0zmax4.0_100x.fits!
