Starting batch job
0.6894778799840835
Pixels masked by MC but not already by selfunc: 1911
G20.5_zmin0.0zmax1.0_Lmax-20.0: 0.31              224099 vs 324336
0.6998052036780241
Pixels masked by MC but not already by selfunc: 3700
G20.5_zmin1.0zmax2.0_Lmax-20.0: 0.28              464321 vs 648196
0.7010382664550974
Pixels masked by MC but not already by selfunc: 3094
G20.5_zmin2.0zmax3.0_Lmax-20.0: 0.25              214535 vs 286508
0.7686898940836221
Pixels masked by MC but not already by selfunc: 352
G20.5_zmin3.0zmax4.6_Lmax-20.0: 0.22              28576 vs 36458
0.5740493621004301
Pixels masked by MC but not already by selfunc: 472
G20.5_zmin0.0zmax1.0_Lmax-25.0: 0.39              33897 vs 55261
0.7764060682819681
Pixels masked by MC but not already by selfunc: 2269
G20.5_zmin1.0zmax2.0_Lmax-25.0: 0.32              340084 vs 502242
0.7010382664550974
Pixels masked by MC but not already by selfunc: 3094
G20.5_zmin2.0zmax3.0_Lmax-25.0: 0.25              214535 vs 286508
0.7686898940836221
Pixels masked by MC but not already by selfunc: 352
G20.5_zmin3.0zmax4.6_Lmax-25.0: 0.22              28576 vs 36458
0.5825077490602688
Pixels masked by MC but not already by selfunc: 111
G20.5_zmin0.0zmax1.0_Lmax-26.0: 0.35              8224 vs 12557
0.55461329930188
Pixels masked by MC but not already by selfunc: 1706
G20.5_zmin1.0zmax2.0_Lmax-26.0: 0.36              118050 vs 185134
0.7886798806904957
Pixels masked by MC but not already by selfunc: 2911
G20.5_zmin2.0zmax3.0_Lmax-26.0: 0.27              189280 vs 259755
0.7686898940836221
Pixels masked by MC but not already by selfunc: 352
G20.5_zmin3.0zmax4.6_Lmax-26.0: 0.22              28576 vs 36458
0.5671669970826603
Pixels masked by MC but not already by selfunc: 46
G20.5_zmin0.0zmax1.0_Lmax-27.0: 0.35              1257 vs 1922
0.46940038509642223
Pixels masked by MC but not already by selfunc: 379
G20.5_zmin1.0zmax2.0_Lmax-27.0: 0.36              24686 vs 38757
0.7825058063308259
Pixels masked by MC but not already by selfunc: 1036
G20.5_zmin2.0zmax3.0_Lmax-27.0: 0.35              66760 vs 103123
0.9260170066053528
Pixels masked by MC but not already by selfunc: 278
G20.5_zmin3.0zmax4.6_Lmax-27.0: 0.26              21578 vs 28981
0.3845560074010384
0.40216201729709466
0.4302131627497236
0.4406662053921837
0.31096824806504797
0.4049576138142198
0.4302131627497236
0.4406662053921837
0.3098587590591395
0.3022008153620502
0.45298802071631816
0.4406662053921837
0.2894547230728833
0.26262852718040436
0.4104175043181531
0.4891580906001524
0.6894778799840835
Pixels masked by MC but not already by selfunc: 1911
G20.5_zmin0.0zmax1.0_Lmax-20.0: 0.31              224099 vs 324336
[Warning] The CPU supports AVX512F but the compiler does not.  Can you try another compiler?
/home/groups/tabel/mahlet/pyccl-env/lib/python3.12/site-packages/Corrfunc/utils.py:918: UserWarning: One or more input array has non-native endianness!  A copy will be made with the correct endianness.
  warnings.warn("One or more input array has non-native endianness!  A copy will"\
0.6998052036780241
Pixels masked by MC but not already by selfunc: 3700
G20.5_zmin1.0zmax2.0_Lmax-20.0: 0.28              464321 vs 648196
/home/groups/tabel/mahlet/pyccl-env/lib/python3.12/site-packages/Corrfunc/utils.py:918: UserWarning: One or more input array has non-native endianness!  A copy will be made with the correct endianness.
  warnings.warn("One or more input array has non-native endianness!  A copy will"\
0.7010382664550974
Pixels masked by MC but not already by selfunc: 3094
G20.5_zmin2.0zmax3.0_Lmax-20.0: 0.25              214535 vs 286508
/home/groups/tabel/mahlet/pyccl-env/lib/python3.12/site-packages/Corrfunc/utils.py:918: UserWarning: One or more input array has non-native endianness!  A copy will be made with the correct endianness.
  warnings.warn("One or more input array has non-native endianness!  A copy will"\
0.7686898940836221
Pixels masked by MC but not already by selfunc: 352
G20.5_zmin3.0zmax4.6_Lmax-20.0: 0.22              28576 vs 36458
/home/groups/tabel/mahlet/pyccl-env/lib/python3.12/site-packages/Corrfunc/utils.py:918: UserWarning: One or more input array has non-native endianness!  A copy will be made with the correct endianness.
  warnings.warn("One or more input array has non-native endianness!  A copy will"\
0.5740493621004301
Pixels masked by MC but not already by selfunc: 472
G20.5_zmin0.0zmax1.0_Lmax-25.0: 0.39              33897 vs 55261
/home/groups/tabel/mahlet/pyccl-env/lib/python3.12/site-packages/Corrfunc/utils.py:918: UserWarning: One or more input array has non-native endianness!  A copy will be made with the correct endianness.
  warnings.warn("One or more input array has non-native endianness!  A copy will"\
0.7764060682819681
Pixels masked by MC but not already by selfunc: 2269
G20.5_zmin1.0zmax2.0_Lmax-25.0: 0.32              340084 vs 502242
/home/groups/tabel/mahlet/pyccl-env/lib/python3.12/site-packages/Corrfunc/utils.py:918: UserWarning: One or more input array has non-native endianness!  A copy will be made with the correct endianness.
  warnings.warn("One or more input array has non-native endianness!  A copy will"\
0.7010382664550974
Pixels masked by MC but not already by selfunc: 3094
G20.5_zmin2.0zmax3.0_Lmax-25.0: 0.25              214535 vs 286508
/home/groups/tabel/mahlet/pyccl-env/lib/python3.12/site-packages/Corrfunc/utils.py:918: UserWarning: One or more input array has non-native endianness!  A copy will be made with the correct endianness.
  warnings.warn("One or more input array has non-native endianness!  A copy will"\
0.7686898940836221
Pixels masked by MC but not already by selfunc: 352
G20.5_zmin3.0zmax4.6_Lmax-25.0: 0.22              28576 vs 36458
/home/groups/tabel/mahlet/pyccl-env/lib/python3.12/site-packages/Corrfunc/utils.py:918: UserWarning: One or more input array has non-native endianness!  A copy will be made with the correct endianness.
  warnings.warn("One or more input array has non-native endianness!  A copy will"\
0.5825077490602688
Pixels masked by MC but not already by selfunc: 111
G20.5_zmin0.0zmax1.0_Lmax-26.0: 0.35              8224 vs 12557
/home/groups/tabel/mahlet/pyccl-env/lib/python3.12/site-packages/Corrfunc/utils.py:918: UserWarning: One or more input array has non-native endianness!  A copy will be made with the correct endianness.
  warnings.warn("One or more input array has non-native endianness!  A copy will"\
0.55461329930188
Pixels masked by MC but not already by selfunc: 1706
G20.5_zmin1.0zmax2.0_Lmax-26.0: 0.36              118050 vs 185134
/home/groups/tabel/mahlet/pyccl-env/lib/python3.12/site-packages/Corrfunc/utils.py:918: UserWarning: One or more input array has non-native endianness!  A copy will be made with the correct endianness.
  warnings.warn("One or more input array has non-native endianness!  A copy will"\
0.7886798806904957
Pixels masked by MC but not already by selfunc: 2911
G20.5_zmin2.0zmax3.0_Lmax-26.0: 0.27              189280 vs 259755
/home/groups/tabel/mahlet/pyccl-env/lib/python3.12/site-packages/Corrfunc/utils.py:918: UserWarning: One or more input array has non-native endianness!  A copy will be made with the correct endianness.
  warnings.warn("One or more input array has non-native endianness!  A copy will"\
0.7686898940836221
Pixels masked by MC but not already by selfunc: 352
G20.5_zmin3.0zmax4.6_Lmax-26.0: 0.22              28576 vs 36458
/home/groups/tabel/mahlet/pyccl-env/lib/python3.12/site-packages/Corrfunc/utils.py:918: UserWarning: One or more input array has non-native endianness!  A copy will be made with the correct endianness.
  warnings.warn("One or more input array has non-native endianness!  A copy will"\
0.5671669970826603
Pixels masked by MC but not already by selfunc: 46
G20.5_zmin0.0zmax1.0_Lmax-27.0: 0.35              1257 vs 1922
/home/groups/tabel/mahlet/pyccl-env/lib/python3.12/site-packages/Corrfunc/utils.py:918: UserWarning: One or more input array has non-native endianness!  A copy will be made with the correct endianness.
  warnings.warn("One or more input array has non-native endianness!  A copy will"\
0.46940038509642223
Pixels masked by MC but not already by selfunc: 379
G20.5_zmin1.0zmax2.0_Lmax-27.0: 0.36              24686 vs 38757
/home/groups/tabel/mahlet/pyccl-env/lib/python3.12/site-packages/Corrfunc/utils.py:918: UserWarning: One or more input array has non-native endianness!  A copy will be made with the correct endianness.
  warnings.warn("One or more input array has non-native endianness!  A copy will"\
0.7825058063308259
Pixels masked by MC but not already by selfunc: 1036
G20.5_zmin2.0zmax3.0_Lmax-27.0: 0.35              66760 vs 103123
/home/groups/tabel/mahlet/pyccl-env/lib/python3.12/site-packages/Corrfunc/utils.py:918: UserWarning: One or more input array has non-native endianness!  A copy will be made with the correct endianness.
  warnings.warn("One or more input array has non-native endianness!  A copy will"\
0.9260170066053528
Pixels masked by MC but not already by selfunc: 278
G20.5_zmin3.0zmax4.6_Lmax-27.0: 0.26              21578 vs 28981
/home/groups/tabel/mahlet/pyccl-env/lib/python3.12/site-packages/Corrfunc/utils.py:918: UserWarning: One or more input array has non-native endianness!  A copy will be made with the correct endianness.
  warnings.warn("One or more input array has non-native endianness!  A copy will"\
M_i<=-20.0
Iterations: 31705
Time: 90.27s
Summary
=======
nlive: 3000
niter: 31705
ncall: 162293
eff(%): 19.912
logz: -13.991 +/-  0.049

0.0<z<=1.0
log10(f_duty): -2.02 + 0.60/-0.36
log10(M_min): 13.14 + 1.19/-0.66
sigma: 0.61 + 0.34/-0.39

           chi^2: 11.68
   reduced chi^2: 1.67
         delta n: -1.08e+02
condition number: 8.50
             PTE: 0.11
Iterations: 31128
Time: 92.89s
Summary
=======
nlive: 3000
niter: 31128
ncall: 174740
eff(%): 18.276
logz: -8.719 +/-  0.048

1.0<z<=2.0
log10(f_duty): -2.46 + 0.77/-0.48
log10(M_min): 12.86 + 1.42/-0.87
sigma: 0.67 + 0.35/-0.45

           chi^2: 7.96
   reduced chi^2: 1.14
         delta n: -2.94e+02
condition number: 6.98
             PTE: 0.34
/home/groups/tabel/mahlet/pyccl-env/lib/python3.12/site-packages/dynesty/bounding.py:707: UserWarning: The enlargement factor for the ellipsoidal bounds determined from bootstrapping is very large. If you are using uniform sampling that may mean that the sampling will be inefficient. This may be caused by a very complex posterior shape. You may consider using more livepoints or different sampler (i.e. rslice or rwalk) or alternatively disable bootstrap (bootstrap=0)
  warnings.warn(
/home/groups/tabel/mahlet/pyccl-env/lib/python3.12/site-packages/dynesty/bounding.py:707: UserWarning: The enlargement factor for the ellipsoidal bounds determined from bootstrapping is very large. If you are using uniform sampling that may mean that the sampling will be inefficient. This may be caused by a very complex posterior shape. You may consider using more livepoints or different sampler (i.e. rslice or rwalk) or alternatively disable bootstrap (bootstrap=0)
  warnings.warn(
Iterations: 31328
Time: 137.10s
Summary
=======
nlive: 3000
niter: 31328
ncall: 247567
eff(%): 13.074
logz: -20.941 +/-  0.048

2.0<z<=3.0
log10(f_duty): -2.00 + 0.92/-0.68
log10(M_min): 13.17 + 1.23/-0.87
sigma: 0.57 + 0.27/-0.36

           chi^2: 14.60
   reduced chi^2: 2.09
         delta n: -9.83e+01
condition number: 6.66
             PTE: 0.04
Iterations: 24508
Time: 154.93s
Summary
=======
nlive: 3000
niter: 24508
ncall: 294451
eff(%):  8.720
logz: -35.654 +/-  0.043

3.0<z<=4.6
log10(f_duty): -3.92 + 1.77/-1.46
log10(M_min): 12.64 + 1.44/-1.24
sigma: 0.70 + 0.43/-0.43

           chi^2: 11.61
   reduced chi^2: 1.66
         delta n: -6.62e+03
condition number: 10.52
             PTE: 0.11
M_i<=-25.0
/home/groups/tabel/mahlet/pyccl-env/lib/python3.12/site-packages/dynesty/bounding.py:707: UserWarning: The enlargement factor for the ellipsoidal bounds determined from bootstrapping is very large. If you are using uniform sampling that may mean that the sampling will be inefficient. This may be caused by a very complex posterior shape. You may consider using more livepoints or different sampler (i.e. rslice or rwalk) or alternatively disable bootstrap (bootstrap=0)
  warnings.warn(
/home/groups/tabel/mahlet/pyccl-env/lib/python3.12/site-packages/dynesty/bounding.py:707: UserWarning: The enlargement factor for the ellipsoidal bounds determined from bootstrapping is very large. If you are using uniform sampling that may mean that the sampling will be inefficient. This may be caused by a very complex posterior shape. You may consider using more livepoints or different sampler (i.e. rslice or rwalk) or alternatively disable bootstrap (bootstrap=0)
  warnings.warn(
Iterations: 31105
Time: 127.09s
Summary
=======
nlive: 3000
niter: 31105
ncall: 229723
eff(%): 13.936
logz: -30.057 +/-  0.046

0.0<z<=1.0
log10(f_duty): -1.61 + 0.64/-0.98
log10(M_min): 13.79 + 0.77/-0.72
sigma: 0.46 + 0.25/-0.30

           chi^2: 10.12
   reduced chi^2: 1.45
         delta n: -5.05e+01
condition number: 5.13
             PTE: 0.18
Iterations: 31803
Time: 107.61s
Summary
=======
nlive: 3000
niter: 31803
ncall: 202847
eff(%): 15.976
logz: -18.961 +/-  0.049

1.0<z<=2.0
log10(f_duty): -2.16 + 0.76/-0.53
log10(M_min): 13.12 + 1.24/-0.83
sigma: 0.62 + 0.31/-0.40

           chi^2: 23.74
   reduced chi^2: 3.39
         delta n: -1.49e+02
condition number: 9.02
             PTE: 0.00
Iterations: 31305
Time: 142.41s
Summary
=======
nlive: 3000
niter: 31305
ncall: 255415
eff(%): 12.828
logz: -20.917 +/-  0.048

2.0<z<=3.0
log10(f_duty): -2.03 + 0.96/-0.65
log10(M_min): 13.12 + 1.26/-0.83
sigma: 0.56 + 0.27/-0.36

           chi^2: 14.65
   reduced chi^2: 2.09
         delta n: -1.10e+02
condition number: 6.66
             PTE: 0.04
Iterations: 24544
Time: 146.36s
Summary
=======
nlive: 3000
niter: 24544
ncall: 284173
eff(%):  9.026
logz: -35.703 +/-  0.043

3.0<z<=4.6
log10(f_duty): -3.96 + 1.78/-1.45
log10(M_min): 12.63 + 1.50/-1.25
sigma: 0.72 + 0.43/-0.44

           chi^2: 11.64
   reduced chi^2: 1.66
         delta n: -7.78e+03
condition number: 10.52
             PTE: 0.11
M_i<=-26.0
/home/groups/tabel/mahlet/pyccl-env/lib/python3.12/site-packages/dynesty/bounding.py:707: UserWarning: The enlargement factor for the ellipsoidal bounds determined from bootstrapping is very large. If you are using uniform sampling that may mean that the sampling will be inefficient. This may be caused by a very complex posterior shape. You may consider using more livepoints or different sampler (i.e. rslice or rwalk) or alternatively disable bootstrap (bootstrap=0)
  warnings.warn(
/home/groups/tabel/mahlet/pyccl-env/lib/python3.12/site-packages/dynesty/bounding.py:707: UserWarning: The enlargement factor for the ellipsoidal bounds determined from bootstrapping is very large. If you are using uniform sampling that may mean that the sampling will be inefficient. This may be caused by a very complex posterior shape. You may consider using more livepoints or different sampler (i.e. rslice or rwalk) or alternatively disable bootstrap (bootstrap=0)
  warnings.warn(
Iterations: 27104
Time: 156.10s
Summary
=======
nlive: 3000
niter: 27104
ncall: 291985
eff(%):  9.711
logz: -45.678 +/-  0.043

0.0<z<=1.0
log10(f_duty): -3.32 + 1.79/-1.84
log10(M_min): 13.34 + 1.09/-1.84
sigma: 0.53 + 0.52/-0.35

           chi^2: 15.48
   reduced chi^2: 2.21
         delta n: -9.87e+02
condition number: 8.41
             PTE: 0.03
/home/groups/tabel/mahlet/pyccl-env/lib/python3.12/site-packages/dynesty/bounding.py:707: UserWarning: The enlargement factor for the ellipsoidal bounds determined from bootstrapping is very large. If you are using uniform sampling that may mean that the sampling will be inefficient. This may be caused by a very complex posterior shape. You may consider using more livepoints or different sampler (i.e. rslice or rwalk) or alternatively disable bootstrap (bootstrap=0)
  warnings.warn(
Iterations: 28228
Time: 100.23s
Summary
=======
nlive: 3000
niter: 28228
ncall: 183792
eff(%): 15.709
logz: -32.499 +/-  0.043

1.0<z<=2.0
log10(f_duty): -2.53 + 1.00/-1.77
log10(M_min): 12.93 + 1.31/-1.41
sigma: 0.62 + 0.37/-0.40

           chi^2: 34.88
   reduced chi^2: 4.98
         delta n: -5.23e+02
condition number: 7.02
             PTE: 0.00
Iterations: 33709
Time: 131.59s
Summary
=======
nlive: 3000
niter: 33709
ncall: 234676
eff(%): 14.703
logz: -18.622 +/-  0.051

2.0<z<=3.0
log10(f_duty): -1.46 + 0.92/-0.64
log10(M_min): 13.37 + 1.03/-0.72
sigma: 0.48 + 0.23/-0.30

           chi^2: 6.90
   reduced chi^2: 0.99
         delta n: -2.93e+01
condition number: 5.83
             PTE: 0.44
Iterations: 24520
Time: 142.41s
Summary
=======
nlive: 3000
niter: 24520
ncall: 272890
eff(%):  9.461
logz: -35.498 +/-  0.042

3.0<z<=4.6
log10(f_duty): -3.90 + 1.77/-1.48
log10(M_min): 12.64 + 1.44/-1.22
sigma: 0.71 + 0.44/-0.44

           chi^2: 11.62
   reduced chi^2: 1.66
         delta n: -6.60e+03
condition number: 10.52
             PTE: 0.11
M_i<=-27.0
/home/groups/tabel/mahlet/pyccl-env/lib/python3.12/site-packages/dynesty/bounding.py:707: UserWarning: The enlargement factor for the ellipsoidal bounds determined from bootstrapping is very large. If you are using uniform sampling that may mean that the sampling will be inefficient. This may be caused by a very complex posterior shape. You may consider using more livepoints or different sampler (i.e. rslice or rwalk) or alternatively disable bootstrap (bootstrap=0)
  warnings.warn(
/home/groups/tabel/mahlet/pyccl-env/lib/python3.12/site-packages/dynesty/bounding.py:707: UserWarning: The enlargement factor for the ellipsoidal bounds determined from bootstrapping is very large. If you are using uniform sampling that may mean that the sampling will be inefficient. This may be caused by a very complex posterior shape. You may consider using more livepoints or different sampler (i.e. rslice or rwalk) or alternatively disable bootstrap (bootstrap=0)
  warnings.warn(
Iterations: 24713
Time: 142.75s
Summary
=======
nlive: 3000
niter: 24713
ncall: 281716
eff(%):  9.155
logz: -73.793 +/-  0.043

0.0<z<=1.0
log10(f_duty): -4.33 + 1.60/-1.16
log10(M_min): 13.26 + 1.17/-1.27
sigma: 0.62 + 0.49/-0.42

           chi^2: 34.95
   reduced chi^2: 4.99
         delta n: -1.05e+04
condition number: 22.83
             PTE: 0.00
Iterations: 30174
Time: 134.69s
Summary
=======
nlive: 3000
niter: 30174
ncall: 256233
eff(%): 12.097
logz: -37.649 +/-  0.045

1.0<z<=2.0
log10(f_duty): -1.77 + 1.05/-2.29
log10(M_min): 13.67 + 0.74/-1.27
sigma: 0.41 + 0.39/-0.27

           chi^2: 9.01
   reduced chi^2: 1.29
         delta n: -6.27e+01
condition number: 5.10
             PTE: 0.25
/home/groups/tabel/mahlet/pyccl-env/lib/python3.12/site-packages/dynesty/bounding.py:707: UserWarning: The enlargement factor for the ellipsoidal bounds determined from bootstrapping is very large. If you are using uniform sampling that may mean that the sampling will be inefficient. This may be caused by a very complex posterior shape. You may consider using more livepoints or different sampler (i.e. rslice or rwalk) or alternatively disable bootstrap (bootstrap=0)
  warnings.warn(
Iterations: 30445
Time: 135.86s
Summary
=======
nlive: 3000
niter: 30445
ncall: 246104
eff(%): 12.809
logz: -28.483 +/-  0.047

2.0<z<=3.0
log10(f_duty): -1.68 + 0.96/-0.88
log10(M_min): 13.36 + 0.97/-0.68
sigma: 0.45 + 0.25/-0.29

           chi^2: 6.50
   reduced chi^2: 0.93
         delta n: -5.56e+01
condition number: 5.29
             PTE: 0.48
/home/groups/tabel/mahlet/pyccl-env/lib/python3.12/site-packages/dynesty/bounding.py:707: UserWarning: The enlargement factor for the ellipsoidal bounds determined from bootstrapping is very large. If you are using uniform sampling that may mean that the sampling will be inefficient. This may be caused by a very complex posterior shape. You may consider using more livepoints or different sampler (i.e. rslice or rwalk) or alternatively disable bootstrap (bootstrap=0)
  warnings.warn(
/home/groups/tabel/mahlet/pyccl-env/lib/python3.12/site-packages/dynesty/bounding.py:707: UserWarning: The enlargement factor for the ellipsoidal bounds determined from bootstrapping is very large. If you are using uniform sampling that may mean that the sampling will be inefficient. This may be caused by a very complex posterior shape. You may consider using more livepoints or different sampler (i.e. rslice or rwalk) or alternatively disable bootstrap (bootstrap=0)
  warnings.warn(
/home/groups/tabel/mahlet/pyccl-env/lib/python3.12/site-packages/dynesty/bounding.py:707: UserWarning: The enlargement factor for the ellipsoidal bounds determined from bootstrapping is very large. If you are using uniform sampling that may mean that the sampling will be inefficient. This may be caused by a very complex posterior shape. You may consider using more livepoints or different sampler (i.e. rslice or rwalk) or alternatively disable bootstrap (bootstrap=0)
  warnings.warn(
/home/groups/tabel/mahlet/pyccl-env/lib/python3.12/site-packages/dynesty/bounding.py:707: UserWarning: The enlargement factor for the ellipsoidal bounds determined from bootstrapping is very large. If you are using uniform sampling that may mean that the sampling will be inefficient. This may be caused by a very complex posterior shape. You may consider using more livepoints or different sampler (i.e. rslice or rwalk) or alternatively disable bootstrap (bootstrap=0)
  warnings.warn(
/home/groups/tabel/mahlet/pyccl-env/lib/python3.12/site-packages/dynesty/bounding.py:707: UserWarning: The enlargement factor for the ellipsoidal bounds determined from bootstrapping is very large. If you are using uniform sampling that may mean that the sampling will be inefficient. This may be caused by a very complex posterior shape. You may consider using more livepoints or different sampler (i.e. rslice or rwalk) or alternatively disable bootstrap (bootstrap=0)
  warnings.warn(
/home/groups/tabel/mahlet/pyccl-env/lib/python3.12/site-packages/dynesty/bounding.py:707: UserWarning: The enlargement factor for the ellipsoidal bounds determined from bootstrapping is very large. If you are using uniform sampling that may mean that the sampling will be inefficient. This may be caused by a very complex posterior shape. You may consider using more livepoints or different sampler (i.e. rslice or rwalk) or alternatively disable bootstrap (bootstrap=0)
  warnings.warn(
/home/groups/tabel/mahlet/pyccl-env/lib/python3.12/site-packages/dynesty/bounding.py:707: UserWarning: The enlargement factor for the ellipsoidal bounds determined from bootstrapping is very large. If you are using uniform sampling that may mean that the sampling will be inefficient. This may be caused by a very complex posterior shape. You may consider using more livepoints or different sampler (i.e. rslice or rwalk) or alternatively disable bootstrap (bootstrap=0)
  warnings.warn(
/home/groups/tabel/mahlet/pyccl-env/lib/python3.12/site-packages/dynesty/bounding.py:707: UserWarning: The enlargement factor for the ellipsoidal bounds determined from bootstrapping is very large. If you are using uniform sampling that may mean that the sampling will be inefficient. This may be caused by a very complex posterior shape. You may consider using more livepoints or different sampler (i.e. rslice or rwalk) or alternatively disable bootstrap (bootstrap=0)
  warnings.warn(
/home/groups/tabel/mahlet/pyccl-env/lib/python3.12/site-packages/dynesty/bounding.py:707: UserWarning: The enlargement factor for the ellipsoidal bounds determined from bootstrapping is very large. If you are using uniform sampling that may mean that the sampling will be inefficient. This may be caused by a very complex posterior shape. You may consider using more livepoints or different sampler (i.e. rslice or rwalk) or alternatively disable bootstrap (bootstrap=0)
  warnings.warn(
/home/groups/tabel/mahlet/pyccl-env/lib/python3.12/site-packages/dynesty/bounding.py:707: UserWarning: The enlargement factor for the ellipsoidal bounds determined from bootstrapping is very large. If you are using uniform sampling that may mean that the sampling will be inefficient. This may be caused by a very complex posterior shape. You may consider using more livepoints or different sampler (i.e. rslice or rwalk) or alternatively disable bootstrap (bootstrap=0)
  warnings.warn(
/home/groups/tabel/mahlet/pyccl-env/lib/python3.12/site-packages/dynesty/bounding.py:707: UserWarning: The enlargement factor for the ellipsoidal bounds determined from bootstrapping is very large. If you are using uniform sampling that may mean that the sampling will be inefficient. This may be caused by a very complex posterior shape. You may consider using more livepoints or different sampler (i.e. rslice or rwalk) or alternatively disable bootstrap (bootstrap=0)
  warnings.warn(
/home/groups/tabel/mahlet/pyccl-env/lib/python3.12/site-packages/dynesty/bounding.py:707: UserWarning: The enlargement factor for the ellipsoidal bounds determined from bootstrapping is very large. If you are using uniform sampling that may mean that the sampling will be inefficient. This may be caused by a very complex posterior shape. You may consider using more livepoints or different sampler (i.e. rslice or rwalk) or alternatively disable bootstrap (bootstrap=0)
  warnings.warn(
/home/groups/tabel/mahlet/pyccl-env/lib/python3.12/site-packages/dynesty/bounding.py:707: UserWarning: The enlargement factor for the ellipsoidal bounds determined from bootstrapping is very large. If you are using uniform sampling that may mean that the sampling will be inefficient. This may be caused by a very complex posterior shape. You may consider using more livepoints or different sampler (i.e. rslice or rwalk) or alternatively disable bootstrap (bootstrap=0)
  warnings.warn(
/home/groups/tabel/mahlet/pyccl-env/lib/python3.12/site-packages/dynesty/bounding.py:707: UserWarning: The enlargement factor for the ellipsoidal bounds determined from bootstrapping is very large. If you are using uniform sampling that may mean that the sampling will be inefficient. This may be caused by a very complex posterior shape. You may consider using more livepoints or different sampler (i.e. rslice or rwalk) or alternatively disable bootstrap (bootstrap=0)
  warnings.warn(
/home/groups/tabel/mahlet/pyccl-env/lib/python3.12/site-packages/dynesty/bounding.py:707: UserWarning: The enlargement factor for the ellipsoidal bounds determined from bootstrapping is very large. If you are using uniform sampling that may mean that the sampling will be inefficient. This may be caused by a very complex posterior shape. You may consider using more livepoints or different sampler (i.e. rslice or rwalk) or alternatively disable bootstrap (bootstrap=0)
  warnings.warn(
/home/groups/tabel/mahlet/pyccl-env/lib/python3.12/site-packages/dynesty/bounding.py:707: UserWarning: The enlargement factor for the ellipsoidal bounds determined from bootstrapping is very large. If you are using uniform sampling that may mean that the sampling will be inefficient. This may be caused by a very complex posterior shape. You may consider using more livepoints or different sampler (i.e. rslice or rwalk) or alternatively disable bootstrap (bootstrap=0)
  warnings.warn(
/home/groups/tabel/mahlet/pyccl-env/lib/python3.12/site-packages/dynesty/bounding.py:707: UserWarning: The enlargement factor for the ellipsoidal bounds determined from bootstrapping is very large. If you are using uniform sampling that may mean that the sampling will be inefficient. This may be caused by a very complex posterior shape. You may consider using more livepoints or different sampler (i.e. rslice or rwalk) or alternatively disable bootstrap (bootstrap=0)
  warnings.warn(
/home/groups/tabel/mahlet/pyccl-env/lib/python3.12/site-packages/dynesty/bounding.py:707: UserWarning: The enlargement factor for the ellipsoidal bounds determined from bootstrapping is very large. If you are using uniform sampling that may mean that the sampling will be inefficient. This may be caused by a very complex posterior shape. You may consider using more livepoints or different sampler (i.e. rslice or rwalk) or alternatively disable bootstrap (bootstrap=0)
  warnings.warn(
/home/groups/tabel/mahlet/pyccl-env/lib/python3.12/site-packages/dynesty/bounding.py:707: UserWarning: The enlargement factor for the ellipsoidal bounds determined from bootstrapping is very large. If you are using uniform sampling that may mean that the sampling will be inefficient. This may be caused by a very complex posterior shape. You may consider using more livepoints or different sampler (i.e. rslice or rwalk) or alternatively disable bootstrap (bootstrap=0)
  warnings.warn(
/home/groups/tabel/mahlet/pyccl-env/lib/python3.12/site-packages/dynesty/bounding.py:707: UserWarning: The enlargement factor for the ellipsoidal bounds determined from bootstrapping is very large. If you are using uniform sampling that may mean that the sampling will be inefficient. This may be caused by a very complex posterior shape. You may consider using more livepoints or different sampler (i.e. rslice or rwalk) or alternatively disable bootstrap (bootstrap=0)
  warnings.warn(
/home/groups/tabel/mahlet/pyccl-env/lib/python3.12/site-packages/dynesty/bounding.py:707: UserWarning: The enlargement factor for the ellipsoidal bounds determined from bootstrapping is very large. If you are using uniform sampling that may mean that the sampling will be inefficient. This may be caused by a very complex posterior shape. You may consider using more livepoints or different sampler (i.e. rslice or rwalk) or alternatively disable bootstrap (bootstrap=0)
  warnings.warn(
/home/groups/tabel/mahlet/pyccl-env/lib/python3.12/site-packages/dynesty/bounding.py:707: UserWarning: The enlargement factor for the ellipsoidal bounds determined from bootstrapping is very large. If you are using uniform sampling that may mean that the sampling will be inefficient. This may be caused by a very complex posterior shape. You may consider using more livepoints or different sampler (i.e. rslice or rwalk) or alternatively disable bootstrap (bootstrap=0)
  warnings.warn(
/home/groups/tabel/mahlet/pyccl-env/lib/python3.12/site-packages/dynesty/bounding.py:707: UserWarning: The enlargement factor for the ellipsoidal bounds determined from bootstrapping is very large. If you are using uniform sampling that may mean that the sampling will be inefficient. This may be caused by a very complex posterior shape. You may consider using more livepoints or different sampler (i.e. rslice or rwalk) or alternatively disable bootstrap (bootstrap=0)
  warnings.warn(
/home/groups/tabel/mahlet/pyccl-env/lib/python3.12/site-packages/dynesty/bounding.py:707: UserWarning: The enlargement factor for the ellipsoidal bounds determined from bootstrapping is very large. If you are using uniform sampling that may mean that the sampling will be inefficient. This may be caused by a very complex posterior shape. You may consider using more livepoints or different sampler (i.e. rslice or rwalk) or alternatively disable bootstrap (bootstrap=0)
  warnings.warn(
/home/groups/tabel/mahlet/pyccl-env/lib/python3.12/site-packages/dynesty/bounding.py:707: UserWarning: The enlargement factor for the ellipsoidal bounds determined from bootstrapping is very large. If you are using uniform sampling that may mean that the sampling will be inefficient. This may be caused by a very complex posterior shape. You may consider using more livepoints or different sampler (i.e. rslice or rwalk) or alternatively disable bootstrap (bootstrap=0)
  warnings.warn(
/home/groups/tabel/mahlet/pyccl-env/lib/python3.12/site-packages/dynesty/bounding.py:707: UserWarning: The enlargement factor for the ellipsoidal bounds determined from bootstrapping is very large. If you are using uniform sampling that may mean that the sampling will be inefficient. This may be caused by a very complex posterior shape. You may consider using more livepoints or different sampler (i.e. rslice or rwalk) or alternatively disable bootstrap (bootstrap=0)
  warnings.warn(
/home/groups/tabel/mahlet/pyccl-env/lib/python3.12/site-packages/dynesty/bounding.py:707: UserWarning: The enlargement factor for the ellipsoidal bounds determined from bootstrapping is very large. If you are using uniform sampling that may mean that the sampling will be inefficient. This may be caused by a very complex posterior shape. You may consider using more livepoints or different sampler (i.e. rslice or rwalk) or alternatively disable bootstrap (bootstrap=0)
  warnings.warn(
/home/groups/tabel/mahlet/pyccl-env/lib/python3.12/site-packages/dynesty/bounding.py:707: UserWarning: The enlargement factor for the ellipsoidal bounds determined from bootstrapping is very large. If you are using uniform sampling that may mean that the sampling will be inefficient. This may be caused by a very complex posterior shape. You may consider using more livepoints or different sampler (i.e. rslice or rwalk) or alternatively disable bootstrap (bootstrap=0)
  warnings.warn(
/home/groups/tabel/mahlet/pyccl-env/lib/python3.12/site-packages/dynesty/bounding.py:707: UserWarning: The enlargement factor for the ellipsoidal bounds determined from bootstrapping is very large. If you are using uniform sampling that may mean that the sampling will be inefficient. This may be caused by a very complex posterior shape. You may consider using more livepoints or different sampler (i.e. rslice or rwalk) or alternatively disable bootstrap (bootstrap=0)
  warnings.warn(
/home/groups/tabel/mahlet/pyccl-env/lib/python3.12/site-packages/dynesty/bounding.py:707: UserWarning: The enlargement factor for the ellipsoidal bounds determined from bootstrapping is very large. If you are using uniform sampling that may mean that the sampling will be inefficient. This may be caused by a very complex posterior shape. You may consider using more livepoints or different sampler (i.e. rslice or rwalk) or alternatively disable bootstrap (bootstrap=0)
  warnings.warn(
/home/groups/tabel/mahlet/pyccl-env/lib/python3.12/site-packages/dynesty/bounding.py:707: UserWarning: The enlargement factor for the ellipsoidal bounds determined from bootstrapping is very large. If you are using uniform sampling that may mean that the sampling will be inefficient. This may be caused by a very complex posterior shape. You may consider using more livepoints or different sampler (i.e. rslice or rwalk) or alternatively disable bootstrap (bootstrap=0)
  warnings.warn(
/home/groups/tabel/mahlet/pyccl-env/lib/python3.12/site-packages/dynesty/bounding.py:707: UserWarning: The enlargement factor for the ellipsoidal bounds determined from bootstrapping is very large. If you are using uniform sampling that may mean that the sampling will be inefficient. This may be caused by a very complex posterior shape. You may consider using more livepoints or different sampler (i.e. rslice or rwalk) or alternatively disable bootstrap (bootstrap=0)
  warnings.warn(
/home/groups/tabel/mahlet/pyccl-env/lib/python3.12/site-packages/dynesty/bounding.py:707: UserWarning: The enlargement factor for the ellipsoidal bounds determined from bootstrapping is very large. If you are using uniform sampling that may mean that the sampling will be inefficient. This may be caused by a very complex posterior shape. You may consider using more livepoints or different sampler (i.e. rslice or rwalk) or alternatively disable bootstrap (bootstrap=0)
  warnings.warn(
/home/groups/tabel/mahlet/pyccl-env/lib/python3.12/site-packages/dynesty/bounding.py:707: UserWarning: The enlargement factor for the ellipsoidal bounds determined from bootstrapping is very large. If you are using uniform sampling that may mean that the sampling will be inefficient. This may be caused by a very complex posterior shape. You may consider using more livepoints or different sampler (i.e. rslice or rwalk) or alternatively disable bootstrap (bootstrap=0)
  warnings.warn(
Iterations: 24198
Time: 238.42s
Summary
=======
nlive: 3000
niter: 24198
ncall: 401866
eff(%):  6.387
logz: -41.572 +/-  0.043

3.0<z<=4.6
log10(f_duty): -4.37 + 1.65/-1.18
log10(M_min): 12.57 + 1.47/-1.17
sigma: 0.78 + 0.41/-0.45

           chi^2: 17.00
   reduced chi^2: 2.43
         delta n: -1.81e+04
condition number: 9.42
             PTE: 0.02
Exception ignored in: <function Cosmology.__del__ at 0x7f750bd9d800>
Traceback (most recent call last):
  File "/home/groups/tabel/mahlet/pyccl-env/lib/python3.12/site-packages/pyccl/cosmology.py", line 464, in __del__
TypeError: 'NoneType' object is not callable
Exception ignored in: <function Pk2D.__del__ at 0x7f750be9e200>
Traceback (most recent call last):
  File "/home/groups/tabel/mahlet/pyccl-env/lib/python3.12/site-packages/pyccl/pk2d.py", line 345, in __del__
TypeError: 'NoneType' object is not callable
Exception ignored in: <function Pk2D.__del__ at 0x7f750be9e200>
Traceback (most recent call last):
  File "/home/groups/tabel/mahlet/pyccl-env/lib/python3.12/site-packages/pyccl/pk2d.py", line 345, in __del__
TypeError: 'NoneType' object is not callable
