Starting batch job
0.6894778799840835
Pixels masked by MC but not already by selfunc: 1911
G20.5_zmin0.0zmax1.0_Lmax-20.0: 0.31              224099 vs 324336
0.6998052036780241
Pixels masked by MC but not already by selfunc: 3700
G20.5_zmin1.0zmax2.0_Lmax-20.0: 0.28              464321 vs 648196
0.7010382664550974
Pixels masked by MC but not already by selfunc: 3094
G20.5_zmin2.0zmax3.0_Lmax-20.0: 0.25              214535 vs 286508
0.7686898940836221
Pixels masked by MC but not already by selfunc: 352
G20.5_zmin3.0zmax4.6_Lmax-20.0: 0.22              28576 vs 36458
0.5740493621004301
Pixels masked by MC but not already by selfunc: 472
G20.5_zmin0.0zmax1.0_Lmax-25.0: 0.39              33897 vs 55261
0.7764060682819681
Pixels masked by MC but not already by selfunc: 2269
G20.5_zmin1.0zmax2.0_Lmax-25.0: 0.32              340084 vs 502242
0.7010382664550974
Pixels masked by MC but not already by selfunc: 3094
G20.5_zmin2.0zmax3.0_Lmax-25.0: 0.25              214535 vs 286508
0.7686898940836221
Pixels masked by MC but not already by selfunc: 352
G20.5_zmin3.0zmax4.6_Lmax-25.0: 0.22              28576 vs 36458
0.5825077490602688
Pixels masked by MC but not already by selfunc: 111
G20.5_zmin0.0zmax1.0_Lmax-26.0: 0.35              8224 vs 12557
0.55461329930188
Pixels masked by MC but not already by selfunc: 1706
G20.5_zmin1.0zmax2.0_Lmax-26.0: 0.36              118050 vs 185134
0.7886798806904957
Pixels masked by MC but not already by selfunc: 2911
G20.5_zmin2.0zmax3.0_Lmax-26.0: 0.27              189280 vs 259755
0.7686898940836221
Pixels masked by MC but not already by selfunc: 352
G20.5_zmin3.0zmax4.6_Lmax-26.0: 0.22              28576 vs 36458
0.5671669970826603
Pixels masked by MC but not already by selfunc: 46
G20.5_zmin0.0zmax1.0_Lmax-27.0: 0.35              1257 vs 1922
0.46940038509642223
Pixels masked by MC but not already by selfunc: 379
G20.5_zmin1.0zmax2.0_Lmax-27.0: 0.36              24686 vs 38757
0.7825058063308259
Pixels masked by MC but not already by selfunc: 1036
G20.5_zmin2.0zmax3.0_Lmax-27.0: 0.35              66760 vs 103123
0.9260170066053528
Pixels masked by MC but not already by selfunc: 278
G20.5_zmin3.0zmax4.6_Lmax-27.0: 0.26              21578 vs 28981
0.3845560074010384
0.40216201729709466
0.4302131627497236
0.4406662053921837
0.31096824806504797
0.4049576138142198
0.4302131627497236
0.4406662053921837
0.3098587590591395
0.3022008153620502
0.45298802071631816
0.4406662053921837
0.2894547230728833
0.26262852718040436
0.4104175043181531
0.4891580906001524
0.6894778799840835
Pixels masked by MC but not already by selfunc: 1911
G20.5_zmin0.0zmax1.0_Lmax-20.0: 0.31              224099 vs 324336
[Warning] The CPU supports AVX512F but the compiler does not.  Can you try another compiler?
/home/groups/tabel/mahlet/pyccl-env/lib/python3.12/site-packages/Corrfunc/utils.py:918: UserWarning: One or more input array has non-native endianness!  A copy will be made with the correct endianness.
  warnings.warn("One or more input array has non-native endianness!  A copy will"\
0.6998052036780241
Pixels masked by MC but not already by selfunc: 3700
G20.5_zmin1.0zmax2.0_Lmax-20.0: 0.28              464321 vs 648196
/home/groups/tabel/mahlet/pyccl-env/lib/python3.12/site-packages/Corrfunc/utils.py:918: UserWarning: One or more input array has non-native endianness!  A copy will be made with the correct endianness.
  warnings.warn("One or more input array has non-native endianness!  A copy will"\
0.7010382664550974
Pixels masked by MC but not already by selfunc: 3094
G20.5_zmin2.0zmax3.0_Lmax-20.0: 0.25              214535 vs 286508
/home/groups/tabel/mahlet/pyccl-env/lib/python3.12/site-packages/Corrfunc/utils.py:918: UserWarning: One or more input array has non-native endianness!  A copy will be made with the correct endianness.
  warnings.warn("One or more input array has non-native endianness!  A copy will"\
0.7686898940836221
Pixels masked by MC but not already by selfunc: 352
G20.5_zmin3.0zmax4.6_Lmax-20.0: 0.22              28576 vs 36458
/home/groups/tabel/mahlet/pyccl-env/lib/python3.12/site-packages/Corrfunc/utils.py:918: UserWarning: One or more input array has non-native endianness!  A copy will be made with the correct endianness.
  warnings.warn("One or more input array has non-native endianness!  A copy will"\
0.5740493621004301
Pixels masked by MC but not already by selfunc: 472
G20.5_zmin0.0zmax1.0_Lmax-25.0: 0.39              33897 vs 55261
/home/groups/tabel/mahlet/pyccl-env/lib/python3.12/site-packages/Corrfunc/utils.py:918: UserWarning: One or more input array has non-native endianness!  A copy will be made with the correct endianness.
  warnings.warn("One or more input array has non-native endianness!  A copy will"\
0.7764060682819681
Pixels masked by MC but not already by selfunc: 2269
G20.5_zmin1.0zmax2.0_Lmax-25.0: 0.32              340084 vs 502242
/home/groups/tabel/mahlet/pyccl-env/lib/python3.12/site-packages/Corrfunc/utils.py:918: UserWarning: One or more input array has non-native endianness!  A copy will be made with the correct endianness.
  warnings.warn("One or more input array has non-native endianness!  A copy will"\
0.7010382664550974
Pixels masked by MC but not already by selfunc: 3094
G20.5_zmin2.0zmax3.0_Lmax-25.0: 0.25              214535 vs 286508
/home/groups/tabel/mahlet/pyccl-env/lib/python3.12/site-packages/Corrfunc/utils.py:918: UserWarning: One or more input array has non-native endianness!  A copy will be made with the correct endianness.
  warnings.warn("One or more input array has non-native endianness!  A copy will"\
0.7686898940836221
Pixels masked by MC but not already by selfunc: 352
G20.5_zmin3.0zmax4.6_Lmax-25.0: 0.22              28576 vs 36458
/home/groups/tabel/mahlet/pyccl-env/lib/python3.12/site-packages/Corrfunc/utils.py:918: UserWarning: One or more input array has non-native endianness!  A copy will be made with the correct endianness.
  warnings.warn("One or more input array has non-native endianness!  A copy will"\
0.5825077490602688
Pixels masked by MC but not already by selfunc: 111
G20.5_zmin0.0zmax1.0_Lmax-26.0: 0.35              8224 vs 12557
/home/groups/tabel/mahlet/pyccl-env/lib/python3.12/site-packages/Corrfunc/utils.py:918: UserWarning: One or more input array has non-native endianness!  A copy will be made with the correct endianness.
  warnings.warn("One or more input array has non-native endianness!  A copy will"\
0.55461329930188
Pixels masked by MC but not already by selfunc: 1706
G20.5_zmin1.0zmax2.0_Lmax-26.0: 0.36              118050 vs 185134
/home/groups/tabel/mahlet/pyccl-env/lib/python3.12/site-packages/Corrfunc/utils.py:918: UserWarning: One or more input array has non-native endianness!  A copy will be made with the correct endianness.
  warnings.warn("One or more input array has non-native endianness!  A copy will"\
0.7886798806904957
Pixels masked by MC but not already by selfunc: 2911
G20.5_zmin2.0zmax3.0_Lmax-26.0: 0.27              189280 vs 259755
/home/groups/tabel/mahlet/pyccl-env/lib/python3.12/site-packages/Corrfunc/utils.py:918: UserWarning: One or more input array has non-native endianness!  A copy will be made with the correct endianness.
  warnings.warn("One or more input array has non-native endianness!  A copy will"\
0.7686898940836221
Pixels masked by MC but not already by selfunc: 352
G20.5_zmin3.0zmax4.6_Lmax-26.0: 0.22              28576 vs 36458
/home/groups/tabel/mahlet/pyccl-env/lib/python3.12/site-packages/Corrfunc/utils.py:918: UserWarning: One or more input array has non-native endianness!  A copy will be made with the correct endianness.
  warnings.warn("One or more input array has non-native endianness!  A copy will"\
0.5671669970826603
Pixels masked by MC but not already by selfunc: 46
G20.5_zmin0.0zmax1.0_Lmax-27.0: 0.35              1257 vs 1922
/home/groups/tabel/mahlet/pyccl-env/lib/python3.12/site-packages/Corrfunc/utils.py:918: UserWarning: One or more input array has non-native endianness!  A copy will be made with the correct endianness.
  warnings.warn("One or more input array has non-native endianness!  A copy will"\
0.46940038509642223
Pixels masked by MC but not already by selfunc: 379
G20.5_zmin1.0zmax2.0_Lmax-27.0: 0.36              24686 vs 38757
/home/groups/tabel/mahlet/pyccl-env/lib/python3.12/site-packages/Corrfunc/utils.py:918: UserWarning: One or more input array has non-native endianness!  A copy will be made with the correct endianness.
  warnings.warn("One or more input array has non-native endianness!  A copy will"\
0.7825058063308259
Pixels masked by MC but not already by selfunc: 1036
G20.5_zmin2.0zmax3.0_Lmax-27.0: 0.35              66760 vs 103123
/home/groups/tabel/mahlet/pyccl-env/lib/python3.12/site-packages/Corrfunc/utils.py:918: UserWarning: One or more input array has non-native endianness!  A copy will be made with the correct endianness.
  warnings.warn("One or more input array has non-native endianness!  A copy will"\
0.9260170066053528
Pixels masked by MC but not already by selfunc: 278
G20.5_zmin3.0zmax4.6_Lmax-27.0: 0.26              21578 vs 28981
/home/groups/tabel/mahlet/pyccl-env/lib/python3.12/site-packages/Corrfunc/utils.py:918: UserWarning: One or more input array has non-native endianness!  A copy will be made with the correct endianness.
  warnings.warn("One or more input array has non-native endianness!  A copy will"\
M_i<=-20.0
Iterations: 30759
Time: 40.68s
Summary
=======
nlive: 3000
niter: 30759
ncall: 59681
eff(%): 45.204
logz: 28.212 +/-  0.048

0.0<z<=1.0
log10(f_duty): -2.79 + 0.18/-0.23
log10(M_min): 11.99 + 0.18/-0.23

           chi^2: 30.45
   reduced chi^2: 3.81
         delta n: -6.10e+02
condition number: 14.67
             PTE: 0.00
Iterations: 32570
Time: 43.99s
Summary
=======
nlive: 3000
niter: 32570
ncall: 63408
eff(%): 43.693
logz: 36.965 +/-  0.051

1.0<z<=2.0
log10(f_duty): -2.82 + 0.10/-0.12
log10(M_min): 12.00 + 0.09/-0.10

           chi^2: 12.24
   reduced chi^2: 1.53
         delta n: -6.65e+02
condition number: 13.55
             PTE: 0.14
Iterations: 31655
Time: 48.53s
Summary
=======
nlive: 3000
niter: 31655
ncall: 63785
eff(%): 42.373
logz: 28.781 +/-  0.049

2.0<z<=3.0
log10(f_duty): -2.87 + 0.16/-0.18
log10(M_min): 12.06 + 0.11/-0.13

           chi^2: 15.16
   reduced chi^2: 1.89
         delta n: -7.43e+02
condition number: 11.13
             PTE: 0.06
Iterations: 27050
Time: 40.76s
Summary
=======
nlive: 3000
niter: 27050
ncall: 56649
eff(%): 37.260
logz:  7.609 +/-  0.045

3.0<z<=4.6
log10(f_duty): -3.37 + 0.74/-1.18
log10(M_min): 12.13 + 0.37/-0.75

           chi^2: 22.17
   reduced chi^2: 2.77
         delta n: -2.34e+03
condition number: 12.29
             PTE: 0.00
M_i<=-25.0
Iterations: 30765
Time: 41.87s
Summary
=======
nlive: 3000
niter: 30765
ncall: 62708
eff(%): 41.836
logz: 18.124 +/-  0.048

0.0<z<=1.0
log10(f_duty): -2.03 + 0.25/-0.32
log10(M_min): 13.25 + 0.17/-0.24

           chi^2: 10.61
   reduced chi^2: 1.33
         delta n: -1.09e+02
condition number: 14.88
             PTE: 0.22
Iterations: 32790
Time: 44.18s
Summary
=======
nlive: 3000
niter: 32790
ncall: 64704
eff(%): 43.275
logz: 32.026 +/-  0.051

1.0<z<=2.0
log10(f_duty): -2.54 + 0.11/-0.13
log10(M_min): 12.32 + 0.08/-0.10

           chi^2: 16.26
   reduced chi^2: 2.03
         delta n: -3.49e+02
condition number: 17.00
             PTE: 0.04
Iterations: 31757
Time: 43.02s
Summary
=======
nlive: 3000
niter: 31757
ncall: 64065
eff(%): 42.353
logz: 28.671 +/-  0.050

2.0<z<=3.0
log10(f_duty): -2.88 + 0.16/-0.18
log10(M_min): 12.06 + 0.11/-0.12

           chi^2: 15.17
   reduced chi^2: 1.90
         delta n: -7.50e+02
condition number: 11.13
             PTE: 0.06
Iterations: 27150
Time: 37.11s
Summary
=======
nlive: 3000
niter: 27150
ncall: 56851
eff(%): 37.291
logz:  7.585 +/-  0.045

3.0<z<=4.6
log10(f_duty): -3.39 + 0.75/-1.22
log10(M_min): 12.12 + 0.38/-0.78

           chi^2: 22.21
   reduced chi^2: 2.78
         delta n: -2.44e+03
condition number: 12.29
             PTE: 0.00
M_i<=-26.0
Iterations: 29529
Time: 40.56s
Summary
=======
nlive: 3000
niter: 29529
ncall: 60166
eff(%): 41.615
logz:  2.918 +/-  0.046

0.0<z<=1.0
log10(f_duty): -1.62 + 0.48/-0.91
log10(M_min): 13.86 + 0.22/-0.54

           chi^2: 11.87
   reduced chi^2: 1.48
         delta n: -4.27e+01
condition number: 11.20
             PTE: 0.16
Iterations: 31474
Time: 42.99s
Summary
=======
nlive: 3000
niter: 31474
ncall: 64514
eff(%): 41.780
logz: 24.851 +/-  0.049

1.0<z<=2.0
log10(f_duty): -2.38 + 0.19/-0.23
log10(M_min): 12.66 + 0.13/-0.16

           chi^2: 10.28
   reduced chi^2: 1.28
         delta n: -2.39e+02
condition number: 16.11
             PTE: 0.25
Iterations: 32381
Time: 43.45s
Summary
=======
nlive: 3000
niter: 32381
ncall: 65169
eff(%): 44.133
logz: 30.366 +/-  0.050

2.0<z<=3.0
log10(f_duty): -2.49 + 0.15/-0.16
log10(M_min): 12.35 + 0.09/-0.10

           chi^2: 8.42
   reduced chi^2: 1.05
         delta n: -3.12e+02
condition number: 9.10
             PTE: 0.39
Iterations: 27128
Time: 36.80s
Summary
=======
nlive: 3000
niter: 27128
ncall: 54244
eff(%): 37.083
logz:  7.576 +/-  0.045

3.0<z<=4.6
log10(f_duty): -3.37 + 0.74/-1.21
log10(M_min): 12.13 + 0.37/-0.77

           chi^2: 22.17
   reduced chi^2: 2.77
         delta n: -2.33e+03
condition number: 12.29
             PTE: 0.00
M_i<=-27.0
Iterations: 23974
Time: 41.51s
Summary
=======
nlive: 3000
niter: 23974
ncall: 62141
eff(%): 31.314
logz: -20.155 +/-  0.043

0.0<z<=1.0
log10(f_duty): -4.01 + 1.96/-1.41
log10(M_min): 12.80 + 1.23/-1.33

           chi^2: 22.84
   reduced chi^2: 2.86
         delta n: -1.04e+04
condition number: 15.91
             PTE: 0.00
Iterations: 26911
Time: 36.47s
Summary
=======
nlive: 3000
niter: 26911
ncall: 54118
eff(%): 39.819
logz:  8.369 +/-  0.044

1.0<z<=2.0
log10(f_duty): -3.05 + 0.85/-1.63
log10(M_min): 12.60 + 0.52/-1.34

           chi^2: 15.72
   reduced chi^2: 1.96
         delta n: -1.13e+03
condition number: 12.48
             PTE: 0.05
Iterations: 30307
Time: 40.89s
Summary
=======
nlive: 3000
niter: 30307
ncall: 60685
eff(%): 39.330
logz: 20.471 +/-  0.049

2.0<z<=3.0
log10(f_duty): -2.67 + 0.27/-0.34
log10(M_min): 12.46 + 0.15/-0.20

           chi^2: 6.55
   reduced chi^2: 0.82
         delta n: -4.71e+02
condition number: 13.20
             PTE: 0.59
Iterations: 24898
Time: 40.36s
Summary
=======
nlive: 3000
niter: 24898
ncall: 59533
eff(%): 34.642
logz:  9.231 +/-  0.044

3.0<z<=4.6
log10(f_duty): -4.37 + 1.26/-1.10
log10(M_min): 11.61 + 0.72/-0.82

           chi^2: 12.93
   reduced chi^2: 1.62
         delta n: -2.31e+04
condition number: 15.66
             PTE: 0.11
Exception ignored in: <function Cosmology.__del__ at 0x7f4163125800>
Traceback (most recent call last):
  File "/home/groups/tabel/mahlet/pyccl-env/lib/python3.12/site-packages/pyccl/cosmology.py", line 464, in __del__
TypeError: 'NoneType' object is not callable
Exception ignored in: <function Pk2D.__del__ at 0x7f4163266200>
Traceback (most recent call last):
  File "/home/groups/tabel/mahlet/pyccl-env/lib/python3.12/site-packages/pyccl/pk2d.py", line 345, in __del__
TypeError: 'NoneType' object is not callable
Exception ignored in: <function Pk2D.__del__ at 0x7f4163266200>
Traceback (most recent call last):
  File "/home/groups/tabel/mahlet/pyccl-env/lib/python3.12/site-packages/pyccl/pk2d.py", line 345, in __del__
TypeError: 'NoneType' object is not callable
