Starting batch job
0.6894778799840835
Pixels masked by MC but not already by selfunc: 1911
G20.5_zmin0.0zmax1.0_Lmax-20.0: 0.31              224099 vs 324336
0.6998052036780241
Pixels masked by MC but not already by selfunc: 3700
G20.5_zmin1.0zmax2.0_Lmax-20.0: 0.28              464321 vs 648196
0.7010382664550974
Pixels masked by MC but not already by selfunc: 3094
G20.5_zmin2.0zmax3.0_Lmax-20.0: 0.25              214535 vs 286508
0.7686898940836221
Pixels masked by MC but not already by selfunc: 352
G20.5_zmin3.0zmax4.6_Lmax-20.0: 0.22              28576 vs 36458
0.5740493621004301
Pixels masked by MC but not already by selfunc: 472
G20.5_zmin0.0zmax1.0_Lmax-25.0: 0.39              33897 vs 55261
0.7764060682819681
Pixels masked by MC but not already by selfunc: 2269
G20.5_zmin1.0zmax2.0_Lmax-25.0: 0.32              340084 vs 502242
0.7010382664550974
Pixels masked by MC but not already by selfunc: 3094
G20.5_zmin2.0zmax3.0_Lmax-25.0: 0.25              214535 vs 286508
0.7686898940836221
Pixels masked by MC but not already by selfunc: 352
G20.5_zmin3.0zmax4.6_Lmax-25.0: 0.22              28576 vs 36458
0.5825077490602688
Pixels masked by MC but not already by selfunc: 111
G20.5_zmin0.0zmax1.0_Lmax-26.0: 0.35              8224 vs 12557
0.55461329930188
Pixels masked by MC but not already by selfunc: 1706
G20.5_zmin1.0zmax2.0_Lmax-26.0: 0.36              118050 vs 185134
0.7886798806904957
Pixels masked by MC but not already by selfunc: 2911
G20.5_zmin2.0zmax3.0_Lmax-26.0: 0.27              189280 vs 259755
0.7686898940836221
Pixels masked by MC but not already by selfunc: 352
G20.5_zmin3.0zmax4.6_Lmax-26.0: 0.22              28576 vs 36458
0.5671669970826603
Pixels masked by MC but not already by selfunc: 46
G20.5_zmin0.0zmax1.0_Lmax-27.0: 0.35              1257 vs 1922
0.46940038509642223
Pixels masked by MC but not already by selfunc: 379
G20.5_zmin1.0zmax2.0_Lmax-27.0: 0.36              24686 vs 38757
0.7825058063308259
Pixels masked by MC but not already by selfunc: 1036
G20.5_zmin2.0zmax3.0_Lmax-27.0: 0.35              66760 vs 103123
0.9260170066053528
Pixels masked by MC but not already by selfunc: 278
G20.5_zmin3.0zmax4.6_Lmax-27.0: 0.26              21578 vs 28981
0.3845560074010384
0.40216201729709466
0.4302131627497236
0.4406662053921837
0.31096824806504797
0.4049576138142198
0.4302131627497236
0.4406662053921837
0.3098587590591395
0.3022008153620502
0.45298802071631816
0.4406662053921837
0.2894547230728833
0.26262852718040436
0.4104175043181531
0.4891580906001524
0.6894778799840835
Pixels masked by MC but not already by selfunc: 1911
G20.5_zmin0.0zmax1.0_Lmax-20.0: 0.31              224099 vs 324336
[Warning] The CPU supports AVX512F but the compiler does not.  Can you try another compiler?
/home/groups/tabel/mahlet/pyccl-env/lib/python3.12/site-packages/Corrfunc/utils.py:918: UserWarning: One or more input array has non-native endianness!  A copy will be made with the correct endianness.
  warnings.warn("One or more input array has non-native endianness!  A copy will"\
0.6998052036780241
Pixels masked by MC but not already by selfunc: 3700
G20.5_zmin1.0zmax2.0_Lmax-20.0: 0.28              464321 vs 648196
/home/groups/tabel/mahlet/pyccl-env/lib/python3.12/site-packages/Corrfunc/utils.py:918: UserWarning: One or more input array has non-native endianness!  A copy will be made with the correct endianness.
  warnings.warn("One or more input array has non-native endianness!  A copy will"\
0.7010382664550974
Pixels masked by MC but not already by selfunc: 3094
G20.5_zmin2.0zmax3.0_Lmax-20.0: 0.25              214535 vs 286508
/home/groups/tabel/mahlet/pyccl-env/lib/python3.12/site-packages/Corrfunc/utils.py:918: UserWarning: One or more input array has non-native endianness!  A copy will be made with the correct endianness.
  warnings.warn("One or more input array has non-native endianness!  A copy will"\
0.7686898940836221
Pixels masked by MC but not already by selfunc: 352
G20.5_zmin3.0zmax4.6_Lmax-20.0: 0.22              28576 vs 36458
/home/groups/tabel/mahlet/pyccl-env/lib/python3.12/site-packages/Corrfunc/utils.py:918: UserWarning: One or more input array has non-native endianness!  A copy will be made with the correct endianness.
  warnings.warn("One or more input array has non-native endianness!  A copy will"\
0.5740493621004301
Pixels masked by MC but not already by selfunc: 472
G20.5_zmin0.0zmax1.0_Lmax-25.0: 0.39              33897 vs 55261
/home/groups/tabel/mahlet/pyccl-env/lib/python3.12/site-packages/Corrfunc/utils.py:918: UserWarning: One or more input array has non-native endianness!  A copy will be made with the correct endianness.
  warnings.warn("One or more input array has non-native endianness!  A copy will"\
0.7764060682819681
Pixels masked by MC but not already by selfunc: 2269
G20.5_zmin1.0zmax2.0_Lmax-25.0: 0.32              340084 vs 502242
/home/groups/tabel/mahlet/pyccl-env/lib/python3.12/site-packages/Corrfunc/utils.py:918: UserWarning: One or more input array has non-native endianness!  A copy will be made with the correct endianness.
  warnings.warn("One or more input array has non-native endianness!  A copy will"\
0.7010382664550974
Pixels masked by MC but not already by selfunc: 3094
G20.5_zmin2.0zmax3.0_Lmax-25.0: 0.25              214535 vs 286508
/home/groups/tabel/mahlet/pyccl-env/lib/python3.12/site-packages/Corrfunc/utils.py:918: UserWarning: One or more input array has non-native endianness!  A copy will be made with the correct endianness.
  warnings.warn("One or more input array has non-native endianness!  A copy will"\
0.7686898940836221
Pixels masked by MC but not already by selfunc: 352
G20.5_zmin3.0zmax4.6_Lmax-25.0: 0.22              28576 vs 36458
/home/groups/tabel/mahlet/pyccl-env/lib/python3.12/site-packages/Corrfunc/utils.py:918: UserWarning: One or more input array has non-native endianness!  A copy will be made with the correct endianness.
  warnings.warn("One or more input array has non-native endianness!  A copy will"\
0.5825077490602688
Pixels masked by MC but not already by selfunc: 111
G20.5_zmin0.0zmax1.0_Lmax-26.0: 0.35              8224 vs 12557
/home/groups/tabel/mahlet/pyccl-env/lib/python3.12/site-packages/Corrfunc/utils.py:918: UserWarning: One or more input array has non-native endianness!  A copy will be made with the correct endianness.
  warnings.warn("One or more input array has non-native endianness!  A copy will"\
0.55461329930188
Pixels masked by MC but not already by selfunc: 1706
G20.5_zmin1.0zmax2.0_Lmax-26.0: 0.36              118050 vs 185134
/home/groups/tabel/mahlet/pyccl-env/lib/python3.12/site-packages/Corrfunc/utils.py:918: UserWarning: One or more input array has non-native endianness!  A copy will be made with the correct endianness.
  warnings.warn("One or more input array has non-native endianness!  A copy will"\
0.7886798806904957
Pixels masked by MC but not already by selfunc: 2911
G20.5_zmin2.0zmax3.0_Lmax-26.0: 0.27              189280 vs 259755
/home/groups/tabel/mahlet/pyccl-env/lib/python3.12/site-packages/Corrfunc/utils.py:918: UserWarning: One or more input array has non-native endianness!  A copy will be made with the correct endianness.
  warnings.warn("One or more input array has non-native endianness!  A copy will"\
0.7686898940836221
Pixels masked by MC but not already by selfunc: 352
G20.5_zmin3.0zmax4.6_Lmax-26.0: 0.22              28576 vs 36458
/home/groups/tabel/mahlet/pyccl-env/lib/python3.12/site-packages/Corrfunc/utils.py:918: UserWarning: One or more input array has non-native endianness!  A copy will be made with the correct endianness.
  warnings.warn("One or more input array has non-native endianness!  A copy will"\
0.5671669970826603
Pixels masked by MC but not already by selfunc: 46
G20.5_zmin0.0zmax1.0_Lmax-27.0: 0.35              1257 vs 1922
/home/groups/tabel/mahlet/pyccl-env/lib/python3.12/site-packages/Corrfunc/utils.py:918: UserWarning: One or more input array has non-native endianness!  A copy will be made with the correct endianness.
  warnings.warn("One or more input array has non-native endianness!  A copy will"\
0.46940038509642223
Pixels masked by MC but not already by selfunc: 379
G20.5_zmin1.0zmax2.0_Lmax-27.0: 0.36              24686 vs 38757
/home/groups/tabel/mahlet/pyccl-env/lib/python3.12/site-packages/Corrfunc/utils.py:918: UserWarning: One or more input array has non-native endianness!  A copy will be made with the correct endianness.
  warnings.warn("One or more input array has non-native endianness!  A copy will"\
0.7825058063308259
Pixels masked by MC but not already by selfunc: 1036
G20.5_zmin2.0zmax3.0_Lmax-27.0: 0.35              66760 vs 103123
/home/groups/tabel/mahlet/pyccl-env/lib/python3.12/site-packages/Corrfunc/utils.py:918: UserWarning: One or more input array has non-native endianness!  A copy will be made with the correct endianness.
  warnings.warn("One or more input array has non-native endianness!  A copy will"\
0.9260170066053528
Pixels masked by MC but not already by selfunc: 278
G20.5_zmin3.0zmax4.6_Lmax-27.0: 0.26              21578 vs 28981
/home/groups/tabel/mahlet/pyccl-env/lib/python3.12/site-packages/Corrfunc/utils.py:918: UserWarning: One or more input array has non-native endianness!  A copy will be made with the correct endianness.
  warnings.warn("One or more input array has non-native endianness!  A copy will"\
M_i<=-20.0
Iterations: 42251
Time: 77.66s
Summary
=======
nlive: 3000
niter: 42251
ncall: 159096
eff(%): 28.443
logz: 28.517 +/-  0.045

0.0<z<=1.0
log10(f_duty): -2.78 + 0.18/-0.22
log10(M_min): 11.99 + 0.18/-0.23

           chi^2: 30.44
   reduced chi^2: 3.80
         delta n: -6.08e+02
condition number: 14.67
             PTE: 0.00
Iterations: 44383
Time: 78.69s
Summary
=======
nlive: 3000
niter: 44383
ncall: 159673
eff(%): 29.675
logz: 37.325 +/-  0.048

1.0<z<=2.0
log10(f_duty): -2.82 + 0.11/-0.12
log10(M_min): 12.00 + 0.09/-0.10

           chi^2: 12.24
   reduced chi^2: 1.53
         delta n: -6.66e+02
condition number: 13.55
             PTE: 0.14
Iterations: 43866
Time: 79.94s
Summary
=======
nlive: 3000
niter: 43866
ncall: 162024
eff(%): 28.925
logz: 28.933 +/-  0.047

2.0<z<=3.0
log10(f_duty): -2.87 + 0.15/-0.18
log10(M_min): 12.07 + 0.11/-0.13

           chi^2: 15.15
   reduced chi^2: 1.89
         delta n: -7.39e+02
condition number: 11.13
             PTE: 0.06
Iterations: 40199
Time: 82.38s
Summary
=======
nlive: 3000
niter: 40199
ncall: 164796
eff(%): 26.214
logz:  7.830 +/-  0.042

3.0<z<=4.6
log10(f_duty): -3.36 + 0.73/-1.20
log10(M_min): 12.13 + 0.37/-0.76

           chi^2: 22.16
   reduced chi^2: 2.77
         delta n: -2.30e+03
condition number: 12.29
             PTE: 0.00
M_i<=-25.0
Iterations: 42555
Time: 80.69s
Summary
=======
nlive: 3000
niter: 42555
ncall: 162444
eff(%): 28.044
logz: 18.501 +/-  0.045

0.0<z<=1.0
log10(f_duty): -2.03 + 0.24/-0.33
log10(M_min): 13.25 + 0.17/-0.24

           chi^2: 10.60
   reduced chi^2: 1.33
         delta n: -1.08e+02
condition number: 14.88
             PTE: 0.23
Iterations: 44557
Time: 79.79s
Summary
=======
nlive: 3000
niter: 44557
ncall: 161856
eff(%): 29.382
logz: 32.429 +/-  0.048

1.0<z<=2.0
log10(f_duty): -2.54 + 0.12/-0.12
log10(M_min): 12.32 + 0.09/-0.10

           chi^2: 16.26
   reduced chi^2: 2.03
         delta n: -3.49e+02
condition number: 17.00
             PTE: 0.04
Iterations: 43953
Time: 79.78s
Summary
=======
nlive: 3000
niter: 43953
ncall: 162249
eff(%): 28.939
logz: 28.904 +/-  0.047

2.0<z<=3.0
log10(f_duty): -2.87 + 0.16/-0.18
log10(M_min): 12.06 + 0.11/-0.13

           chi^2: 15.16
   reduced chi^2: 1.89
         delta n: -7.41e+02
condition number: 11.13
             PTE: 0.06
Iterations: 40082
Time: 80.42s
Summary
=======
nlive: 3000
niter: 40082
ncall: 162344
eff(%): 26.537
logz:  7.870 +/-  0.042

3.0<z<=4.6
log10(f_duty): -3.37 + 0.73/-1.18
log10(M_min): 12.13 + 0.37/-0.75

           chi^2: 22.17
   reduced chi^2: 2.77
         delta n: -2.34e+03
condition number: 12.29
             PTE: 0.00
M_i<=-26.0
Iterations: 41606
Time: 81.85s
Summary
=======
nlive: 3000
niter: 41606
ncall: 163952
eff(%): 27.207
logz:  3.173 +/-  0.043

0.0<z<=1.0
log10(f_duty): -1.62 + 0.49/-0.93
log10(M_min): 13.86 + 0.23/-0.56

           chi^2: 11.88
   reduced chi^2: 1.48
         delta n: -4.30e+01
condition number: 11.20
             PTE: 0.16
Iterations: 43257
Time: 79.74s
Summary
=======
nlive: 3000
niter: 43257
ncall: 162047
eff(%): 28.545
logz: 25.154 +/-  0.047

1.0<z<=2.0
log10(f_duty): -2.37 + 0.20/-0.23
log10(M_min): 12.66 + 0.13/-0.16

           chi^2: 10.27
   reduced chi^2: 1.28
         delta n: -2.36e+02
condition number: 16.11
             PTE: 0.25
Iterations: 44600
Time: 79.98s
Summary
=======
nlive: 3000
niter: 44600
ncall: 162834
eff(%): 29.232
logz: 30.482 +/-  0.048

2.0<z<=3.0
log10(f_duty): -2.50 + 0.15/-0.16
log10(M_min): 12.35 + 0.09/-0.10

           chi^2: 8.42
   reduced chi^2: 1.05
         delta n: -3.14e+02
condition number: 9.10
             PTE: 0.39
Iterations: 40244
Time: 80.30s
Summary
=======
nlive: 3000
niter: 40244
ncall: 163355
eff(%): 26.472
logz:  7.815 +/-  0.042

3.0<z<=4.6
log10(f_duty): -3.36 + 0.73/-1.19
log10(M_min): 12.14 + 0.37/-0.75

           chi^2: 22.16
   reduced chi^2: 2.77
         delta n: -2.29e+03
condition number: 12.29
             PTE: 0.00
M_i<=-27.0
Iterations: 36467
Time: 80.29s
Summary
=======
nlive: 3000
niter: 36467
ncall: 160956
eff(%): 24.520
logz: -19.796 +/-  0.040

0.0<z<=1.0
log10(f_duty): -4.03 + 1.98/-1.39
log10(M_min): 12.79 + 1.25/-1.32

           chi^2: 22.84
   reduced chi^2: 2.86
         delta n: -1.07e+04
condition number: 15.91
             PTE: 0.00
Iterations: 39162
Time: 78.62s
Summary
=======
nlive: 3000
niter: 39162
ncall: 160374
eff(%): 26.290
logz:  8.699 +/-  0.041

1.0<z<=2.0
log10(f_duty): -3.09 + 0.89/-1.67
log10(M_min): 12.58 + 0.54/-1.40

           chi^2: 15.79
   reduced chi^2: 1.97
         delta n: -1.22e+03
condition number: 12.48
             PTE: 0.05
Iterations: 42574
Time: 80.63s
Summary
=======
nlive: 3000
niter: 42574
ncall: 161972
eff(%): 28.137
logz: 20.931 +/-  0.046

2.0<z<=3.0
log10(f_duty): -2.67 + 0.27/-0.34
log10(M_min): 12.46 + 0.15/-0.20

           chi^2: 6.56
   reduced chi^2: 0.82
         delta n: -4.72e+02
condition number: 13.20
             PTE: 0.59
Iterations: 38096
Time: 81.40s
Summary
=======
nlive: 3000
niter: 38096
ncall: 163328
eff(%): 25.162
logz:  9.328 +/-  0.041

3.0<z<=4.6
log10(f_duty): -4.39 + 1.21/-1.10
log10(M_min): 11.60 + 0.71/-0.82

           chi^2: 12.93
   reduced chi^2: 1.62
         delta n: -2.44e+04
condition number: 15.66
             PTE: 0.11
Exception ignored in: <function Cosmology.__del__ at 0x7fae9f9f5800>
Traceback (most recent call last):
  File "/home/groups/tabel/mahlet/pyccl-env/lib/python3.12/site-packages/pyccl/cosmology.py", line 464, in __del__
TypeError: 'NoneType' object is not callable
Exception ignored in: <function Pk2D.__del__ at 0x7fae9fb46200>
Traceback (most recent call last):
  File "/home/groups/tabel/mahlet/pyccl-env/lib/python3.12/site-packages/pyccl/pk2d.py", line 345, in __del__
TypeError: 'NoneType' object is not callable
Exception ignored in: <function Pk2D.__del__ at 0x7fae9fb46200>
Traceback (most recent call last):
  File "/home/groups/tabel/mahlet/pyccl-env/lib/python3.12/site-packages/pyccl/pk2d.py", line 345, in __del__
TypeError: 'NoneType' object is not callable
