Starting batch job

CommandNotFoundError: Your shell has not been properly configured to use 'conda activate'.
To initialize your shell, run

    $ conda init <SHELL_NAME>

Currently supported shells are:
  - bash
  - fish
  - tcsh
  - xonsh
  - zsh
  - powershell

See 'conda init --help' for more information and options.

IMPORTANT: You may need to close and restart your shell after running 'conda init'.


Running selection function with fn_catalog=../data/quaia_G20.0_Lmin-29.0Lmax-26.0.fits, fn_selfunc=../data/maps/selection_function_NSIDE64_G20.0_Lmin-29.0Lmax-26.0.fits, fn_parentcat=../data/quaia_G20.0.fits, map_names=None
Loading data
Making QSO map
Map templates: ['dust', 'stars', 'm10', 'mcs', 'unwise', 'unwisescan', 'mcsunwise']
Dustmap already exists, loading from ../data/maps/map_dust_NSIDE64.npy
Star map already exists, loading from ../data/maps/map_stars_NSIDE64.npy
M10 map already exists, loading from ../data/maps/map_m10_NSIDE64.npy
MCs map already exists, loading from ../data/maps/map_mcs_NSIDE64.npy
unWISE map already exists, loading from ../data/maps/map_unwise_NSIDE64.npy
unWISE scan map already exists, loading from ../data/maps/map_unwisescan_NSIDE64.npy
MCs map already exists, loading from ../data/maps/map_mcsunwise_NSIDE64.npy
Constructing X
(7, 49152)
(7, 49152)
Getting indices to fit
err min max: 0.0 5.0990195135927845
Training fitter
X_train: (41872, 7) y_train: (41872,)
y_train min: 1.0 y_train: 26.0
slurmstepd: error: *** JOB 5501839 ON sh04-12n14 CANCELLED AT 2025-09-13T17:47:30 DUE TO TIME LIMIT ***
