Starting batch job

CommandNotFoundError: Your shell has not been properly configured to use 'conda activate'.
To initialize your shell, run

    $ conda init <SHELL_NAME>

Currently supported shells are:
  - bash
  - fish
  - tcsh
  - xonsh
  - zsh
  - powershell

See 'conda init --help' for more information and options.

IMPORTANT: You may need to close and restart your shell after running 'conda init'.


Running selection function with fn_catalog=../data/quaia_G20.5_Lmin-29.0Lmax-28.0.fits, fn_selfunc=../data/maps/selection_function_NSIDE64_G20.5_Lmin-29.0Lmax-28.0.fits, fn_parentcat=../data/quaia_G20.5.fits, map_names=None
Loading data
Making QSO map
Map templates: ['dust', 'stars', 'm10', 'mcs', 'unwise', 'unwisescan', 'mcsunwise']
Dustmap already exists, loading from ../data/maps/map_dust_NSIDE64.npy
Star map already exists, loading from ../data/maps/map_stars_NSIDE64.npy
M10 map already exists, loading from ../data/maps/map_m10_NSIDE64.npy
MCs map already exists, loading from ../data/maps/map_mcs_NSIDE64.npy
unWISE map already exists, loading from ../data/maps/map_unwise_NSIDE64.npy
unWISE scan map already exists, loading from ../data/maps/map_unwisescan_NSIDE64.npy
MCs map already exists, loading from ../data/maps/map_mcsunwise_NSIDE64.npy
Constructing X
(7, 49152)
(7, 49152)
Getting indices to fit
err min max: 0.0 4.0
Training fitter
X_train: (20446, 7) y_train: (20446,)
y_train min: 1.0 y_train: 16.0
fit_mean = True
n params: 7
parameter names: ('mean:value', 'kernel:k1:log_constant', 'kernel:k2:metric:log_M_0_0', 'kernel:k2:metric:log_M_1_1', 'kernel:k2:metric:log_M_2_2', 'kernel:k2:metric:log_M_3_3', 'kernel:k2:metric:log_M_4_4', 'kernel:k2:metric:log_M_5_5', 'kernel:k2:metric:log_M_6_6')
paramters init: [ 0.         -3.82937072 -0.5         1.5        -1.          5.
  0.8         0.         10.        ]
y minmax 0.0 2.772588722239781
yerr: [1.         2.         1.         ... 1.         1.         1.41421356] [1.         0.5        1.         ... 1.         1.         0.70710678]
p compute: [ 0.         -3.82937072 -0.5         1.5        -1.          5.
  0.8         0.         10.        ]
lnlike compute: -19301.757873339604
Minimizing
  message: Optimization terminated successfully.
  success: True
   status: 0
      fun: 19264.778454618867
        x: [ 5.353e-01 -2.888e+00 -5.006e-01  7.533e+01  9.233e+01
             9.940e-01  2.140e+00  4.080e+00  2.782e+01]
      nit: 49
      jac: [-2.878e-06 -2.170e-06  3.488e-06 -1.055e-30 -2.155e-39
             4.556e-07  1.170e-06  2.501e-07 -4.140e-10]
 hess_inv: [[ 3.839e-02 -2.072e-02 ... -2.541e-02 -1.747e+02]
            [-2.072e-02  1.902e-01 ...  9.470e-02 -5.898e+02]
            ...
            [-2.541e-02  9.470e-02 ...  1.017e+00 -7.568e+02]
            [-1.747e+02 -5.898e+02 ... -7.568e+02  8.214e+08]]
     nfev: 52
     njev: 52
p post op: [ 0.53527796 -2.88775637 -0.50056587 75.33219376 92.32601152  0.99398397
  2.14012749  4.07986278 27.81601739]
lnlike final: -19264.778454618867
Predicting
setting the output map dtype to [dtype('float64')]
predict p: [ 0.53527796 -2.88775637 -0.50056587 75.33219376 92.32601152  0.99398397
  2.14012749  4.07986278 27.81601739]
Saving ypred map to ../data/maps/y_pred_selection_function_NSIDE64_G20.5_Lmin-29.0Lmax-28.0.fits
y_pred_full: [1.91224191 1.93512393 1.79120599 ... 1.59889325 1.6461383  1.64132041]
0
RMSE: 0.6837459510541704
Making selection function map
setting the output map dtype to [dtype('float64')]
Number of clean healpixels: 479 (Total: 49152)
Using parent catalog to determine zero-probability pixels
(If i_keep also passed, will be ignored!)
min: 0.0, max: 5.2829915557874445
map_prob: [0.95532097 0.96675241 0.89485364 ... 0.79877773 0.82238049 0.81997356]
Saved map to ../data/maps/selection_function_NSIDE64_G20.5_Lmin-29.0Lmax-28.0.fits!
Time: 38196.29749774933 s (636.6049582958221 min)
