Starting batch job

CommandNotFoundError: Your shell has not been properly configured to use 'conda activate'.
To initialize your shell, run

    $ conda init <SHELL_NAME>

Currently supported shells are:
  - bash
  - fish
  - tcsh
  - xonsh
  - zsh
  - powershell

See 'conda init --help' for more information and options.

IMPORTANT: You may need to close and restart your shell after running 'conda init'.


Running selection function with fn_catalog=../data/quaia_G20.5_Lmin-30.0Lmax-29.0.fits, fn_selfunc=../data/maps/selection_function_NSIDE64_G20.5_Lmin-30.0Lmax-29.0.fits, fn_parentcat=../data/quaia_G20.5.fits, map_names=None
Loading data
Making QSO map
Map templates: ['dust', 'stars', 'm10', 'mcs', 'unwise', 'unwisescan', 'mcsunwise']
Dustmap already exists, loading from ../data/maps/map_dust_NSIDE64.npy
Star map already exists, loading from ../data/maps/map_stars_NSIDE64.npy
M10 map already exists, loading from ../data/maps/map_m10_NSIDE64.npy
MCs map already exists, loading from ../data/maps/map_mcs_NSIDE64.npy
unWISE map already exists, loading from ../data/maps/map_unwise_NSIDE64.npy
unWISE scan map already exists, loading from ../data/maps/map_unwisescan_NSIDE64.npy
MCs map already exists, loading from ../data/maps/map_mcsunwise_NSIDE64.npy
Constructing X
(7, 49152)
(7, 49152)
Getting indices to fit
err min max: 0.0 2.8284271247461903
Training fitter
X_train: (3148, 7) y_train: (3148,)
y_train min: 1.0 y_train: 8.0
fit_mean = True
n params: 7
parameter names: ('mean:value', 'kernel:k1:log_constant', 'kernel:k2:metric:log_M_0_0', 'kernel:k2:metric:log_M_1_1', 'kernel:k2:metric:log_M_2_2', 'kernel:k2:metric:log_M_3_3', 'kernel:k2:metric:log_M_4_4', 'kernel:k2:metric:log_M_5_5', 'kernel:k2:metric:log_M_6_6')
paramters init: [ 0.         -5.48425397 -0.5         1.5        -1.          5.
  0.8         0.         10.        ]
y minmax 0.0 2.0794415416798357
yerr: [1.         1.         1.         ... 1.41421356 1.         1.        ] [1.         1.         1.         ... 0.70710678 1.         1.        ]
p compute: [ 0.         -5.48425397 -0.5         1.5        -1.          5.
  0.8         0.         10.        ]
lnlike compute: -2946.546480379603
Minimizing
  message: Optimization terminated successfully.
  success: True
   status: 0
      fun: 2921.9938583420244
        x: [ 4.708e-01 -3.008e+00  7.047e-01  1.816e+02  2.002e+02
             4.329e+00  2.065e+02  2.205e+02  2.300e+01]
      nit: 46
      jac: [ 2.309e-06  2.365e-06  2.146e-06 -3.467e-77 -6.193e-87
             3.803e-07 -1.105e-88 -1.328e-94 -3.335e-09]
 hess_inv: [[ 7.410e-02 -1.301e-02 ...  2.612e+03  1.611e+02]
            [-1.301e-02  3.100e-01 ...  3.347e+03  2.065e+02]
            ...
            [ 2.612e+03  3.347e+03 ...  2.711e+10  1.672e+09]
            [ 1.611e+02  2.065e+02 ...  1.672e+09  1.032e+08]]
     nfev: 48
     njev: 48
p post op: [  0.4708051   -3.00785733   0.70467064 181.62018411 200.16211118
   4.32882133 206.45835632 220.48758962  22.99584908]
lnlike final: -2921.9938583420244
Predicting
setting the output map dtype to [dtype('float64')]
predict p: [  0.4708051   -3.00785733   0.70467064 181.62018411 200.16211118
   4.32882133 206.45835632 220.48758962  22.99584908]
Saving ypred map to ../data/maps/y_pred_selection_function_NSIDE64_G20.5_Lmin-30.0Lmax-29.0.fits
y_pred_full: [1.10752016 1.09853101 1.07400842 ... 1.06409926 1.06391624 1.06650291]
0
RMSE: 0.25108399854573166
Making selection function map
setting the output map dtype to [dtype('float64')]
Number of clean healpixels: 479 (Total: 49152)
Using parent catalog to determine zero-probability pixels
(If i_keep also passed, will be ignored!)
min: 0.0, max: 7.984407058712576
map_prob: [1.8174786  1.80272709 1.76248468 ... 1.7462234  1.74592306 1.75016788]
Saved map to ../data/maps/selection_function_NSIDE64_G20.5_Lmin-30.0Lmax-29.0.fits!
Time: 619.2841687202454 s (10.32140281200409 min)
