Starting batch job

CommandNotFoundError: Your shell has not been properly configured to use 'conda activate'.
To initialize your shell, run

    $ conda init <SHELL_NAME>

Currently supported shells are:
  - bash
  - fish
  - tcsh
  - xonsh
  - zsh
  - powershell

See 'conda init --help' for more information and options.

IMPORTANT: You may need to close and restart your shell after running 'conda init'.


Running selection function with fn_catalog=../data/quaia_G20.0_Lmin-23.0Lmax-22.0.fits, fn_selfunc=../data/maps/selection_function_NSIDE64_G20.0_Lmin-23.0Lmax-22.0.fits, fn_parentcat=../data/quaia_G20.0.fits, map_names=None
Loading data
Making QSO map
Map templates: ['dust', 'stars', 'm10', 'mcs', 'unwise', 'unwisescan', 'mcsunwise']
Dustmap already exists, loading from ../data/maps/map_dust_NSIDE64.npy
Star map already exists, loading from ../data/maps/map_stars_NSIDE64.npy
M10 map already exists, loading from ../data/maps/map_m10_NSIDE64.npy
MCs map already exists, loading from ../data/maps/map_mcs_NSIDE64.npy
unWISE map already exists, loading from ../data/maps/map_unwise_NSIDE64.npy
unWISE scan map already exists, loading from ../data/maps/map_unwisescan_NSIDE64.npy
MCs map already exists, loading from ../data/maps/map_mcsunwise_NSIDE64.npy
Constructing X
(7, 49152)
(7, 49152)
Getting indices to fit
err min max: 0.0 2.6457513110645907
Training fitter
X_train: (16313, 7) y_train: (16313,)
y_train min: 1.0 y_train: 7.0
fit_mean = True
n params: 7
parameter names: ('mean:value', 'kernel:k1:log_constant', 'kernel:k2:metric:log_M_0_0', 'kernel:k2:metric:log_M_1_1', 'kernel:k2:metric:log_M_2_2', 'kernel:k2:metric:log_M_3_3', 'kernel:k2:metric:log_M_4_4', 'kernel:k2:metric:log_M_5_5', 'kernel:k2:metric:log_M_6_6')
paramters init: [ 0.         -3.91501923 -0.5         1.5        -1.          5.
  0.8         0.         10.        ]
y minmax 0.0 1.9459101490553132
yerr: [1.         1.         1.         ... 1.         1.         1.41421356] [1.         1.         1.         ... 1.         1.         0.70710678]
p compute: [ 0.         -3.91501923 -0.5         1.5        -1.          5.
  0.8         0.         10.        ]
lnlike compute: -15355.314950751821
Minimizing
  message: Optimization terminated successfully.
  success: True
   status: 0
      fun: 15329.120424343753
        x: [ 3.480e-01 -4.301e+00 -8.763e-01  7.360e+00  3.586e+00
             2.866e+01  3.252e+01  2.725e+01  2.667e+01]
      nit: 52
      jac: [-5.549e-06  8.564e-06 -1.791e-06  9.135e-07 -1.216e-06
            -5.298e-10 -4.217e-13 -1.393e-10 -4.374e-09]
 hess_inv: [[ 5.415e-02  1.247e-01 ...  3.337e+01  3.060e+01]
            [ 1.247e-01  1.331e+00 ... -2.779e+02 -2.620e+02]
            ...
            [ 3.337e+01 -2.779e+02 ...  7.895e+07  7.354e+07]
            [ 3.060e+01 -2.620e+02 ...  7.354e+07  6.850e+07]]
     nfev: 54
     njev: 54
p post op: [ 0.34796149 -4.30113697 -0.87633006  7.35957085  3.58558896 28.65619076
 32.5216231  27.25394572 26.67170837]
lnlike final: -15329.120424343753
Predicting
setting the output map dtype to [dtype('float64')]
predict p: [ 0.34796149 -4.30113697 -0.87633006  7.35957085  3.58558896 28.65619076
 32.5216231  27.25394572 26.67170837]
Saving ypred map to ../data/maps/y_pred_selection_function_NSIDE64_G20.0_Lmin-23.0Lmax-22.0.fits
y_pred_full: [1.03668299 1.04366987 1.13706457 ... 1.21208446 1.2140424  1.18926398]
0
RMSE: 0.6451467922009965
Making selection function map
setting the output map dtype to [dtype('float64')]
Number of clean healpixels: 479 (Total: 49152)
Using parent catalog to determine zero-probability pixels
(If i_keep also passed, will be ignored!)
min: 0.0, max: 0.6220883915255933
map_prob: [0.38928286 0.39190648 0.42697695 ... 0.45514752 0.45588275 0.44657825]
Saved map to ../data/maps/selection_function_NSIDE64_G20.0_Lmin-23.0Lmax-22.0.fits!
Time: 20698.643934965134 s (344.9773989160856 min)
