Starting batch job

CommandNotFoundError: Your shell has not been properly configured to use 'conda activate'.
To initialize your shell, run

    $ conda init <SHELL_NAME>

Currently supported shells are:
  - bash
  - fish
  - tcsh
  - xonsh
  - zsh
  - powershell

See 'conda init --help' for more information and options.

IMPORTANT: You may need to close and restart your shell after running 'conda init'.


L_bins: [-25.0, -20.0], setting n_Lbins=1
Lbins: [-25.0, -20.0]
n_Lbins: 1
Lmin: -24.999998529903515
Lmax: -20.05062846457238
Wrote table with 419443 objects to ../data/quaia_G20.5_Lmin-25.0Lmax-20.0.fits
Running selection function with fn_catalog=../data/quaia_G20.5_Lmin-25.0Lmax-20.0.fits, fn_selfunc=../data/maps/selection_function_NSIDE64_G20.5_Lmin-25.0Lmax-20.0.fits, fn_parentcat=../data/quaia_G20.5.fits, map_names=None
Loading data
Making QSO map
Map templates: ['dust', 'stars', 'm10', 'mcs', 'unwise', 'unwisescan', 'mcsunwise']
Dustmap already exists, loading from ../data/maps/map_dust_NSIDE64.npy
Star map already exists, loading from ../data/maps/map_stars_NSIDE64.npy
M10 map already exists, loading from ../data/maps/map_m10_NSIDE64.npy
MCs map already exists, loading from ../data/maps/map_mcs_NSIDE64.npy
unWISE map already exists, loading from ../data/maps/map_unwise_NSIDE64.npy
unWISE scan map already exists, loading from ../data/maps/map_unwisescan_NSIDE64.npy
MCs map already exists, loading from ../data/maps/map_mcsunwise_NSIDE64.npy
Constructing X
(7, 49152)
(7, 49152)
Getting indices to fit
err min max: 0.0 5.656854249492381
Training fitter
X_train: (40035, 7) y_train: (40035,)
y_train min: 1.0 y_train: 32.0
fit_mean = True
n params: 7
parameter names: ('mean:value', 'kernel:k1:log_constant', 'kernel:k2:metric:log_M_0_0', 'kernel:k2:metric:log_M_1_1', 'kernel:k2:metric:log_M_2_2', 'kernel:k2:metric:log_M_3_3', 'kernel:k2:metric:log_M_4_4', 'kernel:k2:metric:log_M_5_5', 'kernel:k2:metric:log_M_6_6')
paramters init: [ 0.        -2.6008222 -0.5        1.5       -1.         5.
  0.8        0.        10.       ]
y minmax 0.0 3.4657359027997265
yerr: [1.         1.         3.16227766 ... 3.         2.64575131 2.64575131] [1.         1.         0.31622777 ... 0.33333333 0.37796447 0.37796447]
p compute: [ 0.        -2.6008222 -0.5        1.5       -1.         5.
  0.8        0.        10.       ]
lnlike compute: -12945.595587389667
Minimizing
  message: Optimization terminated successfully.
  success: True
   status: 0
      fun: 12872.27537598521
        x: [ 1.664e+00 -1.842e+00 -1.092e-01  4.618e+00 -2.383e+00
             5.279e+00  1.762e+00  3.446e+00  1.042e+01]
      nit: 28
      jac: [ 1.942e-06  3.810e-06 -1.754e-06 -2.265e-06 -1.125e-06
            -6.627e-07 -1.040e-06 -2.474e-06 -3.147e-07]
 hess_inv: [[ 1.610e-01  1.223e-02 ... -7.859e-03 -1.629e-02]
            [ 1.223e-02  1.617e-01 ...  8.881e-02  1.420e-01]
            ...
            [-7.859e-03  8.881e-02 ...  3.876e-01  3.272e-02]
            [-1.629e-02  1.420e-01 ...  3.272e-02  7.688e+00]]
     nfev: 35
     njev: 35
p post op: [ 1.66404202 -1.84167902 -0.10918672  4.61822293 -2.38277067  5.2789356
  1.76223475  3.44622986 10.41550369]
lnlike final: -12872.27537598521
Predicting
setting the output map dtype to [dtype('float64')]
predict p: [ 1.66404202 -1.84167902 -0.10918672  4.61822293 -2.38277067  5.2789356
  1.76223475  3.44622986 10.41550369]
Saving ypred map to ../data/maps/y_pred_selection_function_NSIDE64_G20.5_Lmin-25.0Lmax-20.0.fits
y_pred_full: [2.58966084 3.14118683 5.47948304 ... 6.57229271 6.66205222 6.24405419]
0
RMSE: 3.3528008913104803
Making selection function map
setting the output map dtype to [dtype('float64')]
Number of clean healpixels: 479 (Total: 49152)
Using parent catalog to determine zero-probability pixels
(If i_keep also passed, will be ignored!)
min: 0.0, max: 0.7670076217372837
map_prob: [0.10952284 0.13284817 0.23174021 ... 0.27795769 0.28175383 0.26407571]
Saved map to ../data/maps/selection_function_NSIDE64_G20.5_Lmin-25.0Lmax-20.0.fits!
Time: 19954.06048822403 s (332.56767480373384 min)
allsky 
Loading data
Number of data sources: 419443
Estimating reduction factor
Sel func min and max: 0.0 0.7670076217372837
Subsampling by 0.500 for probability map
Generating random with 25 times N_data
Sel func min and max: 0.0 0.7670076217372837
Subsampling by 0.500 for probability map
Number of final random sources: 10485186
Wrote random to ../data/randoms/random_G20.5_Lmin-25.0Lmax-20.0_25x.fits!
