Starting batch job
Running selection function with fn_catalog=../data/quaia_G20.0_zmin2.0zmax3.0_Lmin-32.0Lmax-27.0.fits, fn_selfunc=../data/maps/selection_function_NSIDE64_G20.0_zmin2.0zmax3.0_Lmin-32.0Lmax-27.0.fits, fn_parentcat=../data/quaia_G20.0.fits, map_names=None
Loading data
Making QSO map
Map templates: ['dust', 'stars', 'm10', 'mcs', 'unwise', 'unwisescan', 'mcsunwise']
Dustmap already exists, loading from ../data/maps/map_dust_NSIDE64.npy
Star map already exists, loading from ../data/maps/map_stars_NSIDE64.npy
M10 map already exists, loading from ../data/maps/map_m10_NSIDE64.npy
MCs map already exists, loading from ../data/maps/map_mcs_NSIDE64.npy
unWISE map already exists, loading from ../data/maps/map_unwise_NSIDE64.npy
unWISE scan map already exists, loading from ../data/maps/map_unwisescan_NSIDE64.npy
MCs map already exists, loading from ../data/maps/map_mcsunwise_NSIDE64.npy
Constructing X
(7, 49152)
(7, 49152)
Getting indices to fit
err min max: 0.0 3.4641016151377544
Training fitter
X_train: (36181, 7) y_train: (36181,)
y_train min: 1.0 y_train: 12.0
fit_mean = True
n params: 7
parameter names: ('mean:value', 'kernel:k1:log_constant', 'kernel:k2:metric:log_M_0_0', 'kernel:k2:metric:log_M_1_1', 'kernel:k2:metric:log_M_2_2', 'kernel:k2:metric:log_M_3_3', 'kernel:k2:metric:log_M_4_4', 'kernel:k2:metric:log_M_5_5', 'kernel:k2:metric:log_M_6_6')
paramters init: [ 0.         -3.05027846 -0.5         1.5        -1.          5.
  0.8         0.         10.        ]
y minmax 0.0 2.4849066497880004
yerr: [1.41421356 2.23606798 1.41421356 ... 2.44948974 2.         1.73205081] [0.70710678 0.4472136  0.70710678 ... 0.40824829 0.5        0.57735027]
p compute: [ 0.         -3.05027846 -0.5         1.5        -1.          5.
  0.8         0.         10.        ]
lnlike compute: -30940.49475771608
Minimizing
  message: Optimization terminated successfully.
  success: True
   status: 0
      fun: 30895.617064830993
        x: [ 6.437e-01 -3.666e+00 -8.491e-01  7.270e+00  9.460e-01
             4.604e+00  1.032e+00  2.560e+00  2.724e+01]
      nit: 46
      jac: [-3.960e-07  2.186e-06  5.073e-07  5.964e-07  4.777e-08
             3.332e-07  1.371e-06  2.270e-07 -1.017e-09]
 hess_inv: [[ 2.870e-02 -2.592e-02 ... -2.922e-02 -2.478e+02]
            [-2.592e-02  1.792e-01 ...  1.103e-01  6.917e+02]
            ...
            [-2.922e-02  1.103e-01 ...  3.331e-01  2.736e+02]
            [-2.478e+02  6.917e+02 ...  2.736e+02  3.339e+08]]
     nfev: 49
     njev: 49
p post op: [ 0.64372477 -3.6660753  -0.84905835  7.26999226  0.946042    4.60410499
  1.03224343  2.55967016 27.239327  ]
lnlike final: -30895.617064830993
Predicting
setting the output map dtype to [dtype('float64')]
predict p: [ 0.64372477 -3.6660753  -0.84905835  7.26999226  0.946042    4.60410499
  1.03224343  2.55967016 27.239327  ]
Saving ypred map to ../data/maps/y_pred_selection_function_NSIDE64_G20.0_zmin2.0zmax3.0_Lmin-32.0Lmax-27.0.fits
y_pred_full: [2.06429996 2.36265845 3.09854314 ... 3.02872657 3.17381943 3.04768291]
0
RMSE: 1.4945458573797703
Making selection function map
setting the output map dtype to [dtype('float64')]
Number of clean healpixels: 479 (Total: 49152)
Using parent catalog to determine zero-probability pixels
(If i_keep also passed, will be ignored!)
min: 0.0, max: 0.7341526849703424
map_prob: [0.36187467 0.41417733 0.54317894 ... 0.53094    0.55637498 0.53426307]
Saved map to ../data/maps/selection_function_NSIDE64_G20.0_zmin2.0zmax3.0_Lmin-32.0Lmax-27.0.fits!
Time: 19340.202825546265 s (322.3367137591044 min)
allsky 
Loading data
Number of data sources: 95423
Estimating reduction factor
Sel func min and max: 0.0 0.7341526849703424
Subsampling by 0.603 for probability map
Generating random with 25 times N_data
Sel func min and max: 0.0 0.7341526849703424
Subsampling by 0.602 for probability map
Number of final random sources: 2384669
Wrote random to ../data/randoms/random_G20.0_zmin2.0zmax3.0_Lmin-32.0Lmax-27.0_25x.fits!
