Starting batch job
Running selection function with fn_catalog=../data/quaia_G20.5_zmin0.0zmax1.0_Lmin-26.0Lmax-25.0.fits, fn_selfunc=../data/maps/selection_function_NSIDE64_G20.5_zmin0.0zmax1.0_Lmin-26.0Lmax-25.0.fits, fn_parentcat=../data/quaia_G20.5.fits, map_names=None
Loading data
Making QSO map
Map templates: ['dust', 'stars', 'm10', 'mcs', 'unwise', 'unwisescan', 'mcsunwise']
Dustmap already exists, loading from ../data/maps/map_dust_NSIDE64.npy
Star map already exists, loading from ../data/maps/map_stars_NSIDE64.npy
M10 map already exists, loading from ../data/maps/map_m10_NSIDE64.npy
MCs map already exists, loading from ../data/maps/map_mcs_NSIDE64.npy
unWISE map already exists, loading from ../data/maps/map_unwise_NSIDE64.npy
unWISE scan map already exists, loading from ../data/maps/map_unwisescan_NSIDE64.npy
MCs map already exists, loading from ../data/maps/map_mcsunwise_NSIDE64.npy
Constructing X
(7, 49152)
(7, 49152)
Getting indices to fit
err min max: 0.0 2.8284271247461903
Training fitter
X_train: (26319, 7) y_train: (26319,)
y_train min: 1.0 y_train: 8.0
fit_mean = True
n params: 7
parameter names: ('mean:value', 'kernel:k1:log_constant', 'kernel:k2:metric:log_M_0_0', 'kernel:k2:metric:log_M_1_1', 'kernel:k2:metric:log_M_2_2', 'kernel:k2:metric:log_M_3_3', 'kernel:k2:metric:log_M_4_4', 'kernel:k2:metric:log_M_5_5', 'kernel:k2:metric:log_M_6_6')
paramters init: [ 0.         -3.54352327 -0.5         1.5        -1.          5.
  0.8         0.         10.        ]
y minmax 0.0 2.0794415416798357
yerr: [1.         1.41421356 1.73205081 ... 1.         1.73205081 1.41421356] [1.         0.70710678 0.57735027 ... 1.         0.57735027 0.70710678]
p compute: [ 0.         -3.54352327 -0.5         1.5        -1.          5.
  0.8         0.         10.        ]
lnlike compute: -24723.21572679234
Minimizing
  message: Optimization terminated successfully.
  success: True
   status: 0
      fun: 24685.74674041518
        x: [ 5.086e-01 -4.057e+00 -1.319e+00  3.097e+00  9.720e+01
             3.345e+00  1.204e+02  6.011e+00  9.856e+00]
      nit: 49
      jac: [-2.485e-06 -1.107e-07 -4.311e-07 -1.419e-07 -7.748e-42
             2.759e-07 -2.453e-51  1.395e-07  2.567e-09]
 hess_inv: [[ 2.404e-02 -1.809e-02 ...  5.944e-03  2.285e+00]
            [-1.809e-02  2.122e-01 ...  1.697e-01  2.997e-01]
            ...
            [ 5.944e-03  1.697e-01 ...  3.310e+00 -1.616e+01]
            [ 2.285e+00  2.997e-01 ... -1.616e+01  1.275e+04]]
     nfev: 51
     njev: 51
p post op: [  0.50862442  -4.05734851  -1.31897492   3.0974394   97.20131695
   3.34497998 120.37715229   6.01053888   9.85618492]
lnlike final: -24685.74674041518
Predicting
setting the output map dtype to [dtype('float64')]
predict p: [  0.50862442  -4.05734851  -1.31897492   3.0974394   97.20131695
   3.34497998 120.37715229   6.01053888   9.85618492]
Saving ypred map to ../data/maps/y_pred_selection_function_NSIDE64_G20.5_zmin0.0zmax1.0_Lmin-26.0Lmax-25.0.fits
y_pred_full: [2.38310447 2.4016576  2.11312094 ... 1.88164949 1.87886017 1.92520077]
0
RMSE: 0.8570006195508245
Making selection function map
setting the output map dtype to [dtype('float64')]
Number of clean healpixels: 479 (Total: 49152)
Using parent catalog to determine zero-probability pixels
(If i_keep also passed, will be ignored!)
min: 0.0, max: 1.4255298645458923
map_prob: [0.94328242 0.95062614 0.83641732 ... 0.74479609 0.74369202 0.76203459]
Saved map to ../data/maps/selection_function_NSIDE64_G20.5_zmin0.0zmax1.0_Lmin-26.0Lmax-25.0.fits!
Time: 8570.039768457413 s (142.83399614095688 min)
allsky 
Loading data
Number of data sources: 41931
Estimating reduction factor
Sel func min and max: 0.0 1.4255298645458923
Subsampling by 0.429 for probability map
Generating random with 25 times N_data
Sel func min and max: 0.0 1.4255298645458923
Subsampling by 0.429 for probability map
Number of final random sources: 1048091
Wrote random to ../data/randoms/random_G20.5_zmin0.0zmax1.0_Lmin-26.0Lmax-25.0_25x.fits!
