Starting batch job

CommandNotFoundError: Your shell has not been properly configured to use 'conda activate'.
To initialize your shell, run

    $ conda init <SHELL_NAME>

Currently supported shells are:
  - bash
  - fish
  - tcsh
  - xonsh
  - zsh
  - powershell

See 'conda init --help' for more information and options.

IMPORTANT: You may need to close and restart your shell after running 'conda init'.


Running selection function with fn_catalog=../data/quaia_G20.5_Lmin-22.0Lmax-21.0.fits, fn_selfunc=../data/maps/selection_function_NSIDE64_G20.5_Lmin-22.0Lmax-21.0.fits, fn_parentcat=../data/quaia_G20.5.fits, map_names=None
Loading data
Making QSO map
Map templates: ['dust', 'stars', 'm10', 'mcs', 'unwise', 'unwisescan', 'mcsunwise']
Dustmap already exists, loading from ../data/maps/map_dust_NSIDE64.npy
Star map already exists, loading from ../data/maps/map_stars_NSIDE64.npy
M10 map already exists, loading from ../data/maps/map_m10_NSIDE64.npy
MCs map already exists, loading from ../data/maps/map_mcs_NSIDE64.npy
unWISE map already exists, loading from ../data/maps/map_unwise_NSIDE64.npy
unWISE scan map already exists, loading from ../data/maps/map_unwisescan_NSIDE64.npy
MCs map already exists, loading from ../data/maps/map_mcsunwise_NSIDE64.npy
Constructing X
(7, 49152)
(7, 49152)
Getting indices to fit
err min max: 0.0 2.23606797749979
Training fitter
X_train: (9283, 7) y_train: (9283,)
y_train min: 1.0 y_train: 5.0
fit_mean = True
n params: 7
parameter names: ('mean:value', 'kernel:k1:log_constant', 'kernel:k2:metric:log_M_0_0', 'kernel:k2:metric:log_M_1_1', 'kernel:k2:metric:log_M_2_2', 'kernel:k2:metric:log_M_3_3', 'kernel:k2:metric:log_M_4_4', 'kernel:k2:metric:log_M_5_5', 'kernel:k2:metric:log_M_6_6')
paramters init: [ 0.         -4.41711856 -0.5         1.5        -1.          5.
  0.8         0.         10.        ]
y minmax 0.0 1.6094379124341003
yerr: [1. 1. 1. ... 1. 1. 1.] [1. 1. 1. ... 1. 1. 1.]
p compute: [ 0.         -4.41711856 -0.5         1.5        -1.          5.
  0.8         0.         10.        ]
lnlike compute: -8719.043987754341
Minimizing
  message: Optimization terminated successfully.
  success: True
   status: 0
      fun: 8705.168505662316
        x: [ 2.217e-01 -5.132e+00 -1.835e+00  9.134e+01  2.338e+00
             7.158e+01  7.289e+01  9.686e+01  2.206e+01]
      nit: 52
      jac: [ 1.902e-06  2.277e-07 -6.165e-07 -1.726e-38  6.852e-08
            -1.289e-29 -3.436e-31 -2.645e-41 -2.725e-08]
 hess_inv: [[ 3.409e-02  1.223e-01 ...  2.739e+02  3.887e+01]
            [ 1.223e-01  2.214e+00 ... -1.295e+03 -1.847e+02]
            ...
            [ 2.739e+02 -1.295e+03 ...  5.694e+08  8.078e+07]
            [ 3.887e+01 -1.847e+02 ...  8.078e+07  1.146e+07]]
     nfev: 57
     njev: 57
p post op: [ 0.22170568 -5.13198419 -1.83467121 91.3370273   2.3378021  71.58351165
 72.8944259  96.85938824 22.06127766]
lnlike final: -8705.168505662316
Predicting
setting the output map dtype to [dtype('float64')]
predict p: [ 0.22170568 -5.13198419 -1.83467121 91.3370273   2.3378021  71.58351165
 72.8944259  96.85938824 22.06127766]
Saving ypred map to ../data/maps/y_pred_selection_function_NSIDE64_G20.5_Lmin-22.0Lmax-21.0.fits
y_pred_full: [1.07959844 1.05124677 1.02061399 ... 1.05337297 1.05452874 1.0414098 ]
0
RMSE: 0.46786313589524253
Making selection function map
setting the output map dtype to [dtype('float64')]
Number of clean healpixels: 479 (Total: 49152)
Using parent catalog to determine zero-probability pixels
(If i_keep also passed, will be ignored!)
min: 0.0, max: 0.6848959944835956
map_prob: [0.53181051 0.51784447 0.50275476 ... 0.51889184 0.51946117 0.51299878]
Saved map to ../data/maps/selection_function_NSIDE64_G20.5_Lmin-22.0Lmax-21.0.fits!
Time: 5088.421821117401 s (84.80703035195668 min)
