
CommandNotFoundError: Your shell has not been properly configured to use 'conda activate'.
To initialize your shell, run

    $ conda init <SHELL_NAME>

Currently supported shells are:
  - bash
  - fish
  - tcsh
  - xonsh
  - zsh
  - powershell

See 'conda init --help' for more information and options.

IMPORTANT: You may need to close and restart your shell after running 'conda init'.


z_bins: [0.0, 1.0, 2.0, 3.0, 4.6], setting n_zbins=4
zbins: [0.0, 1.0, 2.0, 3.0, 4.6]
n_zbins: 4
Lbins: [-inf, -20.0]
n_Lbins: 1
M_i         M_i        
        mag        
-------------------
-25.413059654756513
 -22.84097870399217
 -26.14853730053063
-23.676593492559967
-24.979097671873035
-24.989130730271064
 -25.61552494874374
-22.119815536791897
-22.087388075478223
-22.136576995589838
                ...
 -25.31240395590867
-23.993157878877668
-25.238230512781676
-25.688124134929677
-25.456699999293797
-24.388577077653498
 -22.78056885967826
 -24.85794174344453
-23.198273295145473
-22.850513827046175
Length = 200785 rows
zmin: 0.08634503930807114
zmax: 0.9999972581863403
Lmin: -88.6319410112622
Lmax: -20.27572039386588
Wrote table with 200785 objects to ../data/quaia_G20.0_zmin0.0zmax1.0_Lmax-20.0.fits
Lbins: [-inf, -20.0]
n_Lbins: 1
M_i         M_i        
        mag        
-------------------
 -27.06332153300976
-26.611555145788763
-25.546436551964394
 -25.40393652260023
-26.033935197932085
 -26.02994941649978
-26.338824101167077
-24.749685724916734
 -27.26901863657775
-27.072717118570704
                ...
 -26.78333909302046
-26.380953992446624
-26.375405945871805
 -25.71031469675493
-25.782082666938738
-25.637634724093182
-26.295071954429524
-24.813415996040252
 -25.87696346192675
  -26.1789751366781
Length = 369335 rows
zmin: 1.0
zmax: 1.9999983310699463
Lmin: -41.78067541275857
Lmax: -24.363428587081312
Wrote table with 369335 objects to ../data/quaia_G20.0_zmin1.0zmax2.0_Lmax-20.0.fits
Lbins: [-inf, -20.0]
n_Lbins: 1
M_i         M_i        
        mag        
-------------------
-27.902355801915082
 -27.51274962040932
 -26.71599759791684
-27.250010228202573
-28.616113697093002
-27.058660541267617
 -27.25288836495381
 -27.49912270512965
 -26.80387878498754
-27.336015230443607
                ...
-26.985446498346075
-27.136139381733447
-26.859896683692757
 -27.89395115931793
 -26.42012362148466
-27.554783465258385
-26.796368026687894
-27.991859671086065
-27.831553018533988
-26.902826435969484
Length = 165277 rows
zmin: 2.0
zmax: 2.999978542327881
Lmin: -41.567533527164024
Lmax: -25.909222321770272
Wrote table with 165277 objects to ../data/quaia_G20.0_zmin2.0zmax3.0_Lmax-20.0.fits
Lbins: [-inf, -20.0]
n_Lbins: 1
M_i         M_i        
        mag        
-------------------
-27.738012645302117
-27.372740959952633
 -27.54608845087475
-27.577088265362512
-28.023495309535107
 -27.90214550215326
-27.535406260713213
-28.172846839035188
 -28.09264635747394
   -28.058256897703
                ...
 -27.75793771859928
-27.380915164617296
-27.813172251278736
-29.634351355108404
  -27.6268919755729
-27.921162576694133
-27.693585386852234
-27.819561659633816
-29.060199440544686
-27.478877857918988
Length = 20451 rows
zmin: 3.000002861022949
zmax: 4.589638869034753
Lmin: -31.15405705691678
Lmax: -26.9023767198715
Wrote table with 20451 objects to ../data/quaia_G20.0_zmin3.0zmax4.6_Lmax-20.0.fits
Submitted batch job 23201325
Submitted batch job 23201326
Submitted batch job 23201327
Submitted batch job 23201328
z_bins: [0.0, 1.0, 2.0, 3.0, 4.6], setting n_zbins=4
zbins: [0.0, 1.0, 2.0, 3.0, 4.6]
n_zbins: 4
Lbins: [-inf, -25.0]
n_Lbins: 1
M_i         M_i        
        mag        
-------------------
-25.413059654756513
 -22.84097870399217
 -26.14853730053063
-23.676593492559967
-24.979097671873035
-24.989130730271064
 -25.61552494874374
-22.119815536791897
-22.087388075478223
-22.136576995589838
                ...
 -25.31240395590867
-23.993157878877668
-25.238230512781676
-25.688124134929677
-25.456699999293797
-24.388577077653498
 -22.78056885967826
 -24.85794174344453
-23.198273295145473
-22.850513827046175
Length = 200785 rows
zmin: 0.1903323233127594
zmax: 0.9999824166297913
Lmin: -88.6319410112622
Lmax: -25.000002501178287
Wrote table with 51805 objects to ../data/quaia_G20.0_zmin0.0zmax1.0_Lmax-25.0.fits
Lbins: [-inf, -25.0]
n_Lbins: 1
M_i         M_i        
        mag        
-------------------
 -27.06332153300976
-26.611555145788763
-25.546436551964394
 -25.40393652260023
-26.033935197932085
 -26.02994941649978
-26.338824101167077
-24.749685724916734
 -27.26901863657775
-27.072717118570704
                ...
 -26.78333909302046
-26.380953992446624
-26.375405945871805
 -25.71031469675493
-25.782082666938738
-25.637634724093182
-26.295071954429524
-24.813415996040252
 -25.87696346192675
  -26.1789751366781
Length = 369335 rows
zmin: 1.0
zmax: 1.9999983310699463
Lmin: -41.78067541275857
Lmax: -25.00000483036432
Wrote table with 343295 objects to ../data/quaia_G20.0_zmin1.0zmax2.0_Lmax-25.0.fits
Lbins: [-inf, -25.0]
n_Lbins: 1
M_i         M_i        
        mag        
-------------------
-27.902355801915082
 -27.51274962040932
 -26.71599759791684
-27.250010228202573
-28.616113697093002
-27.058660541267617
 -27.25288836495381
 -27.49912270512965
 -26.80387878498754
-27.336015230443607
                ...
-26.985446498346075
-27.136139381733447
-26.859896683692757
 -27.89395115931793
 -26.42012362148466
-27.554783465258385
-26.796368026687894
-27.991859671086065
-27.831553018533988
-26.902826435969484
Length = 165277 rows
zmin: 2.0
zmax: 2.999978542327881
Lmin: -41.567533527164024
Lmax: -25.909222321770272
Wrote table with 165277 objects to ../data/quaia_G20.0_zmin2.0zmax3.0_Lmax-25.0.fits
Lbins: [-inf, -25.0]
n_Lbins: 1
M_i         M_i        
        mag        
-------------------
-27.738012645302117
-27.372740959952633
 -27.54608845087475
-27.577088265362512
-28.023495309535107
 -27.90214550215326
-27.535406260713213
-28.172846839035188
 -28.09264635747394
   -28.058256897703
                ...
 -27.75793771859928
-27.380915164617296
-27.813172251278736
-29.634351355108404
  -27.6268919755729
-27.921162576694133
-27.693585386852234
-27.819561659633816
-29.060199440544686
-27.478877857918988
Length = 20451 rows
zmin: 3.000002861022949
zmax: 4.589638869034753
Lmin: -31.15405705691678
Lmax: -26.9023767198715
Wrote table with 20451 objects to ../data/quaia_G20.0_zmin3.0zmax4.6_Lmax-25.0.fits
Submitted batch job 23201377
Submitted batch job 23201378
Submitted batch job 23201379
Submitted batch job 23201380
z_bins: [0.0, 1.0, 2.0, 3.0, 4.6], setting n_zbins=4
zbins: [0.0, 1.0, 2.0, 3.0, 4.6]
n_zbins: 4
Lbins: [-inf, -26.0]
n_Lbins: 1
M_i         M_i        
        mag        
-------------------
-25.413059654756513
 -22.84097870399217
 -26.14853730053063
-23.676593492559967
-24.979097671873035
-24.989130730271064
 -25.61552494874374
-22.119815536791897
-22.087388075478223
-22.136576995589838
                ...
 -25.31240395590867
-23.993157878877668
-25.238230512781676
-25.688124134929677
-25.456699999293797
-24.388577077653498
 -22.78056885967826
 -24.85794174344453
-23.198273295145473
-22.850513827046175
Length = 200785 rows
zmin: 0.1983145931170656
zmax: 0.9999824166297913
Lmin: -88.6319410112622
Lmax: -26.000012013082316
Wrote table with 11946 objects to ../data/quaia_G20.0_zmin0.0zmax1.0_Lmax-26.0.fits
Lbins: [-inf, -26.0]
n_Lbins: 1
M_i         M_i        
        mag        
-------------------
 -27.06332153300976
-26.611555145788763
-25.546436551964394
 -25.40393652260023
-26.033935197932085
 -26.02994941649978
-26.338824101167077
-24.749685724916734
 -27.26901863657775
-27.072717118570704
                ...
 -26.78333909302046
-26.380953992446624
-26.375405945871805
 -25.71031469675493
-25.782082666938738
-25.637634724093182
-26.295071954429524
-24.813415996040252
 -25.87696346192675
  -26.1789751366781
Length = 369335 rows
zmin: 1.0000265836715698
zmax: 1.9999983310699463
Lmin: -41.78067541275857
Lmax: -26.000001646273184
Wrote table with 170985 objects to ../data/quaia_G20.0_zmin1.0zmax2.0_Lmax-26.0.fits
Lbins: [-inf, -26.0]
n_Lbins: 1
M_i         M_i        
        mag        
-------------------
-27.902355801915082
 -27.51274962040932
 -26.71599759791684
-27.250010228202573
-28.616113697093002
-27.058660541267617
 -27.25288836495381
 -27.49912270512965
 -26.80387878498754
-27.336015230443607
                ...
-26.985446498346075
-27.136139381733447
-26.859896683692757
 -27.89395115931793
 -26.42012362148466
-27.554783465258385
-26.796368026687894
-27.991859671086065
-27.831553018533988
-26.902826435969484
Length = 165277 rows
zmin: 2.0
zmax: 2.999978542327881
Lmin: -41.567533527164024
Lmax: -26.000037938411673
Wrote table with 165108 objects to ../data/quaia_G20.0_zmin2.0zmax3.0_Lmax-26.0.fits
Lbins: [-inf, -26.0]
n_Lbins: 1
M_i         M_i        
        mag        
-------------------
-27.738012645302117
-27.372740959952633
 -27.54608845087475
-27.577088265362512
-28.023495309535107
 -27.90214550215326
-27.535406260713213
-28.172846839035188
 -28.09264635747394
   -28.058256897703
                ...
 -27.75793771859928
-27.380915164617296
-27.813172251278736
-29.634351355108404
  -27.6268919755729
-27.921162576694133
-27.693585386852234
-27.819561659633816
-29.060199440544686
-27.478877857918988
Length = 20451 rows
zmin: 3.000002861022949
zmax: 4.589638869034753
Lmin: -31.15405705691678
Lmax: -26.9023767198715
Wrote table with 20451 objects to ../data/quaia_G20.0_zmin3.0zmax4.6_Lmax-26.0.fits
Submitted batch job 23201387
Submitted batch job 23201388
Submitted batch job 23201389
Submitted batch job 23201390
z_bins: [0.0, 1.0, 2.0, 3.0, 4.6], setting n_zbins=4
zbins: [0.0, 1.0, 2.0, 3.0, 4.6]
n_zbins: 4
Lbins: [-inf, -27.0]
n_Lbins: 1
M_i         M_i        
        mag        
-------------------
-25.413059654756513
 -22.84097870399217
 -26.14853730053063
-23.676593492559967
-24.979097671873035
-24.989130730271064
 -25.61552494874374
-22.119815536791897
-22.087388075478223
-22.136576995589838
                ...
 -25.31240395590867
-23.993157878877668
-25.238230512781676
-25.688124134929677
-25.456699999293797
-24.388577077653498
 -22.78056885967826
 -24.85794174344453
-23.198273295145473
-22.850513827046175
Length = 200785 rows
zmin: 0.1983145931170656
zmax: 0.9998786430025466
Lmin: -88.6319410112622
Lmax: -27.000065044493496
Wrote table with 1807 objects to ../data/quaia_G20.0_zmin0.0zmax1.0_Lmax-27.0.fits
Lbins: [-inf, -27.0]
n_Lbins: 1
M_i         M_i        
        mag        
-------------------
 -27.06332153300976
-26.611555145788763
-25.546436551964394
 -25.40393652260023
-26.033935197932085
 -26.02994941649978
-26.338824101167077
-24.749685724916734
 -27.26901863657775
-27.072717118570704
                ...
 -26.78333909302046
-26.380953992446624
-26.375405945871805
 -25.71031469675493
-25.782082666938738
-25.637634724093182
-26.295071954429524
-24.813415996040252
 -25.87696346192675
  -26.1789751366781
Length = 369335 rows
zmin: 1.0000604391098022
zmax: 1.999976634979248
Lmin: -41.78067541275857
Lmax: -27.000098660105024
Wrote table with 36950 objects to ../data/quaia_G20.0_zmin1.0zmax2.0_Lmax-27.0.fits
Lbins: [-inf, -27.0]
n_Lbins: 1
M_i         M_i        
        mag        
-------------------
-27.902355801915082
 -27.51274962040932
 -26.71599759791684
-27.250010228202573
-28.616113697093002
-27.058660541267617
 -27.25288836495381
 -27.49912270512965
 -26.80387878498754
-27.336015230443607
                ...
-26.985446498346075
-27.136139381733447
-26.859896683692757
 -27.89395115931793
 -26.42012362148466
-27.554783465258385
-26.796368026687894
-27.991859671086065
-27.831553018533988
-26.902826435969484
Length = 165277 rows
zmin: 2.0
zmax: 2.999978542327881
Lmin: -41.567533527164024
Lmax: -27.00000191141978
Wrote table with 96220 objects to ../data/quaia_G20.0_zmin2.0zmax3.0_Lmax-27.0.fits
Lbins: [-inf, -27.0]
n_Lbins: 1
M_i         M_i        
        mag        
-------------------
-27.738012645302117
-27.372740959952633
 -27.54608845087475
-27.577088265362512
-28.023495309535107
 -27.90214550215326
-27.535406260713213
-28.172846839035188
 -28.09264635747394
   -28.058256897703
                ...
 -27.75793771859928
-27.380915164617296
-27.813172251278736
-29.634351355108404
  -27.6268919755729
-27.921162576694133
-27.693585386852234
-27.819561659633816
-29.060199440544686
-27.478877857918988
Length = 20451 rows
zmin: 3.000002861022949
zmax: 4.589638869034753
Lmin: -31.15405705691678
Lmax: -27.001710135767198
Wrote table with 20379 objects to ../data/quaia_G20.0_zmin3.0zmax4.6_Lmax-27.0.fits
Submitted batch job 23201402
Submitted batch job 23201406
Submitted batch job 23201407
Submitted batch job 23201408
/var/spool/slurmd/job23201193/slurm_script: line 47: syntax error near unexpected token `done'
/var/spool/slurmd/job23201193/slurm_script: line 47: `done'
