
CommandNotFoundError: Your shell has not been properly configured to use 'conda activate'.
To initialize your shell, run

    $ conda init <SHELL_NAME>

Currently supported shells are:
  - bash
  - fish
  - tcsh
  - xonsh
  - zsh
  - powershell

See 'conda init --help' for more information and options.

IMPORTANT: You may need to close and restart your shell after running 'conda init'.


Running selection function with fn_catalog=../data/quaia_G20.0_zmin0.8zmax2.1.fits, fn_selfunc=../data/maps/selection_function_NSIDE64_G20.0_zmin0.8zmax2.1.fits, fn_parentcat=../data/quaia_G20.0.fits, map_names=['dust', 'stars', 'm10', 'mcs', 'unwise', 'unwisescan', 'mcsunwise', 'zodi1.25', 'zodi3.4', 'zodi4.6']
Loading data
Making QSO map
Map templates: ['dust', 'stars', 'm10', 'mcs', 'unwise', 'unwisescan', 'mcsunwise', 'zodi1.25', 'zodi3.4', 'zodi4.6']
Dustmap already exists, loading from ../data/maps/map_dust_NSIDE64.npy
Star map already exists, loading from ../data/maps/map_stars_NSIDE64.npy
M10 map already exists, loading from ../data/maps/map_m10_NSIDE64.npy
MCs map already exists, loading from ../data/maps/map_mcs_NSIDE64.npy
unWISE map already exists, loading from ../data/maps/map_unwise_NSIDE64.npy
unWISE scan map already exists, loading from ../data/maps/map_unwisescan_NSIDE64.npy
MCs map already exists, loading from ../data/maps/map_mcsunwise_NSIDE64.npy
Zodi map already exists, loading from ../data/maps/map_zodi1.25_NSIDE64.npy
Zodi map already exists, loading from ../data/maps/map_zodi3.4_NSIDE64.npy
Zodi map already exists, loading from ../data/maps/map_zodi4.6_NSIDE64.npy
Constructing X
(10, 49152)
(10, 49152)
Getting indices to fit
err min max: 0.0 5.656854249492381
Training fitter
X_train: (41647, 10) y_train: (41647,)
y_train min: 1.0 y_train: 32.0
fit_mean = True
n params: 10
parameter names: ('mean:value', 'kernel:k1:log_constant', 'kernel:k2:metric:log_M_0_0', 'kernel:k2:metric:log_M_1_1', 'kernel:k2:metric:log_M_2_2', 'kernel:k2:metric:log_M_3_3', 'kernel:k2:metric:log_M_4_4', 'kernel:k2:metric:log_M_5_5', 'kernel:k2:metric:log_M_6_6', 'kernel:k2:metric:log_M_7_7', 'kernel:k2:metric:log_M_8_8', 'kernel:k2:metric:log_M_9_9')
paramters init: [ 0.         -3.14802259 -0.5         1.5        -1.          5.
  0.8         0.         10.          1.          1.          1.        ]
y minmax 0.0 3.4657359027997265
yerr: [2.82842712 2.44948974 3.31662479 ... 2.44948974 3.46410162 3.        ] [0.35355339 0.40824829 0.30151134 ... 0.40824829 0.28867513 0.33333333]
p compute: [ 0.         -3.14802259 -0.5         1.5        -1.          5.
  0.8         0.         10.          1.          1.          1.        ]
lnlike compute: -11738.417654651821
Minimizing
  message: Optimization terminated successfully.
  success: True
   status: 0
      fun: 11681.59842380762
        x: [ 1.584e+00 -2.813e+00 -5.488e-01  1.815e+00  2.754e-01
             6.068e+00  6.903e-01 -2.496e-02  1.061e+01  6.192e-01
             1.759e+01 -1.944e-01]
      nit: 50
      jac: [ 1.236e-06  6.482e-06 -1.702e-06 -1.377e-06 -2.559e-07
             4.097e-07 -4.356e-07 -1.849e-06 -5.183e-10 -3.667e-07
            -3.747e-10  4.209e-09]
 hess_inv: [[ 3.998e-02 -1.033e-02 ... -9.294e+00 -2.433e-02]
            [-1.033e-02  4.644e-02 ...  9.327e+02  1.392e-02]
            ...
            [-9.294e+00  9.327e+02 ...  8.948e+08  1.286e+03]
            [-2.433e-02  1.392e-02 ...  1.286e+03  1.009e+00]]
     nfev: 56
     njev: 56
p post op: [ 1.58428981 -2.81304059 -0.54880528  1.81527635  0.27541862  6.0680174
  0.69028744 -0.02495897 10.60760669  0.61920668 17.58538688 -0.194443  ]
lnlike final: -11681.59842380762
Predicting
setting the output map dtype to [dtype('float64')]
predict p: [ 1.58428981 -2.81304059 -0.54880528  1.81527635  0.27541862  6.0680174
  0.69028744 -0.02495897 10.60760669  0.61920668 17.58538688 -0.194443  ]
Saving ypred map to ../data/maps/y_pred_selection_function_NSIDE64_G20.0_zmin0.8zmax2.1.fits
y_pred_full: [5.48963581 6.36391361 8.57032949 ... 9.21971147 9.05837718 8.94746383]
0
RMSE: 3.4496379373287582
Making selection function map
setting the output map dtype to [dtype('float64')]
Number of clean healpixels: 479 (Total: 49152)
Using parent catalog to determine zero-probability pixels
(If i_keep also passed, will be ignored!)
min: 0.0, max: 0.7341936278700312
map_prob: [0.24376072 0.28258198 0.38055524 ... 0.40939028 0.40222642 0.39730144]
Saved map to ../data/maps/selection_function_NSIDE64_G20.0_zmin0.8zmax2.1.fits!
Time: 32932.656215429306 s (548.8776035904884 min)
