
CommandNotFoundError: Your shell has not been properly configured to use 'conda activate'.
To initialize your shell, run

    $ conda init <SHELL_NAME>

Currently supported shells are:
  - bash
  - fish
  - tcsh
  - xonsh
  - zsh
  - powershell

See 'conda init --help' for more information and options.

IMPORTANT: You may need to close and restart your shell after running 'conda init'.


Running selection function with fn_catalog=../data/quaia_G20.5_zmin0.0zmax1.0_Lbolmin45.0.fits, fn_selfunc=../data/maps/selection_function_NSIDE64_G20.5_zmin0.0zmax1.0_Lbolmin45.0.fits, fn_parentcat=../data/quaia_G20.5.fits, map_names=None
Loading data
Making QSO map
Map templates: ['dust', 'stars', 'm10', 'mcs', 'unwise', 'unwisescan', 'mcsunwise']
Dustmap already exists, loading from ../data/maps/map_dust_NSIDE64.npy
Star map already exists, loading from ../data/maps/map_stars_NSIDE64.npy
M10 map already exists, loading from ../data/maps/map_m10_NSIDE64.npy
MCs map already exists, loading from ../data/maps/map_mcs_NSIDE64.npy
unWISE map already exists, loading from ../data/maps/map_unwise_NSIDE64.npy
unWISE scan map already exists, loading from ../data/maps/map_unwisescan_NSIDE64.npy
MCs map already exists, loading from ../data/maps/map_mcsunwise_NSIDE64.npy
Constructing X
(7, 49152)
(7, 49152)
Getting indices to fit
err min max: 0.0 4.898979485566356
Training fitter
X_train: (42015, 7) y_train: (42015,)
y_train min: 1.0 y_train: 24.0
fit_mean = True
n params: 7
parameter names: ('mean:value', 'kernel:k1:log_constant', 'kernel:k2:metric:log_M_0_0', 'kernel:k2:metric:log_M_1_1', 'kernel:k2:metric:log_M_2_2', 'kernel:k2:metric:log_M_3_3', 'kernel:k2:metric:log_M_4_4', 'kernel:k2:metric:log_M_5_5', 'kernel:k2:metric:log_M_6_6')
paramters init: [ 0.         -2.89786658 -0.5         1.5        -1.          5.
  0.8         0.         10.        ]
y minmax 0.0 3.1780538303479453
yerr: [1.73205081 1.41421356 3.31662479 ... 3.         3.         2.44948974] [0.57735027 0.70710678 0.30151134 ... 0.33333333 0.33333333 0.40824829]
p compute: [ 0.         -2.89786658 -0.5         1.5        -1.          5.
  0.8         0.         10.        ]
lnlike compute: -20018.959854412384
Minimizing
  message: Optimization terminated successfully.
  success: True
   status: 0
      fun: 19965.521568376156
        x: [ 1.355e+00 -2.616e+00  1.865e-01  2.221e+00 -2.284e+00
             4.996e+00  1.248e+00  3.037e+00  2.704e+01]
      nit: 39
      jac: [ 2.000e-06  1.795e-06 -1.150e-06 -1.000e-07  6.856e-08
             1.259e-07  6.833e-09 -5.760e-08 -6.237e-09]
 hess_inv: [[ 3.453e-02 -2.943e-03 ...  2.708e-03 -5.746e+01]
            [-2.943e-03  1.109e-01 ...  1.008e-01 -6.146e+01]
            ...
            [ 2.708e-03  1.008e-01 ...  5.416e-01  4.311e+01]
            [-5.746e+01 -6.146e+01 ...  4.311e+01  5.448e+07]]
     nfev: 44
     njev: 44
p post op: [ 1.3548917  -2.61632525  0.186482    2.22061949 -2.28365153  4.99615754
  1.24776133  3.03656539 27.0358525 ]
lnlike final: -19965.521568376156
Predicting
setting the output map dtype to [dtype('float64')]
predict p: [ 1.3548917  -2.61632525  0.186482    2.22061949 -2.28365153  4.99615754
  1.24776133  3.03656539 27.0358525 ]
Saving ypred map to ../data/maps/y_pred_selection_function_NSIDE64_G20.5_zmin0.0zmax1.0_Lbolmin45.0.fits
y_pred_full: [4.57214063 5.14742759 6.72109269 ... 6.71605477 6.72573141 6.60914998]
0
RMSE: 2.826692437263815
Making selection function map
setting the output map dtype to [dtype('float64')]
Number of clean healpixels: 479 (Total: 49152)
Using parent catalog to determine zero-probability pixels
(If i_keep also passed, will be ignored!)
min: 0.0, max: 0.7735216330282942
map_prob: [0.29165349 0.32835062 0.42873356 ... 0.4284122  0.42902946 0.42159282]
Saved map to ../data/maps/selection_function_NSIDE64_G20.5_zmin0.0zmax1.0_Lbolmin45.0.fits!
Time: 24127.33627462387 s (402.1222712437312 min)
allsky 
../data/randoms/random_G20.5_zmin0.0zmax1.0_Lbolmin45.0_25x.fits
Loading data
Number of data sources: 308126
Estimating reduction factor
Sel func min and max: 0.0 0.7735216330282942
Subsampling by 0.559 for probability map
Generating random with 25 times N_data
Sel func min and max: 0.0 0.7735216330282942
Subsampling by 0.559 for probability map
Number of final random sources: 7703765
Wrote random to ../data/randoms/random_G20.5_zmin0.0zmax1.0_Lbolmin45.0_25x.fits!
