Starting batch job

CommandNotFoundError: Your shell has not been properly configured to use 'conda activate'.
To initialize your shell, run

    $ conda init <SHELL_NAME>

Currently supported shells are:
  - bash
  - fish
  - tcsh
  - xonsh
  - zsh
  - powershell

See 'conda init --help' for more information and options.

IMPORTANT: You may need to close and restart your shell after running 'conda init'.


[Warning] The CPU supports AVX512F but the compiler does not.  Can you try another compiler?
/home/groups/tabel/mahlet/quaia-env/lib/python3.10/site-packages/Corrfunc/utils.py:918: UserWarning: One or more input array has non-native endianness!  A copy will be made with the correct endianness.
  warnings.warn("One or more input array has non-native endianness!  A copy will"\
_G20.5_zsplit2bin0
[  0.  50. 100.]
bins: [0.07391051 1.4698153  4.63437262]
n_bins: 2
min: 0.08391051100292839
max: 1.469814412362774
DD: 2.980831
DR: 180.272249
RR: 2365.27341
