Starting batch job

CommandNotFoundError: Your shell has not been properly configured to use 'conda activate'.
To initialize your shell, run

    $ conda init <SHELL_NAME>

Currently supported shells are:
  - bash
  - fish
  - tcsh
  - xonsh
  - zsh
  - powershell

See 'conda init --help' for more information and options.

IMPORTANT: You may need to close and restart your shell after running 'conda init'.


[Warning] The CPU supports AVX512F but the compiler does not.  Can you try another compiler?
/home/groups/tabel/mahlet/quaia-env/lib/python3.10/site-packages/Corrfunc/utils.py:918: UserWarning: One or more input array has non-native endianness!  A copy will be made with the correct endianness.
  warnings.warn("One or more input array has non-native endianness!  A copy will"\
_G20.0_zsplit2bin0
[  0.  50. 100.]
bins: [0.07395971 1.44742778 4.54482635]
n_bins: 2
min: 0.08395970615785488
max: 1.4474276324419808
DD: 0.931676
DR: 57.721291
RR: 796.19733
